[2026-02-24T17:59:21.381+0000] {processor.py:186} INFO - Started process (PID=43660) to work on /home/ubuntu/airflow-venv/lib/python3.12/site-packages/airflow/example_dags/example_python_decorator.py
[2026-02-24T17:59:21.381+0000] {processor.py:914} INFO - Processing file /home/ubuntu/airflow-venv/lib/python3.12/site-packages/airflow/example_dags/example_python_decorator.py for tasks to queue
[2026-02-24T17:59:21.383+0000] {logging_mixin.py:190} INFO - [2026-02-24T17:59:21.382+0000] {dagbag.py:588} INFO - Filling up the DagBag from /home/ubuntu/airflow-venv/lib/python3.12/site-packages/airflow/example_dags/example_python_decorator.py
[2026-02-24T17:59:21.389+0000] {logging_mixin.py:190} INFO - [2026-02-24T17:59:21.389+0000] {example_python_decorator.py:80} WARNING - The virtalenv_python example task requires virtualenv, please install it.
[2026-02-24T17:59:21.390+0000] {processor.py:925} INFO - DAG(s) 'example_python_decorator' retrieved from /home/ubuntu/airflow-venv/lib/python3.12/site-packages/airflow/example_dags/example_python_decorator.py
[2026-02-24T17:59:21.466+0000] {logging_mixin.py:190} INFO - [2026-02-24T17:59:21.465+0000] {override.py:1900} INFO - Created Permission View: can edit on DAG:example_python_decorator
[2026-02-24T17:59:21.477+0000] {logging_mixin.py:190} INFO - [2026-02-24T17:59:21.476+0000] {override.py:1900} INFO - Created Permission View: can delete on DAG:example_python_decorator
[2026-02-24T17:59:21.485+0000] {logging_mixin.py:190} INFO - [2026-02-24T17:59:21.485+0000] {override.py:1900} INFO - Created Permission View: can read on DAG:example_python_decorator
[2026-02-24T17:59:21.499+0000] {logging_mixin.py:190} INFO - [2026-02-24T17:59:21.499+0000] {override.py:1900} INFO - Created Permission View: can delete on DAG Run:example_python_decorator
[2026-02-24T17:59:21.508+0000] {logging_mixin.py:190} INFO - [2026-02-24T17:59:21.508+0000] {override.py:1900} INFO - Created Permission View: menu access on DAG Run:example_python_decorator
[2026-02-24T17:59:21.516+0000] {logging_mixin.py:190} INFO - [2026-02-24T17:59:21.516+0000] {override.py:1900} INFO - Created Permission View: can create on DAG Run:example_python_decorator
[2026-02-24T17:59:21.525+0000] {logging_mixin.py:190} INFO - [2026-02-24T17:59:21.525+0000] {override.py:1900} INFO - Created Permission View: can read on DAG Run:example_python_decorator
[2026-02-24T17:59:21.525+0000] {logging_mixin.py:190} INFO - [2026-02-24T17:59:21.525+0000] {dag.py:3239} INFO - Sync 1 DAGs
[2026-02-24T17:59:21.534+0000] {logging_mixin.py:190} INFO - [2026-02-24T17:59:21.534+0000] {dag.py:3262} INFO - Creating ORM DAG for example_python_decorator
[2026-02-24T17:59:21.534+0000] {logging_mixin.py:190} INFO - [2026-02-24T17:59:21.534+0000] {dag.py:4180} INFO - Setting next_dagrun for example_python_decorator to None, run_after=None
[2026-02-24T17:59:21.552+0000] {processor.py:208} INFO - Processing /home/ubuntu/airflow-venv/lib/python3.12/site-packages/airflow/example_dags/example_python_decorator.py took 0.175 seconds
[2026-02-24T18:00:21.246+0000] {processor.py:186} INFO - Started process (PID=43719) to work on /home/ubuntu/airflow-venv/lib/python3.12/site-packages/airflow/example_dags/example_python_decorator.py
[2026-02-24T18:00:21.247+0000] {processor.py:914} INFO - Processing file /home/ubuntu/airflow-venv/lib/python3.12/site-packages/airflow/example_dags/example_python_decorator.py for tasks to queue
[2026-02-24T18:00:21.248+0000] {logging_mixin.py:190} INFO - [2026-02-24T18:00:21.248+0000] {dagbag.py:588} INFO - Filling up the DagBag from /home/ubuntu/airflow-venv/lib/python3.12/site-packages/airflow/example_dags/example_python_decorator.py
[2026-02-24T18:00:21.254+0000] {logging_mixin.py:190} INFO - [2026-02-24T18:00:21.254+0000] {example_python_decorator.py:80} WARNING - The virtalenv_python example task requires virtualenv, please install it.
[2026-02-24T18:00:21.256+0000] {processor.py:925} INFO - DAG(s) 'example_python_decorator' retrieved from /home/ubuntu/airflow-venv/lib/python3.12/site-packages/airflow/example_dags/example_python_decorator.py
[2026-02-24T18:00:21.268+0000] {logging_mixin.py:190} INFO - [2026-02-24T18:00:21.268+0000] {dag.py:3239} INFO - Sync 1 DAGs
[2026-02-24T18:00:21.276+0000] {logging_mixin.py:190} INFO - [2026-02-24T18:00:21.276+0000] {dag.py:4180} INFO - Setting next_dagrun for example_python_decorator to None, run_after=None
[2026-02-24T18:00:21.294+0000] {processor.py:208} INFO - Processing /home/ubuntu/airflow-venv/lib/python3.12/site-packages/airflow/example_dags/example_python_decorator.py took 0.052 seconds
[2026-02-24T18:01:14.479+0000] {processor.py:186} INFO - Started process (PID=43781) to work on /home/ubuntu/airflow-venv/lib/python3.12/site-packages/airflow/example_dags/example_python_decorator.py
[2026-02-24T18:01:14.480+0000] {processor.py:914} INFO - Processing file /home/ubuntu/airflow-venv/lib/python3.12/site-packages/airflow/example_dags/example_python_decorator.py for tasks to queue
[2026-02-24T18:01:14.481+0000] {logging_mixin.py:190} INFO - [2026-02-24T18:01:14.481+0000] {dagbag.py:588} INFO - Filling up the DagBag from /home/ubuntu/airflow-venv/lib/python3.12/site-packages/airflow/example_dags/example_python_decorator.py
[2026-02-24T18:01:14.487+0000] {logging_mixin.py:190} INFO - [2026-02-24T18:01:14.487+0000] {example_python_decorator.py:80} WARNING - The virtalenv_python example task requires virtualenv, please install it.
[2026-02-24T18:01:14.489+0000] {processor.py:925} INFO - DAG(s) 'example_python_decorator' retrieved from /home/ubuntu/airflow-venv/lib/python3.12/site-packages/airflow/example_dags/example_python_decorator.py
[2026-02-24T18:01:14.501+0000] {logging_mixin.py:190} INFO - [2026-02-24T18:01:14.501+0000] {dag.py:3239} INFO - Sync 1 DAGs
[2026-02-24T18:01:14.510+0000] {logging_mixin.py:190} INFO - [2026-02-24T18:01:14.510+0000] {dag.py:4180} INFO - Setting next_dagrun for example_python_decorator to None, run_after=None
[2026-02-24T18:01:14.528+0000] {processor.py:208} INFO - Processing /home/ubuntu/airflow-venv/lib/python3.12/site-packages/airflow/example_dags/example_python_decorator.py took 0.054 seconds
[2026-02-24T18:02:11.180+0000] {processor.py:186} INFO - Started process (PID=43839) to work on /home/ubuntu/airflow-venv/lib/python3.12/site-packages/airflow/example_dags/example_python_decorator.py
[2026-02-24T18:02:11.181+0000] {processor.py:914} INFO - Processing file /home/ubuntu/airflow-venv/lib/python3.12/site-packages/airflow/example_dags/example_python_decorator.py for tasks to queue
[2026-02-24T18:02:11.183+0000] {logging_mixin.py:190} INFO - [2026-02-24T18:02:11.183+0000] {dagbag.py:588} INFO - Filling up the DagBag from /home/ubuntu/airflow-venv/lib/python3.12/site-packages/airflow/example_dags/example_python_decorator.py
[2026-02-24T18:02:11.189+0000] {logging_mixin.py:190} INFO - [2026-02-24T18:02:11.189+0000] {example_python_decorator.py:80} WARNING - The virtalenv_python example task requires virtualenv, please install it.
[2026-02-24T18:02:11.191+0000] {processor.py:925} INFO - DAG(s) 'example_python_decorator' retrieved from /home/ubuntu/airflow-venv/lib/python3.12/site-packages/airflow/example_dags/example_python_decorator.py
[2026-02-24T18:02:11.203+0000] {logging_mixin.py:190} INFO - [2026-02-24T18:02:11.203+0000] {dag.py:3239} INFO - Sync 1 DAGs
[2026-02-24T18:02:11.213+0000] {logging_mixin.py:190} INFO - [2026-02-24T18:02:11.212+0000] {dag.py:4180} INFO - Setting next_dagrun for example_python_decorator to None, run_after=None
[2026-02-24T18:02:11.231+0000] {processor.py:208} INFO - Processing /home/ubuntu/airflow-venv/lib/python3.12/site-packages/airflow/example_dags/example_python_decorator.py took 0.055 seconds
[2026-02-24T18:03:04.584+0000] {processor.py:186} INFO - Started process (PID=44265) to work on /home/ubuntu/airflow-venv/lib/python3.12/site-packages/airflow/example_dags/example_python_decorator.py
[2026-02-24T18:03:04.585+0000] {processor.py:914} INFO - Processing file /home/ubuntu/airflow-venv/lib/python3.12/site-packages/airflow/example_dags/example_python_decorator.py for tasks to queue
[2026-02-24T18:03:04.587+0000] {logging_mixin.py:190} INFO - [2026-02-24T18:03:04.587+0000] {dagbag.py:588} INFO - Filling up the DagBag from /home/ubuntu/airflow-venv/lib/python3.12/site-packages/airflow/example_dags/example_python_decorator.py
[2026-02-24T18:03:04.593+0000] {logging_mixin.py:190} INFO - [2026-02-24T18:03:04.593+0000] {example_python_decorator.py:80} WARNING - The virtalenv_python example task requires virtualenv, please install it.
[2026-02-24T18:03:04.595+0000] {processor.py:925} INFO - DAG(s) 'example_python_decorator' retrieved from /home/ubuntu/airflow-venv/lib/python3.12/site-packages/airflow/example_dags/example_python_decorator.py
[2026-02-24T18:03:04.606+0000] {logging_mixin.py:190} INFO - [2026-02-24T18:03:04.606+0000] {dag.py:3239} INFO - Sync 1 DAGs
[2026-02-24T18:03:04.615+0000] {logging_mixin.py:190} INFO - [2026-02-24T18:03:04.615+0000] {dag.py:4180} INFO - Setting next_dagrun for example_python_decorator to None, run_after=None
[2026-02-24T18:03:04.633+0000] {processor.py:208} INFO - Processing /home/ubuntu/airflow-venv/lib/python3.12/site-packages/airflow/example_dags/example_python_decorator.py took 0.053 seconds
[2026-02-24T18:03:54.860+0000] {processor.py:186} INFO - Started process (PID=44319) to work on /home/ubuntu/airflow-venv/lib/python3.12/site-packages/airflow/example_dags/example_python_decorator.py
[2026-02-24T18:03:54.861+0000] {processor.py:914} INFO - Processing file /home/ubuntu/airflow-venv/lib/python3.12/site-packages/airflow/example_dags/example_python_decorator.py for tasks to queue
[2026-02-24T18:03:54.862+0000] {logging_mixin.py:190} INFO - [2026-02-24T18:03:54.862+0000] {dagbag.py:588} INFO - Filling up the DagBag from /home/ubuntu/airflow-venv/lib/python3.12/site-packages/airflow/example_dags/example_python_decorator.py
[2026-02-24T18:03:54.869+0000] {logging_mixin.py:190} INFO - [2026-02-24T18:03:54.869+0000] {example_python_decorator.py:80} WARNING - The virtalenv_python example task requires virtualenv, please install it.
[2026-02-24T18:03:54.871+0000] {processor.py:925} INFO - DAG(s) 'example_python_decorator' retrieved from /home/ubuntu/airflow-venv/lib/python3.12/site-packages/airflow/example_dags/example_python_decorator.py
[2026-02-24T18:03:54.883+0000] {logging_mixin.py:190} INFO - [2026-02-24T18:03:54.883+0000] {dag.py:3239} INFO - Sync 1 DAGs
[2026-02-24T18:03:54.891+0000] {logging_mixin.py:190} INFO - [2026-02-24T18:03:54.891+0000] {dag.py:4180} INFO - Setting next_dagrun for example_python_decorator to None, run_after=None
[2026-02-24T18:03:54.911+0000] {processor.py:208} INFO - Processing /home/ubuntu/airflow-venv/lib/python3.12/site-packages/airflow/example_dags/example_python_decorator.py took 0.055 seconds
[2026-02-24T18:04:42.709+0000] {processor.py:186} INFO - Started process (PID=44736) to work on /home/ubuntu/airflow-venv/lib/python3.12/site-packages/airflow/example_dags/example_python_decorator.py
[2026-02-24T18:04:42.711+0000] {processor.py:914} INFO - Processing file /home/ubuntu/airflow-venv/lib/python3.12/site-packages/airflow/example_dags/example_python_decorator.py for tasks to queue
[2026-02-24T18:04:42.712+0000] {logging_mixin.py:190} INFO - [2026-02-24T18:04:42.712+0000] {dagbag.py:588} INFO - Filling up the DagBag from /home/ubuntu/airflow-venv/lib/python3.12/site-packages/airflow/example_dags/example_python_decorator.py
[2026-02-24T18:04:42.718+0000] {logging_mixin.py:190} INFO - [2026-02-24T18:04:42.718+0000] {example_python_decorator.py:80} WARNING - The virtalenv_python example task requires virtualenv, please install it.
[2026-02-24T18:04:42.720+0000] {processor.py:925} INFO - DAG(s) 'example_python_decorator' retrieved from /home/ubuntu/airflow-venv/lib/python3.12/site-packages/airflow/example_dags/example_python_decorator.py
[2026-02-24T18:04:42.732+0000] {logging_mixin.py:190} INFO - [2026-02-24T18:04:42.732+0000] {dag.py:3239} INFO - Sync 1 DAGs
[2026-02-24T18:04:42.741+0000] {logging_mixin.py:190} INFO - [2026-02-24T18:04:42.741+0000] {dag.py:4180} INFO - Setting next_dagrun for example_python_decorator to None, run_after=None
[2026-02-24T18:04:42.760+0000] {processor.py:208} INFO - Processing /home/ubuntu/airflow-venv/lib/python3.12/site-packages/airflow/example_dags/example_python_decorator.py took 0.055 seconds
[2026-02-24T18:05:37.053+0000] {processor.py:186} INFO - Started process (PID=44794) to work on /home/ubuntu/airflow-venv/lib/python3.12/site-packages/airflow/example_dags/example_python_decorator.py
[2026-02-24T18:05:37.054+0000] {processor.py:914} INFO - Processing file /home/ubuntu/airflow-venv/lib/python3.12/site-packages/airflow/example_dags/example_python_decorator.py for tasks to queue
[2026-02-24T18:05:37.056+0000] {logging_mixin.py:190} INFO - [2026-02-24T18:05:37.056+0000] {dagbag.py:588} INFO - Filling up the DagBag from /home/ubuntu/airflow-venv/lib/python3.12/site-packages/airflow/example_dags/example_python_decorator.py
[2026-02-24T18:05:37.062+0000] {logging_mixin.py:190} INFO - [2026-02-24T18:05:37.062+0000] {example_python_decorator.py:80} WARNING - The virtalenv_python example task requires virtualenv, please install it.
[2026-02-24T18:05:37.064+0000] {processor.py:925} INFO - DAG(s) 'example_python_decorator' retrieved from /home/ubuntu/airflow-venv/lib/python3.12/site-packages/airflow/example_dags/example_python_decorator.py
[2026-02-24T18:05:37.167+0000] {logging_mixin.py:190} INFO - [2026-02-24T18:05:37.167+0000] {dag.py:3239} INFO - Sync 1 DAGs
[2026-02-24T18:05:37.174+0000] {logging_mixin.py:190} INFO - [2026-02-24T18:05:37.174+0000] {dag.py:4180} INFO - Setting next_dagrun for example_python_decorator to None, run_after=None
[2026-02-24T18:05:37.190+0000] {processor.py:208} INFO - Processing /home/ubuntu/airflow-venv/lib/python3.12/site-packages/airflow/example_dags/example_python_decorator.py took 0.141 seconds
[2026-02-24T18:06:34.223+0000] {processor.py:186} INFO - Started process (PID=44858) to work on /home/ubuntu/airflow-venv/lib/python3.12/site-packages/airflow/example_dags/example_python_decorator.py
[2026-02-24T18:06:34.225+0000] {processor.py:914} INFO - Processing file /home/ubuntu/airflow-venv/lib/python3.12/site-packages/airflow/example_dags/example_python_decorator.py for tasks to queue
[2026-02-24T18:06:34.226+0000] {logging_mixin.py:190} INFO - [2026-02-24T18:06:34.226+0000] {dagbag.py:588} INFO - Filling up the DagBag from /home/ubuntu/airflow-venv/lib/python3.12/site-packages/airflow/example_dags/example_python_decorator.py
[2026-02-24T18:06:34.233+0000] {logging_mixin.py:190} INFO - [2026-02-24T18:06:34.233+0000] {example_python_decorator.py:80} WARNING - The virtalenv_python example task requires virtualenv, please install it.
[2026-02-24T18:06:34.235+0000] {processor.py:925} INFO - DAG(s) 'example_python_decorator' retrieved from /home/ubuntu/airflow-venv/lib/python3.12/site-packages/airflow/example_dags/example_python_decorator.py
[2026-02-24T18:06:34.247+0000] {logging_mixin.py:190} INFO - [2026-02-24T18:06:34.247+0000] {dag.py:3239} INFO - Sync 1 DAGs
[2026-02-24T18:06:34.256+0000] {logging_mixin.py:190} INFO - [2026-02-24T18:06:34.256+0000] {dag.py:4180} INFO - Setting next_dagrun for example_python_decorator to None, run_after=None
[2026-02-24T18:06:34.275+0000] {processor.py:208} INFO - Processing /home/ubuntu/airflow-venv/lib/python3.12/site-packages/airflow/example_dags/example_python_decorator.py took 0.055 seconds
[2026-02-24T18:07:24.433+0000] {processor.py:186} INFO - Started process (PID=44912) to work on /home/ubuntu/airflow-venv/lib/python3.12/site-packages/airflow/example_dags/example_python_decorator.py
[2026-02-24T18:07:24.435+0000] {processor.py:914} INFO - Processing file /home/ubuntu/airflow-venv/lib/python3.12/site-packages/airflow/example_dags/example_python_decorator.py for tasks to queue
[2026-02-24T18:07:24.436+0000] {logging_mixin.py:190} INFO - [2026-02-24T18:07:24.436+0000] {dagbag.py:588} INFO - Filling up the DagBag from /home/ubuntu/airflow-venv/lib/python3.12/site-packages/airflow/example_dags/example_python_decorator.py
[2026-02-24T18:07:24.443+0000] {logging_mixin.py:190} INFO - [2026-02-24T18:07:24.443+0000] {example_python_decorator.py:80} WARNING - The virtalenv_python example task requires virtualenv, please install it.
[2026-02-24T18:07:24.444+0000] {processor.py:925} INFO - DAG(s) 'example_python_decorator' retrieved from /home/ubuntu/airflow-venv/lib/python3.12/site-packages/airflow/example_dags/example_python_decorator.py
[2026-02-24T18:07:24.457+0000] {logging_mixin.py:190} INFO - [2026-02-24T18:07:24.456+0000] {dag.py:3239} INFO - Sync 1 DAGs
[2026-02-24T18:07:24.465+0000] {logging_mixin.py:190} INFO - [2026-02-24T18:07:24.465+0000] {dag.py:4180} INFO - Setting next_dagrun for example_python_decorator to None, run_after=None
[2026-02-24T18:07:24.484+0000] {processor.py:208} INFO - Processing /home/ubuntu/airflow-venv/lib/python3.12/site-packages/airflow/example_dags/example_python_decorator.py took 0.055 seconds
[2026-02-24T18:08:13.576+0000] {processor.py:186} INFO - Started process (PID=44963) to work on /home/ubuntu/airflow-venv/lib/python3.12/site-packages/airflow/example_dags/example_python_decorator.py
[2026-02-24T18:08:13.578+0000] {processor.py:914} INFO - Processing file /home/ubuntu/airflow-venv/lib/python3.12/site-packages/airflow/example_dags/example_python_decorator.py for tasks to queue
[2026-02-24T18:08:13.579+0000] {logging_mixin.py:190} INFO - [2026-02-24T18:08:13.579+0000] {dagbag.py:588} INFO - Filling up the DagBag from /home/ubuntu/airflow-venv/lib/python3.12/site-packages/airflow/example_dags/example_python_decorator.py
[2026-02-24T18:08:13.586+0000] {logging_mixin.py:190} INFO - [2026-02-24T18:08:13.586+0000] {example_python_decorator.py:80} WARNING - The virtalenv_python example task requires virtualenv, please install it.
[2026-02-24T18:08:13.588+0000] {processor.py:925} INFO - DAG(s) 'example_python_decorator' retrieved from /home/ubuntu/airflow-venv/lib/python3.12/site-packages/airflow/example_dags/example_python_decorator.py
[2026-02-24T18:08:13.600+0000] {logging_mixin.py:190} INFO - [2026-02-24T18:08:13.600+0000] {dag.py:3239} INFO - Sync 1 DAGs
[2026-02-24T18:08:13.609+0000] {logging_mixin.py:190} INFO - [2026-02-24T18:08:13.609+0000] {dag.py:4180} INFO - Setting next_dagrun for example_python_decorator to None, run_after=None
[2026-02-24T18:08:13.627+0000] {processor.py:208} INFO - Processing /home/ubuntu/airflow-venv/lib/python3.12/site-packages/airflow/example_dags/example_python_decorator.py took 0.055 seconds
[2026-02-24T18:09:04.920+0000] {processor.py:186} INFO - Started process (PID=45017) to work on /home/ubuntu/airflow-venv/lib/python3.12/site-packages/airflow/example_dags/example_python_decorator.py
[2026-02-24T18:09:04.922+0000] {processor.py:914} INFO - Processing file /home/ubuntu/airflow-venv/lib/python3.12/site-packages/airflow/example_dags/example_python_decorator.py for tasks to queue
[2026-02-24T18:09:04.923+0000] {logging_mixin.py:190} INFO - [2026-02-24T18:09:04.923+0000] {dagbag.py:588} INFO - Filling up the DagBag from /home/ubuntu/airflow-venv/lib/python3.12/site-packages/airflow/example_dags/example_python_decorator.py
[2026-02-24T18:09:04.929+0000] {logging_mixin.py:190} INFO - [2026-02-24T18:09:04.929+0000] {example_python_decorator.py:80} WARNING - The virtalenv_python example task requires virtualenv, please install it.
[2026-02-24T18:09:04.931+0000] {processor.py:925} INFO - DAG(s) 'example_python_decorator' retrieved from /home/ubuntu/airflow-venv/lib/python3.12/site-packages/airflow/example_dags/example_python_decorator.py
[2026-02-24T18:09:04.944+0000] {logging_mixin.py:190} INFO - [2026-02-24T18:09:04.944+0000] {dag.py:3239} INFO - Sync 1 DAGs
[2026-02-24T18:09:04.954+0000] {logging_mixin.py:190} INFO - [2026-02-24T18:09:04.954+0000] {dag.py:4180} INFO - Setting next_dagrun for example_python_decorator to None, run_after=None
[2026-02-24T18:09:04.974+0000] {processor.py:208} INFO - Processing /home/ubuntu/airflow-venv/lib/python3.12/site-packages/airflow/example_dags/example_python_decorator.py took 0.058 seconds
[2026-02-24T18:09:52.523+0000] {processor.py:186} INFO - Started process (PID=45068) to work on /home/ubuntu/airflow-venv/lib/python3.12/site-packages/airflow/example_dags/example_python_decorator.py
[2026-02-24T18:09:52.525+0000] {processor.py:914} INFO - Processing file /home/ubuntu/airflow-venv/lib/python3.12/site-packages/airflow/example_dags/example_python_decorator.py for tasks to queue
[2026-02-24T18:09:52.526+0000] {logging_mixin.py:190} INFO - [2026-02-24T18:09:52.526+0000] {dagbag.py:588} INFO - Filling up the DagBag from /home/ubuntu/airflow-venv/lib/python3.12/site-packages/airflow/example_dags/example_python_decorator.py
[2026-02-24T18:09:52.532+0000] {logging_mixin.py:190} INFO - [2026-02-24T18:09:52.532+0000] {example_python_decorator.py:80} WARNING - The virtalenv_python example task requires virtualenv, please install it.
[2026-02-24T18:09:52.534+0000] {processor.py:925} INFO - DAG(s) 'example_python_decorator' retrieved from /home/ubuntu/airflow-venv/lib/python3.12/site-packages/airflow/example_dags/example_python_decorator.py
[2026-02-24T18:09:52.546+0000] {logging_mixin.py:190} INFO - [2026-02-24T18:09:52.546+0000] {dag.py:3239} INFO - Sync 1 DAGs
[2026-02-24T18:09:52.555+0000] {logging_mixin.py:190} INFO - [2026-02-24T18:09:52.555+0000] {dag.py:4180} INFO - Setting next_dagrun for example_python_decorator to None, run_after=None
[2026-02-24T18:09:52.573+0000] {processor.py:208} INFO - Processing /home/ubuntu/airflow-venv/lib/python3.12/site-packages/airflow/example_dags/example_python_decorator.py took 0.054 seconds
[2026-02-24T18:10:43.771+0000] {processor.py:186} INFO - Started process (PID=45124) to work on /home/ubuntu/airflow-venv/lib/python3.12/site-packages/airflow/example_dags/example_python_decorator.py
[2026-02-24T18:10:43.773+0000] {processor.py:914} INFO - Processing file /home/ubuntu/airflow-venv/lib/python3.12/site-packages/airflow/example_dags/example_python_decorator.py for tasks to queue
[2026-02-24T18:10:43.774+0000] {logging_mixin.py:190} INFO - [2026-02-24T18:10:43.774+0000] {dagbag.py:588} INFO - Filling up the DagBag from /home/ubuntu/airflow-venv/lib/python3.12/site-packages/airflow/example_dags/example_python_decorator.py
[2026-02-24T18:10:43.780+0000] {logging_mixin.py:190} INFO - [2026-02-24T18:10:43.780+0000] {example_python_decorator.py:80} WARNING - The virtalenv_python example task requires virtualenv, please install it.
[2026-02-24T18:10:43.782+0000] {processor.py:925} INFO - DAG(s) 'example_python_decorator' retrieved from /home/ubuntu/airflow-venv/lib/python3.12/site-packages/airflow/example_dags/example_python_decorator.py
[2026-02-24T18:10:43.794+0000] {logging_mixin.py:190} INFO - [2026-02-24T18:10:43.794+0000] {dag.py:3239} INFO - Sync 1 DAGs
[2026-02-24T18:10:43.803+0000] {logging_mixin.py:190} INFO - [2026-02-24T18:10:43.803+0000] {dag.py:4180} INFO - Setting next_dagrun for example_python_decorator to None, run_after=None
[2026-02-24T18:10:43.822+0000] {processor.py:208} INFO - Processing /home/ubuntu/airflow-venv/lib/python3.12/site-packages/airflow/example_dags/example_python_decorator.py took 0.055 seconds
[2026-02-24T18:11:35.056+0000] {processor.py:186} INFO - Started process (PID=45176) to work on /home/ubuntu/airflow-venv/lib/python3.12/site-packages/airflow/example_dags/example_python_decorator.py
[2026-02-24T18:11:35.057+0000] {processor.py:914} INFO - Processing file /home/ubuntu/airflow-venv/lib/python3.12/site-packages/airflow/example_dags/example_python_decorator.py for tasks to queue
[2026-02-24T18:11:35.059+0000] {logging_mixin.py:190} INFO - [2026-02-24T18:11:35.059+0000] {dagbag.py:588} INFO - Filling up the DagBag from /home/ubuntu/airflow-venv/lib/python3.12/site-packages/airflow/example_dags/example_python_decorator.py
[2026-02-24T18:11:35.066+0000] {logging_mixin.py:190} INFO - [2026-02-24T18:11:35.065+0000] {example_python_decorator.py:80} WARNING - The virtalenv_python example task requires virtualenv, please install it.
[2026-02-24T18:11:35.067+0000] {processor.py:925} INFO - DAG(s) 'example_python_decorator' retrieved from /home/ubuntu/airflow-venv/lib/python3.12/site-packages/airflow/example_dags/example_python_decorator.py
[2026-02-24T18:11:35.080+0000] {logging_mixin.py:190} INFO - [2026-02-24T18:11:35.080+0000] {dag.py:3239} INFO - Sync 1 DAGs
[2026-02-24T18:11:35.089+0000] {logging_mixin.py:190} INFO - [2026-02-24T18:11:35.089+0000] {dag.py:4180} INFO - Setting next_dagrun for example_python_decorator to None, run_after=None
[2026-02-24T18:11:35.107+0000] {processor.py:208} INFO - Processing /home/ubuntu/airflow-venv/lib/python3.12/site-packages/airflow/example_dags/example_python_decorator.py took 0.055 seconds
[2026-02-24T18:12:26.504+0000] {processor.py:186} INFO - Started process (PID=45230) to work on /home/ubuntu/airflow-venv/lib/python3.12/site-packages/airflow/example_dags/example_python_decorator.py
[2026-02-24T18:12:26.505+0000] {processor.py:914} INFO - Processing file /home/ubuntu/airflow-venv/lib/python3.12/site-packages/airflow/example_dags/example_python_decorator.py for tasks to queue
[2026-02-24T18:12:26.507+0000] {logging_mixin.py:190} INFO - [2026-02-24T18:12:26.506+0000] {dagbag.py:588} INFO - Filling up the DagBag from /home/ubuntu/airflow-venv/lib/python3.12/site-packages/airflow/example_dags/example_python_decorator.py
[2026-02-24T18:12:26.513+0000] {logging_mixin.py:190} INFO - [2026-02-24T18:12:26.513+0000] {example_python_decorator.py:80} WARNING - The virtalenv_python example task requires virtualenv, please install it.
[2026-02-24T18:12:26.515+0000] {processor.py:925} INFO - DAG(s) 'example_python_decorator' retrieved from /home/ubuntu/airflow-venv/lib/python3.12/site-packages/airflow/example_dags/example_python_decorator.py
[2026-02-24T18:12:26.527+0000] {logging_mixin.py:190} INFO - [2026-02-24T18:12:26.527+0000] {dag.py:3239} INFO - Sync 1 DAGs
[2026-02-24T18:12:26.537+0000] {logging_mixin.py:190} INFO - [2026-02-24T18:12:26.536+0000] {dag.py:4180} INFO - Setting next_dagrun for example_python_decorator to None, run_after=None
[2026-02-24T18:12:26.555+0000] {processor.py:208} INFO - Processing /home/ubuntu/airflow-venv/lib/python3.12/site-packages/airflow/example_dags/example_python_decorator.py took 0.056 seconds
[2026-02-24T18:13:16.433+0000] {processor.py:186} INFO - Started process (PID=45284) to work on /home/ubuntu/airflow-venv/lib/python3.12/site-packages/airflow/example_dags/example_python_decorator.py
[2026-02-24T18:13:16.435+0000] {processor.py:914} INFO - Processing file /home/ubuntu/airflow-venv/lib/python3.12/site-packages/airflow/example_dags/example_python_decorator.py for tasks to queue
[2026-02-24T18:13:16.436+0000] {logging_mixin.py:190} INFO - [2026-02-24T18:13:16.436+0000] {dagbag.py:588} INFO - Filling up the DagBag from /home/ubuntu/airflow-venv/lib/python3.12/site-packages/airflow/example_dags/example_python_decorator.py
[2026-02-24T18:13:16.443+0000] {logging_mixin.py:190} INFO - [2026-02-24T18:13:16.443+0000] {example_python_decorator.py:80} WARNING - The virtalenv_python example task requires virtualenv, please install it.
[2026-02-24T18:13:16.444+0000] {processor.py:925} INFO - DAG(s) 'example_python_decorator' retrieved from /home/ubuntu/airflow-venv/lib/python3.12/site-packages/airflow/example_dags/example_python_decorator.py
[2026-02-24T18:13:16.456+0000] {logging_mixin.py:190} INFO - [2026-02-24T18:13:16.456+0000] {dag.py:3239} INFO - Sync 1 DAGs
[2026-02-24T18:13:16.465+0000] {logging_mixin.py:190} INFO - [2026-02-24T18:13:16.465+0000] {dag.py:4180} INFO - Setting next_dagrun for example_python_decorator to None, run_after=None
[2026-02-24T18:13:16.484+0000] {processor.py:208} INFO - Processing /home/ubuntu/airflow-venv/lib/python3.12/site-packages/airflow/example_dags/example_python_decorator.py took 0.055 seconds
[2026-02-24T18:14:04.655+0000] {processor.py:186} INFO - Started process (PID=45334) to work on /home/ubuntu/airflow-venv/lib/python3.12/site-packages/airflow/example_dags/example_python_decorator.py
[2026-02-24T18:14:04.657+0000] {processor.py:914} INFO - Processing file /home/ubuntu/airflow-venv/lib/python3.12/site-packages/airflow/example_dags/example_python_decorator.py for tasks to queue
[2026-02-24T18:14:04.658+0000] {logging_mixin.py:190} INFO - [2026-02-24T18:14:04.658+0000] {dagbag.py:588} INFO - Filling up the DagBag from /home/ubuntu/airflow-venv/lib/python3.12/site-packages/airflow/example_dags/example_python_decorator.py
[2026-02-24T18:14:04.665+0000] {logging_mixin.py:190} INFO - [2026-02-24T18:14:04.664+0000] {example_python_decorator.py:80} WARNING - The virtalenv_python example task requires virtualenv, please install it.
[2026-02-24T18:14:04.666+0000] {processor.py:925} INFO - DAG(s) 'example_python_decorator' retrieved from /home/ubuntu/airflow-venv/lib/python3.12/site-packages/airflow/example_dags/example_python_decorator.py
[2026-02-24T18:14:04.679+0000] {logging_mixin.py:190} INFO - [2026-02-24T18:14:04.679+0000] {dag.py:3239} INFO - Sync 1 DAGs
[2026-02-24T18:14:04.687+0000] {logging_mixin.py:190} INFO - [2026-02-24T18:14:04.687+0000] {dag.py:4180} INFO - Setting next_dagrun for example_python_decorator to None, run_after=None
[2026-02-24T18:14:04.705+0000] {processor.py:208} INFO - Processing /home/ubuntu/airflow-venv/lib/python3.12/site-packages/airflow/example_dags/example_python_decorator.py took 0.054 seconds
[2026-02-24T18:14:55.425+0000] {processor.py:186} INFO - Started process (PID=45386) to work on /home/ubuntu/airflow-venv/lib/python3.12/site-packages/airflow/example_dags/example_python_decorator.py
[2026-02-24T18:14:55.426+0000] {processor.py:914} INFO - Processing file /home/ubuntu/airflow-venv/lib/python3.12/site-packages/airflow/example_dags/example_python_decorator.py for tasks to queue
[2026-02-24T18:14:55.428+0000] {logging_mixin.py:190} INFO - [2026-02-24T18:14:55.427+0000] {dagbag.py:588} INFO - Filling up the DagBag from /home/ubuntu/airflow-venv/lib/python3.12/site-packages/airflow/example_dags/example_python_decorator.py
[2026-02-24T18:14:55.434+0000] {logging_mixin.py:190} INFO - [2026-02-24T18:14:55.434+0000] {example_python_decorator.py:80} WARNING - The virtalenv_python example task requires virtualenv, please install it.
[2026-02-24T18:14:55.435+0000] {processor.py:925} INFO - DAG(s) 'example_python_decorator' retrieved from /home/ubuntu/airflow-venv/lib/python3.12/site-packages/airflow/example_dags/example_python_decorator.py
[2026-02-24T18:14:55.448+0000] {logging_mixin.py:190} INFO - [2026-02-24T18:14:55.448+0000] {dag.py:3239} INFO - Sync 1 DAGs
[2026-02-24T18:14:55.457+0000] {logging_mixin.py:190} INFO - [2026-02-24T18:14:55.457+0000] {dag.py:4180} INFO - Setting next_dagrun for example_python_decorator to None, run_after=None
[2026-02-24T18:14:55.476+0000] {processor.py:208} INFO - Processing /home/ubuntu/airflow-venv/lib/python3.12/site-packages/airflow/example_dags/example_python_decorator.py took 0.055 seconds
[2026-02-24T18:15:46.546+0000] {processor.py:186} INFO - Started process (PID=45442) to work on /home/ubuntu/airflow-venv/lib/python3.12/site-packages/airflow/example_dags/example_python_decorator.py
[2026-02-24T18:15:46.547+0000] {processor.py:914} INFO - Processing file /home/ubuntu/airflow-venv/lib/python3.12/site-packages/airflow/example_dags/example_python_decorator.py for tasks to queue
[2026-02-24T18:15:46.549+0000] {logging_mixin.py:190} INFO - [2026-02-24T18:15:46.549+0000] {dagbag.py:588} INFO - Filling up the DagBag from /home/ubuntu/airflow-venv/lib/python3.12/site-packages/airflow/example_dags/example_python_decorator.py
[2026-02-24T18:15:46.555+0000] {logging_mixin.py:190} INFO - [2026-02-24T18:15:46.555+0000] {example_python_decorator.py:80} WARNING - The virtalenv_python example task requires virtualenv, please install it.
[2026-02-24T18:15:46.557+0000] {processor.py:925} INFO - DAG(s) 'example_python_decorator' retrieved from /home/ubuntu/airflow-venv/lib/python3.12/site-packages/airflow/example_dags/example_python_decorator.py
[2026-02-24T18:15:46.569+0000] {logging_mixin.py:190} INFO - [2026-02-24T18:15:46.569+0000] {dag.py:3239} INFO - Sync 1 DAGs
[2026-02-24T18:15:46.578+0000] {logging_mixin.py:190} INFO - [2026-02-24T18:15:46.578+0000] {dag.py:4180} INFO - Setting next_dagrun for example_python_decorator to None, run_after=None
[2026-02-24T18:15:46.597+0000] {processor.py:208} INFO - Processing /home/ubuntu/airflow-venv/lib/python3.12/site-packages/airflow/example_dags/example_python_decorator.py took 0.056 seconds
[2026-02-24T18:16:36.614+0000] {processor.py:186} INFO - Started process (PID=45496) to work on /home/ubuntu/airflow-venv/lib/python3.12/site-packages/airflow/example_dags/example_python_decorator.py
[2026-02-24T18:16:36.615+0000] {processor.py:914} INFO - Processing file /home/ubuntu/airflow-venv/lib/python3.12/site-packages/airflow/example_dags/example_python_decorator.py for tasks to queue
[2026-02-24T18:16:36.617+0000] {logging_mixin.py:190} INFO - [2026-02-24T18:16:36.617+0000] {dagbag.py:588} INFO - Filling up the DagBag from /home/ubuntu/airflow-venv/lib/python3.12/site-packages/airflow/example_dags/example_python_decorator.py
[2026-02-24T18:16:36.623+0000] {logging_mixin.py:190} INFO - [2026-02-24T18:16:36.623+0000] {example_python_decorator.py:80} WARNING - The virtalenv_python example task requires virtualenv, please install it.
[2026-02-24T18:16:36.625+0000] {processor.py:925} INFO - DAG(s) 'example_python_decorator' retrieved from /home/ubuntu/airflow-venv/lib/python3.12/site-packages/airflow/example_dags/example_python_decorator.py
[2026-02-24T18:16:36.637+0000] {logging_mixin.py:190} INFO - [2026-02-24T18:16:36.637+0000] {dag.py:3239} INFO - Sync 1 DAGs
[2026-02-24T18:16:36.646+0000] {logging_mixin.py:190} INFO - [2026-02-24T18:16:36.646+0000] {dag.py:4180} INFO - Setting next_dagrun for example_python_decorator to None, run_after=None
[2026-02-24T18:16:36.664+0000] {processor.py:208} INFO - Processing /home/ubuntu/airflow-venv/lib/python3.12/site-packages/airflow/example_dags/example_python_decorator.py took 0.055 seconds
[2026-02-24T18:17:27.255+0000] {processor.py:186} INFO - Started process (PID=45552) to work on /home/ubuntu/airflow-venv/lib/python3.12/site-packages/airflow/example_dags/example_python_decorator.py
[2026-02-24T18:17:27.256+0000] {processor.py:914} INFO - Processing file /home/ubuntu/airflow-venv/lib/python3.12/site-packages/airflow/example_dags/example_python_decorator.py for tasks to queue
[2026-02-24T18:17:27.258+0000] {logging_mixin.py:190} INFO - [2026-02-24T18:17:27.257+0000] {dagbag.py:588} INFO - Filling up the DagBag from /home/ubuntu/airflow-venv/lib/python3.12/site-packages/airflow/example_dags/example_python_decorator.py
[2026-02-24T18:17:27.264+0000] {logging_mixin.py:190} INFO - [2026-02-24T18:17:27.264+0000] {example_python_decorator.py:80} WARNING - The virtalenv_python example task requires virtualenv, please install it.
[2026-02-24T18:17:27.266+0000] {processor.py:925} INFO - DAG(s) 'example_python_decorator' retrieved from /home/ubuntu/airflow-venv/lib/python3.12/site-packages/airflow/example_dags/example_python_decorator.py
[2026-02-24T18:17:27.279+0000] {logging_mixin.py:190} INFO - [2026-02-24T18:17:27.278+0000] {dag.py:3239} INFO - Sync 1 DAGs
[2026-02-24T18:17:27.288+0000] {logging_mixin.py:190} INFO - [2026-02-24T18:17:27.288+0000] {dag.py:4180} INFO - Setting next_dagrun for example_python_decorator to None, run_after=None
[2026-02-24T18:17:27.307+0000] {processor.py:208} INFO - Processing /home/ubuntu/airflow-venv/lib/python3.12/site-packages/airflow/example_dags/example_python_decorator.py took 0.057 seconds
[2026-02-24T18:18:20.792+0000] {processor.py:186} INFO - Started process (PID=45608) to work on /home/ubuntu/airflow-venv/lib/python3.12/site-packages/airflow/example_dags/example_python_decorator.py
[2026-02-24T18:18:20.793+0000] {processor.py:914} INFO - Processing file /home/ubuntu/airflow-venv/lib/python3.12/site-packages/airflow/example_dags/example_python_decorator.py for tasks to queue
[2026-02-24T18:18:20.795+0000] {logging_mixin.py:190} INFO - [2026-02-24T18:18:20.794+0000] {dagbag.py:588} INFO - Filling up the DagBag from /home/ubuntu/airflow-venv/lib/python3.12/site-packages/airflow/example_dags/example_python_decorator.py
[2026-02-24T18:18:20.801+0000] {logging_mixin.py:190} INFO - [2026-02-24T18:18:20.801+0000] {example_python_decorator.py:80} WARNING - The virtalenv_python example task requires virtualenv, please install it.
[2026-02-24T18:18:20.803+0000] {processor.py:925} INFO - DAG(s) 'example_python_decorator' retrieved from /home/ubuntu/airflow-venv/lib/python3.12/site-packages/airflow/example_dags/example_python_decorator.py
[2026-02-24T18:18:20.816+0000] {logging_mixin.py:190} INFO - [2026-02-24T18:18:20.815+0000] {dag.py:3239} INFO - Sync 1 DAGs
[2026-02-24T18:18:20.825+0000] {logging_mixin.py:190} INFO - [2026-02-24T18:18:20.824+0000] {dag.py:4180} INFO - Setting next_dagrun for example_python_decorator to None, run_after=None
[2026-02-24T18:18:20.842+0000] {processor.py:208} INFO - Processing /home/ubuntu/airflow-venv/lib/python3.12/site-packages/airflow/example_dags/example_python_decorator.py took 0.055 seconds
[2026-02-24T18:19:10.993+0000] {processor.py:186} INFO - Started process (PID=45659) to work on /home/ubuntu/airflow-venv/lib/python3.12/site-packages/airflow/example_dags/example_python_decorator.py
[2026-02-24T18:19:10.994+0000] {processor.py:914} INFO - Processing file /home/ubuntu/airflow-venv/lib/python3.12/site-packages/airflow/example_dags/example_python_decorator.py for tasks to queue
[2026-02-24T18:19:10.996+0000] {logging_mixin.py:190} INFO - [2026-02-24T18:19:10.996+0000] {dagbag.py:588} INFO - Filling up the DagBag from /home/ubuntu/airflow-venv/lib/python3.12/site-packages/airflow/example_dags/example_python_decorator.py
[2026-02-24T18:19:11.002+0000] {logging_mixin.py:190} INFO - [2026-02-24T18:19:11.002+0000] {example_python_decorator.py:80} WARNING - The virtalenv_python example task requires virtualenv, please install it.
[2026-02-24T18:19:11.004+0000] {processor.py:925} INFO - DAG(s) 'example_python_decorator' retrieved from /home/ubuntu/airflow-venv/lib/python3.12/site-packages/airflow/example_dags/example_python_decorator.py
[2026-02-24T18:19:11.017+0000] {logging_mixin.py:190} INFO - [2026-02-24T18:19:11.017+0000] {dag.py:3239} INFO - Sync 1 DAGs
[2026-02-24T18:19:11.026+0000] {logging_mixin.py:190} INFO - [2026-02-24T18:19:11.026+0000] {dag.py:4180} INFO - Setting next_dagrun for example_python_decorator to None, run_after=None
[2026-02-24T18:19:11.045+0000] {processor.py:208} INFO - Processing /home/ubuntu/airflow-venv/lib/python3.12/site-packages/airflow/example_dags/example_python_decorator.py took 0.057 seconds
[2026-02-24T18:20:03.501+0000] {processor.py:186} INFO - Started process (PID=45714) to work on /home/ubuntu/airflow-venv/lib/python3.12/site-packages/airflow/example_dags/example_python_decorator.py
[2026-02-24T18:20:03.502+0000] {processor.py:914} INFO - Processing file /home/ubuntu/airflow-venv/lib/python3.12/site-packages/airflow/example_dags/example_python_decorator.py for tasks to queue
[2026-02-24T18:20:03.504+0000] {logging_mixin.py:190} INFO - [2026-02-24T18:20:03.503+0000] {dagbag.py:588} INFO - Filling up the DagBag from /home/ubuntu/airflow-venv/lib/python3.12/site-packages/airflow/example_dags/example_python_decorator.py
[2026-02-24T18:20:03.510+0000] {logging_mixin.py:190} INFO - [2026-02-24T18:20:03.510+0000] {example_python_decorator.py:80} WARNING - The virtalenv_python example task requires virtualenv, please install it.
[2026-02-24T18:20:03.512+0000] {processor.py:925} INFO - DAG(s) 'example_python_decorator' retrieved from /home/ubuntu/airflow-venv/lib/python3.12/site-packages/airflow/example_dags/example_python_decorator.py
[2026-02-24T18:20:03.524+0000] {logging_mixin.py:190} INFO - [2026-02-24T18:20:03.524+0000] {dag.py:3239} INFO - Sync 1 DAGs
[2026-02-24T18:20:03.533+0000] {logging_mixin.py:190} INFO - [2026-02-24T18:20:03.533+0000] {dag.py:4180} INFO - Setting next_dagrun for example_python_decorator to None, run_after=None
[2026-02-24T18:20:03.552+0000] {processor.py:208} INFO - Processing /home/ubuntu/airflow-venv/lib/python3.12/site-packages/airflow/example_dags/example_python_decorator.py took 0.055 seconds
