[2026-02-24T17:59:36.402+0000] {processor.py:186} INFO - Started process (PID=43673) to work on /home/ubuntu/airflow-venv/lib/python3.12/site-packages/airflow/example_dags/example_dynamic_task_mapping.py
[2026-02-24T17:59:36.402+0000] {processor.py:914} INFO - Processing file /home/ubuntu/airflow-venv/lib/python3.12/site-packages/airflow/example_dags/example_dynamic_task_mapping.py for tasks to queue
[2026-02-24T17:59:36.404+0000] {logging_mixin.py:190} INFO - [2026-02-24T17:59:36.404+0000] {dagbag.py:588} INFO - Filling up the DagBag from /home/ubuntu/airflow-venv/lib/python3.12/site-packages/airflow/example_dags/example_dynamic_task_mapping.py
[2026-02-24T17:59:36.410+0000] {processor.py:925} INFO - DAG(s) 'example_dynamic_task_mapping' retrieved from /home/ubuntu/airflow-venv/lib/python3.12/site-packages/airflow/example_dags/example_dynamic_task_mapping.py
[2026-02-24T17:59:36.487+0000] {logging_mixin.py:190} INFO - [2026-02-24T17:59:36.485+0000] {override.py:1900} INFO - Created Permission View: can edit on DAG:example_dynamic_task_mapping
[2026-02-24T17:59:36.498+0000] {logging_mixin.py:190} INFO - [2026-02-24T17:59:36.498+0000] {override.py:1900} INFO - Created Permission View: can delete on DAG:example_dynamic_task_mapping
[2026-02-24T17:59:36.506+0000] {logging_mixin.py:190} INFO - [2026-02-24T17:59:36.506+0000] {override.py:1900} INFO - Created Permission View: can read on DAG:example_dynamic_task_mapping
[2026-02-24T17:59:36.520+0000] {logging_mixin.py:190} INFO - [2026-02-24T17:59:36.520+0000] {override.py:1900} INFO - Created Permission View: can delete on DAG Run:example_dynamic_task_mapping
[2026-02-24T17:59:36.529+0000] {logging_mixin.py:190} INFO - [2026-02-24T17:59:36.529+0000] {override.py:1900} INFO - Created Permission View: menu access on DAG Run:example_dynamic_task_mapping
[2026-02-24T17:59:36.537+0000] {logging_mixin.py:190} INFO - [2026-02-24T17:59:36.537+0000] {override.py:1900} INFO - Created Permission View: can create on DAG Run:example_dynamic_task_mapping
[2026-02-24T17:59:36.546+0000] {logging_mixin.py:190} INFO - [2026-02-24T17:59:36.545+0000] {override.py:1900} INFO - Created Permission View: can read on DAG Run:example_dynamic_task_mapping
[2026-02-24T17:59:36.546+0000] {logging_mixin.py:190} INFO - [2026-02-24T17:59:36.546+0000] {dag.py:3239} INFO - Sync 1 DAGs
[2026-02-24T17:59:36.554+0000] {logging_mixin.py:190} INFO - [2026-02-24T17:59:36.554+0000] {dag.py:3262} INFO - Creating ORM DAG for example_dynamic_task_mapping
[2026-02-24T17:59:36.554+0000] {logging_mixin.py:190} INFO - [2026-02-24T17:59:36.554+0000] {dag.py:4180} INFO - Setting next_dagrun for example_dynamic_task_mapping to None, run_after=None
[2026-02-24T17:59:36.570+0000] {processor.py:208} INFO - Processing /home/ubuntu/airflow-venv/lib/python3.12/site-packages/airflow/example_dags/example_dynamic_task_mapping.py took 0.172 seconds
[2026-02-24T18:00:32.815+0000] {processor.py:186} INFO - Started process (PID=43735) to work on /home/ubuntu/airflow-venv/lib/python3.12/site-packages/airflow/example_dags/example_dynamic_task_mapping.py
[2026-02-24T18:00:32.816+0000] {processor.py:914} INFO - Processing file /home/ubuntu/airflow-venv/lib/python3.12/site-packages/airflow/example_dags/example_dynamic_task_mapping.py for tasks to queue
[2026-02-24T18:00:32.818+0000] {logging_mixin.py:190} INFO - [2026-02-24T18:00:32.817+0000] {dagbag.py:588} INFO - Filling up the DagBag from /home/ubuntu/airflow-venv/lib/python3.12/site-packages/airflow/example_dags/example_dynamic_task_mapping.py
[2026-02-24T18:00:32.824+0000] {processor.py:925} INFO - DAG(s) 'example_dynamic_task_mapping' retrieved from /home/ubuntu/airflow-venv/lib/python3.12/site-packages/airflow/example_dags/example_dynamic_task_mapping.py
[2026-02-24T18:00:32.835+0000] {logging_mixin.py:190} INFO - [2026-02-24T18:00:32.835+0000] {dag.py:3239} INFO - Sync 1 DAGs
[2026-02-24T18:00:32.844+0000] {logging_mixin.py:190} INFO - [2026-02-24T18:00:32.844+0000] {dag.py:4180} INFO - Setting next_dagrun for example_dynamic_task_mapping to None, run_after=None
[2026-02-24T18:00:32.863+0000] {processor.py:208} INFO - Processing /home/ubuntu/airflow-venv/lib/python3.12/site-packages/airflow/example_dags/example_dynamic_task_mapping.py took 0.052 seconds
[2026-02-24T18:01:28.030+0000] {processor.py:186} INFO - Started process (PID=43794) to work on /home/ubuntu/airflow-venv/lib/python3.12/site-packages/airflow/example_dags/example_dynamic_task_mapping.py
[2026-02-24T18:01:28.031+0000] {processor.py:914} INFO - Processing file /home/ubuntu/airflow-venv/lib/python3.12/site-packages/airflow/example_dags/example_dynamic_task_mapping.py for tasks to queue
[2026-02-24T18:01:28.033+0000] {logging_mixin.py:190} INFO - [2026-02-24T18:01:28.032+0000] {dagbag.py:588} INFO - Filling up the DagBag from /home/ubuntu/airflow-venv/lib/python3.12/site-packages/airflow/example_dags/example_dynamic_task_mapping.py
[2026-02-24T18:01:28.039+0000] {processor.py:925} INFO - DAG(s) 'example_dynamic_task_mapping' retrieved from /home/ubuntu/airflow-venv/lib/python3.12/site-packages/airflow/example_dags/example_dynamic_task_mapping.py
[2026-02-24T18:01:28.050+0000] {logging_mixin.py:190} INFO - [2026-02-24T18:01:28.050+0000] {dag.py:3239} INFO - Sync 1 DAGs
[2026-02-24T18:01:28.059+0000] {logging_mixin.py:190} INFO - [2026-02-24T18:01:28.059+0000] {dag.py:4180} INFO - Setting next_dagrun for example_dynamic_task_mapping to None, run_after=None
[2026-02-24T18:01:28.076+0000] {processor.py:208} INFO - Processing /home/ubuntu/airflow-venv/lib/python3.12/site-packages/airflow/example_dags/example_dynamic_task_mapping.py took 0.050 seconds
[2026-02-24T18:02:24.053+0000] {processor.py:186} INFO - Started process (PID=44217) to work on /home/ubuntu/airflow-venv/lib/python3.12/site-packages/airflow/example_dags/example_dynamic_task_mapping.py
[2026-02-24T18:02:24.054+0000] {processor.py:914} INFO - Processing file /home/ubuntu/airflow-venv/lib/python3.12/site-packages/airflow/example_dags/example_dynamic_task_mapping.py for tasks to queue
[2026-02-24T18:02:24.056+0000] {logging_mixin.py:190} INFO - [2026-02-24T18:02:24.056+0000] {dagbag.py:588} INFO - Filling up the DagBag from /home/ubuntu/airflow-venv/lib/python3.12/site-packages/airflow/example_dags/example_dynamic_task_mapping.py
[2026-02-24T18:02:24.062+0000] {processor.py:925} INFO - DAG(s) 'example_dynamic_task_mapping' retrieved from /home/ubuntu/airflow-venv/lib/python3.12/site-packages/airflow/example_dags/example_dynamic_task_mapping.py
[2026-02-24T18:02:24.073+0000] {logging_mixin.py:190} INFO - [2026-02-24T18:02:24.073+0000] {dag.py:3239} INFO - Sync 1 DAGs
[2026-02-24T18:02:24.082+0000] {logging_mixin.py:190} INFO - [2026-02-24T18:02:24.082+0000] {dag.py:4180} INFO - Setting next_dagrun for example_dynamic_task_mapping to None, run_after=None
[2026-02-24T18:02:24.099+0000] {processor.py:208} INFO - Processing /home/ubuntu/airflow-venv/lib/python3.12/site-packages/airflow/example_dags/example_dynamic_task_mapping.py took 0.050 seconds
[2026-02-24T18:03:16.981+0000] {processor.py:186} INFO - Started process (PID=44279) to work on /home/ubuntu/airflow-venv/lib/python3.12/site-packages/airflow/example_dags/example_dynamic_task_mapping.py
[2026-02-24T18:03:16.982+0000] {processor.py:914} INFO - Processing file /home/ubuntu/airflow-venv/lib/python3.12/site-packages/airflow/example_dags/example_dynamic_task_mapping.py for tasks to queue
[2026-02-24T18:03:16.983+0000] {logging_mixin.py:190} INFO - [2026-02-24T18:03:16.983+0000] {dagbag.py:588} INFO - Filling up the DagBag from /home/ubuntu/airflow-venv/lib/python3.12/site-packages/airflow/example_dags/example_dynamic_task_mapping.py
[2026-02-24T18:03:16.990+0000] {processor.py:925} INFO - DAG(s) 'example_dynamic_task_mapping' retrieved from /home/ubuntu/airflow-venv/lib/python3.12/site-packages/airflow/example_dags/example_dynamic_task_mapping.py
[2026-02-24T18:03:17.002+0000] {logging_mixin.py:190} INFO - [2026-02-24T18:03:17.002+0000] {dag.py:3239} INFO - Sync 1 DAGs
[2026-02-24T18:03:17.011+0000] {logging_mixin.py:190} INFO - [2026-02-24T18:03:17.011+0000] {dag.py:4180} INFO - Setting next_dagrun for example_dynamic_task_mapping to None, run_after=None
[2026-02-24T18:03:17.029+0000] {processor.py:208} INFO - Processing /home/ubuntu/airflow-venv/lib/python3.12/site-packages/airflow/example_dags/example_dynamic_task_mapping.py took 0.052 seconds
[2026-02-24T18:04:05.581+0000] {processor.py:186} INFO - Started process (PID=44697) to work on /home/ubuntu/airflow-venv/lib/python3.12/site-packages/airflow/example_dags/example_dynamic_task_mapping.py
[2026-02-24T18:04:05.583+0000] {processor.py:914} INFO - Processing file /home/ubuntu/airflow-venv/lib/python3.12/site-packages/airflow/example_dags/example_dynamic_task_mapping.py for tasks to queue
[2026-02-24T18:04:05.584+0000] {logging_mixin.py:190} INFO - [2026-02-24T18:04:05.584+0000] {dagbag.py:588} INFO - Filling up the DagBag from /home/ubuntu/airflow-venv/lib/python3.12/site-packages/airflow/example_dags/example_dynamic_task_mapping.py
[2026-02-24T18:04:05.591+0000] {processor.py:925} INFO - DAG(s) 'example_dynamic_task_mapping' retrieved from /home/ubuntu/airflow-venv/lib/python3.12/site-packages/airflow/example_dags/example_dynamic_task_mapping.py
[2026-02-24T18:04:05.602+0000] {logging_mixin.py:190} INFO - [2026-02-24T18:04:05.602+0000] {dag.py:3239} INFO - Sync 1 DAGs
[2026-02-24T18:04:05.610+0000] {logging_mixin.py:190} INFO - [2026-02-24T18:04:05.610+0000] {dag.py:4180} INFO - Setting next_dagrun for example_dynamic_task_mapping to None, run_after=None
[2026-02-24T18:04:05.628+0000] {processor.py:208} INFO - Processing /home/ubuntu/airflow-venv/lib/python3.12/site-packages/airflow/example_dags/example_dynamic_task_mapping.py took 0.050 seconds
[2026-02-24T18:05:22.807+0000] {processor.py:186} INFO - Started process (PID=44779) to work on /home/ubuntu/airflow-venv/lib/python3.12/site-packages/airflow/example_dags/example_dynamic_task_mapping.py
[2026-02-24T18:05:22.809+0000] {processor.py:914} INFO - Processing file /home/ubuntu/airflow-venv/lib/python3.12/site-packages/airflow/example_dags/example_dynamic_task_mapping.py for tasks to queue
[2026-02-24T18:05:22.810+0000] {logging_mixin.py:190} INFO - [2026-02-24T18:05:22.810+0000] {dagbag.py:588} INFO - Filling up the DagBag from /home/ubuntu/airflow-venv/lib/python3.12/site-packages/airflow/example_dags/example_dynamic_task_mapping.py
[2026-02-24T18:05:22.816+0000] {processor.py:925} INFO - DAG(s) 'example_dynamic_task_mapping' retrieved from /home/ubuntu/airflow-venv/lib/python3.12/site-packages/airflow/example_dags/example_dynamic_task_mapping.py
[2026-02-24T18:05:22.827+0000] {logging_mixin.py:190} INFO - [2026-02-24T18:05:22.827+0000] {dag.py:3239} INFO - Sync 1 DAGs
[2026-02-24T18:05:22.922+0000] {logging_mixin.py:190} INFO - [2026-02-24T18:05:22.922+0000] {dag.py:4180} INFO - Setting next_dagrun for example_dynamic_task_mapping to None, run_after=None
[2026-02-24T18:05:22.938+0000] {processor.py:208} INFO - Processing /home/ubuntu/airflow-venv/lib/python3.12/site-packages/airflow/example_dags/example_dynamic_task_mapping.py took 0.136 seconds
[2026-02-24T18:06:18.802+0000] {processor.py:186} INFO - Started process (PID=44843) to work on /home/ubuntu/airflow-venv/lib/python3.12/site-packages/airflow/example_dags/example_dynamic_task_mapping.py
[2026-02-24T18:06:18.803+0000] {processor.py:914} INFO - Processing file /home/ubuntu/airflow-venv/lib/python3.12/site-packages/airflow/example_dags/example_dynamic_task_mapping.py for tasks to queue
[2026-02-24T18:06:18.805+0000] {logging_mixin.py:190} INFO - [2026-02-24T18:06:18.804+0000] {dagbag.py:588} INFO - Filling up the DagBag from /home/ubuntu/airflow-venv/lib/python3.12/site-packages/airflow/example_dags/example_dynamic_task_mapping.py
[2026-02-24T18:06:18.811+0000] {processor.py:925} INFO - DAG(s) 'example_dynamic_task_mapping' retrieved from /home/ubuntu/airflow-venv/lib/python3.12/site-packages/airflow/example_dags/example_dynamic_task_mapping.py
[2026-02-24T18:06:18.823+0000] {logging_mixin.py:190} INFO - [2026-02-24T18:06:18.823+0000] {dag.py:3239} INFO - Sync 1 DAGs
[2026-02-24T18:06:18.834+0000] {logging_mixin.py:190} INFO - [2026-02-24T18:06:18.834+0000] {dag.py:4180} INFO - Setting next_dagrun for example_dynamic_task_mapping to None, run_after=None
[2026-02-24T18:06:18.853+0000] {processor.py:208} INFO - Processing /home/ubuntu/airflow-venv/lib/python3.12/site-packages/airflow/example_dags/example_dynamic_task_mapping.py took 0.056 seconds
[2026-02-24T18:07:13.339+0000] {processor.py:186} INFO - Started process (PID=44900) to work on /home/ubuntu/airflow-venv/lib/python3.12/site-packages/airflow/example_dags/example_dynamic_task_mapping.py
[2026-02-24T18:07:13.340+0000] {processor.py:914} INFO - Processing file /home/ubuntu/airflow-venv/lib/python3.12/site-packages/airflow/example_dags/example_dynamic_task_mapping.py for tasks to queue
[2026-02-24T18:07:13.342+0000] {logging_mixin.py:190} INFO - [2026-02-24T18:07:13.342+0000] {dagbag.py:588} INFO - Filling up the DagBag from /home/ubuntu/airflow-venv/lib/python3.12/site-packages/airflow/example_dags/example_dynamic_task_mapping.py
[2026-02-24T18:07:13.348+0000] {processor.py:925} INFO - DAG(s) 'example_dynamic_task_mapping' retrieved from /home/ubuntu/airflow-venv/lib/python3.12/site-packages/airflow/example_dags/example_dynamic_task_mapping.py
[2026-02-24T18:07:13.360+0000] {logging_mixin.py:190} INFO - [2026-02-24T18:07:13.360+0000] {dag.py:3239} INFO - Sync 1 DAGs
[2026-02-24T18:07:13.369+0000] {logging_mixin.py:190} INFO - [2026-02-24T18:07:13.369+0000] {dag.py:4180} INFO - Setting next_dagrun for example_dynamic_task_mapping to None, run_after=None
[2026-02-24T18:07:13.387+0000] {processor.py:208} INFO - Processing /home/ubuntu/airflow-venv/lib/python3.12/site-packages/airflow/example_dags/example_dynamic_task_mapping.py took 0.052 seconds
[2026-02-24T18:08:27.192+0000] {processor.py:186} INFO - Started process (PID=44976) to work on /home/ubuntu/airflow-venv/lib/python3.12/site-packages/airflow/example_dags/example_dynamic_task_mapping.py
[2026-02-24T18:08:27.194+0000] {processor.py:914} INFO - Processing file /home/ubuntu/airflow-venv/lib/python3.12/site-packages/airflow/example_dags/example_dynamic_task_mapping.py for tasks to queue
[2026-02-24T18:08:27.195+0000] {logging_mixin.py:190} INFO - [2026-02-24T18:08:27.195+0000] {dagbag.py:588} INFO - Filling up the DagBag from /home/ubuntu/airflow-venv/lib/python3.12/site-packages/airflow/example_dags/example_dynamic_task_mapping.py
[2026-02-24T18:08:27.202+0000] {processor.py:925} INFO - DAG(s) 'example_dynamic_task_mapping' retrieved from /home/ubuntu/airflow-venv/lib/python3.12/site-packages/airflow/example_dags/example_dynamic_task_mapping.py
[2026-02-24T18:08:27.214+0000] {logging_mixin.py:190} INFO - [2026-02-24T18:08:27.214+0000] {dag.py:3239} INFO - Sync 1 DAGs
[2026-02-24T18:08:27.223+0000] {logging_mixin.py:190} INFO - [2026-02-24T18:08:27.223+0000] {dag.py:4180} INFO - Setting next_dagrun for example_dynamic_task_mapping to None, run_after=None
[2026-02-24T18:08:27.242+0000] {processor.py:208} INFO - Processing /home/ubuntu/airflow-venv/lib/python3.12/site-packages/airflow/example_dags/example_dynamic_task_mapping.py took 0.054 seconds
[2026-02-24T18:09:39.169+0000] {processor.py:186} INFO - Started process (PID=45053) to work on /home/ubuntu/airflow-venv/lib/python3.12/site-packages/airflow/example_dags/example_dynamic_task_mapping.py
[2026-02-24T18:09:39.170+0000] {processor.py:914} INFO - Processing file /home/ubuntu/airflow-venv/lib/python3.12/site-packages/airflow/example_dags/example_dynamic_task_mapping.py for tasks to queue
[2026-02-24T18:09:39.172+0000] {logging_mixin.py:190} INFO - [2026-02-24T18:09:39.172+0000] {dagbag.py:588} INFO - Filling up the DagBag from /home/ubuntu/airflow-venv/lib/python3.12/site-packages/airflow/example_dags/example_dynamic_task_mapping.py
[2026-02-24T18:09:39.178+0000] {processor.py:925} INFO - DAG(s) 'example_dynamic_task_mapping' retrieved from /home/ubuntu/airflow-venv/lib/python3.12/site-packages/airflow/example_dags/example_dynamic_task_mapping.py
[2026-02-24T18:09:39.190+0000] {logging_mixin.py:190} INFO - [2026-02-24T18:09:39.189+0000] {dag.py:3239} INFO - Sync 1 DAGs
[2026-02-24T18:09:39.199+0000] {logging_mixin.py:190} INFO - [2026-02-24T18:09:39.199+0000] {dag.py:4180} INFO - Setting next_dagrun for example_dynamic_task_mapping to None, run_after=None
[2026-02-24T18:09:39.217+0000] {processor.py:208} INFO - Processing /home/ubuntu/airflow-venv/lib/python3.12/site-packages/airflow/example_dags/example_dynamic_task_mapping.py took 0.053 seconds
[2026-02-24T18:10:32.098+0000] {processor.py:186} INFO - Started process (PID=45111) to work on /home/ubuntu/airflow-venv/lib/python3.12/site-packages/airflow/example_dags/example_dynamic_task_mapping.py
[2026-02-24T18:10:32.099+0000] {processor.py:914} INFO - Processing file /home/ubuntu/airflow-venv/lib/python3.12/site-packages/airflow/example_dags/example_dynamic_task_mapping.py for tasks to queue
[2026-02-24T18:10:32.100+0000] {logging_mixin.py:190} INFO - [2026-02-24T18:10:32.100+0000] {dagbag.py:588} INFO - Filling up the DagBag from /home/ubuntu/airflow-venv/lib/python3.12/site-packages/airflow/example_dags/example_dynamic_task_mapping.py
[2026-02-24T18:10:32.107+0000] {processor.py:925} INFO - DAG(s) 'example_dynamic_task_mapping' retrieved from /home/ubuntu/airflow-venv/lib/python3.12/site-packages/airflow/example_dags/example_dynamic_task_mapping.py
[2026-02-24T18:10:32.118+0000] {logging_mixin.py:190} INFO - [2026-02-24T18:10:32.118+0000] {dag.py:3239} INFO - Sync 1 DAGs
[2026-02-24T18:10:32.127+0000] {logging_mixin.py:190} INFO - [2026-02-24T18:10:32.127+0000] {dag.py:4180} INFO - Setting next_dagrun for example_dynamic_task_mapping to None, run_after=None
[2026-02-24T18:10:32.145+0000] {processor.py:208} INFO - Processing /home/ubuntu/airflow-venv/lib/python3.12/site-packages/airflow/example_dags/example_dynamic_task_mapping.py took 0.052 seconds
[2026-02-24T18:11:45.652+0000] {processor.py:186} INFO - Started process (PID=45188) to work on /home/ubuntu/airflow-venv/lib/python3.12/site-packages/airflow/example_dags/example_dynamic_task_mapping.py
[2026-02-24T18:11:45.653+0000] {processor.py:914} INFO - Processing file /home/ubuntu/airflow-venv/lib/python3.12/site-packages/airflow/example_dags/example_dynamic_task_mapping.py for tasks to queue
[2026-02-24T18:11:45.654+0000] {logging_mixin.py:190} INFO - [2026-02-24T18:11:45.654+0000] {dagbag.py:588} INFO - Filling up the DagBag from /home/ubuntu/airflow-venv/lib/python3.12/site-packages/airflow/example_dags/example_dynamic_task_mapping.py
[2026-02-24T18:11:45.661+0000] {processor.py:925} INFO - DAG(s) 'example_dynamic_task_mapping' retrieved from /home/ubuntu/airflow-venv/lib/python3.12/site-packages/airflow/example_dags/example_dynamic_task_mapping.py
[2026-02-24T18:11:45.672+0000] {logging_mixin.py:190} INFO - [2026-02-24T18:11:45.672+0000] {dag.py:3239} INFO - Sync 1 DAGs
[2026-02-24T18:11:45.681+0000] {logging_mixin.py:190} INFO - [2026-02-24T18:11:45.681+0000] {dag.py:4180} INFO - Setting next_dagrun for example_dynamic_task_mapping to None, run_after=None
[2026-02-24T18:11:45.700+0000] {processor.py:208} INFO - Processing /home/ubuntu/airflow-venv/lib/python3.12/site-packages/airflow/example_dags/example_dynamic_task_mapping.py took 0.053 seconds
[2026-02-24T18:12:39.050+0000] {processor.py:186} INFO - Started process (PID=45242) to work on /home/ubuntu/airflow-venv/lib/python3.12/site-packages/airflow/example_dags/example_dynamic_task_mapping.py
[2026-02-24T18:12:39.051+0000] {processor.py:914} INFO - Processing file /home/ubuntu/airflow-venv/lib/python3.12/site-packages/airflow/example_dags/example_dynamic_task_mapping.py for tasks to queue
[2026-02-24T18:12:39.053+0000] {logging_mixin.py:190} INFO - [2026-02-24T18:12:39.053+0000] {dagbag.py:588} INFO - Filling up the DagBag from /home/ubuntu/airflow-venv/lib/python3.12/site-packages/airflow/example_dags/example_dynamic_task_mapping.py
[2026-02-24T18:12:39.059+0000] {processor.py:925} INFO - DAG(s) 'example_dynamic_task_mapping' retrieved from /home/ubuntu/airflow-venv/lib/python3.12/site-packages/airflow/example_dags/example_dynamic_task_mapping.py
[2026-02-24T18:12:39.071+0000] {logging_mixin.py:190} INFO - [2026-02-24T18:12:39.071+0000] {dag.py:3239} INFO - Sync 1 DAGs
[2026-02-24T18:12:39.080+0000] {logging_mixin.py:190} INFO - [2026-02-24T18:12:39.080+0000] {dag.py:4180} INFO - Setting next_dagrun for example_dynamic_task_mapping to None, run_after=None
[2026-02-24T18:12:39.097+0000] {processor.py:208} INFO - Processing /home/ubuntu/airflow-venv/lib/python3.12/site-packages/airflow/example_dags/example_dynamic_task_mapping.py took 0.052 seconds
[2026-02-24T18:13:52.563+0000] {processor.py:186} INFO - Started process (PID=45320) to work on /home/ubuntu/airflow-venv/lib/python3.12/site-packages/airflow/example_dags/example_dynamic_task_mapping.py
[2026-02-24T18:13:52.565+0000] {processor.py:914} INFO - Processing file /home/ubuntu/airflow-venv/lib/python3.12/site-packages/airflow/example_dags/example_dynamic_task_mapping.py for tasks to queue
[2026-02-24T18:13:52.566+0000] {logging_mixin.py:190} INFO - [2026-02-24T18:13:52.566+0000] {dagbag.py:588} INFO - Filling up the DagBag from /home/ubuntu/airflow-venv/lib/python3.12/site-packages/airflow/example_dags/example_dynamic_task_mapping.py
[2026-02-24T18:13:52.573+0000] {processor.py:925} INFO - DAG(s) 'example_dynamic_task_mapping' retrieved from /home/ubuntu/airflow-venv/lib/python3.12/site-packages/airflow/example_dags/example_dynamic_task_mapping.py
[2026-02-24T18:13:52.584+0000] {logging_mixin.py:190} INFO - [2026-02-24T18:13:52.584+0000] {dag.py:3239} INFO - Sync 1 DAGs
[2026-02-24T18:13:52.593+0000] {logging_mixin.py:190} INFO - [2026-02-24T18:13:52.593+0000] {dag.py:4180} INFO - Setting next_dagrun for example_dynamic_task_mapping to None, run_after=None
[2026-02-24T18:13:52.612+0000] {processor.py:208} INFO - Processing /home/ubuntu/airflow-venv/lib/python3.12/site-packages/airflow/example_dags/example_dynamic_task_mapping.py took 0.052 seconds
[2026-02-24T18:15:05.705+0000] {processor.py:186} INFO - Started process (PID=45400) to work on /home/ubuntu/airflow-venv/lib/python3.12/site-packages/airflow/example_dags/example_dynamic_task_mapping.py
[2026-02-24T18:15:05.707+0000] {processor.py:914} INFO - Processing file /home/ubuntu/airflow-venv/lib/python3.12/site-packages/airflow/example_dags/example_dynamic_task_mapping.py for tasks to queue
[2026-02-24T18:15:05.708+0000] {logging_mixin.py:190} INFO - [2026-02-24T18:15:05.708+0000] {dagbag.py:588} INFO - Filling up the DagBag from /home/ubuntu/airflow-venv/lib/python3.12/site-packages/airflow/example_dags/example_dynamic_task_mapping.py
[2026-02-24T18:15:05.715+0000] {processor.py:925} INFO - DAG(s) 'example_dynamic_task_mapping' retrieved from /home/ubuntu/airflow-venv/lib/python3.12/site-packages/airflow/example_dags/example_dynamic_task_mapping.py
[2026-02-24T18:15:05.726+0000] {logging_mixin.py:190} INFO - [2026-02-24T18:15:05.726+0000] {dag.py:3239} INFO - Sync 1 DAGs
[2026-02-24T18:15:05.735+0000] {logging_mixin.py:190} INFO - [2026-02-24T18:15:05.735+0000] {dag.py:4180} INFO - Setting next_dagrun for example_dynamic_task_mapping to None, run_after=None
[2026-02-24T18:15:05.753+0000] {processor.py:208} INFO - Processing /home/ubuntu/airflow-venv/lib/python3.12/site-packages/airflow/example_dags/example_dynamic_task_mapping.py took 0.052 seconds
[2026-02-24T18:15:57.116+0000] {processor.py:186} INFO - Started process (PID=45454) to work on /home/ubuntu/airflow-venv/lib/python3.12/site-packages/airflow/example_dags/example_dynamic_task_mapping.py
[2026-02-24T18:15:57.117+0000] {processor.py:914} INFO - Processing file /home/ubuntu/airflow-venv/lib/python3.12/site-packages/airflow/example_dags/example_dynamic_task_mapping.py for tasks to queue
[2026-02-24T18:15:57.119+0000] {logging_mixin.py:190} INFO - [2026-02-24T18:15:57.118+0000] {dagbag.py:588} INFO - Filling up the DagBag from /home/ubuntu/airflow-venv/lib/python3.12/site-packages/airflow/example_dags/example_dynamic_task_mapping.py
[2026-02-24T18:15:57.125+0000] {processor.py:925} INFO - DAG(s) 'example_dynamic_task_mapping' retrieved from /home/ubuntu/airflow-venv/lib/python3.12/site-packages/airflow/example_dags/example_dynamic_task_mapping.py
[2026-02-24T18:15:57.137+0000] {logging_mixin.py:190} INFO - [2026-02-24T18:15:57.137+0000] {dag.py:3239} INFO - Sync 1 DAGs
[2026-02-24T18:15:57.147+0000] {logging_mixin.py:190} INFO - [2026-02-24T18:15:57.146+0000] {dag.py:4180} INFO - Setting next_dagrun for example_dynamic_task_mapping to None, run_after=None
[2026-02-24T18:15:57.165+0000] {processor.py:208} INFO - Processing /home/ubuntu/airflow-venv/lib/python3.12/site-packages/airflow/example_dags/example_dynamic_task_mapping.py took 0.054 seconds
[2026-02-24T18:16:47.064+0000] {processor.py:186} INFO - Started process (PID=45507) to work on /home/ubuntu/airflow-venv/lib/python3.12/site-packages/airflow/example_dags/example_dynamic_task_mapping.py
[2026-02-24T18:16:47.065+0000] {processor.py:914} INFO - Processing file /home/ubuntu/airflow-venv/lib/python3.12/site-packages/airflow/example_dags/example_dynamic_task_mapping.py for tasks to queue
[2026-02-24T18:16:47.066+0000] {logging_mixin.py:190} INFO - [2026-02-24T18:16:47.066+0000] {dagbag.py:588} INFO - Filling up the DagBag from /home/ubuntu/airflow-venv/lib/python3.12/site-packages/airflow/example_dags/example_dynamic_task_mapping.py
[2026-02-24T18:16:47.073+0000] {processor.py:925} INFO - DAG(s) 'example_dynamic_task_mapping' retrieved from /home/ubuntu/airflow-venv/lib/python3.12/site-packages/airflow/example_dags/example_dynamic_task_mapping.py
[2026-02-24T18:16:47.084+0000] {logging_mixin.py:190} INFO - [2026-02-24T18:16:47.084+0000] {dag.py:3239} INFO - Sync 1 DAGs
[2026-02-24T18:16:47.093+0000] {logging_mixin.py:190} INFO - [2026-02-24T18:16:47.093+0000] {dag.py:4180} INFO - Setting next_dagrun for example_dynamic_task_mapping to None, run_after=None
[2026-02-24T18:16:47.111+0000] {processor.py:208} INFO - Processing /home/ubuntu/airflow-venv/lib/python3.12/site-packages/airflow/example_dags/example_dynamic_task_mapping.py took 0.051 seconds
[2026-02-24T18:17:39.661+0000] {processor.py:186} INFO - Started process (PID=45564) to work on /home/ubuntu/airflow-venv/lib/python3.12/site-packages/airflow/example_dags/example_dynamic_task_mapping.py
[2026-02-24T18:17:39.663+0000] {processor.py:914} INFO - Processing file /home/ubuntu/airflow-venv/lib/python3.12/site-packages/airflow/example_dags/example_dynamic_task_mapping.py for tasks to queue
[2026-02-24T18:17:39.664+0000] {logging_mixin.py:190} INFO - [2026-02-24T18:17:39.664+0000] {dagbag.py:588} INFO - Filling up the DagBag from /home/ubuntu/airflow-venv/lib/python3.12/site-packages/airflow/example_dags/example_dynamic_task_mapping.py
[2026-02-24T18:17:39.671+0000] {processor.py:925} INFO - DAG(s) 'example_dynamic_task_mapping' retrieved from /home/ubuntu/airflow-venv/lib/python3.12/site-packages/airflow/example_dags/example_dynamic_task_mapping.py
[2026-02-24T18:17:39.683+0000] {logging_mixin.py:190} INFO - [2026-02-24T18:17:39.683+0000] {dag.py:3239} INFO - Sync 1 DAGs
[2026-02-24T18:17:39.692+0000] {logging_mixin.py:190} INFO - [2026-02-24T18:17:39.691+0000] {dag.py:4180} INFO - Setting next_dagrun for example_dynamic_task_mapping to None, run_after=None
[2026-02-24T18:17:39.709+0000] {processor.py:208} INFO - Processing /home/ubuntu/airflow-venv/lib/python3.12/site-packages/airflow/example_dags/example_dynamic_task_mapping.py took 0.052 seconds
[2026-02-24T18:18:32.759+0000] {processor.py:186} INFO - Started process (PID=45620) to work on /home/ubuntu/airflow-venv/lib/python3.12/site-packages/airflow/example_dags/example_dynamic_task_mapping.py
[2026-02-24T18:18:32.760+0000] {processor.py:914} INFO - Processing file /home/ubuntu/airflow-venv/lib/python3.12/site-packages/airflow/example_dags/example_dynamic_task_mapping.py for tasks to queue
[2026-02-24T18:18:32.762+0000] {logging_mixin.py:190} INFO - [2026-02-24T18:18:32.761+0000] {dagbag.py:588} INFO - Filling up the DagBag from /home/ubuntu/airflow-venv/lib/python3.12/site-packages/airflow/example_dags/example_dynamic_task_mapping.py
[2026-02-24T18:18:32.768+0000] {processor.py:925} INFO - DAG(s) 'example_dynamic_task_mapping' retrieved from /home/ubuntu/airflow-venv/lib/python3.12/site-packages/airflow/example_dags/example_dynamic_task_mapping.py
[2026-02-24T18:18:32.779+0000] {logging_mixin.py:190} INFO - [2026-02-24T18:18:32.779+0000] {dag.py:3239} INFO - Sync 1 DAGs
[2026-02-24T18:18:32.788+0000] {logging_mixin.py:190} INFO - [2026-02-24T18:18:32.788+0000] {dag.py:4180} INFO - Setting next_dagrun for example_dynamic_task_mapping to None, run_after=None
[2026-02-24T18:18:32.806+0000] {processor.py:208} INFO - Processing /home/ubuntu/airflow-venv/lib/python3.12/site-packages/airflow/example_dags/example_dynamic_task_mapping.py took 0.052 seconds
[2026-02-24T18:19:22.416+0000] {processor.py:186} INFO - Started process (PID=45671) to work on /home/ubuntu/airflow-venv/lib/python3.12/site-packages/airflow/example_dags/example_dynamic_task_mapping.py
[2026-02-24T18:19:22.417+0000] {processor.py:914} INFO - Processing file /home/ubuntu/airflow-venv/lib/python3.12/site-packages/airflow/example_dags/example_dynamic_task_mapping.py for tasks to queue
[2026-02-24T18:19:22.419+0000] {logging_mixin.py:190} INFO - [2026-02-24T18:19:22.418+0000] {dagbag.py:588} INFO - Filling up the DagBag from /home/ubuntu/airflow-venv/lib/python3.12/site-packages/airflow/example_dags/example_dynamic_task_mapping.py
[2026-02-24T18:19:22.425+0000] {processor.py:925} INFO - DAG(s) 'example_dynamic_task_mapping' retrieved from /home/ubuntu/airflow-venv/lib/python3.12/site-packages/airflow/example_dags/example_dynamic_task_mapping.py
[2026-02-24T18:19:22.436+0000] {logging_mixin.py:190} INFO - [2026-02-24T18:19:22.436+0000] {dag.py:3239} INFO - Sync 1 DAGs
[2026-02-24T18:19:22.445+0000] {logging_mixin.py:190} INFO - [2026-02-24T18:19:22.445+0000] {dag.py:4180} INFO - Setting next_dagrun for example_dynamic_task_mapping to None, run_after=None
[2026-02-24T18:19:22.463+0000] {processor.py:208} INFO - Processing /home/ubuntu/airflow-venv/lib/python3.12/site-packages/airflow/example_dags/example_dynamic_task_mapping.py took 0.052 seconds
[2026-02-24T18:20:16.046+0000] {processor.py:186} INFO - Started process (PID=45729) to work on /home/ubuntu/airflow-venv/lib/python3.12/site-packages/airflow/example_dags/example_dynamic_task_mapping.py
[2026-02-24T18:20:16.048+0000] {processor.py:914} INFO - Processing file /home/ubuntu/airflow-venv/lib/python3.12/site-packages/airflow/example_dags/example_dynamic_task_mapping.py for tasks to queue
[2026-02-24T18:20:16.049+0000] {logging_mixin.py:190} INFO - [2026-02-24T18:20:16.049+0000] {dagbag.py:588} INFO - Filling up the DagBag from /home/ubuntu/airflow-venv/lib/python3.12/site-packages/airflow/example_dags/example_dynamic_task_mapping.py
[2026-02-24T18:20:16.056+0000] {processor.py:925} INFO - DAG(s) 'example_dynamic_task_mapping' retrieved from /home/ubuntu/airflow-venv/lib/python3.12/site-packages/airflow/example_dags/example_dynamic_task_mapping.py
[2026-02-24T18:20:16.068+0000] {logging_mixin.py:190} INFO - [2026-02-24T18:20:16.067+0000] {dag.py:3239} INFO - Sync 1 DAGs
[2026-02-24T18:20:16.077+0000] {logging_mixin.py:190} INFO - [2026-02-24T18:20:16.077+0000] {dag.py:4180} INFO - Setting next_dagrun for example_dynamic_task_mapping to None, run_after=None
[2026-02-24T18:20:16.095+0000] {processor.py:208} INFO - Processing /home/ubuntu/airflow-venv/lib/python3.12/site-packages/airflow/example_dags/example_dynamic_task_mapping.py took 0.053 seconds
