[2026-02-24T17:59:12.876+0000] {processor.py:186} INFO - Started process (PID=43652) to work on /home/ubuntu/airflow-venv/lib/python3.12/site-packages/airflow/example_dags/example_skip_dag.py
[2026-02-24T17:59:12.877+0000] {processor.py:914} INFO - Processing file /home/ubuntu/airflow-venv/lib/python3.12/site-packages/airflow/example_dags/example_skip_dag.py for tasks to queue
[2026-02-24T17:59:12.878+0000] {logging_mixin.py:190} INFO - [2026-02-24T17:59:12.878+0000] {dagbag.py:588} INFO - Filling up the DagBag from /home/ubuntu/airflow-venv/lib/python3.12/site-packages/airflow/example_dags/example_skip_dag.py
[2026-02-24T17:59:12.884+0000] {processor.py:925} INFO - DAG(s) 'example_skip_dag' retrieved from /home/ubuntu/airflow-venv/lib/python3.12/site-packages/airflow/example_dags/example_skip_dag.py
[2026-02-24T17:59:12.961+0000] {logging_mixin.py:190} INFO - [2026-02-24T17:59:12.960+0000] {override.py:1900} INFO - Created Permission View: can edit on DAG:example_skip_dag
[2026-02-24T17:59:12.972+0000] {logging_mixin.py:190} INFO - [2026-02-24T17:59:12.972+0000] {override.py:1900} INFO - Created Permission View: can delete on DAG:example_skip_dag
[2026-02-24T17:59:12.980+0000] {logging_mixin.py:190} INFO - [2026-02-24T17:59:12.980+0000] {override.py:1900} INFO - Created Permission View: can read on DAG:example_skip_dag
[2026-02-24T17:59:12.996+0000] {logging_mixin.py:190} INFO - [2026-02-24T17:59:12.996+0000] {override.py:1900} INFO - Created Permission View: can delete on DAG Run:example_skip_dag
[2026-02-24T17:59:13.004+0000] {logging_mixin.py:190} INFO - [2026-02-24T17:59:13.004+0000] {override.py:1900} INFO - Created Permission View: menu access on DAG Run:example_skip_dag
[2026-02-24T17:59:13.013+0000] {logging_mixin.py:190} INFO - [2026-02-24T17:59:13.013+0000] {override.py:1900} INFO - Created Permission View: can create on DAG Run:example_skip_dag
[2026-02-24T17:59:13.023+0000] {logging_mixin.py:190} INFO - [2026-02-24T17:59:13.022+0000] {override.py:1900} INFO - Created Permission View: can read on DAG Run:example_skip_dag
[2026-02-24T17:59:13.023+0000] {logging_mixin.py:190} INFO - [2026-02-24T17:59:13.023+0000] {dag.py:3239} INFO - Sync 1 DAGs
[2026-02-24T17:59:13.033+0000] {logging_mixin.py:190} INFO - [2026-02-24T17:59:13.032+0000] {dag.py:3262} INFO - Creating ORM DAG for example_skip_dag
[2026-02-24T17:59:13.039+0000] {logging_mixin.py:190} INFO - [2026-02-24T17:59:13.038+0000] {dag.py:4180} INFO - Setting next_dagrun for example_skip_dag to 2026-02-23 00:00:00+00:00, run_after=2026-02-24 00:00:00+00:00
[2026-02-24T17:59:13.057+0000] {processor.py:208} INFO - Processing /home/ubuntu/airflow-venv/lib/python3.12/site-packages/airflow/example_dags/example_skip_dag.py took 0.185 seconds
[2026-02-24T18:00:13.682+0000] {processor.py:186} INFO - Started process (PID=43709) to work on /home/ubuntu/airflow-venv/lib/python3.12/site-packages/airflow/example_dags/example_skip_dag.py
[2026-02-24T18:00:13.684+0000] {processor.py:914} INFO - Processing file /home/ubuntu/airflow-venv/lib/python3.12/site-packages/airflow/example_dags/example_skip_dag.py for tasks to queue
[2026-02-24T18:00:13.685+0000] {logging_mixin.py:190} INFO - [2026-02-24T18:00:13.685+0000] {dagbag.py:588} INFO - Filling up the DagBag from /home/ubuntu/airflow-venv/lib/python3.12/site-packages/airflow/example_dags/example_skip_dag.py
[2026-02-24T18:00:13.691+0000] {processor.py:925} INFO - DAG(s) 'example_skip_dag' retrieved from /home/ubuntu/airflow-venv/lib/python3.12/site-packages/airflow/example_dags/example_skip_dag.py
[2026-02-24T18:00:13.704+0000] {logging_mixin.py:190} INFO - [2026-02-24T18:00:13.704+0000] {dag.py:3239} INFO - Sync 1 DAGs
[2026-02-24T18:00:13.718+0000] {logging_mixin.py:190} INFO - [2026-02-24T18:00:13.718+0000] {dag.py:4180} INFO - Setting next_dagrun for example_skip_dag to 2026-02-23 00:00:00+00:00, run_after=2026-02-24 00:00:00+00:00
[2026-02-24T18:00:13.736+0000] {processor.py:208} INFO - Processing /home/ubuntu/airflow-venv/lib/python3.12/site-packages/airflow/example_dags/example_skip_dag.py took 0.058 seconds
[2026-02-24T18:01:06.248+0000] {processor.py:186} INFO - Started process (PID=43773) to work on /home/ubuntu/airflow-venv/lib/python3.12/site-packages/airflow/example_dags/example_skip_dag.py
[2026-02-24T18:01:06.250+0000] {processor.py:914} INFO - Processing file /home/ubuntu/airflow-venv/lib/python3.12/site-packages/airflow/example_dags/example_skip_dag.py for tasks to queue
[2026-02-24T18:01:06.251+0000] {logging_mixin.py:190} INFO - [2026-02-24T18:01:06.251+0000] {dagbag.py:588} INFO - Filling up the DagBag from /home/ubuntu/airflow-venv/lib/python3.12/site-packages/airflow/example_dags/example_skip_dag.py
[2026-02-24T18:01:06.257+0000] {processor.py:925} INFO - DAG(s) 'example_skip_dag' retrieved from /home/ubuntu/airflow-venv/lib/python3.12/site-packages/airflow/example_dags/example_skip_dag.py
[2026-02-24T18:01:06.269+0000] {logging_mixin.py:190} INFO - [2026-02-24T18:01:06.269+0000] {dag.py:3239} INFO - Sync 1 DAGs
[2026-02-24T18:01:06.284+0000] {logging_mixin.py:190} INFO - [2026-02-24T18:01:06.284+0000] {dag.py:4180} INFO - Setting next_dagrun for example_skip_dag to 2026-02-23 00:00:00+00:00, run_after=2026-02-24 00:00:00+00:00
[2026-02-24T18:01:06.303+0000] {processor.py:208} INFO - Processing /home/ubuntu/airflow-venv/lib/python3.12/site-packages/airflow/example_dags/example_skip_dag.py took 0.059 seconds
[2026-02-24T18:02:02.726+0000] {processor.py:186} INFO - Started process (PID=43831) to work on /home/ubuntu/airflow-venv/lib/python3.12/site-packages/airflow/example_dags/example_skip_dag.py
[2026-02-24T18:02:02.728+0000] {processor.py:914} INFO - Processing file /home/ubuntu/airflow-venv/lib/python3.12/site-packages/airflow/example_dags/example_skip_dag.py for tasks to queue
[2026-02-24T18:02:02.729+0000] {logging_mixin.py:190} INFO - [2026-02-24T18:02:02.729+0000] {dagbag.py:588} INFO - Filling up the DagBag from /home/ubuntu/airflow-venv/lib/python3.12/site-packages/airflow/example_dags/example_skip_dag.py
[2026-02-24T18:02:02.736+0000] {processor.py:925} INFO - DAG(s) 'example_skip_dag' retrieved from /home/ubuntu/airflow-venv/lib/python3.12/site-packages/airflow/example_dags/example_skip_dag.py
[2026-02-24T18:02:02.748+0000] {logging_mixin.py:190} INFO - [2026-02-24T18:02:02.748+0000] {dag.py:3239} INFO - Sync 1 DAGs
[2026-02-24T18:02:02.763+0000] {logging_mixin.py:190} INFO - [2026-02-24T18:02:02.762+0000] {dag.py:4180} INFO - Setting next_dagrun for example_skip_dag to 2026-02-23 00:00:00+00:00, run_after=2026-02-24 00:00:00+00:00
[2026-02-24T18:02:02.780+0000] {processor.py:208} INFO - Processing /home/ubuntu/airflow-venv/lib/python3.12/site-packages/airflow/example_dags/example_skip_dag.py took 0.058 seconds
[2026-02-24T18:02:56.716+0000] {processor.py:186} INFO - Started process (PID=44257) to work on /home/ubuntu/airflow-venv/lib/python3.12/site-packages/airflow/example_dags/example_skip_dag.py
[2026-02-24T18:02:56.717+0000] {processor.py:914} INFO - Processing file /home/ubuntu/airflow-venv/lib/python3.12/site-packages/airflow/example_dags/example_skip_dag.py for tasks to queue
[2026-02-24T18:02:56.719+0000] {logging_mixin.py:190} INFO - [2026-02-24T18:02:56.718+0000] {dagbag.py:588} INFO - Filling up the DagBag from /home/ubuntu/airflow-venv/lib/python3.12/site-packages/airflow/example_dags/example_skip_dag.py
[2026-02-24T18:02:56.724+0000] {processor.py:925} INFO - DAG(s) 'example_skip_dag' retrieved from /home/ubuntu/airflow-venv/lib/python3.12/site-packages/airflow/example_dags/example_skip_dag.py
[2026-02-24T18:02:56.736+0000] {logging_mixin.py:190} INFO - [2026-02-24T18:02:56.736+0000] {dag.py:3239} INFO - Sync 1 DAGs
[2026-02-24T18:02:56.750+0000] {logging_mixin.py:190} INFO - [2026-02-24T18:02:56.750+0000] {dag.py:4180} INFO - Setting next_dagrun for example_skip_dag to 2026-02-23 00:00:00+00:00, run_after=2026-02-24 00:00:00+00:00
[2026-02-24T18:02:56.767+0000] {processor.py:208} INFO - Processing /home/ubuntu/airflow-venv/lib/python3.12/site-packages/airflow/example_dags/example_skip_dag.py took 0.056 seconds
[2026-02-24T18:03:47.290+0000] {processor.py:186} INFO - Started process (PID=44311) to work on /home/ubuntu/airflow-venv/lib/python3.12/site-packages/airflow/example_dags/example_skip_dag.py
[2026-02-24T18:03:47.291+0000] {processor.py:914} INFO - Processing file /home/ubuntu/airflow-venv/lib/python3.12/site-packages/airflow/example_dags/example_skip_dag.py for tasks to queue
[2026-02-24T18:03:47.293+0000] {logging_mixin.py:190} INFO - [2026-02-24T18:03:47.293+0000] {dagbag.py:588} INFO - Filling up the DagBag from /home/ubuntu/airflow-venv/lib/python3.12/site-packages/airflow/example_dags/example_skip_dag.py
[2026-02-24T18:03:47.299+0000] {processor.py:925} INFO - DAG(s) 'example_skip_dag' retrieved from /home/ubuntu/airflow-venv/lib/python3.12/site-packages/airflow/example_dags/example_skip_dag.py
[2026-02-24T18:03:47.312+0000] {logging_mixin.py:190} INFO - [2026-02-24T18:03:47.311+0000] {dag.py:3239} INFO - Sync 1 DAGs
[2026-02-24T18:03:47.325+0000] {logging_mixin.py:190} INFO - [2026-02-24T18:03:47.325+0000] {dag.py:4180} INFO - Setting next_dagrun for example_skip_dag to 2026-02-23 00:00:00+00:00, run_after=2026-02-24 00:00:00+00:00
[2026-02-24T18:03:47.343+0000] {processor.py:208} INFO - Processing /home/ubuntu/airflow-venv/lib/python3.12/site-packages/airflow/example_dags/example_skip_dag.py took 0.058 seconds
[2026-02-24T18:04:35.688+0000] {processor.py:186} INFO - Started process (PID=44728) to work on /home/ubuntu/airflow-venv/lib/python3.12/site-packages/airflow/example_dags/example_skip_dag.py
[2026-02-24T18:04:35.689+0000] {processor.py:914} INFO - Processing file /home/ubuntu/airflow-venv/lib/python3.12/site-packages/airflow/example_dags/example_skip_dag.py for tasks to queue
[2026-02-24T18:04:35.691+0000] {logging_mixin.py:190} INFO - [2026-02-24T18:04:35.691+0000] {dagbag.py:588} INFO - Filling up the DagBag from /home/ubuntu/airflow-venv/lib/python3.12/site-packages/airflow/example_dags/example_skip_dag.py
[2026-02-24T18:04:35.697+0000] {processor.py:925} INFO - DAG(s) 'example_skip_dag' retrieved from /home/ubuntu/airflow-venv/lib/python3.12/site-packages/airflow/example_dags/example_skip_dag.py
[2026-02-24T18:04:35.709+0000] {logging_mixin.py:190} INFO - [2026-02-24T18:04:35.708+0000] {dag.py:3239} INFO - Sync 1 DAGs
[2026-02-24T18:04:35.722+0000] {logging_mixin.py:190} INFO - [2026-02-24T18:04:35.722+0000] {dag.py:4180} INFO - Setting next_dagrun for example_skip_dag to 2026-02-23 00:00:00+00:00, run_after=2026-02-24 00:00:00+00:00
[2026-02-24T18:04:35.740+0000] {processor.py:208} INFO - Processing /home/ubuntu/airflow-venv/lib/python3.12/site-packages/airflow/example_dags/example_skip_dag.py took 0.057 seconds
[2026-02-24T18:05:28.107+0000] {processor.py:186} INFO - Started process (PID=44785) to work on /home/ubuntu/airflow-venv/lib/python3.12/site-packages/airflow/example_dags/example_skip_dag.py
[2026-02-24T18:05:28.108+0000] {processor.py:914} INFO - Processing file /home/ubuntu/airflow-venv/lib/python3.12/site-packages/airflow/example_dags/example_skip_dag.py for tasks to queue
[2026-02-24T18:05:28.110+0000] {logging_mixin.py:190} INFO - [2026-02-24T18:05:28.109+0000] {dagbag.py:588} INFO - Filling up the DagBag from /home/ubuntu/airflow-venv/lib/python3.12/site-packages/airflow/example_dags/example_skip_dag.py
[2026-02-24T18:05:28.115+0000] {processor.py:925} INFO - DAG(s) 'example_skip_dag' retrieved from /home/ubuntu/airflow-venv/lib/python3.12/site-packages/airflow/example_dags/example_skip_dag.py
[2026-02-24T18:05:28.218+0000] {logging_mixin.py:190} INFO - [2026-02-24T18:05:28.218+0000] {dag.py:3239} INFO - Sync 1 DAGs
[2026-02-24T18:05:28.229+0000] {logging_mixin.py:190} INFO - [2026-02-24T18:05:28.229+0000] {dag.py:4180} INFO - Setting next_dagrun for example_skip_dag to 2026-02-23 00:00:00+00:00, run_after=2026-02-24 00:00:00+00:00
[2026-02-24T18:05:28.246+0000] {processor.py:208} INFO - Processing /home/ubuntu/airflow-venv/lib/python3.12/site-packages/airflow/example_dags/example_skip_dag.py took 0.143 seconds
[2026-02-24T18:06:25.679+0000] {processor.py:186} INFO - Started process (PID=44850) to work on /home/ubuntu/airflow-venv/lib/python3.12/site-packages/airflow/example_dags/example_skip_dag.py
[2026-02-24T18:06:25.681+0000] {processor.py:914} INFO - Processing file /home/ubuntu/airflow-venv/lib/python3.12/site-packages/airflow/example_dags/example_skip_dag.py for tasks to queue
[2026-02-24T18:06:25.682+0000] {logging_mixin.py:190} INFO - [2026-02-24T18:06:25.682+0000] {dagbag.py:588} INFO - Filling up the DagBag from /home/ubuntu/airflow-venv/lib/python3.12/site-packages/airflow/example_dags/example_skip_dag.py
[2026-02-24T18:06:25.688+0000] {processor.py:925} INFO - DAG(s) 'example_skip_dag' retrieved from /home/ubuntu/airflow-venv/lib/python3.12/site-packages/airflow/example_dags/example_skip_dag.py
[2026-02-24T18:06:25.701+0000] {logging_mixin.py:190} INFO - [2026-02-24T18:06:25.701+0000] {dag.py:3239} INFO - Sync 1 DAGs
[2026-02-24T18:06:25.716+0000] {logging_mixin.py:190} INFO - [2026-02-24T18:06:25.716+0000] {dag.py:4180} INFO - Setting next_dagrun for example_skip_dag to 2026-02-23 00:00:00+00:00, run_after=2026-02-24 00:00:00+00:00
[2026-02-24T18:06:25.734+0000] {processor.py:208} INFO - Processing /home/ubuntu/airflow-venv/lib/python3.12/site-packages/airflow/example_dags/example_skip_dag.py took 0.058 seconds
[2026-02-24T18:07:17.019+0000] {processor.py:186} INFO - Started process (PID=44904) to work on /home/ubuntu/airflow-venv/lib/python3.12/site-packages/airflow/example_dags/example_skip_dag.py
[2026-02-24T18:07:17.021+0000] {processor.py:914} INFO - Processing file /home/ubuntu/airflow-venv/lib/python3.12/site-packages/airflow/example_dags/example_skip_dag.py for tasks to queue
[2026-02-24T18:07:17.022+0000] {logging_mixin.py:190} INFO - [2026-02-24T18:07:17.022+0000] {dagbag.py:588} INFO - Filling up the DagBag from /home/ubuntu/airflow-venv/lib/python3.12/site-packages/airflow/example_dags/example_skip_dag.py
[2026-02-24T18:07:17.028+0000] {processor.py:925} INFO - DAG(s) 'example_skip_dag' retrieved from /home/ubuntu/airflow-venv/lib/python3.12/site-packages/airflow/example_dags/example_skip_dag.py
[2026-02-24T18:07:17.041+0000] {logging_mixin.py:190} INFO - [2026-02-24T18:07:17.040+0000] {dag.py:3239} INFO - Sync 1 DAGs
[2026-02-24T18:07:17.056+0000] {logging_mixin.py:190} INFO - [2026-02-24T18:07:17.055+0000] {dag.py:4180} INFO - Setting next_dagrun for example_skip_dag to 2026-02-23 00:00:00+00:00, run_after=2026-02-24 00:00:00+00:00
[2026-02-24T18:07:17.073+0000] {processor.py:208} INFO - Processing /home/ubuntu/airflow-venv/lib/python3.12/site-packages/airflow/example_dags/example_skip_dag.py took 0.058 seconds
[2026-02-24T18:08:06.697+0000] {processor.py:186} INFO - Started process (PID=44955) to work on /home/ubuntu/airflow-venv/lib/python3.12/site-packages/airflow/example_dags/example_skip_dag.py
[2026-02-24T18:08:06.698+0000] {processor.py:914} INFO - Processing file /home/ubuntu/airflow-venv/lib/python3.12/site-packages/airflow/example_dags/example_skip_dag.py for tasks to queue
[2026-02-24T18:08:06.700+0000] {logging_mixin.py:190} INFO - [2026-02-24T18:08:06.700+0000] {dagbag.py:588} INFO - Filling up the DagBag from /home/ubuntu/airflow-venv/lib/python3.12/site-packages/airflow/example_dags/example_skip_dag.py
[2026-02-24T18:08:06.706+0000] {processor.py:925} INFO - DAG(s) 'example_skip_dag' retrieved from /home/ubuntu/airflow-venv/lib/python3.12/site-packages/airflow/example_dags/example_skip_dag.py
[2026-02-24T18:08:06.719+0000] {logging_mixin.py:190} INFO - [2026-02-24T18:08:06.719+0000] {dag.py:3239} INFO - Sync 1 DAGs
[2026-02-24T18:08:06.734+0000] {logging_mixin.py:190} INFO - [2026-02-24T18:08:06.733+0000] {dag.py:4180} INFO - Setting next_dagrun for example_skip_dag to 2026-02-23 00:00:00+00:00, run_after=2026-02-24 00:00:00+00:00
[2026-02-24T18:08:06.752+0000] {processor.py:208} INFO - Processing /home/ubuntu/airflow-venv/lib/python3.12/site-packages/airflow/example_dags/example_skip_dag.py took 0.060 seconds
[2026-02-24T18:08:56.909+0000] {processor.py:186} INFO - Started process (PID=45009) to work on /home/ubuntu/airflow-venv/lib/python3.12/site-packages/airflow/example_dags/example_skip_dag.py
[2026-02-24T18:08:56.910+0000] {processor.py:914} INFO - Processing file /home/ubuntu/airflow-venv/lib/python3.12/site-packages/airflow/example_dags/example_skip_dag.py for tasks to queue
[2026-02-24T18:08:56.912+0000] {logging_mixin.py:190} INFO - [2026-02-24T18:08:56.912+0000] {dagbag.py:588} INFO - Filling up the DagBag from /home/ubuntu/airflow-venv/lib/python3.12/site-packages/airflow/example_dags/example_skip_dag.py
[2026-02-24T18:08:56.918+0000] {processor.py:925} INFO - DAG(s) 'example_skip_dag' retrieved from /home/ubuntu/airflow-venv/lib/python3.12/site-packages/airflow/example_dags/example_skip_dag.py
[2026-02-24T18:08:56.931+0000] {logging_mixin.py:190} INFO - [2026-02-24T18:08:56.930+0000] {dag.py:3239} INFO - Sync 1 DAGs
[2026-02-24T18:08:56.945+0000] {logging_mixin.py:190} INFO - [2026-02-24T18:08:56.944+0000] {dag.py:4180} INFO - Setting next_dagrun for example_skip_dag to 2026-02-23 00:00:00+00:00, run_after=2026-02-24 00:00:00+00:00
[2026-02-24T18:08:56.963+0000] {processor.py:208} INFO - Processing /home/ubuntu/airflow-venv/lib/python3.12/site-packages/airflow/example_dags/example_skip_dag.py took 0.058 seconds
[2026-02-24T18:09:45.709+0000] {processor.py:186} INFO - Started process (PID=45060) to work on /home/ubuntu/airflow-venv/lib/python3.12/site-packages/airflow/example_dags/example_skip_dag.py
[2026-02-24T18:09:45.710+0000] {processor.py:914} INFO - Processing file /home/ubuntu/airflow-venv/lib/python3.12/site-packages/airflow/example_dags/example_skip_dag.py for tasks to queue
[2026-02-24T18:09:45.712+0000] {logging_mixin.py:190} INFO - [2026-02-24T18:09:45.712+0000] {dagbag.py:588} INFO - Filling up the DagBag from /home/ubuntu/airflow-venv/lib/python3.12/site-packages/airflow/example_dags/example_skip_dag.py
[2026-02-24T18:09:45.718+0000] {processor.py:925} INFO - DAG(s) 'example_skip_dag' retrieved from /home/ubuntu/airflow-venv/lib/python3.12/site-packages/airflow/example_dags/example_skip_dag.py
[2026-02-24T18:09:45.731+0000] {logging_mixin.py:190} INFO - [2026-02-24T18:09:45.731+0000] {dag.py:3239} INFO - Sync 1 DAGs
[2026-02-24T18:09:45.744+0000] {logging_mixin.py:190} INFO - [2026-02-24T18:09:45.744+0000] {dag.py:4180} INFO - Setting next_dagrun for example_skip_dag to 2026-02-23 00:00:00+00:00, run_after=2026-02-24 00:00:00+00:00
[2026-02-24T18:09:45.762+0000] {processor.py:208} INFO - Processing /home/ubuntu/airflow-venv/lib/python3.12/site-packages/airflow/example_dags/example_skip_dag.py took 0.058 seconds
[2026-02-24T18:10:36.881+0000] {processor.py:186} INFO - Started process (PID=45116) to work on /home/ubuntu/airflow-venv/lib/python3.12/site-packages/airflow/example_dags/example_skip_dag.py
[2026-02-24T18:10:36.882+0000] {processor.py:914} INFO - Processing file /home/ubuntu/airflow-venv/lib/python3.12/site-packages/airflow/example_dags/example_skip_dag.py for tasks to queue
[2026-02-24T18:10:36.884+0000] {logging_mixin.py:190} INFO - [2026-02-24T18:10:36.884+0000] {dagbag.py:588} INFO - Filling up the DagBag from /home/ubuntu/airflow-venv/lib/python3.12/site-packages/airflow/example_dags/example_skip_dag.py
[2026-02-24T18:10:36.890+0000] {processor.py:925} INFO - DAG(s) 'example_skip_dag' retrieved from /home/ubuntu/airflow-venv/lib/python3.12/site-packages/airflow/example_dags/example_skip_dag.py
[2026-02-24T18:10:36.903+0000] {logging_mixin.py:190} INFO - [2026-02-24T18:10:36.903+0000] {dag.py:3239} INFO - Sync 1 DAGs
[2026-02-24T18:10:36.918+0000] {logging_mixin.py:190} INFO - [2026-02-24T18:10:36.918+0000] {dag.py:4180} INFO - Setting next_dagrun for example_skip_dag to 2026-02-23 00:00:00+00:00, run_after=2026-02-24 00:00:00+00:00
[2026-02-24T18:10:36.935+0000] {processor.py:208} INFO - Processing /home/ubuntu/airflow-venv/lib/python3.12/site-packages/airflow/example_dags/example_skip_dag.py took 0.059 seconds
[2026-02-24T18:11:27.163+0000] {processor.py:186} INFO - Started process (PID=45168) to work on /home/ubuntu/airflow-venv/lib/python3.12/site-packages/airflow/example_dags/example_skip_dag.py
[2026-02-24T18:11:27.164+0000] {processor.py:914} INFO - Processing file /home/ubuntu/airflow-venv/lib/python3.12/site-packages/airflow/example_dags/example_skip_dag.py for tasks to queue
[2026-02-24T18:11:27.166+0000] {logging_mixin.py:190} INFO - [2026-02-24T18:11:27.166+0000] {dagbag.py:588} INFO - Filling up the DagBag from /home/ubuntu/airflow-venv/lib/python3.12/site-packages/airflow/example_dags/example_skip_dag.py
[2026-02-24T18:11:27.172+0000] {processor.py:925} INFO - DAG(s) 'example_skip_dag' retrieved from /home/ubuntu/airflow-venv/lib/python3.12/site-packages/airflow/example_dags/example_skip_dag.py
[2026-02-24T18:11:27.184+0000] {logging_mixin.py:190} INFO - [2026-02-24T18:11:27.184+0000] {dag.py:3239} INFO - Sync 1 DAGs
[2026-02-24T18:11:27.199+0000] {logging_mixin.py:190} INFO - [2026-02-24T18:11:27.198+0000] {dag.py:4180} INFO - Setting next_dagrun for example_skip_dag to 2026-02-23 00:00:00+00:00, run_after=2026-02-24 00:00:00+00:00
[2026-02-24T18:11:27.216+0000] {processor.py:208} INFO - Processing /home/ubuntu/airflow-venv/lib/python3.12/site-packages/airflow/example_dags/example_skip_dag.py took 0.058 seconds
[2026-02-24T18:12:18.484+0000] {processor.py:186} INFO - Started process (PID=45222) to work on /home/ubuntu/airflow-venv/lib/python3.12/site-packages/airflow/example_dags/example_skip_dag.py
[2026-02-24T18:12:18.485+0000] {processor.py:914} INFO - Processing file /home/ubuntu/airflow-venv/lib/python3.12/site-packages/airflow/example_dags/example_skip_dag.py for tasks to queue
[2026-02-24T18:12:18.486+0000] {logging_mixin.py:190} INFO - [2026-02-24T18:12:18.486+0000] {dagbag.py:588} INFO - Filling up the DagBag from /home/ubuntu/airflow-venv/lib/python3.12/site-packages/airflow/example_dags/example_skip_dag.py
[2026-02-24T18:12:18.493+0000] {processor.py:925} INFO - DAG(s) 'example_skip_dag' retrieved from /home/ubuntu/airflow-venv/lib/python3.12/site-packages/airflow/example_dags/example_skip_dag.py
[2026-02-24T18:12:18.505+0000] {logging_mixin.py:190} INFO - [2026-02-24T18:12:18.505+0000] {dag.py:3239} INFO - Sync 1 DAGs
[2026-02-24T18:12:18.520+0000] {logging_mixin.py:190} INFO - [2026-02-24T18:12:18.520+0000] {dag.py:4180} INFO - Setting next_dagrun for example_skip_dag to 2026-02-23 00:00:00+00:00, run_after=2026-02-24 00:00:00+00:00
[2026-02-24T18:12:18.538+0000] {processor.py:208} INFO - Processing /home/ubuntu/airflow-venv/lib/python3.12/site-packages/airflow/example_dags/example_skip_dag.py took 0.059 seconds
[2026-02-24T18:13:09.848+0000] {processor.py:186} INFO - Started process (PID=45276) to work on /home/ubuntu/airflow-venv/lib/python3.12/site-packages/airflow/example_dags/example_skip_dag.py
[2026-02-24T18:13:09.850+0000] {processor.py:914} INFO - Processing file /home/ubuntu/airflow-venv/lib/python3.12/site-packages/airflow/example_dags/example_skip_dag.py for tasks to queue
[2026-02-24T18:13:09.851+0000] {logging_mixin.py:190} INFO - [2026-02-24T18:13:09.851+0000] {dagbag.py:588} INFO - Filling up the DagBag from /home/ubuntu/airflow-venv/lib/python3.12/site-packages/airflow/example_dags/example_skip_dag.py
[2026-02-24T18:13:09.857+0000] {processor.py:925} INFO - DAG(s) 'example_skip_dag' retrieved from /home/ubuntu/airflow-venv/lib/python3.12/site-packages/airflow/example_dags/example_skip_dag.py
[2026-02-24T18:13:09.870+0000] {logging_mixin.py:190} INFO - [2026-02-24T18:13:09.869+0000] {dag.py:3239} INFO - Sync 1 DAGs
[2026-02-24T18:13:09.883+0000] {logging_mixin.py:190} INFO - [2026-02-24T18:13:09.883+0000] {dag.py:4180} INFO - Setting next_dagrun for example_skip_dag to 2026-02-23 00:00:00+00:00, run_after=2026-02-24 00:00:00+00:00
[2026-02-24T18:13:09.902+0000] {processor.py:208} INFO - Processing /home/ubuntu/airflow-venv/lib/python3.12/site-packages/airflow/example_dags/example_skip_dag.py took 0.058 seconds
[2026-02-24T18:13:56.786+0000] {processor.py:186} INFO - Started process (PID=45326) to work on /home/ubuntu/airflow-venv/lib/python3.12/site-packages/airflow/example_dags/example_skip_dag.py
[2026-02-24T18:13:56.787+0000] {processor.py:914} INFO - Processing file /home/ubuntu/airflow-venv/lib/python3.12/site-packages/airflow/example_dags/example_skip_dag.py for tasks to queue
[2026-02-24T18:13:56.789+0000] {logging_mixin.py:190} INFO - [2026-02-24T18:13:56.789+0000] {dagbag.py:588} INFO - Filling up the DagBag from /home/ubuntu/airflow-venv/lib/python3.12/site-packages/airflow/example_dags/example_skip_dag.py
[2026-02-24T18:13:56.795+0000] {processor.py:925} INFO - DAG(s) 'example_skip_dag' retrieved from /home/ubuntu/airflow-venv/lib/python3.12/site-packages/airflow/example_dags/example_skip_dag.py
[2026-02-24T18:13:56.808+0000] {logging_mixin.py:190} INFO - [2026-02-24T18:13:56.808+0000] {dag.py:3239} INFO - Sync 1 DAGs
[2026-02-24T18:13:56.822+0000] {logging_mixin.py:190} INFO - [2026-02-24T18:13:56.822+0000] {dag.py:4180} INFO - Setting next_dagrun for example_skip_dag to 2026-02-23 00:00:00+00:00, run_after=2026-02-24 00:00:00+00:00
[2026-02-24T18:13:56.840+0000] {processor.py:208} INFO - Processing /home/ubuntu/airflow-venv/lib/python3.12/site-packages/airflow/example_dags/example_skip_dag.py took 0.058 seconds
[2026-02-24T18:14:48.321+0000] {processor.py:186} INFO - Started process (PID=45378) to work on /home/ubuntu/airflow-venv/lib/python3.12/site-packages/airflow/example_dags/example_skip_dag.py
[2026-02-24T18:14:48.322+0000] {processor.py:914} INFO - Processing file /home/ubuntu/airflow-venv/lib/python3.12/site-packages/airflow/example_dags/example_skip_dag.py for tasks to queue
[2026-02-24T18:14:48.324+0000] {logging_mixin.py:190} INFO - [2026-02-24T18:14:48.324+0000] {dagbag.py:588} INFO - Filling up the DagBag from /home/ubuntu/airflow-venv/lib/python3.12/site-packages/airflow/example_dags/example_skip_dag.py
[2026-02-24T18:14:48.330+0000] {processor.py:925} INFO - DAG(s) 'example_skip_dag' retrieved from /home/ubuntu/airflow-venv/lib/python3.12/site-packages/airflow/example_dags/example_skip_dag.py
[2026-02-24T18:14:48.343+0000] {logging_mixin.py:190} INFO - [2026-02-24T18:14:48.343+0000] {dag.py:3239} INFO - Sync 1 DAGs
[2026-02-24T18:14:48.357+0000] {logging_mixin.py:190} INFO - [2026-02-24T18:14:48.357+0000] {dag.py:4180} INFO - Setting next_dagrun for example_skip_dag to 2026-02-23 00:00:00+00:00, run_after=2026-02-24 00:00:00+00:00
[2026-02-24T18:14:48.374+0000] {processor.py:208} INFO - Processing /home/ubuntu/airflow-venv/lib/python3.12/site-packages/airflow/example_dags/example_skip_dag.py took 0.058 seconds
[2026-02-24T18:15:38.813+0000] {processor.py:186} INFO - Started process (PID=45434) to work on /home/ubuntu/airflow-venv/lib/python3.12/site-packages/airflow/example_dags/example_skip_dag.py
[2026-02-24T18:15:38.814+0000] {processor.py:914} INFO - Processing file /home/ubuntu/airflow-venv/lib/python3.12/site-packages/airflow/example_dags/example_skip_dag.py for tasks to queue
[2026-02-24T18:15:38.816+0000] {logging_mixin.py:190} INFO - [2026-02-24T18:15:38.816+0000] {dagbag.py:588} INFO - Filling up the DagBag from /home/ubuntu/airflow-venv/lib/python3.12/site-packages/airflow/example_dags/example_skip_dag.py
[2026-02-24T18:15:38.822+0000] {processor.py:925} INFO - DAG(s) 'example_skip_dag' retrieved from /home/ubuntu/airflow-venv/lib/python3.12/site-packages/airflow/example_dags/example_skip_dag.py
[2026-02-24T18:15:38.835+0000] {logging_mixin.py:190} INFO - [2026-02-24T18:15:38.835+0000] {dag.py:3239} INFO - Sync 1 DAGs
[2026-02-24T18:15:38.850+0000] {logging_mixin.py:190} INFO - [2026-02-24T18:15:38.849+0000] {dag.py:4180} INFO - Setting next_dagrun for example_skip_dag to 2026-02-23 00:00:00+00:00, run_after=2026-02-24 00:00:00+00:00
[2026-02-24T18:15:38.869+0000] {processor.py:208} INFO - Processing /home/ubuntu/airflow-venv/lib/python3.12/site-packages/airflow/example_dags/example_skip_dag.py took 0.061 seconds
[2026-02-24T18:16:29.049+0000] {processor.py:186} INFO - Started process (PID=45488) to work on /home/ubuntu/airflow-venv/lib/python3.12/site-packages/airflow/example_dags/example_skip_dag.py
[2026-02-24T18:16:29.050+0000] {processor.py:914} INFO - Processing file /home/ubuntu/airflow-venv/lib/python3.12/site-packages/airflow/example_dags/example_skip_dag.py for tasks to queue
[2026-02-24T18:16:29.052+0000] {logging_mixin.py:190} INFO - [2026-02-24T18:16:29.052+0000] {dagbag.py:588} INFO - Filling up the DagBag from /home/ubuntu/airflow-venv/lib/python3.12/site-packages/airflow/example_dags/example_skip_dag.py
[2026-02-24T18:16:29.058+0000] {processor.py:925} INFO - DAG(s) 'example_skip_dag' retrieved from /home/ubuntu/airflow-venv/lib/python3.12/site-packages/airflow/example_dags/example_skip_dag.py
[2026-02-24T18:16:29.071+0000] {logging_mixin.py:190} INFO - [2026-02-24T18:16:29.071+0000] {dag.py:3239} INFO - Sync 1 DAGs
[2026-02-24T18:16:29.085+0000] {logging_mixin.py:190} INFO - [2026-02-24T18:16:29.085+0000] {dag.py:4180} INFO - Setting next_dagrun for example_skip_dag to 2026-02-23 00:00:00+00:00, run_after=2026-02-24 00:00:00+00:00
[2026-02-24T18:16:29.104+0000] {processor.py:208} INFO - Processing /home/ubuntu/airflow-venv/lib/python3.12/site-packages/airflow/example_dags/example_skip_dag.py took 0.059 seconds
[2026-02-24T18:17:19.279+0000] {processor.py:186} INFO - Started process (PID=45544) to work on /home/ubuntu/airflow-venv/lib/python3.12/site-packages/airflow/example_dags/example_skip_dag.py
[2026-02-24T18:17:19.280+0000] {processor.py:914} INFO - Processing file /home/ubuntu/airflow-venv/lib/python3.12/site-packages/airflow/example_dags/example_skip_dag.py for tasks to queue
[2026-02-24T18:17:19.282+0000] {logging_mixin.py:190} INFO - [2026-02-24T18:17:19.282+0000] {dagbag.py:588} INFO - Filling up the DagBag from /home/ubuntu/airflow-venv/lib/python3.12/site-packages/airflow/example_dags/example_skip_dag.py
[2026-02-24T18:17:19.289+0000] {processor.py:925} INFO - DAG(s) 'example_skip_dag' retrieved from /home/ubuntu/airflow-venv/lib/python3.12/site-packages/airflow/example_dags/example_skip_dag.py
[2026-02-24T18:17:19.302+0000] {logging_mixin.py:190} INFO - [2026-02-24T18:17:19.301+0000] {dag.py:3239} INFO - Sync 1 DAGs
[2026-02-24T18:17:19.317+0000] {logging_mixin.py:190} INFO - [2026-02-24T18:17:19.317+0000] {dag.py:4180} INFO - Setting next_dagrun for example_skip_dag to 2026-02-23 00:00:00+00:00, run_after=2026-02-24 00:00:00+00:00
[2026-02-24T18:17:19.336+0000] {processor.py:208} INFO - Processing /home/ubuntu/airflow-venv/lib/python3.12/site-packages/airflow/example_dags/example_skip_dag.py took 0.062 seconds
[2026-02-24T18:18:12.769+0000] {processor.py:186} INFO - Started process (PID=45600) to work on /home/ubuntu/airflow-venv/lib/python3.12/site-packages/airflow/example_dags/example_skip_dag.py
[2026-02-24T18:18:12.771+0000] {processor.py:914} INFO - Processing file /home/ubuntu/airflow-venv/lib/python3.12/site-packages/airflow/example_dags/example_skip_dag.py for tasks to queue
[2026-02-24T18:18:12.772+0000] {logging_mixin.py:190} INFO - [2026-02-24T18:18:12.772+0000] {dagbag.py:588} INFO - Filling up the DagBag from /home/ubuntu/airflow-venv/lib/python3.12/site-packages/airflow/example_dags/example_skip_dag.py
[2026-02-24T18:18:12.779+0000] {processor.py:925} INFO - DAG(s) 'example_skip_dag' retrieved from /home/ubuntu/airflow-venv/lib/python3.12/site-packages/airflow/example_dags/example_skip_dag.py
[2026-02-24T18:18:12.792+0000] {logging_mixin.py:190} INFO - [2026-02-24T18:18:12.791+0000] {dag.py:3239} INFO - Sync 1 DAGs
[2026-02-24T18:18:12.806+0000] {logging_mixin.py:190} INFO - [2026-02-24T18:18:12.805+0000] {dag.py:4180} INFO - Setting next_dagrun for example_skip_dag to 2026-02-23 00:00:00+00:00, run_after=2026-02-24 00:00:00+00:00
[2026-02-24T18:18:12.823+0000] {processor.py:208} INFO - Processing /home/ubuntu/airflow-venv/lib/python3.12/site-packages/airflow/example_dags/example_skip_dag.py took 0.058 seconds
[2026-02-24T18:19:04.120+0000] {processor.py:186} INFO - Started process (PID=45651) to work on /home/ubuntu/airflow-venv/lib/python3.12/site-packages/airflow/example_dags/example_skip_dag.py
[2026-02-24T18:19:04.121+0000] {processor.py:914} INFO - Processing file /home/ubuntu/airflow-venv/lib/python3.12/site-packages/airflow/example_dags/example_skip_dag.py for tasks to queue
[2026-02-24T18:19:04.122+0000] {logging_mixin.py:190} INFO - [2026-02-24T18:19:04.122+0000] {dagbag.py:588} INFO - Filling up the DagBag from /home/ubuntu/airflow-venv/lib/python3.12/site-packages/airflow/example_dags/example_skip_dag.py
[2026-02-24T18:19:04.129+0000] {processor.py:925} INFO - DAG(s) 'example_skip_dag' retrieved from /home/ubuntu/airflow-venv/lib/python3.12/site-packages/airflow/example_dags/example_skip_dag.py
[2026-02-24T18:19:04.142+0000] {logging_mixin.py:190} INFO - [2026-02-24T18:19:04.142+0000] {dag.py:3239} INFO - Sync 1 DAGs
[2026-02-24T18:19:04.157+0000] {logging_mixin.py:190} INFO - [2026-02-24T18:19:04.156+0000] {dag.py:4180} INFO - Setting next_dagrun for example_skip_dag to 2026-02-23 00:00:00+00:00, run_after=2026-02-24 00:00:00+00:00
[2026-02-24T18:19:04.175+0000] {processor.py:208} INFO - Processing /home/ubuntu/airflow-venv/lib/python3.12/site-packages/airflow/example_dags/example_skip_dag.py took 0.059 seconds
[2026-02-24T18:19:54.984+0000] {processor.py:186} INFO - Started process (PID=45705) to work on /home/ubuntu/airflow-venv/lib/python3.12/site-packages/airflow/example_dags/example_skip_dag.py
[2026-02-24T18:19:54.985+0000] {processor.py:914} INFO - Processing file /home/ubuntu/airflow-venv/lib/python3.12/site-packages/airflow/example_dags/example_skip_dag.py for tasks to queue
[2026-02-24T18:19:54.987+0000] {logging_mixin.py:190} INFO - [2026-02-24T18:19:54.986+0000] {dagbag.py:588} INFO - Filling up the DagBag from /home/ubuntu/airflow-venv/lib/python3.12/site-packages/airflow/example_dags/example_skip_dag.py
[2026-02-24T18:19:54.993+0000] {processor.py:925} INFO - DAG(s) 'example_skip_dag' retrieved from /home/ubuntu/airflow-venv/lib/python3.12/site-packages/airflow/example_dags/example_skip_dag.py
[2026-02-24T18:19:55.006+0000] {logging_mixin.py:190} INFO - [2026-02-24T18:19:55.005+0000] {dag.py:3239} INFO - Sync 1 DAGs
[2026-02-24T18:19:55.020+0000] {logging_mixin.py:190} INFO - [2026-02-24T18:19:55.020+0000] {dag.py:4180} INFO - Setting next_dagrun for example_skip_dag to 2026-02-23 00:00:00+00:00, run_after=2026-02-24 00:00:00+00:00
[2026-02-24T18:19:55.039+0000] {processor.py:208} INFO - Processing /home/ubuntu/airflow-venv/lib/python3.12/site-packages/airflow/example_dags/example_skip_dag.py took 0.060 seconds
