[2026-02-24T17:59:50.589+0000] {processor.py:186} INFO - Started process (PID=43685) to work on /home/ubuntu/airflow-venv/lib/python3.12/site-packages/airflow/example_dags/example_branch_datetime_operator.py
[2026-02-24T17:59:50.590+0000] {processor.py:914} INFO - Processing file /home/ubuntu/airflow-venv/lib/python3.12/site-packages/airflow/example_dags/example_branch_datetime_operator.py for tasks to queue
[2026-02-24T17:59:50.591+0000] {logging_mixin.py:190} INFO - [2026-02-24T17:59:50.591+0000] {dagbag.py:588} INFO - Filling up the DagBag from /home/ubuntu/airflow-venv/lib/python3.12/site-packages/airflow/example_dags/example_branch_datetime_operator.py
[2026-02-24T17:59:50.601+0000] {processor.py:925} INFO - DAG(s) 'example_branch_datetime_operator', 'example_branch_datetime_operator_2', 'example_branch_datetime_operator_3' retrieved from /home/ubuntu/airflow-venv/lib/python3.12/site-packages/airflow/example_dags/example_branch_datetime_operator.py
[2026-02-24T17:59:50.674+0000] {logging_mixin.py:190} INFO - [2026-02-24T17:59:50.673+0000] {override.py:1900} INFO - Created Permission View: can edit on DAG:example_branch_datetime_operator
[2026-02-24T17:59:50.686+0000] {logging_mixin.py:190} INFO - [2026-02-24T17:59:50.685+0000] {override.py:1900} INFO - Created Permission View: can delete on DAG:example_branch_datetime_operator
[2026-02-24T17:59:50.694+0000] {logging_mixin.py:190} INFO - [2026-02-24T17:59:50.694+0000] {override.py:1900} INFO - Created Permission View: can read on DAG:example_branch_datetime_operator
[2026-02-24T17:59:50.709+0000] {logging_mixin.py:190} INFO - [2026-02-24T17:59:50.709+0000] {override.py:1900} INFO - Created Permission View: can delete on DAG Run:example_branch_datetime_operator
[2026-02-24T17:59:50.718+0000] {logging_mixin.py:190} INFO - [2026-02-24T17:59:50.718+0000] {override.py:1900} INFO - Created Permission View: menu access on DAG Run:example_branch_datetime_operator
[2026-02-24T17:59:50.726+0000] {logging_mixin.py:190} INFO - [2026-02-24T17:59:50.726+0000] {override.py:1900} INFO - Created Permission View: can create on DAG Run:example_branch_datetime_operator
[2026-02-24T17:59:50.735+0000] {logging_mixin.py:190} INFO - [2026-02-24T17:59:50.734+0000] {override.py:1900} INFO - Created Permission View: can read on DAG Run:example_branch_datetime_operator
[2026-02-24T17:59:50.753+0000] {logging_mixin.py:190} INFO - [2026-02-24T17:59:50.753+0000] {override.py:1900} INFO - Created Permission View: can edit on DAG:example_branch_datetime_operator_2
[2026-02-24T17:59:50.762+0000] {logging_mixin.py:190} INFO - [2026-02-24T17:59:50.762+0000] {override.py:1900} INFO - Created Permission View: can delete on DAG:example_branch_datetime_operator_2
[2026-02-24T17:59:50.771+0000] {logging_mixin.py:190} INFO - [2026-02-24T17:59:50.771+0000] {override.py:1900} INFO - Created Permission View: can read on DAG:example_branch_datetime_operator_2
[2026-02-24T17:59:50.787+0000] {logging_mixin.py:190} INFO - [2026-02-24T17:59:50.787+0000] {override.py:1900} INFO - Created Permission View: can delete on DAG Run:example_branch_datetime_operator_2
[2026-02-24T17:59:50.796+0000] {logging_mixin.py:190} INFO - [2026-02-24T17:59:50.795+0000] {override.py:1900} INFO - Created Permission View: menu access on DAG Run:example_branch_datetime_operator_2
[2026-02-24T17:59:50.804+0000] {logging_mixin.py:190} INFO - [2026-02-24T17:59:50.804+0000] {override.py:1900} INFO - Created Permission View: can create on DAG Run:example_branch_datetime_operator_2
[2026-02-24T17:59:50.812+0000] {logging_mixin.py:190} INFO - [2026-02-24T17:59:50.812+0000] {override.py:1900} INFO - Created Permission View: can read on DAG Run:example_branch_datetime_operator_2
[2026-02-24T17:59:50.833+0000] {logging_mixin.py:190} INFO - [2026-02-24T17:59:50.833+0000] {override.py:1900} INFO - Created Permission View: can edit on DAG:example_branch_datetime_operator_3
[2026-02-24T17:59:50.842+0000] {logging_mixin.py:190} INFO - [2026-02-24T17:59:50.842+0000] {override.py:1900} INFO - Created Permission View: can delete on DAG:example_branch_datetime_operator_3
[2026-02-24T17:59:50.851+0000] {logging_mixin.py:190} INFO - [2026-02-24T17:59:50.851+0000] {override.py:1900} INFO - Created Permission View: can read on DAG:example_branch_datetime_operator_3
[2026-02-24T17:59:50.866+0000] {logging_mixin.py:190} INFO - [2026-02-24T17:59:50.865+0000] {override.py:1900} INFO - Created Permission View: can delete on DAG Run:example_branch_datetime_operator_3
[2026-02-24T17:59:50.875+0000] {logging_mixin.py:190} INFO - [2026-02-24T17:59:50.875+0000] {override.py:1900} INFO - Created Permission View: menu access on DAG Run:example_branch_datetime_operator_3
[2026-02-24T17:59:50.884+0000] {logging_mixin.py:190} INFO - [2026-02-24T17:59:50.884+0000] {override.py:1900} INFO - Created Permission View: can create on DAG Run:example_branch_datetime_operator_3
[2026-02-24T17:59:50.893+0000] {logging_mixin.py:190} INFO - [2026-02-24T17:59:50.893+0000] {override.py:1900} INFO - Created Permission View: can read on DAG Run:example_branch_datetime_operator_3
[2026-02-24T17:59:50.893+0000] {logging_mixin.py:190} INFO - [2026-02-24T17:59:50.893+0000] {dag.py:3239} INFO - Sync 3 DAGs
[2026-02-24T17:59:50.901+0000] {logging_mixin.py:190} INFO - [2026-02-24T17:59:50.901+0000] {dag.py:3262} INFO - Creating ORM DAG for example_branch_datetime_operator_3
[2026-02-24T17:59:50.901+0000] {logging_mixin.py:190} INFO - [2026-02-24T17:59:50.901+0000] {dag.py:3262} INFO - Creating ORM DAG for example_branch_datetime_operator
[2026-02-24T17:59:50.902+0000] {logging_mixin.py:190} INFO - [2026-02-24T17:59:50.902+0000] {dag.py:3262} INFO - Creating ORM DAG for example_branch_datetime_operator_2
[2026-02-24T17:59:50.908+0000] {logging_mixin.py:190} INFO - [2026-02-24T17:59:50.908+0000] {dag.py:4180} INFO - Setting next_dagrun for example_branch_datetime_operator to 2026-02-23 00:00:00+00:00, run_after=2026-02-24 00:00:00+00:00
[2026-02-24T17:59:50.909+0000] {logging_mixin.py:190} INFO - [2026-02-24T17:59:50.909+0000] {dag.py:4180} INFO - Setting next_dagrun for example_branch_datetime_operator_2 to 2026-02-23 00:00:00+00:00, run_after=2026-02-24 00:00:00+00:00
[2026-02-24T17:59:50.910+0000] {logging_mixin.py:190} INFO - [2026-02-24T17:59:50.910+0000] {dag.py:4180} INFO - Setting next_dagrun for example_branch_datetime_operator_3 to 2026-02-23 00:00:00+00:00, run_after=2026-02-24 00:00:00+00:00
[2026-02-24T17:59:50.929+0000] {processor.py:208} INFO - Processing /home/ubuntu/airflow-venv/lib/python3.12/site-packages/airflow/example_dags/example_branch_datetime_operator.py took 0.343 seconds
[2026-02-24T18:00:44.079+0000] {processor.py:186} INFO - Started process (PID=43747) to work on /home/ubuntu/airflow-venv/lib/python3.12/site-packages/airflow/example_dags/example_branch_datetime_operator.py
[2026-02-24T18:00:44.081+0000] {processor.py:914} INFO - Processing file /home/ubuntu/airflow-venv/lib/python3.12/site-packages/airflow/example_dags/example_branch_datetime_operator.py for tasks to queue
[2026-02-24T18:00:44.082+0000] {logging_mixin.py:190} INFO - [2026-02-24T18:00:44.082+0000] {dagbag.py:588} INFO - Filling up the DagBag from /home/ubuntu/airflow-venv/lib/python3.12/site-packages/airflow/example_dags/example_branch_datetime_operator.py
[2026-02-24T18:00:44.091+0000] {processor.py:925} INFO - DAG(s) 'example_branch_datetime_operator', 'example_branch_datetime_operator_2', 'example_branch_datetime_operator_3' retrieved from /home/ubuntu/airflow-venv/lib/python3.12/site-packages/airflow/example_dags/example_branch_datetime_operator.py
[2026-02-24T18:00:44.106+0000] {logging_mixin.py:190} INFO - [2026-02-24T18:00:44.106+0000] {dag.py:3239} INFO - Sync 3 DAGs
[2026-02-24T18:00:44.121+0000] {logging_mixin.py:190} INFO - [2026-02-24T18:00:44.121+0000] {dag.py:4180} INFO - Setting next_dagrun for example_branch_datetime_operator to 2026-02-23 00:00:00+00:00, run_after=2026-02-24 00:00:00+00:00
[2026-02-24T18:00:44.124+0000] {logging_mixin.py:190} INFO - [2026-02-24T18:00:44.124+0000] {dag.py:4180} INFO - Setting next_dagrun for example_branch_datetime_operator_2 to 2026-02-23 00:00:00+00:00, run_after=2026-02-24 00:00:00+00:00
[2026-02-24T18:00:44.126+0000] {logging_mixin.py:190} INFO - [2026-02-24T18:00:44.126+0000] {dag.py:4180} INFO - Setting next_dagrun for example_branch_datetime_operator_3 to 2026-02-23 00:00:00+00:00, run_after=2026-02-24 00:00:00+00:00
[2026-02-24T18:00:44.143+0000] {processor.py:208} INFO - Processing /home/ubuntu/airflow-venv/lib/python3.12/site-packages/airflow/example_dags/example_branch_datetime_operator.py took 0.068 seconds
[2026-02-24T18:01:59.846+0000] {processor.py:186} INFO - Started process (PID=43828) to work on /home/ubuntu/airflow-venv/lib/python3.12/site-packages/airflow/example_dags/example_branch_datetime_operator.py
[2026-02-24T18:01:59.847+0000] {processor.py:914} INFO - Processing file /home/ubuntu/airflow-venv/lib/python3.12/site-packages/airflow/example_dags/example_branch_datetime_operator.py for tasks to queue
[2026-02-24T18:01:59.848+0000] {logging_mixin.py:190} INFO - [2026-02-24T18:01:59.848+0000] {dagbag.py:588} INFO - Filling up the DagBag from /home/ubuntu/airflow-venv/lib/python3.12/site-packages/airflow/example_dags/example_branch_datetime_operator.py
[2026-02-24T18:01:59.857+0000] {processor.py:925} INFO - DAG(s) 'example_branch_datetime_operator_2', 'example_branch_datetime_operator_3', 'example_branch_datetime_operator' retrieved from /home/ubuntu/airflow-venv/lib/python3.12/site-packages/airflow/example_dags/example_branch_datetime_operator.py
[2026-02-24T18:01:59.872+0000] {logging_mixin.py:190} INFO - [2026-02-24T18:01:59.872+0000] {dag.py:3239} INFO - Sync 3 DAGs
[2026-02-24T18:01:59.887+0000] {logging_mixin.py:190} INFO - [2026-02-24T18:01:59.887+0000] {dag.py:4180} INFO - Setting next_dagrun for example_branch_datetime_operator to 2026-02-23 00:00:00+00:00, run_after=2026-02-24 00:00:00+00:00
[2026-02-24T18:01:59.890+0000] {logging_mixin.py:190} INFO - [2026-02-24T18:01:59.890+0000] {dag.py:4180} INFO - Setting next_dagrun for example_branch_datetime_operator_2 to 2026-02-23 00:00:00+00:00, run_after=2026-02-24 00:00:00+00:00
[2026-02-24T18:01:59.891+0000] {logging_mixin.py:190} INFO - [2026-02-24T18:01:59.891+0000] {dag.py:4180} INFO - Setting next_dagrun for example_branch_datetime_operator_3 to 2026-02-23 00:00:00+00:00, run_after=2026-02-24 00:00:00+00:00
[2026-02-24T18:01:59.908+0000] {processor.py:208} INFO - Processing /home/ubuntu/airflow-venv/lib/python3.12/site-packages/airflow/example_dags/example_branch_datetime_operator.py took 0.066 seconds
[2026-02-24T18:03:19.541+0000] {processor.py:186} INFO - Started process (PID=44282) to work on /home/ubuntu/airflow-venv/lib/python3.12/site-packages/airflow/example_dags/example_branch_datetime_operator.py
[2026-02-24T18:03:19.542+0000] {processor.py:914} INFO - Processing file /home/ubuntu/airflow-venv/lib/python3.12/site-packages/airflow/example_dags/example_branch_datetime_operator.py for tasks to queue
[2026-02-24T18:03:19.544+0000] {logging_mixin.py:190} INFO - [2026-02-24T18:03:19.543+0000] {dagbag.py:588} INFO - Filling up the DagBag from /home/ubuntu/airflow-venv/lib/python3.12/site-packages/airflow/example_dags/example_branch_datetime_operator.py
[2026-02-24T18:03:19.552+0000] {processor.py:925} INFO - DAG(s) 'example_branch_datetime_operator_2', 'example_branch_datetime_operator', 'example_branch_datetime_operator_3' retrieved from /home/ubuntu/airflow-venv/lib/python3.12/site-packages/airflow/example_dags/example_branch_datetime_operator.py
[2026-02-24T18:03:19.567+0000] {logging_mixin.py:190} INFO - [2026-02-24T18:03:19.567+0000] {dag.py:3239} INFO - Sync 3 DAGs
[2026-02-24T18:03:19.581+0000] {logging_mixin.py:190} INFO - [2026-02-24T18:03:19.581+0000] {dag.py:4180} INFO - Setting next_dagrun for example_branch_datetime_operator to 2026-02-23 00:00:00+00:00, run_after=2026-02-24 00:00:00+00:00
[2026-02-24T18:03:19.585+0000] {logging_mixin.py:190} INFO - [2026-02-24T18:03:19.585+0000] {dag.py:4180} INFO - Setting next_dagrun for example_branch_datetime_operator_2 to 2026-02-23 00:00:00+00:00, run_after=2026-02-24 00:00:00+00:00
[2026-02-24T18:03:19.586+0000] {logging_mixin.py:190} INFO - [2026-02-24T18:03:19.586+0000] {dag.py:4180} INFO - Setting next_dagrun for example_branch_datetime_operator_3 to 2026-02-23 00:00:00+00:00, run_after=2026-02-24 00:00:00+00:00
[2026-02-24T18:03:19.603+0000] {processor.py:208} INFO - Processing /home/ubuntu/airflow-venv/lib/python3.12/site-packages/airflow/example_dags/example_branch_datetime_operator.py took 0.066 seconds
[2026-02-24T18:04:31.285+0000] {processor.py:186} INFO - Started process (PID=44724) to work on /home/ubuntu/airflow-venv/lib/python3.12/site-packages/airflow/example_dags/example_branch_datetime_operator.py
[2026-02-24T18:04:31.287+0000] {processor.py:914} INFO - Processing file /home/ubuntu/airflow-venv/lib/python3.12/site-packages/airflow/example_dags/example_branch_datetime_operator.py for tasks to queue
[2026-02-24T18:04:31.288+0000] {logging_mixin.py:190} INFO - [2026-02-24T18:04:31.288+0000] {dagbag.py:588} INFO - Filling up the DagBag from /home/ubuntu/airflow-venv/lib/python3.12/site-packages/airflow/example_dags/example_branch_datetime_operator.py
[2026-02-24T18:04:31.296+0000] {processor.py:925} INFO - DAG(s) 'example_branch_datetime_operator_2', 'example_branch_datetime_operator_3', 'example_branch_datetime_operator' retrieved from /home/ubuntu/airflow-venv/lib/python3.12/site-packages/airflow/example_dags/example_branch_datetime_operator.py
[2026-02-24T18:04:31.311+0000] {logging_mixin.py:190} INFO - [2026-02-24T18:04:31.311+0000] {dag.py:3239} INFO - Sync 3 DAGs
[2026-02-24T18:04:31.326+0000] {logging_mixin.py:190} INFO - [2026-02-24T18:04:31.326+0000] {dag.py:4180} INFO - Setting next_dagrun for example_branch_datetime_operator to 2026-02-23 00:00:00+00:00, run_after=2026-02-24 00:00:00+00:00
[2026-02-24T18:04:31.329+0000] {logging_mixin.py:190} INFO - [2026-02-24T18:04:31.329+0000] {dag.py:4180} INFO - Setting next_dagrun for example_branch_datetime_operator_2 to 2026-02-23 00:00:00+00:00, run_after=2026-02-24 00:00:00+00:00
[2026-02-24T18:04:31.331+0000] {logging_mixin.py:190} INFO - [2026-02-24T18:04:31.331+0000] {dag.py:4180} INFO - Setting next_dagrun for example_branch_datetime_operator_3 to 2026-02-23 00:00:00+00:00, run_after=2026-02-24 00:00:00+00:00
[2026-02-24T18:04:31.348+0000] {processor.py:208} INFO - Processing /home/ubuntu/airflow-venv/lib/python3.12/site-packages/airflow/example_dags/example_branch_datetime_operator.py took 0.067 seconds
[2026-02-24T18:05:53.206+0000] {processor.py:186} INFO - Started process (PID=44811) to work on /home/ubuntu/airflow-venv/lib/python3.12/site-packages/airflow/example_dags/example_branch_datetime_operator.py
[2026-02-24T18:05:53.208+0000] {processor.py:914} INFO - Processing file /home/ubuntu/airflow-venv/lib/python3.12/site-packages/airflow/example_dags/example_branch_datetime_operator.py for tasks to queue
[2026-02-24T18:05:53.210+0000] {logging_mixin.py:190} INFO - [2026-02-24T18:05:53.209+0000] {dagbag.py:588} INFO - Filling up the DagBag from /home/ubuntu/airflow-venv/lib/python3.12/site-packages/airflow/example_dags/example_branch_datetime_operator.py
[2026-02-24T18:05:53.218+0000] {processor.py:925} INFO - DAG(s) 'example_branch_datetime_operator_2', 'example_branch_datetime_operator_3', 'example_branch_datetime_operator' retrieved from /home/ubuntu/airflow-venv/lib/python3.12/site-packages/airflow/example_dags/example_branch_datetime_operator.py
[2026-02-24T18:05:53.233+0000] {logging_mixin.py:190} INFO - [2026-02-24T18:05:53.233+0000] {dag.py:3239} INFO - Sync 3 DAGs
[2026-02-24T18:05:53.249+0000] {logging_mixin.py:190} INFO - [2026-02-24T18:05:53.249+0000] {dag.py:4180} INFO - Setting next_dagrun for example_branch_datetime_operator to 2026-02-23 00:00:00+00:00, run_after=2026-02-24 00:00:00+00:00
[2026-02-24T18:05:53.251+0000] {logging_mixin.py:190} INFO - [2026-02-24T18:05:53.251+0000] {dag.py:4180} INFO - Setting next_dagrun for example_branch_datetime_operator_2 to 2026-02-23 00:00:00+00:00, run_after=2026-02-24 00:00:00+00:00
[2026-02-24T18:05:53.253+0000] {logging_mixin.py:190} INFO - [2026-02-24T18:05:53.253+0000] {dag.py:4180} INFO - Setting next_dagrun for example_branch_datetime_operator_3 to 2026-02-23 00:00:00+00:00, run_after=2026-02-24 00:00:00+00:00
[2026-02-24T18:05:53.269+0000] {processor.py:208} INFO - Processing /home/ubuntu/airflow-venv/lib/python3.12/site-packages/airflow/example_dags/example_branch_datetime_operator.py took 0.067 seconds
[2026-02-24T18:06:50.434+0000] {processor.py:186} INFO - Started process (PID=44874) to work on /home/ubuntu/airflow-venv/lib/python3.12/site-packages/airflow/example_dags/example_branch_datetime_operator.py
[2026-02-24T18:06:50.435+0000] {processor.py:914} INFO - Processing file /home/ubuntu/airflow-venv/lib/python3.12/site-packages/airflow/example_dags/example_branch_datetime_operator.py for tasks to queue
[2026-02-24T18:06:50.437+0000] {logging_mixin.py:190} INFO - [2026-02-24T18:06:50.436+0000] {dagbag.py:588} INFO - Filling up the DagBag from /home/ubuntu/airflow-venv/lib/python3.12/site-packages/airflow/example_dags/example_branch_datetime_operator.py
[2026-02-24T18:06:50.445+0000] {processor.py:925} INFO - DAG(s) 'example_branch_datetime_operator_3', 'example_branch_datetime_operator', 'example_branch_datetime_operator_2' retrieved from /home/ubuntu/airflow-venv/lib/python3.12/site-packages/airflow/example_dags/example_branch_datetime_operator.py
[2026-02-24T18:06:50.461+0000] {logging_mixin.py:190} INFO - [2026-02-24T18:06:50.461+0000] {dag.py:3239} INFO - Sync 3 DAGs
[2026-02-24T18:06:50.477+0000] {logging_mixin.py:190} INFO - [2026-02-24T18:06:50.477+0000] {dag.py:4180} INFO - Setting next_dagrun for example_branch_datetime_operator to 2026-02-23 00:00:00+00:00, run_after=2026-02-24 00:00:00+00:00
[2026-02-24T18:06:50.480+0000] {logging_mixin.py:190} INFO - [2026-02-24T18:06:50.479+0000] {dag.py:4180} INFO - Setting next_dagrun for example_branch_datetime_operator_2 to 2026-02-23 00:00:00+00:00, run_after=2026-02-24 00:00:00+00:00
[2026-02-24T18:06:50.481+0000] {logging_mixin.py:190} INFO - [2026-02-24T18:06:50.481+0000] {dag.py:4180} INFO - Setting next_dagrun for example_branch_datetime_operator_3 to 2026-02-23 00:00:00+00:00, run_after=2026-02-24 00:00:00+00:00
[2026-02-24T18:06:50.497+0000] {processor.py:208} INFO - Processing /home/ubuntu/airflow-venv/lib/python3.12/site-packages/airflow/example_dags/example_branch_datetime_operator.py took 0.068 seconds
[2026-02-24T18:08:03.294+0000] {processor.py:186} INFO - Started process (PID=44952) to work on /home/ubuntu/airflow-venv/lib/python3.12/site-packages/airflow/example_dags/example_branch_datetime_operator.py
[2026-02-24T18:08:03.296+0000] {processor.py:914} INFO - Processing file /home/ubuntu/airflow-venv/lib/python3.12/site-packages/airflow/example_dags/example_branch_datetime_operator.py for tasks to queue
[2026-02-24T18:08:03.298+0000] {logging_mixin.py:190} INFO - [2026-02-24T18:08:03.297+0000] {dagbag.py:588} INFO - Filling up the DagBag from /home/ubuntu/airflow-venv/lib/python3.12/site-packages/airflow/example_dags/example_branch_datetime_operator.py
[2026-02-24T18:08:03.307+0000] {processor.py:925} INFO - DAG(s) 'example_branch_datetime_operator_2', 'example_branch_datetime_operator', 'example_branch_datetime_operator_3' retrieved from /home/ubuntu/airflow-venv/lib/python3.12/site-packages/airflow/example_dags/example_branch_datetime_operator.py
[2026-02-24T18:08:03.322+0000] {logging_mixin.py:190} INFO - [2026-02-24T18:08:03.322+0000] {dag.py:3239} INFO - Sync 3 DAGs
[2026-02-24T18:08:03.338+0000] {logging_mixin.py:190} INFO - [2026-02-24T18:08:03.338+0000] {dag.py:4180} INFO - Setting next_dagrun for example_branch_datetime_operator to 2026-02-23 00:00:00+00:00, run_after=2026-02-24 00:00:00+00:00
[2026-02-24T18:08:03.341+0000] {logging_mixin.py:190} INFO - [2026-02-24T18:08:03.341+0000] {dag.py:4180} INFO - Setting next_dagrun for example_branch_datetime_operator_2 to 2026-02-23 00:00:00+00:00, run_after=2026-02-24 00:00:00+00:00
[2026-02-24T18:08:03.342+0000] {logging_mixin.py:190} INFO - [2026-02-24T18:08:03.342+0000] {dag.py:4180} INFO - Setting next_dagrun for example_branch_datetime_operator_3 to 2026-02-23 00:00:00+00:00, run_after=2026-02-24 00:00:00+00:00
[2026-02-24T18:08:03.359+0000] {processor.py:208} INFO - Processing /home/ubuntu/airflow-venv/lib/python3.12/site-packages/airflow/example_dags/example_branch_datetime_operator.py took 0.068 seconds
[2026-02-24T18:09:17.574+0000] {processor.py:186} INFO - Started process (PID=45030) to work on /home/ubuntu/airflow-venv/lib/python3.12/site-packages/airflow/example_dags/example_branch_datetime_operator.py
[2026-02-24T18:09:17.575+0000] {processor.py:914} INFO - Processing file /home/ubuntu/airflow-venv/lib/python3.12/site-packages/airflow/example_dags/example_branch_datetime_operator.py for tasks to queue
[2026-02-24T18:09:17.577+0000] {logging_mixin.py:190} INFO - [2026-02-24T18:09:17.577+0000] {dagbag.py:588} INFO - Filling up the DagBag from /home/ubuntu/airflow-venv/lib/python3.12/site-packages/airflow/example_dags/example_branch_datetime_operator.py
[2026-02-24T18:09:17.586+0000] {processor.py:925} INFO - DAG(s) 'example_branch_datetime_operator_3', 'example_branch_datetime_operator_2', 'example_branch_datetime_operator' retrieved from /home/ubuntu/airflow-venv/lib/python3.12/site-packages/airflow/example_dags/example_branch_datetime_operator.py
[2026-02-24T18:09:17.601+0000] {logging_mixin.py:190} INFO - [2026-02-24T18:09:17.600+0000] {dag.py:3239} INFO - Sync 3 DAGs
[2026-02-24T18:09:17.616+0000] {logging_mixin.py:190} INFO - [2026-02-24T18:09:17.616+0000] {dag.py:4180} INFO - Setting next_dagrun for example_branch_datetime_operator to 2026-02-23 00:00:00+00:00, run_after=2026-02-24 00:00:00+00:00
[2026-02-24T18:09:17.619+0000] {logging_mixin.py:190} INFO - [2026-02-24T18:09:17.619+0000] {dag.py:4180} INFO - Setting next_dagrun for example_branch_datetime_operator_2 to 2026-02-23 00:00:00+00:00, run_after=2026-02-24 00:00:00+00:00
[2026-02-24T18:09:17.620+0000] {logging_mixin.py:190} INFO - [2026-02-24T18:09:17.620+0000] {dag.py:4180} INFO - Setting next_dagrun for example_branch_datetime_operator_3 to 2026-02-23 00:00:00+00:00, run_after=2026-02-24 00:00:00+00:00
[2026-02-24T18:09:17.637+0000] {processor.py:208} INFO - Processing /home/ubuntu/airflow-venv/lib/python3.12/site-packages/airflow/example_dags/example_branch_datetime_operator.py took 0.067 seconds
[2026-02-24T18:10:33.488+0000] {processor.py:186} INFO - Started process (PID=45113) to work on /home/ubuntu/airflow-venv/lib/python3.12/site-packages/airflow/example_dags/example_branch_datetime_operator.py
[2026-02-24T18:10:33.489+0000] {processor.py:914} INFO - Processing file /home/ubuntu/airflow-venv/lib/python3.12/site-packages/airflow/example_dags/example_branch_datetime_operator.py for tasks to queue
[2026-02-24T18:10:33.491+0000] {logging_mixin.py:190} INFO - [2026-02-24T18:10:33.490+0000] {dagbag.py:588} INFO - Filling up the DagBag from /home/ubuntu/airflow-venv/lib/python3.12/site-packages/airflow/example_dags/example_branch_datetime_operator.py
[2026-02-24T18:10:33.500+0000] {processor.py:925} INFO - DAG(s) 'example_branch_datetime_operator', 'example_branch_datetime_operator_3', 'example_branch_datetime_operator_2' retrieved from /home/ubuntu/airflow-venv/lib/python3.12/site-packages/airflow/example_dags/example_branch_datetime_operator.py
[2026-02-24T18:10:33.515+0000] {logging_mixin.py:190} INFO - [2026-02-24T18:10:33.515+0000] {dag.py:3239} INFO - Sync 3 DAGs
[2026-02-24T18:10:33.531+0000] {logging_mixin.py:190} INFO - [2026-02-24T18:10:33.531+0000] {dag.py:4180} INFO - Setting next_dagrun for example_branch_datetime_operator to 2026-02-23 00:00:00+00:00, run_after=2026-02-24 00:00:00+00:00
[2026-02-24T18:10:33.534+0000] {logging_mixin.py:190} INFO - [2026-02-24T18:10:33.534+0000] {dag.py:4180} INFO - Setting next_dagrun for example_branch_datetime_operator_2 to 2026-02-23 00:00:00+00:00, run_after=2026-02-24 00:00:00+00:00
[2026-02-24T18:10:33.535+0000] {logging_mixin.py:190} INFO - [2026-02-24T18:10:33.535+0000] {dag.py:4180} INFO - Setting next_dagrun for example_branch_datetime_operator_3 to 2026-02-23 00:00:00+00:00, run_after=2026-02-24 00:00:00+00:00
[2026-02-24T18:10:33.553+0000] {processor.py:208} INFO - Processing /home/ubuntu/airflow-venv/lib/python3.12/site-packages/airflow/example_dags/example_branch_datetime_operator.py took 0.070 seconds
[2026-02-24T18:11:50.579+0000] {processor.py:186} INFO - Started process (PID=45193) to work on /home/ubuntu/airflow-venv/lib/python3.12/site-packages/airflow/example_dags/example_branch_datetime_operator.py
[2026-02-24T18:11:50.580+0000] {processor.py:914} INFO - Processing file /home/ubuntu/airflow-venv/lib/python3.12/site-packages/airflow/example_dags/example_branch_datetime_operator.py for tasks to queue
[2026-02-24T18:11:50.582+0000] {logging_mixin.py:190} INFO - [2026-02-24T18:11:50.582+0000] {dagbag.py:588} INFO - Filling up the DagBag from /home/ubuntu/airflow-venv/lib/python3.12/site-packages/airflow/example_dags/example_branch_datetime_operator.py
[2026-02-24T18:11:50.590+0000] {processor.py:925} INFO - DAG(s) 'example_branch_datetime_operator', 'example_branch_datetime_operator_3', 'example_branch_datetime_operator_2' retrieved from /home/ubuntu/airflow-venv/lib/python3.12/site-packages/airflow/example_dags/example_branch_datetime_operator.py
[2026-02-24T18:11:50.605+0000] {logging_mixin.py:190} INFO - [2026-02-24T18:11:50.605+0000] {dag.py:3239} INFO - Sync 3 DAGs
[2026-02-24T18:11:50.620+0000] {logging_mixin.py:190} INFO - [2026-02-24T18:11:50.620+0000] {dag.py:4180} INFO - Setting next_dagrun for example_branch_datetime_operator to 2026-02-23 00:00:00+00:00, run_after=2026-02-24 00:00:00+00:00
[2026-02-24T18:11:50.623+0000] {logging_mixin.py:190} INFO - [2026-02-24T18:11:50.623+0000] {dag.py:4180} INFO - Setting next_dagrun for example_branch_datetime_operator_2 to 2026-02-23 00:00:00+00:00, run_after=2026-02-24 00:00:00+00:00
[2026-02-24T18:11:50.625+0000] {logging_mixin.py:190} INFO - [2026-02-24T18:11:50.624+0000] {dag.py:4180} INFO - Setting next_dagrun for example_branch_datetime_operator_3 to 2026-02-23 00:00:00+00:00, run_after=2026-02-24 00:00:00+00:00
[2026-02-24T18:11:50.641+0000] {processor.py:208} INFO - Processing /home/ubuntu/airflow-venv/lib/python3.12/site-packages/airflow/example_dags/example_branch_datetime_operator.py took 0.067 seconds
[2026-02-24T18:13:06.444+0000] {processor.py:186} INFO - Started process (PID=45273) to work on /home/ubuntu/airflow-venv/lib/python3.12/site-packages/airflow/example_dags/example_branch_datetime_operator.py
[2026-02-24T18:13:06.445+0000] {processor.py:914} INFO - Processing file /home/ubuntu/airflow-venv/lib/python3.12/site-packages/airflow/example_dags/example_branch_datetime_operator.py for tasks to queue
[2026-02-24T18:13:06.447+0000] {logging_mixin.py:190} INFO - [2026-02-24T18:13:06.447+0000] {dagbag.py:588} INFO - Filling up the DagBag from /home/ubuntu/airflow-venv/lib/python3.12/site-packages/airflow/example_dags/example_branch_datetime_operator.py
[2026-02-24T18:13:06.456+0000] {processor.py:925} INFO - DAG(s) 'example_branch_datetime_operator', 'example_branch_datetime_operator_3', 'example_branch_datetime_operator_2' retrieved from /home/ubuntu/airflow-venv/lib/python3.12/site-packages/airflow/example_dags/example_branch_datetime_operator.py
[2026-02-24T18:13:06.471+0000] {logging_mixin.py:190} INFO - [2026-02-24T18:13:06.471+0000] {dag.py:3239} INFO - Sync 3 DAGs
[2026-02-24T18:13:06.485+0000] {logging_mixin.py:190} INFO - [2026-02-24T18:13:06.485+0000] {dag.py:4180} INFO - Setting next_dagrun for example_branch_datetime_operator to 2026-02-23 00:00:00+00:00, run_after=2026-02-24 00:00:00+00:00
[2026-02-24T18:13:06.489+0000] {logging_mixin.py:190} INFO - [2026-02-24T18:13:06.489+0000] {dag.py:4180} INFO - Setting next_dagrun for example_branch_datetime_operator_2 to 2026-02-23 00:00:00+00:00, run_after=2026-02-24 00:00:00+00:00
[2026-02-24T18:13:06.490+0000] {logging_mixin.py:190} INFO - [2026-02-24T18:13:06.490+0000] {dag.py:4180} INFO - Setting next_dagrun for example_branch_datetime_operator_3 to 2026-02-23 00:00:00+00:00, run_after=2026-02-24 00:00:00+00:00
[2026-02-24T18:13:06.506+0000] {processor.py:208} INFO - Processing /home/ubuntu/airflow-venv/lib/python3.12/site-packages/airflow/example_dags/example_branch_datetime_operator.py took 0.067 seconds
[2026-02-24T18:14:19.573+0000] {processor.py:186} INFO - Started process (PID=45349) to work on /home/ubuntu/airflow-venv/lib/python3.12/site-packages/airflow/example_dags/example_branch_datetime_operator.py
[2026-02-24T18:14:19.575+0000] {processor.py:914} INFO - Processing file /home/ubuntu/airflow-venv/lib/python3.12/site-packages/airflow/example_dags/example_branch_datetime_operator.py for tasks to queue
[2026-02-24T18:14:19.576+0000] {logging_mixin.py:190} INFO - [2026-02-24T18:14:19.576+0000] {dagbag.py:588} INFO - Filling up the DagBag from /home/ubuntu/airflow-venv/lib/python3.12/site-packages/airflow/example_dags/example_branch_datetime_operator.py
[2026-02-24T18:14:19.585+0000] {processor.py:925} INFO - DAG(s) 'example_branch_datetime_operator_2', 'example_branch_datetime_operator', 'example_branch_datetime_operator_3' retrieved from /home/ubuntu/airflow-venv/lib/python3.12/site-packages/airflow/example_dags/example_branch_datetime_operator.py
[2026-02-24T18:14:19.600+0000] {logging_mixin.py:190} INFO - [2026-02-24T18:14:19.599+0000] {dag.py:3239} INFO - Sync 3 DAGs
[2026-02-24T18:14:19.615+0000] {logging_mixin.py:190} INFO - [2026-02-24T18:14:19.614+0000] {dag.py:4180} INFO - Setting next_dagrun for example_branch_datetime_operator to 2026-02-23 00:00:00+00:00, run_after=2026-02-24 00:00:00+00:00
[2026-02-24T18:14:19.618+0000] {logging_mixin.py:190} INFO - [2026-02-24T18:14:19.618+0000] {dag.py:4180} INFO - Setting next_dagrun for example_branch_datetime_operator_2 to 2026-02-23 00:00:00+00:00, run_after=2026-02-24 00:00:00+00:00
[2026-02-24T18:14:19.620+0000] {logging_mixin.py:190} INFO - [2026-02-24T18:14:19.620+0000] {dag.py:4180} INFO - Setting next_dagrun for example_branch_datetime_operator_3 to 2026-02-23 00:00:00+00:00, run_after=2026-02-24 00:00:00+00:00
[2026-02-24T18:14:19.636+0000] {processor.py:208} INFO - Processing /home/ubuntu/airflow-venv/lib/python3.12/site-packages/airflow/example_dags/example_branch_datetime_operator.py took 0.067 seconds
[2026-02-24T18:15:35.410+0000] {processor.py:186} INFO - Started process (PID=45431) to work on /home/ubuntu/airflow-venv/lib/python3.12/site-packages/airflow/example_dags/example_branch_datetime_operator.py
[2026-02-24T18:15:35.411+0000] {processor.py:914} INFO - Processing file /home/ubuntu/airflow-venv/lib/python3.12/site-packages/airflow/example_dags/example_branch_datetime_operator.py for tasks to queue
[2026-02-24T18:15:35.413+0000] {logging_mixin.py:190} INFO - [2026-02-24T18:15:35.413+0000] {dagbag.py:588} INFO - Filling up the DagBag from /home/ubuntu/airflow-venv/lib/python3.12/site-packages/airflow/example_dags/example_branch_datetime_operator.py
[2026-02-24T18:15:35.423+0000] {processor.py:925} INFO - DAG(s) 'example_branch_datetime_operator_3', 'example_branch_datetime_operator_2', 'example_branch_datetime_operator' retrieved from /home/ubuntu/airflow-venv/lib/python3.12/site-packages/airflow/example_dags/example_branch_datetime_operator.py
[2026-02-24T18:15:35.438+0000] {logging_mixin.py:190} INFO - [2026-02-24T18:15:35.438+0000] {dag.py:3239} INFO - Sync 3 DAGs
[2026-02-24T18:15:35.453+0000] {logging_mixin.py:190} INFO - [2026-02-24T18:15:35.453+0000] {dag.py:4180} INFO - Setting next_dagrun for example_branch_datetime_operator to 2026-02-23 00:00:00+00:00, run_after=2026-02-24 00:00:00+00:00
[2026-02-24T18:15:35.456+0000] {logging_mixin.py:190} INFO - [2026-02-24T18:15:35.456+0000] {dag.py:4180} INFO - Setting next_dagrun for example_branch_datetime_operator_2 to 2026-02-23 00:00:00+00:00, run_after=2026-02-24 00:00:00+00:00
[2026-02-24T18:15:35.457+0000] {logging_mixin.py:190} INFO - [2026-02-24T18:15:35.457+0000] {dag.py:4180} INFO - Setting next_dagrun for example_branch_datetime_operator_3 to 2026-02-23 00:00:00+00:00, run_after=2026-02-24 00:00:00+00:00
[2026-02-24T18:15:35.475+0000] {processor.py:208} INFO - Processing /home/ubuntu/airflow-venv/lib/python3.12/site-packages/airflow/example_dags/example_branch_datetime_operator.py took 0.069 seconds
[2026-02-24T18:16:49.718+0000] {processor.py:186} INFO - Started process (PID=45510) to work on /home/ubuntu/airflow-venv/lib/python3.12/site-packages/airflow/example_dags/example_branch_datetime_operator.py
[2026-02-24T18:16:49.719+0000] {processor.py:914} INFO - Processing file /home/ubuntu/airflow-venv/lib/python3.12/site-packages/airflow/example_dags/example_branch_datetime_operator.py for tasks to queue
[2026-02-24T18:16:49.721+0000] {logging_mixin.py:190} INFO - [2026-02-24T18:16:49.721+0000] {dagbag.py:588} INFO - Filling up the DagBag from /home/ubuntu/airflow-venv/lib/python3.12/site-packages/airflow/example_dags/example_branch_datetime_operator.py
[2026-02-24T18:16:49.730+0000] {processor.py:925} INFO - DAG(s) 'example_branch_datetime_operator', 'example_branch_datetime_operator_3', 'example_branch_datetime_operator_2' retrieved from /home/ubuntu/airflow-venv/lib/python3.12/site-packages/airflow/example_dags/example_branch_datetime_operator.py
[2026-02-24T18:16:49.745+0000] {logging_mixin.py:190} INFO - [2026-02-24T18:16:49.745+0000] {dag.py:3239} INFO - Sync 3 DAGs
[2026-02-24T18:16:49.760+0000] {logging_mixin.py:190} INFO - [2026-02-24T18:16:49.760+0000] {dag.py:4180} INFO - Setting next_dagrun for example_branch_datetime_operator to 2026-02-23 00:00:00+00:00, run_after=2026-02-24 00:00:00+00:00
[2026-02-24T18:16:49.763+0000] {logging_mixin.py:190} INFO - [2026-02-24T18:16:49.763+0000] {dag.py:4180} INFO - Setting next_dagrun for example_branch_datetime_operator_2 to 2026-02-23 00:00:00+00:00, run_after=2026-02-24 00:00:00+00:00
[2026-02-24T18:16:49.764+0000] {logging_mixin.py:190} INFO - [2026-02-24T18:16:49.764+0000] {dag.py:4180} INFO - Setting next_dagrun for example_branch_datetime_operator_3 to 2026-02-23 00:00:00+00:00, run_after=2026-02-24 00:00:00+00:00
[2026-02-24T18:16:49.781+0000] {processor.py:208} INFO - Processing /home/ubuntu/airflow-venv/lib/python3.12/site-packages/airflow/example_dags/example_branch_datetime_operator.py took 0.067 seconds
[2026-02-24T18:18:09.366+0000] {processor.py:186} INFO - Started process (PID=45597) to work on /home/ubuntu/airflow-venv/lib/python3.12/site-packages/airflow/example_dags/example_branch_datetime_operator.py
[2026-02-24T18:18:09.368+0000] {processor.py:914} INFO - Processing file /home/ubuntu/airflow-venv/lib/python3.12/site-packages/airflow/example_dags/example_branch_datetime_operator.py for tasks to queue
[2026-02-24T18:18:09.369+0000] {logging_mixin.py:190} INFO - [2026-02-24T18:18:09.369+0000] {dagbag.py:588} INFO - Filling up the DagBag from /home/ubuntu/airflow-venv/lib/python3.12/site-packages/airflow/example_dags/example_branch_datetime_operator.py
[2026-02-24T18:18:09.378+0000] {processor.py:925} INFO - DAG(s) 'example_branch_datetime_operator_3', 'example_branch_datetime_operator', 'example_branch_datetime_operator_2' retrieved from /home/ubuntu/airflow-venv/lib/python3.12/site-packages/airflow/example_dags/example_branch_datetime_operator.py
[2026-02-24T18:18:09.393+0000] {logging_mixin.py:190} INFO - [2026-02-24T18:18:09.393+0000] {dag.py:3239} INFO - Sync 3 DAGs
[2026-02-24T18:18:09.409+0000] {logging_mixin.py:190} INFO - [2026-02-24T18:18:09.408+0000] {dag.py:4180} INFO - Setting next_dagrun for example_branch_datetime_operator to 2026-02-23 00:00:00+00:00, run_after=2026-02-24 00:00:00+00:00
[2026-02-24T18:18:09.412+0000] {logging_mixin.py:190} INFO - [2026-02-24T18:18:09.411+0000] {dag.py:4180} INFO - Setting next_dagrun for example_branch_datetime_operator_2 to 2026-02-23 00:00:00+00:00, run_after=2026-02-24 00:00:00+00:00
[2026-02-24T18:18:09.413+0000] {logging_mixin.py:190} INFO - [2026-02-24T18:18:09.413+0000] {dag.py:4180} INFO - Setting next_dagrun for example_branch_datetime_operator_3 to 2026-02-23 00:00:00+00:00, run_after=2026-02-24 00:00:00+00:00
[2026-02-24T18:18:09.429+0000] {processor.py:208} INFO - Processing /home/ubuntu/airflow-venv/lib/python3.12/site-packages/airflow/example_dags/example_branch_datetime_operator.py took 0.068 seconds
[2026-02-24T18:19:27.558+0000] {processor.py:186} INFO - Started process (PID=45676) to work on /home/ubuntu/airflow-venv/lib/python3.12/site-packages/airflow/example_dags/example_branch_datetime_operator.py
[2026-02-24T18:19:27.559+0000] {processor.py:914} INFO - Processing file /home/ubuntu/airflow-venv/lib/python3.12/site-packages/airflow/example_dags/example_branch_datetime_operator.py for tasks to queue
[2026-02-24T18:19:27.561+0000] {logging_mixin.py:190} INFO - [2026-02-24T18:19:27.561+0000] {dagbag.py:588} INFO - Filling up the DagBag from /home/ubuntu/airflow-venv/lib/python3.12/site-packages/airflow/example_dags/example_branch_datetime_operator.py
[2026-02-24T18:19:27.569+0000] {processor.py:925} INFO - DAG(s) 'example_branch_datetime_operator', 'example_branch_datetime_operator_3', 'example_branch_datetime_operator_2' retrieved from /home/ubuntu/airflow-venv/lib/python3.12/site-packages/airflow/example_dags/example_branch_datetime_operator.py
[2026-02-24T18:19:27.584+0000] {logging_mixin.py:190} INFO - [2026-02-24T18:19:27.584+0000] {dag.py:3239} INFO - Sync 3 DAGs
[2026-02-24T18:19:27.599+0000] {logging_mixin.py:190} INFO - [2026-02-24T18:19:27.599+0000] {dag.py:4180} INFO - Setting next_dagrun for example_branch_datetime_operator to 2026-02-23 00:00:00+00:00, run_after=2026-02-24 00:00:00+00:00
[2026-02-24T18:19:27.602+0000] {logging_mixin.py:190} INFO - [2026-02-24T18:19:27.602+0000] {dag.py:4180} INFO - Setting next_dagrun for example_branch_datetime_operator_2 to 2026-02-23 00:00:00+00:00, run_after=2026-02-24 00:00:00+00:00
[2026-02-24T18:19:27.603+0000] {logging_mixin.py:190} INFO - [2026-02-24T18:19:27.603+0000] {dag.py:4180} INFO - Setting next_dagrun for example_branch_datetime_operator_3 to 2026-02-23 00:00:00+00:00, run_after=2026-02-24 00:00:00+00:00
[2026-02-24T18:19:27.620+0000] {processor.py:208} INFO - Processing /home/ubuntu/airflow-venv/lib/python3.12/site-packages/airflow/example_dags/example_branch_datetime_operator.py took 0.067 seconds
