[2026-02-24T17:59:15.338+0000] {processor.py:186} INFO - Started process (PID=43654) to work on /home/ubuntu/airflow-venv/lib/python3.12/site-packages/airflow/example_dags/example_short_circuit_decorator.py
[2026-02-24T17:59:15.338+0000] {processor.py:914} INFO - Processing file /home/ubuntu/airflow-venv/lib/python3.12/site-packages/airflow/example_dags/example_short_circuit_decorator.py for tasks to queue
[2026-02-24T17:59:15.340+0000] {logging_mixin.py:190} INFO - [2026-02-24T17:59:15.340+0000] {dagbag.py:588} INFO - Filling up the DagBag from /home/ubuntu/airflow-venv/lib/python3.12/site-packages/airflow/example_dags/example_short_circuit_decorator.py
[2026-02-24T17:59:15.347+0000] {processor.py:925} INFO - DAG(s) 'example_short_circuit_decorator' retrieved from /home/ubuntu/airflow-venv/lib/python3.12/site-packages/airflow/example_dags/example_short_circuit_decorator.py
[2026-02-24T17:59:15.425+0000] {logging_mixin.py:190} INFO - [2026-02-24T17:59:15.425+0000] {override.py:1900} INFO - Created Permission View: can edit on DAG:example_short_circuit_decorator
[2026-02-24T17:59:15.437+0000] {logging_mixin.py:190} INFO - [2026-02-24T17:59:15.436+0000] {override.py:1900} INFO - Created Permission View: can delete on DAG:example_short_circuit_decorator
[2026-02-24T17:59:15.446+0000] {logging_mixin.py:190} INFO - [2026-02-24T17:59:15.445+0000] {override.py:1900} INFO - Created Permission View: can read on DAG:example_short_circuit_decorator
[2026-02-24T17:59:15.460+0000] {logging_mixin.py:190} INFO - [2026-02-24T17:59:15.460+0000] {override.py:1900} INFO - Created Permission View: can delete on DAG Run:example_short_circuit_decorator
[2026-02-24T17:59:15.469+0000] {logging_mixin.py:190} INFO - [2026-02-24T17:59:15.469+0000] {override.py:1900} INFO - Created Permission View: menu access on DAG Run:example_short_circuit_decorator
[2026-02-24T17:59:15.478+0000] {logging_mixin.py:190} INFO - [2026-02-24T17:59:15.477+0000] {override.py:1900} INFO - Created Permission View: can create on DAG Run:example_short_circuit_decorator
[2026-02-24T17:59:15.486+0000] {logging_mixin.py:190} INFO - [2026-02-24T17:59:15.486+0000] {override.py:1900} INFO - Created Permission View: can read on DAG Run:example_short_circuit_decorator
[2026-02-24T17:59:15.487+0000] {logging_mixin.py:190} INFO - [2026-02-24T17:59:15.487+0000] {dag.py:3239} INFO - Sync 1 DAGs
[2026-02-24T17:59:15.496+0000] {logging_mixin.py:190} INFO - [2026-02-24T17:59:15.495+0000] {dag.py:3262} INFO - Creating ORM DAG for example_short_circuit_decorator
[2026-02-24T17:59:15.496+0000] {logging_mixin.py:190} INFO - [2026-02-24T17:59:15.496+0000] {dag.py:4180} INFO - Setting next_dagrun for example_short_circuit_decorator to None, run_after=None
[2026-02-24T17:59:15.515+0000] {processor.py:208} INFO - Processing /home/ubuntu/airflow-venv/lib/python3.12/site-packages/airflow/example_dags/example_short_circuit_decorator.py took 0.181 seconds
[2026-02-24T18:00:14.973+0000] {processor.py:186} INFO - Started process (PID=43711) to work on /home/ubuntu/airflow-venv/lib/python3.12/site-packages/airflow/example_dags/example_short_circuit_decorator.py
[2026-02-24T18:00:14.975+0000] {processor.py:914} INFO - Processing file /home/ubuntu/airflow-venv/lib/python3.12/site-packages/airflow/example_dags/example_short_circuit_decorator.py for tasks to queue
[2026-02-24T18:00:14.976+0000] {logging_mixin.py:190} INFO - [2026-02-24T18:00:14.976+0000] {dagbag.py:588} INFO - Filling up the DagBag from /home/ubuntu/airflow-venv/lib/python3.12/site-packages/airflow/example_dags/example_short_circuit_decorator.py
[2026-02-24T18:00:14.984+0000] {processor.py:925} INFO - DAG(s) 'example_short_circuit_decorator' retrieved from /home/ubuntu/airflow-venv/lib/python3.12/site-packages/airflow/example_dags/example_short_circuit_decorator.py
[2026-02-24T18:00:14.997+0000] {logging_mixin.py:190} INFO - [2026-02-24T18:00:14.997+0000] {dag.py:3239} INFO - Sync 1 DAGs
[2026-02-24T18:00:15.006+0000] {logging_mixin.py:190} INFO - [2026-02-24T18:00:15.006+0000] {dag.py:4180} INFO - Setting next_dagrun for example_short_circuit_decorator to None, run_after=None
[2026-02-24T18:00:15.024+0000] {processor.py:208} INFO - Processing /home/ubuntu/airflow-venv/lib/python3.12/site-packages/airflow/example_dags/example_short_circuit_decorator.py took 0.055 seconds
[2026-02-24T18:01:08.510+0000] {processor.py:186} INFO - Started process (PID=43775) to work on /home/ubuntu/airflow-venv/lib/python3.12/site-packages/airflow/example_dags/example_short_circuit_decorator.py
[2026-02-24T18:01:08.512+0000] {processor.py:914} INFO - Processing file /home/ubuntu/airflow-venv/lib/python3.12/site-packages/airflow/example_dags/example_short_circuit_decorator.py for tasks to queue
[2026-02-24T18:01:08.513+0000] {logging_mixin.py:190} INFO - [2026-02-24T18:01:08.513+0000] {dagbag.py:588} INFO - Filling up the DagBag from /home/ubuntu/airflow-venv/lib/python3.12/site-packages/airflow/example_dags/example_short_circuit_decorator.py
[2026-02-24T18:01:08.520+0000] {processor.py:925} INFO - DAG(s) 'example_short_circuit_decorator' retrieved from /home/ubuntu/airflow-venv/lib/python3.12/site-packages/airflow/example_dags/example_short_circuit_decorator.py
[2026-02-24T18:01:08.534+0000] {logging_mixin.py:190} INFO - [2026-02-24T18:01:08.533+0000] {dag.py:3239} INFO - Sync 1 DAGs
[2026-02-24T18:01:08.542+0000] {logging_mixin.py:190} INFO - [2026-02-24T18:01:08.542+0000] {dag.py:4180} INFO - Setting next_dagrun for example_short_circuit_decorator to None, run_after=None
[2026-02-24T18:01:08.560+0000] {processor.py:208} INFO - Processing /home/ubuntu/airflow-venv/lib/python3.12/site-packages/airflow/example_dags/example_short_circuit_decorator.py took 0.053 seconds
[2026-02-24T18:02:04.990+0000] {processor.py:186} INFO - Started process (PID=43833) to work on /home/ubuntu/airflow-venv/lib/python3.12/site-packages/airflow/example_dags/example_short_circuit_decorator.py
[2026-02-24T18:02:04.992+0000] {processor.py:914} INFO - Processing file /home/ubuntu/airflow-venv/lib/python3.12/site-packages/airflow/example_dags/example_short_circuit_decorator.py for tasks to queue
[2026-02-24T18:02:04.993+0000] {logging_mixin.py:190} INFO - [2026-02-24T18:02:04.993+0000] {dagbag.py:588} INFO - Filling up the DagBag from /home/ubuntu/airflow-venv/lib/python3.12/site-packages/airflow/example_dags/example_short_circuit_decorator.py
[2026-02-24T18:02:05.001+0000] {processor.py:925} INFO - DAG(s) 'example_short_circuit_decorator' retrieved from /home/ubuntu/airflow-venv/lib/python3.12/site-packages/airflow/example_dags/example_short_circuit_decorator.py
[2026-02-24T18:02:05.014+0000] {logging_mixin.py:190} INFO - [2026-02-24T18:02:05.014+0000] {dag.py:3239} INFO - Sync 1 DAGs
[2026-02-24T18:02:05.024+0000] {logging_mixin.py:190} INFO - [2026-02-24T18:02:05.024+0000] {dag.py:4180} INFO - Setting next_dagrun for example_short_circuit_decorator to None, run_after=None
[2026-02-24T18:02:05.043+0000] {processor.py:208} INFO - Processing /home/ubuntu/airflow-venv/lib/python3.12/site-packages/airflow/example_dags/example_short_circuit_decorator.py took 0.056 seconds
[2026-02-24T18:02:58.978+0000] {processor.py:186} INFO - Started process (PID=44259) to work on /home/ubuntu/airflow-venv/lib/python3.12/site-packages/airflow/example_dags/example_short_circuit_decorator.py
[2026-02-24T18:02:58.979+0000] {processor.py:914} INFO - Processing file /home/ubuntu/airflow-venv/lib/python3.12/site-packages/airflow/example_dags/example_short_circuit_decorator.py for tasks to queue
[2026-02-24T18:02:58.980+0000] {logging_mixin.py:190} INFO - [2026-02-24T18:02:58.980+0000] {dagbag.py:588} INFO - Filling up the DagBag from /home/ubuntu/airflow-venv/lib/python3.12/site-packages/airflow/example_dags/example_short_circuit_decorator.py
[2026-02-24T18:02:58.987+0000] {processor.py:925} INFO - DAG(s) 'example_short_circuit_decorator' retrieved from /home/ubuntu/airflow-venv/lib/python3.12/site-packages/airflow/example_dags/example_short_circuit_decorator.py
[2026-02-24T18:02:59.001+0000] {logging_mixin.py:190} INFO - [2026-02-24T18:02:59.001+0000] {dag.py:3239} INFO - Sync 1 DAGs
[2026-02-24T18:02:59.010+0000] {logging_mixin.py:190} INFO - [2026-02-24T18:02:59.009+0000] {dag.py:4180} INFO - Setting next_dagrun for example_short_circuit_decorator to None, run_after=None
[2026-02-24T18:02:59.027+0000] {processor.py:208} INFO - Processing /home/ubuntu/airflow-venv/lib/python3.12/site-packages/airflow/example_dags/example_short_circuit_decorator.py took 0.054 seconds
[2026-02-24T18:03:49.551+0000] {processor.py:186} INFO - Started process (PID=44313) to work on /home/ubuntu/airflow-venv/lib/python3.12/site-packages/airflow/example_dags/example_short_circuit_decorator.py
[2026-02-24T18:03:49.552+0000] {processor.py:914} INFO - Processing file /home/ubuntu/airflow-venv/lib/python3.12/site-packages/airflow/example_dags/example_short_circuit_decorator.py for tasks to queue
[2026-02-24T18:03:49.554+0000] {logging_mixin.py:190} INFO - [2026-02-24T18:03:49.554+0000] {dagbag.py:588} INFO - Filling up the DagBag from /home/ubuntu/airflow-venv/lib/python3.12/site-packages/airflow/example_dags/example_short_circuit_decorator.py
[2026-02-24T18:03:49.561+0000] {processor.py:925} INFO - DAG(s) 'example_short_circuit_decorator' retrieved from /home/ubuntu/airflow-venv/lib/python3.12/site-packages/airflow/example_dags/example_short_circuit_decorator.py
[2026-02-24T18:03:49.574+0000] {logging_mixin.py:190} INFO - [2026-02-24T18:03:49.574+0000] {dag.py:3239} INFO - Sync 1 DAGs
[2026-02-24T18:03:49.583+0000] {logging_mixin.py:190} INFO - [2026-02-24T18:03:49.583+0000] {dag.py:4180} INFO - Setting next_dagrun for example_short_circuit_decorator to None, run_after=None
[2026-02-24T18:03:49.601+0000] {processor.py:208} INFO - Processing /home/ubuntu/airflow-venv/lib/python3.12/site-packages/airflow/example_dags/example_short_circuit_decorator.py took 0.055 seconds
[2026-02-24T18:04:37.567+0000] {processor.py:186} INFO - Started process (PID=44730) to work on /home/ubuntu/airflow-venv/lib/python3.12/site-packages/airflow/example_dags/example_short_circuit_decorator.py
[2026-02-24T18:04:37.569+0000] {processor.py:914} INFO - Processing file /home/ubuntu/airflow-venv/lib/python3.12/site-packages/airflow/example_dags/example_short_circuit_decorator.py for tasks to queue
[2026-02-24T18:04:37.570+0000] {logging_mixin.py:190} INFO - [2026-02-24T18:04:37.570+0000] {dagbag.py:588} INFO - Filling up the DagBag from /home/ubuntu/airflow-venv/lib/python3.12/site-packages/airflow/example_dags/example_short_circuit_decorator.py
[2026-02-24T18:04:37.577+0000] {processor.py:925} INFO - DAG(s) 'example_short_circuit_decorator' retrieved from /home/ubuntu/airflow-venv/lib/python3.12/site-packages/airflow/example_dags/example_short_circuit_decorator.py
[2026-02-24T18:04:37.590+0000] {logging_mixin.py:190} INFO - [2026-02-24T18:04:37.590+0000] {dag.py:3239} INFO - Sync 1 DAGs
[2026-02-24T18:04:37.598+0000] {logging_mixin.py:190} INFO - [2026-02-24T18:04:37.598+0000] {dag.py:4180} INFO - Setting next_dagrun for example_short_circuit_decorator to None, run_after=None
[2026-02-24T18:04:37.616+0000] {processor.py:208} INFO - Processing /home/ubuntu/airflow-venv/lib/python3.12/site-packages/airflow/example_dags/example_short_circuit_decorator.py took 0.053 seconds
[2026-02-24T18:05:30.580+0000] {processor.py:186} INFO - Started process (PID=44787) to work on /home/ubuntu/airflow-venv/lib/python3.12/site-packages/airflow/example_dags/example_short_circuit_decorator.py
[2026-02-24T18:05:30.581+0000] {processor.py:914} INFO - Processing file /home/ubuntu/airflow-venv/lib/python3.12/site-packages/airflow/example_dags/example_short_circuit_decorator.py for tasks to queue
[2026-02-24T18:05:30.582+0000] {logging_mixin.py:190} INFO - [2026-02-24T18:05:30.582+0000] {dagbag.py:588} INFO - Filling up the DagBag from /home/ubuntu/airflow-venv/lib/python3.12/site-packages/airflow/example_dags/example_short_circuit_decorator.py
[2026-02-24T18:05:30.590+0000] {processor.py:925} INFO - DAG(s) 'example_short_circuit_decorator' retrieved from /home/ubuntu/airflow-venv/lib/python3.12/site-packages/airflow/example_dags/example_short_circuit_decorator.py
[2026-02-24T18:05:30.695+0000] {logging_mixin.py:190} INFO - [2026-02-24T18:05:30.695+0000] {dag.py:3239} INFO - Sync 1 DAGs
[2026-02-24T18:05:30.702+0000] {logging_mixin.py:190} INFO - [2026-02-24T18:05:30.702+0000] {dag.py:4180} INFO - Setting next_dagrun for example_short_circuit_decorator to None, run_after=None
[2026-02-24T18:05:30.718+0000] {processor.py:208} INFO - Processing /home/ubuntu/airflow-venv/lib/python3.12/site-packages/airflow/example_dags/example_short_circuit_decorator.py took 0.143 seconds
[2026-02-24T18:06:27.802+0000] {processor.py:186} INFO - Started process (PID=44852) to work on /home/ubuntu/airflow-venv/lib/python3.12/site-packages/airflow/example_dags/example_short_circuit_decorator.py
[2026-02-24T18:06:27.804+0000] {processor.py:914} INFO - Processing file /home/ubuntu/airflow-venv/lib/python3.12/site-packages/airflow/example_dags/example_short_circuit_decorator.py for tasks to queue
[2026-02-24T18:06:27.805+0000] {logging_mixin.py:190} INFO - [2026-02-24T18:06:27.805+0000] {dagbag.py:588} INFO - Filling up the DagBag from /home/ubuntu/airflow-venv/lib/python3.12/site-packages/airflow/example_dags/example_short_circuit_decorator.py
[2026-02-24T18:06:27.813+0000] {processor.py:925} INFO - DAG(s) 'example_short_circuit_decorator' retrieved from /home/ubuntu/airflow-venv/lib/python3.12/site-packages/airflow/example_dags/example_short_circuit_decorator.py
[2026-02-24T18:06:27.827+0000] {logging_mixin.py:190} INFO - [2026-02-24T18:06:27.827+0000] {dag.py:3239} INFO - Sync 1 DAGs
[2026-02-24T18:06:27.837+0000] {logging_mixin.py:190} INFO - [2026-02-24T18:06:27.837+0000] {dag.py:4180} INFO - Setting next_dagrun for example_short_circuit_decorator to None, run_after=None
[2026-02-24T18:06:27.855+0000] {processor.py:208} INFO - Processing /home/ubuntu/airflow-venv/lib/python3.12/site-packages/airflow/example_dags/example_short_circuit_decorator.py took 0.057 seconds
[2026-02-24T18:07:18.467+0000] {processor.py:186} INFO - Started process (PID=44906) to work on /home/ubuntu/airflow-venv/lib/python3.12/site-packages/airflow/example_dags/example_short_circuit_decorator.py
[2026-02-24T18:07:18.468+0000] {processor.py:914} INFO - Processing file /home/ubuntu/airflow-venv/lib/python3.12/site-packages/airflow/example_dags/example_short_circuit_decorator.py for tasks to queue
[2026-02-24T18:07:18.470+0000] {logging_mixin.py:190} INFO - [2026-02-24T18:07:18.469+0000] {dagbag.py:588} INFO - Filling up the DagBag from /home/ubuntu/airflow-venv/lib/python3.12/site-packages/airflow/example_dags/example_short_circuit_decorator.py
[2026-02-24T18:07:18.477+0000] {processor.py:925} INFO - DAG(s) 'example_short_circuit_decorator' retrieved from /home/ubuntu/airflow-venv/lib/python3.12/site-packages/airflow/example_dags/example_short_circuit_decorator.py
[2026-02-24T18:07:18.490+0000] {logging_mixin.py:190} INFO - [2026-02-24T18:07:18.490+0000] {dag.py:3239} INFO - Sync 1 DAGs
[2026-02-24T18:07:18.499+0000] {logging_mixin.py:190} INFO - [2026-02-24T18:07:18.499+0000] {dag.py:4180} INFO - Setting next_dagrun for example_short_circuit_decorator to None, run_after=None
[2026-02-24T18:07:18.518+0000] {processor.py:208} INFO - Processing /home/ubuntu/airflow-venv/lib/python3.12/site-packages/airflow/example_dags/example_short_circuit_decorator.py took 0.055 seconds
[2026-02-24T18:08:08.435+0000] {processor.py:186} INFO - Started process (PID=44957) to work on /home/ubuntu/airflow-venv/lib/python3.12/site-packages/airflow/example_dags/example_short_circuit_decorator.py
[2026-02-24T18:08:08.436+0000] {processor.py:914} INFO - Processing file /home/ubuntu/airflow-venv/lib/python3.12/site-packages/airflow/example_dags/example_short_circuit_decorator.py for tasks to queue
[2026-02-24T18:08:08.438+0000] {logging_mixin.py:190} INFO - [2026-02-24T18:08:08.438+0000] {dagbag.py:588} INFO - Filling up the DagBag from /home/ubuntu/airflow-venv/lib/python3.12/site-packages/airflow/example_dags/example_short_circuit_decorator.py
[2026-02-24T18:08:08.445+0000] {processor.py:925} INFO - DAG(s) 'example_short_circuit_decorator' retrieved from /home/ubuntu/airflow-venv/lib/python3.12/site-packages/airflow/example_dags/example_short_circuit_decorator.py
[2026-02-24T18:08:08.459+0000] {logging_mixin.py:190} INFO - [2026-02-24T18:08:08.458+0000] {dag.py:3239} INFO - Sync 1 DAGs
[2026-02-24T18:08:08.468+0000] {logging_mixin.py:190} INFO - [2026-02-24T18:08:08.467+0000] {dag.py:4180} INFO - Setting next_dagrun for example_short_circuit_decorator to None, run_after=None
[2026-02-24T18:08:08.485+0000] {processor.py:208} INFO - Processing /home/ubuntu/airflow-venv/lib/python3.12/site-packages/airflow/example_dags/example_short_circuit_decorator.py took 0.054 seconds
[2026-02-24T18:08:59.175+0000] {processor.py:186} INFO - Started process (PID=45011) to work on /home/ubuntu/airflow-venv/lib/python3.12/site-packages/airflow/example_dags/example_short_circuit_decorator.py
[2026-02-24T18:08:59.176+0000] {processor.py:914} INFO - Processing file /home/ubuntu/airflow-venv/lib/python3.12/site-packages/airflow/example_dags/example_short_circuit_decorator.py for tasks to queue
[2026-02-24T18:08:59.178+0000] {logging_mixin.py:190} INFO - [2026-02-24T18:08:59.178+0000] {dagbag.py:588} INFO - Filling up the DagBag from /home/ubuntu/airflow-venv/lib/python3.12/site-packages/airflow/example_dags/example_short_circuit_decorator.py
[2026-02-24T18:08:59.186+0000] {processor.py:925} INFO - DAG(s) 'example_short_circuit_decorator' retrieved from /home/ubuntu/airflow-venv/lib/python3.12/site-packages/airflow/example_dags/example_short_circuit_decorator.py
[2026-02-24T18:08:59.199+0000] {logging_mixin.py:190} INFO - [2026-02-24T18:08:59.199+0000] {dag.py:3239} INFO - Sync 1 DAGs
[2026-02-24T18:08:59.208+0000] {logging_mixin.py:190} INFO - [2026-02-24T18:08:59.208+0000] {dag.py:4180} INFO - Setting next_dagrun for example_short_circuit_decorator to None, run_after=None
[2026-02-24T18:08:59.227+0000] {processor.py:208} INFO - Processing /home/ubuntu/airflow-venv/lib/python3.12/site-packages/airflow/example_dags/example_short_circuit_decorator.py took 0.056 seconds
[2026-02-24T18:09:47.189+0000] {processor.py:186} INFO - Started process (PID=45062) to work on /home/ubuntu/airflow-venv/lib/python3.12/site-packages/airflow/example_dags/example_short_circuit_decorator.py
[2026-02-24T18:09:47.190+0000] {processor.py:914} INFO - Processing file /home/ubuntu/airflow-venv/lib/python3.12/site-packages/airflow/example_dags/example_short_circuit_decorator.py for tasks to queue
[2026-02-24T18:09:47.192+0000] {logging_mixin.py:190} INFO - [2026-02-24T18:09:47.192+0000] {dagbag.py:588} INFO - Filling up the DagBag from /home/ubuntu/airflow-venv/lib/python3.12/site-packages/airflow/example_dags/example_short_circuit_decorator.py
[2026-02-24T18:09:47.199+0000] {processor.py:925} INFO - DAG(s) 'example_short_circuit_decorator' retrieved from /home/ubuntu/airflow-venv/lib/python3.12/site-packages/airflow/example_dags/example_short_circuit_decorator.py
[2026-02-24T18:09:47.213+0000] {logging_mixin.py:190} INFO - [2026-02-24T18:09:47.213+0000] {dag.py:3239} INFO - Sync 1 DAGs
[2026-02-24T18:09:47.222+0000] {logging_mixin.py:190} INFO - [2026-02-24T18:09:47.222+0000] {dag.py:4180} INFO - Setting next_dagrun for example_short_circuit_decorator to None, run_after=None
[2026-02-24T18:09:47.242+0000] {processor.py:208} INFO - Processing /home/ubuntu/airflow-venv/lib/python3.12/site-packages/airflow/example_dags/example_short_circuit_decorator.py took 0.057 seconds
[2026-02-24T18:10:38.629+0000] {processor.py:186} INFO - Started process (PID=45118) to work on /home/ubuntu/airflow-venv/lib/python3.12/site-packages/airflow/example_dags/example_short_circuit_decorator.py
[2026-02-24T18:10:38.631+0000] {processor.py:914} INFO - Processing file /home/ubuntu/airflow-venv/lib/python3.12/site-packages/airflow/example_dags/example_short_circuit_decorator.py for tasks to queue
[2026-02-24T18:10:38.632+0000] {logging_mixin.py:190} INFO - [2026-02-24T18:10:38.632+0000] {dagbag.py:588} INFO - Filling up the DagBag from /home/ubuntu/airflow-venv/lib/python3.12/site-packages/airflow/example_dags/example_short_circuit_decorator.py
[2026-02-24T18:10:38.640+0000] {processor.py:925} INFO - DAG(s) 'example_short_circuit_decorator' retrieved from /home/ubuntu/airflow-venv/lib/python3.12/site-packages/airflow/example_dags/example_short_circuit_decorator.py
[2026-02-24T18:10:38.653+0000] {logging_mixin.py:190} INFO - [2026-02-24T18:10:38.653+0000] {dag.py:3239} INFO - Sync 1 DAGs
[2026-02-24T18:10:38.663+0000] {logging_mixin.py:190} INFO - [2026-02-24T18:10:38.662+0000] {dag.py:4180} INFO - Setting next_dagrun for example_short_circuit_decorator to None, run_after=None
[2026-02-24T18:10:38.681+0000] {processor.py:208} INFO - Processing /home/ubuntu/airflow-venv/lib/python3.12/site-packages/airflow/example_dags/example_short_circuit_decorator.py took 0.056 seconds
[2026-02-24T18:11:28.900+0000] {processor.py:186} INFO - Started process (PID=45170) to work on /home/ubuntu/airflow-venv/lib/python3.12/site-packages/airflow/example_dags/example_short_circuit_decorator.py
[2026-02-24T18:11:28.902+0000] {processor.py:914} INFO - Processing file /home/ubuntu/airflow-venv/lib/python3.12/site-packages/airflow/example_dags/example_short_circuit_decorator.py for tasks to queue
[2026-02-24T18:11:28.903+0000] {logging_mixin.py:190} INFO - [2026-02-24T18:11:28.903+0000] {dagbag.py:588} INFO - Filling up the DagBag from /home/ubuntu/airflow-venv/lib/python3.12/site-packages/airflow/example_dags/example_short_circuit_decorator.py
[2026-02-24T18:11:28.911+0000] {processor.py:925} INFO - DAG(s) 'example_short_circuit_decorator' retrieved from /home/ubuntu/airflow-venv/lib/python3.12/site-packages/airflow/example_dags/example_short_circuit_decorator.py
[2026-02-24T18:11:28.924+0000] {logging_mixin.py:190} INFO - [2026-02-24T18:11:28.923+0000] {dag.py:3239} INFO - Sync 1 DAGs
[2026-02-24T18:11:28.932+0000] {logging_mixin.py:190} INFO - [2026-02-24T18:11:28.932+0000] {dag.py:4180} INFO - Setting next_dagrun for example_short_circuit_decorator to None, run_after=None
[2026-02-24T18:11:28.949+0000] {processor.py:208} INFO - Processing /home/ubuntu/airflow-venv/lib/python3.12/site-packages/airflow/example_dags/example_short_circuit_decorator.py took 0.053 seconds
[2026-02-24T18:12:20.221+0000] {processor.py:186} INFO - Started process (PID=45224) to work on /home/ubuntu/airflow-venv/lib/python3.12/site-packages/airflow/example_dags/example_short_circuit_decorator.py
[2026-02-24T18:12:20.222+0000] {processor.py:914} INFO - Processing file /home/ubuntu/airflow-venv/lib/python3.12/site-packages/airflow/example_dags/example_short_circuit_decorator.py for tasks to queue
[2026-02-24T18:12:20.224+0000] {logging_mixin.py:190} INFO - [2026-02-24T18:12:20.224+0000] {dagbag.py:588} INFO - Filling up the DagBag from /home/ubuntu/airflow-venv/lib/python3.12/site-packages/airflow/example_dags/example_short_circuit_decorator.py
[2026-02-24T18:12:20.231+0000] {processor.py:925} INFO - DAG(s) 'example_short_circuit_decorator' retrieved from /home/ubuntu/airflow-venv/lib/python3.12/site-packages/airflow/example_dags/example_short_circuit_decorator.py
[2026-02-24T18:12:20.245+0000] {logging_mixin.py:190} INFO - [2026-02-24T18:12:20.244+0000] {dag.py:3239} INFO - Sync 1 DAGs
[2026-02-24T18:12:20.253+0000] {logging_mixin.py:190} INFO - [2026-02-24T18:12:20.253+0000] {dag.py:4180} INFO - Setting next_dagrun for example_short_circuit_decorator to None, run_after=None
[2026-02-24T18:12:20.272+0000] {processor.py:208} INFO - Processing /home/ubuntu/airflow-venv/lib/python3.12/site-packages/airflow/example_dags/example_short_circuit_decorator.py took 0.055 seconds
[2026-02-24T18:13:11.586+0000] {processor.py:186} INFO - Started process (PID=45278) to work on /home/ubuntu/airflow-venv/lib/python3.12/site-packages/airflow/example_dags/example_short_circuit_decorator.py
[2026-02-24T18:13:11.587+0000] {processor.py:914} INFO - Processing file /home/ubuntu/airflow-venv/lib/python3.12/site-packages/airflow/example_dags/example_short_circuit_decorator.py for tasks to queue
[2026-02-24T18:13:11.589+0000] {logging_mixin.py:190} INFO - [2026-02-24T18:13:11.588+0000] {dagbag.py:588} INFO - Filling up the DagBag from /home/ubuntu/airflow-venv/lib/python3.12/site-packages/airflow/example_dags/example_short_circuit_decorator.py
[2026-02-24T18:13:11.596+0000] {processor.py:925} INFO - DAG(s) 'example_short_circuit_decorator' retrieved from /home/ubuntu/airflow-venv/lib/python3.12/site-packages/airflow/example_dags/example_short_circuit_decorator.py
[2026-02-24T18:13:11.610+0000] {logging_mixin.py:190} INFO - [2026-02-24T18:13:11.610+0000] {dag.py:3239} INFO - Sync 1 DAGs
[2026-02-24T18:13:11.619+0000] {logging_mixin.py:190} INFO - [2026-02-24T18:13:11.619+0000] {dag.py:4180} INFO - Setting next_dagrun for example_short_circuit_decorator to None, run_after=None
[2026-02-24T18:13:11.638+0000] {processor.py:208} INFO - Processing /home/ubuntu/airflow-venv/lib/python3.12/site-packages/airflow/example_dags/example_short_circuit_decorator.py took 0.057 seconds
[2026-02-24T18:13:58.996+0000] {processor.py:186} INFO - Started process (PID=45328) to work on /home/ubuntu/airflow-venv/lib/python3.12/site-packages/airflow/example_dags/example_short_circuit_decorator.py
[2026-02-24T18:13:58.998+0000] {processor.py:914} INFO - Processing file /home/ubuntu/airflow-venv/lib/python3.12/site-packages/airflow/example_dags/example_short_circuit_decorator.py for tasks to queue
[2026-02-24T18:13:58.999+0000] {logging_mixin.py:190} INFO - [2026-02-24T18:13:58.999+0000] {dagbag.py:588} INFO - Filling up the DagBag from /home/ubuntu/airflow-venv/lib/python3.12/site-packages/airflow/example_dags/example_short_circuit_decorator.py
[2026-02-24T18:13:59.007+0000] {processor.py:925} INFO - DAG(s) 'example_short_circuit_decorator' retrieved from /home/ubuntu/airflow-venv/lib/python3.12/site-packages/airflow/example_dags/example_short_circuit_decorator.py
[2026-02-24T18:13:59.020+0000] {logging_mixin.py:190} INFO - [2026-02-24T18:13:59.020+0000] {dag.py:3239} INFO - Sync 1 DAGs
[2026-02-24T18:13:59.029+0000] {logging_mixin.py:190} INFO - [2026-02-24T18:13:59.029+0000] {dag.py:4180} INFO - Setting next_dagrun for example_short_circuit_decorator to None, run_after=None
[2026-02-24T18:13:59.047+0000] {processor.py:208} INFO - Processing /home/ubuntu/airflow-venv/lib/python3.12/site-packages/airflow/example_dags/example_short_circuit_decorator.py took 0.055 seconds
[2026-02-24T18:14:50.283+0000] {processor.py:186} INFO - Started process (PID=45380) to work on /home/ubuntu/airflow-venv/lib/python3.12/site-packages/airflow/example_dags/example_short_circuit_decorator.py
[2026-02-24T18:14:50.284+0000] {processor.py:914} INFO - Processing file /home/ubuntu/airflow-venv/lib/python3.12/site-packages/airflow/example_dags/example_short_circuit_decorator.py for tasks to queue
[2026-02-24T18:14:50.286+0000] {logging_mixin.py:190} INFO - [2026-02-24T18:14:50.286+0000] {dagbag.py:588} INFO - Filling up the DagBag from /home/ubuntu/airflow-venv/lib/python3.12/site-packages/airflow/example_dags/example_short_circuit_decorator.py
[2026-02-24T18:14:50.294+0000] {processor.py:925} INFO - DAG(s) 'example_short_circuit_decorator' retrieved from /home/ubuntu/airflow-venv/lib/python3.12/site-packages/airflow/example_dags/example_short_circuit_decorator.py
[2026-02-24T18:14:50.307+0000] {logging_mixin.py:190} INFO - [2026-02-24T18:14:50.307+0000] {dag.py:3239} INFO - Sync 1 DAGs
[2026-02-24T18:14:50.316+0000] {logging_mixin.py:190} INFO - [2026-02-24T18:14:50.316+0000] {dag.py:4180} INFO - Setting next_dagrun for example_short_circuit_decorator to None, run_after=None
[2026-02-24T18:14:50.334+0000] {processor.py:208} INFO - Processing /home/ubuntu/airflow-venv/lib/python3.12/site-packages/airflow/example_dags/example_short_circuit_decorator.py took 0.056 seconds
[2026-02-24T18:15:40.551+0000] {processor.py:186} INFO - Started process (PID=45436) to work on /home/ubuntu/airflow-venv/lib/python3.12/site-packages/airflow/example_dags/example_short_circuit_decorator.py
[2026-02-24T18:15:40.552+0000] {processor.py:914} INFO - Processing file /home/ubuntu/airflow-venv/lib/python3.12/site-packages/airflow/example_dags/example_short_circuit_decorator.py for tasks to queue
[2026-02-24T18:15:40.554+0000] {logging_mixin.py:190} INFO - [2026-02-24T18:15:40.554+0000] {dagbag.py:588} INFO - Filling up the DagBag from /home/ubuntu/airflow-venv/lib/python3.12/site-packages/airflow/example_dags/example_short_circuit_decorator.py
[2026-02-24T18:15:40.562+0000] {processor.py:925} INFO - DAG(s) 'example_short_circuit_decorator' retrieved from /home/ubuntu/airflow-venv/lib/python3.12/site-packages/airflow/example_dags/example_short_circuit_decorator.py
[2026-02-24T18:15:40.575+0000] {logging_mixin.py:190} INFO - [2026-02-24T18:15:40.575+0000] {dag.py:3239} INFO - Sync 1 DAGs
[2026-02-24T18:15:40.584+0000] {logging_mixin.py:190} INFO - [2026-02-24T18:15:40.584+0000] {dag.py:4180} INFO - Setting next_dagrun for example_short_circuit_decorator to None, run_after=None
[2026-02-24T18:15:40.603+0000] {processor.py:208} INFO - Processing /home/ubuntu/airflow-venv/lib/python3.12/site-packages/airflow/example_dags/example_short_circuit_decorator.py took 0.056 seconds
[2026-02-24T18:16:31.312+0000] {processor.py:186} INFO - Started process (PID=45490) to work on /home/ubuntu/airflow-venv/lib/python3.12/site-packages/airflow/example_dags/example_short_circuit_decorator.py
[2026-02-24T18:16:31.313+0000] {processor.py:914} INFO - Processing file /home/ubuntu/airflow-venv/lib/python3.12/site-packages/airflow/example_dags/example_short_circuit_decorator.py for tasks to queue
[2026-02-24T18:16:31.315+0000] {logging_mixin.py:190} INFO - [2026-02-24T18:16:31.315+0000] {dagbag.py:588} INFO - Filling up the DagBag from /home/ubuntu/airflow-venv/lib/python3.12/site-packages/airflow/example_dags/example_short_circuit_decorator.py
[2026-02-24T18:16:31.322+0000] {processor.py:925} INFO - DAG(s) 'example_short_circuit_decorator' retrieved from /home/ubuntu/airflow-venv/lib/python3.12/site-packages/airflow/example_dags/example_short_circuit_decorator.py
[2026-02-24T18:16:31.335+0000] {logging_mixin.py:190} INFO - [2026-02-24T18:16:31.335+0000] {dag.py:3239} INFO - Sync 1 DAGs
[2026-02-24T18:16:31.344+0000] {logging_mixin.py:190} INFO - [2026-02-24T18:16:31.344+0000] {dag.py:4180} INFO - Setting next_dagrun for example_short_circuit_decorator to None, run_after=None
[2026-02-24T18:16:31.362+0000] {processor.py:208} INFO - Processing /home/ubuntu/airflow-venv/lib/python3.12/site-packages/airflow/example_dags/example_short_circuit_decorator.py took 0.054 seconds
[2026-02-24T18:17:21.542+0000] {processor.py:186} INFO - Started process (PID=45546) to work on /home/ubuntu/airflow-venv/lib/python3.12/site-packages/airflow/example_dags/example_short_circuit_decorator.py
[2026-02-24T18:17:21.543+0000] {processor.py:914} INFO - Processing file /home/ubuntu/airflow-venv/lib/python3.12/site-packages/airflow/example_dags/example_short_circuit_decorator.py for tasks to queue
[2026-02-24T18:17:21.545+0000] {logging_mixin.py:190} INFO - [2026-02-24T18:17:21.545+0000] {dagbag.py:588} INFO - Filling up the DagBag from /home/ubuntu/airflow-venv/lib/python3.12/site-packages/airflow/example_dags/example_short_circuit_decorator.py
[2026-02-24T18:17:21.553+0000] {processor.py:925} INFO - DAG(s) 'example_short_circuit_decorator' retrieved from /home/ubuntu/airflow-venv/lib/python3.12/site-packages/airflow/example_dags/example_short_circuit_decorator.py
[2026-02-24T18:17:21.566+0000] {logging_mixin.py:190} INFO - [2026-02-24T18:17:21.566+0000] {dag.py:3239} INFO - Sync 1 DAGs
[2026-02-24T18:17:21.575+0000] {logging_mixin.py:190} INFO - [2026-02-24T18:17:21.575+0000] {dag.py:4180} INFO - Setting next_dagrun for example_short_circuit_decorator to None, run_after=None
[2026-02-24T18:17:21.594+0000] {processor.py:208} INFO - Processing /home/ubuntu/airflow-venv/lib/python3.12/site-packages/airflow/example_dags/example_short_circuit_decorator.py took 0.056 seconds
[2026-02-24T18:18:14.507+0000] {processor.py:186} INFO - Started process (PID=45602) to work on /home/ubuntu/airflow-venv/lib/python3.12/site-packages/airflow/example_dags/example_short_circuit_decorator.py
[2026-02-24T18:18:14.508+0000] {processor.py:914} INFO - Processing file /home/ubuntu/airflow-venv/lib/python3.12/site-packages/airflow/example_dags/example_short_circuit_decorator.py for tasks to queue
[2026-02-24T18:18:14.510+0000] {logging_mixin.py:190} INFO - [2026-02-24T18:18:14.510+0000] {dagbag.py:588} INFO - Filling up the DagBag from /home/ubuntu/airflow-venv/lib/python3.12/site-packages/airflow/example_dags/example_short_circuit_decorator.py
[2026-02-24T18:18:14.517+0000] {processor.py:925} INFO - DAG(s) 'example_short_circuit_decorator' retrieved from /home/ubuntu/airflow-venv/lib/python3.12/site-packages/airflow/example_dags/example_short_circuit_decorator.py
[2026-02-24T18:18:14.530+0000] {logging_mixin.py:190} INFO - [2026-02-24T18:18:14.530+0000] {dag.py:3239} INFO - Sync 1 DAGs
[2026-02-24T18:18:14.539+0000] {logging_mixin.py:190} INFO - [2026-02-24T18:18:14.539+0000] {dag.py:4180} INFO - Setting next_dagrun for example_short_circuit_decorator to None, run_after=None
[2026-02-24T18:18:14.558+0000] {processor.py:208} INFO - Processing /home/ubuntu/airflow-venv/lib/python3.12/site-packages/airflow/example_dags/example_short_circuit_decorator.py took 0.055 seconds
[2026-02-24T18:19:05.852+0000] {processor.py:186} INFO - Started process (PID=45653) to work on /home/ubuntu/airflow-venv/lib/python3.12/site-packages/airflow/example_dags/example_short_circuit_decorator.py
[2026-02-24T18:19:05.854+0000] {processor.py:914} INFO - Processing file /home/ubuntu/airflow-venv/lib/python3.12/site-packages/airflow/example_dags/example_short_circuit_decorator.py for tasks to queue
[2026-02-24T18:19:05.855+0000] {logging_mixin.py:190} INFO - [2026-02-24T18:19:05.855+0000] {dagbag.py:588} INFO - Filling up the DagBag from /home/ubuntu/airflow-venv/lib/python3.12/site-packages/airflow/example_dags/example_short_circuit_decorator.py
[2026-02-24T18:19:05.862+0000] {processor.py:925} INFO - DAG(s) 'example_short_circuit_decorator' retrieved from /home/ubuntu/airflow-venv/lib/python3.12/site-packages/airflow/example_dags/example_short_circuit_decorator.py
[2026-02-24T18:19:05.876+0000] {logging_mixin.py:190} INFO - [2026-02-24T18:19:05.875+0000] {dag.py:3239} INFO - Sync 1 DAGs
[2026-02-24T18:19:05.885+0000] {logging_mixin.py:190} INFO - [2026-02-24T18:19:05.885+0000] {dag.py:4180} INFO - Setting next_dagrun for example_short_circuit_decorator to None, run_after=None
[2026-02-24T18:19:05.903+0000] {processor.py:208} INFO - Processing /home/ubuntu/airflow-venv/lib/python3.12/site-packages/airflow/example_dags/example_short_circuit_decorator.py took 0.055 seconds
[2026-02-24T18:19:57.216+0000] {processor.py:186} INFO - Started process (PID=45707) to work on /home/ubuntu/airflow-venv/lib/python3.12/site-packages/airflow/example_dags/example_short_circuit_decorator.py
[2026-02-24T18:19:57.218+0000] {processor.py:914} INFO - Processing file /home/ubuntu/airflow-venv/lib/python3.12/site-packages/airflow/example_dags/example_short_circuit_decorator.py for tasks to queue
[2026-02-24T18:19:57.219+0000] {logging_mixin.py:190} INFO - [2026-02-24T18:19:57.219+0000] {dagbag.py:588} INFO - Filling up the DagBag from /home/ubuntu/airflow-venv/lib/python3.12/site-packages/airflow/example_dags/example_short_circuit_decorator.py
[2026-02-24T18:19:57.227+0000] {processor.py:925} INFO - DAG(s) 'example_short_circuit_decorator' retrieved from /home/ubuntu/airflow-venv/lib/python3.12/site-packages/airflow/example_dags/example_short_circuit_decorator.py
[2026-02-24T18:19:57.241+0000] {logging_mixin.py:190} INFO - [2026-02-24T18:19:57.241+0000] {dag.py:3239} INFO - Sync 1 DAGs
[2026-02-24T18:19:57.250+0000] {logging_mixin.py:190} INFO - [2026-02-24T18:19:57.250+0000] {dag.py:4180} INFO - Setting next_dagrun for example_short_circuit_decorator to None, run_after=None
[2026-02-24T18:19:57.269+0000] {processor.py:208} INFO - Processing /home/ubuntu/airflow-venv/lib/python3.12/site-packages/airflow/example_dags/example_short_circuit_decorator.py took 0.058 seconds
