[2026-02-24T17:59:47.712+0000] {processor.py:186} INFO - Started process (PID=43682) to work on /home/ubuntu/airflow-venv/lib/python3.12/site-packages/airflow/example_dags/example_branch_operator.py
[2026-02-24T17:59:47.712+0000] {processor.py:914} INFO - Processing file /home/ubuntu/airflow-venv/lib/python3.12/site-packages/airflow/example_dags/example_branch_operator.py for tasks to queue
[2026-02-24T17:59:47.714+0000] {logging_mixin.py:190} INFO - [2026-02-24T17:59:47.713+0000] {dagbag.py:588} INFO - Filling up the DagBag from /home/ubuntu/airflow-venv/lib/python3.12/site-packages/airflow/example_dags/example_branch_operator.py
[2026-02-24T17:59:47.715+0000] {processor.py:927} WARNING - No viable dags retrieved from /home/ubuntu/airflow-venv/lib/python3.12/site-packages/airflow/example_dags/example_branch_operator.py
[2026-02-24T17:59:47.725+0000] {processor.py:208} INFO - Processing /home/ubuntu/airflow-venv/lib/python3.12/site-packages/airflow/example_dags/example_branch_operator.py took 0.017 seconds
[2026-02-24T18:00:41.678+0000] {processor.py:186} INFO - Started process (PID=43744) to work on /home/ubuntu/airflow-venv/lib/python3.12/site-packages/airflow/example_dags/example_branch_operator.py
[2026-02-24T18:00:41.679+0000] {processor.py:914} INFO - Processing file /home/ubuntu/airflow-venv/lib/python3.12/site-packages/airflow/example_dags/example_branch_operator.py for tasks to queue
[2026-02-24T18:00:41.681+0000] {logging_mixin.py:190} INFO - [2026-02-24T18:00:41.681+0000] {dagbag.py:588} INFO - Filling up the DagBag from /home/ubuntu/airflow-venv/lib/python3.12/site-packages/airflow/example_dags/example_branch_operator.py
[2026-02-24T18:00:41.683+0000] {processor.py:927} WARNING - No viable dags retrieved from /home/ubuntu/airflow-venv/lib/python3.12/site-packages/airflow/example_dags/example_branch_operator.py
[2026-02-24T18:00:41.692+0000] {processor.py:208} INFO - Processing /home/ubuntu/airflow-venv/lib/python3.12/site-packages/airflow/example_dags/example_branch_operator.py took 0.018 seconds
[2026-02-24T18:01:56.441+0000] {processor.py:186} INFO - Started process (PID=43824) to work on /home/ubuntu/airflow-venv/lib/python3.12/site-packages/airflow/example_dags/example_branch_operator.py
[2026-02-24T18:01:56.443+0000] {processor.py:914} INFO - Processing file /home/ubuntu/airflow-venv/lib/python3.12/site-packages/airflow/example_dags/example_branch_operator.py for tasks to queue
[2026-02-24T18:01:56.444+0000] {logging_mixin.py:190} INFO - [2026-02-24T18:01:56.444+0000] {dagbag.py:588} INFO - Filling up the DagBag from /home/ubuntu/airflow-venv/lib/python3.12/site-packages/airflow/example_dags/example_branch_operator.py
[2026-02-24T18:01:56.446+0000] {processor.py:927} WARNING - No viable dags retrieved from /home/ubuntu/airflow-venv/lib/python3.12/site-packages/airflow/example_dags/example_branch_operator.py
[2026-02-24T18:01:56.454+0000] {processor.py:208} INFO - Processing /home/ubuntu/airflow-venv/lib/python3.12/site-packages/airflow/example_dags/example_branch_operator.py took 0.017 seconds
[2026-02-24T18:02:53.942+0000] {processor.py:186} INFO - Started process (PID=44254) to work on /home/ubuntu/airflow-venv/lib/python3.12/site-packages/airflow/example_dags/example_branch_operator.py
[2026-02-24T18:02:53.943+0000] {processor.py:914} INFO - Processing file /home/ubuntu/airflow-venv/lib/python3.12/site-packages/airflow/example_dags/example_branch_operator.py for tasks to queue
[2026-02-24T18:02:53.944+0000] {logging_mixin.py:190} INFO - [2026-02-24T18:02:53.944+0000] {dagbag.py:588} INFO - Filling up the DagBag from /home/ubuntu/airflow-venv/lib/python3.12/site-packages/airflow/example_dags/example_branch_operator.py
[2026-02-24T18:02:53.946+0000] {processor.py:927} WARNING - No viable dags retrieved from /home/ubuntu/airflow-venv/lib/python3.12/site-packages/airflow/example_dags/example_branch_operator.py
[2026-02-24T18:02:53.955+0000] {processor.py:208} INFO - Processing /home/ubuntu/airflow-venv/lib/python3.12/site-packages/airflow/example_dags/example_branch_operator.py took 0.017 seconds
[2026-02-24T18:04:07.853+0000] {processor.py:186} INFO - Started process (PID=44699) to work on /home/ubuntu/airflow-venv/lib/python3.12/site-packages/airflow/example_dags/example_branch_operator.py
[2026-02-24T18:04:07.854+0000] {processor.py:914} INFO - Processing file /home/ubuntu/airflow-venv/lib/python3.12/site-packages/airflow/example_dags/example_branch_operator.py for tasks to queue
[2026-02-24T18:04:07.856+0000] {logging_mixin.py:190} INFO - [2026-02-24T18:04:07.856+0000] {dagbag.py:588} INFO - Filling up the DagBag from /home/ubuntu/airflow-venv/lib/python3.12/site-packages/airflow/example_dags/example_branch_operator.py
[2026-02-24T18:04:07.858+0000] {processor.py:927} WARNING - No viable dags retrieved from /home/ubuntu/airflow-venv/lib/python3.12/site-packages/airflow/example_dags/example_branch_operator.py
[2026-02-24T18:04:07.865+0000] {processor.py:208} INFO - Processing /home/ubuntu/airflow-venv/lib/python3.12/site-packages/airflow/example_dags/example_branch_operator.py took 0.016 seconds
[2026-02-24T18:05:24.257+0000] {processor.py:186} INFO - Started process (PID=44781) to work on /home/ubuntu/airflow-venv/lib/python3.12/site-packages/airflow/example_dags/example_branch_operator.py
[2026-02-24T18:05:24.258+0000] {processor.py:914} INFO - Processing file /home/ubuntu/airflow-venv/lib/python3.12/site-packages/airflow/example_dags/example_branch_operator.py for tasks to queue
[2026-02-24T18:05:24.260+0000] {logging_mixin.py:190} INFO - [2026-02-24T18:05:24.260+0000] {dagbag.py:588} INFO - Filling up the DagBag from /home/ubuntu/airflow-venv/lib/python3.12/site-packages/airflow/example_dags/example_branch_operator.py
[2026-02-24T18:05:24.262+0000] {processor.py:927} WARNING - No viable dags retrieved from /home/ubuntu/airflow-venv/lib/python3.12/site-packages/airflow/example_dags/example_branch_operator.py
[2026-02-24T18:05:24.270+0000] {processor.py:208} INFO - Processing /home/ubuntu/airflow-venv/lib/python3.12/site-packages/airflow/example_dags/example_branch_operator.py took 0.017 seconds
[2026-02-24T18:06:22.811+0000] {processor.py:186} INFO - Started process (PID=44847) to work on /home/ubuntu/airflow-venv/lib/python3.12/site-packages/airflow/example_dags/example_branch_operator.py
[2026-02-24T18:06:22.812+0000] {processor.py:914} INFO - Processing file /home/ubuntu/airflow-venv/lib/python3.12/site-packages/airflow/example_dags/example_branch_operator.py for tasks to queue
[2026-02-24T18:06:22.814+0000] {logging_mixin.py:190} INFO - [2026-02-24T18:06:22.814+0000] {dagbag.py:588} INFO - Filling up the DagBag from /home/ubuntu/airflow-venv/lib/python3.12/site-packages/airflow/example_dags/example_branch_operator.py
[2026-02-24T18:06:22.816+0000] {processor.py:927} WARNING - No viable dags retrieved from /home/ubuntu/airflow-venv/lib/python3.12/site-packages/airflow/example_dags/example_branch_operator.py
[2026-02-24T18:06:22.824+0000] {processor.py:208} INFO - Processing /home/ubuntu/airflow-venv/lib/python3.12/site-packages/airflow/example_dags/example_branch_operator.py took 0.017 seconds
[2026-02-24T18:07:37.588+0000] {processor.py:186} INFO - Started process (PID=44926) to work on /home/ubuntu/airflow-venv/lib/python3.12/site-packages/airflow/example_dags/example_branch_operator.py
[2026-02-24T18:07:37.589+0000] {processor.py:914} INFO - Processing file /home/ubuntu/airflow-venv/lib/python3.12/site-packages/airflow/example_dags/example_branch_operator.py for tasks to queue
[2026-02-24T18:07:37.591+0000] {logging_mixin.py:190} INFO - [2026-02-24T18:07:37.591+0000] {dagbag.py:588} INFO - Filling up the DagBag from /home/ubuntu/airflow-venv/lib/python3.12/site-packages/airflow/example_dags/example_branch_operator.py
[2026-02-24T18:07:37.593+0000] {processor.py:927} WARNING - No viable dags retrieved from /home/ubuntu/airflow-venv/lib/python3.12/site-packages/airflow/example_dags/example_branch_operator.py
[2026-02-24T18:07:37.601+0000] {processor.py:208} INFO - Processing /home/ubuntu/airflow-venv/lib/python3.12/site-packages/airflow/example_dags/example_branch_operator.py took 0.017 seconds
[2026-02-24T18:08:52.390+0000] {processor.py:186} INFO - Started process (PID=45005) to work on /home/ubuntu/airflow-venv/lib/python3.12/site-packages/airflow/example_dags/example_branch_operator.py
[2026-02-24T18:08:52.391+0000] {processor.py:914} INFO - Processing file /home/ubuntu/airflow-venv/lib/python3.12/site-packages/airflow/example_dags/example_branch_operator.py for tasks to queue
[2026-02-24T18:08:52.393+0000] {logging_mixin.py:190} INFO - [2026-02-24T18:08:52.393+0000] {dagbag.py:588} INFO - Filling up the DagBag from /home/ubuntu/airflow-venv/lib/python3.12/site-packages/airflow/example_dags/example_branch_operator.py
[2026-02-24T18:08:52.395+0000] {processor.py:927} WARNING - No viable dags retrieved from /home/ubuntu/airflow-venv/lib/python3.12/site-packages/airflow/example_dags/example_branch_operator.py
[2026-02-24T18:08:52.403+0000] {processor.py:208} INFO - Processing /home/ubuntu/airflow-venv/lib/python3.12/site-packages/airflow/example_dags/example_branch_operator.py took 0.017 seconds
[2026-02-24T18:10:06.615+0000] {processor.py:186} INFO - Started process (PID=45082) to work on /home/ubuntu/airflow-venv/lib/python3.12/site-packages/airflow/example_dags/example_branch_operator.py
[2026-02-24T18:10:06.616+0000] {processor.py:914} INFO - Processing file /home/ubuntu/airflow-venv/lib/python3.12/site-packages/airflow/example_dags/example_branch_operator.py for tasks to queue
[2026-02-24T18:10:06.618+0000] {logging_mixin.py:190} INFO - [2026-02-24T18:10:06.618+0000] {dagbag.py:588} INFO - Filling up the DagBag from /home/ubuntu/airflow-venv/lib/python3.12/site-packages/airflow/example_dags/example_branch_operator.py
[2026-02-24T18:10:06.620+0000] {processor.py:927} WARNING - No viable dags retrieved from /home/ubuntu/airflow-venv/lib/python3.12/site-packages/airflow/example_dags/example_branch_operator.py
[2026-02-24T18:10:06.628+0000] {processor.py:208} INFO - Processing /home/ubuntu/airflow-venv/lib/python3.12/site-packages/airflow/example_dags/example_branch_operator.py took 0.017 seconds
[2026-02-24T18:11:22.709+0000] {processor.py:186} INFO - Started process (PID=45164) to work on /home/ubuntu/airflow-venv/lib/python3.12/site-packages/airflow/example_dags/example_branch_operator.py
[2026-02-24T18:11:22.711+0000] {processor.py:914} INFO - Processing file /home/ubuntu/airflow-venv/lib/python3.12/site-packages/airflow/example_dags/example_branch_operator.py for tasks to queue
[2026-02-24T18:11:22.712+0000] {logging_mixin.py:190} INFO - [2026-02-24T18:11:22.712+0000] {dagbag.py:588} INFO - Filling up the DagBag from /home/ubuntu/airflow-venv/lib/python3.12/site-packages/airflow/example_dags/example_branch_operator.py
[2026-02-24T18:11:22.714+0000] {processor.py:927} WARNING - No viable dags retrieved from /home/ubuntu/airflow-venv/lib/python3.12/site-packages/airflow/example_dags/example_branch_operator.py
[2026-02-24T18:11:22.723+0000] {processor.py:208} INFO - Processing /home/ubuntu/airflow-venv/lib/python3.12/site-packages/airflow/example_dags/example_branch_operator.py took 0.018 seconds
[2026-02-24T18:12:40.788+0000] {processor.py:186} INFO - Started process (PID=45244) to work on /home/ubuntu/airflow-venv/lib/python3.12/site-packages/airflow/example_dags/example_branch_operator.py
[2026-02-24T18:12:40.790+0000] {processor.py:914} INFO - Processing file /home/ubuntu/airflow-venv/lib/python3.12/site-packages/airflow/example_dags/example_branch_operator.py for tasks to queue
[2026-02-24T18:12:40.791+0000] {logging_mixin.py:190} INFO - [2026-02-24T18:12:40.791+0000] {dagbag.py:588} INFO - Filling up the DagBag from /home/ubuntu/airflow-venv/lib/python3.12/site-packages/airflow/example_dags/example_branch_operator.py
[2026-02-24T18:12:40.793+0000] {processor.py:927} WARNING - No viable dags retrieved from /home/ubuntu/airflow-venv/lib/python3.12/site-packages/airflow/example_dags/example_branch_operator.py
[2026-02-24T18:12:40.801+0000] {processor.py:208} INFO - Processing /home/ubuntu/airflow-venv/lib/python3.12/site-packages/airflow/example_dags/example_branch_operator.py took 0.017 seconds
[2026-02-24T18:13:53.055+0000] {processor.py:186} INFO - Started process (PID=45322) to work on /home/ubuntu/airflow-venv/lib/python3.12/site-packages/airflow/example_dags/example_branch_operator.py
[2026-02-24T18:13:53.057+0000] {processor.py:914} INFO - Processing file /home/ubuntu/airflow-venv/lib/python3.12/site-packages/airflow/example_dags/example_branch_operator.py for tasks to queue
[2026-02-24T18:13:53.058+0000] {logging_mixin.py:190} INFO - [2026-02-24T18:13:53.058+0000] {dagbag.py:588} INFO - Filling up the DagBag from /home/ubuntu/airflow-venv/lib/python3.12/site-packages/airflow/example_dags/example_branch_operator.py
[2026-02-24T18:13:53.060+0000] {processor.py:927} WARNING - No viable dags retrieved from /home/ubuntu/airflow-venv/lib/python3.12/site-packages/airflow/example_dags/example_branch_operator.py
[2026-02-24T18:13:53.068+0000] {processor.py:208} INFO - Processing /home/ubuntu/airflow-venv/lib/python3.12/site-packages/airflow/example_dags/example_branch_operator.py took 0.017 seconds
[2026-02-24T18:15:09.705+0000] {processor.py:186} INFO - Started process (PID=45404) to work on /home/ubuntu/airflow-venv/lib/python3.12/site-packages/airflow/example_dags/example_branch_operator.py
[2026-02-24T18:15:09.707+0000] {processor.py:914} INFO - Processing file /home/ubuntu/airflow-venv/lib/python3.12/site-packages/airflow/example_dags/example_branch_operator.py for tasks to queue
[2026-02-24T18:15:09.709+0000] {logging_mixin.py:190} INFO - [2026-02-24T18:15:09.708+0000] {dagbag.py:588} INFO - Filling up the DagBag from /home/ubuntu/airflow-venv/lib/python3.12/site-packages/airflow/example_dags/example_branch_operator.py
[2026-02-24T18:15:09.711+0000] {processor.py:927} WARNING - No viable dags retrieved from /home/ubuntu/airflow-venv/lib/python3.12/site-packages/airflow/example_dags/example_branch_operator.py
[2026-02-24T18:15:09.719+0000] {processor.py:208} INFO - Processing /home/ubuntu/airflow-venv/lib/python3.12/site-packages/airflow/example_dags/example_branch_operator.py took 0.018 seconds
[2026-02-24T18:16:25.347+0000] {processor.py:186} INFO - Started process (PID=45484) to work on /home/ubuntu/airflow-venv/lib/python3.12/site-packages/airflow/example_dags/example_branch_operator.py
[2026-02-24T18:16:25.349+0000] {processor.py:914} INFO - Processing file /home/ubuntu/airflow-venv/lib/python3.12/site-packages/airflow/example_dags/example_branch_operator.py for tasks to queue
[2026-02-24T18:16:25.350+0000] {logging_mixin.py:190} INFO - [2026-02-24T18:16:25.350+0000] {dagbag.py:588} INFO - Filling up the DagBag from /home/ubuntu/airflow-venv/lib/python3.12/site-packages/airflow/example_dags/example_branch_operator.py
[2026-02-24T18:16:25.352+0000] {processor.py:927} WARNING - No viable dags retrieved from /home/ubuntu/airflow-venv/lib/python3.12/site-packages/airflow/example_dags/example_branch_operator.py
[2026-02-24T18:16:25.361+0000] {processor.py:208} INFO - Processing /home/ubuntu/airflow-venv/lib/python3.12/site-packages/airflow/example_dags/example_branch_operator.py took 0.017 seconds
[2026-02-24T18:17:43.661+0000] {processor.py:186} INFO - Started process (PID=45568) to work on /home/ubuntu/airflow-venv/lib/python3.12/site-packages/airflow/example_dags/example_branch_operator.py
[2026-02-24T18:17:43.663+0000] {processor.py:914} INFO - Processing file /home/ubuntu/airflow-venv/lib/python3.12/site-packages/airflow/example_dags/example_branch_operator.py for tasks to queue
[2026-02-24T18:17:43.664+0000] {logging_mixin.py:190} INFO - [2026-02-24T18:17:43.664+0000] {dagbag.py:588} INFO - Filling up the DagBag from /home/ubuntu/airflow-venv/lib/python3.12/site-packages/airflow/example_dags/example_branch_operator.py
[2026-02-24T18:17:43.666+0000] {processor.py:927} WARNING - No viable dags retrieved from /home/ubuntu/airflow-venv/lib/python3.12/site-packages/airflow/example_dags/example_branch_operator.py
[2026-02-24T18:17:43.674+0000] {processor.py:208} INFO - Processing /home/ubuntu/airflow-venv/lib/python3.12/site-packages/airflow/example_dags/example_branch_operator.py took 0.017 seconds
[2026-02-24T18:18:59.579+0000] {processor.py:186} INFO - Started process (PID=45647) to work on /home/ubuntu/airflow-venv/lib/python3.12/site-packages/airflow/example_dags/example_branch_operator.py
[2026-02-24T18:18:59.580+0000] {processor.py:914} INFO - Processing file /home/ubuntu/airflow-venv/lib/python3.12/site-packages/airflow/example_dags/example_branch_operator.py for tasks to queue
[2026-02-24T18:18:59.582+0000] {logging_mixin.py:190} INFO - [2026-02-24T18:18:59.581+0000] {dagbag.py:588} INFO - Filling up the DagBag from /home/ubuntu/airflow-venv/lib/python3.12/site-packages/airflow/example_dags/example_branch_operator.py
[2026-02-24T18:18:59.584+0000] {processor.py:927} WARNING - No viable dags retrieved from /home/ubuntu/airflow-venv/lib/python3.12/site-packages/airflow/example_dags/example_branch_operator.py
[2026-02-24T18:18:59.592+0000] {processor.py:208} INFO - Processing /home/ubuntu/airflow-venv/lib/python3.12/site-packages/airflow/example_dags/example_branch_operator.py took 0.017 seconds
