[2026-02-24T17:59:48.117+0000] {processor.py:186} INFO - Started process (PID=43683) to work on /home/ubuntu/airflow-venv/lib/python3.12/site-packages/airflow/example_dags/example_branch_labels.py
[2026-02-24T17:59:48.118+0000] {processor.py:914} INFO - Processing file /home/ubuntu/airflow-venv/lib/python3.12/site-packages/airflow/example_dags/example_branch_labels.py for tasks to queue
[2026-02-24T17:59:48.119+0000] {logging_mixin.py:190} INFO - [2026-02-24T17:59:48.119+0000] {dagbag.py:588} INFO - Filling up the DagBag from /home/ubuntu/airflow-venv/lib/python3.12/site-packages/airflow/example_dags/example_branch_labels.py
[2026-02-24T17:59:48.128+0000] {processor.py:925} INFO - DAG(s) 'example_branch_labels' retrieved from /home/ubuntu/airflow-venv/lib/python3.12/site-packages/airflow/example_dags/example_branch_labels.py
[2026-02-24T17:59:48.203+0000] {logging_mixin.py:190} INFO - [2026-02-24T17:59:48.202+0000] {override.py:1900} INFO - Created Permission View: can edit on DAG:example_branch_labels
[2026-02-24T17:59:48.214+0000] {logging_mixin.py:190} INFO - [2026-02-24T17:59:48.213+0000] {override.py:1900} INFO - Created Permission View: can delete on DAG:example_branch_labels
[2026-02-24T17:59:48.222+0000] {logging_mixin.py:190} INFO - [2026-02-24T17:59:48.222+0000] {override.py:1900} INFO - Created Permission View: can read on DAG:example_branch_labels
[2026-02-24T17:59:48.237+0000] {logging_mixin.py:190} INFO - [2026-02-24T17:59:48.237+0000] {override.py:1900} INFO - Created Permission View: can delete on DAG Run:example_branch_labels
[2026-02-24T17:59:48.246+0000] {logging_mixin.py:190} INFO - [2026-02-24T17:59:48.245+0000] {override.py:1900} INFO - Created Permission View: menu access on DAG Run:example_branch_labels
[2026-02-24T17:59:48.254+0000] {logging_mixin.py:190} INFO - [2026-02-24T17:59:48.254+0000] {override.py:1900} INFO - Created Permission View: can create on DAG Run:example_branch_labels
[2026-02-24T17:59:48.262+0000] {logging_mixin.py:190} INFO - [2026-02-24T17:59:48.262+0000] {override.py:1900} INFO - Created Permission View: can read on DAG Run:example_branch_labels
[2026-02-24T17:59:48.263+0000] {logging_mixin.py:190} INFO - [2026-02-24T17:59:48.263+0000] {dag.py:3239} INFO - Sync 1 DAGs
[2026-02-24T17:59:48.270+0000] {logging_mixin.py:190} INFO - [2026-02-24T17:59:48.270+0000] {dag.py:3262} INFO - Creating ORM DAG for example_branch_labels
[2026-02-24T17:59:48.277+0000] {logging_mixin.py:190} INFO - [2026-02-24T17:59:48.276+0000] {dag.py:4180} INFO - Setting next_dagrun for example_branch_labels to 2026-02-23 00:00:00+00:00, run_after=2026-02-24 00:00:00+00:00
[2026-02-24T17:59:48.292+0000] {processor.py:208} INFO - Processing /home/ubuntu/airflow-venv/lib/python3.12/site-packages/airflow/example_dags/example_branch_labels.py took 0.178 seconds
[2026-02-24T18:00:42.809+0000] {processor.py:186} INFO - Started process (PID=43745) to work on /home/ubuntu/airflow-venv/lib/python3.12/site-packages/airflow/example_dags/example_branch_labels.py
[2026-02-24T18:00:42.810+0000] {processor.py:914} INFO - Processing file /home/ubuntu/airflow-venv/lib/python3.12/site-packages/airflow/example_dags/example_branch_labels.py for tasks to queue
[2026-02-24T18:00:42.812+0000] {logging_mixin.py:190} INFO - [2026-02-24T18:00:42.812+0000] {dagbag.py:588} INFO - Filling up the DagBag from /home/ubuntu/airflow-venv/lib/python3.12/site-packages/airflow/example_dags/example_branch_labels.py
[2026-02-24T18:00:42.819+0000] {processor.py:925} INFO - DAG(s) 'example_branch_labels' retrieved from /home/ubuntu/airflow-venv/lib/python3.12/site-packages/airflow/example_dags/example_branch_labels.py
[2026-02-24T18:00:42.831+0000] {logging_mixin.py:190} INFO - [2026-02-24T18:00:42.831+0000] {dag.py:3239} INFO - Sync 1 DAGs
[2026-02-24T18:00:42.846+0000] {logging_mixin.py:190} INFO - [2026-02-24T18:00:42.846+0000] {dag.py:4180} INFO - Setting next_dagrun for example_branch_labels to 2026-02-23 00:00:00+00:00, run_after=2026-02-24 00:00:00+00:00
[2026-02-24T18:00:42.863+0000] {processor.py:208} INFO - Processing /home/ubuntu/airflow-venv/lib/python3.12/site-packages/airflow/example_dags/example_branch_labels.py took 0.058 seconds
[2026-02-24T18:01:57.583+0000] {processor.py:186} INFO - Started process (PID=43825) to work on /home/ubuntu/airflow-venv/lib/python3.12/site-packages/airflow/example_dags/example_branch_labels.py
[2026-02-24T18:01:57.584+0000] {processor.py:914} INFO - Processing file /home/ubuntu/airflow-venv/lib/python3.12/site-packages/airflow/example_dags/example_branch_labels.py for tasks to queue
[2026-02-24T18:01:57.586+0000] {logging_mixin.py:190} INFO - [2026-02-24T18:01:57.586+0000] {dagbag.py:588} INFO - Filling up the DagBag from /home/ubuntu/airflow-venv/lib/python3.12/site-packages/airflow/example_dags/example_branch_labels.py
[2026-02-24T18:01:57.593+0000] {processor.py:925} INFO - DAG(s) 'example_branch_labels' retrieved from /home/ubuntu/airflow-venv/lib/python3.12/site-packages/airflow/example_dags/example_branch_labels.py
[2026-02-24T18:01:57.604+0000] {logging_mixin.py:190} INFO - [2026-02-24T18:01:57.604+0000] {dag.py:3239} INFO - Sync 1 DAGs
[2026-02-24T18:01:57.619+0000] {logging_mixin.py:190} INFO - [2026-02-24T18:01:57.619+0000] {dag.py:4180} INFO - Setting next_dagrun for example_branch_labels to 2026-02-23 00:00:00+00:00, run_after=2026-02-24 00:00:00+00:00
[2026-02-24T18:01:57.636+0000] {processor.py:208} INFO - Processing /home/ubuntu/airflow-venv/lib/python3.12/site-packages/airflow/example_dags/example_branch_labels.py took 0.056 seconds
[2026-02-24T18:02:54.452+0000] {processor.py:186} INFO - Started process (PID=44255) to work on /home/ubuntu/airflow-venv/lib/python3.12/site-packages/airflow/example_dags/example_branch_labels.py
[2026-02-24T18:02:54.453+0000] {processor.py:914} INFO - Processing file /home/ubuntu/airflow-venv/lib/python3.12/site-packages/airflow/example_dags/example_branch_labels.py for tasks to queue
[2026-02-24T18:02:54.454+0000] {logging_mixin.py:190} INFO - [2026-02-24T18:02:54.454+0000] {dagbag.py:588} INFO - Filling up the DagBag from /home/ubuntu/airflow-venv/lib/python3.12/site-packages/airflow/example_dags/example_branch_labels.py
[2026-02-24T18:02:54.461+0000] {processor.py:925} INFO - DAG(s) 'example_branch_labels' retrieved from /home/ubuntu/airflow-venv/lib/python3.12/site-packages/airflow/example_dags/example_branch_labels.py
[2026-02-24T18:02:54.473+0000] {logging_mixin.py:190} INFO - [2026-02-24T18:02:54.473+0000] {dag.py:3239} INFO - Sync 1 DAGs
[2026-02-24T18:02:54.487+0000] {logging_mixin.py:190} INFO - [2026-02-24T18:02:54.487+0000] {dag.py:4180} INFO - Setting next_dagrun for example_branch_labels to 2026-02-23 00:00:00+00:00, run_after=2026-02-24 00:00:00+00:00
[2026-02-24T18:02:54.505+0000] {processor.py:208} INFO - Processing /home/ubuntu/airflow-venv/lib/python3.12/site-packages/airflow/example_dags/example_branch_labels.py took 0.057 seconds
[2026-02-24T18:04:08.859+0000] {processor.py:186} INFO - Started process (PID=44700) to work on /home/ubuntu/airflow-venv/lib/python3.12/site-packages/airflow/example_dags/example_branch_labels.py
[2026-02-24T18:04:08.861+0000] {processor.py:914} INFO - Processing file /home/ubuntu/airflow-venv/lib/python3.12/site-packages/airflow/example_dags/example_branch_labels.py for tasks to queue
[2026-02-24T18:04:08.862+0000] {logging_mixin.py:190} INFO - [2026-02-24T18:04:08.862+0000] {dagbag.py:588} INFO - Filling up the DagBag from /home/ubuntu/airflow-venv/lib/python3.12/site-packages/airflow/example_dags/example_branch_labels.py
[2026-02-24T18:04:08.869+0000] {processor.py:925} INFO - DAG(s) 'example_branch_labels' retrieved from /home/ubuntu/airflow-venv/lib/python3.12/site-packages/airflow/example_dags/example_branch_labels.py
[2026-02-24T18:04:08.881+0000] {logging_mixin.py:190} INFO - [2026-02-24T18:04:08.881+0000] {dag.py:3239} INFO - Sync 1 DAGs
[2026-02-24T18:04:08.895+0000] {logging_mixin.py:190} INFO - [2026-02-24T18:04:08.895+0000] {dag.py:4180} INFO - Setting next_dagrun for example_branch_labels to 2026-02-23 00:00:00+00:00, run_after=2026-02-24 00:00:00+00:00
[2026-02-24T18:04:08.913+0000] {processor.py:208} INFO - Processing /home/ubuntu/airflow-venv/lib/python3.12/site-packages/airflow/example_dags/example_branch_labels.py took 0.057 seconds
[2026-02-24T18:05:24.729+0000] {processor.py:186} INFO - Started process (PID=44782) to work on /home/ubuntu/airflow-venv/lib/python3.12/site-packages/airflow/example_dags/example_branch_labels.py
[2026-02-24T18:05:24.731+0000] {processor.py:914} INFO - Processing file /home/ubuntu/airflow-venv/lib/python3.12/site-packages/airflow/example_dags/example_branch_labels.py for tasks to queue
[2026-02-24T18:05:24.732+0000] {logging_mixin.py:190} INFO - [2026-02-24T18:05:24.732+0000] {dagbag.py:588} INFO - Filling up the DagBag from /home/ubuntu/airflow-venv/lib/python3.12/site-packages/airflow/example_dags/example_branch_labels.py
[2026-02-24T18:05:24.740+0000] {processor.py:925} INFO - DAG(s) 'example_branch_labels' retrieved from /home/ubuntu/airflow-venv/lib/python3.12/site-packages/airflow/example_dags/example_branch_labels.py
[2026-02-24T18:05:24.751+0000] {logging_mixin.py:190} INFO - [2026-02-24T18:05:24.751+0000] {dag.py:3239} INFO - Sync 1 DAGs
[2026-02-24T18:05:24.855+0000] {logging_mixin.py:190} INFO - [2026-02-24T18:05:24.855+0000] {dag.py:4180} INFO - Setting next_dagrun for example_branch_labels to 2026-02-23 00:00:00+00:00, run_after=2026-02-24 00:00:00+00:00
[2026-02-24T18:05:24.871+0000] {processor.py:208} INFO - Processing /home/ubuntu/airflow-venv/lib/python3.12/site-packages/airflow/example_dags/example_branch_labels.py took 0.146 seconds
[2026-02-24T18:06:23.942+0000] {processor.py:186} INFO - Started process (PID=44848) to work on /home/ubuntu/airflow-venv/lib/python3.12/site-packages/airflow/example_dags/example_branch_labels.py
[2026-02-24T18:06:23.943+0000] {processor.py:914} INFO - Processing file /home/ubuntu/airflow-venv/lib/python3.12/site-packages/airflow/example_dags/example_branch_labels.py for tasks to queue
[2026-02-24T18:06:23.944+0000] {logging_mixin.py:190} INFO - [2026-02-24T18:06:23.944+0000] {dagbag.py:588} INFO - Filling up the DagBag from /home/ubuntu/airflow-venv/lib/python3.12/site-packages/airflow/example_dags/example_branch_labels.py
[2026-02-24T18:06:23.952+0000] {processor.py:925} INFO - DAG(s) 'example_branch_labels' retrieved from /home/ubuntu/airflow-venv/lib/python3.12/site-packages/airflow/example_dags/example_branch_labels.py
[2026-02-24T18:06:23.963+0000] {logging_mixin.py:190} INFO - [2026-02-24T18:06:23.963+0000] {dag.py:3239} INFO - Sync 1 DAGs
[2026-02-24T18:06:23.978+0000] {logging_mixin.py:190} INFO - [2026-02-24T18:06:23.977+0000] {dag.py:4180} INFO - Setting next_dagrun for example_branch_labels to 2026-02-23 00:00:00+00:00, run_after=2026-02-24 00:00:00+00:00
[2026-02-24T18:06:23.995+0000] {processor.py:208} INFO - Processing /home/ubuntu/airflow-venv/lib/python3.12/site-packages/airflow/example_dags/example_branch_labels.py took 0.058 seconds
[2026-02-24T18:07:38.730+0000] {processor.py:186} INFO - Started process (PID=44927) to work on /home/ubuntu/airflow-venv/lib/python3.12/site-packages/airflow/example_dags/example_branch_labels.py
[2026-02-24T18:07:38.731+0000] {processor.py:914} INFO - Processing file /home/ubuntu/airflow-venv/lib/python3.12/site-packages/airflow/example_dags/example_branch_labels.py for tasks to queue
[2026-02-24T18:07:38.733+0000] {logging_mixin.py:190} INFO - [2026-02-24T18:07:38.732+0000] {dagbag.py:588} INFO - Filling up the DagBag from /home/ubuntu/airflow-venv/lib/python3.12/site-packages/airflow/example_dags/example_branch_labels.py
[2026-02-24T18:07:38.740+0000] {processor.py:925} INFO - DAG(s) 'example_branch_labels' retrieved from /home/ubuntu/airflow-venv/lib/python3.12/site-packages/airflow/example_dags/example_branch_labels.py
[2026-02-24T18:07:38.752+0000] {logging_mixin.py:190} INFO - [2026-02-24T18:07:38.752+0000] {dag.py:3239} INFO - Sync 1 DAGs
[2026-02-24T18:07:38.768+0000] {logging_mixin.py:190} INFO - [2026-02-24T18:07:38.768+0000] {dag.py:4180} INFO - Setting next_dagrun for example_branch_labels to 2026-02-23 00:00:00+00:00, run_after=2026-02-24 00:00:00+00:00
[2026-02-24T18:07:38.786+0000] {processor.py:208} INFO - Processing /home/ubuntu/airflow-venv/lib/python3.12/site-packages/airflow/example_dags/example_branch_labels.py took 0.060 seconds
[2026-02-24T18:08:53.524+0000] {processor.py:186} INFO - Started process (PID=45006) to work on /home/ubuntu/airflow-venv/lib/python3.12/site-packages/airflow/example_dags/example_branch_labels.py
[2026-02-24T18:08:53.526+0000] {processor.py:914} INFO - Processing file /home/ubuntu/airflow-venv/lib/python3.12/site-packages/airflow/example_dags/example_branch_labels.py for tasks to queue
[2026-02-24T18:08:53.527+0000] {logging_mixin.py:190} INFO - [2026-02-24T18:08:53.527+0000] {dagbag.py:588} INFO - Filling up the DagBag from /home/ubuntu/airflow-venv/lib/python3.12/site-packages/airflow/example_dags/example_branch_labels.py
[2026-02-24T18:08:53.535+0000] {processor.py:925} INFO - DAG(s) 'example_branch_labels' retrieved from /home/ubuntu/airflow-venv/lib/python3.12/site-packages/airflow/example_dags/example_branch_labels.py
[2026-02-24T18:08:53.547+0000] {logging_mixin.py:190} INFO - [2026-02-24T18:08:53.547+0000] {dag.py:3239} INFO - Sync 1 DAGs
[2026-02-24T18:08:53.562+0000] {logging_mixin.py:190} INFO - [2026-02-24T18:08:53.562+0000] {dag.py:4180} INFO - Setting next_dagrun for example_branch_labels to 2026-02-23 00:00:00+00:00, run_after=2026-02-24 00:00:00+00:00
[2026-02-24T18:08:53.582+0000] {processor.py:208} INFO - Processing /home/ubuntu/airflow-venv/lib/python3.12/site-packages/airflow/example_dags/example_branch_labels.py took 0.062 seconds
[2026-02-24T18:10:07.756+0000] {processor.py:186} INFO - Started process (PID=45083) to work on /home/ubuntu/airflow-venv/lib/python3.12/site-packages/airflow/example_dags/example_branch_labels.py
[2026-02-24T18:10:07.757+0000] {processor.py:914} INFO - Processing file /home/ubuntu/airflow-venv/lib/python3.12/site-packages/airflow/example_dags/example_branch_labels.py for tasks to queue
[2026-02-24T18:10:07.759+0000] {logging_mixin.py:190} INFO - [2026-02-24T18:10:07.759+0000] {dagbag.py:588} INFO - Filling up the DagBag from /home/ubuntu/airflow-venv/lib/python3.12/site-packages/airflow/example_dags/example_branch_labels.py
[2026-02-24T18:10:07.766+0000] {processor.py:925} INFO - DAG(s) 'example_branch_labels' retrieved from /home/ubuntu/airflow-venv/lib/python3.12/site-packages/airflow/example_dags/example_branch_labels.py
[2026-02-24T18:10:07.778+0000] {logging_mixin.py:190} INFO - [2026-02-24T18:10:07.778+0000] {dag.py:3239} INFO - Sync 1 DAGs
[2026-02-24T18:10:07.793+0000] {logging_mixin.py:190} INFO - [2026-02-24T18:10:07.793+0000] {dag.py:4180} INFO - Setting next_dagrun for example_branch_labels to 2026-02-23 00:00:00+00:00, run_after=2026-02-24 00:00:00+00:00
[2026-02-24T18:10:07.812+0000] {processor.py:208} INFO - Processing /home/ubuntu/airflow-venv/lib/python3.12/site-packages/airflow/example_dags/example_branch_labels.py took 0.061 seconds
[2026-02-24T18:11:23.759+0000] {processor.py:186} INFO - Started process (PID=45165) to work on /home/ubuntu/airflow-venv/lib/python3.12/site-packages/airflow/example_dags/example_branch_labels.py
[2026-02-24T18:11:23.760+0000] {processor.py:914} INFO - Processing file /home/ubuntu/airflow-venv/lib/python3.12/site-packages/airflow/example_dags/example_branch_labels.py for tasks to queue
[2026-02-24T18:11:23.762+0000] {logging_mixin.py:190} INFO - [2026-02-24T18:11:23.762+0000] {dagbag.py:588} INFO - Filling up the DagBag from /home/ubuntu/airflow-venv/lib/python3.12/site-packages/airflow/example_dags/example_branch_labels.py
[2026-02-24T18:11:23.769+0000] {processor.py:925} INFO - DAG(s) 'example_branch_labels' retrieved from /home/ubuntu/airflow-venv/lib/python3.12/site-packages/airflow/example_dags/example_branch_labels.py
[2026-02-24T18:11:23.781+0000] {logging_mixin.py:190} INFO - [2026-02-24T18:11:23.781+0000] {dag.py:3239} INFO - Sync 1 DAGs
[2026-02-24T18:11:23.796+0000] {logging_mixin.py:190} INFO - [2026-02-24T18:11:23.796+0000] {dag.py:4180} INFO - Setting next_dagrun for example_branch_labels to 2026-02-23 00:00:00+00:00, run_after=2026-02-24 00:00:00+00:00
[2026-02-24T18:11:23.814+0000] {processor.py:208} INFO - Processing /home/ubuntu/airflow-venv/lib/python3.12/site-packages/airflow/example_dags/example_branch_labels.py took 0.059 seconds
[2026-02-24T18:12:41.929+0000] {processor.py:186} INFO - Started process (PID=45245) to work on /home/ubuntu/airflow-venv/lib/python3.12/site-packages/airflow/example_dags/example_branch_labels.py
[2026-02-24T18:12:41.931+0000] {processor.py:914} INFO - Processing file /home/ubuntu/airflow-venv/lib/python3.12/site-packages/airflow/example_dags/example_branch_labels.py for tasks to queue
[2026-02-24T18:12:41.932+0000] {logging_mixin.py:190} INFO - [2026-02-24T18:12:41.932+0000] {dagbag.py:588} INFO - Filling up the DagBag from /home/ubuntu/airflow-venv/lib/python3.12/site-packages/airflow/example_dags/example_branch_labels.py
[2026-02-24T18:12:41.940+0000] {processor.py:925} INFO - DAG(s) 'example_branch_labels' retrieved from /home/ubuntu/airflow-venv/lib/python3.12/site-packages/airflow/example_dags/example_branch_labels.py
[2026-02-24T18:12:41.952+0000] {logging_mixin.py:190} INFO - [2026-02-24T18:12:41.952+0000] {dag.py:3239} INFO - Sync 1 DAGs
[2026-02-24T18:12:41.967+0000] {logging_mixin.py:190} INFO - [2026-02-24T18:12:41.967+0000] {dag.py:4180} INFO - Setting next_dagrun for example_branch_labels to 2026-02-23 00:00:00+00:00, run_after=2026-02-24 00:00:00+00:00
[2026-02-24T18:12:41.985+0000] {processor.py:208} INFO - Processing /home/ubuntu/airflow-venv/lib/python3.12/site-packages/airflow/example_dags/example_branch_labels.py took 0.060 seconds
[2026-02-24T18:13:53.390+0000] {processor.py:186} INFO - Started process (PID=45323) to work on /home/ubuntu/airflow-venv/lib/python3.12/site-packages/airflow/example_dags/example_branch_labels.py
[2026-02-24T18:13:53.391+0000] {processor.py:914} INFO - Processing file /home/ubuntu/airflow-venv/lib/python3.12/site-packages/airflow/example_dags/example_branch_labels.py for tasks to queue
[2026-02-24T18:13:53.393+0000] {logging_mixin.py:190} INFO - [2026-02-24T18:13:53.392+0000] {dagbag.py:588} INFO - Filling up the DagBag from /home/ubuntu/airflow-venv/lib/python3.12/site-packages/airflow/example_dags/example_branch_labels.py
[2026-02-24T18:13:53.400+0000] {processor.py:925} INFO - DAG(s) 'example_branch_labels' retrieved from /home/ubuntu/airflow-venv/lib/python3.12/site-packages/airflow/example_dags/example_branch_labels.py
[2026-02-24T18:13:53.412+0000] {logging_mixin.py:190} INFO - [2026-02-24T18:13:53.412+0000] {dag.py:3239} INFO - Sync 1 DAGs
[2026-02-24T18:13:53.427+0000] {logging_mixin.py:190} INFO - [2026-02-24T18:13:53.427+0000] {dag.py:4180} INFO - Setting next_dagrun for example_branch_labels to 2026-02-23 00:00:00+00:00, run_after=2026-02-24 00:00:00+00:00
[2026-02-24T18:13:53.445+0000] {processor.py:208} INFO - Processing /home/ubuntu/airflow-venv/lib/python3.12/site-packages/airflow/example_dags/example_branch_labels.py took 0.060 seconds
[2026-02-24T18:15:10.846+0000] {processor.py:186} INFO - Started process (PID=45405) to work on /home/ubuntu/airflow-venv/lib/python3.12/site-packages/airflow/example_dags/example_branch_labels.py
[2026-02-24T18:15:10.847+0000] {processor.py:914} INFO - Processing file /home/ubuntu/airflow-venv/lib/python3.12/site-packages/airflow/example_dags/example_branch_labels.py for tasks to queue
[2026-02-24T18:15:10.849+0000] {logging_mixin.py:190} INFO - [2026-02-24T18:15:10.849+0000] {dagbag.py:588} INFO - Filling up the DagBag from /home/ubuntu/airflow-venv/lib/python3.12/site-packages/airflow/example_dags/example_branch_labels.py
[2026-02-24T18:15:10.856+0000] {processor.py:925} INFO - DAG(s) 'example_branch_labels' retrieved from /home/ubuntu/airflow-venv/lib/python3.12/site-packages/airflow/example_dags/example_branch_labels.py
[2026-02-24T18:15:10.868+0000] {logging_mixin.py:190} INFO - [2026-02-24T18:15:10.868+0000] {dag.py:3239} INFO - Sync 1 DAGs
[2026-02-24T18:15:10.882+0000] {logging_mixin.py:190} INFO - [2026-02-24T18:15:10.882+0000] {dag.py:4180} INFO - Setting next_dagrun for example_branch_labels to 2026-02-23 00:00:00+00:00, run_after=2026-02-24 00:00:00+00:00
[2026-02-24T18:15:10.899+0000] {processor.py:208} INFO - Processing /home/ubuntu/airflow-venv/lib/python3.12/site-packages/airflow/example_dags/example_branch_labels.py took 0.057 seconds
[2026-02-24T18:16:26.480+0000] {processor.py:186} INFO - Started process (PID=45485) to work on /home/ubuntu/airflow-venv/lib/python3.12/site-packages/airflow/example_dags/example_branch_labels.py
[2026-02-24T18:16:26.482+0000] {processor.py:914} INFO - Processing file /home/ubuntu/airflow-venv/lib/python3.12/site-packages/airflow/example_dags/example_branch_labels.py for tasks to queue
[2026-02-24T18:16:26.483+0000] {logging_mixin.py:190} INFO - [2026-02-24T18:16:26.483+0000] {dagbag.py:588} INFO - Filling up the DagBag from /home/ubuntu/airflow-venv/lib/python3.12/site-packages/airflow/example_dags/example_branch_labels.py
[2026-02-24T18:16:26.491+0000] {processor.py:925} INFO - DAG(s) 'example_branch_labels' retrieved from /home/ubuntu/airflow-venv/lib/python3.12/site-packages/airflow/example_dags/example_branch_labels.py
[2026-02-24T18:16:26.502+0000] {logging_mixin.py:190} INFO - [2026-02-24T18:16:26.502+0000] {dag.py:3239} INFO - Sync 1 DAGs
[2026-02-24T18:16:26.517+0000] {logging_mixin.py:190} INFO - [2026-02-24T18:16:26.516+0000] {dag.py:4180} INFO - Setting next_dagrun for example_branch_labels to 2026-02-23 00:00:00+00:00, run_after=2026-02-24 00:00:00+00:00
[2026-02-24T18:16:26.535+0000] {processor.py:208} INFO - Processing /home/ubuntu/airflow-venv/lib/python3.12/site-packages/airflow/example_dags/example_branch_labels.py took 0.059 seconds
[2026-02-24T18:17:44.803+0000] {processor.py:186} INFO - Started process (PID=45569) to work on /home/ubuntu/airflow-venv/lib/python3.12/site-packages/airflow/example_dags/example_branch_labels.py
[2026-02-24T18:17:44.804+0000] {processor.py:914} INFO - Processing file /home/ubuntu/airflow-venv/lib/python3.12/site-packages/airflow/example_dags/example_branch_labels.py for tasks to queue
[2026-02-24T18:17:44.806+0000] {logging_mixin.py:190} INFO - [2026-02-24T18:17:44.805+0000] {dagbag.py:588} INFO - Filling up the DagBag from /home/ubuntu/airflow-venv/lib/python3.12/site-packages/airflow/example_dags/example_branch_labels.py
[2026-02-24T18:17:44.813+0000] {processor.py:925} INFO - DAG(s) 'example_branch_labels' retrieved from /home/ubuntu/airflow-venv/lib/python3.12/site-packages/airflow/example_dags/example_branch_labels.py
[2026-02-24T18:17:44.825+0000] {logging_mixin.py:190} INFO - [2026-02-24T18:17:44.825+0000] {dag.py:3239} INFO - Sync 1 DAGs
[2026-02-24T18:17:44.839+0000] {logging_mixin.py:190} INFO - [2026-02-24T18:17:44.839+0000] {dag.py:4180} INFO - Setting next_dagrun for example_branch_labels to 2026-02-23 00:00:00+00:00, run_after=2026-02-24 00:00:00+00:00
[2026-02-24T18:17:44.857+0000] {processor.py:208} INFO - Processing /home/ubuntu/airflow-venv/lib/python3.12/site-packages/airflow/example_dags/example_branch_labels.py took 0.059 seconds
[2026-02-24T18:19:00.710+0000] {processor.py:186} INFO - Started process (PID=45648) to work on /home/ubuntu/airflow-venv/lib/python3.12/site-packages/airflow/example_dags/example_branch_labels.py
[2026-02-24T18:19:00.711+0000] {processor.py:914} INFO - Processing file /home/ubuntu/airflow-venv/lib/python3.12/site-packages/airflow/example_dags/example_branch_labels.py for tasks to queue
[2026-02-24T18:19:00.713+0000] {logging_mixin.py:190} INFO - [2026-02-24T18:19:00.713+0000] {dagbag.py:588} INFO - Filling up the DagBag from /home/ubuntu/airflow-venv/lib/python3.12/site-packages/airflow/example_dags/example_branch_labels.py
[2026-02-24T18:19:00.720+0000] {processor.py:925} INFO - DAG(s) 'example_branch_labels' retrieved from /home/ubuntu/airflow-venv/lib/python3.12/site-packages/airflow/example_dags/example_branch_labels.py
[2026-02-24T18:19:00.732+0000] {logging_mixin.py:190} INFO - [2026-02-24T18:19:00.732+0000] {dag.py:3239} INFO - Sync 1 DAGs
[2026-02-24T18:19:00.746+0000] {logging_mixin.py:190} INFO - [2026-02-24T18:19:00.746+0000] {dag.py:4180} INFO - Setting next_dagrun for example_branch_labels to 2026-02-23 00:00:00+00:00, run_after=2026-02-24 00:00:00+00:00
[2026-02-24T18:19:00.764+0000] {processor.py:208} INFO - Processing /home/ubuntu/airflow-venv/lib/python3.12/site-packages/airflow/example_dags/example_branch_labels.py took 0.058 seconds
