[2026-02-24T17:59:28.497+0000] {processor.py:186} INFO - Started process (PID=43666) to work on /home/ubuntu/airflow-venv/lib/python3.12/site-packages/airflow/example_dags/example_local_kubernetes_executor.py
[2026-02-24T17:59:28.498+0000] {processor.py:914} INFO - Processing file /home/ubuntu/airflow-venv/lib/python3.12/site-packages/airflow/example_dags/example_local_kubernetes_executor.py for tasks to queue
[2026-02-24T17:59:28.499+0000] {logging_mixin.py:190} INFO - [2026-02-24T17:59:28.499+0000] {dagbag.py:588} INFO - Filling up the DagBag from /home/ubuntu/airflow-venv/lib/python3.12/site-packages/airflow/example_dags/example_local_kubernetes_executor.py
[2026-02-24T17:59:28.502+0000] {logging_mixin.py:190} INFO - [2026-02-24T17:59:28.501+0000] {example_local_kubernetes_executor.py:40} WARNING - Could not import DAGs in example_local_kubernetes_executor.py
Traceback (most recent call last):
  File "/home/ubuntu/airflow-venv/lib/python3.12/site-packages/airflow/example_dags/example_local_kubernetes_executor.py", line 38, in <module>
    from kubernetes.client import models as k8s
ModuleNotFoundError: No module named 'kubernetes'
[2026-02-24T17:59:28.502+0000] {logging_mixin.py:190} INFO - [2026-02-24T17:59:28.502+0000] {example_local_kubernetes_executor.py:41} WARNING - Install Kubernetes dependencies with: pip install apache-airflow[cncf.kubernetes]
[2026-02-24T17:59:28.502+0000] {processor.py:927} WARNING - No viable dags retrieved from /home/ubuntu/airflow-venv/lib/python3.12/site-packages/airflow/example_dags/example_local_kubernetes_executor.py
[2026-02-24T17:59:28.510+0000] {processor.py:208} INFO - Processing /home/ubuntu/airflow-venv/lib/python3.12/site-packages/airflow/example_dags/example_local_kubernetes_executor.py took 0.017 seconds
[2026-02-24T18:00:26.386+0000] {processor.py:186} INFO - Started process (PID=43725) to work on /home/ubuntu/airflow-venv/lib/python3.12/site-packages/airflow/example_dags/example_local_kubernetes_executor.py
[2026-02-24T18:00:26.387+0000] {processor.py:914} INFO - Processing file /home/ubuntu/airflow-venv/lib/python3.12/site-packages/airflow/example_dags/example_local_kubernetes_executor.py for tasks to queue
[2026-02-24T18:00:26.388+0000] {logging_mixin.py:190} INFO - [2026-02-24T18:00:26.388+0000] {dagbag.py:588} INFO - Filling up the DagBag from /home/ubuntu/airflow-venv/lib/python3.12/site-packages/airflow/example_dags/example_local_kubernetes_executor.py
[2026-02-24T18:00:26.391+0000] {logging_mixin.py:190} INFO - [2026-02-24T18:00:26.390+0000] {example_local_kubernetes_executor.py:40} WARNING - Could not import DAGs in example_local_kubernetes_executor.py
Traceback (most recent call last):
  File "/home/ubuntu/airflow-venv/lib/python3.12/site-packages/airflow/example_dags/example_local_kubernetes_executor.py", line 38, in <module>
    from kubernetes.client import models as k8s
ModuleNotFoundError: No module named 'kubernetes'
[2026-02-24T18:00:26.391+0000] {logging_mixin.py:190} INFO - [2026-02-24T18:00:26.391+0000] {example_local_kubernetes_executor.py:41} WARNING - Install Kubernetes dependencies with: pip install apache-airflow[cncf.kubernetes]
[2026-02-24T18:00:26.391+0000] {processor.py:927} WARNING - No viable dags retrieved from /home/ubuntu/airflow-venv/lib/python3.12/site-packages/airflow/example_dags/example_local_kubernetes_executor.py
[2026-02-24T18:00:26.399+0000] {processor.py:208} INFO - Processing /home/ubuntu/airflow-venv/lib/python3.12/site-packages/airflow/example_dags/example_local_kubernetes_executor.py took 0.018 seconds
[2026-02-24T18:01:20.529+0000] {processor.py:186} INFO - Started process (PID=43787) to work on /home/ubuntu/airflow-venv/lib/python3.12/site-packages/airflow/example_dags/example_local_kubernetes_executor.py
[2026-02-24T18:01:20.531+0000] {processor.py:914} INFO - Processing file /home/ubuntu/airflow-venv/lib/python3.12/site-packages/airflow/example_dags/example_local_kubernetes_executor.py for tasks to queue
[2026-02-24T18:01:20.532+0000] {logging_mixin.py:190} INFO - [2026-02-24T18:01:20.532+0000] {dagbag.py:588} INFO - Filling up the DagBag from /home/ubuntu/airflow-venv/lib/python3.12/site-packages/airflow/example_dags/example_local_kubernetes_executor.py
[2026-02-24T18:01:20.535+0000] {logging_mixin.py:190} INFO - [2026-02-24T18:01:20.534+0000] {example_local_kubernetes_executor.py:40} WARNING - Could not import DAGs in example_local_kubernetes_executor.py
Traceback (most recent call last):
  File "/home/ubuntu/airflow-venv/lib/python3.12/site-packages/airflow/example_dags/example_local_kubernetes_executor.py", line 38, in <module>
    from kubernetes.client import models as k8s
ModuleNotFoundError: No module named 'kubernetes'
[2026-02-24T18:01:20.535+0000] {logging_mixin.py:190} INFO - [2026-02-24T18:01:20.535+0000] {example_local_kubernetes_executor.py:41} WARNING - Install Kubernetes dependencies with: pip install apache-airflow[cncf.kubernetes]
[2026-02-24T18:01:20.535+0000] {processor.py:927} WARNING - No viable dags retrieved from /home/ubuntu/airflow-venv/lib/python3.12/site-packages/airflow/example_dags/example_local_kubernetes_executor.py
[2026-02-24T18:01:20.544+0000] {processor.py:208} INFO - Processing /home/ubuntu/airflow-venv/lib/python3.12/site-packages/airflow/example_dags/example_local_kubernetes_executor.py took 0.019 seconds
[2026-02-24T18:02:17.009+0000] {processor.py:186} INFO - Started process (PID=44210) to work on /home/ubuntu/airflow-venv/lib/python3.12/site-packages/airflow/example_dags/example_local_kubernetes_executor.py
[2026-02-24T18:02:17.011+0000] {processor.py:914} INFO - Processing file /home/ubuntu/airflow-venv/lib/python3.12/site-packages/airflow/example_dags/example_local_kubernetes_executor.py for tasks to queue
[2026-02-24T18:02:17.012+0000] {logging_mixin.py:190} INFO - [2026-02-24T18:02:17.012+0000] {dagbag.py:588} INFO - Filling up the DagBag from /home/ubuntu/airflow-venv/lib/python3.12/site-packages/airflow/example_dags/example_local_kubernetes_executor.py
[2026-02-24T18:02:17.014+0000] {logging_mixin.py:190} INFO - [2026-02-24T18:02:17.014+0000] {example_local_kubernetes_executor.py:40} WARNING - Could not import DAGs in example_local_kubernetes_executor.py
Traceback (most recent call last):
  File "/home/ubuntu/airflow-venv/lib/python3.12/site-packages/airflow/example_dags/example_local_kubernetes_executor.py", line 38, in <module>
    from kubernetes.client import models as k8s
ModuleNotFoundError: No module named 'kubernetes'
[2026-02-24T18:02:17.015+0000] {logging_mixin.py:190} INFO - [2026-02-24T18:02:17.015+0000] {example_local_kubernetes_executor.py:41} WARNING - Install Kubernetes dependencies with: pip install apache-airflow[cncf.kubernetes]
[2026-02-24T18:02:17.015+0000] {processor.py:927} WARNING - No viable dags retrieved from /home/ubuntu/airflow-venv/lib/python3.12/site-packages/airflow/example_dags/example_local_kubernetes_executor.py
[2026-02-24T18:02:17.023+0000] {processor.py:208} INFO - Processing /home/ubuntu/airflow-venv/lib/python3.12/site-packages/airflow/example_dags/example_local_kubernetes_executor.py took 0.018 seconds
[2026-02-24T18:03:10.401+0000] {processor.py:186} INFO - Started process (PID=44272) to work on /home/ubuntu/airflow-venv/lib/python3.12/site-packages/airflow/example_dags/example_local_kubernetes_executor.py
[2026-02-24T18:03:10.402+0000] {processor.py:914} INFO - Processing file /home/ubuntu/airflow-venv/lib/python3.12/site-packages/airflow/example_dags/example_local_kubernetes_executor.py for tasks to queue
[2026-02-24T18:03:10.404+0000] {logging_mixin.py:190} INFO - [2026-02-24T18:03:10.403+0000] {dagbag.py:588} INFO - Filling up the DagBag from /home/ubuntu/airflow-venv/lib/python3.12/site-packages/airflow/example_dags/example_local_kubernetes_executor.py
[2026-02-24T18:03:10.406+0000] {logging_mixin.py:190} INFO - [2026-02-24T18:03:10.406+0000] {example_local_kubernetes_executor.py:40} WARNING - Could not import DAGs in example_local_kubernetes_executor.py
Traceback (most recent call last):
  File "/home/ubuntu/airflow-venv/lib/python3.12/site-packages/airflow/example_dags/example_local_kubernetes_executor.py", line 38, in <module>
    from kubernetes.client import models as k8s
ModuleNotFoundError: No module named 'kubernetes'
[2026-02-24T18:03:10.406+0000] {logging_mixin.py:190} INFO - [2026-02-24T18:03:10.406+0000] {example_local_kubernetes_executor.py:41} WARNING - Install Kubernetes dependencies with: pip install apache-airflow[cncf.kubernetes]
[2026-02-24T18:03:10.406+0000] {processor.py:927} WARNING - No viable dags retrieved from /home/ubuntu/airflow-venv/lib/python3.12/site-packages/airflow/example_dags/example_local_kubernetes_executor.py
[2026-02-24T18:03:10.415+0000] {processor.py:208} INFO - Processing /home/ubuntu/airflow-venv/lib/python3.12/site-packages/airflow/example_dags/example_local_kubernetes_executor.py took 0.017 seconds
[2026-02-24T18:03:59.833+0000] {processor.py:186} INFO - Started process (PID=44325) to work on /home/ubuntu/airflow-venv/lib/python3.12/site-packages/airflow/example_dags/example_local_kubernetes_executor.py
[2026-02-24T18:03:59.835+0000] {processor.py:914} INFO - Processing file /home/ubuntu/airflow-venv/lib/python3.12/site-packages/airflow/example_dags/example_local_kubernetes_executor.py for tasks to queue
[2026-02-24T18:03:59.836+0000] {logging_mixin.py:190} INFO - [2026-02-24T18:03:59.836+0000] {dagbag.py:588} INFO - Filling up the DagBag from /home/ubuntu/airflow-venv/lib/python3.12/site-packages/airflow/example_dags/example_local_kubernetes_executor.py
[2026-02-24T18:03:59.839+0000] {logging_mixin.py:190} INFO - [2026-02-24T18:03:59.838+0000] {example_local_kubernetes_executor.py:40} WARNING - Could not import DAGs in example_local_kubernetes_executor.py
Traceback (most recent call last):
  File "/home/ubuntu/airflow-venv/lib/python3.12/site-packages/airflow/example_dags/example_local_kubernetes_executor.py", line 38, in <module>
    from kubernetes.client import models as k8s
ModuleNotFoundError: No module named 'kubernetes'
[2026-02-24T18:03:59.839+0000] {logging_mixin.py:190} INFO - [2026-02-24T18:03:59.839+0000] {example_local_kubernetes_executor.py:41} WARNING - Install Kubernetes dependencies with: pip install apache-airflow[cncf.kubernetes]
[2026-02-24T18:03:59.839+0000] {processor.py:927} WARNING - No viable dags retrieved from /home/ubuntu/airflow-venv/lib/python3.12/site-packages/airflow/example_dags/example_local_kubernetes_executor.py
[2026-02-24T18:03:59.847+0000] {processor.py:208} INFO - Processing /home/ubuntu/airflow-venv/lib/python3.12/site-packages/airflow/example_dags/example_local_kubernetes_executor.py took 0.018 seconds
[2026-02-24T18:04:49.180+0000] {processor.py:186} INFO - Started process (PID=44742) to work on /home/ubuntu/airflow-venv/lib/python3.12/site-packages/airflow/example_dags/example_local_kubernetes_executor.py
[2026-02-24T18:04:49.181+0000] {processor.py:914} INFO - Processing file /home/ubuntu/airflow-venv/lib/python3.12/site-packages/airflow/example_dags/example_local_kubernetes_executor.py for tasks to queue
[2026-02-24T18:04:49.183+0000] {logging_mixin.py:190} INFO - [2026-02-24T18:04:49.183+0000] {dagbag.py:588} INFO - Filling up the DagBag from /home/ubuntu/airflow-venv/lib/python3.12/site-packages/airflow/example_dags/example_local_kubernetes_executor.py
[2026-02-24T18:04:49.185+0000] {logging_mixin.py:190} INFO - [2026-02-24T18:04:49.185+0000] {example_local_kubernetes_executor.py:40} WARNING - Could not import DAGs in example_local_kubernetes_executor.py
Traceback (most recent call last):
  File "/home/ubuntu/airflow-venv/lib/python3.12/site-packages/airflow/example_dags/example_local_kubernetes_executor.py", line 38, in <module>
    from kubernetes.client import models as k8s
ModuleNotFoundError: No module named 'kubernetes'
[2026-02-24T18:04:49.185+0000] {logging_mixin.py:190} INFO - [2026-02-24T18:04:49.185+0000] {example_local_kubernetes_executor.py:41} WARNING - Install Kubernetes dependencies with: pip install apache-airflow[cncf.kubernetes]
[2026-02-24T18:04:49.186+0000] {processor.py:927} WARNING - No viable dags retrieved from /home/ubuntu/airflow-venv/lib/python3.12/site-packages/airflow/example_dags/example_local_kubernetes_executor.py
[2026-02-24T18:04:49.194+0000] {processor.py:208} INFO - Processing /home/ubuntu/airflow-venv/lib/python3.12/site-packages/airflow/example_dags/example_local_kubernetes_executor.py took 0.018 seconds
[2026-02-24T18:05:43.525+0000] {processor.py:186} INFO - Started process (PID=44800) to work on /home/ubuntu/airflow-venv/lib/python3.12/site-packages/airflow/example_dags/example_local_kubernetes_executor.py
[2026-02-24T18:05:43.526+0000] {processor.py:914} INFO - Processing file /home/ubuntu/airflow-venv/lib/python3.12/site-packages/airflow/example_dags/example_local_kubernetes_executor.py for tasks to queue
[2026-02-24T18:05:43.528+0000] {logging_mixin.py:190} INFO - [2026-02-24T18:05:43.527+0000] {dagbag.py:588} INFO - Filling up the DagBag from /home/ubuntu/airflow-venv/lib/python3.12/site-packages/airflow/example_dags/example_local_kubernetes_executor.py
[2026-02-24T18:05:43.530+0000] {logging_mixin.py:190} INFO - [2026-02-24T18:05:43.530+0000] {example_local_kubernetes_executor.py:40} WARNING - Could not import DAGs in example_local_kubernetes_executor.py
Traceback (most recent call last):
  File "/home/ubuntu/airflow-venv/lib/python3.12/site-packages/airflow/example_dags/example_local_kubernetes_executor.py", line 38, in <module>
    from kubernetes.client import models as k8s
ModuleNotFoundError: No module named 'kubernetes'
[2026-02-24T18:05:43.530+0000] {logging_mixin.py:190} INFO - [2026-02-24T18:05:43.530+0000] {example_local_kubernetes_executor.py:41} WARNING - Install Kubernetes dependencies with: pip install apache-airflow[cncf.kubernetes]
[2026-02-24T18:05:43.530+0000] {processor.py:927} WARNING - No viable dags retrieved from /home/ubuntu/airflow-venv/lib/python3.12/site-packages/airflow/example_dags/example_local_kubernetes_executor.py
[2026-02-24T18:05:43.631+0000] {processor.py:208} INFO - Processing /home/ubuntu/airflow-venv/lib/python3.12/site-packages/airflow/example_dags/example_local_kubernetes_executor.py took 0.110 seconds
[2026-02-24T18:06:40.200+0000] {processor.py:186} INFO - Started process (PID=44864) to work on /home/ubuntu/airflow-venv/lib/python3.12/site-packages/airflow/example_dags/example_local_kubernetes_executor.py
[2026-02-24T18:06:40.201+0000] {processor.py:914} INFO - Processing file /home/ubuntu/airflow-venv/lib/python3.12/site-packages/airflow/example_dags/example_local_kubernetes_executor.py for tasks to queue
[2026-02-24T18:06:40.203+0000] {logging_mixin.py:190} INFO - [2026-02-24T18:06:40.203+0000] {dagbag.py:588} INFO - Filling up the DagBag from /home/ubuntu/airflow-venv/lib/python3.12/site-packages/airflow/example_dags/example_local_kubernetes_executor.py
[2026-02-24T18:06:40.206+0000] {logging_mixin.py:190} INFO - [2026-02-24T18:06:40.205+0000] {example_local_kubernetes_executor.py:40} WARNING - Could not import DAGs in example_local_kubernetes_executor.py
Traceback (most recent call last):
  File "/home/ubuntu/airflow-venv/lib/python3.12/site-packages/airflow/example_dags/example_local_kubernetes_executor.py", line 38, in <module>
    from kubernetes.client import models as k8s
ModuleNotFoundError: No module named 'kubernetes'
[2026-02-24T18:06:40.206+0000] {logging_mixin.py:190} INFO - [2026-02-24T18:06:40.206+0000] {example_local_kubernetes_executor.py:41} WARNING - Install Kubernetes dependencies with: pip install apache-airflow[cncf.kubernetes]
[2026-02-24T18:06:40.206+0000] {processor.py:927} WARNING - No viable dags retrieved from /home/ubuntu/airflow-venv/lib/python3.12/site-packages/airflow/example_dags/example_local_kubernetes_executor.py
[2026-02-24T18:06:40.215+0000] {processor.py:208} INFO - Processing /home/ubuntu/airflow-venv/lib/python3.12/site-packages/airflow/example_dags/example_local_kubernetes_executor.py took 0.019 seconds
[2026-02-24T18:07:29.733+0000] {processor.py:186} INFO - Started process (PID=44918) to work on /home/ubuntu/airflow-venv/lib/python3.12/site-packages/airflow/example_dags/example_local_kubernetes_executor.py
[2026-02-24T18:07:29.734+0000] {processor.py:914} INFO - Processing file /home/ubuntu/airflow-venv/lib/python3.12/site-packages/airflow/example_dags/example_local_kubernetes_executor.py for tasks to queue
[2026-02-24T18:07:29.736+0000] {logging_mixin.py:190} INFO - [2026-02-24T18:07:29.736+0000] {dagbag.py:588} INFO - Filling up the DagBag from /home/ubuntu/airflow-venv/lib/python3.12/site-packages/airflow/example_dags/example_local_kubernetes_executor.py
[2026-02-24T18:07:29.738+0000] {logging_mixin.py:190} INFO - [2026-02-24T18:07:29.738+0000] {example_local_kubernetes_executor.py:40} WARNING - Could not import DAGs in example_local_kubernetes_executor.py
Traceback (most recent call last):
  File "/home/ubuntu/airflow-venv/lib/python3.12/site-packages/airflow/example_dags/example_local_kubernetes_executor.py", line 38, in <module>
    from kubernetes.client import models as k8s
ModuleNotFoundError: No module named 'kubernetes'
[2026-02-24T18:07:29.738+0000] {logging_mixin.py:190} INFO - [2026-02-24T18:07:29.738+0000] {example_local_kubernetes_executor.py:41} WARNING - Install Kubernetes dependencies with: pip install apache-airflow[cncf.kubernetes]
[2026-02-24T18:07:29.739+0000] {processor.py:927} WARNING - No viable dags retrieved from /home/ubuntu/airflow-venv/lib/python3.12/site-packages/airflow/example_dags/example_local_kubernetes_executor.py
[2026-02-24T18:07:29.747+0000] {processor.py:208} INFO - Processing /home/ubuntu/airflow-venv/lib/python3.12/site-packages/airflow/example_dags/example_local_kubernetes_executor.py took 0.018 seconds
[2026-02-24T18:08:19.260+0000] {processor.py:186} INFO - Started process (PID=44969) to work on /home/ubuntu/airflow-venv/lib/python3.12/site-packages/airflow/example_dags/example_local_kubernetes_executor.py
[2026-02-24T18:08:19.262+0000] {processor.py:914} INFO - Processing file /home/ubuntu/airflow-venv/lib/python3.12/site-packages/airflow/example_dags/example_local_kubernetes_executor.py for tasks to queue
[2026-02-24T18:08:19.263+0000] {logging_mixin.py:190} INFO - [2026-02-24T18:08:19.263+0000] {dagbag.py:588} INFO - Filling up the DagBag from /home/ubuntu/airflow-venv/lib/python3.12/site-packages/airflow/example_dags/example_local_kubernetes_executor.py
[2026-02-24T18:08:19.266+0000] {logging_mixin.py:190} INFO - [2026-02-24T18:08:19.265+0000] {example_local_kubernetes_executor.py:40} WARNING - Could not import DAGs in example_local_kubernetes_executor.py
Traceback (most recent call last):
  File "/home/ubuntu/airflow-venv/lib/python3.12/site-packages/airflow/example_dags/example_local_kubernetes_executor.py", line 38, in <module>
    from kubernetes.client import models as k8s
ModuleNotFoundError: No module named 'kubernetes'
[2026-02-24T18:08:19.266+0000] {logging_mixin.py:190} INFO - [2026-02-24T18:08:19.266+0000] {example_local_kubernetes_executor.py:41} WARNING - Install Kubernetes dependencies with: pip install apache-airflow[cncf.kubernetes]
[2026-02-24T18:08:19.266+0000] {processor.py:927} WARNING - No viable dags retrieved from /home/ubuntu/airflow-venv/lib/python3.12/site-packages/airflow/example_dags/example_local_kubernetes_executor.py
[2026-02-24T18:08:19.274+0000] {processor.py:208} INFO - Processing /home/ubuntu/airflow-venv/lib/python3.12/site-packages/airflow/example_dags/example_local_kubernetes_executor.py took 0.018 seconds
[2026-02-24T18:09:10.060+0000] {processor.py:186} INFO - Started process (PID=45023) to work on /home/ubuntu/airflow-venv/lib/python3.12/site-packages/airflow/example_dags/example_local_kubernetes_executor.py
[2026-02-24T18:09:10.062+0000] {processor.py:914} INFO - Processing file /home/ubuntu/airflow-venv/lib/python3.12/site-packages/airflow/example_dags/example_local_kubernetes_executor.py for tasks to queue
[2026-02-24T18:09:10.063+0000] {logging_mixin.py:190} INFO - [2026-02-24T18:09:10.063+0000] {dagbag.py:588} INFO - Filling up the DagBag from /home/ubuntu/airflow-venv/lib/python3.12/site-packages/airflow/example_dags/example_local_kubernetes_executor.py
[2026-02-24T18:09:10.066+0000] {logging_mixin.py:190} INFO - [2026-02-24T18:09:10.065+0000] {example_local_kubernetes_executor.py:40} WARNING - Could not import DAGs in example_local_kubernetes_executor.py
Traceback (most recent call last):
  File "/home/ubuntu/airflow-venv/lib/python3.12/site-packages/airflow/example_dags/example_local_kubernetes_executor.py", line 38, in <module>
    from kubernetes.client import models as k8s
ModuleNotFoundError: No module named 'kubernetes'
[2026-02-24T18:09:10.066+0000] {logging_mixin.py:190} INFO - [2026-02-24T18:09:10.066+0000] {example_local_kubernetes_executor.py:41} WARNING - Install Kubernetes dependencies with: pip install apache-airflow[cncf.kubernetes]
[2026-02-24T18:09:10.066+0000] {processor.py:927} WARNING - No viable dags retrieved from /home/ubuntu/airflow-venv/lib/python3.12/site-packages/airflow/example_dags/example_local_kubernetes_executor.py
[2026-02-24T18:09:10.074+0000] {processor.py:208} INFO - Processing /home/ubuntu/airflow-venv/lib/python3.12/site-packages/airflow/example_dags/example_local_kubernetes_executor.py took 0.018 seconds
[2026-02-24T18:09:58.578+0000] {processor.py:186} INFO - Started process (PID=45074) to work on /home/ubuntu/airflow-venv/lib/python3.12/site-packages/airflow/example_dags/example_local_kubernetes_executor.py
[2026-02-24T18:09:58.579+0000] {processor.py:914} INFO - Processing file /home/ubuntu/airflow-venv/lib/python3.12/site-packages/airflow/example_dags/example_local_kubernetes_executor.py for tasks to queue
[2026-02-24T18:09:58.581+0000] {logging_mixin.py:190} INFO - [2026-02-24T18:09:58.581+0000] {dagbag.py:588} INFO - Filling up the DagBag from /home/ubuntu/airflow-venv/lib/python3.12/site-packages/airflow/example_dags/example_local_kubernetes_executor.py
[2026-02-24T18:09:58.584+0000] {logging_mixin.py:190} INFO - [2026-02-24T18:09:58.583+0000] {example_local_kubernetes_executor.py:40} WARNING - Could not import DAGs in example_local_kubernetes_executor.py
Traceback (most recent call last):
  File "/home/ubuntu/airflow-venv/lib/python3.12/site-packages/airflow/example_dags/example_local_kubernetes_executor.py", line 38, in <module>
    from kubernetes.client import models as k8s
ModuleNotFoundError: No module named 'kubernetes'
[2026-02-24T18:09:58.584+0000] {logging_mixin.py:190} INFO - [2026-02-24T18:09:58.584+0000] {example_local_kubernetes_executor.py:41} WARNING - Install Kubernetes dependencies with: pip install apache-airflow[cncf.kubernetes]
[2026-02-24T18:09:58.584+0000] {processor.py:927} WARNING - No viable dags retrieved from /home/ubuntu/airflow-venv/lib/python3.12/site-packages/airflow/example_dags/example_local_kubernetes_executor.py
[2026-02-24T18:09:58.592+0000] {processor.py:208} INFO - Processing /home/ubuntu/airflow-venv/lib/python3.12/site-packages/airflow/example_dags/example_local_kubernetes_executor.py took 0.019 seconds
[2026-02-24T18:10:48.913+0000] {processor.py:186} INFO - Started process (PID=45130) to work on /home/ubuntu/airflow-venv/lib/python3.12/site-packages/airflow/example_dags/example_local_kubernetes_executor.py
[2026-02-24T18:10:48.914+0000] {processor.py:914} INFO - Processing file /home/ubuntu/airflow-venv/lib/python3.12/site-packages/airflow/example_dags/example_local_kubernetes_executor.py for tasks to queue
[2026-02-24T18:10:48.916+0000] {logging_mixin.py:190} INFO - [2026-02-24T18:10:48.915+0000] {dagbag.py:588} INFO - Filling up the DagBag from /home/ubuntu/airflow-venv/lib/python3.12/site-packages/airflow/example_dags/example_local_kubernetes_executor.py
[2026-02-24T18:10:48.918+0000] {logging_mixin.py:190} INFO - [2026-02-24T18:10:48.918+0000] {example_local_kubernetes_executor.py:40} WARNING - Could not import DAGs in example_local_kubernetes_executor.py
Traceback (most recent call last):
  File "/home/ubuntu/airflow-venv/lib/python3.12/site-packages/airflow/example_dags/example_local_kubernetes_executor.py", line 38, in <module>
    from kubernetes.client import models as k8s
ModuleNotFoundError: No module named 'kubernetes'
[2026-02-24T18:10:48.918+0000] {logging_mixin.py:190} INFO - [2026-02-24T18:10:48.918+0000] {example_local_kubernetes_executor.py:41} WARNING - Install Kubernetes dependencies with: pip install apache-airflow[cncf.kubernetes]
[2026-02-24T18:10:48.919+0000] {processor.py:927} WARNING - No viable dags retrieved from /home/ubuntu/airflow-venv/lib/python3.12/site-packages/airflow/example_dags/example_local_kubernetes_executor.py
[2026-02-24T18:10:48.927+0000] {processor.py:208} INFO - Processing /home/ubuntu/airflow-venv/lib/python3.12/site-packages/airflow/example_dags/example_local_kubernetes_executor.py took 0.019 seconds
[2026-02-24T18:11:41.328+0000] {processor.py:186} INFO - Started process (PID=45182) to work on /home/ubuntu/airflow-venv/lib/python3.12/site-packages/airflow/example_dags/example_local_kubernetes_executor.py
[2026-02-24T18:11:41.329+0000] {processor.py:914} INFO - Processing file /home/ubuntu/airflow-venv/lib/python3.12/site-packages/airflow/example_dags/example_local_kubernetes_executor.py for tasks to queue
[2026-02-24T18:11:41.331+0000] {logging_mixin.py:190} INFO - [2026-02-24T18:11:41.331+0000] {dagbag.py:588} INFO - Filling up the DagBag from /home/ubuntu/airflow-venv/lib/python3.12/site-packages/airflow/example_dags/example_local_kubernetes_executor.py
[2026-02-24T18:11:41.334+0000] {logging_mixin.py:190} INFO - [2026-02-24T18:11:41.333+0000] {example_local_kubernetes_executor.py:40} WARNING - Could not import DAGs in example_local_kubernetes_executor.py
Traceback (most recent call last):
  File "/home/ubuntu/airflow-venv/lib/python3.12/site-packages/airflow/example_dags/example_local_kubernetes_executor.py", line 38, in <module>
    from kubernetes.client import models as k8s
ModuleNotFoundError: No module named 'kubernetes'
[2026-02-24T18:11:41.334+0000] {logging_mixin.py:190} INFO - [2026-02-24T18:11:41.334+0000] {example_local_kubernetes_executor.py:41} WARNING - Install Kubernetes dependencies with: pip install apache-airflow[cncf.kubernetes]
[2026-02-24T18:11:41.334+0000] {processor.py:927} WARNING - No viable dags retrieved from /home/ubuntu/airflow-venv/lib/python3.12/site-packages/airflow/example_dags/example_local_kubernetes_executor.py
[2026-02-24T18:11:41.343+0000] {processor.py:208} INFO - Processing /home/ubuntu/airflow-venv/lib/python3.12/site-packages/airflow/example_dags/example_local_kubernetes_executor.py took 0.019 seconds
[2026-02-24T18:12:32.327+0000] {processor.py:186} INFO - Started process (PID=45236) to work on /home/ubuntu/airflow-venv/lib/python3.12/site-packages/airflow/example_dags/example_local_kubernetes_executor.py
[2026-02-24T18:12:32.328+0000] {processor.py:914} INFO - Processing file /home/ubuntu/airflow-venv/lib/python3.12/site-packages/airflow/example_dags/example_local_kubernetes_executor.py for tasks to queue
[2026-02-24T18:12:32.330+0000] {logging_mixin.py:190} INFO - [2026-02-24T18:12:32.330+0000] {dagbag.py:588} INFO - Filling up the DagBag from /home/ubuntu/airflow-venv/lib/python3.12/site-packages/airflow/example_dags/example_local_kubernetes_executor.py
[2026-02-24T18:12:32.332+0000] {logging_mixin.py:190} INFO - [2026-02-24T18:12:32.332+0000] {example_local_kubernetes_executor.py:40} WARNING - Could not import DAGs in example_local_kubernetes_executor.py
Traceback (most recent call last):
  File "/home/ubuntu/airflow-venv/lib/python3.12/site-packages/airflow/example_dags/example_local_kubernetes_executor.py", line 38, in <module>
    from kubernetes.client import models as k8s
ModuleNotFoundError: No module named 'kubernetes'
[2026-02-24T18:12:32.333+0000] {logging_mixin.py:190} INFO - [2026-02-24T18:12:32.333+0000] {example_local_kubernetes_executor.py:41} WARNING - Install Kubernetes dependencies with: pip install apache-airflow[cncf.kubernetes]
[2026-02-24T18:12:32.333+0000] {processor.py:927} WARNING - No viable dags retrieved from /home/ubuntu/airflow-venv/lib/python3.12/site-packages/airflow/example_dags/example_local_kubernetes_executor.py
[2026-02-24T18:12:32.341+0000] {processor.py:208} INFO - Processing /home/ubuntu/airflow-venv/lib/python3.12/site-packages/airflow/example_dags/example_local_kubernetes_executor.py took 0.018 seconds
[2026-02-24T18:13:21.866+0000] {processor.py:186} INFO - Started process (PID=45290) to work on /home/ubuntu/airflow-venv/lib/python3.12/site-packages/airflow/example_dags/example_local_kubernetes_executor.py
[2026-02-24T18:13:21.868+0000] {processor.py:914} INFO - Processing file /home/ubuntu/airflow-venv/lib/python3.12/site-packages/airflow/example_dags/example_local_kubernetes_executor.py for tasks to queue
[2026-02-24T18:13:21.870+0000] {logging_mixin.py:190} INFO - [2026-02-24T18:13:21.869+0000] {dagbag.py:588} INFO - Filling up the DagBag from /home/ubuntu/airflow-venv/lib/python3.12/site-packages/airflow/example_dags/example_local_kubernetes_executor.py
[2026-02-24T18:13:21.872+0000] {logging_mixin.py:190} INFO - [2026-02-24T18:13:21.871+0000] {example_local_kubernetes_executor.py:40} WARNING - Could not import DAGs in example_local_kubernetes_executor.py
Traceback (most recent call last):
  File "/home/ubuntu/airflow-venv/lib/python3.12/site-packages/airflow/example_dags/example_local_kubernetes_executor.py", line 38, in <module>
    from kubernetes.client import models as k8s
ModuleNotFoundError: No module named 'kubernetes'
[2026-02-24T18:13:21.872+0000] {logging_mixin.py:190} INFO - [2026-02-24T18:13:21.872+0000] {example_local_kubernetes_executor.py:41} WARNING - Install Kubernetes dependencies with: pip install apache-airflow[cncf.kubernetes]
[2026-02-24T18:13:21.872+0000] {processor.py:927} WARNING - No viable dags retrieved from /home/ubuntu/airflow-venv/lib/python3.12/site-packages/airflow/example_dags/example_local_kubernetes_executor.py
[2026-02-24T18:13:21.881+0000] {processor.py:208} INFO - Processing /home/ubuntu/airflow-venv/lib/python3.12/site-packages/airflow/example_dags/example_local_kubernetes_executor.py took 0.019 seconds
[2026-02-24T18:14:11.453+0000] {processor.py:186} INFO - Started process (PID=45340) to work on /home/ubuntu/airflow-venv/lib/python3.12/site-packages/airflow/example_dags/example_local_kubernetes_executor.py
[2026-02-24T18:14:11.454+0000] {processor.py:914} INFO - Processing file /home/ubuntu/airflow-venv/lib/python3.12/site-packages/airflow/example_dags/example_local_kubernetes_executor.py for tasks to queue
[2026-02-24T18:14:11.456+0000] {logging_mixin.py:190} INFO - [2026-02-24T18:14:11.456+0000] {dagbag.py:588} INFO - Filling up the DagBag from /home/ubuntu/airflow-venv/lib/python3.12/site-packages/airflow/example_dags/example_local_kubernetes_executor.py
[2026-02-24T18:14:11.459+0000] {logging_mixin.py:190} INFO - [2026-02-24T18:14:11.458+0000] {example_local_kubernetes_executor.py:40} WARNING - Could not import DAGs in example_local_kubernetes_executor.py
Traceback (most recent call last):
  File "/home/ubuntu/airflow-venv/lib/python3.12/site-packages/airflow/example_dags/example_local_kubernetes_executor.py", line 38, in <module>
    from kubernetes.client import models as k8s
ModuleNotFoundError: No module named 'kubernetes'
[2026-02-24T18:14:11.459+0000] {logging_mixin.py:190} INFO - [2026-02-24T18:14:11.459+0000] {example_local_kubernetes_executor.py:41} WARNING - Install Kubernetes dependencies with: pip install apache-airflow[cncf.kubernetes]
[2026-02-24T18:14:11.459+0000] {processor.py:927} WARNING - No viable dags retrieved from /home/ubuntu/airflow-venv/lib/python3.12/site-packages/airflow/example_dags/example_local_kubernetes_executor.py
[2026-02-24T18:14:11.467+0000] {processor.py:208} INFO - Processing /home/ubuntu/airflow-venv/lib/python3.12/site-packages/airflow/example_dags/example_local_kubernetes_executor.py took 0.018 seconds
[2026-02-24T18:15:01.189+0000] {processor.py:186} INFO - Started process (PID=45392) to work on /home/ubuntu/airflow-venv/lib/python3.12/site-packages/airflow/example_dags/example_local_kubernetes_executor.py
[2026-02-24T18:15:01.191+0000] {processor.py:914} INFO - Processing file /home/ubuntu/airflow-venv/lib/python3.12/site-packages/airflow/example_dags/example_local_kubernetes_executor.py for tasks to queue
[2026-02-24T18:15:01.193+0000] {logging_mixin.py:190} INFO - [2026-02-24T18:15:01.192+0000] {dagbag.py:588} INFO - Filling up the DagBag from /home/ubuntu/airflow-venv/lib/python3.12/site-packages/airflow/example_dags/example_local_kubernetes_executor.py
[2026-02-24T18:15:01.195+0000] {logging_mixin.py:190} INFO - [2026-02-24T18:15:01.195+0000] {example_local_kubernetes_executor.py:40} WARNING - Could not import DAGs in example_local_kubernetes_executor.py
Traceback (most recent call last):
  File "/home/ubuntu/airflow-venv/lib/python3.12/site-packages/airflow/example_dags/example_local_kubernetes_executor.py", line 38, in <module>
    from kubernetes.client import models as k8s
ModuleNotFoundError: No module named 'kubernetes'
[2026-02-24T18:15:01.195+0000] {logging_mixin.py:190} INFO - [2026-02-24T18:15:01.195+0000] {example_local_kubernetes_executor.py:41} WARNING - Install Kubernetes dependencies with: pip install apache-airflow[cncf.kubernetes]
[2026-02-24T18:15:01.195+0000] {processor.py:927} WARNING - No viable dags retrieved from /home/ubuntu/airflow-venv/lib/python3.12/site-packages/airflow/example_dags/example_local_kubernetes_executor.py
[2026-02-24T18:15:01.204+0000] {processor.py:208} INFO - Processing /home/ubuntu/airflow-venv/lib/python3.12/site-packages/airflow/example_dags/example_local_kubernetes_executor.py took 0.019 seconds
[2026-02-24T18:15:53.104+0000] {processor.py:186} INFO - Started process (PID=45449) to work on /home/ubuntu/airflow-venv/lib/python3.12/site-packages/airflow/example_dags/example_local_kubernetes_executor.py
[2026-02-24T18:15:53.106+0000] {processor.py:914} INFO - Processing file /home/ubuntu/airflow-venv/lib/python3.12/site-packages/airflow/example_dags/example_local_kubernetes_executor.py for tasks to queue
[2026-02-24T18:15:53.107+0000] {logging_mixin.py:190} INFO - [2026-02-24T18:15:53.107+0000] {dagbag.py:588} INFO - Filling up the DagBag from /home/ubuntu/airflow-venv/lib/python3.12/site-packages/airflow/example_dags/example_local_kubernetes_executor.py
[2026-02-24T18:15:53.110+0000] {logging_mixin.py:190} INFO - [2026-02-24T18:15:53.109+0000] {example_local_kubernetes_executor.py:40} WARNING - Could not import DAGs in example_local_kubernetes_executor.py
Traceback (most recent call last):
  File "/home/ubuntu/airflow-venv/lib/python3.12/site-packages/airflow/example_dags/example_local_kubernetes_executor.py", line 38, in <module>
    from kubernetes.client import models as k8s
ModuleNotFoundError: No module named 'kubernetes'
[2026-02-24T18:15:53.110+0000] {logging_mixin.py:190} INFO - [2026-02-24T18:15:53.110+0000] {example_local_kubernetes_executor.py:41} WARNING - Install Kubernetes dependencies with: pip install apache-airflow[cncf.kubernetes]
[2026-02-24T18:15:53.110+0000] {processor.py:927} WARNING - No viable dags retrieved from /home/ubuntu/airflow-venv/lib/python3.12/site-packages/airflow/example_dags/example_local_kubernetes_executor.py
[2026-02-24T18:15:53.118+0000] {processor.py:208} INFO - Processing /home/ubuntu/airflow-venv/lib/python3.12/site-packages/airflow/example_dags/example_local_kubernetes_executor.py took 0.018 seconds
[2026-02-24T18:16:42.203+0000] {processor.py:186} INFO - Started process (PID=45502) to work on /home/ubuntu/airflow-venv/lib/python3.12/site-packages/airflow/example_dags/example_local_kubernetes_executor.py
[2026-02-24T18:16:42.204+0000] {processor.py:914} INFO - Processing file /home/ubuntu/airflow-venv/lib/python3.12/site-packages/airflow/example_dags/example_local_kubernetes_executor.py for tasks to queue
[2026-02-24T18:16:42.206+0000] {logging_mixin.py:190} INFO - [2026-02-24T18:16:42.206+0000] {dagbag.py:588} INFO - Filling up the DagBag from /home/ubuntu/airflow-venv/lib/python3.12/site-packages/airflow/example_dags/example_local_kubernetes_executor.py
[2026-02-24T18:16:42.208+0000] {logging_mixin.py:190} INFO - [2026-02-24T18:16:42.208+0000] {example_local_kubernetes_executor.py:40} WARNING - Could not import DAGs in example_local_kubernetes_executor.py
Traceback (most recent call last):
  File "/home/ubuntu/airflow-venv/lib/python3.12/site-packages/airflow/example_dags/example_local_kubernetes_executor.py", line 38, in <module>
    from kubernetes.client import models as k8s
ModuleNotFoundError: No module named 'kubernetes'
[2026-02-24T18:16:42.209+0000] {logging_mixin.py:190} INFO - [2026-02-24T18:16:42.208+0000] {example_local_kubernetes_executor.py:41} WARNING - Install Kubernetes dependencies with: pip install apache-airflow[cncf.kubernetes]
[2026-02-24T18:16:42.209+0000] {processor.py:927} WARNING - No viable dags retrieved from /home/ubuntu/airflow-venv/lib/python3.12/site-packages/airflow/example_dags/example_local_kubernetes_executor.py
[2026-02-24T18:16:42.217+0000] {processor.py:208} INFO - Processing /home/ubuntu/airflow-venv/lib/python3.12/site-packages/airflow/example_dags/example_local_kubernetes_executor.py took 0.018 seconds
[2026-02-24T18:17:33.390+0000] {processor.py:186} INFO - Started process (PID=45558) to work on /home/ubuntu/airflow-venv/lib/python3.12/site-packages/airflow/example_dags/example_local_kubernetes_executor.py
[2026-02-24T18:17:33.391+0000] {processor.py:914} INFO - Processing file /home/ubuntu/airflow-venv/lib/python3.12/site-packages/airflow/example_dags/example_local_kubernetes_executor.py for tasks to queue
[2026-02-24T18:17:33.392+0000] {logging_mixin.py:190} INFO - [2026-02-24T18:17:33.392+0000] {dagbag.py:588} INFO - Filling up the DagBag from /home/ubuntu/airflow-venv/lib/python3.12/site-packages/airflow/example_dags/example_local_kubernetes_executor.py
[2026-02-24T18:17:33.395+0000] {logging_mixin.py:190} INFO - [2026-02-24T18:17:33.394+0000] {example_local_kubernetes_executor.py:40} WARNING - Could not import DAGs in example_local_kubernetes_executor.py
Traceback (most recent call last):
  File "/home/ubuntu/airflow-venv/lib/python3.12/site-packages/airflow/example_dags/example_local_kubernetes_executor.py", line 38, in <module>
    from kubernetes.client import models as k8s
ModuleNotFoundError: No module named 'kubernetes'
[2026-02-24T18:17:33.395+0000] {logging_mixin.py:190} INFO - [2026-02-24T18:17:33.395+0000] {example_local_kubernetes_executor.py:41} WARNING - Install Kubernetes dependencies with: pip install apache-airflow[cncf.kubernetes]
[2026-02-24T18:17:33.395+0000] {processor.py:927} WARNING - No viable dags retrieved from /home/ubuntu/airflow-venv/lib/python3.12/site-packages/airflow/example_dags/example_local_kubernetes_executor.py
[2026-02-24T18:17:33.403+0000] {processor.py:208} INFO - Processing /home/ubuntu/airflow-venv/lib/python3.12/site-packages/airflow/example_dags/example_local_kubernetes_executor.py took 0.018 seconds
[2026-02-24T18:18:26.913+0000] {processor.py:186} INFO - Started process (PID=45614) to work on /home/ubuntu/airflow-venv/lib/python3.12/site-packages/airflow/example_dags/example_local_kubernetes_executor.py
[2026-02-24T18:18:26.914+0000] {processor.py:914} INFO - Processing file /home/ubuntu/airflow-venv/lib/python3.12/site-packages/airflow/example_dags/example_local_kubernetes_executor.py for tasks to queue
[2026-02-24T18:18:26.916+0000] {logging_mixin.py:190} INFO - [2026-02-24T18:18:26.915+0000] {dagbag.py:588} INFO - Filling up the DagBag from /home/ubuntu/airflow-venv/lib/python3.12/site-packages/airflow/example_dags/example_local_kubernetes_executor.py
[2026-02-24T18:18:26.918+0000] {logging_mixin.py:190} INFO - [2026-02-24T18:18:26.918+0000] {example_local_kubernetes_executor.py:40} WARNING - Could not import DAGs in example_local_kubernetes_executor.py
Traceback (most recent call last):
  File "/home/ubuntu/airflow-venv/lib/python3.12/site-packages/airflow/example_dags/example_local_kubernetes_executor.py", line 38, in <module>
    from kubernetes.client import models as k8s
ModuleNotFoundError: No module named 'kubernetes'
[2026-02-24T18:18:26.918+0000] {logging_mixin.py:190} INFO - [2026-02-24T18:18:26.918+0000] {example_local_kubernetes_executor.py:41} WARNING - Install Kubernetes dependencies with: pip install apache-airflow[cncf.kubernetes]
[2026-02-24T18:18:26.919+0000] {processor.py:927} WARNING - No viable dags retrieved from /home/ubuntu/airflow-venv/lib/python3.12/site-packages/airflow/example_dags/example_local_kubernetes_executor.py
[2026-02-24T18:18:26.927+0000] {processor.py:208} INFO - Processing /home/ubuntu/airflow-venv/lib/python3.12/site-packages/airflow/example_dags/example_local_kubernetes_executor.py took 0.018 seconds
[2026-02-24T18:19:17.276+0000] {processor.py:186} INFO - Started process (PID=45665) to work on /home/ubuntu/airflow-venv/lib/python3.12/site-packages/airflow/example_dags/example_local_kubernetes_executor.py
[2026-02-24T18:19:17.277+0000] {processor.py:914} INFO - Processing file /home/ubuntu/airflow-venv/lib/python3.12/site-packages/airflow/example_dags/example_local_kubernetes_executor.py for tasks to queue
[2026-02-24T18:19:17.279+0000] {logging_mixin.py:190} INFO - [2026-02-24T18:19:17.279+0000] {dagbag.py:588} INFO - Filling up the DagBag from /home/ubuntu/airflow-venv/lib/python3.12/site-packages/airflow/example_dags/example_local_kubernetes_executor.py
[2026-02-24T18:19:17.281+0000] {logging_mixin.py:190} INFO - [2026-02-24T18:19:17.281+0000] {example_local_kubernetes_executor.py:40} WARNING - Could not import DAGs in example_local_kubernetes_executor.py
Traceback (most recent call last):
  File "/home/ubuntu/airflow-venv/lib/python3.12/site-packages/airflow/example_dags/example_local_kubernetes_executor.py", line 38, in <module>
    from kubernetes.client import models as k8s
ModuleNotFoundError: No module named 'kubernetes'
[2026-02-24T18:19:17.281+0000] {logging_mixin.py:190} INFO - [2026-02-24T18:19:17.281+0000] {example_local_kubernetes_executor.py:41} WARNING - Install Kubernetes dependencies with: pip install apache-airflow[cncf.kubernetes]
[2026-02-24T18:19:17.282+0000] {processor.py:927} WARNING - No viable dags retrieved from /home/ubuntu/airflow-venv/lib/python3.12/site-packages/airflow/example_dags/example_local_kubernetes_executor.py
[2026-02-24T18:19:17.290+0000] {processor.py:208} INFO - Processing /home/ubuntu/airflow-venv/lib/python3.12/site-packages/airflow/example_dags/example_local_kubernetes_executor.py took 0.018 seconds
[2026-02-24T18:20:09.323+0000] {processor.py:186} INFO - Started process (PID=45720) to work on /home/ubuntu/airflow-venv/lib/python3.12/site-packages/airflow/example_dags/example_local_kubernetes_executor.py
[2026-02-24T18:20:09.324+0000] {processor.py:914} INFO - Processing file /home/ubuntu/airflow-venv/lib/python3.12/site-packages/airflow/example_dags/example_local_kubernetes_executor.py for tasks to queue
[2026-02-24T18:20:09.326+0000] {logging_mixin.py:190} INFO - [2026-02-24T18:20:09.326+0000] {dagbag.py:588} INFO - Filling up the DagBag from /home/ubuntu/airflow-venv/lib/python3.12/site-packages/airflow/example_dags/example_local_kubernetes_executor.py
[2026-02-24T18:20:09.328+0000] {logging_mixin.py:190} INFO - [2026-02-24T18:20:09.328+0000] {example_local_kubernetes_executor.py:40} WARNING - Could not import DAGs in example_local_kubernetes_executor.py
Traceback (most recent call last):
  File "/home/ubuntu/airflow-venv/lib/python3.12/site-packages/airflow/example_dags/example_local_kubernetes_executor.py", line 38, in <module>
    from kubernetes.client import models as k8s
ModuleNotFoundError: No module named 'kubernetes'
[2026-02-24T18:20:09.329+0000] {logging_mixin.py:190} INFO - [2026-02-24T18:20:09.329+0000] {example_local_kubernetes_executor.py:41} WARNING - Install Kubernetes dependencies with: pip install apache-airflow[cncf.kubernetes]
[2026-02-24T18:20:09.329+0000] {processor.py:927} WARNING - No viable dags retrieved from /home/ubuntu/airflow-venv/lib/python3.12/site-packages/airflow/example_dags/example_local_kubernetes_executor.py
[2026-02-24T18:20:09.337+0000] {processor.py:208} INFO - Processing /home/ubuntu/airflow-venv/lib/python3.12/site-packages/airflow/example_dags/example_local_kubernetes_executor.py took 0.018 seconds
