[2026-02-24T17:59:41.750+0000] {processor.py:186} INFO - Started process (PID=43677) to work on /home/ubuntu/airflow-venv/lib/python3.12/site-packages/airflow/example_dags/example_dataset_alias.py
[2026-02-24T17:59:41.750+0000] {processor.py:914} INFO - Processing file /home/ubuntu/airflow-venv/lib/python3.12/site-packages/airflow/example_dags/example_dataset_alias.py for tasks to queue
[2026-02-24T17:59:41.752+0000] {logging_mixin.py:190} INFO - [2026-02-24T17:59:41.752+0000] {dagbag.py:588} INFO - Filling up the DagBag from /home/ubuntu/airflow-venv/lib/python3.12/site-packages/airflow/example_dags/example_dataset_alias.py
[2026-02-24T17:59:41.766+0000] {processor.py:925} INFO - DAG(s) 'dataset_alias_example_alias_producer', 'dataset_alias_example_alias_consumer', 'dataset_s3_bucket_producer', 'dataset_s3_bucket_consumer' retrieved from /home/ubuntu/airflow-venv/lib/python3.12/site-packages/airflow/example_dags/example_dataset_alias.py
[2026-02-24T17:59:41.839+0000] {logging_mixin.py:190} INFO - [2026-02-24T17:59:41.838+0000] {override.py:1900} INFO - Created Permission View: can edit on DAG:dataset_alias_example_alias_producer
[2026-02-24T17:59:41.849+0000] {logging_mixin.py:190} INFO - [2026-02-24T17:59:41.849+0000] {override.py:1900} INFO - Created Permission View: can delete on DAG:dataset_alias_example_alias_producer
[2026-02-24T17:59:41.857+0000] {logging_mixin.py:190} INFO - [2026-02-24T17:59:41.857+0000] {override.py:1900} INFO - Created Permission View: can read on DAG:dataset_alias_example_alias_producer
[2026-02-24T17:59:41.872+0000] {logging_mixin.py:190} INFO - [2026-02-24T17:59:41.871+0000] {override.py:1900} INFO - Created Permission View: can delete on DAG Run:dataset_alias_example_alias_producer
[2026-02-24T17:59:41.880+0000] {logging_mixin.py:190} INFO - [2026-02-24T17:59:41.880+0000] {override.py:1900} INFO - Created Permission View: menu access on DAG Run:dataset_alias_example_alias_producer
[2026-02-24T17:59:41.889+0000] {logging_mixin.py:190} INFO - [2026-02-24T17:59:41.888+0000] {override.py:1900} INFO - Created Permission View: can create on DAG Run:dataset_alias_example_alias_producer
[2026-02-24T17:59:41.897+0000] {logging_mixin.py:190} INFO - [2026-02-24T17:59:41.897+0000] {override.py:1900} INFO - Created Permission View: can read on DAG Run:dataset_alias_example_alias_producer
[2026-02-24T17:59:41.917+0000] {logging_mixin.py:190} INFO - [2026-02-24T17:59:41.916+0000] {override.py:1900} INFO - Created Permission View: can edit on DAG:dataset_alias_example_alias_consumer
[2026-02-24T17:59:41.926+0000] {logging_mixin.py:190} INFO - [2026-02-24T17:59:41.925+0000] {override.py:1900} INFO - Created Permission View: can delete on DAG:dataset_alias_example_alias_consumer
[2026-02-24T17:59:41.934+0000] {logging_mixin.py:190} INFO - [2026-02-24T17:59:41.934+0000] {override.py:1900} INFO - Created Permission View: can read on DAG:dataset_alias_example_alias_consumer
[2026-02-24T17:59:41.948+0000] {logging_mixin.py:190} INFO - [2026-02-24T17:59:41.948+0000] {override.py:1900} INFO - Created Permission View: can delete on DAG Run:dataset_alias_example_alias_consumer
[2026-02-24T17:59:41.956+0000] {logging_mixin.py:190} INFO - [2026-02-24T17:59:41.956+0000] {override.py:1900} INFO - Created Permission View: menu access on DAG Run:dataset_alias_example_alias_consumer
[2026-02-24T17:59:41.965+0000] {logging_mixin.py:190} INFO - [2026-02-24T17:59:41.965+0000] {override.py:1900} INFO - Created Permission View: can create on DAG Run:dataset_alias_example_alias_consumer
[2026-02-24T17:59:41.973+0000] {logging_mixin.py:190} INFO - [2026-02-24T17:59:41.973+0000] {override.py:1900} INFO - Created Permission View: can read on DAG Run:dataset_alias_example_alias_consumer
[2026-02-24T17:59:41.993+0000] {logging_mixin.py:190} INFO - [2026-02-24T17:59:41.993+0000] {override.py:1900} INFO - Created Permission View: can edit on DAG:dataset_s3_bucket_producer
[2026-02-24T17:59:42.001+0000] {logging_mixin.py:190} INFO - [2026-02-24T17:59:42.001+0000] {override.py:1900} INFO - Created Permission View: can delete on DAG:dataset_s3_bucket_producer
[2026-02-24T17:59:42.010+0000] {logging_mixin.py:190} INFO - [2026-02-24T17:59:42.009+0000] {override.py:1900} INFO - Created Permission View: can read on DAG:dataset_s3_bucket_producer
[2026-02-24T17:59:42.024+0000] {logging_mixin.py:190} INFO - [2026-02-24T17:59:42.024+0000] {override.py:1900} INFO - Created Permission View: can delete on DAG Run:dataset_s3_bucket_producer
[2026-02-24T17:59:42.033+0000] {logging_mixin.py:190} INFO - [2026-02-24T17:59:42.033+0000] {override.py:1900} INFO - Created Permission View: menu access on DAG Run:dataset_s3_bucket_producer
[2026-02-24T17:59:42.041+0000] {logging_mixin.py:190} INFO - [2026-02-24T17:59:42.041+0000] {override.py:1900} INFO - Created Permission View: can create on DAG Run:dataset_s3_bucket_producer
[2026-02-24T17:59:42.050+0000] {logging_mixin.py:190} INFO - [2026-02-24T17:59:42.049+0000] {override.py:1900} INFO - Created Permission View: can read on DAG Run:dataset_s3_bucket_producer
[2026-02-24T17:59:42.066+0000] {logging_mixin.py:190} INFO - [2026-02-24T17:59:42.065+0000] {override.py:1900} INFO - Created Permission View: can edit on DAG:dataset_s3_bucket_consumer
[2026-02-24T17:59:42.074+0000] {logging_mixin.py:190} INFO - [2026-02-24T17:59:42.074+0000] {override.py:1900} INFO - Created Permission View: can delete on DAG:dataset_s3_bucket_consumer
[2026-02-24T17:59:42.083+0000] {logging_mixin.py:190} INFO - [2026-02-24T17:59:42.083+0000] {override.py:1900} INFO - Created Permission View: can read on DAG:dataset_s3_bucket_consumer
[2026-02-24T17:59:42.097+0000] {logging_mixin.py:190} INFO - [2026-02-24T17:59:42.097+0000] {override.py:1900} INFO - Created Permission View: can delete on DAG Run:dataset_s3_bucket_consumer
[2026-02-24T17:59:42.106+0000] {logging_mixin.py:190} INFO - [2026-02-24T17:59:42.106+0000] {override.py:1900} INFO - Created Permission View: menu access on DAG Run:dataset_s3_bucket_consumer
[2026-02-24T17:59:42.114+0000] {logging_mixin.py:190} INFO - [2026-02-24T17:59:42.114+0000] {override.py:1900} INFO - Created Permission View: can create on DAG Run:dataset_s3_bucket_consumer
[2026-02-24T17:59:42.123+0000] {logging_mixin.py:190} INFO - [2026-02-24T17:59:42.123+0000] {override.py:1900} INFO - Created Permission View: can read on DAG Run:dataset_s3_bucket_consumer
[2026-02-24T17:59:42.123+0000] {logging_mixin.py:190} INFO - [2026-02-24T17:59:42.123+0000] {dag.py:3239} INFO - Sync 4 DAGs
[2026-02-24T17:59:42.131+0000] {logging_mixin.py:190} INFO - [2026-02-24T17:59:42.131+0000] {dag.py:3262} INFO - Creating ORM DAG for dataset_alias_example_alias_producer
[2026-02-24T17:59:42.131+0000] {logging_mixin.py:190} INFO - [2026-02-24T17:59:42.131+0000] {dag.py:3262} INFO - Creating ORM DAG for dataset_alias_example_alias_consumer
[2026-02-24T17:59:42.132+0000] {logging_mixin.py:190} INFO - [2026-02-24T17:59:42.132+0000] {dag.py:3262} INFO - Creating ORM DAG for dataset_s3_bucket_producer
[2026-02-24T17:59:42.132+0000] {logging_mixin.py:190} INFO - [2026-02-24T17:59:42.132+0000] {dag.py:3262} INFO - Creating ORM DAG for dataset_s3_bucket_consumer
[2026-02-24T17:59:42.137+0000] {logging_mixin.py:190} INFO - [2026-02-24T17:59:42.137+0000] {dag.py:4180} INFO - Setting next_dagrun for dataset_alias_example_alias_consumer to None, run_after=None
[2026-02-24T17:59:42.138+0000] {logging_mixin.py:190} INFO - [2026-02-24T17:59:42.138+0000] {dag.py:4180} INFO - Setting next_dagrun for dataset_alias_example_alias_producer to None, run_after=None
[2026-02-24T17:59:42.138+0000] {logging_mixin.py:190} INFO - [2026-02-24T17:59:42.138+0000] {dag.py:4180} INFO - Setting next_dagrun for dataset_s3_bucket_consumer to None, run_after=None
[2026-02-24T17:59:42.138+0000] {logging_mixin.py:190} INFO - [2026-02-24T17:59:42.138+0000] {dag.py:4180} INFO - Setting next_dagrun for dataset_s3_bucket_producer to None, run_after=None
[2026-02-24T17:59:42.161+0000] {processor.py:208} INFO - Processing /home/ubuntu/airflow-venv/lib/python3.12/site-packages/airflow/example_dags/example_dataset_alias.py took 0.416 seconds
[2026-02-24T18:00:36.670+0000] {processor.py:186} INFO - Started process (PID=43739) to work on /home/ubuntu/airflow-venv/lib/python3.12/site-packages/airflow/example_dags/example_dataset_alias.py
[2026-02-24T18:00:36.671+0000] {processor.py:914} INFO - Processing file /home/ubuntu/airflow-venv/lib/python3.12/site-packages/airflow/example_dags/example_dataset_alias.py for tasks to queue
[2026-02-24T18:00:36.673+0000] {logging_mixin.py:190} INFO - [2026-02-24T18:00:36.673+0000] {dagbag.py:588} INFO - Filling up the DagBag from /home/ubuntu/airflow-venv/lib/python3.12/site-packages/airflow/example_dags/example_dataset_alias.py
[2026-02-24T18:00:36.690+0000] {processor.py:925} INFO - DAG(s) 'dataset_s3_bucket_consumer', 'dataset_s3_bucket_producer', 'dataset_alias_example_alias_producer', 'dataset_alias_example_alias_consumer' retrieved from /home/ubuntu/airflow-venv/lib/python3.12/site-packages/airflow/example_dags/example_dataset_alias.py
[2026-02-24T18:00:36.704+0000] {logging_mixin.py:190} INFO - [2026-02-24T18:00:36.704+0000] {dag.py:3239} INFO - Sync 4 DAGs
[2026-02-24T18:00:36.718+0000] {logging_mixin.py:190} INFO - [2026-02-24T18:00:36.718+0000] {dag.py:4180} INFO - Setting next_dagrun for dataset_alias_example_alias_consumer to None, run_after=None
[2026-02-24T18:00:36.720+0000] {logging_mixin.py:190} INFO - [2026-02-24T18:00:36.720+0000] {dag.py:4180} INFO - Setting next_dagrun for dataset_alias_example_alias_producer to None, run_after=None
[2026-02-24T18:00:36.721+0000] {logging_mixin.py:190} INFO - [2026-02-24T18:00:36.720+0000] {dag.py:4180} INFO - Setting next_dagrun for dataset_s3_bucket_consumer to None, run_after=None
[2026-02-24T18:00:36.721+0000] {logging_mixin.py:190} INFO - [2026-02-24T18:00:36.721+0000] {dag.py:4180} INFO - Setting next_dagrun for dataset_s3_bucket_producer to None, run_after=None
[2026-02-24T18:00:36.741+0000] {processor.py:208} INFO - Processing /home/ubuntu/airflow-venv/lib/python3.12/site-packages/airflow/example_dags/example_dataset_alias.py took 0.075 seconds
[2026-02-24T18:01:31.953+0000] {processor.py:186} INFO - Started process (PID=43798) to work on /home/ubuntu/airflow-venv/lib/python3.12/site-packages/airflow/example_dags/example_dataset_alias.py
[2026-02-24T18:01:31.954+0000] {processor.py:914} INFO - Processing file /home/ubuntu/airflow-venv/lib/python3.12/site-packages/airflow/example_dags/example_dataset_alias.py for tasks to queue
[2026-02-24T18:01:31.956+0000] {logging_mixin.py:190} INFO - [2026-02-24T18:01:31.955+0000] {dagbag.py:588} INFO - Filling up the DagBag from /home/ubuntu/airflow-venv/lib/python3.12/site-packages/airflow/example_dags/example_dataset_alias.py
[2026-02-24T18:01:31.973+0000] {processor.py:925} INFO - DAG(s) 'dataset_s3_bucket_consumer', 'dataset_alias_example_alias_producer', 'dataset_s3_bucket_producer', 'dataset_alias_example_alias_consumer' retrieved from /home/ubuntu/airflow-venv/lib/python3.12/site-packages/airflow/example_dags/example_dataset_alias.py
[2026-02-24T18:01:31.987+0000] {logging_mixin.py:190} INFO - [2026-02-24T18:01:31.987+0000] {dag.py:3239} INFO - Sync 4 DAGs
[2026-02-24T18:01:32.000+0000] {logging_mixin.py:190} INFO - [2026-02-24T18:01:32.000+0000] {dag.py:4180} INFO - Setting next_dagrun for dataset_alias_example_alias_consumer to None, run_after=None
[2026-02-24T18:01:32.001+0000] {logging_mixin.py:190} INFO - [2026-02-24T18:01:32.001+0000] {dag.py:4180} INFO - Setting next_dagrun for dataset_alias_example_alias_producer to None, run_after=None
[2026-02-24T18:01:32.003+0000] {logging_mixin.py:190} INFO - [2026-02-24T18:01:32.003+0000] {dag.py:4180} INFO - Setting next_dagrun for dataset_s3_bucket_consumer to None, run_after=None
[2026-02-24T18:01:32.003+0000] {logging_mixin.py:190} INFO - [2026-02-24T18:01:32.003+0000] {dag.py:4180} INFO - Setting next_dagrun for dataset_s3_bucket_producer to None, run_after=None
[2026-02-24T18:01:32.022+0000] {processor.py:208} INFO - Processing /home/ubuntu/airflow-venv/lib/python3.12/site-packages/airflow/example_dags/example_dataset_alias.py took 0.074 seconds
[2026-02-24T18:02:28.432+0000] {processor.py:186} INFO - Started process (PID=44221) to work on /home/ubuntu/airflow-venv/lib/python3.12/site-packages/airflow/example_dags/example_dataset_alias.py
[2026-02-24T18:02:28.434+0000] {processor.py:914} INFO - Processing file /home/ubuntu/airflow-venv/lib/python3.12/site-packages/airflow/example_dags/example_dataset_alias.py for tasks to queue
[2026-02-24T18:02:28.435+0000] {logging_mixin.py:190} INFO - [2026-02-24T18:02:28.435+0000] {dagbag.py:588} INFO - Filling up the DagBag from /home/ubuntu/airflow-venv/lib/python3.12/site-packages/airflow/example_dags/example_dataset_alias.py
[2026-02-24T18:02:28.452+0000] {processor.py:925} INFO - DAG(s) 'dataset_alias_example_alias_producer', 'dataset_s3_bucket_producer', 'dataset_alias_example_alias_consumer', 'dataset_s3_bucket_consumer' retrieved from /home/ubuntu/airflow-venv/lib/python3.12/site-packages/airflow/example_dags/example_dataset_alias.py
[2026-02-24T18:02:28.466+0000] {logging_mixin.py:190} INFO - [2026-02-24T18:02:28.465+0000] {dag.py:3239} INFO - Sync 4 DAGs
[2026-02-24T18:02:28.479+0000] {logging_mixin.py:190} INFO - [2026-02-24T18:02:28.479+0000] {dag.py:4180} INFO - Setting next_dagrun for dataset_alias_example_alias_consumer to None, run_after=None
[2026-02-24T18:02:28.480+0000] {logging_mixin.py:190} INFO - [2026-02-24T18:02:28.480+0000] {dag.py:4180} INFO - Setting next_dagrun for dataset_alias_example_alias_producer to None, run_after=None
[2026-02-24T18:02:28.481+0000] {logging_mixin.py:190} INFO - [2026-02-24T18:02:28.481+0000] {dag.py:4180} INFO - Setting next_dagrun for dataset_s3_bucket_consumer to None, run_after=None
[2026-02-24T18:02:28.482+0000] {logging_mixin.py:190} INFO - [2026-02-24T18:02:28.482+0000] {dag.py:4180} INFO - Setting next_dagrun for dataset_s3_bucket_producer to None, run_after=None
[2026-02-24T18:02:28.502+0000] {processor.py:208} INFO - Processing /home/ubuntu/airflow-venv/lib/python3.12/site-packages/airflow/example_dags/example_dataset_alias.py took 0.073 seconds
[2026-02-24T18:03:43.416+0000] {processor.py:186} INFO - Started process (PID=44307) to work on /home/ubuntu/airflow-venv/lib/python3.12/site-packages/airflow/example_dags/example_dataset_alias.py
[2026-02-24T18:03:43.417+0000] {processor.py:914} INFO - Processing file /home/ubuntu/airflow-venv/lib/python3.12/site-packages/airflow/example_dags/example_dataset_alias.py for tasks to queue
[2026-02-24T18:03:43.419+0000] {logging_mixin.py:190} INFO - [2026-02-24T18:03:43.419+0000] {dagbag.py:588} INFO - Filling up the DagBag from /home/ubuntu/airflow-venv/lib/python3.12/site-packages/airflow/example_dags/example_dataset_alias.py
[2026-02-24T18:03:43.437+0000] {processor.py:925} INFO - DAG(s) 'dataset_alias_example_alias_consumer', 'dataset_alias_example_alias_producer', 'dataset_s3_bucket_producer', 'dataset_s3_bucket_consumer' retrieved from /home/ubuntu/airflow-venv/lib/python3.12/site-packages/airflow/example_dags/example_dataset_alias.py
[2026-02-24T18:03:43.450+0000] {logging_mixin.py:190} INFO - [2026-02-24T18:03:43.450+0000] {dag.py:3239} INFO - Sync 4 DAGs
[2026-02-24T18:03:43.464+0000] {logging_mixin.py:190} INFO - [2026-02-24T18:03:43.464+0000] {dag.py:4180} INFO - Setting next_dagrun for dataset_alias_example_alias_consumer to None, run_after=None
[2026-02-24T18:03:43.465+0000] {logging_mixin.py:190} INFO - [2026-02-24T18:03:43.465+0000] {dag.py:4180} INFO - Setting next_dagrun for dataset_alias_example_alias_producer to None, run_after=None
[2026-02-24T18:03:43.466+0000] {logging_mixin.py:190} INFO - [2026-02-24T18:03:43.466+0000] {dag.py:4180} INFO - Setting next_dagrun for dataset_s3_bucket_consumer to None, run_after=None
[2026-02-24T18:03:43.466+0000] {logging_mixin.py:190} INFO - [2026-02-24T18:03:43.466+0000] {dag.py:4180} INFO - Setting next_dagrun for dataset_s3_bucket_producer to None, run_after=None
[2026-02-24T18:03:43.485+0000] {processor.py:208} INFO - Processing /home/ubuntu/airflow-venv/lib/python3.12/site-packages/airflow/example_dags/example_dataset_alias.py took 0.073 seconds
[2026-02-24T18:04:55.496+0000] {processor.py:186} INFO - Started process (PID=44748) to work on /home/ubuntu/airflow-venv/lib/python3.12/site-packages/airflow/example_dags/example_dataset_alias.py
[2026-02-24T18:04:55.498+0000] {processor.py:914} INFO - Processing file /home/ubuntu/airflow-venv/lib/python3.12/site-packages/airflow/example_dags/example_dataset_alias.py for tasks to queue
[2026-02-24T18:04:55.499+0000] {logging_mixin.py:190} INFO - [2026-02-24T18:04:55.499+0000] {dagbag.py:588} INFO - Filling up the DagBag from /home/ubuntu/airflow-venv/lib/python3.12/site-packages/airflow/example_dags/example_dataset_alias.py
[2026-02-24T18:04:55.518+0000] {processor.py:925} INFO - DAG(s) 'dataset_s3_bucket_consumer', 'dataset_alias_example_alias_producer', 'dataset_alias_example_alias_consumer', 'dataset_s3_bucket_producer' retrieved from /home/ubuntu/airflow-venv/lib/python3.12/site-packages/airflow/example_dags/example_dataset_alias.py
[2026-02-24T18:04:55.531+0000] {logging_mixin.py:190} INFO - [2026-02-24T18:04:55.531+0000] {dag.py:3239} INFO - Sync 4 DAGs
[2026-02-24T18:04:55.641+0000] {logging_mixin.py:190} INFO - [2026-02-24T18:04:55.641+0000] {dag.py:4180} INFO - Setting next_dagrun for dataset_alias_example_alias_consumer to None, run_after=None
[2026-02-24T18:04:55.643+0000] {logging_mixin.py:190} INFO - [2026-02-24T18:04:55.643+0000] {dag.py:4180} INFO - Setting next_dagrun for dataset_alias_example_alias_producer to None, run_after=None
[2026-02-24T18:04:55.643+0000] {logging_mixin.py:190} INFO - [2026-02-24T18:04:55.643+0000] {dag.py:4180} INFO - Setting next_dagrun for dataset_s3_bucket_consumer to None, run_after=None
[2026-02-24T18:04:55.644+0000] {logging_mixin.py:190} INFO - [2026-02-24T18:04:55.644+0000] {dag.py:4180} INFO - Setting next_dagrun for dataset_s3_bucket_producer to None, run_after=None
[2026-02-24T18:04:55.662+0000] {processor.py:208} INFO - Processing /home/ubuntu/airflow-venv/lib/python3.12/site-packages/airflow/example_dags/example_dataset_alias.py took 0.169 seconds
[2026-02-24T18:05:51.346+0000] {processor.py:186} INFO - Started process (PID=44809) to work on /home/ubuntu/airflow-venv/lib/python3.12/site-packages/airflow/example_dags/example_dataset_alias.py
[2026-02-24T18:05:51.347+0000] {processor.py:914} INFO - Processing file /home/ubuntu/airflow-venv/lib/python3.12/site-packages/airflow/example_dags/example_dataset_alias.py for tasks to queue
[2026-02-24T18:05:51.348+0000] {logging_mixin.py:190} INFO - [2026-02-24T18:05:51.348+0000] {dagbag.py:588} INFO - Filling up the DagBag from /home/ubuntu/airflow-venv/lib/python3.12/site-packages/airflow/example_dags/example_dataset_alias.py
[2026-02-24T18:05:51.366+0000] {processor.py:925} INFO - DAG(s) 'dataset_s3_bucket_producer', 'dataset_alias_example_alias_consumer', 'dataset_s3_bucket_consumer', 'dataset_alias_example_alias_producer' retrieved from /home/ubuntu/airflow-venv/lib/python3.12/site-packages/airflow/example_dags/example_dataset_alias.py
[2026-02-24T18:05:51.379+0000] {logging_mixin.py:190} INFO - [2026-02-24T18:05:51.379+0000] {dag.py:3239} INFO - Sync 4 DAGs
[2026-02-24T18:05:51.392+0000] {logging_mixin.py:190} INFO - [2026-02-24T18:05:51.392+0000] {dag.py:4180} INFO - Setting next_dagrun for dataset_alias_example_alias_consumer to None, run_after=None
[2026-02-24T18:05:51.394+0000] {logging_mixin.py:190} INFO - [2026-02-24T18:05:51.394+0000] {dag.py:4180} INFO - Setting next_dagrun for dataset_alias_example_alias_producer to None, run_after=None
[2026-02-24T18:05:51.394+0000] {logging_mixin.py:190} INFO - [2026-02-24T18:05:51.394+0000] {dag.py:4180} INFO - Setting next_dagrun for dataset_s3_bucket_consumer to None, run_after=None
[2026-02-24T18:05:51.395+0000] {logging_mixin.py:190} INFO - [2026-02-24T18:05:51.395+0000] {dag.py:4180} INFO - Setting next_dagrun for dataset_s3_bucket_producer to None, run_after=None
[2026-02-24T18:05:51.415+0000] {processor.py:208} INFO - Processing /home/ubuntu/airflow-venv/lib/python3.12/site-packages/airflow/example_dags/example_dataset_alias.py took 0.073 seconds
[2026-02-24T18:06:48.069+0000] {processor.py:186} INFO - Started process (PID=44872) to work on /home/ubuntu/airflow-venv/lib/python3.12/site-packages/airflow/example_dags/example_dataset_alias.py
[2026-02-24T18:06:48.070+0000] {processor.py:914} INFO - Processing file /home/ubuntu/airflow-venv/lib/python3.12/site-packages/airflow/example_dags/example_dataset_alias.py for tasks to queue
[2026-02-24T18:06:48.072+0000] {logging_mixin.py:190} INFO - [2026-02-24T18:06:48.072+0000] {dagbag.py:588} INFO - Filling up the DagBag from /home/ubuntu/airflow-venv/lib/python3.12/site-packages/airflow/example_dags/example_dataset_alias.py
[2026-02-24T18:06:48.090+0000] {processor.py:925} INFO - DAG(s) 'dataset_alias_example_alias_consumer', 'dataset_alias_example_alias_producer', 'dataset_s3_bucket_producer', 'dataset_s3_bucket_consumer' retrieved from /home/ubuntu/airflow-venv/lib/python3.12/site-packages/airflow/example_dags/example_dataset_alias.py
[2026-02-24T18:06:48.104+0000] {logging_mixin.py:190} INFO - [2026-02-24T18:06:48.104+0000] {dag.py:3239} INFO - Sync 4 DAGs
[2026-02-24T18:06:48.119+0000] {logging_mixin.py:190} INFO - [2026-02-24T18:06:48.119+0000] {dag.py:4180} INFO - Setting next_dagrun for dataset_alias_example_alias_consumer to None, run_after=None
[2026-02-24T18:06:48.121+0000] {logging_mixin.py:190} INFO - [2026-02-24T18:06:48.121+0000] {dag.py:4180} INFO - Setting next_dagrun for dataset_alias_example_alias_producer to None, run_after=None
[2026-02-24T18:06:48.121+0000] {logging_mixin.py:190} INFO - [2026-02-24T18:06:48.121+0000] {dag.py:4180} INFO - Setting next_dagrun for dataset_s3_bucket_consumer to None, run_after=None
[2026-02-24T18:06:48.122+0000] {logging_mixin.py:190} INFO - [2026-02-24T18:06:48.122+0000] {dag.py:4180} INFO - Setting next_dagrun for dataset_s3_bucket_producer to None, run_after=None
[2026-02-24T18:06:48.142+0000] {processor.py:208} INFO - Processing /home/ubuntu/airflow-venv/lib/python3.12/site-packages/airflow/example_dags/example_dataset_alias.py took 0.078 seconds
[2026-02-24T18:08:01.260+0000] {processor.py:186} INFO - Started process (PID=44950) to work on /home/ubuntu/airflow-venv/lib/python3.12/site-packages/airflow/example_dags/example_dataset_alias.py
[2026-02-24T18:08:01.261+0000] {processor.py:914} INFO - Processing file /home/ubuntu/airflow-venv/lib/python3.12/site-packages/airflow/example_dags/example_dataset_alias.py for tasks to queue
[2026-02-24T18:08:01.263+0000] {logging_mixin.py:190} INFO - [2026-02-24T18:08:01.263+0000] {dagbag.py:588} INFO - Filling up the DagBag from /home/ubuntu/airflow-venv/lib/python3.12/site-packages/airflow/example_dags/example_dataset_alias.py
[2026-02-24T18:08:01.281+0000] {processor.py:925} INFO - DAG(s) 'dataset_s3_bucket_producer', 'dataset_alias_example_alias_consumer', 'dataset_s3_bucket_consumer', 'dataset_alias_example_alias_producer' retrieved from /home/ubuntu/airflow-venv/lib/python3.12/site-packages/airflow/example_dags/example_dataset_alias.py
[2026-02-24T18:08:01.295+0000] {logging_mixin.py:190} INFO - [2026-02-24T18:08:01.294+0000] {dag.py:3239} INFO - Sync 4 DAGs
[2026-02-24T18:08:01.309+0000] {logging_mixin.py:190} INFO - [2026-02-24T18:08:01.309+0000] {dag.py:4180} INFO - Setting next_dagrun for dataset_alias_example_alias_consumer to None, run_after=None
[2026-02-24T18:08:01.311+0000] {logging_mixin.py:190} INFO - [2026-02-24T18:08:01.311+0000] {dag.py:4180} INFO - Setting next_dagrun for dataset_alias_example_alias_producer to None, run_after=None
[2026-02-24T18:08:01.311+0000] {logging_mixin.py:190} INFO - [2026-02-24T18:08:01.311+0000] {dag.py:4180} INFO - Setting next_dagrun for dataset_s3_bucket_consumer to None, run_after=None
[2026-02-24T18:08:01.312+0000] {logging_mixin.py:190} INFO - [2026-02-24T18:08:01.312+0000] {dag.py:4180} INFO - Setting next_dagrun for dataset_s3_bucket_producer to None, run_after=None
[2026-02-24T18:08:01.331+0000] {processor.py:208} INFO - Processing /home/ubuntu/airflow-venv/lib/python3.12/site-packages/airflow/example_dags/example_dataset_alias.py took 0.075 seconds
[2026-02-24T18:08:51.281+0000] {processor.py:186} INFO - Started process (PID=45003) to work on /home/ubuntu/airflow-venv/lib/python3.12/site-packages/airflow/example_dags/example_dataset_alias.py
[2026-02-24T18:08:51.282+0000] {processor.py:914} INFO - Processing file /home/ubuntu/airflow-venv/lib/python3.12/site-packages/airflow/example_dags/example_dataset_alias.py for tasks to queue
[2026-02-24T18:08:51.284+0000] {logging_mixin.py:190} INFO - [2026-02-24T18:08:51.284+0000] {dagbag.py:588} INFO - Filling up the DagBag from /home/ubuntu/airflow-venv/lib/python3.12/site-packages/airflow/example_dags/example_dataset_alias.py
[2026-02-24T18:08:51.301+0000] {processor.py:925} INFO - DAG(s) 'dataset_s3_bucket_consumer', 'dataset_s3_bucket_producer', 'dataset_alias_example_alias_producer', 'dataset_alias_example_alias_consumer' retrieved from /home/ubuntu/airflow-venv/lib/python3.12/site-packages/airflow/example_dags/example_dataset_alias.py
[2026-02-24T18:08:51.315+0000] {logging_mixin.py:190} INFO - [2026-02-24T18:08:51.315+0000] {dag.py:3239} INFO - Sync 4 DAGs
[2026-02-24T18:08:51.329+0000] {logging_mixin.py:190} INFO - [2026-02-24T18:08:51.329+0000] {dag.py:4180} INFO - Setting next_dagrun for dataset_alias_example_alias_consumer to None, run_after=None
[2026-02-24T18:08:51.330+0000] {logging_mixin.py:190} INFO - [2026-02-24T18:08:51.330+0000] {dag.py:4180} INFO - Setting next_dagrun for dataset_alias_example_alias_producer to None, run_after=None
[2026-02-24T18:08:51.332+0000] {logging_mixin.py:190} INFO - [2026-02-24T18:08:51.332+0000] {dag.py:4180} INFO - Setting next_dagrun for dataset_s3_bucket_consumer to None, run_after=None
[2026-02-24T18:08:51.333+0000] {logging_mixin.py:190} INFO - [2026-02-24T18:08:51.332+0000] {dag.py:4180} INFO - Setting next_dagrun for dataset_s3_bucket_producer to None, run_after=None
[2026-02-24T18:08:51.352+0000] {processor.py:208} INFO - Processing /home/ubuntu/airflow-venv/lib/python3.12/site-packages/airflow/example_dags/example_dataset_alias.py took 0.075 seconds
[2026-02-24T18:10:04.879+0000] {processor.py:186} INFO - Started process (PID=45080) to work on /home/ubuntu/airflow-venv/lib/python3.12/site-packages/airflow/example_dags/example_dataset_alias.py
[2026-02-24T18:10:04.880+0000] {processor.py:914} INFO - Processing file /home/ubuntu/airflow-venv/lib/python3.12/site-packages/airflow/example_dags/example_dataset_alias.py for tasks to queue
[2026-02-24T18:10:04.881+0000] {logging_mixin.py:190} INFO - [2026-02-24T18:10:04.881+0000] {dagbag.py:588} INFO - Filling up the DagBag from /home/ubuntu/airflow-venv/lib/python3.12/site-packages/airflow/example_dags/example_dataset_alias.py
[2026-02-24T18:10:04.900+0000] {processor.py:925} INFO - DAG(s) 'dataset_s3_bucket_producer', 'dataset_s3_bucket_consumer', 'dataset_alias_example_alias_consumer', 'dataset_alias_example_alias_producer' retrieved from /home/ubuntu/airflow-venv/lib/python3.12/site-packages/airflow/example_dags/example_dataset_alias.py
[2026-02-24T18:10:04.914+0000] {logging_mixin.py:190} INFO - [2026-02-24T18:10:04.914+0000] {dag.py:3239} INFO - Sync 4 DAGs
[2026-02-24T18:10:04.928+0000] {logging_mixin.py:190} INFO - [2026-02-24T18:10:04.928+0000] {dag.py:4180} INFO - Setting next_dagrun for dataset_alias_example_alias_consumer to None, run_after=None
[2026-02-24T18:10:04.929+0000] {logging_mixin.py:190} INFO - [2026-02-24T18:10:04.929+0000] {dag.py:4180} INFO - Setting next_dagrun for dataset_alias_example_alias_producer to None, run_after=None
[2026-02-24T18:10:04.930+0000] {logging_mixin.py:190} INFO - [2026-02-24T18:10:04.930+0000] {dag.py:4180} INFO - Setting next_dagrun for dataset_s3_bucket_consumer to None, run_after=None
[2026-02-24T18:10:04.932+0000] {logging_mixin.py:190} INFO - [2026-02-24T18:10:04.932+0000] {dag.py:4180} INFO - Setting next_dagrun for dataset_s3_bucket_producer to None, run_after=None
[2026-02-24T18:10:04.950+0000] {processor.py:208} INFO - Processing /home/ubuntu/airflow-venv/lib/python3.12/site-packages/airflow/example_dags/example_dataset_alias.py took 0.076 seconds
[2026-02-24T18:10:56.317+0000] {processor.py:186} INFO - Started process (PID=45138) to work on /home/ubuntu/airflow-venv/lib/python3.12/site-packages/airflow/example_dags/example_dataset_alias.py
[2026-02-24T18:10:56.318+0000] {processor.py:914} INFO - Processing file /home/ubuntu/airflow-venv/lib/python3.12/site-packages/airflow/example_dags/example_dataset_alias.py for tasks to queue
[2026-02-24T18:10:56.320+0000] {logging_mixin.py:190} INFO - [2026-02-24T18:10:56.320+0000] {dagbag.py:588} INFO - Filling up the DagBag from /home/ubuntu/airflow-venv/lib/python3.12/site-packages/airflow/example_dags/example_dataset_alias.py
[2026-02-24T18:10:56.338+0000] {processor.py:925} INFO - DAG(s) 'dataset_s3_bucket_producer', 'dataset_alias_example_alias_consumer', 'dataset_s3_bucket_consumer', 'dataset_alias_example_alias_producer' retrieved from /home/ubuntu/airflow-venv/lib/python3.12/site-packages/airflow/example_dags/example_dataset_alias.py
[2026-02-24T18:10:56.351+0000] {logging_mixin.py:190} INFO - [2026-02-24T18:10:56.351+0000] {dag.py:3239} INFO - Sync 4 DAGs
[2026-02-24T18:10:56.365+0000] {logging_mixin.py:190} INFO - [2026-02-24T18:10:56.365+0000] {dag.py:4180} INFO - Setting next_dagrun for dataset_alias_example_alias_consumer to None, run_after=None
[2026-02-24T18:10:56.367+0000] {logging_mixin.py:190} INFO - [2026-02-24T18:10:56.367+0000] {dag.py:4180} INFO - Setting next_dagrun for dataset_alias_example_alias_producer to None, run_after=None
[2026-02-24T18:10:56.367+0000] {logging_mixin.py:190} INFO - [2026-02-24T18:10:56.367+0000] {dag.py:4180} INFO - Setting next_dagrun for dataset_s3_bucket_consumer to None, run_after=None
[2026-02-24T18:10:56.368+0000] {logging_mixin.py:190} INFO - [2026-02-24T18:10:56.368+0000] {dag.py:4180} INFO - Setting next_dagrun for dataset_s3_bucket_producer to None, run_after=None
[2026-02-24T18:10:56.387+0000] {processor.py:208} INFO - Processing /home/ubuntu/airflow-venv/lib/python3.12/site-packages/airflow/example_dags/example_dataset_alias.py took 0.074 seconds
[2026-02-24T18:12:13.195+0000] {processor.py:186} INFO - Started process (PID=45216) to work on /home/ubuntu/airflow-venv/lib/python3.12/site-packages/airflow/example_dags/example_dataset_alias.py
[2026-02-24T18:12:13.196+0000] {processor.py:914} INFO - Processing file /home/ubuntu/airflow-venv/lib/python3.12/site-packages/airflow/example_dags/example_dataset_alias.py for tasks to queue
[2026-02-24T18:12:13.198+0000] {logging_mixin.py:190} INFO - [2026-02-24T18:12:13.198+0000] {dagbag.py:588} INFO - Filling up the DagBag from /home/ubuntu/airflow-venv/lib/python3.12/site-packages/airflow/example_dags/example_dataset_alias.py
[2026-02-24T18:12:13.216+0000] {processor.py:925} INFO - DAG(s) 'dataset_alias_example_alias_producer', 'dataset_s3_bucket_consumer', 'dataset_s3_bucket_producer', 'dataset_alias_example_alias_consumer' retrieved from /home/ubuntu/airflow-venv/lib/python3.12/site-packages/airflow/example_dags/example_dataset_alias.py
[2026-02-24T18:12:13.230+0000] {logging_mixin.py:190} INFO - [2026-02-24T18:12:13.230+0000] {dag.py:3239} INFO - Sync 4 DAGs
[2026-02-24T18:12:13.244+0000] {logging_mixin.py:190} INFO - [2026-02-24T18:12:13.243+0000] {dag.py:4180} INFO - Setting next_dagrun for dataset_alias_example_alias_consumer to None, run_after=None
[2026-02-24T18:12:13.245+0000] {logging_mixin.py:190} INFO - [2026-02-24T18:12:13.245+0000] {dag.py:4180} INFO - Setting next_dagrun for dataset_alias_example_alias_producer to None, run_after=None
[2026-02-24T18:12:13.246+0000] {logging_mixin.py:190} INFO - [2026-02-24T18:12:13.246+0000] {dag.py:4180} INFO - Setting next_dagrun for dataset_s3_bucket_consumer to None, run_after=None
[2026-02-24T18:12:13.246+0000] {logging_mixin.py:190} INFO - [2026-02-24T18:12:13.246+0000] {dag.py:4180} INFO - Setting next_dagrun for dataset_s3_bucket_producer to None, run_after=None
[2026-02-24T18:12:13.265+0000] {processor.py:208} INFO - Processing /home/ubuntu/airflow-venv/lib/python3.12/site-packages/airflow/example_dags/example_dataset_alias.py took 0.075 seconds
[2026-02-24T18:13:04.991+0000] {processor.py:186} INFO - Started process (PID=45270) to work on /home/ubuntu/airflow-venv/lib/python3.12/site-packages/airflow/example_dags/example_dataset_alias.py
[2026-02-24T18:13:04.992+0000] {processor.py:914} INFO - Processing file /home/ubuntu/airflow-venv/lib/python3.12/site-packages/airflow/example_dags/example_dataset_alias.py for tasks to queue
[2026-02-24T18:13:04.994+0000] {logging_mixin.py:190} INFO - [2026-02-24T18:13:04.993+0000] {dagbag.py:588} INFO - Filling up the DagBag from /home/ubuntu/airflow-venv/lib/python3.12/site-packages/airflow/example_dags/example_dataset_alias.py
[2026-02-24T18:13:05.011+0000] {processor.py:925} INFO - DAG(s) 'dataset_alias_example_alias_consumer', 'dataset_alias_example_alias_producer', 'dataset_s3_bucket_consumer', 'dataset_s3_bucket_producer' retrieved from /home/ubuntu/airflow-venv/lib/python3.12/site-packages/airflow/example_dags/example_dataset_alias.py
[2026-02-24T18:13:05.024+0000] {logging_mixin.py:190} INFO - [2026-02-24T18:13:05.024+0000] {dag.py:3239} INFO - Sync 4 DAGs
[2026-02-24T18:13:05.039+0000] {logging_mixin.py:190} INFO - [2026-02-24T18:13:05.039+0000] {dag.py:4180} INFO - Setting next_dagrun for dataset_alias_example_alias_consumer to None, run_after=None
[2026-02-24T18:13:05.040+0000] {logging_mixin.py:190} INFO - [2026-02-24T18:13:05.040+0000] {dag.py:4180} INFO - Setting next_dagrun for dataset_alias_example_alias_producer to None, run_after=None
[2026-02-24T18:13:05.041+0000] {logging_mixin.py:190} INFO - [2026-02-24T18:13:05.041+0000] {dag.py:4180} INFO - Setting next_dagrun for dataset_s3_bucket_consumer to None, run_after=None
[2026-02-24T18:13:05.042+0000] {logging_mixin.py:190} INFO - [2026-02-24T18:13:05.041+0000] {dag.py:4180} INFO - Setting next_dagrun for dataset_s3_bucket_producer to None, run_after=None
[2026-02-24T18:13:05.060+0000] {processor.py:208} INFO - Processing /home/ubuntu/airflow-venv/lib/python3.12/site-packages/airflow/example_dags/example_dataset_alias.py took 0.074 seconds
[2026-02-24T18:14:18.053+0000] {processor.py:186} INFO - Started process (PID=45347) to work on /home/ubuntu/airflow-venv/lib/python3.12/site-packages/airflow/example_dags/example_dataset_alias.py
[2026-02-24T18:14:18.055+0000] {processor.py:914} INFO - Processing file /home/ubuntu/airflow-venv/lib/python3.12/site-packages/airflow/example_dags/example_dataset_alias.py for tasks to queue
[2026-02-24T18:14:18.056+0000] {logging_mixin.py:190} INFO - [2026-02-24T18:14:18.056+0000] {dagbag.py:588} INFO - Filling up the DagBag from /home/ubuntu/airflow-venv/lib/python3.12/site-packages/airflow/example_dags/example_dataset_alias.py
[2026-02-24T18:14:18.074+0000] {processor.py:925} INFO - DAG(s) 'dataset_s3_bucket_consumer', 'dataset_alias_example_alias_consumer', 'dataset_alias_example_alias_producer', 'dataset_s3_bucket_producer' retrieved from /home/ubuntu/airflow-venv/lib/python3.12/site-packages/airflow/example_dags/example_dataset_alias.py
[2026-02-24T18:14:18.088+0000] {logging_mixin.py:190} INFO - [2026-02-24T18:14:18.088+0000] {dag.py:3239} INFO - Sync 4 DAGs
[2026-02-24T18:14:18.103+0000] {logging_mixin.py:190} INFO - [2026-02-24T18:14:18.103+0000] {dag.py:4180} INFO - Setting next_dagrun for dataset_alias_example_alias_consumer to None, run_after=None
[2026-02-24T18:14:18.104+0000] {logging_mixin.py:190} INFO - [2026-02-24T18:14:18.104+0000] {dag.py:4180} INFO - Setting next_dagrun for dataset_alias_example_alias_producer to None, run_after=None
[2026-02-24T18:14:18.105+0000] {logging_mixin.py:190} INFO - [2026-02-24T18:14:18.105+0000] {dag.py:4180} INFO - Setting next_dagrun for dataset_s3_bucket_consumer to None, run_after=None
[2026-02-24T18:14:18.105+0000] {logging_mixin.py:190} INFO - [2026-02-24T18:14:18.105+0000] {dag.py:4180} INFO - Setting next_dagrun for dataset_s3_bucket_producer to None, run_after=None
[2026-02-24T18:14:18.123+0000] {processor.py:208} INFO - Processing /home/ubuntu/airflow-venv/lib/python3.12/site-packages/airflow/example_dags/example_dataset_alias.py took 0.075 seconds
[2026-02-24T18:15:33.677+0000] {processor.py:186} INFO - Started process (PID=45429) to work on /home/ubuntu/airflow-venv/lib/python3.12/site-packages/airflow/example_dags/example_dataset_alias.py
[2026-02-24T18:15:33.678+0000] {processor.py:914} INFO - Processing file /home/ubuntu/airflow-venv/lib/python3.12/site-packages/airflow/example_dags/example_dataset_alias.py for tasks to queue
[2026-02-24T18:15:33.680+0000] {logging_mixin.py:190} INFO - [2026-02-24T18:15:33.680+0000] {dagbag.py:588} INFO - Filling up the DagBag from /home/ubuntu/airflow-venv/lib/python3.12/site-packages/airflow/example_dags/example_dataset_alias.py
[2026-02-24T18:15:33.698+0000] {processor.py:925} INFO - DAG(s) 'dataset_alias_example_alias_producer', 'dataset_s3_bucket_consumer', 'dataset_s3_bucket_producer', 'dataset_alias_example_alias_consumer' retrieved from /home/ubuntu/airflow-venv/lib/python3.12/site-packages/airflow/example_dags/example_dataset_alias.py
[2026-02-24T18:15:33.711+0000] {logging_mixin.py:190} INFO - [2026-02-24T18:15:33.711+0000] {dag.py:3239} INFO - Sync 4 DAGs
[2026-02-24T18:15:33.726+0000] {logging_mixin.py:190} INFO - [2026-02-24T18:15:33.726+0000] {dag.py:4180} INFO - Setting next_dagrun for dataset_alias_example_alias_consumer to None, run_after=None
[2026-02-24T18:15:33.728+0000] {logging_mixin.py:190} INFO - [2026-02-24T18:15:33.728+0000] {dag.py:4180} INFO - Setting next_dagrun for dataset_alias_example_alias_producer to None, run_after=None
[2026-02-24T18:15:33.728+0000] {logging_mixin.py:190} INFO - [2026-02-24T18:15:33.728+0000] {dag.py:4180} INFO - Setting next_dagrun for dataset_s3_bucket_consumer to None, run_after=None
[2026-02-24T18:15:33.729+0000] {logging_mixin.py:190} INFO - [2026-02-24T18:15:33.729+0000] {dag.py:4180} INFO - Setting next_dagrun for dataset_s3_bucket_producer to None, run_after=None
[2026-02-24T18:15:33.748+0000] {processor.py:208} INFO - Processing /home/ubuntu/airflow-venv/lib/python3.12/site-packages/airflow/example_dags/example_dataset_alias.py took 0.076 seconds
[2026-02-24T18:16:47.345+0000] {processor.py:186} INFO - Started process (PID=45508) to work on /home/ubuntu/airflow-venv/lib/python3.12/site-packages/airflow/example_dags/example_dataset_alias.py
[2026-02-24T18:16:47.346+0000] {processor.py:914} INFO - Processing file /home/ubuntu/airflow-venv/lib/python3.12/site-packages/airflow/example_dags/example_dataset_alias.py for tasks to queue
[2026-02-24T18:16:47.348+0000] {logging_mixin.py:190} INFO - [2026-02-24T18:16:47.348+0000] {dagbag.py:588} INFO - Filling up the DagBag from /home/ubuntu/airflow-venv/lib/python3.12/site-packages/airflow/example_dags/example_dataset_alias.py
[2026-02-24T18:16:47.365+0000] {processor.py:925} INFO - DAG(s) 'dataset_alias_example_alias_consumer', 'dataset_s3_bucket_consumer', 'dataset_alias_example_alias_producer', 'dataset_s3_bucket_producer' retrieved from /home/ubuntu/airflow-venv/lib/python3.12/site-packages/airflow/example_dags/example_dataset_alias.py
[2026-02-24T18:16:47.379+0000] {logging_mixin.py:190} INFO - [2026-02-24T18:16:47.378+0000] {dag.py:3239} INFO - Sync 4 DAGs
[2026-02-24T18:16:47.392+0000] {logging_mixin.py:190} INFO - [2026-02-24T18:16:47.392+0000] {dag.py:4180} INFO - Setting next_dagrun for dataset_alias_example_alias_consumer to None, run_after=None
[2026-02-24T18:16:47.393+0000] {logging_mixin.py:190} INFO - [2026-02-24T18:16:47.393+0000] {dag.py:4180} INFO - Setting next_dagrun for dataset_alias_example_alias_producer to None, run_after=None
[2026-02-24T18:16:47.394+0000] {logging_mixin.py:190} INFO - [2026-02-24T18:16:47.394+0000] {dag.py:4180} INFO - Setting next_dagrun for dataset_s3_bucket_consumer to None, run_after=None
[2026-02-24T18:16:47.394+0000] {logging_mixin.py:190} INFO - [2026-02-24T18:16:47.394+0000] {dag.py:4180} INFO - Setting next_dagrun for dataset_s3_bucket_producer to None, run_after=None
[2026-02-24T18:16:47.415+0000] {processor.py:208} INFO - Processing /home/ubuntu/airflow-venv/lib/python3.12/site-packages/airflow/example_dags/example_dataset_alias.py took 0.074 seconds
[2026-02-24T18:17:43.056+0000] {processor.py:186} INFO - Started process (PID=45567) to work on /home/ubuntu/airflow-venv/lib/python3.12/site-packages/airflow/example_dags/example_dataset_alias.py
[2026-02-24T18:17:43.057+0000] {processor.py:914} INFO - Processing file /home/ubuntu/airflow-venv/lib/python3.12/site-packages/airflow/example_dags/example_dataset_alias.py for tasks to queue
[2026-02-24T18:17:43.059+0000] {logging_mixin.py:190} INFO - [2026-02-24T18:17:43.059+0000] {dagbag.py:588} INFO - Filling up the DagBag from /home/ubuntu/airflow-venv/lib/python3.12/site-packages/airflow/example_dags/example_dataset_alias.py
[2026-02-24T18:17:43.076+0000] {processor.py:925} INFO - DAG(s) 'dataset_s3_bucket_producer', 'dataset_alias_example_alias_producer', 'dataset_s3_bucket_consumer', 'dataset_alias_example_alias_consumer' retrieved from /home/ubuntu/airflow-venv/lib/python3.12/site-packages/airflow/example_dags/example_dataset_alias.py
[2026-02-24T18:17:43.090+0000] {logging_mixin.py:190} INFO - [2026-02-24T18:17:43.090+0000] {dag.py:3239} INFO - Sync 4 DAGs
[2026-02-24T18:17:43.104+0000] {logging_mixin.py:190} INFO - [2026-02-24T18:17:43.104+0000] {dag.py:4180} INFO - Setting next_dagrun for dataset_alias_example_alias_consumer to None, run_after=None
[2026-02-24T18:17:43.105+0000] {logging_mixin.py:190} INFO - [2026-02-24T18:17:43.105+0000] {dag.py:4180} INFO - Setting next_dagrun for dataset_alias_example_alias_producer to None, run_after=None
[2026-02-24T18:17:43.106+0000] {logging_mixin.py:190} INFO - [2026-02-24T18:17:43.106+0000] {dag.py:4180} INFO - Setting next_dagrun for dataset_s3_bucket_consumer to None, run_after=None
[2026-02-24T18:17:43.106+0000] {logging_mixin.py:190} INFO - [2026-02-24T18:17:43.106+0000] {dag.py:4180} INFO - Setting next_dagrun for dataset_s3_bucket_producer to None, run_after=None
[2026-02-24T18:17:43.125+0000] {processor.py:208} INFO - Processing /home/ubuntu/airflow-venv/lib/python3.12/site-packages/airflow/example_dags/example_dataset_alias.py took 0.074 seconds
[2026-02-24T18:18:58.445+0000] {processor.py:186} INFO - Started process (PID=45646) to work on /home/ubuntu/airflow-venv/lib/python3.12/site-packages/airflow/example_dags/example_dataset_alias.py
[2026-02-24T18:18:58.446+0000] {processor.py:914} INFO - Processing file /home/ubuntu/airflow-venv/lib/python3.12/site-packages/airflow/example_dags/example_dataset_alias.py for tasks to queue
[2026-02-24T18:18:58.448+0000] {logging_mixin.py:190} INFO - [2026-02-24T18:18:58.447+0000] {dagbag.py:588} INFO - Filling up the DagBag from /home/ubuntu/airflow-venv/lib/python3.12/site-packages/airflow/example_dags/example_dataset_alias.py
[2026-02-24T18:18:58.465+0000] {processor.py:925} INFO - DAG(s) 'dataset_alias_example_alias_consumer', 'dataset_s3_bucket_producer', 'dataset_alias_example_alias_producer', 'dataset_s3_bucket_consumer' retrieved from /home/ubuntu/airflow-venv/lib/python3.12/site-packages/airflow/example_dags/example_dataset_alias.py
[2026-02-24T18:18:58.479+0000] {logging_mixin.py:190} INFO - [2026-02-24T18:18:58.479+0000] {dag.py:3239} INFO - Sync 4 DAGs
[2026-02-24T18:18:58.493+0000] {logging_mixin.py:190} INFO - [2026-02-24T18:18:58.493+0000] {dag.py:4180} INFO - Setting next_dagrun for dataset_alias_example_alias_consumer to None, run_after=None
[2026-02-24T18:18:58.494+0000] {logging_mixin.py:190} INFO - [2026-02-24T18:18:58.494+0000] {dag.py:4180} INFO - Setting next_dagrun for dataset_alias_example_alias_producer to None, run_after=None
[2026-02-24T18:18:58.495+0000] {logging_mixin.py:190} INFO - [2026-02-24T18:18:58.495+0000] {dag.py:4180} INFO - Setting next_dagrun for dataset_s3_bucket_consumer to None, run_after=None
[2026-02-24T18:18:58.495+0000] {logging_mixin.py:190} INFO - [2026-02-24T18:18:58.495+0000] {dag.py:4180} INFO - Setting next_dagrun for dataset_s3_bucket_producer to None, run_after=None
[2026-02-24T18:18:58.514+0000] {processor.py:208} INFO - Processing /home/ubuntu/airflow-venv/lib/python3.12/site-packages/airflow/example_dags/example_dataset_alias.py took 0.073 seconds
[2026-02-24T18:19:52.074+0000] {processor.py:186} INFO - Started process (PID=45702) to work on /home/ubuntu/airflow-venv/lib/python3.12/site-packages/airflow/example_dags/example_dataset_alias.py
[2026-02-24T18:19:52.076+0000] {processor.py:914} INFO - Processing file /home/ubuntu/airflow-venv/lib/python3.12/site-packages/airflow/example_dags/example_dataset_alias.py for tasks to queue
[2026-02-24T18:19:52.077+0000] {logging_mixin.py:190} INFO - [2026-02-24T18:19:52.077+0000] {dagbag.py:588} INFO - Filling up the DagBag from /home/ubuntu/airflow-venv/lib/python3.12/site-packages/airflow/example_dags/example_dataset_alias.py
[2026-02-24T18:19:52.094+0000] {processor.py:925} INFO - DAG(s) 'dataset_alias_example_alias_consumer', 'dataset_alias_example_alias_producer', 'dataset_s3_bucket_consumer', 'dataset_s3_bucket_producer' retrieved from /home/ubuntu/airflow-venv/lib/python3.12/site-packages/airflow/example_dags/example_dataset_alias.py
[2026-02-24T18:19:52.108+0000] {logging_mixin.py:190} INFO - [2026-02-24T18:19:52.108+0000] {dag.py:3239} INFO - Sync 4 DAGs
[2026-02-24T18:19:52.122+0000] {logging_mixin.py:190} INFO - [2026-02-24T18:19:52.122+0000] {dag.py:4180} INFO - Setting next_dagrun for dataset_alias_example_alias_consumer to None, run_after=None
[2026-02-24T18:19:52.124+0000] {logging_mixin.py:190} INFO - [2026-02-24T18:19:52.124+0000] {dag.py:4180} INFO - Setting next_dagrun for dataset_alias_example_alias_producer to None, run_after=None
[2026-02-24T18:19:52.124+0000] {logging_mixin.py:190} INFO - [2026-02-24T18:19:52.124+0000] {dag.py:4180} INFO - Setting next_dagrun for dataset_s3_bucket_consumer to None, run_after=None
[2026-02-24T18:19:52.125+0000] {logging_mixin.py:190} INFO - [2026-02-24T18:19:52.125+0000] {dag.py:4180} INFO - Setting next_dagrun for dataset_s3_bucket_producer to None, run_after=None
[2026-02-24T18:19:52.144+0000] {processor.py:208} INFO - Processing /home/ubuntu/airflow-venv/lib/python3.12/site-packages/airflow/example_dags/example_dataset_alias.py took 0.074 seconds
