[2026-02-24T17:59:37.634+0000] {processor.py:186} INFO - Started process (PID=43674) to work on /home/ubuntu/airflow-venv/lib/python3.12/site-packages/airflow/example_dags/example_display_name.py
[2026-02-24T17:59:37.635+0000] {processor.py:914} INFO - Processing file /home/ubuntu/airflow-venv/lib/python3.12/site-packages/airflow/example_dags/example_display_name.py for tasks to queue
[2026-02-24T17:59:37.637+0000] {logging_mixin.py:190} INFO - [2026-02-24T17:59:37.636+0000] {dagbag.py:588} INFO - Filling up the DagBag from /home/ubuntu/airflow-venv/lib/python3.12/site-packages/airflow/example_dags/example_display_name.py
[2026-02-24T17:59:37.642+0000] {processor.py:925} INFO - DAG(s) 'example_display_name' retrieved from /home/ubuntu/airflow-venv/lib/python3.12/site-packages/airflow/example_dags/example_display_name.py
[2026-02-24T17:59:37.718+0000] {logging_mixin.py:190} INFO - [2026-02-24T17:59:37.717+0000] {override.py:1900} INFO - Created Permission View: can edit on DAG:example_display_name
[2026-02-24T17:59:37.730+0000] {logging_mixin.py:190} INFO - [2026-02-24T17:59:37.730+0000] {override.py:1900} INFO - Created Permission View: can delete on DAG:example_display_name
[2026-02-24T17:59:37.739+0000] {logging_mixin.py:190} INFO - [2026-02-24T17:59:37.739+0000] {override.py:1900} INFO - Created Permission View: can read on DAG:example_display_name
[2026-02-24T17:59:37.754+0000] {logging_mixin.py:190} INFO - [2026-02-24T17:59:37.754+0000] {override.py:1900} INFO - Created Permission View: can delete on DAG Run:example_display_name
[2026-02-24T17:59:37.763+0000] {logging_mixin.py:190} INFO - [2026-02-24T17:59:37.762+0000] {override.py:1900} INFO - Created Permission View: menu access on DAG Run:example_display_name
[2026-02-24T17:59:37.772+0000] {logging_mixin.py:190} INFO - [2026-02-24T17:59:37.771+0000] {override.py:1900} INFO - Created Permission View: can create on DAG Run:example_display_name
[2026-02-24T17:59:37.780+0000] {logging_mixin.py:190} INFO - [2026-02-24T17:59:37.780+0000] {override.py:1900} INFO - Created Permission View: can read on DAG Run:example_display_name
[2026-02-24T17:59:37.780+0000] {logging_mixin.py:190} INFO - [2026-02-24T17:59:37.780+0000] {dag.py:3239} INFO - Sync 1 DAGs
[2026-02-24T17:59:37.788+0000] {logging_mixin.py:190} INFO - [2026-02-24T17:59:37.788+0000] {dag.py:3262} INFO - Creating ORM DAG for example_display_name
[2026-02-24T17:59:37.788+0000] {logging_mixin.py:190} INFO - [2026-02-24T17:59:37.788+0000] {dag.py:4180} INFO - Setting next_dagrun for example_display_name to None, run_after=None
[2026-02-24T17:59:37.807+0000] {processor.py:208} INFO - Processing /home/ubuntu/airflow-venv/lib/python3.12/site-packages/airflow/example_dags/example_display_name.py took 0.177 seconds
[2026-02-24T18:00:33.947+0000] {processor.py:186} INFO - Started process (PID=43736) to work on /home/ubuntu/airflow-venv/lib/python3.12/site-packages/airflow/example_dags/example_display_name.py
[2026-02-24T18:00:33.948+0000] {processor.py:914} INFO - Processing file /home/ubuntu/airflow-venv/lib/python3.12/site-packages/airflow/example_dags/example_display_name.py for tasks to queue
[2026-02-24T18:00:33.950+0000] {logging_mixin.py:190} INFO - [2026-02-24T18:00:33.950+0000] {dagbag.py:588} INFO - Filling up the DagBag from /home/ubuntu/airflow-venv/lib/python3.12/site-packages/airflow/example_dags/example_display_name.py
[2026-02-24T18:00:33.956+0000] {processor.py:925} INFO - DAG(s) 'example_display_name' retrieved from /home/ubuntu/airflow-venv/lib/python3.12/site-packages/airflow/example_dags/example_display_name.py
[2026-02-24T18:00:33.967+0000] {logging_mixin.py:190} INFO - [2026-02-24T18:00:33.967+0000] {dag.py:3239} INFO - Sync 1 DAGs
[2026-02-24T18:00:33.976+0000] {logging_mixin.py:190} INFO - [2026-02-24T18:00:33.976+0000] {dag.py:4180} INFO - Setting next_dagrun for example_display_name to None, run_after=None
[2026-02-24T18:00:33.996+0000] {processor.py:208} INFO - Processing /home/ubuntu/airflow-venv/lib/python3.12/site-packages/airflow/example_dags/example_display_name.py took 0.053 seconds
[2026-02-24T18:01:29.160+0000] {processor.py:186} INFO - Started process (PID=43795) to work on /home/ubuntu/airflow-venv/lib/python3.12/site-packages/airflow/example_dags/example_display_name.py
[2026-02-24T18:01:29.162+0000] {processor.py:914} INFO - Processing file /home/ubuntu/airflow-venv/lib/python3.12/site-packages/airflow/example_dags/example_display_name.py for tasks to queue
[2026-02-24T18:01:29.163+0000] {logging_mixin.py:190} INFO - [2026-02-24T18:01:29.163+0000] {dagbag.py:588} INFO - Filling up the DagBag from /home/ubuntu/airflow-venv/lib/python3.12/site-packages/airflow/example_dags/example_display_name.py
[2026-02-24T18:01:29.169+0000] {processor.py:925} INFO - DAG(s) 'example_display_name' retrieved from /home/ubuntu/airflow-venv/lib/python3.12/site-packages/airflow/example_dags/example_display_name.py
[2026-02-24T18:01:29.180+0000] {logging_mixin.py:190} INFO - [2026-02-24T18:01:29.180+0000] {dag.py:3239} INFO - Sync 1 DAGs
[2026-02-24T18:01:29.189+0000] {logging_mixin.py:190} INFO - [2026-02-24T18:01:29.189+0000] {dag.py:4180} INFO - Setting next_dagrun for example_display_name to None, run_after=None
[2026-02-24T18:01:29.207+0000] {processor.py:208} INFO - Processing /home/ubuntu/airflow-venv/lib/python3.12/site-packages/airflow/example_dags/example_display_name.py took 0.051 seconds
[2026-02-24T18:02:25.186+0000] {processor.py:186} INFO - Started process (PID=44218) to work on /home/ubuntu/airflow-venv/lib/python3.12/site-packages/airflow/example_dags/example_display_name.py
[2026-02-24T18:02:25.187+0000] {processor.py:914} INFO - Processing file /home/ubuntu/airflow-venv/lib/python3.12/site-packages/airflow/example_dags/example_display_name.py for tasks to queue
[2026-02-24T18:02:25.189+0000] {logging_mixin.py:190} INFO - [2026-02-24T18:02:25.189+0000] {dagbag.py:588} INFO - Filling up the DagBag from /home/ubuntu/airflow-venv/lib/python3.12/site-packages/airflow/example_dags/example_display_name.py
[2026-02-24T18:02:25.195+0000] {processor.py:925} INFO - DAG(s) 'example_display_name' retrieved from /home/ubuntu/airflow-venv/lib/python3.12/site-packages/airflow/example_dags/example_display_name.py
[2026-02-24T18:02:25.206+0000] {logging_mixin.py:190} INFO - [2026-02-24T18:02:25.206+0000] {dag.py:3239} INFO - Sync 1 DAGs
[2026-02-24T18:02:25.215+0000] {logging_mixin.py:190} INFO - [2026-02-24T18:02:25.215+0000] {dag.py:4180} INFO - Setting next_dagrun for example_display_name to None, run_after=None
[2026-02-24T18:02:25.233+0000] {processor.py:208} INFO - Processing /home/ubuntu/airflow-venv/lib/python3.12/site-packages/airflow/example_dags/example_display_name.py took 0.051 seconds
[2026-02-24T18:03:18.111+0000] {processor.py:186} INFO - Started process (PID=44280) to work on /home/ubuntu/airflow-venv/lib/python3.12/site-packages/airflow/example_dags/example_display_name.py
[2026-02-24T18:03:18.113+0000] {processor.py:914} INFO - Processing file /home/ubuntu/airflow-venv/lib/python3.12/site-packages/airflow/example_dags/example_display_name.py for tasks to queue
[2026-02-24T18:03:18.114+0000] {logging_mixin.py:190} INFO - [2026-02-24T18:03:18.114+0000] {dagbag.py:588} INFO - Filling up the DagBag from /home/ubuntu/airflow-venv/lib/python3.12/site-packages/airflow/example_dags/example_display_name.py
[2026-02-24T18:03:18.120+0000] {processor.py:925} INFO - DAG(s) 'example_display_name' retrieved from /home/ubuntu/airflow-venv/lib/python3.12/site-packages/airflow/example_dags/example_display_name.py
[2026-02-24T18:03:18.131+0000] {logging_mixin.py:190} INFO - [2026-02-24T18:03:18.131+0000] {dag.py:3239} INFO - Sync 1 DAGs
[2026-02-24T18:03:18.139+0000] {logging_mixin.py:190} INFO - [2026-02-24T18:03:18.139+0000] {dag.py:4180} INFO - Setting next_dagrun for example_display_name to None, run_after=None
[2026-02-24T18:03:18.157+0000] {processor.py:208} INFO - Processing /home/ubuntu/airflow-venv/lib/python3.12/site-packages/airflow/example_dags/example_display_name.py took 0.050 seconds
[2026-02-24T18:04:29.548+0000] {processor.py:186} INFO - Started process (PID=44722) to work on /home/ubuntu/airflow-venv/lib/python3.12/site-packages/airflow/example_dags/example_display_name.py
[2026-02-24T18:04:29.549+0000] {processor.py:914} INFO - Processing file /home/ubuntu/airflow-venv/lib/python3.12/site-packages/airflow/example_dags/example_display_name.py for tasks to queue
[2026-02-24T18:04:29.551+0000] {logging_mixin.py:190} INFO - [2026-02-24T18:04:29.551+0000] {dagbag.py:588} INFO - Filling up the DagBag from /home/ubuntu/airflow-venv/lib/python3.12/site-packages/airflow/example_dags/example_display_name.py
[2026-02-24T18:04:29.556+0000] {processor.py:925} INFO - DAG(s) 'example_display_name' retrieved from /home/ubuntu/airflow-venv/lib/python3.12/site-packages/airflow/example_dags/example_display_name.py
[2026-02-24T18:04:29.567+0000] {logging_mixin.py:190} INFO - [2026-02-24T18:04:29.567+0000] {dag.py:3239} INFO - Sync 1 DAGs
[2026-02-24T18:04:29.576+0000] {logging_mixin.py:190} INFO - [2026-02-24T18:04:29.575+0000] {dag.py:4180} INFO - Setting next_dagrun for example_display_name to None, run_after=None
[2026-02-24T18:04:29.593+0000] {processor.py:208} INFO - Processing /home/ubuntu/airflow-venv/lib/python3.12/site-packages/airflow/example_dags/example_display_name.py took 0.050 seconds
[2026-02-24T18:05:48.420+0000] {processor.py:186} INFO - Started process (PID=44805) to work on /home/ubuntu/airflow-venv/lib/python3.12/site-packages/airflow/example_dags/example_display_name.py
[2026-02-24T18:05:48.421+0000] {processor.py:914} INFO - Processing file /home/ubuntu/airflow-venv/lib/python3.12/site-packages/airflow/example_dags/example_display_name.py for tasks to queue
[2026-02-24T18:05:48.423+0000] {logging_mixin.py:190} INFO - [2026-02-24T18:05:48.422+0000] {dagbag.py:588} INFO - Filling up the DagBag from /home/ubuntu/airflow-venv/lib/python3.12/site-packages/airflow/example_dags/example_display_name.py
[2026-02-24T18:05:48.429+0000] {processor.py:925} INFO - DAG(s) 'example_display_name' retrieved from /home/ubuntu/airflow-venv/lib/python3.12/site-packages/airflow/example_dags/example_display_name.py
[2026-02-24T18:05:48.440+0000] {logging_mixin.py:190} INFO - [2026-02-24T18:05:48.440+0000] {dag.py:3239} INFO - Sync 1 DAGs
[2026-02-24T18:05:48.449+0000] {logging_mixin.py:190} INFO - [2026-02-24T18:05:48.449+0000] {dag.py:4180} INFO - Setting next_dagrun for example_display_name to None, run_after=None
[2026-02-24T18:05:48.466+0000] {processor.py:208} INFO - Processing /home/ubuntu/airflow-venv/lib/python3.12/site-packages/airflow/example_dags/example_display_name.py took 0.051 seconds
[2026-02-24T18:06:45.335+0000] {processor.py:186} INFO - Started process (PID=44869) to work on /home/ubuntu/airflow-venv/lib/python3.12/site-packages/airflow/example_dags/example_display_name.py
[2026-02-24T18:06:45.336+0000] {processor.py:914} INFO - Processing file /home/ubuntu/airflow-venv/lib/python3.12/site-packages/airflow/example_dags/example_display_name.py for tasks to queue
[2026-02-24T18:06:45.338+0000] {logging_mixin.py:190} INFO - [2026-02-24T18:06:45.337+0000] {dagbag.py:588} INFO - Filling up the DagBag from /home/ubuntu/airflow-venv/lib/python3.12/site-packages/airflow/example_dags/example_display_name.py
[2026-02-24T18:06:45.344+0000] {processor.py:925} INFO - DAG(s) 'example_display_name' retrieved from /home/ubuntu/airflow-venv/lib/python3.12/site-packages/airflow/example_dags/example_display_name.py
[2026-02-24T18:06:45.354+0000] {logging_mixin.py:190} INFO - [2026-02-24T18:06:45.354+0000] {dag.py:3239} INFO - Sync 1 DAGs
[2026-02-24T18:06:45.364+0000] {logging_mixin.py:190} INFO - [2026-02-24T18:06:45.364+0000] {dag.py:4180} INFO - Setting next_dagrun for example_display_name to None, run_after=None
[2026-02-24T18:06:45.382+0000] {processor.py:208} INFO - Processing /home/ubuntu/airflow-venv/lib/python3.12/site-packages/airflow/example_dags/example_display_name.py took 0.051 seconds
[2026-02-24T18:07:34.720+0000] {processor.py:186} INFO - Started process (PID=44923) to work on /home/ubuntu/airflow-venv/lib/python3.12/site-packages/airflow/example_dags/example_display_name.py
[2026-02-24T18:07:34.721+0000] {processor.py:914} INFO - Processing file /home/ubuntu/airflow-venv/lib/python3.12/site-packages/airflow/example_dags/example_display_name.py for tasks to queue
[2026-02-24T18:07:34.723+0000] {logging_mixin.py:190} INFO - [2026-02-24T18:07:34.722+0000] {dagbag.py:588} INFO - Filling up the DagBag from /home/ubuntu/airflow-venv/lib/python3.12/site-packages/airflow/example_dags/example_display_name.py
[2026-02-24T18:07:34.729+0000] {processor.py:925} INFO - DAG(s) 'example_display_name' retrieved from /home/ubuntu/airflow-venv/lib/python3.12/site-packages/airflow/example_dags/example_display_name.py
[2026-02-24T18:07:34.740+0000] {logging_mixin.py:190} INFO - [2026-02-24T18:07:34.740+0000] {dag.py:3239} INFO - Sync 1 DAGs
[2026-02-24T18:07:34.749+0000] {logging_mixin.py:190} INFO - [2026-02-24T18:07:34.749+0000] {dag.py:4180} INFO - Setting next_dagrun for example_display_name to None, run_after=None
[2026-02-24T18:07:34.768+0000] {processor.py:208} INFO - Processing /home/ubuntu/airflow-venv/lib/python3.12/site-packages/airflow/example_dags/example_display_name.py took 0.052 seconds
[2026-02-24T18:08:27.816+0000] {processor.py:186} INFO - Started process (PID=44977) to work on /home/ubuntu/airflow-venv/lib/python3.12/site-packages/airflow/example_dags/example_display_name.py
[2026-02-24T18:08:27.818+0000] {processor.py:914} INFO - Processing file /home/ubuntu/airflow-venv/lib/python3.12/site-packages/airflow/example_dags/example_display_name.py for tasks to queue
[2026-02-24T18:08:27.819+0000] {logging_mixin.py:190} INFO - [2026-02-24T18:08:27.819+0000] {dagbag.py:588} INFO - Filling up the DagBag from /home/ubuntu/airflow-venv/lib/python3.12/site-packages/airflow/example_dags/example_display_name.py
[2026-02-24T18:08:27.825+0000] {processor.py:925} INFO - DAG(s) 'example_display_name' retrieved from /home/ubuntu/airflow-venv/lib/python3.12/site-packages/airflow/example_dags/example_display_name.py
[2026-02-24T18:08:27.837+0000] {logging_mixin.py:190} INFO - [2026-02-24T18:08:27.836+0000] {dag.py:3239} INFO - Sync 1 DAGs
[2026-02-24T18:08:27.846+0000] {logging_mixin.py:190} INFO - [2026-02-24T18:08:27.845+0000] {dag.py:4180} INFO - Setting next_dagrun for example_display_name to None, run_after=None
[2026-02-24T18:08:27.864+0000] {processor.py:208} INFO - Processing /home/ubuntu/airflow-venv/lib/python3.12/site-packages/airflow/example_dags/example_display_name.py took 0.052 seconds
[2026-02-24T18:09:40.300+0000] {processor.py:186} INFO - Started process (PID=45054) to work on /home/ubuntu/airflow-venv/lib/python3.12/site-packages/airflow/example_dags/example_display_name.py
[2026-02-24T18:09:40.301+0000] {processor.py:914} INFO - Processing file /home/ubuntu/airflow-venv/lib/python3.12/site-packages/airflow/example_dags/example_display_name.py for tasks to queue
[2026-02-24T18:09:40.303+0000] {logging_mixin.py:190} INFO - [2026-02-24T18:09:40.302+0000] {dagbag.py:588} INFO - Filling up the DagBag from /home/ubuntu/airflow-venv/lib/python3.12/site-packages/airflow/example_dags/example_display_name.py
[2026-02-24T18:09:40.309+0000] {processor.py:925} INFO - DAG(s) 'example_display_name' retrieved from /home/ubuntu/airflow-venv/lib/python3.12/site-packages/airflow/example_dags/example_display_name.py
[2026-02-24T18:09:40.320+0000] {logging_mixin.py:190} INFO - [2026-02-24T18:09:40.320+0000] {dag.py:3239} INFO - Sync 1 DAGs
[2026-02-24T18:09:40.329+0000] {logging_mixin.py:190} INFO - [2026-02-24T18:09:40.329+0000] {dag.py:4180} INFO - Setting next_dagrun for example_display_name to None, run_after=None
[2026-02-24T18:09:40.347+0000] {processor.py:208} INFO - Processing /home/ubuntu/airflow-venv/lib/python3.12/site-packages/airflow/example_dags/example_display_name.py took 0.052 seconds
[2026-02-24T18:10:52.912+0000] {processor.py:186} INFO - Started process (PID=45135) to work on /home/ubuntu/airflow-venv/lib/python3.12/site-packages/airflow/example_dags/example_display_name.py
[2026-02-24T18:10:52.914+0000] {processor.py:914} INFO - Processing file /home/ubuntu/airflow-venv/lib/python3.12/site-packages/airflow/example_dags/example_display_name.py for tasks to queue
[2026-02-24T18:10:52.915+0000] {logging_mixin.py:190} INFO - [2026-02-24T18:10:52.915+0000] {dagbag.py:588} INFO - Filling up the DagBag from /home/ubuntu/airflow-venv/lib/python3.12/site-packages/airflow/example_dags/example_display_name.py
[2026-02-24T18:10:52.921+0000] {processor.py:925} INFO - DAG(s) 'example_display_name' retrieved from /home/ubuntu/airflow-venv/lib/python3.12/site-packages/airflow/example_dags/example_display_name.py
[2026-02-24T18:10:52.932+0000] {logging_mixin.py:190} INFO - [2026-02-24T18:10:52.932+0000] {dag.py:3239} INFO - Sync 1 DAGs
[2026-02-24T18:10:52.941+0000] {logging_mixin.py:190} INFO - [2026-02-24T18:10:52.941+0000] {dag.py:4180} INFO - Setting next_dagrun for example_display_name to None, run_after=None
[2026-02-24T18:10:52.958+0000] {processor.py:208} INFO - Processing /home/ubuntu/airflow-venv/lib/python3.12/site-packages/airflow/example_dags/example_display_name.py took 0.050 seconds
[2026-02-24T18:11:46.782+0000] {processor.py:186} INFO - Started process (PID=45189) to work on /home/ubuntu/airflow-venv/lib/python3.12/site-packages/airflow/example_dags/example_display_name.py
[2026-02-24T18:11:46.783+0000] {processor.py:914} INFO - Processing file /home/ubuntu/airflow-venv/lib/python3.12/site-packages/airflow/example_dags/example_display_name.py for tasks to queue
[2026-02-24T18:11:46.785+0000] {logging_mixin.py:190} INFO - [2026-02-24T18:11:46.784+0000] {dagbag.py:588} INFO - Filling up the DagBag from /home/ubuntu/airflow-venv/lib/python3.12/site-packages/airflow/example_dags/example_display_name.py
[2026-02-24T18:11:46.791+0000] {processor.py:925} INFO - DAG(s) 'example_display_name' retrieved from /home/ubuntu/airflow-venv/lib/python3.12/site-packages/airflow/example_dags/example_display_name.py
[2026-02-24T18:11:46.802+0000] {logging_mixin.py:190} INFO - [2026-02-24T18:11:46.802+0000] {dag.py:3239} INFO - Sync 1 DAGs
[2026-02-24T18:11:46.811+0000] {logging_mixin.py:190} INFO - [2026-02-24T18:11:46.811+0000] {dag.py:4180} INFO - Setting next_dagrun for example_display_name to None, run_after=None
[2026-02-24T18:11:46.829+0000] {processor.py:208} INFO - Processing /home/ubuntu/airflow-venv/lib/python3.12/site-packages/airflow/example_dags/example_display_name.py took 0.052 seconds
[2026-02-24T18:12:40.181+0000] {processor.py:186} INFO - Started process (PID=45243) to work on /home/ubuntu/airflow-venv/lib/python3.12/site-packages/airflow/example_dags/example_display_name.py
[2026-02-24T18:12:40.182+0000] {processor.py:914} INFO - Processing file /home/ubuntu/airflow-venv/lib/python3.12/site-packages/airflow/example_dags/example_display_name.py for tasks to queue
[2026-02-24T18:12:40.184+0000] {logging_mixin.py:190} INFO - [2026-02-24T18:12:40.183+0000] {dagbag.py:588} INFO - Filling up the DagBag from /home/ubuntu/airflow-venv/lib/python3.12/site-packages/airflow/example_dags/example_display_name.py
[2026-02-24T18:12:40.190+0000] {processor.py:925} INFO - DAG(s) 'example_display_name' retrieved from /home/ubuntu/airflow-venv/lib/python3.12/site-packages/airflow/example_dags/example_display_name.py
[2026-02-24T18:12:40.202+0000] {logging_mixin.py:190} INFO - [2026-02-24T18:12:40.202+0000] {dag.py:3239} INFO - Sync 1 DAGs
[2026-02-24T18:12:40.211+0000] {logging_mixin.py:190} INFO - [2026-02-24T18:12:40.211+0000] {dag.py:4180} INFO - Setting next_dagrun for example_display_name to None, run_after=None
[2026-02-24T18:12:40.229+0000] {processor.py:208} INFO - Processing /home/ubuntu/airflow-venv/lib/python3.12/site-packages/airflow/example_dags/example_display_name.py took 0.053 seconds
[2026-02-24T18:13:52.713+0000] {processor.py:186} INFO - Started process (PID=45321) to work on /home/ubuntu/airflow-venv/lib/python3.12/site-packages/airflow/example_dags/example_display_name.py
[2026-02-24T18:13:52.715+0000] {processor.py:914} INFO - Processing file /home/ubuntu/airflow-venv/lib/python3.12/site-packages/airflow/example_dags/example_display_name.py for tasks to queue
[2026-02-24T18:13:52.716+0000] {logging_mixin.py:190} INFO - [2026-02-24T18:13:52.716+0000] {dagbag.py:588} INFO - Filling up the DagBag from /home/ubuntu/airflow-venv/lib/python3.12/site-packages/airflow/example_dags/example_display_name.py
[2026-02-24T18:13:52.722+0000] {processor.py:925} INFO - DAG(s) 'example_display_name' retrieved from /home/ubuntu/airflow-venv/lib/python3.12/site-packages/airflow/example_dags/example_display_name.py
[2026-02-24T18:13:52.733+0000] {logging_mixin.py:190} INFO - [2026-02-24T18:13:52.733+0000] {dag.py:3239} INFO - Sync 1 DAGs
[2026-02-24T18:13:52.741+0000] {logging_mixin.py:190} INFO - [2026-02-24T18:13:52.741+0000] {dag.py:4180} INFO - Setting next_dagrun for example_display_name to None, run_after=None
[2026-02-24T18:13:52.759+0000] {processor.py:208} INFO - Processing /home/ubuntu/airflow-venv/lib/python3.12/site-packages/airflow/example_dags/example_display_name.py took 0.049 seconds
[2026-02-24T18:15:06.837+0000] {processor.py:186} INFO - Started process (PID=45401) to work on /home/ubuntu/airflow-venv/lib/python3.12/site-packages/airflow/example_dags/example_display_name.py
[2026-02-24T18:15:06.838+0000] {processor.py:914} INFO - Processing file /home/ubuntu/airflow-venv/lib/python3.12/site-packages/airflow/example_dags/example_display_name.py for tasks to queue
[2026-02-24T18:15:06.840+0000] {logging_mixin.py:190} INFO - [2026-02-24T18:15:06.839+0000] {dagbag.py:588} INFO - Filling up the DagBag from /home/ubuntu/airflow-venv/lib/python3.12/site-packages/airflow/example_dags/example_display_name.py
[2026-02-24T18:15:06.846+0000] {processor.py:925} INFO - DAG(s) 'example_display_name' retrieved from /home/ubuntu/airflow-venv/lib/python3.12/site-packages/airflow/example_dags/example_display_name.py
[2026-02-24T18:15:06.857+0000] {logging_mixin.py:190} INFO - [2026-02-24T18:15:06.857+0000] {dag.py:3239} INFO - Sync 1 DAGs
[2026-02-24T18:15:06.866+0000] {logging_mixin.py:190} INFO - [2026-02-24T18:15:06.865+0000] {dag.py:4180} INFO - Setting next_dagrun for example_display_name to None, run_after=None
[2026-02-24T18:15:06.884+0000] {processor.py:208} INFO - Processing /home/ubuntu/airflow-venv/lib/python3.12/site-packages/airflow/example_dags/example_display_name.py took 0.051 seconds
[2026-02-24T18:15:58.248+0000] {processor.py:186} INFO - Started process (PID=45455) to work on /home/ubuntu/airflow-venv/lib/python3.12/site-packages/airflow/example_dags/example_display_name.py
[2026-02-24T18:15:58.249+0000] {processor.py:914} INFO - Processing file /home/ubuntu/airflow-venv/lib/python3.12/site-packages/airflow/example_dags/example_display_name.py for tasks to queue
[2026-02-24T18:15:58.251+0000] {logging_mixin.py:190} INFO - [2026-02-24T18:15:58.250+0000] {dagbag.py:588} INFO - Filling up the DagBag from /home/ubuntu/airflow-venv/lib/python3.12/site-packages/airflow/example_dags/example_display_name.py
[2026-02-24T18:15:58.257+0000] {processor.py:925} INFO - DAG(s) 'example_display_name' retrieved from /home/ubuntu/airflow-venv/lib/python3.12/site-packages/airflow/example_dags/example_display_name.py
[2026-02-24T18:15:58.268+0000] {logging_mixin.py:190} INFO - [2026-02-24T18:15:58.268+0000] {dag.py:3239} INFO - Sync 1 DAGs
[2026-02-24T18:15:58.277+0000] {logging_mixin.py:190} INFO - [2026-02-24T18:15:58.277+0000] {dag.py:4180} INFO - Setting next_dagrun for example_display_name to None, run_after=None
[2026-02-24T18:15:58.296+0000] {processor.py:208} INFO - Processing /home/ubuntu/airflow-venv/lib/python3.12/site-packages/airflow/example_dags/example_display_name.py took 0.053 seconds
[2026-02-24T18:17:12.995+0000] {processor.py:186} INFO - Started process (PID=45538) to work on /home/ubuntu/airflow-venv/lib/python3.12/site-packages/airflow/example_dags/example_display_name.py
[2026-02-24T18:17:12.997+0000] {processor.py:914} INFO - Processing file /home/ubuntu/airflow-venv/lib/python3.12/site-packages/airflow/example_dags/example_display_name.py for tasks to queue
[2026-02-24T18:17:12.999+0000] {logging_mixin.py:190} INFO - [2026-02-24T18:17:12.999+0000] {dagbag.py:588} INFO - Filling up the DagBag from /home/ubuntu/airflow-venv/lib/python3.12/site-packages/airflow/example_dags/example_display_name.py
[2026-02-24T18:17:13.005+0000] {processor.py:925} INFO - DAG(s) 'example_display_name' retrieved from /home/ubuntu/airflow-venv/lib/python3.12/site-packages/airflow/example_dags/example_display_name.py
[2026-02-24T18:17:13.016+0000] {logging_mixin.py:190} INFO - [2026-02-24T18:17:13.016+0000] {dag.py:3239} INFO - Sync 1 DAGs
[2026-02-24T18:17:13.025+0000] {logging_mixin.py:190} INFO - [2026-02-24T18:17:13.025+0000] {dag.py:4180} INFO - Setting next_dagrun for example_display_name to None, run_after=None
[2026-02-24T18:17:13.043+0000] {processor.py:208} INFO - Processing /home/ubuntu/airflow-venv/lib/python3.12/site-packages/airflow/example_dags/example_display_name.py took 0.052 seconds
[2026-02-24T18:18:05.366+0000] {processor.py:186} INFO - Started process (PID=45592) to work on /home/ubuntu/airflow-venv/lib/python3.12/site-packages/airflow/example_dags/example_display_name.py
[2026-02-24T18:18:05.368+0000] {processor.py:914} INFO - Processing file /home/ubuntu/airflow-venv/lib/python3.12/site-packages/airflow/example_dags/example_display_name.py for tasks to queue
[2026-02-24T18:18:05.370+0000] {logging_mixin.py:190} INFO - [2026-02-24T18:18:05.370+0000] {dagbag.py:588} INFO - Filling up the DagBag from /home/ubuntu/airflow-venv/lib/python3.12/site-packages/airflow/example_dags/example_display_name.py
[2026-02-24T18:18:05.376+0000] {processor.py:925} INFO - DAG(s) 'example_display_name' retrieved from /home/ubuntu/airflow-venv/lib/python3.12/site-packages/airflow/example_dags/example_display_name.py
[2026-02-24T18:18:05.387+0000] {logging_mixin.py:190} INFO - [2026-02-24T18:18:05.387+0000] {dag.py:3239} INFO - Sync 1 DAGs
[2026-02-24T18:18:05.396+0000] {logging_mixin.py:190} INFO - [2026-02-24T18:18:05.396+0000] {dag.py:4180} INFO - Setting next_dagrun for example_display_name to None, run_after=None
[2026-02-24T18:18:05.415+0000] {processor.py:208} INFO - Processing /home/ubuntu/airflow-venv/lib/python3.12/site-packages/airflow/example_dags/example_display_name.py took 0.053 seconds
[2026-02-24T18:18:56.731+0000] {processor.py:186} INFO - Started process (PID=45644) to work on /home/ubuntu/airflow-venv/lib/python3.12/site-packages/airflow/example_dags/example_display_name.py
[2026-02-24T18:18:56.732+0000] {processor.py:914} INFO - Processing file /home/ubuntu/airflow-venv/lib/python3.12/site-packages/airflow/example_dags/example_display_name.py for tasks to queue
[2026-02-24T18:18:56.734+0000] {logging_mixin.py:190} INFO - [2026-02-24T18:18:56.734+0000] {dagbag.py:588} INFO - Filling up the DagBag from /home/ubuntu/airflow-venv/lib/python3.12/site-packages/airflow/example_dags/example_display_name.py
[2026-02-24T18:18:56.740+0000] {processor.py:925} INFO - DAG(s) 'example_display_name' retrieved from /home/ubuntu/airflow-venv/lib/python3.12/site-packages/airflow/example_dags/example_display_name.py
[2026-02-24T18:18:56.752+0000] {logging_mixin.py:190} INFO - [2026-02-24T18:18:56.751+0000] {dag.py:3239} INFO - Sync 1 DAGs
[2026-02-24T18:18:56.761+0000] {logging_mixin.py:190} INFO - [2026-02-24T18:18:56.761+0000] {dag.py:4180} INFO - Setting next_dagrun for example_display_name to None, run_after=None
[2026-02-24T18:18:56.779+0000] {processor.py:208} INFO - Processing /home/ubuntu/airflow-venv/lib/python3.12/site-packages/airflow/example_dags/example_display_name.py took 0.052 seconds
[2026-02-24T18:19:49.519+0000] {processor.py:186} INFO - Started process (PID=45699) to work on /home/ubuntu/airflow-venv/lib/python3.12/site-packages/airflow/example_dags/example_display_name.py
[2026-02-24T18:19:49.520+0000] {processor.py:914} INFO - Processing file /home/ubuntu/airflow-venv/lib/python3.12/site-packages/airflow/example_dags/example_display_name.py for tasks to queue
[2026-02-24T18:19:49.522+0000] {logging_mixin.py:190} INFO - [2026-02-24T18:19:49.522+0000] {dagbag.py:588} INFO - Filling up the DagBag from /home/ubuntu/airflow-venv/lib/python3.12/site-packages/airflow/example_dags/example_display_name.py
[2026-02-24T18:19:49.528+0000] {processor.py:925} INFO - DAG(s) 'example_display_name' retrieved from /home/ubuntu/airflow-venv/lib/python3.12/site-packages/airflow/example_dags/example_display_name.py
[2026-02-24T18:19:49.539+0000] {logging_mixin.py:190} INFO - [2026-02-24T18:19:49.539+0000] {dag.py:3239} INFO - Sync 1 DAGs
[2026-02-24T18:19:49.548+0000] {logging_mixin.py:190} INFO - [2026-02-24T18:19:49.548+0000] {dag.py:4180} INFO - Setting next_dagrun for example_display_name to None, run_after=None
[2026-02-24T18:19:49.567+0000] {processor.py:208} INFO - Processing /home/ubuntu/airflow-venv/lib/python3.12/site-packages/airflow/example_dags/example_display_name.py took 0.052 seconds
