[2026-02-24T17:59:11.635+0000] {processor.py:186} INFO - Started process (PID=43651) to work on /home/ubuntu/airflow-venv/lib/python3.12/site-packages/airflow/example_dags/example_sla_dag.py
[2026-02-24T17:59:11.636+0000] {processor.py:914} INFO - Processing file /home/ubuntu/airflow-venv/lib/python3.12/site-packages/airflow/example_dags/example_sla_dag.py for tasks to queue
[2026-02-24T17:59:11.638+0000] {logging_mixin.py:190} INFO - [2026-02-24T17:59:11.638+0000] {dagbag.py:588} INFO - Filling up the DagBag from /home/ubuntu/airflow-venv/lib/python3.12/site-packages/airflow/example_dags/example_sla_dag.py
[2026-02-24T17:59:11.645+0000] {processor.py:925} INFO - DAG(s) 'example_sla_dag' retrieved from /home/ubuntu/airflow-venv/lib/python3.12/site-packages/airflow/example_dags/example_sla_dag.py
[2026-02-24T17:59:11.718+0000] {logging_mixin.py:190} INFO - [2026-02-24T17:59:11.717+0000] {override.py:1900} INFO - Created Permission View: can edit on DAG:example_sla_dag
[2026-02-24T17:59:11.728+0000] {logging_mixin.py:190} INFO - [2026-02-24T17:59:11.728+0000] {override.py:1900} INFO - Created Permission View: can delete on DAG:example_sla_dag
[2026-02-24T17:59:11.737+0000] {logging_mixin.py:190} INFO - [2026-02-24T17:59:11.737+0000] {override.py:1900} INFO - Created Permission View: can read on DAG:example_sla_dag
[2026-02-24T17:59:11.752+0000] {logging_mixin.py:190} INFO - [2026-02-24T17:59:11.752+0000] {override.py:1900} INFO - Created Permission View: can delete on DAG Run:example_sla_dag
[2026-02-24T17:59:11.761+0000] {logging_mixin.py:190} INFO - [2026-02-24T17:59:11.761+0000] {override.py:1900} INFO - Created Permission View: menu access on DAG Run:example_sla_dag
[2026-02-24T17:59:11.770+0000] {logging_mixin.py:190} INFO - [2026-02-24T17:59:11.770+0000] {override.py:1900} INFO - Created Permission View: can create on DAG Run:example_sla_dag
[2026-02-24T17:59:11.779+0000] {logging_mixin.py:190} INFO - [2026-02-24T17:59:11.779+0000] {override.py:1900} INFO - Created Permission View: can read on DAG Run:example_sla_dag
[2026-02-24T17:59:11.779+0000] {logging_mixin.py:190} INFO - [2026-02-24T17:59:11.779+0000] {dag.py:3239} INFO - Sync 1 DAGs
[2026-02-24T17:59:11.788+0000] {logging_mixin.py:190} INFO - [2026-02-24T17:59:11.788+0000] {dag.py:3262} INFO - Creating ORM DAG for example_sla_dag
[2026-02-24T17:59:11.795+0000] {logging_mixin.py:190} INFO - [2026-02-24T17:59:11.795+0000] {dag.py:4180} INFO - Setting next_dagrun for example_sla_dag to 2026-02-24 17:56:00+00:00, run_after=2026-02-24 17:58:00+00:00
[2026-02-24T17:59:11.813+0000] {processor.py:208} INFO - Processing /home/ubuntu/airflow-venv/lib/python3.12/site-packages/airflow/example_dags/example_sla_dag.py took 0.182 seconds
[2026-02-24T18:00:12.549+0000] {processor.py:186} INFO - Started process (PID=43708) to work on /home/ubuntu/airflow-venv/lib/python3.12/site-packages/airflow/example_dags/example_sla_dag.py
[2026-02-24T18:00:12.551+0000] {processor.py:914} INFO - Processing file /home/ubuntu/airflow-venv/lib/python3.12/site-packages/airflow/example_dags/example_sla_dag.py for tasks to queue
[2026-02-24T18:00:12.552+0000] {logging_mixin.py:190} INFO - [2026-02-24T18:00:12.552+0000] {dagbag.py:588} INFO - Filling up the DagBag from /home/ubuntu/airflow-venv/lib/python3.12/site-packages/airflow/example_dags/example_sla_dag.py
[2026-02-24T18:00:12.560+0000] {processor.py:925} INFO - DAG(s) 'example_sla_dag' retrieved from /home/ubuntu/airflow-venv/lib/python3.12/site-packages/airflow/example_dags/example_sla_dag.py
[2026-02-24T18:00:12.570+0000] {logging_mixin.py:190} INFO - [2026-02-24T18:00:12.570+0000] {dag.py:3239} INFO - Sync 1 DAGs
[2026-02-24T18:00:12.585+0000] {logging_mixin.py:190} INFO - [2026-02-24T18:00:12.585+0000] {dag.py:4180} INFO - Setting next_dagrun for example_sla_dag to 2026-02-24 17:58:00+00:00, run_after=2026-02-24 18:00:00+00:00
[2026-02-24T18:00:12.603+0000] {processor.py:208} INFO - Processing /home/ubuntu/airflow-venv/lib/python3.12/site-packages/airflow/example_dags/example_sla_dag.py took 0.058 seconds
[2026-02-24T18:01:05.107+0000] {processor.py:186} INFO - Started process (PID=43772) to work on /home/ubuntu/airflow-venv/lib/python3.12/site-packages/airflow/example_dags/example_sla_dag.py
[2026-02-24T18:01:05.108+0000] {processor.py:914} INFO - Processing file /home/ubuntu/airflow-venv/lib/python3.12/site-packages/airflow/example_dags/example_sla_dag.py for tasks to queue
[2026-02-24T18:01:05.110+0000] {logging_mixin.py:190} INFO - [2026-02-24T18:01:05.110+0000] {dagbag.py:588} INFO - Filling up the DagBag from /home/ubuntu/airflow-venv/lib/python3.12/site-packages/airflow/example_dags/example_sla_dag.py
[2026-02-24T18:01:05.118+0000] {processor.py:925} INFO - DAG(s) 'example_sla_dag' retrieved from /home/ubuntu/airflow-venv/lib/python3.12/site-packages/airflow/example_dags/example_sla_dag.py
[2026-02-24T18:01:05.129+0000] {logging_mixin.py:190} INFO - [2026-02-24T18:01:05.129+0000] {dag.py:3239} INFO - Sync 1 DAGs
[2026-02-24T18:01:05.144+0000] {logging_mixin.py:190} INFO - [2026-02-24T18:01:05.144+0000] {dag.py:4180} INFO - Setting next_dagrun for example_sla_dag to 2026-02-24 17:58:00+00:00, run_after=2026-02-24 18:00:00+00:00
[2026-02-24T18:01:05.162+0000] {processor.py:208} INFO - Processing /home/ubuntu/airflow-venv/lib/python3.12/site-packages/airflow/example_dags/example_sla_dag.py took 0.060 seconds
[2026-02-24T18:01:54.919+0000] {processor.py:186} INFO - Started process (PID=43822) to work on /home/ubuntu/airflow-venv/lib/python3.12/site-packages/airflow/example_dags/example_sla_dag.py
[2026-02-24T18:01:54.920+0000] {processor.py:914} INFO - Processing file /home/ubuntu/airflow-venv/lib/python3.12/site-packages/airflow/example_dags/example_sla_dag.py for tasks to queue
[2026-02-24T18:01:54.921+0000] {logging_mixin.py:190} INFO - [2026-02-24T18:01:54.921+0000] {dagbag.py:588} INFO - Filling up the DagBag from /home/ubuntu/airflow-venv/lib/python3.12/site-packages/airflow/example_dags/example_sla_dag.py
[2026-02-24T18:01:54.929+0000] {processor.py:925} INFO - DAG(s) 'example_sla_dag' retrieved from /home/ubuntu/airflow-venv/lib/python3.12/site-packages/airflow/example_dags/example_sla_dag.py
[2026-02-24T18:01:54.940+0000] {logging_mixin.py:190} INFO - [2026-02-24T18:01:54.940+0000] {dag.py:3239} INFO - Sync 1 DAGs
[2026-02-24T18:01:54.956+0000] {logging_mixin.py:190} INFO - [2026-02-24T18:01:54.956+0000] {dag.py:4180} INFO - Setting next_dagrun for example_sla_dag to 2026-02-24 17:58:00+00:00, run_after=2026-02-24 18:00:00+00:00
[2026-02-24T18:01:54.974+0000] {processor.py:208} INFO - Processing /home/ubuntu/airflow-venv/lib/python3.12/site-packages/airflow/example_dags/example_sla_dag.py took 0.060 seconds
[2026-02-24T18:02:51.074+0000] {processor.py:186} INFO - Started process (PID=44249) to work on /home/ubuntu/airflow-venv/lib/python3.12/site-packages/airflow/example_dags/example_sla_dag.py
[2026-02-24T18:02:51.075+0000] {processor.py:914} INFO - Processing file /home/ubuntu/airflow-venv/lib/python3.12/site-packages/airflow/example_dags/example_sla_dag.py for tasks to queue
[2026-02-24T18:02:51.077+0000] {logging_mixin.py:190} INFO - [2026-02-24T18:02:51.076+0000] {dagbag.py:588} INFO - Filling up the DagBag from /home/ubuntu/airflow-venv/lib/python3.12/site-packages/airflow/example_dags/example_sla_dag.py
[2026-02-24T18:02:51.084+0000] {processor.py:925} INFO - DAG(s) 'example_sla_dag' retrieved from /home/ubuntu/airflow-venv/lib/python3.12/site-packages/airflow/example_dags/example_sla_dag.py
[2026-02-24T18:02:51.095+0000] {logging_mixin.py:190} INFO - [2026-02-24T18:02:51.095+0000] {dag.py:3239} INFO - Sync 1 DAGs
[2026-02-24T18:02:51.110+0000] {logging_mixin.py:190} INFO - [2026-02-24T18:02:51.110+0000] {dag.py:4180} INFO - Setting next_dagrun for example_sla_dag to 2026-02-24 18:00:00+00:00, run_after=2026-02-24 18:02:00+00:00
[2026-02-24T18:02:51.128+0000] {processor.py:208} INFO - Processing /home/ubuntu/airflow-venv/lib/python3.12/site-packages/airflow/example_dags/example_sla_dag.py took 0.058 seconds
[2026-02-24T18:03:41.155+0000] {processor.py:186} INFO - Started process (PID=44305) to work on /home/ubuntu/airflow-venv/lib/python3.12/site-packages/airflow/example_dags/example_sla_dag.py
[2026-02-24T18:03:41.156+0000] {processor.py:914} INFO - Processing file /home/ubuntu/airflow-venv/lib/python3.12/site-packages/airflow/example_dags/example_sla_dag.py for tasks to queue
[2026-02-24T18:03:41.158+0000] {logging_mixin.py:190} INFO - [2026-02-24T18:03:41.157+0000] {dagbag.py:588} INFO - Filling up the DagBag from /home/ubuntu/airflow-venv/lib/python3.12/site-packages/airflow/example_dags/example_sla_dag.py
[2026-02-24T18:03:41.165+0000] {processor.py:925} INFO - DAG(s) 'example_sla_dag' retrieved from /home/ubuntu/airflow-venv/lib/python3.12/site-packages/airflow/example_dags/example_sla_dag.py
[2026-02-24T18:03:41.176+0000] {logging_mixin.py:190} INFO - [2026-02-24T18:03:41.175+0000] {dag.py:3239} INFO - Sync 1 DAGs
[2026-02-24T18:03:41.191+0000] {logging_mixin.py:190} INFO - [2026-02-24T18:03:41.191+0000] {dag.py:4180} INFO - Setting next_dagrun for example_sla_dag to 2026-02-24 18:00:00+00:00, run_after=2026-02-24 18:02:00+00:00
[2026-02-24T18:03:41.208+0000] {processor.py:208} INFO - Processing /home/ubuntu/airflow-venv/lib/python3.12/site-packages/airflow/example_dags/example_sla_dag.py took 0.057 seconds
[2026-02-24T18:04:34.690+0000] {processor.py:186} INFO - Started process (PID=44727) to work on /home/ubuntu/airflow-venv/lib/python3.12/site-packages/airflow/example_dags/example_sla_dag.py
[2026-02-24T18:04:34.692+0000] {processor.py:914} INFO - Processing file /home/ubuntu/airflow-venv/lib/python3.12/site-packages/airflow/example_dags/example_sla_dag.py for tasks to queue
[2026-02-24T18:04:34.693+0000] {logging_mixin.py:190} INFO - [2026-02-24T18:04:34.693+0000] {dagbag.py:588} INFO - Filling up the DagBag from /home/ubuntu/airflow-venv/lib/python3.12/site-packages/airflow/example_dags/example_sla_dag.py
[2026-02-24T18:04:34.701+0000] {processor.py:925} INFO - DAG(s) 'example_sla_dag' retrieved from /home/ubuntu/airflow-venv/lib/python3.12/site-packages/airflow/example_dags/example_sla_dag.py
[2026-02-24T18:04:34.712+0000] {logging_mixin.py:190} INFO - [2026-02-24T18:04:34.712+0000] {dag.py:3239} INFO - Sync 1 DAGs
[2026-02-24T18:04:34.727+0000] {logging_mixin.py:190} INFO - [2026-02-24T18:04:34.727+0000] {dag.py:4180} INFO - Setting next_dagrun for example_sla_dag to 2026-02-24 18:02:00+00:00, run_after=2026-02-24 18:04:00+00:00
[2026-02-24T18:04:34.745+0000] {processor.py:208} INFO - Processing /home/ubuntu/airflow-venv/lib/python3.12/site-packages/airflow/example_dags/example_sla_dag.py took 0.059 seconds
[2026-02-24T18:05:26.873+0000] {processor.py:186} INFO - Started process (PID=44784) to work on /home/ubuntu/airflow-venv/lib/python3.12/site-packages/airflow/example_dags/example_sla_dag.py
[2026-02-24T18:05:26.874+0000] {processor.py:914} INFO - Processing file /home/ubuntu/airflow-venv/lib/python3.12/site-packages/airflow/example_dags/example_sla_dag.py for tasks to queue
[2026-02-24T18:05:26.876+0000] {logging_mixin.py:190} INFO - [2026-02-24T18:05:26.875+0000] {dagbag.py:588} INFO - Filling up the DagBag from /home/ubuntu/airflow-venv/lib/python3.12/site-packages/airflow/example_dags/example_sla_dag.py
[2026-02-24T18:05:26.883+0000] {processor.py:925} INFO - DAG(s) 'example_sla_dag' retrieved from /home/ubuntu/airflow-venv/lib/python3.12/site-packages/airflow/example_dags/example_sla_dag.py
[2026-02-24T18:05:27.001+0000] {logging_mixin.py:190} INFO - [2026-02-24T18:05:27.000+0000] {dag.py:3239} INFO - Sync 1 DAGs
[2026-02-24T18:05:27.014+0000] {logging_mixin.py:190} INFO - [2026-02-24T18:05:27.014+0000] {dag.py:4180} INFO - Setting next_dagrun for example_sla_dag to 2026-02-24 18:02:00+00:00, run_after=2026-02-24 18:04:00+00:00
[2026-02-24T18:05:27.030+0000] {processor.py:208} INFO - Processing /home/ubuntu/airflow-venv/lib/python3.12/site-packages/airflow/example_dags/example_sla_dag.py took 0.161 seconds
[2026-02-24T18:06:15.397+0000] {processor.py:186} INFO - Started process (PID=44840) to work on /home/ubuntu/airflow-venv/lib/python3.12/site-packages/airflow/example_dags/example_sla_dag.py
[2026-02-24T18:06:15.398+0000] {processor.py:914} INFO - Processing file /home/ubuntu/airflow-venv/lib/python3.12/site-packages/airflow/example_dags/example_sla_dag.py for tasks to queue
[2026-02-24T18:06:15.399+0000] {logging_mixin.py:190} INFO - [2026-02-24T18:06:15.399+0000] {dagbag.py:588} INFO - Filling up the DagBag from /home/ubuntu/airflow-venv/lib/python3.12/site-packages/airflow/example_dags/example_sla_dag.py
[2026-02-24T18:06:15.407+0000] {processor.py:925} INFO - DAG(s) 'example_sla_dag' retrieved from /home/ubuntu/airflow-venv/lib/python3.12/site-packages/airflow/example_dags/example_sla_dag.py
[2026-02-24T18:06:15.418+0000] {logging_mixin.py:190} INFO - [2026-02-24T18:06:15.418+0000] {dag.py:3239} INFO - Sync 1 DAGs
[2026-02-24T18:06:15.433+0000] {logging_mixin.py:190} INFO - [2026-02-24T18:06:15.433+0000] {dag.py:4180} INFO - Setting next_dagrun for example_sla_dag to 2026-02-24 18:04:00+00:00, run_after=2026-02-24 18:06:00+00:00
[2026-02-24T18:06:15.452+0000] {processor.py:208} INFO - Processing /home/ubuntu/airflow-venv/lib/python3.12/site-packages/airflow/example_dags/example_sla_dag.py took 0.059 seconds
[2026-02-24T18:07:11.729+0000] {processor.py:186} INFO - Started process (PID=44897) to work on /home/ubuntu/airflow-venv/lib/python3.12/site-packages/airflow/example_dags/example_sla_dag.py
[2026-02-24T18:07:11.731+0000] {processor.py:914} INFO - Processing file /home/ubuntu/airflow-venv/lib/python3.12/site-packages/airflow/example_dags/example_sla_dag.py for tasks to queue
[2026-02-24T18:07:11.732+0000] {logging_mixin.py:190} INFO - [2026-02-24T18:07:11.732+0000] {dagbag.py:588} INFO - Filling up the DagBag from /home/ubuntu/airflow-venv/lib/python3.12/site-packages/airflow/example_dags/example_sla_dag.py
[2026-02-24T18:07:11.740+0000] {processor.py:925} INFO - DAG(s) 'example_sla_dag' retrieved from /home/ubuntu/airflow-venv/lib/python3.12/site-packages/airflow/example_dags/example_sla_dag.py
[2026-02-24T18:07:11.752+0000] {logging_mixin.py:190} INFO - [2026-02-24T18:07:11.751+0000] {dag.py:3239} INFO - Sync 1 DAGs
[2026-02-24T18:07:11.768+0000] {logging_mixin.py:190} INFO - [2026-02-24T18:07:11.768+0000] {dag.py:4180} INFO - Setting next_dagrun for example_sla_dag to 2026-02-24 18:04:00+00:00, run_after=2026-02-24 18:06:00+00:00
[2026-02-24T18:07:11.786+0000] {processor.py:208} INFO - Processing /home/ubuntu/airflow-venv/lib/python3.12/site-packages/airflow/example_dags/example_sla_dag.py took 0.062 seconds
[2026-02-24T18:08:05.567+0000] {processor.py:186} INFO - Started process (PID=44954) to work on /home/ubuntu/airflow-venv/lib/python3.12/site-packages/airflow/example_dags/example_sla_dag.py
[2026-02-24T18:08:05.568+0000] {processor.py:914} INFO - Processing file /home/ubuntu/airflow-venv/lib/python3.12/site-packages/airflow/example_dags/example_sla_dag.py for tasks to queue
[2026-02-24T18:08:05.570+0000] {logging_mixin.py:190} INFO - [2026-02-24T18:08:05.569+0000] {dagbag.py:588} INFO - Filling up the DagBag from /home/ubuntu/airflow-venv/lib/python3.12/site-packages/airflow/example_dags/example_sla_dag.py
[2026-02-24T18:08:05.578+0000] {processor.py:925} INFO - DAG(s) 'example_sla_dag' retrieved from /home/ubuntu/airflow-venv/lib/python3.12/site-packages/airflow/example_dags/example_sla_dag.py
[2026-02-24T18:08:05.589+0000] {logging_mixin.py:190} INFO - [2026-02-24T18:08:05.589+0000] {dag.py:3239} INFO - Sync 1 DAGs
[2026-02-24T18:08:05.604+0000] {logging_mixin.py:190} INFO - [2026-02-24T18:08:05.604+0000] {dag.py:4180} INFO - Setting next_dagrun for example_sla_dag to 2026-02-24 18:06:00+00:00, run_after=2026-02-24 18:08:00+00:00
[2026-02-24T18:08:05.622+0000] {processor.py:208} INFO - Processing /home/ubuntu/airflow-venv/lib/python3.12/site-packages/airflow/example_dags/example_sla_dag.py took 0.060 seconds
[2026-02-24T18:08:55.778+0000] {processor.py:186} INFO - Started process (PID=45008) to work on /home/ubuntu/airflow-venv/lib/python3.12/site-packages/airflow/example_dags/example_sla_dag.py
[2026-02-24T18:08:55.779+0000] {processor.py:914} INFO - Processing file /home/ubuntu/airflow-venv/lib/python3.12/site-packages/airflow/example_dags/example_sla_dag.py for tasks to queue
[2026-02-24T18:08:55.781+0000] {logging_mixin.py:190} INFO - [2026-02-24T18:08:55.781+0000] {dagbag.py:588} INFO - Filling up the DagBag from /home/ubuntu/airflow-venv/lib/python3.12/site-packages/airflow/example_dags/example_sla_dag.py
[2026-02-24T18:08:55.789+0000] {processor.py:925} INFO - DAG(s) 'example_sla_dag' retrieved from /home/ubuntu/airflow-venv/lib/python3.12/site-packages/airflow/example_dags/example_sla_dag.py
[2026-02-24T18:08:55.800+0000] {logging_mixin.py:190} INFO - [2026-02-24T18:08:55.799+0000] {dag.py:3239} INFO - Sync 1 DAGs
[2026-02-24T18:08:55.815+0000] {logging_mixin.py:190} INFO - [2026-02-24T18:08:55.814+0000] {dag.py:4180} INFO - Setting next_dagrun for example_sla_dag to 2026-02-24 18:06:00+00:00, run_after=2026-02-24 18:08:00+00:00
[2026-02-24T18:08:55.833+0000] {processor.py:208} INFO - Processing /home/ubuntu/airflow-venv/lib/python3.12/site-packages/airflow/example_dags/example_sla_dag.py took 0.059 seconds
[2026-02-24T18:09:44.578+0000] {processor.py:186} INFO - Started process (PID=45059) to work on /home/ubuntu/airflow-venv/lib/python3.12/site-packages/airflow/example_dags/example_sla_dag.py
[2026-02-24T18:09:44.579+0000] {processor.py:914} INFO - Processing file /home/ubuntu/airflow-venv/lib/python3.12/site-packages/airflow/example_dags/example_sla_dag.py for tasks to queue
[2026-02-24T18:09:44.581+0000] {logging_mixin.py:190} INFO - [2026-02-24T18:09:44.581+0000] {dagbag.py:588} INFO - Filling up the DagBag from /home/ubuntu/airflow-venv/lib/python3.12/site-packages/airflow/example_dags/example_sla_dag.py
[2026-02-24T18:09:44.590+0000] {processor.py:925} INFO - DAG(s) 'example_sla_dag' retrieved from /home/ubuntu/airflow-venv/lib/python3.12/site-packages/airflow/example_dags/example_sla_dag.py
[2026-02-24T18:09:44.601+0000] {logging_mixin.py:190} INFO - [2026-02-24T18:09:44.601+0000] {dag.py:3239} INFO - Sync 1 DAGs
[2026-02-24T18:09:44.617+0000] {logging_mixin.py:190} INFO - [2026-02-24T18:09:44.617+0000] {dag.py:4180} INFO - Setting next_dagrun for example_sla_dag to 2026-02-24 18:06:00+00:00, run_after=2026-02-24 18:08:00+00:00
[2026-02-24T18:09:44.635+0000] {processor.py:208} INFO - Processing /home/ubuntu/airflow-venv/lib/python3.12/site-packages/airflow/example_dags/example_sla_dag.py took 0.061 seconds
[2026-02-24T18:10:35.750+0000] {processor.py:186} INFO - Started process (PID=45115) to work on /home/ubuntu/airflow-venv/lib/python3.12/site-packages/airflow/example_dags/example_sla_dag.py
[2026-02-24T18:10:35.751+0000] {processor.py:914} INFO - Processing file /home/ubuntu/airflow-venv/lib/python3.12/site-packages/airflow/example_dags/example_sla_dag.py for tasks to queue
[2026-02-24T18:10:35.753+0000] {logging_mixin.py:190} INFO - [2026-02-24T18:10:35.753+0000] {dagbag.py:588} INFO - Filling up the DagBag from /home/ubuntu/airflow-venv/lib/python3.12/site-packages/airflow/example_dags/example_sla_dag.py
[2026-02-24T18:10:35.761+0000] {processor.py:925} INFO - DAG(s) 'example_sla_dag' retrieved from /home/ubuntu/airflow-venv/lib/python3.12/site-packages/airflow/example_dags/example_sla_dag.py
[2026-02-24T18:10:35.772+0000] {logging_mixin.py:190} INFO - [2026-02-24T18:10:35.772+0000] {dag.py:3239} INFO - Sync 1 DAGs
[2026-02-24T18:10:35.787+0000] {logging_mixin.py:190} INFO - [2026-02-24T18:10:35.787+0000] {dag.py:4180} INFO - Setting next_dagrun for example_sla_dag to 2026-02-24 18:08:00+00:00, run_after=2026-02-24 18:10:00+00:00
[2026-02-24T18:10:35.804+0000] {processor.py:208} INFO - Processing /home/ubuntu/airflow-venv/lib/python3.12/site-packages/airflow/example_dags/example_sla_dag.py took 0.058 seconds
[2026-02-24T18:11:26.032+0000] {processor.py:186} INFO - Started process (PID=45167) to work on /home/ubuntu/airflow-venv/lib/python3.12/site-packages/airflow/example_dags/example_sla_dag.py
[2026-02-24T18:11:26.033+0000] {processor.py:914} INFO - Processing file /home/ubuntu/airflow-venv/lib/python3.12/site-packages/airflow/example_dags/example_sla_dag.py for tasks to queue
[2026-02-24T18:11:26.034+0000] {logging_mixin.py:190} INFO - [2026-02-24T18:11:26.034+0000] {dagbag.py:588} INFO - Filling up the DagBag from /home/ubuntu/airflow-venv/lib/python3.12/site-packages/airflow/example_dags/example_sla_dag.py
[2026-02-24T18:11:26.042+0000] {processor.py:925} INFO - DAG(s) 'example_sla_dag' retrieved from /home/ubuntu/airflow-venv/lib/python3.12/site-packages/airflow/example_dags/example_sla_dag.py
[2026-02-24T18:11:26.053+0000] {logging_mixin.py:190} INFO - [2026-02-24T18:11:26.053+0000] {dag.py:3239} INFO - Sync 1 DAGs
[2026-02-24T18:11:26.068+0000] {logging_mixin.py:190} INFO - [2026-02-24T18:11:26.068+0000] {dag.py:4180} INFO - Setting next_dagrun for example_sla_dag to 2026-02-24 18:08:00+00:00, run_after=2026-02-24 18:10:00+00:00
[2026-02-24T18:11:26.086+0000] {processor.py:208} INFO - Processing /home/ubuntu/airflow-venv/lib/python3.12/site-packages/airflow/example_dags/example_sla_dag.py took 0.058 seconds
[2026-02-24T18:12:17.352+0000] {processor.py:186} INFO - Started process (PID=45221) to work on /home/ubuntu/airflow-venv/lib/python3.12/site-packages/airflow/example_dags/example_sla_dag.py
[2026-02-24T18:12:17.354+0000] {processor.py:914} INFO - Processing file /home/ubuntu/airflow-venv/lib/python3.12/site-packages/airflow/example_dags/example_sla_dag.py for tasks to queue
[2026-02-24T18:12:17.355+0000] {logging_mixin.py:190} INFO - [2026-02-24T18:12:17.355+0000] {dagbag.py:588} INFO - Filling up the DagBag from /home/ubuntu/airflow-venv/lib/python3.12/site-packages/airflow/example_dags/example_sla_dag.py
[2026-02-24T18:12:17.363+0000] {processor.py:925} INFO - DAG(s) 'example_sla_dag' retrieved from /home/ubuntu/airflow-venv/lib/python3.12/site-packages/airflow/example_dags/example_sla_dag.py
[2026-02-24T18:12:17.374+0000] {logging_mixin.py:190} INFO - [2026-02-24T18:12:17.374+0000] {dag.py:3239} INFO - Sync 1 DAGs
[2026-02-24T18:12:17.391+0000] {logging_mixin.py:190} INFO - [2026-02-24T18:12:17.390+0000] {dag.py:4180} INFO - Setting next_dagrun for example_sla_dag to 2026-02-24 18:10:00+00:00, run_after=2026-02-24 18:12:00+00:00
[2026-02-24T18:12:17.408+0000] {processor.py:208} INFO - Processing /home/ubuntu/airflow-venv/lib/python3.12/site-packages/airflow/example_dags/example_sla_dag.py took 0.060 seconds
[2026-02-24T18:13:08.717+0000] {processor.py:186} INFO - Started process (PID=45275) to work on /home/ubuntu/airflow-venv/lib/python3.12/site-packages/airflow/example_dags/example_sla_dag.py
[2026-02-24T18:13:08.718+0000] {processor.py:914} INFO - Processing file /home/ubuntu/airflow-venv/lib/python3.12/site-packages/airflow/example_dags/example_sla_dag.py for tasks to queue
[2026-02-24T18:13:08.720+0000] {logging_mixin.py:190} INFO - [2026-02-24T18:13:08.719+0000] {dagbag.py:588} INFO - Filling up the DagBag from /home/ubuntu/airflow-venv/lib/python3.12/site-packages/airflow/example_dags/example_sla_dag.py
[2026-02-24T18:13:08.727+0000] {processor.py:925} INFO - DAG(s) 'example_sla_dag' retrieved from /home/ubuntu/airflow-venv/lib/python3.12/site-packages/airflow/example_dags/example_sla_dag.py
[2026-02-24T18:13:08.738+0000] {logging_mixin.py:190} INFO - [2026-02-24T18:13:08.738+0000] {dag.py:3239} INFO - Sync 1 DAGs
[2026-02-24T18:13:08.753+0000] {logging_mixin.py:190} INFO - [2026-02-24T18:13:08.753+0000] {dag.py:4180} INFO - Setting next_dagrun for example_sla_dag to 2026-02-24 18:10:00+00:00, run_after=2026-02-24 18:12:00+00:00
[2026-02-24T18:13:08.771+0000] {processor.py:208} INFO - Processing /home/ubuntu/airflow-venv/lib/python3.12/site-packages/airflow/example_dags/example_sla_dag.py took 0.058 seconds
[2026-02-24T18:13:55.653+0000] {processor.py:186} INFO - Started process (PID=45325) to work on /home/ubuntu/airflow-venv/lib/python3.12/site-packages/airflow/example_dags/example_sla_dag.py
[2026-02-24T18:13:55.654+0000] {processor.py:914} INFO - Processing file /home/ubuntu/airflow-venv/lib/python3.12/site-packages/airflow/example_dags/example_sla_dag.py for tasks to queue
[2026-02-24T18:13:55.656+0000] {logging_mixin.py:190} INFO - [2026-02-24T18:13:55.656+0000] {dagbag.py:588} INFO - Filling up the DagBag from /home/ubuntu/airflow-venv/lib/python3.12/site-packages/airflow/example_dags/example_sla_dag.py
[2026-02-24T18:13:55.664+0000] {processor.py:925} INFO - DAG(s) 'example_sla_dag' retrieved from /home/ubuntu/airflow-venv/lib/python3.12/site-packages/airflow/example_dags/example_sla_dag.py
[2026-02-24T18:13:55.675+0000] {logging_mixin.py:190} INFO - [2026-02-24T18:13:55.675+0000] {dag.py:3239} INFO - Sync 1 DAGs
[2026-02-24T18:13:55.690+0000] {logging_mixin.py:190} INFO - [2026-02-24T18:13:55.690+0000] {dag.py:4180} INFO - Setting next_dagrun for example_sla_dag to 2026-02-24 18:10:00+00:00, run_after=2026-02-24 18:12:00+00:00
[2026-02-24T18:13:55.707+0000] {processor.py:208} INFO - Processing /home/ubuntu/airflow-venv/lib/python3.12/site-packages/airflow/example_dags/example_sla_dag.py took 0.058 seconds
[2026-02-24T18:14:47.190+0000] {processor.py:186} INFO - Started process (PID=45377) to work on /home/ubuntu/airflow-venv/lib/python3.12/site-packages/airflow/example_dags/example_sla_dag.py
[2026-02-24T18:14:47.191+0000] {processor.py:914} INFO - Processing file /home/ubuntu/airflow-venv/lib/python3.12/site-packages/airflow/example_dags/example_sla_dag.py for tasks to queue
[2026-02-24T18:14:47.193+0000] {logging_mixin.py:190} INFO - [2026-02-24T18:14:47.193+0000] {dagbag.py:588} INFO - Filling up the DagBag from /home/ubuntu/airflow-venv/lib/python3.12/site-packages/airflow/example_dags/example_sla_dag.py
[2026-02-24T18:14:47.201+0000] {processor.py:925} INFO - DAG(s) 'example_sla_dag' retrieved from /home/ubuntu/airflow-venv/lib/python3.12/site-packages/airflow/example_dags/example_sla_dag.py
[2026-02-24T18:14:47.212+0000] {logging_mixin.py:190} INFO - [2026-02-24T18:14:47.212+0000] {dag.py:3239} INFO - Sync 1 DAGs
[2026-02-24T18:14:47.228+0000] {logging_mixin.py:190} INFO - [2026-02-24T18:14:47.228+0000] {dag.py:4180} INFO - Setting next_dagrun for example_sla_dag to 2026-02-24 18:12:00+00:00, run_after=2026-02-24 18:14:00+00:00
[2026-02-24T18:14:47.246+0000] {processor.py:208} INFO - Processing /home/ubuntu/airflow-venv/lib/python3.12/site-packages/airflow/example_dags/example_sla_dag.py took 0.061 seconds
[2026-02-24T18:15:37.682+0000] {processor.py:186} INFO - Started process (PID=45433) to work on /home/ubuntu/airflow-venv/lib/python3.12/site-packages/airflow/example_dags/example_sla_dag.py
[2026-02-24T18:15:37.683+0000] {processor.py:914} INFO - Processing file /home/ubuntu/airflow-venv/lib/python3.12/site-packages/airflow/example_dags/example_sla_dag.py for tasks to queue
[2026-02-24T18:15:37.685+0000] {logging_mixin.py:190} INFO - [2026-02-24T18:15:37.684+0000] {dagbag.py:588} INFO - Filling up the DagBag from /home/ubuntu/airflow-venv/lib/python3.12/site-packages/airflow/example_dags/example_sla_dag.py
[2026-02-24T18:15:37.692+0000] {processor.py:925} INFO - DAG(s) 'example_sla_dag' retrieved from /home/ubuntu/airflow-venv/lib/python3.12/site-packages/airflow/example_dags/example_sla_dag.py
[2026-02-24T18:15:37.703+0000] {logging_mixin.py:190} INFO - [2026-02-24T18:15:37.703+0000] {dag.py:3239} INFO - Sync 1 DAGs
[2026-02-24T18:15:37.719+0000] {logging_mixin.py:190} INFO - [2026-02-24T18:15:37.719+0000] {dag.py:4180} INFO - Setting next_dagrun for example_sla_dag to 2026-02-24 18:12:00+00:00, run_after=2026-02-24 18:14:00+00:00
[2026-02-24T18:15:37.738+0000] {processor.py:208} INFO - Processing /home/ubuntu/airflow-venv/lib/python3.12/site-packages/airflow/example_dags/example_sla_dag.py took 0.060 seconds
[2026-02-24T18:16:27.918+0000] {processor.py:186} INFO - Started process (PID=45487) to work on /home/ubuntu/airflow-venv/lib/python3.12/site-packages/airflow/example_dags/example_sla_dag.py
[2026-02-24T18:16:27.919+0000] {processor.py:914} INFO - Processing file /home/ubuntu/airflow-venv/lib/python3.12/site-packages/airflow/example_dags/example_sla_dag.py for tasks to queue
[2026-02-24T18:16:27.921+0000] {logging_mixin.py:190} INFO - [2026-02-24T18:16:27.920+0000] {dagbag.py:588} INFO - Filling up the DagBag from /home/ubuntu/airflow-venv/lib/python3.12/site-packages/airflow/example_dags/example_sla_dag.py
[2026-02-24T18:16:27.929+0000] {processor.py:925} INFO - DAG(s) 'example_sla_dag' retrieved from /home/ubuntu/airflow-venv/lib/python3.12/site-packages/airflow/example_dags/example_sla_dag.py
[2026-02-24T18:16:27.941+0000] {logging_mixin.py:190} INFO - [2026-02-24T18:16:27.940+0000] {dag.py:3239} INFO - Sync 1 DAGs
[2026-02-24T18:16:27.956+0000] {logging_mixin.py:190} INFO - [2026-02-24T18:16:27.956+0000] {dag.py:4180} INFO - Setting next_dagrun for example_sla_dag to 2026-02-24 18:14:00+00:00, run_after=2026-02-24 18:16:00+00:00
[2026-02-24T18:16:27.974+0000] {processor.py:208} INFO - Processing /home/ubuntu/airflow-venv/lib/python3.12/site-packages/airflow/example_dags/example_sla_dag.py took 0.060 seconds
[2026-02-24T18:17:18.137+0000] {processor.py:186} INFO - Started process (PID=45543) to work on /home/ubuntu/airflow-venv/lib/python3.12/site-packages/airflow/example_dags/example_sla_dag.py
[2026-02-24T18:17:18.139+0000] {processor.py:914} INFO - Processing file /home/ubuntu/airflow-venv/lib/python3.12/site-packages/airflow/example_dags/example_sla_dag.py for tasks to queue
[2026-02-24T18:17:18.140+0000] {logging_mixin.py:190} INFO - [2026-02-24T18:17:18.140+0000] {dagbag.py:588} INFO - Filling up the DagBag from /home/ubuntu/airflow-venv/lib/python3.12/site-packages/airflow/example_dags/example_sla_dag.py
[2026-02-24T18:17:18.148+0000] {processor.py:925} INFO - DAG(s) 'example_sla_dag' retrieved from /home/ubuntu/airflow-venv/lib/python3.12/site-packages/airflow/example_dags/example_sla_dag.py
[2026-02-24T18:17:18.159+0000] {logging_mixin.py:190} INFO - [2026-02-24T18:17:18.159+0000] {dag.py:3239} INFO - Sync 1 DAGs
[2026-02-24T18:17:18.175+0000] {logging_mixin.py:190} INFO - [2026-02-24T18:17:18.175+0000] {dag.py:4180} INFO - Setting next_dagrun for example_sla_dag to 2026-02-24 18:14:00+00:00, run_after=2026-02-24 18:16:00+00:00
[2026-02-24T18:17:18.192+0000] {processor.py:208} INFO - Processing /home/ubuntu/airflow-venv/lib/python3.12/site-packages/airflow/example_dags/example_sla_dag.py took 0.059 seconds
[2026-02-24T18:18:11.638+0000] {processor.py:186} INFO - Started process (PID=45599) to work on /home/ubuntu/airflow-venv/lib/python3.12/site-packages/airflow/example_dags/example_sla_dag.py
[2026-02-24T18:18:11.640+0000] {processor.py:914} INFO - Processing file /home/ubuntu/airflow-venv/lib/python3.12/site-packages/airflow/example_dags/example_sla_dag.py for tasks to queue
[2026-02-24T18:18:11.641+0000] {logging_mixin.py:190} INFO - [2026-02-24T18:18:11.641+0000] {dagbag.py:588} INFO - Filling up the DagBag from /home/ubuntu/airflow-venv/lib/python3.12/site-packages/airflow/example_dags/example_sla_dag.py
[2026-02-24T18:18:11.649+0000] {processor.py:925} INFO - DAG(s) 'example_sla_dag' retrieved from /home/ubuntu/airflow-venv/lib/python3.12/site-packages/airflow/example_dags/example_sla_dag.py
[2026-02-24T18:18:11.660+0000] {logging_mixin.py:190} INFO - [2026-02-24T18:18:11.660+0000] {dag.py:3239} INFO - Sync 1 DAGs
[2026-02-24T18:18:11.675+0000] {logging_mixin.py:190} INFO - [2026-02-24T18:18:11.675+0000] {dag.py:4180} INFO - Setting next_dagrun for example_sla_dag to 2026-02-24 18:16:00+00:00, run_after=2026-02-24 18:18:00+00:00
[2026-02-24T18:18:11.692+0000] {processor.py:208} INFO - Processing /home/ubuntu/airflow-venv/lib/python3.12/site-packages/airflow/example_dags/example_sla_dag.py took 0.058 seconds
[2026-02-24T18:19:02.984+0000] {processor.py:186} INFO - Started process (PID=45650) to work on /home/ubuntu/airflow-venv/lib/python3.12/site-packages/airflow/example_dags/example_sla_dag.py
[2026-02-24T18:19:02.985+0000] {processor.py:914} INFO - Processing file /home/ubuntu/airflow-venv/lib/python3.12/site-packages/airflow/example_dags/example_sla_dag.py for tasks to queue
[2026-02-24T18:19:02.987+0000] {logging_mixin.py:190} INFO - [2026-02-24T18:19:02.987+0000] {dagbag.py:588} INFO - Filling up the DagBag from /home/ubuntu/airflow-venv/lib/python3.12/site-packages/airflow/example_dags/example_sla_dag.py
[2026-02-24T18:19:02.995+0000] {processor.py:925} INFO - DAG(s) 'example_sla_dag' retrieved from /home/ubuntu/airflow-venv/lib/python3.12/site-packages/airflow/example_dags/example_sla_dag.py
[2026-02-24T18:19:03.006+0000] {logging_mixin.py:190} INFO - [2026-02-24T18:19:03.006+0000] {dag.py:3239} INFO - Sync 1 DAGs
[2026-02-24T18:19:03.022+0000] {logging_mixin.py:190} INFO - [2026-02-24T18:19:03.022+0000] {dag.py:4180} INFO - Setting next_dagrun for example_sla_dag to 2026-02-24 18:16:00+00:00, run_after=2026-02-24 18:18:00+00:00
[2026-02-24T18:19:03.039+0000] {processor.py:208} INFO - Processing /home/ubuntu/airflow-venv/lib/python3.12/site-packages/airflow/example_dags/example_sla_dag.py took 0.060 seconds
[2026-02-24T18:19:53.851+0000] {processor.py:186} INFO - Started process (PID=45704) to work on /home/ubuntu/airflow-venv/lib/python3.12/site-packages/airflow/example_dags/example_sla_dag.py
[2026-02-24T18:19:53.852+0000] {processor.py:914} INFO - Processing file /home/ubuntu/airflow-venv/lib/python3.12/site-packages/airflow/example_dags/example_sla_dag.py for tasks to queue
[2026-02-24T18:19:53.854+0000] {logging_mixin.py:190} INFO - [2026-02-24T18:19:53.853+0000] {dagbag.py:588} INFO - Filling up the DagBag from /home/ubuntu/airflow-venv/lib/python3.12/site-packages/airflow/example_dags/example_sla_dag.py
[2026-02-24T18:19:53.861+0000] {processor.py:925} INFO - DAG(s) 'example_sla_dag' retrieved from /home/ubuntu/airflow-venv/lib/python3.12/site-packages/airflow/example_dags/example_sla_dag.py
[2026-02-24T18:19:53.872+0000] {logging_mixin.py:190} INFO - [2026-02-24T18:19:53.872+0000] {dag.py:3239} INFO - Sync 1 DAGs
[2026-02-24T18:19:53.888+0000] {logging_mixin.py:190} INFO - [2026-02-24T18:19:53.888+0000] {dag.py:4180} INFO - Setting next_dagrun for example_sla_dag to 2026-02-24 18:16:00+00:00, run_after=2026-02-24 18:18:00+00:00
[2026-02-24T18:19:53.907+0000] {processor.py:208} INFO - Processing /home/ubuntu/airflow-venv/lib/python3.12/site-packages/airflow/example_dags/example_sla_dag.py took 0.061 seconds
