[2026-02-24T17:59:04.955+0000] {processor.py:186} INFO - Started process (PID=43644) to work on /home/ubuntu/airflow-venv/lib/python3.12/site-packages/airflow/example_dags/example_workday_timetable.py
[2026-02-24T17:59:04.956+0000] {processor.py:914} INFO - Processing file /home/ubuntu/airflow-venv/lib/python3.12/site-packages/airflow/example_dags/example_workday_timetable.py for tasks to queue
[2026-02-24T17:59:04.957+0000] {logging_mixin.py:190} INFO - [2026-02-24T17:59:04.957+0000] {dagbag.py:588} INFO - Filling up the DagBag from /home/ubuntu/airflow-venv/lib/python3.12/site-packages/airflow/example_dags/example_workday_timetable.py
[2026-02-24T17:59:04.962+0000] {processor.py:925} INFO - DAG(s) 'example_workday_timetable' retrieved from /home/ubuntu/airflow-venv/lib/python3.12/site-packages/airflow/example_dags/example_workday_timetable.py
[2026-02-24T17:59:05.040+0000] {logging_mixin.py:190} INFO - [2026-02-24T17:59:05.040+0000] {override.py:1900} INFO - Created Permission View: can edit on DAG:example_workday_timetable
[2026-02-24T17:59:05.051+0000] {logging_mixin.py:190} INFO - [2026-02-24T17:59:05.051+0000] {override.py:1900} INFO - Created Permission View: can delete on DAG:example_workday_timetable
[2026-02-24T17:59:05.059+0000] {logging_mixin.py:190} INFO - [2026-02-24T17:59:05.059+0000] {override.py:1900} INFO - Created Permission View: can read on DAG:example_workday_timetable
[2026-02-24T17:59:05.074+0000] {logging_mixin.py:190} INFO - [2026-02-24T17:59:05.073+0000] {override.py:1900} INFO - Created Permission View: can delete on DAG Run:example_workday_timetable
[2026-02-24T17:59:05.082+0000] {logging_mixin.py:190} INFO - [2026-02-24T17:59:05.082+0000] {override.py:1900} INFO - Created Permission View: menu access on DAG Run:example_workday_timetable
[2026-02-24T17:59:05.092+0000] {logging_mixin.py:190} INFO - [2026-02-24T17:59:05.092+0000] {override.py:1900} INFO - Created Permission View: can create on DAG Run:example_workday_timetable
[2026-02-24T17:59:05.101+0000] {logging_mixin.py:190} INFO - [2026-02-24T17:59:05.101+0000] {override.py:1900} INFO - Created Permission View: can read on DAG Run:example_workday_timetable
[2026-02-24T17:59:05.102+0000] {logging_mixin.py:190} INFO - [2026-02-24T17:59:05.102+0000] {dag.py:3239} INFO - Sync 1 DAGs
[2026-02-24T17:59:05.109+0000] {logging_mixin.py:190} INFO - [2026-02-24T17:59:05.109+0000] {dag.py:3262} INFO - Creating ORM DAG for example_workday_timetable
[2026-02-24T17:59:05.116+0000] {logging_mixin.py:190} INFO - [2026-02-24T17:59:05.116+0000] {dag.py:4180} INFO - Setting next_dagrun for example_workday_timetable to 2021-01-01 00:00:00+00:00, run_after=2021-01-02 00:00:00+00:00
[2026-02-24T17:59:05.134+0000] {processor.py:208} INFO - Processing /home/ubuntu/airflow-venv/lib/python3.12/site-packages/airflow/example_dags/example_workday_timetable.py took 0.183 seconds
[2026-02-24T18:00:05.823+0000] {processor.py:186} INFO - Started process (PID=43701) to work on /home/ubuntu/airflow-venv/lib/python3.12/site-packages/airflow/example_dags/example_workday_timetable.py
[2026-02-24T18:00:05.824+0000] {processor.py:914} INFO - Processing file /home/ubuntu/airflow-venv/lib/python3.12/site-packages/airflow/example_dags/example_workday_timetable.py for tasks to queue
[2026-02-24T18:00:05.826+0000] {logging_mixin.py:190} INFO - [2026-02-24T18:00:05.826+0000] {dagbag.py:588} INFO - Filling up the DagBag from /home/ubuntu/airflow-venv/lib/python3.12/site-packages/airflow/example_dags/example_workday_timetable.py
[2026-02-24T18:00:05.830+0000] {processor.py:925} INFO - DAG(s) 'example_workday_timetable' retrieved from /home/ubuntu/airflow-venv/lib/python3.12/site-packages/airflow/example_dags/example_workday_timetable.py
[2026-02-24T18:00:05.841+0000] {logging_mixin.py:190} INFO - [2026-02-24T18:00:05.841+0000] {dag.py:3239} INFO - Sync 1 DAGs
[2026-02-24T18:00:05.855+0000] {logging_mixin.py:190} INFO - [2026-02-24T18:00:05.855+0000] {dag.py:4180} INFO - Setting next_dagrun for example_workday_timetable to 2021-01-01 00:00:00+00:00, run_after=2021-01-02 00:00:00+00:00
[2026-02-24T18:00:05.873+0000] {processor.py:208} INFO - Processing /home/ubuntu/airflow-venv/lib/python3.12/site-packages/airflow/example_dags/example_workday_timetable.py took 0.054 seconds
[2026-02-24T18:00:58.228+0000] {processor.py:186} INFO - Started process (PID=43765) to work on /home/ubuntu/airflow-venv/lib/python3.12/site-packages/airflow/example_dags/example_workday_timetable.py
[2026-02-24T18:00:58.229+0000] {processor.py:914} INFO - Processing file /home/ubuntu/airflow-venv/lib/python3.12/site-packages/airflow/example_dags/example_workday_timetable.py for tasks to queue
[2026-02-24T18:00:58.231+0000] {logging_mixin.py:190} INFO - [2026-02-24T18:00:58.230+0000] {dagbag.py:588} INFO - Filling up the DagBag from /home/ubuntu/airflow-venv/lib/python3.12/site-packages/airflow/example_dags/example_workday_timetable.py
[2026-02-24T18:00:58.235+0000] {processor.py:925} INFO - DAG(s) 'example_workday_timetable' retrieved from /home/ubuntu/airflow-venv/lib/python3.12/site-packages/airflow/example_dags/example_workday_timetable.py
[2026-02-24T18:00:58.247+0000] {logging_mixin.py:190} INFO - [2026-02-24T18:00:58.247+0000] {dag.py:3239} INFO - Sync 1 DAGs
[2026-02-24T18:00:58.261+0000] {logging_mixin.py:190} INFO - [2026-02-24T18:00:58.261+0000] {dag.py:4180} INFO - Setting next_dagrun for example_workday_timetable to 2021-01-01 00:00:00+00:00, run_after=2021-01-02 00:00:00+00:00
[2026-02-24T18:00:58.279+0000] {processor.py:208} INFO - Processing /home/ubuntu/airflow-venv/lib/python3.12/site-packages/airflow/example_dags/example_workday_timetable.py took 0.055 seconds
[2026-02-24T18:01:48.429+0000] {processor.py:186} INFO - Started process (PID=43815) to work on /home/ubuntu/airflow-venv/lib/python3.12/site-packages/airflow/example_dags/example_workday_timetable.py
[2026-02-24T18:01:48.430+0000] {processor.py:914} INFO - Processing file /home/ubuntu/airflow-venv/lib/python3.12/site-packages/airflow/example_dags/example_workday_timetable.py for tasks to queue
[2026-02-24T18:01:48.432+0000] {logging_mixin.py:190} INFO - [2026-02-24T18:01:48.431+0000] {dagbag.py:588} INFO - Filling up the DagBag from /home/ubuntu/airflow-venv/lib/python3.12/site-packages/airflow/example_dags/example_workday_timetable.py
[2026-02-24T18:01:48.436+0000] {processor.py:925} INFO - DAG(s) 'example_workday_timetable' retrieved from /home/ubuntu/airflow-venv/lib/python3.12/site-packages/airflow/example_dags/example_workday_timetable.py
[2026-02-24T18:01:48.447+0000] {logging_mixin.py:190} INFO - [2026-02-24T18:01:48.447+0000] {dag.py:3239} INFO - Sync 1 DAGs
[2026-02-24T18:01:48.461+0000] {logging_mixin.py:190} INFO - [2026-02-24T18:01:48.461+0000] {dag.py:4180} INFO - Setting next_dagrun for example_workday_timetable to 2021-01-01 00:00:00+00:00, run_after=2021-01-02 00:00:00+00:00
[2026-02-24T18:01:48.479+0000] {processor.py:208} INFO - Processing /home/ubuntu/airflow-venv/lib/python3.12/site-packages/airflow/example_dags/example_workday_timetable.py took 0.054 seconds
[2026-02-24T18:02:42.956+0000] {processor.py:186} INFO - Started process (PID=44238) to work on /home/ubuntu/airflow-venv/lib/python3.12/site-packages/airflow/example_dags/example_workday_timetable.py
[2026-02-24T18:02:42.957+0000] {processor.py:914} INFO - Processing file /home/ubuntu/airflow-venv/lib/python3.12/site-packages/airflow/example_dags/example_workday_timetable.py for tasks to queue
[2026-02-24T18:02:42.959+0000] {logging_mixin.py:190} INFO - [2026-02-24T18:02:42.959+0000] {dagbag.py:588} INFO - Filling up the DagBag from /home/ubuntu/airflow-venv/lib/python3.12/site-packages/airflow/example_dags/example_workday_timetable.py
[2026-02-24T18:02:42.964+0000] {processor.py:925} INFO - DAG(s) 'example_workday_timetable' retrieved from /home/ubuntu/airflow-venv/lib/python3.12/site-packages/airflow/example_dags/example_workday_timetable.py
[2026-02-24T18:02:43.160+0000] {logging_mixin.py:190} INFO - [2026-02-24T18:02:43.160+0000] {dag.py:3239} INFO - Sync 1 DAGs
[2026-02-24T18:02:43.212+0000] {logging_mixin.py:190} INFO - [2026-02-24T18:02:43.212+0000] {dag.py:4180} INFO - Setting next_dagrun for example_workday_timetable to 2021-01-01 00:00:00+00:00, run_after=2021-01-02 00:00:00+00:00
[2026-02-24T18:02:43.696+0000] {processor.py:208} INFO - Processing /home/ubuntu/airflow-venv/lib/python3.12/site-packages/airflow/example_dags/example_workday_timetable.py took 0.745 seconds
[2026-02-24T18:03:34.873+0000] {processor.py:186} INFO - Started process (PID=44298) to work on /home/ubuntu/airflow-venv/lib/python3.12/site-packages/airflow/example_dags/example_workday_timetable.py
[2026-02-24T18:03:34.874+0000] {processor.py:914} INFO - Processing file /home/ubuntu/airflow-venv/lib/python3.12/site-packages/airflow/example_dags/example_workday_timetable.py for tasks to queue
[2026-02-24T18:03:34.876+0000] {logging_mixin.py:190} INFO - [2026-02-24T18:03:34.876+0000] {dagbag.py:588} INFO - Filling up the DagBag from /home/ubuntu/airflow-venv/lib/python3.12/site-packages/airflow/example_dags/example_workday_timetable.py
[2026-02-24T18:03:34.881+0000] {processor.py:925} INFO - DAG(s) 'example_workday_timetable' retrieved from /home/ubuntu/airflow-venv/lib/python3.12/site-packages/airflow/example_dags/example_workday_timetable.py
[2026-02-24T18:03:34.891+0000] {logging_mixin.py:190} INFO - [2026-02-24T18:03:34.891+0000] {dag.py:3239} INFO - Sync 1 DAGs
[2026-02-24T18:03:34.905+0000] {logging_mixin.py:190} INFO - [2026-02-24T18:03:34.905+0000] {dag.py:4180} INFO - Setting next_dagrun for example_workday_timetable to 2021-01-01 00:00:00+00:00, run_after=2021-01-02 00:00:00+00:00
[2026-02-24T18:03:34.923+0000] {processor.py:208} INFO - Processing /home/ubuntu/airflow-venv/lib/python3.12/site-packages/airflow/example_dags/example_workday_timetable.py took 0.054 seconds
[2026-02-24T18:04:23.277+0000] {processor.py:186} INFO - Started process (PID=44715) to work on /home/ubuntu/airflow-venv/lib/python3.12/site-packages/airflow/example_dags/example_workday_timetable.py
[2026-02-24T18:04:23.278+0000] {processor.py:914} INFO - Processing file /home/ubuntu/airflow-venv/lib/python3.12/site-packages/airflow/example_dags/example_workday_timetable.py for tasks to queue
[2026-02-24T18:04:23.280+0000] {logging_mixin.py:190} INFO - [2026-02-24T18:04:23.280+0000] {dagbag.py:588} INFO - Filling up the DagBag from /home/ubuntu/airflow-venv/lib/python3.12/site-packages/airflow/example_dags/example_workday_timetable.py
[2026-02-24T18:04:23.284+0000] {processor.py:925} INFO - DAG(s) 'example_workday_timetable' retrieved from /home/ubuntu/airflow-venv/lib/python3.12/site-packages/airflow/example_dags/example_workday_timetable.py
[2026-02-24T18:04:23.295+0000] {logging_mixin.py:190} INFO - [2026-02-24T18:04:23.295+0000] {dag.py:3239} INFO - Sync 1 DAGs
[2026-02-24T18:04:23.309+0000] {logging_mixin.py:190} INFO - [2026-02-24T18:04:23.309+0000] {dag.py:4180} INFO - Setting next_dagrun for example_workday_timetable to 2021-01-01 00:00:00+00:00, run_after=2021-01-02 00:00:00+00:00
[2026-02-24T18:04:23.327+0000] {processor.py:208} INFO - Processing /home/ubuntu/airflow-venv/lib/python3.12/site-packages/airflow/example_dags/example_workday_timetable.py took 0.055 seconds
[2026-02-24T18:05:12.698+0000] {processor.py:186} INFO - Started process (PID=44770) to work on /home/ubuntu/airflow-venv/lib/python3.12/site-packages/airflow/example_dags/example_workday_timetable.py
[2026-02-24T18:05:12.700+0000] {processor.py:914} INFO - Processing file /home/ubuntu/airflow-venv/lib/python3.12/site-packages/airflow/example_dags/example_workday_timetable.py for tasks to queue
[2026-02-24T18:05:12.701+0000] {logging_mixin.py:190} INFO - [2026-02-24T18:05:12.701+0000] {dagbag.py:588} INFO - Filling up the DagBag from /home/ubuntu/airflow-venv/lib/python3.12/site-packages/airflow/example_dags/example_workday_timetable.py
[2026-02-24T18:05:12.706+0000] {processor.py:925} INFO - DAG(s) 'example_workday_timetable' retrieved from /home/ubuntu/airflow-venv/lib/python3.12/site-packages/airflow/example_dags/example_workday_timetable.py
[2026-02-24T18:05:12.717+0000] {logging_mixin.py:190} INFO - [2026-02-24T18:05:12.717+0000] {dag.py:3239} INFO - Sync 1 DAGs
[2026-02-24T18:05:12.824+0000] {logging_mixin.py:190} INFO - [2026-02-24T18:05:12.824+0000] {dag.py:4180} INFO - Setting next_dagrun for example_workday_timetable to 2021-01-01 00:00:00+00:00, run_after=2021-01-02 00:00:00+00:00
[2026-02-24T18:05:12.841+0000] {processor.py:208} INFO - Processing /home/ubuntu/airflow-venv/lib/python3.12/site-packages/airflow/example_dags/example_workday_timetable.py took 0.146 seconds
[2026-02-24T18:06:09.827+0000] {processor.py:186} INFO - Started process (PID=44833) to work on /home/ubuntu/airflow-venv/lib/python3.12/site-packages/airflow/example_dags/example_workday_timetable.py
[2026-02-24T18:06:09.828+0000] {processor.py:914} INFO - Processing file /home/ubuntu/airflow-venv/lib/python3.12/site-packages/airflow/example_dags/example_workday_timetable.py for tasks to queue
[2026-02-24T18:06:09.830+0000] {logging_mixin.py:190} INFO - [2026-02-24T18:06:09.830+0000] {dagbag.py:588} INFO - Filling up the DagBag from /home/ubuntu/airflow-venv/lib/python3.12/site-packages/airflow/example_dags/example_workday_timetable.py
[2026-02-24T18:06:09.835+0000] {processor.py:925} INFO - DAG(s) 'example_workday_timetable' retrieved from /home/ubuntu/airflow-venv/lib/python3.12/site-packages/airflow/example_dags/example_workday_timetable.py
[2026-02-24T18:06:09.846+0000] {logging_mixin.py:190} INFO - [2026-02-24T18:06:09.846+0000] {dag.py:3239} INFO - Sync 1 DAGs
[2026-02-24T18:06:09.861+0000] {logging_mixin.py:190} INFO - [2026-02-24T18:06:09.860+0000] {dag.py:4180} INFO - Setting next_dagrun for example_workday_timetable to 2021-01-01 00:00:00+00:00, run_after=2021-01-02 00:00:00+00:00
[2026-02-24T18:06:09.880+0000] {processor.py:208} INFO - Processing /home/ubuntu/airflow-venv/lib/python3.12/site-packages/airflow/example_dags/example_workday_timetable.py took 0.057 seconds
[2026-02-24T18:07:05.001+0000] {processor.py:186} INFO - Started process (PID=44890) to work on /home/ubuntu/airflow-venv/lib/python3.12/site-packages/airflow/example_dags/example_workday_timetable.py
[2026-02-24T18:07:05.002+0000] {processor.py:914} INFO - Processing file /home/ubuntu/airflow-venv/lib/python3.12/site-packages/airflow/example_dags/example_workday_timetable.py for tasks to queue
[2026-02-24T18:07:05.004+0000] {logging_mixin.py:190} INFO - [2026-02-24T18:07:05.004+0000] {dagbag.py:588} INFO - Filling up the DagBag from /home/ubuntu/airflow-venv/lib/python3.12/site-packages/airflow/example_dags/example_workday_timetable.py
[2026-02-24T18:07:05.009+0000] {processor.py:925} INFO - DAG(s) 'example_workday_timetable' retrieved from /home/ubuntu/airflow-venv/lib/python3.12/site-packages/airflow/example_dags/example_workday_timetable.py
[2026-02-24T18:07:05.020+0000] {logging_mixin.py:190} INFO - [2026-02-24T18:07:05.020+0000] {dag.py:3239} INFO - Sync 1 DAGs
[2026-02-24T18:07:05.035+0000] {logging_mixin.py:190} INFO - [2026-02-24T18:07:05.035+0000] {dag.py:4180} INFO - Setting next_dagrun for example_workday_timetable to 2021-01-01 00:00:00+00:00, run_after=2021-01-02 00:00:00+00:00
[2026-02-24T18:07:05.053+0000] {processor.py:208} INFO - Processing /home/ubuntu/airflow-venv/lib/python3.12/site-packages/airflow/example_dags/example_workday_timetable.py took 0.057 seconds
[2026-02-24T18:07:53.013+0000] {processor.py:186} INFO - Started process (PID=44942) to work on /home/ubuntu/airflow-venv/lib/python3.12/site-packages/airflow/example_dags/example_workday_timetable.py
[2026-02-24T18:07:53.014+0000] {processor.py:914} INFO - Processing file /home/ubuntu/airflow-venv/lib/python3.12/site-packages/airflow/example_dags/example_workday_timetable.py for tasks to queue
[2026-02-24T18:07:53.016+0000] {logging_mixin.py:190} INFO - [2026-02-24T18:07:53.016+0000] {dagbag.py:588} INFO - Filling up the DagBag from /home/ubuntu/airflow-venv/lib/python3.12/site-packages/airflow/example_dags/example_workday_timetable.py
[2026-02-24T18:07:53.021+0000] {processor.py:925} INFO - DAG(s) 'example_workday_timetable' retrieved from /home/ubuntu/airflow-venv/lib/python3.12/site-packages/airflow/example_dags/example_workday_timetable.py
[2026-02-24T18:07:53.032+0000] {logging_mixin.py:190} INFO - [2026-02-24T18:07:53.031+0000] {dag.py:3239} INFO - Sync 1 DAGs
[2026-02-24T18:07:53.046+0000] {logging_mixin.py:190} INFO - [2026-02-24T18:07:53.046+0000] {dag.py:4180} INFO - Setting next_dagrun for example_workday_timetable to 2021-01-01 00:00:00+00:00, run_after=2021-01-02 00:00:00+00:00
[2026-02-24T18:07:53.064+0000] {processor.py:208} INFO - Processing /home/ubuntu/airflow-venv/lib/python3.12/site-packages/airflow/example_dags/example_workday_timetable.py took 0.055 seconds
[2026-02-24T18:08:44.055+0000] {processor.py:186} INFO - Started process (PID=44994) to work on /home/ubuntu/airflow-venv/lib/python3.12/site-packages/airflow/example_dags/example_workday_timetable.py
[2026-02-24T18:08:44.056+0000] {processor.py:914} INFO - Processing file /home/ubuntu/airflow-venv/lib/python3.12/site-packages/airflow/example_dags/example_workday_timetable.py for tasks to queue
[2026-02-24T18:08:44.058+0000] {logging_mixin.py:190} INFO - [2026-02-24T18:08:44.058+0000] {dagbag.py:588} INFO - Filling up the DagBag from /home/ubuntu/airflow-venv/lib/python3.12/site-packages/airflow/example_dags/example_workday_timetable.py
[2026-02-24T18:08:44.063+0000] {processor.py:925} INFO - DAG(s) 'example_workday_timetable' retrieved from /home/ubuntu/airflow-venv/lib/python3.12/site-packages/airflow/example_dags/example_workday_timetable.py
[2026-02-24T18:08:44.074+0000] {logging_mixin.py:190} INFO - [2026-02-24T18:08:44.074+0000] {dag.py:3239} INFO - Sync 1 DAGs
[2026-02-24T18:08:44.089+0000] {logging_mixin.py:190} INFO - [2026-02-24T18:08:44.089+0000] {dag.py:4180} INFO - Setting next_dagrun for example_workday_timetable to 2021-01-01 00:00:00+00:00, run_after=2021-01-02 00:00:00+00:00
[2026-02-24T18:08:44.107+0000] {processor.py:208} INFO - Processing /home/ubuntu/airflow-venv/lib/python3.12/site-packages/airflow/example_dags/example_workday_timetable.py took 0.057 seconds
[2026-02-24T18:09:30.625+0000] {processor.py:186} INFO - Started process (PID=45045) to work on /home/ubuntu/airflow-venv/lib/python3.12/site-packages/airflow/example_dags/example_workday_timetable.py
[2026-02-24T18:09:30.626+0000] {processor.py:914} INFO - Processing file /home/ubuntu/airflow-venv/lib/python3.12/site-packages/airflow/example_dags/example_workday_timetable.py for tasks to queue
[2026-02-24T18:09:30.628+0000] {logging_mixin.py:190} INFO - [2026-02-24T18:09:30.627+0000] {dagbag.py:588} INFO - Filling up the DagBag from /home/ubuntu/airflow-venv/lib/python3.12/site-packages/airflow/example_dags/example_workday_timetable.py
[2026-02-24T18:09:30.632+0000] {processor.py:925} INFO - DAG(s) 'example_workday_timetable' retrieved from /home/ubuntu/airflow-venv/lib/python3.12/site-packages/airflow/example_dags/example_workday_timetable.py
[2026-02-24T18:09:30.643+0000] {logging_mixin.py:190} INFO - [2026-02-24T18:09:30.643+0000] {dag.py:3239} INFO - Sync 1 DAGs
[2026-02-24T18:09:30.657+0000] {logging_mixin.py:190} INFO - [2026-02-24T18:09:30.657+0000] {dag.py:4180} INFO - Setting next_dagrun for example_workday_timetable to 2021-01-01 00:00:00+00:00, run_after=2021-01-02 00:00:00+00:00
[2026-02-24T18:09:30.675+0000] {processor.py:208} INFO - Processing /home/ubuntu/airflow-venv/lib/python3.12/site-packages/airflow/example_dags/example_workday_timetable.py took 0.054 seconds
[2026-02-24T18:10:23.104+0000] {processor.py:186} INFO - Started process (PID=45102) to work on /home/ubuntu/airflow-venv/lib/python3.12/site-packages/airflow/example_dags/example_workday_timetable.py
[2026-02-24T18:10:23.106+0000] {processor.py:914} INFO - Processing file /home/ubuntu/airflow-venv/lib/python3.12/site-packages/airflow/example_dags/example_workday_timetable.py for tasks to queue
[2026-02-24T18:10:23.108+0000] {logging_mixin.py:190} INFO - [2026-02-24T18:10:23.107+0000] {dagbag.py:588} INFO - Filling up the DagBag from /home/ubuntu/airflow-venv/lib/python3.12/site-packages/airflow/example_dags/example_workday_timetable.py
[2026-02-24T18:10:23.113+0000] {processor.py:925} INFO - DAG(s) 'example_workday_timetable' retrieved from /home/ubuntu/airflow-venv/lib/python3.12/site-packages/airflow/example_dags/example_workday_timetable.py
[2026-02-24T18:10:23.124+0000] {logging_mixin.py:190} INFO - [2026-02-24T18:10:23.124+0000] {dag.py:3239} INFO - Sync 1 DAGs
[2026-02-24T18:10:23.139+0000] {logging_mixin.py:190} INFO - [2026-02-24T18:10:23.139+0000] {dag.py:4180} INFO - Setting next_dagrun for example_workday_timetable to 2021-01-01 00:00:00+00:00, run_after=2021-01-02 00:00:00+00:00
[2026-02-24T18:10:23.158+0000] {processor.py:208} INFO - Processing /home/ubuntu/airflow-venv/lib/python3.12/site-packages/airflow/example_dags/example_workday_timetable.py took 0.058 seconds
[2026-02-24T18:11:13.476+0000] {processor.py:186} INFO - Started process (PID=45155) to work on /home/ubuntu/airflow-venv/lib/python3.12/site-packages/airflow/example_dags/example_workday_timetable.py
[2026-02-24T18:11:13.477+0000] {processor.py:914} INFO - Processing file /home/ubuntu/airflow-venv/lib/python3.12/site-packages/airflow/example_dags/example_workday_timetable.py for tasks to queue
[2026-02-24T18:11:13.479+0000] {logging_mixin.py:190} INFO - [2026-02-24T18:11:13.479+0000] {dagbag.py:588} INFO - Filling up the DagBag from /home/ubuntu/airflow-venv/lib/python3.12/site-packages/airflow/example_dags/example_workday_timetable.py
[2026-02-24T18:11:13.484+0000] {processor.py:925} INFO - DAG(s) 'example_workday_timetable' retrieved from /home/ubuntu/airflow-venv/lib/python3.12/site-packages/airflow/example_dags/example_workday_timetable.py
[2026-02-24T18:11:13.495+0000] {logging_mixin.py:190} INFO - [2026-02-24T18:11:13.495+0000] {dag.py:3239} INFO - Sync 1 DAGs
[2026-02-24T18:11:13.509+0000] {logging_mixin.py:190} INFO - [2026-02-24T18:11:13.509+0000] {dag.py:4180} INFO - Setting next_dagrun for example_workday_timetable to 2021-01-01 00:00:00+00:00, run_after=2021-01-02 00:00:00+00:00
[2026-02-24T18:11:13.526+0000] {processor.py:208} INFO - Processing /home/ubuntu/airflow-venv/lib/python3.12/site-packages/airflow/example_dags/example_workday_timetable.py took 0.054 seconds
[2026-02-24T18:12:04.796+0000] {processor.py:186} INFO - Started process (PID=45208) to work on /home/ubuntu/airflow-venv/lib/python3.12/site-packages/airflow/example_dags/example_workday_timetable.py
[2026-02-24T18:12:04.797+0000] {processor.py:914} INFO - Processing file /home/ubuntu/airflow-venv/lib/python3.12/site-packages/airflow/example_dags/example_workday_timetable.py for tasks to queue
[2026-02-24T18:12:04.799+0000] {logging_mixin.py:190} INFO - [2026-02-24T18:12:04.798+0000] {dagbag.py:588} INFO - Filling up the DagBag from /home/ubuntu/airflow-venv/lib/python3.12/site-packages/airflow/example_dags/example_workday_timetable.py
[2026-02-24T18:12:04.804+0000] {processor.py:925} INFO - DAG(s) 'example_workday_timetable' retrieved from /home/ubuntu/airflow-venv/lib/python3.12/site-packages/airflow/example_dags/example_workday_timetable.py
[2026-02-24T18:12:04.815+0000] {logging_mixin.py:190} INFO - [2026-02-24T18:12:04.815+0000] {dag.py:3239} INFO - Sync 1 DAGs
[2026-02-24T18:12:04.830+0000] {logging_mixin.py:190} INFO - [2026-02-24T18:12:04.829+0000] {dag.py:4180} INFO - Setting next_dagrun for example_workday_timetable to 2021-01-01 00:00:00+00:00, run_after=2021-01-02 00:00:00+00:00
[2026-02-24T18:12:04.847+0000] {processor.py:208} INFO - Processing /home/ubuntu/airflow-venv/lib/python3.12/site-packages/airflow/example_dags/example_workday_timetable.py took 0.055 seconds
[2026-02-24T18:12:55.187+0000] {processor.py:186} INFO - Started process (PID=45260) to work on /home/ubuntu/airflow-venv/lib/python3.12/site-packages/airflow/example_dags/example_workday_timetable.py
[2026-02-24T18:12:55.189+0000] {processor.py:914} INFO - Processing file /home/ubuntu/airflow-venv/lib/python3.12/site-packages/airflow/example_dags/example_workday_timetable.py for tasks to queue
[2026-02-24T18:12:55.190+0000] {logging_mixin.py:190} INFO - [2026-02-24T18:12:55.190+0000] {dagbag.py:588} INFO - Filling up the DagBag from /home/ubuntu/airflow-venv/lib/python3.12/site-packages/airflow/example_dags/example_workday_timetable.py
[2026-02-24T18:12:55.195+0000] {processor.py:925} INFO - DAG(s) 'example_workday_timetable' retrieved from /home/ubuntu/airflow-venv/lib/python3.12/site-packages/airflow/example_dags/example_workday_timetable.py
[2026-02-24T18:12:55.206+0000] {logging_mixin.py:190} INFO - [2026-02-24T18:12:55.205+0000] {dag.py:3239} INFO - Sync 1 DAGs
[2026-02-24T18:12:55.220+0000] {logging_mixin.py:190} INFO - [2026-02-24T18:12:55.220+0000] {dag.py:4180} INFO - Setting next_dagrun for example_workday_timetable to 2021-01-01 00:00:00+00:00, run_after=2021-01-02 00:00:00+00:00
[2026-02-24T18:12:55.238+0000] {processor.py:208} INFO - Processing /home/ubuntu/airflow-venv/lib/python3.12/site-packages/airflow/example_dags/example_workday_timetable.py took 0.055 seconds
[2026-02-24T18:13:45.521+0000] {processor.py:186} INFO - Started process (PID=45313) to work on /home/ubuntu/airflow-venv/lib/python3.12/site-packages/airflow/example_dags/example_workday_timetable.py
[2026-02-24T18:13:45.522+0000] {processor.py:914} INFO - Processing file /home/ubuntu/airflow-venv/lib/python3.12/site-packages/airflow/example_dags/example_workday_timetable.py for tasks to queue
[2026-02-24T18:13:45.524+0000] {logging_mixin.py:190} INFO - [2026-02-24T18:13:45.523+0000] {dagbag.py:588} INFO - Filling up the DagBag from /home/ubuntu/airflow-venv/lib/python3.12/site-packages/airflow/example_dags/example_workday_timetable.py
[2026-02-24T18:13:45.529+0000] {processor.py:925} INFO - DAG(s) 'example_workday_timetable' retrieved from /home/ubuntu/airflow-venv/lib/python3.12/site-packages/airflow/example_dags/example_workday_timetable.py
[2026-02-24T18:13:45.540+0000] {logging_mixin.py:190} INFO - [2026-02-24T18:13:45.540+0000] {dag.py:3239} INFO - Sync 1 DAGs
[2026-02-24T18:13:45.554+0000] {logging_mixin.py:190} INFO - [2026-02-24T18:13:45.554+0000] {dag.py:4180} INFO - Setting next_dagrun for example_workday_timetable to 2021-01-01 00:00:00+00:00, run_after=2021-01-02 00:00:00+00:00
[2026-02-24T18:13:45.572+0000] {processor.py:208} INFO - Processing /home/ubuntu/airflow-venv/lib/python3.12/site-packages/airflow/example_dags/example_workday_timetable.py took 0.056 seconds
[2026-02-24T18:14:33.856+0000] {processor.py:186} INFO - Started process (PID=45364) to work on /home/ubuntu/airflow-venv/lib/python3.12/site-packages/airflow/example_dags/example_workday_timetable.py
[2026-02-24T18:14:33.857+0000] {processor.py:914} INFO - Processing file /home/ubuntu/airflow-venv/lib/python3.12/site-packages/airflow/example_dags/example_workday_timetable.py for tasks to queue
[2026-02-24T18:14:33.859+0000] {logging_mixin.py:190} INFO - [2026-02-24T18:14:33.859+0000] {dagbag.py:588} INFO - Filling up the DagBag from /home/ubuntu/airflow-venv/lib/python3.12/site-packages/airflow/example_dags/example_workday_timetable.py
[2026-02-24T18:14:33.864+0000] {processor.py:925} INFO - DAG(s) 'example_workday_timetable' retrieved from /home/ubuntu/airflow-venv/lib/python3.12/site-packages/airflow/example_dags/example_workday_timetable.py
[2026-02-24T18:14:33.875+0000] {logging_mixin.py:190} INFO - [2026-02-24T18:14:33.875+0000] {dag.py:3239} INFO - Sync 1 DAGs
[2026-02-24T18:14:33.890+0000] {logging_mixin.py:190} INFO - [2026-02-24T18:14:33.890+0000] {dag.py:4180} INFO - Setting next_dagrun for example_workday_timetable to 2021-01-01 00:00:00+00:00, run_after=2021-01-02 00:00:00+00:00
[2026-02-24T18:14:33.908+0000] {processor.py:208} INFO - Processing /home/ubuntu/airflow-venv/lib/python3.12/site-packages/airflow/example_dags/example_workday_timetable.py took 0.056 seconds
[2026-02-24T18:15:24.521+0000] {processor.py:186} INFO - Started process (PID=45420) to work on /home/ubuntu/airflow-venv/lib/python3.12/site-packages/airflow/example_dags/example_workday_timetable.py
[2026-02-24T18:15:24.522+0000] {processor.py:914} INFO - Processing file /home/ubuntu/airflow-venv/lib/python3.12/site-packages/airflow/example_dags/example_workday_timetable.py for tasks to queue
[2026-02-24T18:15:24.523+0000] {logging_mixin.py:190} INFO - [2026-02-24T18:15:24.523+0000] {dagbag.py:588} INFO - Filling up the DagBag from /home/ubuntu/airflow-venv/lib/python3.12/site-packages/airflow/example_dags/example_workday_timetable.py
[2026-02-24T18:15:24.529+0000] {processor.py:925} INFO - DAG(s) 'example_workday_timetable' retrieved from /home/ubuntu/airflow-venv/lib/python3.12/site-packages/airflow/example_dags/example_workday_timetable.py
[2026-02-24T18:15:24.539+0000] {logging_mixin.py:190} INFO - [2026-02-24T18:15:24.539+0000] {dag.py:3239} INFO - Sync 1 DAGs
[2026-02-24T18:15:24.553+0000] {logging_mixin.py:190} INFO - [2026-02-24T18:15:24.553+0000] {dag.py:4180} INFO - Setting next_dagrun for example_workday_timetable to 2021-01-01 00:00:00+00:00, run_after=2021-01-02 00:00:00+00:00
[2026-02-24T18:15:24.571+0000] {processor.py:208} INFO - Processing /home/ubuntu/airflow-venv/lib/python3.12/site-packages/airflow/example_dags/example_workday_timetable.py took 0.055 seconds
[2026-02-24T18:16:16.346+0000] {processor.py:186} INFO - Started process (PID=45473) to work on /home/ubuntu/airflow-venv/lib/python3.12/site-packages/airflow/example_dags/example_workday_timetable.py
[2026-02-24T18:16:16.348+0000] {processor.py:914} INFO - Processing file /home/ubuntu/airflow-venv/lib/python3.12/site-packages/airflow/example_dags/example_workday_timetable.py for tasks to queue
[2026-02-24T18:16:16.349+0000] {logging_mixin.py:190} INFO - [2026-02-24T18:16:16.349+0000] {dagbag.py:588} INFO - Filling up the DagBag from /home/ubuntu/airflow-venv/lib/python3.12/site-packages/airflow/example_dags/example_workday_timetable.py
[2026-02-24T18:16:16.354+0000] {processor.py:925} INFO - DAG(s) 'example_workday_timetable' retrieved from /home/ubuntu/airflow-venv/lib/python3.12/site-packages/airflow/example_dags/example_workday_timetable.py
[2026-02-24T18:16:16.365+0000] {logging_mixin.py:190} INFO - [2026-02-24T18:16:16.365+0000] {dag.py:3239} INFO - Sync 1 DAGs
[2026-02-24T18:16:16.379+0000] {logging_mixin.py:190} INFO - [2026-02-24T18:16:16.379+0000] {dag.py:4180} INFO - Setting next_dagrun for example_workday_timetable to 2021-01-01 00:00:00+00:00, run_after=2021-01-02 00:00:00+00:00
[2026-02-24T18:16:16.397+0000] {processor.py:208} INFO - Processing /home/ubuntu/airflow-venv/lib/python3.12/site-packages/airflow/example_dags/example_workday_timetable.py took 0.055 seconds
[2026-02-24T18:17:04.987+0000] {processor.py:186} INFO - Started process (PID=45528) to work on /home/ubuntu/airflow-venv/lib/python3.12/site-packages/airflow/example_dags/example_workday_timetable.py
[2026-02-24T18:17:04.988+0000] {processor.py:914} INFO - Processing file /home/ubuntu/airflow-venv/lib/python3.12/site-packages/airflow/example_dags/example_workday_timetable.py for tasks to queue
[2026-02-24T18:17:04.990+0000] {logging_mixin.py:190} INFO - [2026-02-24T18:17:04.990+0000] {dagbag.py:588} INFO - Filling up the DagBag from /home/ubuntu/airflow-venv/lib/python3.12/site-packages/airflow/example_dags/example_workday_timetable.py
[2026-02-24T18:17:04.995+0000] {processor.py:925} INFO - DAG(s) 'example_workday_timetable' retrieved from /home/ubuntu/airflow-venv/lib/python3.12/site-packages/airflow/example_dags/example_workday_timetable.py
[2026-02-24T18:17:05.006+0000] {logging_mixin.py:190} INFO - [2026-02-24T18:17:05.006+0000] {dag.py:3239} INFO - Sync 1 DAGs
[2026-02-24T18:17:05.020+0000] {logging_mixin.py:190} INFO - [2026-02-24T18:17:05.020+0000] {dag.py:4180} INFO - Setting next_dagrun for example_workday_timetable to 2021-01-01 00:00:00+00:00, run_after=2021-01-02 00:00:00+00:00
[2026-02-24T18:17:05.039+0000] {processor.py:208} INFO - Processing /home/ubuntu/airflow-venv/lib/python3.12/site-packages/airflow/example_dags/example_workday_timetable.py took 0.056 seconds
[2026-02-24T18:17:57.654+0000] {processor.py:186} INFO - Started process (PID=45584) to work on /home/ubuntu/airflow-venv/lib/python3.12/site-packages/airflow/example_dags/example_workday_timetable.py
[2026-02-24T18:17:57.656+0000] {processor.py:914} INFO - Processing file /home/ubuntu/airflow-venv/lib/python3.12/site-packages/airflow/example_dags/example_workday_timetable.py for tasks to queue
[2026-02-24T18:17:57.657+0000] {logging_mixin.py:190} INFO - [2026-02-24T18:17:57.657+0000] {dagbag.py:588} INFO - Filling up the DagBag from /home/ubuntu/airflow-venv/lib/python3.12/site-packages/airflow/example_dags/example_workday_timetable.py
[2026-02-24T18:17:57.662+0000] {processor.py:925} INFO - DAG(s) 'example_workday_timetable' retrieved from /home/ubuntu/airflow-venv/lib/python3.12/site-packages/airflow/example_dags/example_workday_timetable.py
[2026-02-24T18:17:57.674+0000] {logging_mixin.py:190} INFO - [2026-02-24T18:17:57.673+0000] {dag.py:3239} INFO - Sync 1 DAGs
[2026-02-24T18:17:57.687+0000] {logging_mixin.py:190} INFO - [2026-02-24T18:17:57.687+0000] {dag.py:4180} INFO - Setting next_dagrun for example_workday_timetable to 2021-01-01 00:00:00+00:00, run_after=2021-01-02 00:00:00+00:00
[2026-02-24T18:17:57.705+0000] {processor.py:208} INFO - Processing /home/ubuntu/airflow-venv/lib/python3.12/site-packages/airflow/example_dags/example_workday_timetable.py took 0.056 seconds
[2026-02-24T18:18:49.027+0000] {processor.py:186} INFO - Started process (PID=45636) to work on /home/ubuntu/airflow-venv/lib/python3.12/site-packages/airflow/example_dags/example_workday_timetable.py
[2026-02-24T18:18:49.028+0000] {processor.py:914} INFO - Processing file /home/ubuntu/airflow-venv/lib/python3.12/site-packages/airflow/example_dags/example_workday_timetable.py for tasks to queue
[2026-02-24T18:18:49.030+0000] {logging_mixin.py:190} INFO - [2026-02-24T18:18:49.029+0000] {dagbag.py:588} INFO - Filling up the DagBag from /home/ubuntu/airflow-venv/lib/python3.12/site-packages/airflow/example_dags/example_workday_timetable.py
[2026-02-24T18:18:49.035+0000] {processor.py:925} INFO - DAG(s) 'example_workday_timetable' retrieved from /home/ubuntu/airflow-venv/lib/python3.12/site-packages/airflow/example_dags/example_workday_timetable.py
[2026-02-24T18:18:49.046+0000] {logging_mixin.py:190} INFO - [2026-02-24T18:18:49.046+0000] {dag.py:3239} INFO - Sync 1 DAGs
[2026-02-24T18:18:49.060+0000] {logging_mixin.py:190} INFO - [2026-02-24T18:18:49.060+0000] {dag.py:4180} INFO - Setting next_dagrun for example_workday_timetable to 2021-01-01 00:00:00+00:00, run_after=2021-01-02 00:00:00+00:00
[2026-02-24T18:18:49.078+0000] {processor.py:208} INFO - Processing /home/ubuntu/airflow-venv/lib/python3.12/site-packages/airflow/example_dags/example_workday_timetable.py took 0.056 seconds
[2026-02-24T18:19:41.792+0000] {processor.py:186} INFO - Started process (PID=45691) to work on /home/ubuntu/airflow-venv/lib/python3.12/site-packages/airflow/example_dags/example_workday_timetable.py
[2026-02-24T18:19:41.793+0000] {processor.py:914} INFO - Processing file /home/ubuntu/airflow-venv/lib/python3.12/site-packages/airflow/example_dags/example_workday_timetable.py for tasks to queue
[2026-02-24T18:19:41.794+0000] {logging_mixin.py:190} INFO - [2026-02-24T18:19:41.794+0000] {dagbag.py:588} INFO - Filling up the DagBag from /home/ubuntu/airflow-venv/lib/python3.12/site-packages/airflow/example_dags/example_workday_timetable.py
[2026-02-24T18:19:41.799+0000] {processor.py:925} INFO - DAG(s) 'example_workday_timetable' retrieved from /home/ubuntu/airflow-venv/lib/python3.12/site-packages/airflow/example_dags/example_workday_timetable.py
[2026-02-24T18:19:41.810+0000] {logging_mixin.py:190} INFO - [2026-02-24T18:19:41.810+0000] {dag.py:3239} INFO - Sync 1 DAGs
[2026-02-24T18:19:41.825+0000] {logging_mixin.py:190} INFO - [2026-02-24T18:19:41.825+0000] {dag.py:4180} INFO - Setting next_dagrun for example_workday_timetable to 2021-01-01 00:00:00+00:00, run_after=2021-01-02 00:00:00+00:00
[2026-02-24T18:19:41.844+0000] {processor.py:208} INFO - Processing /home/ubuntu/airflow-venv/lib/python3.12/site-packages/airflow/example_dags/example_workday_timetable.py took 0.057 seconds
