[2026-02-24T17:59:32.497+0000] {processor.py:186} INFO - Started process (PID=43670) to work on /home/ubuntu/airflow-venv/lib/python3.12/site-packages/airflow/example_dags/example_inlet_event_extra.py
[2026-02-24T17:59:32.497+0000] {processor.py:914} INFO - Processing file /home/ubuntu/airflow-venv/lib/python3.12/site-packages/airflow/example_dags/example_inlet_event_extra.py for tasks to queue
[2026-02-24T17:59:32.499+0000] {logging_mixin.py:190} INFO - [2026-02-24T17:59:32.498+0000] {dagbag.py:588} INFO - Filling up the DagBag from /home/ubuntu/airflow-venv/lib/python3.12/site-packages/airflow/example_dags/example_inlet_event_extra.py
[2026-02-24T17:59:32.507+0000] {processor.py:925} INFO - DAG(s) 'read_dataset_event', 'read_dataset_event_from_classic' retrieved from /home/ubuntu/airflow-venv/lib/python3.12/site-packages/airflow/example_dags/example_inlet_event_extra.py
[2026-02-24T17:59:32.581+0000] {logging_mixin.py:190} INFO - [2026-02-24T17:59:32.581+0000] {override.py:1900} INFO - Created Permission View: can edit on DAG:read_dataset_event
[2026-02-24T17:59:32.593+0000] {logging_mixin.py:190} INFO - [2026-02-24T17:59:32.593+0000] {override.py:1900} INFO - Created Permission View: can delete on DAG:read_dataset_event
[2026-02-24T17:59:32.602+0000] {logging_mixin.py:190} INFO - [2026-02-24T17:59:32.601+0000] {override.py:1900} INFO - Created Permission View: can read on DAG:read_dataset_event
[2026-02-24T17:59:32.617+0000] {logging_mixin.py:190} INFO - [2026-02-24T17:59:32.616+0000] {override.py:1900} INFO - Created Permission View: can delete on DAG Run:read_dataset_event
[2026-02-24T17:59:32.626+0000] {logging_mixin.py:190} INFO - [2026-02-24T17:59:32.626+0000] {override.py:1900} INFO - Created Permission View: menu access on DAG Run:read_dataset_event
[2026-02-24T17:59:32.634+0000] {logging_mixin.py:190} INFO - [2026-02-24T17:59:32.634+0000] {override.py:1900} INFO - Created Permission View: can create on DAG Run:read_dataset_event
[2026-02-24T17:59:32.644+0000] {logging_mixin.py:190} INFO - [2026-02-24T17:59:32.644+0000] {override.py:1900} INFO - Created Permission View: can read on DAG Run:read_dataset_event
[2026-02-24T17:59:32.664+0000] {logging_mixin.py:190} INFO - [2026-02-24T17:59:32.663+0000] {override.py:1900} INFO - Created Permission View: can edit on DAG:read_dataset_event_from_classic
[2026-02-24T17:59:32.672+0000] {logging_mixin.py:190} INFO - [2026-02-24T17:59:32.672+0000] {override.py:1900} INFO - Created Permission View: can delete on DAG:read_dataset_event_from_classic
[2026-02-24T17:59:32.681+0000] {logging_mixin.py:190} INFO - [2026-02-24T17:59:32.681+0000] {override.py:1900} INFO - Created Permission View: can read on DAG:read_dataset_event_from_classic
[2026-02-24T17:59:32.697+0000] {logging_mixin.py:190} INFO - [2026-02-24T17:59:32.696+0000] {override.py:1900} INFO - Created Permission View: can delete on DAG Run:read_dataset_event_from_classic
[2026-02-24T17:59:32.706+0000] {logging_mixin.py:190} INFO - [2026-02-24T17:59:32.706+0000] {override.py:1900} INFO - Created Permission View: menu access on DAG Run:read_dataset_event_from_classic
[2026-02-24T17:59:32.715+0000] {logging_mixin.py:190} INFO - [2026-02-24T17:59:32.714+0000] {override.py:1900} INFO - Created Permission View: can create on DAG Run:read_dataset_event_from_classic
[2026-02-24T17:59:32.724+0000] {logging_mixin.py:190} INFO - [2026-02-24T17:59:32.724+0000] {override.py:1900} INFO - Created Permission View: can read on DAG Run:read_dataset_event_from_classic
[2026-02-24T17:59:32.724+0000] {logging_mixin.py:190} INFO - [2026-02-24T17:59:32.724+0000] {dag.py:3239} INFO - Sync 2 DAGs
[2026-02-24T17:59:32.732+0000] {logging_mixin.py:190} INFO - [2026-02-24T17:59:32.732+0000] {dag.py:3262} INFO - Creating ORM DAG for read_dataset_event_from_classic
[2026-02-24T17:59:32.732+0000] {logging_mixin.py:190} INFO - [2026-02-24T17:59:32.732+0000] {dag.py:3262} INFO - Creating ORM DAG for read_dataset_event
[2026-02-24T17:59:32.739+0000] {logging_mixin.py:190} INFO - [2026-02-24T17:59:32.738+0000] {dag.py:4180} INFO - Setting next_dagrun for read_dataset_event to 2026-02-23 00:00:00+00:00, run_after=2026-02-24 00:00:00+00:00
[2026-02-24T17:59:32.740+0000] {logging_mixin.py:190} INFO - [2026-02-24T17:59:32.739+0000] {dag.py:4180} INFO - Setting next_dagrun for read_dataset_event_from_classic to 2026-02-23 00:00:00+00:00, run_after=2026-02-24 00:00:00+00:00
[2026-02-24T17:59:32.758+0000] {processor.py:208} INFO - Processing /home/ubuntu/airflow-venv/lib/python3.12/site-packages/airflow/example_dags/example_inlet_event_extra.py took 0.265 seconds
[2026-02-24T18:00:30.398+0000] {processor.py:186} INFO - Started process (PID=43729) to work on /home/ubuntu/airflow-venv/lib/python3.12/site-packages/airflow/example_dags/example_inlet_event_extra.py
[2026-02-24T18:00:30.399+0000] {processor.py:914} INFO - Processing file /home/ubuntu/airflow-venv/lib/python3.12/site-packages/airflow/example_dags/example_inlet_event_extra.py for tasks to queue
[2026-02-24T18:00:30.401+0000] {logging_mixin.py:190} INFO - [2026-02-24T18:00:30.400+0000] {dagbag.py:588} INFO - Filling up the DagBag from /home/ubuntu/airflow-venv/lib/python3.12/site-packages/airflow/example_dags/example_inlet_event_extra.py
[2026-02-24T18:00:30.410+0000] {processor.py:925} INFO - DAG(s) 'read_dataset_event', 'read_dataset_event_from_classic' retrieved from /home/ubuntu/airflow-venv/lib/python3.12/site-packages/airflow/example_dags/example_inlet_event_extra.py
[2026-02-24T18:00:30.422+0000] {logging_mixin.py:190} INFO - [2026-02-24T18:00:30.422+0000] {dag.py:3239} INFO - Sync 2 DAGs
[2026-02-24T18:00:30.437+0000] {logging_mixin.py:190} INFO - [2026-02-24T18:00:30.437+0000] {dag.py:4180} INFO - Setting next_dagrun for read_dataset_event to 2026-02-23 00:00:00+00:00, run_after=2026-02-24 00:00:00+00:00
[2026-02-24T18:00:30.440+0000] {logging_mixin.py:190} INFO - [2026-02-24T18:00:30.440+0000] {dag.py:4180} INFO - Setting next_dagrun for read_dataset_event_from_classic to 2026-02-23 00:00:00+00:00, run_after=2026-02-24 00:00:00+00:00
[2026-02-24T18:00:30.457+0000] {processor.py:208} INFO - Processing /home/ubuntu/airflow-venv/lib/python3.12/site-packages/airflow/example_dags/example_inlet_event_extra.py took 0.063 seconds
[2026-02-24T18:01:24.612+0000] {processor.py:186} INFO - Started process (PID=43791) to work on /home/ubuntu/airflow-venv/lib/python3.12/site-packages/airflow/example_dags/example_inlet_event_extra.py
[2026-02-24T18:01:24.613+0000] {processor.py:914} INFO - Processing file /home/ubuntu/airflow-venv/lib/python3.12/site-packages/airflow/example_dags/example_inlet_event_extra.py for tasks to queue
[2026-02-24T18:01:24.615+0000] {logging_mixin.py:190} INFO - [2026-02-24T18:01:24.615+0000] {dagbag.py:588} INFO - Filling up the DagBag from /home/ubuntu/airflow-venv/lib/python3.12/site-packages/airflow/example_dags/example_inlet_event_extra.py
[2026-02-24T18:01:24.624+0000] {processor.py:925} INFO - DAG(s) 'read_dataset_event_from_classic', 'read_dataset_event' retrieved from /home/ubuntu/airflow-venv/lib/python3.12/site-packages/airflow/example_dags/example_inlet_event_extra.py
[2026-02-24T18:01:24.635+0000] {logging_mixin.py:190} INFO - [2026-02-24T18:01:24.635+0000] {dag.py:3239} INFO - Sync 2 DAGs
[2026-02-24T18:01:24.650+0000] {logging_mixin.py:190} INFO - [2026-02-24T18:01:24.650+0000] {dag.py:4180} INFO - Setting next_dagrun for read_dataset_event to 2026-02-23 00:00:00+00:00, run_after=2026-02-24 00:00:00+00:00
[2026-02-24T18:01:24.653+0000] {logging_mixin.py:190} INFO - [2026-02-24T18:01:24.653+0000] {dag.py:4180} INFO - Setting next_dagrun for read_dataset_event_from_classic to 2026-02-23 00:00:00+00:00, run_after=2026-02-24 00:00:00+00:00
[2026-02-24T18:01:24.670+0000] {processor.py:208} INFO - Processing /home/ubuntu/airflow-venv/lib/python3.12/site-packages/airflow/example_dags/example_inlet_event_extra.py took 0.061 seconds
[2026-02-24T18:02:21.543+0000] {processor.py:186} INFO - Started process (PID=44214) to work on /home/ubuntu/airflow-venv/lib/python3.12/site-packages/airflow/example_dags/example_inlet_event_extra.py
[2026-02-24T18:02:21.544+0000] {processor.py:914} INFO - Processing file /home/ubuntu/airflow-venv/lib/python3.12/site-packages/airflow/example_dags/example_inlet_event_extra.py for tasks to queue
[2026-02-24T18:02:21.546+0000] {logging_mixin.py:190} INFO - [2026-02-24T18:02:21.546+0000] {dagbag.py:588} INFO - Filling up the DagBag from /home/ubuntu/airflow-venv/lib/python3.12/site-packages/airflow/example_dags/example_inlet_event_extra.py
[2026-02-24T18:02:21.555+0000] {processor.py:925} INFO - DAG(s) 'read_dataset_event', 'read_dataset_event_from_classic' retrieved from /home/ubuntu/airflow-venv/lib/python3.12/site-packages/airflow/example_dags/example_inlet_event_extra.py
[2026-02-24T18:02:21.567+0000] {logging_mixin.py:190} INFO - [2026-02-24T18:02:21.567+0000] {dag.py:3239} INFO - Sync 2 DAGs
[2026-02-24T18:02:21.582+0000] {logging_mixin.py:190} INFO - [2026-02-24T18:02:21.581+0000] {dag.py:4180} INFO - Setting next_dagrun for read_dataset_event to 2026-02-23 00:00:00+00:00, run_after=2026-02-24 00:00:00+00:00
[2026-02-24T18:02:21.584+0000] {logging_mixin.py:190} INFO - [2026-02-24T18:02:21.584+0000] {dag.py:4180} INFO - Setting next_dagrun for read_dataset_event_from_classic to 2026-02-23 00:00:00+00:00, run_after=2026-02-24 00:00:00+00:00
[2026-02-24T18:02:21.601+0000] {processor.py:208} INFO - Processing /home/ubuntu/airflow-venv/lib/python3.12/site-packages/airflow/example_dags/example_inlet_event_extra.py took 0.062 seconds
[2026-02-24T18:03:14.401+0000] {processor.py:186} INFO - Started process (PID=44276) to work on /home/ubuntu/airflow-venv/lib/python3.12/site-packages/airflow/example_dags/example_inlet_event_extra.py
[2026-02-24T18:03:14.402+0000] {processor.py:914} INFO - Processing file /home/ubuntu/airflow-venv/lib/python3.12/site-packages/airflow/example_dags/example_inlet_event_extra.py for tasks to queue
[2026-02-24T18:03:14.403+0000] {logging_mixin.py:190} INFO - [2026-02-24T18:03:14.403+0000] {dagbag.py:588} INFO - Filling up the DagBag from /home/ubuntu/airflow-venv/lib/python3.12/site-packages/airflow/example_dags/example_inlet_event_extra.py
[2026-02-24T18:03:14.412+0000] {processor.py:925} INFO - DAG(s) 'read_dataset_event', 'read_dataset_event_from_classic' retrieved from /home/ubuntu/airflow-venv/lib/python3.12/site-packages/airflow/example_dags/example_inlet_event_extra.py
[2026-02-24T18:03:14.424+0000] {logging_mixin.py:190} INFO - [2026-02-24T18:03:14.424+0000] {dag.py:3239} INFO - Sync 2 DAGs
[2026-02-24T18:03:14.439+0000] {logging_mixin.py:190} INFO - [2026-02-24T18:03:14.439+0000] {dag.py:4180} INFO - Setting next_dagrun for read_dataset_event to 2026-02-23 00:00:00+00:00, run_after=2026-02-24 00:00:00+00:00
[2026-02-24T18:03:14.442+0000] {logging_mixin.py:190} INFO - [2026-02-24T18:03:14.442+0000] {dag.py:4180} INFO - Setting next_dagrun for read_dataset_event_from_classic to 2026-02-23 00:00:00+00:00, run_after=2026-02-24 00:00:00+00:00
[2026-02-24T18:03:14.460+0000] {processor.py:208} INFO - Processing /home/ubuntu/airflow-venv/lib/python3.12/site-packages/airflow/example_dags/example_inlet_event_extra.py took 0.063 seconds
[2026-02-24T18:04:03.856+0000] {processor.py:186} INFO - Started process (PID=44685) to work on /home/ubuntu/airflow-venv/lib/python3.12/site-packages/airflow/example_dags/example_inlet_event_extra.py
[2026-02-24T18:04:03.857+0000] {processor.py:914} INFO - Processing file /home/ubuntu/airflow-venv/lib/python3.12/site-packages/airflow/example_dags/example_inlet_event_extra.py for tasks to queue
[2026-02-24T18:04:03.858+0000] {logging_mixin.py:190} INFO - [2026-02-24T18:04:03.858+0000] {dagbag.py:588} INFO - Filling up the DagBag from /home/ubuntu/airflow-venv/lib/python3.12/site-packages/airflow/example_dags/example_inlet_event_extra.py
[2026-02-24T18:04:03.867+0000] {processor.py:925} INFO - DAG(s) 'read_dataset_event_from_classic', 'read_dataset_event' retrieved from /home/ubuntu/airflow-venv/lib/python3.12/site-packages/airflow/example_dags/example_inlet_event_extra.py
[2026-02-24T18:04:03.880+0000] {logging_mixin.py:190} INFO - [2026-02-24T18:04:03.879+0000] {dag.py:3239} INFO - Sync 2 DAGs
[2026-02-24T18:04:03.894+0000] {logging_mixin.py:190} INFO - [2026-02-24T18:04:03.894+0000] {dag.py:4180} INFO - Setting next_dagrun for read_dataset_event to 2026-02-23 00:00:00+00:00, run_after=2026-02-24 00:00:00+00:00
[2026-02-24T18:04:03.897+0000] {logging_mixin.py:190} INFO - [2026-02-24T18:04:03.897+0000] {dag.py:4180} INFO - Setting next_dagrun for read_dataset_event_from_classic to 2026-02-23 00:00:00+00:00, run_after=2026-02-24 00:00:00+00:00
[2026-02-24T18:04:03.914+0000] {processor.py:208} INFO - Processing /home/ubuntu/airflow-venv/lib/python3.12/site-packages/airflow/example_dags/example_inlet_event_extra.py took 0.062 seconds
[2026-02-24T18:04:53.074+0000] {processor.py:186} INFO - Started process (PID=44746) to work on /home/ubuntu/airflow-venv/lib/python3.12/site-packages/airflow/example_dags/example_inlet_event_extra.py
[2026-02-24T18:04:53.075+0000] {processor.py:914} INFO - Processing file /home/ubuntu/airflow-venv/lib/python3.12/site-packages/airflow/example_dags/example_inlet_event_extra.py for tasks to queue
[2026-02-24T18:04:53.077+0000] {logging_mixin.py:190} INFO - [2026-02-24T18:04:53.077+0000] {dagbag.py:588} INFO - Filling up the DagBag from /home/ubuntu/airflow-venv/lib/python3.12/site-packages/airflow/example_dags/example_inlet_event_extra.py
[2026-02-24T18:04:53.085+0000] {processor.py:925} INFO - DAG(s) 'read_dataset_event', 'read_dataset_event_from_classic' retrieved from /home/ubuntu/airflow-venv/lib/python3.12/site-packages/airflow/example_dags/example_inlet_event_extra.py
[2026-02-24T18:04:53.097+0000] {logging_mixin.py:190} INFO - [2026-02-24T18:04:53.097+0000] {dag.py:3239} INFO - Sync 2 DAGs
[2026-02-24T18:04:53.201+0000] {logging_mixin.py:190} INFO - [2026-02-24T18:04:53.201+0000] {dag.py:4180} INFO - Setting next_dagrun for read_dataset_event to 2026-02-23 00:00:00+00:00, run_after=2026-02-24 00:00:00+00:00
[2026-02-24T18:04:53.204+0000] {logging_mixin.py:190} INFO - [2026-02-24T18:04:53.204+0000] {dag.py:4180} INFO - Setting next_dagrun for read_dataset_event_from_classic to 2026-02-23 00:00:00+00:00, run_after=2026-02-24 00:00:00+00:00
[2026-02-24T18:04:53.219+0000] {processor.py:208} INFO - Processing /home/ubuntu/airflow-venv/lib/python3.12/site-packages/airflow/example_dags/example_inlet_event_extra.py took 0.149 seconds
[2026-02-24T18:05:47.286+0000] {processor.py:186} INFO - Started process (PID=44804) to work on /home/ubuntu/airflow-venv/lib/python3.12/site-packages/airflow/example_dags/example_inlet_event_extra.py
[2026-02-24T18:05:47.287+0000] {processor.py:914} INFO - Processing file /home/ubuntu/airflow-venv/lib/python3.12/site-packages/airflow/example_dags/example_inlet_event_extra.py for tasks to queue
[2026-02-24T18:05:47.289+0000] {logging_mixin.py:190} INFO - [2026-02-24T18:05:47.289+0000] {dagbag.py:588} INFO - Filling up the DagBag from /home/ubuntu/airflow-venv/lib/python3.12/site-packages/airflow/example_dags/example_inlet_event_extra.py
[2026-02-24T18:05:47.298+0000] {processor.py:925} INFO - DAG(s) 'read_dataset_event', 'read_dataset_event_from_classic' retrieved from /home/ubuntu/airflow-venv/lib/python3.12/site-packages/airflow/example_dags/example_inlet_event_extra.py
[2026-02-24T18:05:47.311+0000] {logging_mixin.py:190} INFO - [2026-02-24T18:05:47.311+0000] {dag.py:3239} INFO - Sync 2 DAGs
[2026-02-24T18:05:47.326+0000] {logging_mixin.py:190} INFO - [2026-02-24T18:05:47.326+0000] {dag.py:4180} INFO - Setting next_dagrun for read_dataset_event to 2026-02-23 00:00:00+00:00, run_after=2026-02-24 00:00:00+00:00
[2026-02-24T18:05:47.329+0000] {logging_mixin.py:190} INFO - [2026-02-24T18:05:47.329+0000] {dag.py:4180} INFO - Setting next_dagrun for read_dataset_event_from_classic to 2026-02-23 00:00:00+00:00, run_after=2026-02-24 00:00:00+00:00
[2026-02-24T18:05:47.346+0000] {processor.py:208} INFO - Processing /home/ubuntu/airflow-venv/lib/python3.12/site-packages/airflow/example_dags/example_inlet_event_extra.py took 0.064 seconds
[2026-02-24T18:06:44.205+0000] {processor.py:186} INFO - Started process (PID=44868) to work on /home/ubuntu/airflow-venv/lib/python3.12/site-packages/airflow/example_dags/example_inlet_event_extra.py
[2026-02-24T18:06:44.206+0000] {processor.py:914} INFO - Processing file /home/ubuntu/airflow-venv/lib/python3.12/site-packages/airflow/example_dags/example_inlet_event_extra.py for tasks to queue
[2026-02-24T18:06:44.208+0000] {logging_mixin.py:190} INFO - [2026-02-24T18:06:44.207+0000] {dagbag.py:588} INFO - Filling up the DagBag from /home/ubuntu/airflow-venv/lib/python3.12/site-packages/airflow/example_dags/example_inlet_event_extra.py
[2026-02-24T18:06:44.217+0000] {processor.py:925} INFO - DAG(s) 'read_dataset_event_from_classic', 'read_dataset_event' retrieved from /home/ubuntu/airflow-venv/lib/python3.12/site-packages/airflow/example_dags/example_inlet_event_extra.py
[2026-02-24T18:06:44.230+0000] {logging_mixin.py:190} INFO - [2026-02-24T18:06:44.230+0000] {dag.py:3239} INFO - Sync 2 DAGs
[2026-02-24T18:06:44.245+0000] {logging_mixin.py:190} INFO - [2026-02-24T18:06:44.245+0000] {dag.py:4180} INFO - Setting next_dagrun for read_dataset_event to 2026-02-23 00:00:00+00:00, run_after=2026-02-24 00:00:00+00:00
[2026-02-24T18:06:44.248+0000] {logging_mixin.py:190} INFO - [2026-02-24T18:06:44.248+0000] {dag.py:4180} INFO - Setting next_dagrun for read_dataset_event_from_classic to 2026-02-23 00:00:00+00:00, run_after=2026-02-24 00:00:00+00:00
[2026-02-24T18:06:44.266+0000] {processor.py:208} INFO - Processing /home/ubuntu/airflow-venv/lib/python3.12/site-packages/airflow/example_dags/example_inlet_event_extra.py took 0.066 seconds
[2026-02-24T18:07:33.588+0000] {processor.py:186} INFO - Started process (PID=44922) to work on /home/ubuntu/airflow-venv/lib/python3.12/site-packages/airflow/example_dags/example_inlet_event_extra.py
[2026-02-24T18:07:33.590+0000] {processor.py:914} INFO - Processing file /home/ubuntu/airflow-venv/lib/python3.12/site-packages/airflow/example_dags/example_inlet_event_extra.py for tasks to queue
[2026-02-24T18:07:33.592+0000] {logging_mixin.py:190} INFO - [2026-02-24T18:07:33.591+0000] {dagbag.py:588} INFO - Filling up the DagBag from /home/ubuntu/airflow-venv/lib/python3.12/site-packages/airflow/example_dags/example_inlet_event_extra.py
[2026-02-24T18:07:33.601+0000] {processor.py:925} INFO - DAG(s) 'read_dataset_event', 'read_dataset_event_from_classic' retrieved from /home/ubuntu/airflow-venv/lib/python3.12/site-packages/airflow/example_dags/example_inlet_event_extra.py
[2026-02-24T18:07:33.613+0000] {logging_mixin.py:190} INFO - [2026-02-24T18:07:33.613+0000] {dag.py:3239} INFO - Sync 2 DAGs
[2026-02-24T18:07:33.630+0000] {logging_mixin.py:190} INFO - [2026-02-24T18:07:33.630+0000] {dag.py:4180} INFO - Setting next_dagrun for read_dataset_event to 2026-02-23 00:00:00+00:00, run_after=2026-02-24 00:00:00+00:00
[2026-02-24T18:07:33.632+0000] {logging_mixin.py:190} INFO - [2026-02-24T18:07:33.632+0000] {dag.py:4180} INFO - Setting next_dagrun for read_dataset_event_from_classic to 2026-02-23 00:00:00+00:00, run_after=2026-02-24 00:00:00+00:00
[2026-02-24T18:07:33.650+0000] {processor.py:208} INFO - Processing /home/ubuntu/airflow-venv/lib/python3.12/site-packages/airflow/example_dags/example_inlet_event_extra.py took 0.066 seconds
[2026-02-24T18:08:23.788+0000] {processor.py:186} INFO - Started process (PID=44973) to work on /home/ubuntu/airflow-venv/lib/python3.12/site-packages/airflow/example_dags/example_inlet_event_extra.py
[2026-02-24T18:08:23.790+0000] {processor.py:914} INFO - Processing file /home/ubuntu/airflow-venv/lib/python3.12/site-packages/airflow/example_dags/example_inlet_event_extra.py for tasks to queue
[2026-02-24T18:08:23.791+0000] {logging_mixin.py:190} INFO - [2026-02-24T18:08:23.791+0000] {dagbag.py:588} INFO - Filling up the DagBag from /home/ubuntu/airflow-venv/lib/python3.12/site-packages/airflow/example_dags/example_inlet_event_extra.py
[2026-02-24T18:08:23.800+0000] {processor.py:925} INFO - DAG(s) 'read_dataset_event', 'read_dataset_event_from_classic' retrieved from /home/ubuntu/airflow-venv/lib/python3.12/site-packages/airflow/example_dags/example_inlet_event_extra.py
[2026-02-24T18:08:23.813+0000] {logging_mixin.py:190} INFO - [2026-02-24T18:08:23.813+0000] {dag.py:3239} INFO - Sync 2 DAGs
[2026-02-24T18:08:23.828+0000] {logging_mixin.py:190} INFO - [2026-02-24T18:08:23.828+0000] {dag.py:4180} INFO - Setting next_dagrun for read_dataset_event to 2026-02-23 00:00:00+00:00, run_after=2026-02-24 00:00:00+00:00
[2026-02-24T18:08:23.831+0000] {logging_mixin.py:190} INFO - [2026-02-24T18:08:23.831+0000] {dag.py:4180} INFO - Setting next_dagrun for read_dataset_event_from_classic to 2026-02-23 00:00:00+00:00, run_after=2026-02-24 00:00:00+00:00
[2026-02-24T18:08:23.848+0000] {processor.py:208} INFO - Processing /home/ubuntu/airflow-venv/lib/python3.12/site-packages/airflow/example_dags/example_inlet_event_extra.py took 0.064 seconds
[2026-02-24T18:09:14.309+0000] {processor.py:186} INFO - Started process (PID=45027) to work on /home/ubuntu/airflow-venv/lib/python3.12/site-packages/airflow/example_dags/example_inlet_event_extra.py
[2026-02-24T18:09:14.311+0000] {processor.py:914} INFO - Processing file /home/ubuntu/airflow-venv/lib/python3.12/site-packages/airflow/example_dags/example_inlet_event_extra.py for tasks to queue
[2026-02-24T18:09:14.312+0000] {logging_mixin.py:190} INFO - [2026-02-24T18:09:14.312+0000] {dagbag.py:588} INFO - Filling up the DagBag from /home/ubuntu/airflow-venv/lib/python3.12/site-packages/airflow/example_dags/example_inlet_event_extra.py
[2026-02-24T18:09:14.322+0000] {processor.py:925} INFO - DAG(s) 'read_dataset_event', 'read_dataset_event_from_classic' retrieved from /home/ubuntu/airflow-venv/lib/python3.12/site-packages/airflow/example_dags/example_inlet_event_extra.py
[2026-02-24T18:09:14.334+0000] {logging_mixin.py:190} INFO - [2026-02-24T18:09:14.334+0000] {dag.py:3239} INFO - Sync 2 DAGs
[2026-02-24T18:09:14.349+0000] {logging_mixin.py:190} INFO - [2026-02-24T18:09:14.349+0000] {dag.py:4180} INFO - Setting next_dagrun for read_dataset_event to 2026-02-23 00:00:00+00:00, run_after=2026-02-24 00:00:00+00:00
[2026-02-24T18:09:14.351+0000] {logging_mixin.py:190} INFO - [2026-02-24T18:09:14.351+0000] {dag.py:4180} INFO - Setting next_dagrun for read_dataset_event_from_classic to 2026-02-23 00:00:00+00:00, run_after=2026-02-24 00:00:00+00:00
[2026-02-24T18:09:14.368+0000] {processor.py:208} INFO - Processing /home/ubuntu/airflow-venv/lib/python3.12/site-packages/airflow/example_dags/example_inlet_event_extra.py took 0.063 seconds
[2026-02-24T18:10:02.616+0000] {processor.py:186} INFO - Started process (PID=45078) to work on /home/ubuntu/airflow-venv/lib/python3.12/site-packages/airflow/example_dags/example_inlet_event_extra.py
[2026-02-24T18:10:02.617+0000] {processor.py:914} INFO - Processing file /home/ubuntu/airflow-venv/lib/python3.12/site-packages/airflow/example_dags/example_inlet_event_extra.py for tasks to queue
[2026-02-24T18:10:02.619+0000] {logging_mixin.py:190} INFO - [2026-02-24T18:10:02.619+0000] {dagbag.py:588} INFO - Filling up the DagBag from /home/ubuntu/airflow-venv/lib/python3.12/site-packages/airflow/example_dags/example_inlet_event_extra.py
[2026-02-24T18:10:02.629+0000] {processor.py:925} INFO - DAG(s) 'read_dataset_event_from_classic', 'read_dataset_event' retrieved from /home/ubuntu/airflow-venv/lib/python3.12/site-packages/airflow/example_dags/example_inlet_event_extra.py
[2026-02-24T18:10:02.642+0000] {logging_mixin.py:190} INFO - [2026-02-24T18:10:02.642+0000] {dag.py:3239} INFO - Sync 2 DAGs
[2026-02-24T18:10:02.659+0000] {logging_mixin.py:190} INFO - [2026-02-24T18:10:02.659+0000] {dag.py:4180} INFO - Setting next_dagrun for read_dataset_event to 2026-02-23 00:00:00+00:00, run_after=2026-02-24 00:00:00+00:00
[2026-02-24T18:10:02.662+0000] {logging_mixin.py:190} INFO - [2026-02-24T18:10:02.662+0000] {dag.py:4180} INFO - Setting next_dagrun for read_dataset_event_from_classic to 2026-02-23 00:00:00+00:00, run_after=2026-02-24 00:00:00+00:00
[2026-02-24T18:10:02.680+0000] {processor.py:208} INFO - Processing /home/ubuntu/airflow-venv/lib/python3.12/site-packages/airflow/example_dags/example_inlet_event_extra.py took 0.069 seconds
[2026-02-24T18:10:52.656+0000] {processor.py:186} INFO - Started process (PID=45134) to work on /home/ubuntu/airflow-venv/lib/python3.12/site-packages/airflow/example_dags/example_inlet_event_extra.py
[2026-02-24T18:10:52.658+0000] {processor.py:914} INFO - Processing file /home/ubuntu/airflow-venv/lib/python3.12/site-packages/airflow/example_dags/example_inlet_event_extra.py for tasks to queue
[2026-02-24T18:10:52.659+0000] {logging_mixin.py:190} INFO - [2026-02-24T18:10:52.659+0000] {dagbag.py:588} INFO - Filling up the DagBag from /home/ubuntu/airflow-venv/lib/python3.12/site-packages/airflow/example_dags/example_inlet_event_extra.py
[2026-02-24T18:10:52.669+0000] {processor.py:925} INFO - DAG(s) 'read_dataset_event', 'read_dataset_event_from_classic' retrieved from /home/ubuntu/airflow-venv/lib/python3.12/site-packages/airflow/example_dags/example_inlet_event_extra.py
[2026-02-24T18:10:52.681+0000] {logging_mixin.py:190} INFO - [2026-02-24T18:10:52.681+0000] {dag.py:3239} INFO - Sync 2 DAGs
[2026-02-24T18:10:52.696+0000] {logging_mixin.py:190} INFO - [2026-02-24T18:10:52.695+0000] {dag.py:4180} INFO - Setting next_dagrun for read_dataset_event to 2026-02-23 00:00:00+00:00, run_after=2026-02-24 00:00:00+00:00
[2026-02-24T18:10:52.698+0000] {logging_mixin.py:190} INFO - [2026-02-24T18:10:52.698+0000] {dag.py:4180} INFO - Setting next_dagrun for read_dataset_event_from_classic to 2026-02-23 00:00:00+00:00, run_after=2026-02-24 00:00:00+00:00
[2026-02-24T18:10:52.715+0000] {processor.py:208} INFO - Processing /home/ubuntu/airflow-venv/lib/python3.12/site-packages/airflow/example_dags/example_inlet_event_extra.py took 0.063 seconds
[2026-02-24T18:11:44.196+0000] {processor.py:186} INFO - Started process (PID=45186) to work on /home/ubuntu/airflow-venv/lib/python3.12/site-packages/airflow/example_dags/example_inlet_event_extra.py
[2026-02-24T18:11:44.197+0000] {processor.py:914} INFO - Processing file /home/ubuntu/airflow-venv/lib/python3.12/site-packages/airflow/example_dags/example_inlet_event_extra.py for tasks to queue
[2026-02-24T18:11:44.199+0000] {logging_mixin.py:190} INFO - [2026-02-24T18:11:44.199+0000] {dagbag.py:588} INFO - Filling up the DagBag from /home/ubuntu/airflow-venv/lib/python3.12/site-packages/airflow/example_dags/example_inlet_event_extra.py
[2026-02-24T18:11:44.208+0000] {processor.py:925} INFO - DAG(s) 'read_dataset_event_from_classic', 'read_dataset_event' retrieved from /home/ubuntu/airflow-venv/lib/python3.12/site-packages/airflow/example_dags/example_inlet_event_extra.py
[2026-02-24T18:11:44.220+0000] {logging_mixin.py:190} INFO - [2026-02-24T18:11:44.220+0000] {dag.py:3239} INFO - Sync 2 DAGs
[2026-02-24T18:11:44.235+0000] {logging_mixin.py:190} INFO - [2026-02-24T18:11:44.235+0000] {dag.py:4180} INFO - Setting next_dagrun for read_dataset_event to 2026-02-23 00:00:00+00:00, run_after=2026-02-24 00:00:00+00:00
[2026-02-24T18:11:44.238+0000] {logging_mixin.py:190} INFO - [2026-02-24T18:11:44.238+0000] {dag.py:4180} INFO - Setting next_dagrun for read_dataset_event_from_classic to 2026-02-23 00:00:00+00:00, run_after=2026-02-24 00:00:00+00:00
[2026-02-24T18:11:44.254+0000] {processor.py:208} INFO - Processing /home/ubuntu/airflow-venv/lib/python3.12/site-packages/airflow/example_dags/example_inlet_event_extra.py took 0.063 seconds
[2026-02-24T18:12:36.788+0000] {processor.py:186} INFO - Started process (PID=45240) to work on /home/ubuntu/airflow-venv/lib/python3.12/site-packages/airflow/example_dags/example_inlet_event_extra.py
[2026-02-24T18:12:36.789+0000] {processor.py:914} INFO - Processing file /home/ubuntu/airflow-venv/lib/python3.12/site-packages/airflow/example_dags/example_inlet_event_extra.py for tasks to queue
[2026-02-24T18:12:36.790+0000] {logging_mixin.py:190} INFO - [2026-02-24T18:12:36.790+0000] {dagbag.py:588} INFO - Filling up the DagBag from /home/ubuntu/airflow-venv/lib/python3.12/site-packages/airflow/example_dags/example_inlet_event_extra.py
[2026-02-24T18:12:36.800+0000] {processor.py:925} INFO - DAG(s) 'read_dataset_event', 'read_dataset_event_from_classic' retrieved from /home/ubuntu/airflow-venv/lib/python3.12/site-packages/airflow/example_dags/example_inlet_event_extra.py
[2026-02-24T18:12:36.812+0000] {logging_mixin.py:190} INFO - [2026-02-24T18:12:36.812+0000] {dag.py:3239} INFO - Sync 2 DAGs
[2026-02-24T18:12:36.827+0000] {logging_mixin.py:190} INFO - [2026-02-24T18:12:36.827+0000] {dag.py:4180} INFO - Setting next_dagrun for read_dataset_event to 2026-02-23 00:00:00+00:00, run_after=2026-02-24 00:00:00+00:00
[2026-02-24T18:12:36.830+0000] {logging_mixin.py:190} INFO - [2026-02-24T18:12:36.830+0000] {dag.py:4180} INFO - Setting next_dagrun for read_dataset_event_from_classic to 2026-02-23 00:00:00+00:00, run_after=2026-02-24 00:00:00+00:00
[2026-02-24T18:12:36.847+0000] {processor.py:208} INFO - Processing /home/ubuntu/airflow-venv/lib/python3.12/site-packages/airflow/example_dags/example_inlet_event_extra.py took 0.064 seconds
[2026-02-24T18:13:26.386+0000] {processor.py:186} INFO - Started process (PID=45294) to work on /home/ubuntu/airflow-venv/lib/python3.12/site-packages/airflow/example_dags/example_inlet_event_extra.py
[2026-02-24T18:13:26.387+0000] {processor.py:914} INFO - Processing file /home/ubuntu/airflow-venv/lib/python3.12/site-packages/airflow/example_dags/example_inlet_event_extra.py for tasks to queue
[2026-02-24T18:13:26.389+0000] {logging_mixin.py:190} INFO - [2026-02-24T18:13:26.388+0000] {dagbag.py:588} INFO - Filling up the DagBag from /home/ubuntu/airflow-venv/lib/python3.12/site-packages/airflow/example_dags/example_inlet_event_extra.py
[2026-02-24T18:13:26.397+0000] {processor.py:925} INFO - DAG(s) 'read_dataset_event', 'read_dataset_event_from_classic' retrieved from /home/ubuntu/airflow-venv/lib/python3.12/site-packages/airflow/example_dags/example_inlet_event_extra.py
[2026-02-24T18:13:26.410+0000] {logging_mixin.py:190} INFO - [2026-02-24T18:13:26.410+0000] {dag.py:3239} INFO - Sync 2 DAGs
[2026-02-24T18:13:26.426+0000] {logging_mixin.py:190} INFO - [2026-02-24T18:13:26.425+0000] {dag.py:4180} INFO - Setting next_dagrun for read_dataset_event to 2026-02-23 00:00:00+00:00, run_after=2026-02-24 00:00:00+00:00
[2026-02-24T18:13:26.429+0000] {logging_mixin.py:190} INFO - [2026-02-24T18:13:26.428+0000] {dag.py:4180} INFO - Setting next_dagrun for read_dataset_event_from_classic to 2026-02-23 00:00:00+00:00, run_after=2026-02-24 00:00:00+00:00
[2026-02-24T18:13:26.445+0000] {processor.py:208} INFO - Processing /home/ubuntu/airflow-venv/lib/python3.12/site-packages/airflow/example_dags/example_inlet_event_extra.py took 0.064 seconds
[2026-02-24T18:14:41.267+0000] {processor.py:186} INFO - Started process (PID=45371) to work on /home/ubuntu/airflow-venv/lib/python3.12/site-packages/airflow/example_dags/example_inlet_event_extra.py
[2026-02-24T18:14:41.269+0000] {processor.py:914} INFO - Processing file /home/ubuntu/airflow-venv/lib/python3.12/site-packages/airflow/example_dags/example_inlet_event_extra.py for tasks to queue
[2026-02-24T18:14:41.271+0000] {logging_mixin.py:190} INFO - [2026-02-24T18:14:41.271+0000] {dagbag.py:588} INFO - Filling up the DagBag from /home/ubuntu/airflow-venv/lib/python3.12/site-packages/airflow/example_dags/example_inlet_event_extra.py
[2026-02-24T18:14:41.280+0000] {processor.py:925} INFO - DAG(s) 'read_dataset_event', 'read_dataset_event_from_classic' retrieved from /home/ubuntu/airflow-venv/lib/python3.12/site-packages/airflow/example_dags/example_inlet_event_extra.py
[2026-02-24T18:14:41.293+0000] {logging_mixin.py:190} INFO - [2026-02-24T18:14:41.292+0000] {dag.py:3239} INFO - Sync 2 DAGs
[2026-02-24T18:14:41.308+0000] {logging_mixin.py:190} INFO - [2026-02-24T18:14:41.308+0000] {dag.py:4180} INFO - Setting next_dagrun for read_dataset_event to 2026-02-23 00:00:00+00:00, run_after=2026-02-24 00:00:00+00:00
[2026-02-24T18:14:41.311+0000] {logging_mixin.py:190} INFO - [2026-02-24T18:14:41.311+0000] {dag.py:4180} INFO - Setting next_dagrun for read_dataset_event_from_classic to 2026-02-23 00:00:00+00:00, run_after=2026-02-24 00:00:00+00:00
[2026-02-24T18:14:41.327+0000] {processor.py:208} INFO - Processing /home/ubuntu/airflow-venv/lib/python3.12/site-packages/airflow/example_dags/example_inlet_event_extra.py took 0.064 seconds
[2026-02-24T18:15:31.410+0000] {processor.py:186} INFO - Started process (PID=45427) to work on /home/ubuntu/airflow-venv/lib/python3.12/site-packages/airflow/example_dags/example_inlet_event_extra.py
[2026-02-24T18:15:31.411+0000] {processor.py:914} INFO - Processing file /home/ubuntu/airflow-venv/lib/python3.12/site-packages/airflow/example_dags/example_inlet_event_extra.py for tasks to queue
[2026-02-24T18:15:31.413+0000] {logging_mixin.py:190} INFO - [2026-02-24T18:15:31.413+0000] {dagbag.py:588} INFO - Filling up the DagBag from /home/ubuntu/airflow-venv/lib/python3.12/site-packages/airflow/example_dags/example_inlet_event_extra.py
[2026-02-24T18:15:31.423+0000] {processor.py:925} INFO - DAG(s) 'read_dataset_event', 'read_dataset_event_from_classic' retrieved from /home/ubuntu/airflow-venv/lib/python3.12/site-packages/airflow/example_dags/example_inlet_event_extra.py
[2026-02-24T18:15:31.435+0000] {logging_mixin.py:190} INFO - [2026-02-24T18:15:31.435+0000] {dag.py:3239} INFO - Sync 2 DAGs
[2026-02-24T18:15:31.450+0000] {logging_mixin.py:190} INFO - [2026-02-24T18:15:31.450+0000] {dag.py:4180} INFO - Setting next_dagrun for read_dataset_event to 2026-02-23 00:00:00+00:00, run_after=2026-02-24 00:00:00+00:00
[2026-02-24T18:15:31.453+0000] {logging_mixin.py:190} INFO - [2026-02-24T18:15:31.453+0000] {dag.py:4180} INFO - Setting next_dagrun for read_dataset_event_from_classic to 2026-02-23 00:00:00+00:00, run_after=2026-02-24 00:00:00+00:00
[2026-02-24T18:15:31.470+0000] {processor.py:208} INFO - Processing /home/ubuntu/airflow-venv/lib/python3.12/site-packages/airflow/example_dags/example_inlet_event_extra.py took 0.065 seconds
[2026-02-24T18:16:21.635+0000] {processor.py:186} INFO - Started process (PID=45480) to work on /home/ubuntu/airflow-venv/lib/python3.12/site-packages/airflow/example_dags/example_inlet_event_extra.py
[2026-02-24T18:16:21.636+0000] {processor.py:914} INFO - Processing file /home/ubuntu/airflow-venv/lib/python3.12/site-packages/airflow/example_dags/example_inlet_event_extra.py for tasks to queue
[2026-02-24T18:16:21.638+0000] {logging_mixin.py:190} INFO - [2026-02-24T18:16:21.638+0000] {dagbag.py:588} INFO - Filling up the DagBag from /home/ubuntu/airflow-venv/lib/python3.12/site-packages/airflow/example_dags/example_inlet_event_extra.py
[2026-02-24T18:16:21.648+0000] {processor.py:925} INFO - DAG(s) 'read_dataset_event_from_classic', 'read_dataset_event' retrieved from /home/ubuntu/airflow-venv/lib/python3.12/site-packages/airflow/example_dags/example_inlet_event_extra.py
[2026-02-24T18:16:21.660+0000] {logging_mixin.py:190} INFO - [2026-02-24T18:16:21.660+0000] {dag.py:3239} INFO - Sync 2 DAGs
[2026-02-24T18:16:21.674+0000] {logging_mixin.py:190} INFO - [2026-02-24T18:16:21.674+0000] {dag.py:4180} INFO - Setting next_dagrun for read_dataset_event to 2026-02-23 00:00:00+00:00, run_after=2026-02-24 00:00:00+00:00
[2026-02-24T18:16:21.677+0000] {logging_mixin.py:190} INFO - [2026-02-24T18:16:21.677+0000] {dag.py:4180} INFO - Setting next_dagrun for read_dataset_event_from_classic to 2026-02-23 00:00:00+00:00, run_after=2026-02-24 00:00:00+00:00
[2026-02-24T18:16:21.693+0000] {processor.py:208} INFO - Processing /home/ubuntu/airflow-venv/lib/python3.12/site-packages/airflow/example_dags/example_inlet_event_extra.py took 0.063 seconds
[2026-02-24T18:17:12.389+0000] {processor.py:186} INFO - Started process (PID=45537) to work on /home/ubuntu/airflow-venv/lib/python3.12/site-packages/airflow/example_dags/example_inlet_event_extra.py
[2026-02-24T18:17:12.390+0000] {processor.py:914} INFO - Processing file /home/ubuntu/airflow-venv/lib/python3.12/site-packages/airflow/example_dags/example_inlet_event_extra.py for tasks to queue
[2026-02-24T18:17:12.393+0000] {logging_mixin.py:190} INFO - [2026-02-24T18:17:12.392+0000] {dagbag.py:588} INFO - Filling up the DagBag from /home/ubuntu/airflow-venv/lib/python3.12/site-packages/airflow/example_dags/example_inlet_event_extra.py
[2026-02-24T18:17:12.401+0000] {processor.py:925} INFO - DAG(s) 'read_dataset_event_from_classic', 'read_dataset_event' retrieved from /home/ubuntu/airflow-venv/lib/python3.12/site-packages/airflow/example_dags/example_inlet_event_extra.py
[2026-02-24T18:17:12.414+0000] {logging_mixin.py:190} INFO - [2026-02-24T18:17:12.414+0000] {dag.py:3239} INFO - Sync 2 DAGs
[2026-02-24T18:17:12.429+0000] {logging_mixin.py:190} INFO - [2026-02-24T18:17:12.428+0000] {dag.py:4180} INFO - Setting next_dagrun for read_dataset_event to 2026-02-23 00:00:00+00:00, run_after=2026-02-24 00:00:00+00:00
[2026-02-24T18:17:12.431+0000] {logging_mixin.py:190} INFO - [2026-02-24T18:17:12.431+0000] {dag.py:4180} INFO - Setting next_dagrun for read_dataset_event_from_classic to 2026-02-23 00:00:00+00:00, run_after=2026-02-24 00:00:00+00:00
[2026-02-24T18:17:12.449+0000] {processor.py:208} INFO - Processing /home/ubuntu/airflow-venv/lib/python3.12/site-packages/airflow/example_dags/example_inlet_event_extra.py took 0.065 seconds
[2026-02-24T18:18:04.225+0000] {processor.py:186} INFO - Started process (PID=45591) to work on /home/ubuntu/airflow-venv/lib/python3.12/site-packages/airflow/example_dags/example_inlet_event_extra.py
[2026-02-24T18:18:04.227+0000] {processor.py:914} INFO - Processing file /home/ubuntu/airflow-venv/lib/python3.12/site-packages/airflow/example_dags/example_inlet_event_extra.py for tasks to queue
[2026-02-24T18:18:04.229+0000] {logging_mixin.py:190} INFO - [2026-02-24T18:18:04.228+0000] {dagbag.py:588} INFO - Filling up the DagBag from /home/ubuntu/airflow-venv/lib/python3.12/site-packages/airflow/example_dags/example_inlet_event_extra.py
[2026-02-24T18:18:04.238+0000] {processor.py:925} INFO - DAG(s) 'read_dataset_event', 'read_dataset_event_from_classic' retrieved from /home/ubuntu/airflow-venv/lib/python3.12/site-packages/airflow/example_dags/example_inlet_event_extra.py
[2026-02-24T18:18:04.250+0000] {logging_mixin.py:190} INFO - [2026-02-24T18:18:04.250+0000] {dag.py:3239} INFO - Sync 2 DAGs
[2026-02-24T18:18:04.265+0000] {logging_mixin.py:190} INFO - [2026-02-24T18:18:04.265+0000] {dag.py:4180} INFO - Setting next_dagrun for read_dataset_event to 2026-02-23 00:00:00+00:00, run_after=2026-02-24 00:00:00+00:00
[2026-02-24T18:18:04.268+0000] {logging_mixin.py:190} INFO - [2026-02-24T18:18:04.268+0000] {dag.py:4180} INFO - Setting next_dagrun for read_dataset_event_from_classic to 2026-02-23 00:00:00+00:00, run_after=2026-02-24 00:00:00+00:00
[2026-02-24T18:18:04.285+0000] {processor.py:208} INFO - Processing /home/ubuntu/airflow-venv/lib/python3.12/site-packages/airflow/example_dags/example_inlet_event_extra.py took 0.064 seconds
[2026-02-24T18:18:55.590+0000] {processor.py:186} INFO - Started process (PID=45643) to work on /home/ubuntu/airflow-venv/lib/python3.12/site-packages/airflow/example_dags/example_inlet_event_extra.py
[2026-02-24T18:18:55.592+0000] {processor.py:914} INFO - Processing file /home/ubuntu/airflow-venv/lib/python3.12/site-packages/airflow/example_dags/example_inlet_event_extra.py for tasks to queue
[2026-02-24T18:18:55.593+0000] {logging_mixin.py:190} INFO - [2026-02-24T18:18:55.593+0000] {dagbag.py:588} INFO - Filling up the DagBag from /home/ubuntu/airflow-venv/lib/python3.12/site-packages/airflow/example_dags/example_inlet_event_extra.py
[2026-02-24T18:18:55.602+0000] {processor.py:925} INFO - DAG(s) 'read_dataset_event_from_classic', 'read_dataset_event' retrieved from /home/ubuntu/airflow-venv/lib/python3.12/site-packages/airflow/example_dags/example_inlet_event_extra.py
[2026-02-24T18:18:55.616+0000] {logging_mixin.py:190} INFO - [2026-02-24T18:18:55.615+0000] {dag.py:3239} INFO - Sync 2 DAGs
[2026-02-24T18:18:55.631+0000] {logging_mixin.py:190} INFO - [2026-02-24T18:18:55.631+0000] {dag.py:4180} INFO - Setting next_dagrun for read_dataset_event to 2026-02-23 00:00:00+00:00, run_after=2026-02-24 00:00:00+00:00
[2026-02-24T18:18:55.634+0000] {logging_mixin.py:190} INFO - [2026-02-24T18:18:55.634+0000] {dag.py:4180} INFO - Setting next_dagrun for read_dataset_event_from_classic to 2026-02-23 00:00:00+00:00, run_after=2026-02-24 00:00:00+00:00
[2026-02-24T18:18:55.650+0000] {processor.py:208} INFO - Processing /home/ubuntu/airflow-venv/lib/python3.12/site-packages/airflow/example_dags/example_inlet_event_extra.py took 0.064 seconds
[2026-02-24T18:19:48.387+0000] {processor.py:186} INFO - Started process (PID=45698) to work on /home/ubuntu/airflow-venv/lib/python3.12/site-packages/airflow/example_dags/example_inlet_event_extra.py
[2026-02-24T18:19:48.389+0000] {processor.py:914} INFO - Processing file /home/ubuntu/airflow-venv/lib/python3.12/site-packages/airflow/example_dags/example_inlet_event_extra.py for tasks to queue
[2026-02-24T18:19:48.391+0000] {logging_mixin.py:190} INFO - [2026-02-24T18:19:48.390+0000] {dagbag.py:588} INFO - Filling up the DagBag from /home/ubuntu/airflow-venv/lib/python3.12/site-packages/airflow/example_dags/example_inlet_event_extra.py
[2026-02-24T18:19:48.400+0000] {processor.py:925} INFO - DAG(s) 'read_dataset_event', 'read_dataset_event_from_classic' retrieved from /home/ubuntu/airflow-venv/lib/python3.12/site-packages/airflow/example_dags/example_inlet_event_extra.py
[2026-02-24T18:19:48.412+0000] {logging_mixin.py:190} INFO - [2026-02-24T18:19:48.412+0000] {dag.py:3239} INFO - Sync 2 DAGs
[2026-02-24T18:19:48.428+0000] {logging_mixin.py:190} INFO - [2026-02-24T18:19:48.428+0000] {dag.py:4180} INFO - Setting next_dagrun for read_dataset_event to 2026-02-23 00:00:00+00:00, run_after=2026-02-24 00:00:00+00:00
[2026-02-24T18:19:48.431+0000] {logging_mixin.py:190} INFO - [2026-02-24T18:19:48.431+0000] {dag.py:4180} INFO - Setting next_dagrun for read_dataset_event_from_classic to 2026-02-23 00:00:00+00:00, run_after=2026-02-24 00:00:00+00:00
[2026-02-24T18:19:48.448+0000] {processor.py:208} INFO - Processing /home/ubuntu/airflow-venv/lib/python3.12/site-packages/airflow/example_dags/example_inlet_event_extra.py took 0.066 seconds
