[2026-02-24T17:59:51.637+0000] {processor.py:186} INFO - Started process (PID=43687) to work on /home/ubuntu/airflow-venv/lib/python3.12/site-packages/airflow/example_dags/example_bash_decorator.py
[2026-02-24T17:59:51.638+0000] {processor.py:914} INFO - Processing file /home/ubuntu/airflow-venv/lib/python3.12/site-packages/airflow/example_dags/example_bash_decorator.py for tasks to queue
[2026-02-24T17:59:51.640+0000] {logging_mixin.py:190} INFO - [2026-02-24T17:59:51.639+0000] {dagbag.py:588} INFO - Filling up the DagBag from /home/ubuntu/airflow-venv/lib/python3.12/site-packages/airflow/example_dags/example_bash_decorator.py
[2026-02-24T17:59:51.650+0000] {processor.py:925} INFO - DAG(s) 'example_bash_decorator' retrieved from /home/ubuntu/airflow-venv/lib/python3.12/site-packages/airflow/example_dags/example_bash_decorator.py
[2026-02-24T17:59:51.728+0000] {logging_mixin.py:190} INFO - [2026-02-24T17:59:51.728+0000] {override.py:1900} INFO - Created Permission View: can edit on DAG:example_bash_decorator
[2026-02-24T17:59:51.740+0000] {logging_mixin.py:190} INFO - [2026-02-24T17:59:51.740+0000] {override.py:1900} INFO - Created Permission View: can delete on DAG:example_bash_decorator
[2026-02-24T17:59:51.749+0000] {logging_mixin.py:190} INFO - [2026-02-24T17:59:51.749+0000] {override.py:1900} INFO - Created Permission View: can read on DAG:example_bash_decorator
[2026-02-24T17:59:51.764+0000] {logging_mixin.py:190} INFO - [2026-02-24T17:59:51.764+0000] {override.py:1900} INFO - Created Permission View: can delete on DAG Run:example_bash_decorator
[2026-02-24T17:59:51.774+0000] {logging_mixin.py:190} INFO - [2026-02-24T17:59:51.774+0000] {override.py:1900} INFO - Created Permission View: menu access on DAG Run:example_bash_decorator
[2026-02-24T17:59:51.783+0000] {logging_mixin.py:190} INFO - [2026-02-24T17:59:51.782+0000] {override.py:1900} INFO - Created Permission View: can create on DAG Run:example_bash_decorator
[2026-02-24T17:59:51.792+0000] {logging_mixin.py:190} INFO - [2026-02-24T17:59:51.792+0000] {override.py:1900} INFO - Created Permission View: can read on DAG Run:example_bash_decorator
[2026-02-24T17:59:51.792+0000] {logging_mixin.py:190} INFO - [2026-02-24T17:59:51.792+0000] {dag.py:3239} INFO - Sync 1 DAGs
[2026-02-24T17:59:51.800+0000] {logging_mixin.py:190} INFO - [2026-02-24T17:59:51.800+0000] {dag.py:3262} INFO - Creating ORM DAG for example_bash_decorator
[2026-02-24T17:59:51.800+0000] {logging_mixin.py:190} INFO - [2026-02-24T17:59:51.800+0000] {dag.py:4180} INFO - Setting next_dagrun for example_bash_decorator to None, run_after=None
[2026-02-24T17:59:51.818+0000] {processor.py:208} INFO - Processing /home/ubuntu/airflow-venv/lib/python3.12/site-packages/airflow/example_dags/example_bash_decorator.py took 0.185 seconds
[2026-02-24T18:00:45.686+0000] {processor.py:186} INFO - Started process (PID=43749) to work on /home/ubuntu/airflow-venv/lib/python3.12/site-packages/airflow/example_dags/example_bash_decorator.py
[2026-02-24T18:00:45.688+0000] {processor.py:914} INFO - Processing file /home/ubuntu/airflow-venv/lib/python3.12/site-packages/airflow/example_dags/example_bash_decorator.py for tasks to queue
[2026-02-24T18:00:45.689+0000] {logging_mixin.py:190} INFO - [2026-02-24T18:00:45.689+0000] {dagbag.py:588} INFO - Filling up the DagBag from /home/ubuntu/airflow-venv/lib/python3.12/site-packages/airflow/example_dags/example_bash_decorator.py
[2026-02-24T18:00:45.700+0000] {processor.py:925} INFO - DAG(s) 'example_bash_decorator' retrieved from /home/ubuntu/airflow-venv/lib/python3.12/site-packages/airflow/example_dags/example_bash_decorator.py
[2026-02-24T18:00:45.713+0000] {logging_mixin.py:190} INFO - [2026-02-24T18:00:45.713+0000] {dag.py:3239} INFO - Sync 1 DAGs
[2026-02-24T18:00:45.722+0000] {logging_mixin.py:190} INFO - [2026-02-24T18:00:45.721+0000] {dag.py:4180} INFO - Setting next_dagrun for example_bash_decorator to None, run_after=None
[2026-02-24T18:00:45.740+0000] {processor.py:208} INFO - Processing /home/ubuntu/airflow-venv/lib/python3.12/site-packages/airflow/example_dags/example_bash_decorator.py took 0.058 seconds
[2026-02-24T18:02:01.584+0000] {processor.py:186} INFO - Started process (PID=43830) to work on /home/ubuntu/airflow-venv/lib/python3.12/site-packages/airflow/example_dags/example_bash_decorator.py
[2026-02-24T18:02:01.586+0000] {processor.py:914} INFO - Processing file /home/ubuntu/airflow-venv/lib/python3.12/site-packages/airflow/example_dags/example_bash_decorator.py for tasks to queue
[2026-02-24T18:02:01.587+0000] {logging_mixin.py:190} INFO - [2026-02-24T18:02:01.587+0000] {dagbag.py:588} INFO - Filling up the DagBag from /home/ubuntu/airflow-venv/lib/python3.12/site-packages/airflow/example_dags/example_bash_decorator.py
[2026-02-24T18:02:01.598+0000] {processor.py:925} INFO - DAG(s) 'example_bash_decorator' retrieved from /home/ubuntu/airflow-venv/lib/python3.12/site-packages/airflow/example_dags/example_bash_decorator.py
[2026-02-24T18:02:01.612+0000] {logging_mixin.py:190} INFO - [2026-02-24T18:02:01.612+0000] {dag.py:3239} INFO - Sync 1 DAGs
[2026-02-24T18:02:01.622+0000] {logging_mixin.py:190} INFO - [2026-02-24T18:02:01.621+0000] {dag.py:4180} INFO - Setting next_dagrun for example_bash_decorator to None, run_after=None
[2026-02-24T18:02:01.640+0000] {processor.py:208} INFO - Processing /home/ubuntu/airflow-venv/lib/python3.12/site-packages/airflow/example_dags/example_bash_decorator.py took 0.060 seconds
[2026-02-24T18:03:21.812+0000] {processor.py:186} INFO - Started process (PID=44284) to work on /home/ubuntu/airflow-venv/lib/python3.12/site-packages/airflow/example_dags/example_bash_decorator.py
[2026-02-24T18:03:21.813+0000] {processor.py:914} INFO - Processing file /home/ubuntu/airflow-venv/lib/python3.12/site-packages/airflow/example_dags/example_bash_decorator.py for tasks to queue
[2026-02-24T18:03:21.815+0000] {logging_mixin.py:190} INFO - [2026-02-24T18:03:21.814+0000] {dagbag.py:588} INFO - Filling up the DagBag from /home/ubuntu/airflow-venv/lib/python3.12/site-packages/airflow/example_dags/example_bash_decorator.py
[2026-02-24T18:03:21.825+0000] {processor.py:925} INFO - DAG(s) 'example_bash_decorator' retrieved from /home/ubuntu/airflow-venv/lib/python3.12/site-packages/airflow/example_dags/example_bash_decorator.py
[2026-02-24T18:03:21.839+0000] {logging_mixin.py:190} INFO - [2026-02-24T18:03:21.838+0000] {dag.py:3239} INFO - Sync 1 DAGs
[2026-02-24T18:03:21.847+0000] {logging_mixin.py:190} INFO - [2026-02-24T18:03:21.847+0000] {dag.py:4180} INFO - Setting next_dagrun for example_bash_decorator to None, run_after=None
[2026-02-24T18:03:21.865+0000] {processor.py:208} INFO - Processing /home/ubuntu/airflow-venv/lib/python3.12/site-packages/airflow/example_dags/example_bash_decorator.py took 0.058 seconds
[2026-02-24T18:04:33.560+0000] {processor.py:186} INFO - Started process (PID=44726) to work on /home/ubuntu/airflow-venv/lib/python3.12/site-packages/airflow/example_dags/example_bash_decorator.py
[2026-02-24T18:04:33.561+0000] {processor.py:914} INFO - Processing file /home/ubuntu/airflow-venv/lib/python3.12/site-packages/airflow/example_dags/example_bash_decorator.py for tasks to queue
[2026-02-24T18:04:33.562+0000] {logging_mixin.py:190} INFO - [2026-02-24T18:04:33.562+0000] {dagbag.py:588} INFO - Filling up the DagBag from /home/ubuntu/airflow-venv/lib/python3.12/site-packages/airflow/example_dags/example_bash_decorator.py
[2026-02-24T18:04:33.574+0000] {processor.py:925} INFO - DAG(s) 'example_bash_decorator' retrieved from /home/ubuntu/airflow-venv/lib/python3.12/site-packages/airflow/example_dags/example_bash_decorator.py
[2026-02-24T18:04:33.601+0000] {logging_mixin.py:190} INFO - [2026-02-24T18:04:33.600+0000] {dag.py:3239} INFO - Sync 1 DAGs
[2026-02-24T18:04:33.610+0000] {logging_mixin.py:190} INFO - [2026-02-24T18:04:33.610+0000] {dag.py:4180} INFO - Setting next_dagrun for example_bash_decorator to None, run_after=None
[2026-02-24T18:04:33.636+0000] {processor.py:208} INFO - Processing /home/ubuntu/airflow-venv/lib/python3.12/site-packages/airflow/example_dags/example_bash_decorator.py took 0.080 seconds
[2026-02-24T18:05:56.675+0000] {processor.py:186} INFO - Started process (PID=44819) to work on /home/ubuntu/airflow-venv/lib/python3.12/site-packages/airflow/example_dags/example_bash_decorator.py
[2026-02-24T18:05:56.676+0000] {processor.py:914} INFO - Processing file /home/ubuntu/airflow-venv/lib/python3.12/site-packages/airflow/example_dags/example_bash_decorator.py for tasks to queue
[2026-02-24T18:05:56.678+0000] {logging_mixin.py:190} INFO - [2026-02-24T18:05:56.678+0000] {dagbag.py:588} INFO - Filling up the DagBag from /home/ubuntu/airflow-venv/lib/python3.12/site-packages/airflow/example_dags/example_bash_decorator.py
[2026-02-24T18:05:56.688+0000] {processor.py:925} INFO - DAG(s) 'example_bash_decorator' retrieved from /home/ubuntu/airflow-venv/lib/python3.12/site-packages/airflow/example_dags/example_bash_decorator.py
[2026-02-24T18:05:56.701+0000] {logging_mixin.py:190} INFO - [2026-02-24T18:05:56.701+0000] {dag.py:3239} INFO - Sync 1 DAGs
[2026-02-24T18:05:56.710+0000] {logging_mixin.py:190} INFO - [2026-02-24T18:05:56.710+0000] {dag.py:4180} INFO - Setting next_dagrun for example_bash_decorator to None, run_after=None
[2026-02-24T18:05:56.728+0000] {processor.py:208} INFO - Processing /home/ubuntu/airflow-venv/lib/python3.12/site-packages/airflow/example_dags/example_bash_decorator.py took 0.057 seconds
[2026-02-24T18:07:16.734+0000] {processor.py:186} INFO - Started process (PID=44903) to work on /home/ubuntu/airflow-venv/lib/python3.12/site-packages/airflow/example_dags/example_bash_decorator.py
[2026-02-24T18:07:16.735+0000] {processor.py:914} INFO - Processing file /home/ubuntu/airflow-venv/lib/python3.12/site-packages/airflow/example_dags/example_bash_decorator.py for tasks to queue
[2026-02-24T18:07:16.737+0000] {logging_mixin.py:190} INFO - [2026-02-24T18:07:16.737+0000] {dagbag.py:588} INFO - Filling up the DagBag from /home/ubuntu/airflow-venv/lib/python3.12/site-packages/airflow/example_dags/example_bash_decorator.py
[2026-02-24T18:07:16.748+0000] {processor.py:925} INFO - DAG(s) 'example_bash_decorator' retrieved from /home/ubuntu/airflow-venv/lib/python3.12/site-packages/airflow/example_dags/example_bash_decorator.py
[2026-02-24T18:07:16.761+0000] {logging_mixin.py:190} INFO - [2026-02-24T18:07:16.761+0000] {dag.py:3239} INFO - Sync 1 DAGs
[2026-02-24T18:07:16.770+0000] {logging_mixin.py:190} INFO - [2026-02-24T18:07:16.769+0000] {dag.py:4180} INFO - Setting next_dagrun for example_bash_decorator to None, run_after=None
[2026-02-24T18:07:16.787+0000] {processor.py:208} INFO - Processing /home/ubuntu/airflow-venv/lib/python3.12/site-packages/airflow/example_dags/example_bash_decorator.py took 0.057 seconds
[2026-02-24T18:08:30.527+0000] {processor.py:186} INFO - Started process (PID=44980) to work on /home/ubuntu/airflow-venv/lib/python3.12/site-packages/airflow/example_dags/example_bash_decorator.py
[2026-02-24T18:08:30.529+0000] {processor.py:914} INFO - Processing file /home/ubuntu/airflow-venv/lib/python3.12/site-packages/airflow/example_dags/example_bash_decorator.py for tasks to queue
[2026-02-24T18:08:30.530+0000] {logging_mixin.py:190} INFO - [2026-02-24T18:08:30.530+0000] {dagbag.py:588} INFO - Filling up the DagBag from /home/ubuntu/airflow-venv/lib/python3.12/site-packages/airflow/example_dags/example_bash_decorator.py
[2026-02-24T18:08:30.541+0000] {processor.py:925} INFO - DAG(s) 'example_bash_decorator' retrieved from /home/ubuntu/airflow-venv/lib/python3.12/site-packages/airflow/example_dags/example_bash_decorator.py
[2026-02-24T18:08:30.554+0000] {logging_mixin.py:190} INFO - [2026-02-24T18:08:30.554+0000] {dag.py:3239} INFO - Sync 1 DAGs
[2026-02-24T18:08:30.563+0000] {logging_mixin.py:190} INFO - [2026-02-24T18:08:30.563+0000] {dag.py:4180} INFO - Setting next_dagrun for example_bash_decorator to None, run_after=None
[2026-02-24T18:08:30.582+0000] {processor.py:208} INFO - Processing /home/ubuntu/airflow-venv/lib/python3.12/site-packages/airflow/example_dags/example_bash_decorator.py took 0.059 seconds
[2026-02-24T18:09:43.445+0000] {processor.py:186} INFO - Started process (PID=45058) to work on /home/ubuntu/airflow-venv/lib/python3.12/site-packages/airflow/example_dags/example_bash_decorator.py
[2026-02-24T18:09:43.446+0000] {processor.py:914} INFO - Processing file /home/ubuntu/airflow-venv/lib/python3.12/site-packages/airflow/example_dags/example_bash_decorator.py for tasks to queue
[2026-02-24T18:09:43.448+0000] {logging_mixin.py:190} INFO - [2026-02-24T18:09:43.447+0000] {dagbag.py:588} INFO - Filling up the DagBag from /home/ubuntu/airflow-venv/lib/python3.12/site-packages/airflow/example_dags/example_bash_decorator.py
[2026-02-24T18:09:43.459+0000] {processor.py:925} INFO - DAG(s) 'example_bash_decorator' retrieved from /home/ubuntu/airflow-venv/lib/python3.12/site-packages/airflow/example_dags/example_bash_decorator.py
[2026-02-24T18:09:43.472+0000] {logging_mixin.py:190} INFO - [2026-02-24T18:09:43.472+0000] {dag.py:3239} INFO - Sync 1 DAGs
[2026-02-24T18:09:43.481+0000] {logging_mixin.py:190} INFO - [2026-02-24T18:09:43.481+0000] {dag.py:4180} INFO - Setting next_dagrun for example_bash_decorator to None, run_after=None
[2026-02-24T18:09:43.499+0000] {processor.py:208} INFO - Processing /home/ubuntu/airflow-venv/lib/python3.12/site-packages/airflow/example_dags/example_bash_decorator.py took 0.058 seconds
[2026-02-24T18:10:59.115+0000] {processor.py:186} INFO - Started process (PID=45141) to work on /home/ubuntu/airflow-venv/lib/python3.12/site-packages/airflow/example_dags/example_bash_decorator.py
[2026-02-24T18:10:59.116+0000] {processor.py:914} INFO - Processing file /home/ubuntu/airflow-venv/lib/python3.12/site-packages/airflow/example_dags/example_bash_decorator.py for tasks to queue
[2026-02-24T18:10:59.118+0000] {logging_mixin.py:190} INFO - [2026-02-24T18:10:59.118+0000] {dagbag.py:588} INFO - Filling up the DagBag from /home/ubuntu/airflow-venv/lib/python3.12/site-packages/airflow/example_dags/example_bash_decorator.py
[2026-02-24T18:10:59.129+0000] {processor.py:925} INFO - DAG(s) 'example_bash_decorator' retrieved from /home/ubuntu/airflow-venv/lib/python3.12/site-packages/airflow/example_dags/example_bash_decorator.py
[2026-02-24T18:10:59.142+0000] {logging_mixin.py:190} INFO - [2026-02-24T18:10:59.142+0000] {dag.py:3239} INFO - Sync 1 DAGs
[2026-02-24T18:10:59.151+0000] {logging_mixin.py:190} INFO - [2026-02-24T18:10:59.151+0000] {dag.py:4180} INFO - Setting next_dagrun for example_bash_decorator to None, run_after=None
[2026-02-24T18:10:59.169+0000] {processor.py:208} INFO - Processing /home/ubuntu/airflow-venv/lib/python3.12/site-packages/airflow/example_dags/example_bash_decorator.py took 0.058 seconds
[2026-02-24T18:12:16.221+0000] {processor.py:186} INFO - Started process (PID=45220) to work on /home/ubuntu/airflow-venv/lib/python3.12/site-packages/airflow/example_dags/example_bash_decorator.py
[2026-02-24T18:12:16.222+0000] {processor.py:914} INFO - Processing file /home/ubuntu/airflow-venv/lib/python3.12/site-packages/airflow/example_dags/example_bash_decorator.py for tasks to queue
[2026-02-24T18:12:16.224+0000] {logging_mixin.py:190} INFO - [2026-02-24T18:12:16.224+0000] {dagbag.py:588} INFO - Filling up the DagBag from /home/ubuntu/airflow-venv/lib/python3.12/site-packages/airflow/example_dags/example_bash_decorator.py
[2026-02-24T18:12:16.235+0000] {processor.py:925} INFO - DAG(s) 'example_bash_decorator' retrieved from /home/ubuntu/airflow-venv/lib/python3.12/site-packages/airflow/example_dags/example_bash_decorator.py
[2026-02-24T18:12:16.248+0000] {logging_mixin.py:190} INFO - [2026-02-24T18:12:16.248+0000] {dag.py:3239} INFO - Sync 1 DAGs
[2026-02-24T18:12:16.256+0000] {logging_mixin.py:190} INFO - [2026-02-24T18:12:16.256+0000] {dag.py:4180} INFO - Setting next_dagrun for example_bash_decorator to None, run_after=None
[2026-02-24T18:12:16.274+0000] {processor.py:208} INFO - Processing /home/ubuntu/airflow-venv/lib/python3.12/site-packages/airflow/example_dags/example_bash_decorator.py took 0.057 seconds
[2026-02-24T18:13:31.547+0000] {processor.py:186} INFO - Started process (PID=45299) to work on /home/ubuntu/airflow-venv/lib/python3.12/site-packages/airflow/example_dags/example_bash_decorator.py
[2026-02-24T18:13:31.548+0000] {processor.py:914} INFO - Processing file /home/ubuntu/airflow-venv/lib/python3.12/site-packages/airflow/example_dags/example_bash_decorator.py for tasks to queue
[2026-02-24T18:13:31.549+0000] {logging_mixin.py:190} INFO - [2026-02-24T18:13:31.549+0000] {dagbag.py:588} INFO - Filling up the DagBag from /home/ubuntu/airflow-venv/lib/python3.12/site-packages/airflow/example_dags/example_bash_decorator.py
[2026-02-24T18:13:31.560+0000] {processor.py:925} INFO - DAG(s) 'example_bash_decorator' retrieved from /home/ubuntu/airflow-venv/lib/python3.12/site-packages/airflow/example_dags/example_bash_decorator.py
[2026-02-24T18:13:31.573+0000] {logging_mixin.py:190} INFO - [2026-02-24T18:13:31.573+0000] {dag.py:3239} INFO - Sync 1 DAGs
[2026-02-24T18:13:31.582+0000] {logging_mixin.py:190} INFO - [2026-02-24T18:13:31.582+0000] {dag.py:4180} INFO - Setting next_dagrun for example_bash_decorator to None, run_after=None
[2026-02-24T18:13:31.600+0000] {processor.py:208} INFO - Processing /home/ubuntu/airflow-venv/lib/python3.12/site-packages/airflow/example_dags/example_bash_decorator.py took 0.058 seconds
[2026-02-24T18:14:46.056+0000] {processor.py:186} INFO - Started process (PID=45376) to work on /home/ubuntu/airflow-venv/lib/python3.12/site-packages/airflow/example_dags/example_bash_decorator.py
[2026-02-24T18:14:46.058+0000] {processor.py:914} INFO - Processing file /home/ubuntu/airflow-venv/lib/python3.12/site-packages/airflow/example_dags/example_bash_decorator.py for tasks to queue
[2026-02-24T18:14:46.059+0000] {logging_mixin.py:190} INFO - [2026-02-24T18:14:46.059+0000] {dagbag.py:588} INFO - Filling up the DagBag from /home/ubuntu/airflow-venv/lib/python3.12/site-packages/airflow/example_dags/example_bash_decorator.py
[2026-02-24T18:14:46.070+0000] {processor.py:925} INFO - DAG(s) 'example_bash_decorator' retrieved from /home/ubuntu/airflow-venv/lib/python3.12/site-packages/airflow/example_dags/example_bash_decorator.py
[2026-02-24T18:14:46.083+0000] {logging_mixin.py:190} INFO - [2026-02-24T18:14:46.083+0000] {dag.py:3239} INFO - Sync 1 DAGs
[2026-02-24T18:14:46.092+0000] {logging_mixin.py:190} INFO - [2026-02-24T18:14:46.092+0000] {dag.py:4180} INFO - Setting next_dagrun for example_bash_decorator to None, run_after=None
[2026-02-24T18:14:46.110+0000] {processor.py:208} INFO - Processing /home/ubuntu/airflow-venv/lib/python3.12/site-packages/airflow/example_dags/example_bash_decorator.py took 0.058 seconds
[2026-02-24T18:16:01.680+0000] {processor.py:186} INFO - Started process (PID=45459) to work on /home/ubuntu/airflow-venv/lib/python3.12/site-packages/airflow/example_dags/example_bash_decorator.py
[2026-02-24T18:16:01.681+0000] {processor.py:914} INFO - Processing file /home/ubuntu/airflow-venv/lib/python3.12/site-packages/airflow/example_dags/example_bash_decorator.py for tasks to queue
[2026-02-24T18:16:01.683+0000] {logging_mixin.py:190} INFO - [2026-02-24T18:16:01.683+0000] {dagbag.py:588} INFO - Filling up the DagBag from /home/ubuntu/airflow-venv/lib/python3.12/site-packages/airflow/example_dags/example_bash_decorator.py
[2026-02-24T18:16:01.695+0000] {processor.py:925} INFO - DAG(s) 'example_bash_decorator' retrieved from /home/ubuntu/airflow-venv/lib/python3.12/site-packages/airflow/example_dags/example_bash_decorator.py
[2026-02-24T18:16:01.710+0000] {logging_mixin.py:190} INFO - [2026-02-24T18:16:01.709+0000] {dag.py:3239} INFO - Sync 1 DAGs
[2026-02-24T18:16:01.719+0000] {logging_mixin.py:190} INFO - [2026-02-24T18:16:01.719+0000] {dag.py:4180} INFO - Setting next_dagrun for example_bash_decorator to None, run_after=None
[2026-02-24T18:16:01.738+0000] {processor.py:208} INFO - Processing /home/ubuntu/airflow-venv/lib/python3.12/site-packages/airflow/example_dags/example_bash_decorator.py took 0.063 seconds
[2026-02-24T18:17:17.122+0000] {processor.py:186} INFO - Started process (PID=45542) to work on /home/ubuntu/airflow-venv/lib/python3.12/site-packages/airflow/example_dags/example_bash_decorator.py
[2026-02-24T18:17:17.123+0000] {processor.py:914} INFO - Processing file /home/ubuntu/airflow-venv/lib/python3.12/site-packages/airflow/example_dags/example_bash_decorator.py for tasks to queue
[2026-02-24T18:17:17.124+0000] {logging_mixin.py:190} INFO - [2026-02-24T18:17:17.124+0000] {dagbag.py:588} INFO - Filling up the DagBag from /home/ubuntu/airflow-venv/lib/python3.12/site-packages/airflow/example_dags/example_bash_decorator.py
[2026-02-24T18:17:17.135+0000] {processor.py:925} INFO - DAG(s) 'example_bash_decorator' retrieved from /home/ubuntu/airflow-venv/lib/python3.12/site-packages/airflow/example_dags/example_bash_decorator.py
[2026-02-24T18:17:17.148+0000] {logging_mixin.py:190} INFO - [2026-02-24T18:17:17.148+0000] {dag.py:3239} INFO - Sync 1 DAGs
[2026-02-24T18:17:17.158+0000] {logging_mixin.py:190} INFO - [2026-02-24T18:17:17.158+0000] {dag.py:4180} INFO - Setting next_dagrun for example_bash_decorator to None, run_after=None
[2026-02-24T18:17:17.175+0000] {processor.py:208} INFO - Processing /home/ubuntu/airflow-venv/lib/python3.12/site-packages/airflow/example_dags/example_bash_decorator.py took 0.058 seconds
[2026-02-24T18:18:35.027+0000] {processor.py:186} INFO - Started process (PID=45622) to work on /home/ubuntu/airflow-venv/lib/python3.12/site-packages/airflow/example_dags/example_bash_decorator.py
[2026-02-24T18:18:35.028+0000] {processor.py:914} INFO - Processing file /home/ubuntu/airflow-venv/lib/python3.12/site-packages/airflow/example_dags/example_bash_decorator.py for tasks to queue
[2026-02-24T18:18:35.030+0000] {logging_mixin.py:190} INFO - [2026-02-24T18:18:35.029+0000] {dagbag.py:588} INFO - Filling up the DagBag from /home/ubuntu/airflow-venv/lib/python3.12/site-packages/airflow/example_dags/example_bash_decorator.py
[2026-02-24T18:18:35.041+0000] {processor.py:925} INFO - DAG(s) 'example_bash_decorator' retrieved from /home/ubuntu/airflow-venv/lib/python3.12/site-packages/airflow/example_dags/example_bash_decorator.py
[2026-02-24T18:18:35.055+0000] {logging_mixin.py:190} INFO - [2026-02-24T18:18:35.055+0000] {dag.py:3239} INFO - Sync 1 DAGs
[2026-02-24T18:18:35.064+0000] {logging_mixin.py:190} INFO - [2026-02-24T18:18:35.064+0000] {dag.py:4180} INFO - Setting next_dagrun for example_bash_decorator to None, run_after=None
[2026-02-24T18:18:35.082+0000] {processor.py:208} INFO - Processing /home/ubuntu/airflow-venv/lib/python3.12/site-packages/airflow/example_dags/example_bash_decorator.py took 0.060 seconds
[2026-02-24T18:19:53.216+0000] {processor.py:186} INFO - Started process (PID=45703) to work on /home/ubuntu/airflow-venv/lib/python3.12/site-packages/airflow/example_dags/example_bash_decorator.py
[2026-02-24T18:19:53.217+0000] {processor.py:914} INFO - Processing file /home/ubuntu/airflow-venv/lib/python3.12/site-packages/airflow/example_dags/example_bash_decorator.py for tasks to queue
[2026-02-24T18:19:53.219+0000] {logging_mixin.py:190} INFO - [2026-02-24T18:19:53.219+0000] {dagbag.py:588} INFO - Filling up the DagBag from /home/ubuntu/airflow-venv/lib/python3.12/site-packages/airflow/example_dags/example_bash_decorator.py
[2026-02-24T18:19:53.230+0000] {processor.py:925} INFO - DAG(s) 'example_bash_decorator' retrieved from /home/ubuntu/airflow-venv/lib/python3.12/site-packages/airflow/example_dags/example_bash_decorator.py
[2026-02-24T18:19:53.243+0000] {logging_mixin.py:190} INFO - [2026-02-24T18:19:53.243+0000] {dag.py:3239} INFO - Sync 1 DAGs
[2026-02-24T18:19:53.252+0000] {logging_mixin.py:190} INFO - [2026-02-24T18:19:53.252+0000] {dag.py:4180} INFO - Setting next_dagrun for example_bash_decorator to None, run_after=None
[2026-02-24T18:19:53.271+0000] {processor.py:208} INFO - Processing /home/ubuntu/airflow-venv/lib/python3.12/site-packages/airflow/example_dags/example_bash_decorator.py took 0.059 seconds
