[2026-02-24T17:59:38.876+0000] {processor.py:186} INFO - Started process (PID=43675) to work on /home/ubuntu/airflow-venv/lib/python3.12/site-packages/airflow/example_dags/example_datasets.py
[2026-02-24T17:59:38.877+0000] {processor.py:914} INFO - Processing file /home/ubuntu/airflow-venv/lib/python3.12/site-packages/airflow/example_dags/example_datasets.py for tasks to queue
[2026-02-24T17:59:38.879+0000] {logging_mixin.py:190} INFO - [2026-02-24T17:59:38.878+0000] {dagbag.py:588} INFO - Filling up the DagBag from /home/ubuntu/airflow-venv/lib/python3.12/site-packages/airflow/example_dags/example_datasets.py
[2026-02-24T17:59:38.889+0000] {processor.py:925} INFO - DAG(s) 'dataset_consumes_unknown_never_scheduled', 'dataset_consumes_1_never_scheduled', 'dataset_consumes_1', 'dataset_produces_2', 'conditional_dataset_and_time_based_timetable', 'dataset_produces_1', 'consume_1_or_2_with_dataset_expressions', 'consume_1_or_both_2_and_3_with_dataset_expressions', 'dataset_consumes_1_and_2', 'consume_1_and_2_with_dataset_expressions' retrieved from /home/ubuntu/airflow-venv/lib/python3.12/site-packages/airflow/example_dags/example_datasets.py
[2026-02-24T17:59:38.963+0000] {logging_mixin.py:190} INFO - [2026-02-24T17:59:38.962+0000] {override.py:1900} INFO - Created Permission View: can edit on DAG:dataset_consumes_unknown_never_scheduled
[2026-02-24T17:59:38.974+0000] {logging_mixin.py:190} INFO - [2026-02-24T17:59:38.973+0000] {override.py:1900} INFO - Created Permission View: can delete on DAG:dataset_consumes_unknown_never_scheduled
[2026-02-24T17:59:38.982+0000] {logging_mixin.py:190} INFO - [2026-02-24T17:59:38.982+0000] {override.py:1900} INFO - Created Permission View: can read on DAG:dataset_consumes_unknown_never_scheduled
[2026-02-24T17:59:38.997+0000] {logging_mixin.py:190} INFO - [2026-02-24T17:59:38.997+0000] {override.py:1900} INFO - Created Permission View: can delete on DAG Run:dataset_consumes_unknown_never_scheduled
[2026-02-24T17:59:39.006+0000] {logging_mixin.py:190} INFO - [2026-02-24T17:59:39.006+0000] {override.py:1900} INFO - Created Permission View: menu access on DAG Run:dataset_consumes_unknown_never_scheduled
[2026-02-24T17:59:39.014+0000] {logging_mixin.py:190} INFO - [2026-02-24T17:59:39.014+0000] {override.py:1900} INFO - Created Permission View: can create on DAG Run:dataset_consumes_unknown_never_scheduled
[2026-02-24T17:59:39.023+0000] {logging_mixin.py:190} INFO - [2026-02-24T17:59:39.023+0000] {override.py:1900} INFO - Created Permission View: can read on DAG Run:dataset_consumes_unknown_never_scheduled
[2026-02-24T17:59:39.043+0000] {logging_mixin.py:190} INFO - [2026-02-24T17:59:39.043+0000] {override.py:1900} INFO - Created Permission View: can edit on DAG:dataset_consumes_1_never_scheduled
[2026-02-24T17:59:39.051+0000] {logging_mixin.py:190} INFO - [2026-02-24T17:59:39.051+0000] {override.py:1900} INFO - Created Permission View: can delete on DAG:dataset_consumes_1_never_scheduled
[2026-02-24T17:59:39.060+0000] {logging_mixin.py:190} INFO - [2026-02-24T17:59:39.060+0000] {override.py:1900} INFO - Created Permission View: can read on DAG:dataset_consumes_1_never_scheduled
[2026-02-24T17:59:39.075+0000] {logging_mixin.py:190} INFO - [2026-02-24T17:59:39.075+0000] {override.py:1900} INFO - Created Permission View: can delete on DAG Run:dataset_consumes_1_never_scheduled
[2026-02-24T17:59:39.084+0000] {logging_mixin.py:190} INFO - [2026-02-24T17:59:39.083+0000] {override.py:1900} INFO - Created Permission View: menu access on DAG Run:dataset_consumes_1_never_scheduled
[2026-02-24T17:59:39.092+0000] {logging_mixin.py:190} INFO - [2026-02-24T17:59:39.092+0000] {override.py:1900} INFO - Created Permission View: can create on DAG Run:dataset_consumes_1_never_scheduled
[2026-02-24T17:59:39.101+0000] {logging_mixin.py:190} INFO - [2026-02-24T17:59:39.100+0000] {override.py:1900} INFO - Created Permission View: can read on DAG Run:dataset_consumes_1_never_scheduled
[2026-02-24T17:59:39.119+0000] {logging_mixin.py:190} INFO - [2026-02-24T17:59:39.119+0000] {override.py:1900} INFO - Created Permission View: can edit on DAG:dataset_consumes_1
[2026-02-24T17:59:39.129+0000] {logging_mixin.py:190} INFO - [2026-02-24T17:59:39.128+0000] {override.py:1900} INFO - Created Permission View: can delete on DAG:dataset_consumes_1
[2026-02-24T17:59:39.137+0000] {logging_mixin.py:190} INFO - [2026-02-24T17:59:39.136+0000] {override.py:1900} INFO - Created Permission View: can read on DAG:dataset_consumes_1
[2026-02-24T17:59:39.152+0000] {logging_mixin.py:190} INFO - [2026-02-24T17:59:39.152+0000] {override.py:1900} INFO - Created Permission View: can delete on DAG Run:dataset_consumes_1
[2026-02-24T17:59:39.161+0000] {logging_mixin.py:190} INFO - [2026-02-24T17:59:39.160+0000] {override.py:1900} INFO - Created Permission View: menu access on DAG Run:dataset_consumes_1
[2026-02-24T17:59:39.169+0000] {logging_mixin.py:190} INFO - [2026-02-24T17:59:39.169+0000] {override.py:1900} INFO - Created Permission View: can create on DAG Run:dataset_consumes_1
[2026-02-24T17:59:39.177+0000] {logging_mixin.py:190} INFO - [2026-02-24T17:59:39.177+0000] {override.py:1900} INFO - Created Permission View: can read on DAG Run:dataset_consumes_1
[2026-02-24T17:59:39.194+0000] {logging_mixin.py:190} INFO - [2026-02-24T17:59:39.194+0000] {override.py:1900} INFO - Created Permission View: can edit on DAG:dataset_produces_2
[2026-02-24T17:59:39.202+0000] {logging_mixin.py:190} INFO - [2026-02-24T17:59:39.202+0000] {override.py:1900} INFO - Created Permission View: can delete on DAG:dataset_produces_2
[2026-02-24T17:59:39.211+0000] {logging_mixin.py:190} INFO - [2026-02-24T17:59:39.211+0000] {override.py:1900} INFO - Created Permission View: can read on DAG:dataset_produces_2
[2026-02-24T17:59:39.225+0000] {logging_mixin.py:190} INFO - [2026-02-24T17:59:39.225+0000] {override.py:1900} INFO - Created Permission View: can delete on DAG Run:dataset_produces_2
[2026-02-24T17:59:39.235+0000] {logging_mixin.py:190} INFO - [2026-02-24T17:59:39.234+0000] {override.py:1900} INFO - Created Permission View: menu access on DAG Run:dataset_produces_2
[2026-02-24T17:59:39.243+0000] {logging_mixin.py:190} INFO - [2026-02-24T17:59:39.243+0000] {override.py:1900} INFO - Created Permission View: can create on DAG Run:dataset_produces_2
[2026-02-24T17:59:39.252+0000] {logging_mixin.py:190} INFO - [2026-02-24T17:59:39.252+0000] {override.py:1900} INFO - Created Permission View: can read on DAG Run:dataset_produces_2
[2026-02-24T17:59:39.272+0000] {logging_mixin.py:190} INFO - [2026-02-24T17:59:39.272+0000] {override.py:1900} INFO - Created Permission View: can edit on DAG:conditional_dataset_and_time_based_timetable
[2026-02-24T17:59:39.280+0000] {logging_mixin.py:190} INFO - [2026-02-24T17:59:39.280+0000] {override.py:1900} INFO - Created Permission View: can delete on DAG:conditional_dataset_and_time_based_timetable
[2026-02-24T17:59:39.289+0000] {logging_mixin.py:190} INFO - [2026-02-24T17:59:39.289+0000] {override.py:1900} INFO - Created Permission View: can read on DAG:conditional_dataset_and_time_based_timetable
[2026-02-24T17:59:39.304+0000] {logging_mixin.py:190} INFO - [2026-02-24T17:59:39.304+0000] {override.py:1900} INFO - Created Permission View: can delete on DAG Run:conditional_dataset_and_time_based_timetable
[2026-02-24T17:59:39.313+0000] {logging_mixin.py:190} INFO - [2026-02-24T17:59:39.312+0000] {override.py:1900} INFO - Created Permission View: menu access on DAG Run:conditional_dataset_and_time_based_timetable
[2026-02-24T17:59:39.321+0000] {logging_mixin.py:190} INFO - [2026-02-24T17:59:39.320+0000] {override.py:1900} INFO - Created Permission View: can create on DAG Run:conditional_dataset_and_time_based_timetable
[2026-02-24T17:59:39.328+0000] {logging_mixin.py:190} INFO - [2026-02-24T17:59:39.328+0000] {override.py:1900} INFO - Created Permission View: can read on DAG Run:conditional_dataset_and_time_based_timetable
[2026-02-24T17:59:39.348+0000] {logging_mixin.py:190} INFO - [2026-02-24T17:59:39.348+0000] {override.py:1900} INFO - Created Permission View: can edit on DAG:dataset_produces_1
[2026-02-24T17:59:39.357+0000] {logging_mixin.py:190} INFO - [2026-02-24T17:59:39.356+0000] {override.py:1900} INFO - Created Permission View: can delete on DAG:dataset_produces_1
[2026-02-24T17:59:39.365+0000] {logging_mixin.py:190} INFO - [2026-02-24T17:59:39.365+0000] {override.py:1900} INFO - Created Permission View: can read on DAG:dataset_produces_1
[2026-02-24T17:59:39.379+0000] {logging_mixin.py:190} INFO - [2026-02-24T17:59:39.379+0000] {override.py:1900} INFO - Created Permission View: can delete on DAG Run:dataset_produces_1
[2026-02-24T17:59:39.387+0000] {logging_mixin.py:190} INFO - [2026-02-24T17:59:39.387+0000] {override.py:1900} INFO - Created Permission View: menu access on DAG Run:dataset_produces_1
[2026-02-24T17:59:39.395+0000] {logging_mixin.py:190} INFO - [2026-02-24T17:59:39.395+0000] {override.py:1900} INFO - Created Permission View: can create on DAG Run:dataset_produces_1
[2026-02-24T17:59:39.404+0000] {logging_mixin.py:190} INFO - [2026-02-24T17:59:39.404+0000] {override.py:1900} INFO - Created Permission View: can read on DAG Run:dataset_produces_1
[2026-02-24T17:59:39.425+0000] {logging_mixin.py:190} INFO - [2026-02-24T17:59:39.424+0000] {override.py:1900} INFO - Created Permission View: can edit on DAG:consume_1_or_2_with_dataset_expressions
[2026-02-24T17:59:39.434+0000] {logging_mixin.py:190} INFO - [2026-02-24T17:59:39.434+0000] {override.py:1900} INFO - Created Permission View: can delete on DAG:consume_1_or_2_with_dataset_expressions
[2026-02-24T17:59:39.443+0000] {logging_mixin.py:190} INFO - [2026-02-24T17:59:39.442+0000] {override.py:1900} INFO - Created Permission View: can read on DAG:consume_1_or_2_with_dataset_expressions
[2026-02-24T17:59:39.457+0000] {logging_mixin.py:190} INFO - [2026-02-24T17:59:39.457+0000] {override.py:1900} INFO - Created Permission View: can delete on DAG Run:consume_1_or_2_with_dataset_expressions
[2026-02-24T17:59:39.466+0000] {logging_mixin.py:190} INFO - [2026-02-24T17:59:39.466+0000] {override.py:1900} INFO - Created Permission View: menu access on DAG Run:consume_1_or_2_with_dataset_expressions
[2026-02-24T17:59:39.474+0000] {logging_mixin.py:190} INFO - [2026-02-24T17:59:39.474+0000] {override.py:1900} INFO - Created Permission View: can create on DAG Run:consume_1_or_2_with_dataset_expressions
[2026-02-24T17:59:39.483+0000] {logging_mixin.py:190} INFO - [2026-02-24T17:59:39.483+0000] {override.py:1900} INFO - Created Permission View: can read on DAG Run:consume_1_or_2_with_dataset_expressions
[2026-02-24T17:59:39.503+0000] {logging_mixin.py:190} INFO - [2026-02-24T17:59:39.502+0000] {override.py:1900} INFO - Created Permission View: can edit on DAG:consume_1_or_both_2_and_3_with_dataset_expressions
[2026-02-24T17:59:39.511+0000] {logging_mixin.py:190} INFO - [2026-02-24T17:59:39.511+0000] {override.py:1900} INFO - Created Permission View: can delete on DAG:consume_1_or_both_2_and_3_with_dataset_expressions
[2026-02-24T17:59:39.520+0000] {logging_mixin.py:190} INFO - [2026-02-24T17:59:39.520+0000] {override.py:1900} INFO - Created Permission View: can read on DAG:consume_1_or_both_2_and_3_with_dataset_expressions
[2026-02-24T17:59:39.534+0000] {logging_mixin.py:190} INFO - [2026-02-24T17:59:39.534+0000] {override.py:1900} INFO - Created Permission View: can delete on DAG Run:consume_1_or_both_2_and_3_with_dataset_expressions
[2026-02-24T17:59:39.542+0000] {logging_mixin.py:190} INFO - [2026-02-24T17:59:39.542+0000] {override.py:1900} INFO - Created Permission View: menu access on DAG Run:consume_1_or_both_2_and_3_with_dataset_expressions
[2026-02-24T17:59:39.550+0000] {logging_mixin.py:190} INFO - [2026-02-24T17:59:39.550+0000] {override.py:1900} INFO - Created Permission View: can create on DAG Run:consume_1_or_both_2_and_3_with_dataset_expressions
[2026-02-24T17:59:39.559+0000] {logging_mixin.py:190} INFO - [2026-02-24T17:59:39.558+0000] {override.py:1900} INFO - Created Permission View: can read on DAG Run:consume_1_or_both_2_and_3_with_dataset_expressions
[2026-02-24T17:59:39.578+0000] {logging_mixin.py:190} INFO - [2026-02-24T17:59:39.578+0000] {override.py:1900} INFO - Created Permission View: can edit on DAG:dataset_consumes_1_and_2
[2026-02-24T17:59:39.586+0000] {logging_mixin.py:190} INFO - [2026-02-24T17:59:39.586+0000] {override.py:1900} INFO - Created Permission View: can delete on DAG:dataset_consumes_1_and_2
[2026-02-24T17:59:39.594+0000] {logging_mixin.py:190} INFO - [2026-02-24T17:59:39.594+0000] {override.py:1900} INFO - Created Permission View: can read on DAG:dataset_consumes_1_and_2
[2026-02-24T17:59:39.609+0000] {logging_mixin.py:190} INFO - [2026-02-24T17:59:39.609+0000] {override.py:1900} INFO - Created Permission View: can delete on DAG Run:dataset_consumes_1_and_2
[2026-02-24T17:59:39.618+0000] {logging_mixin.py:190} INFO - [2026-02-24T17:59:39.617+0000] {override.py:1900} INFO - Created Permission View: menu access on DAG Run:dataset_consumes_1_and_2
[2026-02-24T17:59:39.626+0000] {logging_mixin.py:190} INFO - [2026-02-24T17:59:39.625+0000] {override.py:1900} INFO - Created Permission View: can create on DAG Run:dataset_consumes_1_and_2
[2026-02-24T17:59:39.634+0000] {logging_mixin.py:190} INFO - [2026-02-24T17:59:39.634+0000] {override.py:1900} INFO - Created Permission View: can read on DAG Run:dataset_consumes_1_and_2
[2026-02-24T17:59:39.653+0000] {logging_mixin.py:190} INFO - [2026-02-24T17:59:39.653+0000] {override.py:1900} INFO - Created Permission View: can edit on DAG:consume_1_and_2_with_dataset_expressions
[2026-02-24T17:59:39.662+0000] {logging_mixin.py:190} INFO - [2026-02-24T17:59:39.661+0000] {override.py:1900} INFO - Created Permission View: can delete on DAG:consume_1_and_2_with_dataset_expressions
[2026-02-24T17:59:39.671+0000] {logging_mixin.py:190} INFO - [2026-02-24T17:59:39.671+0000] {override.py:1900} INFO - Created Permission View: can read on DAG:consume_1_and_2_with_dataset_expressions
[2026-02-24T17:59:39.686+0000] {logging_mixin.py:190} INFO - [2026-02-24T17:59:39.686+0000] {override.py:1900} INFO - Created Permission View: can delete on DAG Run:consume_1_and_2_with_dataset_expressions
[2026-02-24T17:59:39.695+0000] {logging_mixin.py:190} INFO - [2026-02-24T17:59:39.695+0000] {override.py:1900} INFO - Created Permission View: menu access on DAG Run:consume_1_and_2_with_dataset_expressions
[2026-02-24T17:59:39.703+0000] {logging_mixin.py:190} INFO - [2026-02-24T17:59:39.703+0000] {override.py:1900} INFO - Created Permission View: can create on DAG Run:consume_1_and_2_with_dataset_expressions
[2026-02-24T17:59:39.712+0000] {logging_mixin.py:190} INFO - [2026-02-24T17:59:39.712+0000] {override.py:1900} INFO - Created Permission View: can read on DAG Run:consume_1_and_2_with_dataset_expressions
[2026-02-24T17:59:39.712+0000] {logging_mixin.py:190} INFO - [2026-02-24T17:59:39.712+0000] {dag.py:3239} INFO - Sync 10 DAGs
[2026-02-24T17:59:39.720+0000] {logging_mixin.py:190} INFO - [2026-02-24T17:59:39.720+0000] {dag.py:3262} INFO - Creating ORM DAG for dataset_consumes_1
[2026-02-24T17:59:39.721+0000] {logging_mixin.py:190} INFO - [2026-02-24T17:59:39.720+0000] {dag.py:3262} INFO - Creating ORM DAG for consume_1_and_2_with_dataset_expressions
[2026-02-24T17:59:39.721+0000] {logging_mixin.py:190} INFO - [2026-02-24T17:59:39.721+0000] {dag.py:3262} INFO - Creating ORM DAG for dataset_produces_2
[2026-02-24T17:59:39.721+0000] {logging_mixin.py:190} INFO - [2026-02-24T17:59:39.721+0000] {dag.py:3262} INFO - Creating ORM DAG for dataset_consumes_unknown_never_scheduled
[2026-02-24T17:59:39.721+0000] {logging_mixin.py:190} INFO - [2026-02-24T17:59:39.721+0000] {dag.py:3262} INFO - Creating ORM DAG for conditional_dataset_and_time_based_timetable
[2026-02-24T17:59:39.722+0000] {logging_mixin.py:190} INFO - [2026-02-24T17:59:39.722+0000] {dag.py:3262} INFO - Creating ORM DAG for dataset_produces_1
[2026-02-24T17:59:39.722+0000] {logging_mixin.py:190} INFO - [2026-02-24T17:59:39.722+0000] {dag.py:3262} INFO - Creating ORM DAG for dataset_consumes_1_and_2
[2026-02-24T17:59:39.722+0000] {logging_mixin.py:190} INFO - [2026-02-24T17:59:39.722+0000] {dag.py:3262} INFO - Creating ORM DAG for consume_1_or_2_with_dataset_expressions
[2026-02-24T17:59:39.722+0000] {logging_mixin.py:190} INFO - [2026-02-24T17:59:39.722+0000] {dag.py:3262} INFO - Creating ORM DAG for consume_1_or_both_2_and_3_with_dataset_expressions
[2026-02-24T17:59:39.723+0000] {logging_mixin.py:190} INFO - [2026-02-24T17:59:39.723+0000] {dag.py:3262} INFO - Creating ORM DAG for dataset_consumes_1_never_scheduled
[2026-02-24T17:59:39.729+0000] {logging_mixin.py:190} INFO - [2026-02-24T17:59:39.729+0000] {dag.py:4180} INFO - Setting next_dagrun for conditional_dataset_and_time_based_timetable to 2026-02-18 01:00:00+00:00, run_after=2026-02-18 01:00:00+00:00
[2026-02-24T17:59:39.729+0000] {logging_mixin.py:190} INFO - [2026-02-24T17:59:39.729+0000] {dag.py:4180} INFO - Setting next_dagrun for consume_1_and_2_with_dataset_expressions to None, run_after=None
[2026-02-24T17:59:39.729+0000] {logging_mixin.py:190} INFO - [2026-02-24T17:59:39.729+0000] {dag.py:4180} INFO - Setting next_dagrun for consume_1_or_2_with_dataset_expressions to None, run_after=None
[2026-02-24T17:59:39.730+0000] {logging_mixin.py:190} INFO - [2026-02-24T17:59:39.730+0000] {dag.py:4180} INFO - Setting next_dagrun for consume_1_or_both_2_and_3_with_dataset_expressions to None, run_after=None
[2026-02-24T17:59:39.730+0000] {logging_mixin.py:190} INFO - [2026-02-24T17:59:39.730+0000] {dag.py:4180} INFO - Setting next_dagrun for dataset_consumes_1 to None, run_after=None
[2026-02-24T17:59:39.730+0000] {logging_mixin.py:190} INFO - [2026-02-24T17:59:39.730+0000] {dag.py:4180} INFO - Setting next_dagrun for dataset_consumes_1_and_2 to None, run_after=None
[2026-02-24T17:59:39.730+0000] {logging_mixin.py:190} INFO - [2026-02-24T17:59:39.730+0000] {dag.py:4180} INFO - Setting next_dagrun for dataset_consumes_1_never_scheduled to None, run_after=None
[2026-02-24T17:59:39.730+0000] {logging_mixin.py:190} INFO - [2026-02-24T17:59:39.730+0000] {dag.py:4180} INFO - Setting next_dagrun for dataset_consumes_unknown_never_scheduled to None, run_after=None
[2026-02-24T17:59:39.731+0000] {logging_mixin.py:190} INFO - [2026-02-24T17:59:39.731+0000] {dag.py:4180} INFO - Setting next_dagrun for dataset_produces_1 to 2026-02-23 00:00:00+00:00, run_after=2026-02-24 00:00:00+00:00
[2026-02-24T17:59:39.732+0000] {logging_mixin.py:190} INFO - [2026-02-24T17:59:39.732+0000] {dag.py:4180} INFO - Setting next_dagrun for dataset_produces_2 to None, run_after=None
[2026-02-24T17:59:39.758+0000] {processor.py:208} INFO - Processing /home/ubuntu/airflow-venv/lib/python3.12/site-packages/airflow/example_dags/example_datasets.py took 0.886 seconds
[2026-02-24T18:00:34.398+0000] {processor.py:186} INFO - Started process (PID=43737) to work on /home/ubuntu/airflow-venv/lib/python3.12/site-packages/airflow/example_dags/example_datasets.py
[2026-02-24T18:00:34.399+0000] {processor.py:914} INFO - Processing file /home/ubuntu/airflow-venv/lib/python3.12/site-packages/airflow/example_dags/example_datasets.py for tasks to queue
[2026-02-24T18:00:34.401+0000] {logging_mixin.py:190} INFO - [2026-02-24T18:00:34.401+0000] {dagbag.py:588} INFO - Filling up the DagBag from /home/ubuntu/airflow-venv/lib/python3.12/site-packages/airflow/example_dags/example_datasets.py
[2026-02-24T18:00:34.412+0000] {processor.py:925} INFO - DAG(s) 'conditional_dataset_and_time_based_timetable', 'consume_1_or_2_with_dataset_expressions', 'dataset_consumes_unknown_never_scheduled', 'dataset_consumes_1_and_2', 'dataset_consumes_1', 'dataset_consumes_1_never_scheduled', 'dataset_produces_2', 'consume_1_or_both_2_and_3_with_dataset_expressions', 'consume_1_and_2_with_dataset_expressions', 'dataset_produces_1' retrieved from /home/ubuntu/airflow-venv/lib/python3.12/site-packages/airflow/example_dags/example_datasets.py
[2026-02-24T18:00:34.435+0000] {logging_mixin.py:190} INFO - [2026-02-24T18:00:34.435+0000] {dag.py:3239} INFO - Sync 10 DAGs
[2026-02-24T18:00:34.452+0000] {logging_mixin.py:190} INFO - [2026-02-24T18:00:34.452+0000] {dag.py:4180} INFO - Setting next_dagrun for conditional_dataset_and_time_based_timetable to 2026-02-18 01:00:00+00:00, run_after=2026-02-18 01:00:00+00:00
[2026-02-24T18:00:34.454+0000] {logging_mixin.py:190} INFO - [2026-02-24T18:00:34.454+0000] {dag.py:4180} INFO - Setting next_dagrun for consume_1_and_2_with_dataset_expressions to None, run_after=None
[2026-02-24T18:00:34.455+0000] {logging_mixin.py:190} INFO - [2026-02-24T18:00:34.455+0000] {dag.py:4180} INFO - Setting next_dagrun for consume_1_or_2_with_dataset_expressions to None, run_after=None
[2026-02-24T18:00:34.456+0000] {logging_mixin.py:190} INFO - [2026-02-24T18:00:34.455+0000] {dag.py:4180} INFO - Setting next_dagrun for consume_1_or_both_2_and_3_with_dataset_expressions to None, run_after=None
[2026-02-24T18:00:34.456+0000] {logging_mixin.py:190} INFO - [2026-02-24T18:00:34.456+0000] {dag.py:4180} INFO - Setting next_dagrun for dataset_consumes_1 to None, run_after=None
[2026-02-24T18:00:34.456+0000] {logging_mixin.py:190} INFO - [2026-02-24T18:00:34.456+0000] {dag.py:4180} INFO - Setting next_dagrun for dataset_consumes_1_and_2 to None, run_after=None
[2026-02-24T18:00:34.457+0000] {logging_mixin.py:190} INFO - [2026-02-24T18:00:34.457+0000] {dag.py:4180} INFO - Setting next_dagrun for dataset_consumes_1_never_scheduled to None, run_after=None
[2026-02-24T18:00:34.457+0000] {logging_mixin.py:190} INFO - [2026-02-24T18:00:34.457+0000] {dag.py:4180} INFO - Setting next_dagrun for dataset_consumes_unknown_never_scheduled to None, run_after=None
[2026-02-24T18:00:34.459+0000] {logging_mixin.py:190} INFO - [2026-02-24T18:00:34.459+0000] {dag.py:4180} INFO - Setting next_dagrun for dataset_produces_1 to 2026-02-23 00:00:00+00:00, run_after=2026-02-24 00:00:00+00:00
[2026-02-24T18:00:34.459+0000] {logging_mixin.py:190} INFO - [2026-02-24T18:00:34.459+0000] {dag.py:4180} INFO - Setting next_dagrun for dataset_produces_2 to None, run_after=None
[2026-02-24T18:00:34.481+0000] {processor.py:208} INFO - Processing /home/ubuntu/airflow-venv/lib/python3.12/site-packages/airflow/example_dags/example_datasets.py took 0.087 seconds
[2026-02-24T18:01:30.292+0000] {processor.py:186} INFO - Started process (PID=43796) to work on /home/ubuntu/airflow-venv/lib/python3.12/site-packages/airflow/example_dags/example_datasets.py
[2026-02-24T18:01:30.293+0000] {processor.py:914} INFO - Processing file /home/ubuntu/airflow-venv/lib/python3.12/site-packages/airflow/example_dags/example_datasets.py for tasks to queue
[2026-02-24T18:01:30.295+0000] {logging_mixin.py:190} INFO - [2026-02-24T18:01:30.295+0000] {dagbag.py:588} INFO - Filling up the DagBag from /home/ubuntu/airflow-venv/lib/python3.12/site-packages/airflow/example_dags/example_datasets.py
[2026-02-24T18:01:30.306+0000] {processor.py:925} INFO - DAG(s) 'dataset_consumes_unknown_never_scheduled', 'conditional_dataset_and_time_based_timetable', 'consume_1_or_2_with_dataset_expressions', 'consume_1_or_both_2_and_3_with_dataset_expressions', 'dataset_produces_2', 'consume_1_and_2_with_dataset_expressions', 'dataset_consumes_1_and_2', 'dataset_produces_1', 'dataset_consumes_1_never_scheduled', 'dataset_consumes_1' retrieved from /home/ubuntu/airflow-venv/lib/python3.12/site-packages/airflow/example_dags/example_datasets.py
[2026-02-24T18:01:30.329+0000] {logging_mixin.py:190} INFO - [2026-02-24T18:01:30.329+0000] {dag.py:3239} INFO - Sync 10 DAGs
[2026-02-24T18:01:30.345+0000] {logging_mixin.py:190} INFO - [2026-02-24T18:01:30.344+0000] {dag.py:4180} INFO - Setting next_dagrun for conditional_dataset_and_time_based_timetable to 2026-02-18 01:00:00+00:00, run_after=2026-02-18 01:00:00+00:00
[2026-02-24T18:01:30.348+0000] {logging_mixin.py:190} INFO - [2026-02-24T18:01:30.347+0000] {dag.py:4180} INFO - Setting next_dagrun for consume_1_and_2_with_dataset_expressions to None, run_after=None
[2026-02-24T18:01:30.348+0000] {logging_mixin.py:190} INFO - [2026-02-24T18:01:30.348+0000] {dag.py:4180} INFO - Setting next_dagrun for consume_1_or_2_with_dataset_expressions to None, run_after=None
[2026-02-24T18:01:30.349+0000] {logging_mixin.py:190} INFO - [2026-02-24T18:01:30.349+0000] {dag.py:4180} INFO - Setting next_dagrun for consume_1_or_both_2_and_3_with_dataset_expressions to None, run_after=None
[2026-02-24T18:01:30.349+0000] {logging_mixin.py:190} INFO - [2026-02-24T18:01:30.349+0000] {dag.py:4180} INFO - Setting next_dagrun for dataset_consumes_1 to None, run_after=None
[2026-02-24T18:01:30.350+0000] {logging_mixin.py:190} INFO - [2026-02-24T18:01:30.350+0000] {dag.py:4180} INFO - Setting next_dagrun for dataset_consumes_1_and_2 to None, run_after=None
[2026-02-24T18:01:30.350+0000] {logging_mixin.py:190} INFO - [2026-02-24T18:01:30.350+0000] {dag.py:4180} INFO - Setting next_dagrun for dataset_consumes_1_never_scheduled to None, run_after=None
[2026-02-24T18:01:30.351+0000] {logging_mixin.py:190} INFO - [2026-02-24T18:01:30.351+0000] {dag.py:4180} INFO - Setting next_dagrun for dataset_consumes_unknown_never_scheduled to None, run_after=None
[2026-02-24T18:01:30.352+0000] {logging_mixin.py:190} INFO - [2026-02-24T18:01:30.352+0000] {dag.py:4180} INFO - Setting next_dagrun for dataset_produces_1 to 2026-02-23 00:00:00+00:00, run_after=2026-02-24 00:00:00+00:00
[2026-02-24T18:01:30.352+0000] {logging_mixin.py:190} INFO - [2026-02-24T18:01:30.352+0000] {dag.py:4180} INFO - Setting next_dagrun for dataset_produces_2 to None, run_after=None
[2026-02-24T18:01:30.375+0000] {processor.py:208} INFO - Processing /home/ubuntu/airflow-venv/lib/python3.12/site-packages/airflow/example_dags/example_datasets.py took 0.087 seconds
[2026-02-24T18:02:26.318+0000] {processor.py:186} INFO - Started process (PID=44219) to work on /home/ubuntu/airflow-venv/lib/python3.12/site-packages/airflow/example_dags/example_datasets.py
[2026-02-24T18:02:26.319+0000] {processor.py:914} INFO - Processing file /home/ubuntu/airflow-venv/lib/python3.12/site-packages/airflow/example_dags/example_datasets.py for tasks to queue
[2026-02-24T18:02:26.320+0000] {logging_mixin.py:190} INFO - [2026-02-24T18:02:26.320+0000] {dagbag.py:588} INFO - Filling up the DagBag from /home/ubuntu/airflow-venv/lib/python3.12/site-packages/airflow/example_dags/example_datasets.py
[2026-02-24T18:02:26.331+0000] {processor.py:925} INFO - DAG(s) 'dataset_consumes_1_never_scheduled', 'dataset_consumes_1_and_2', 'consume_1_and_2_with_dataset_expressions', 'dataset_consumes_unknown_never_scheduled', 'consume_1_or_both_2_and_3_with_dataset_expressions', 'dataset_consumes_1', 'dataset_produces_1', 'conditional_dataset_and_time_based_timetable', 'dataset_produces_2', 'consume_1_or_2_with_dataset_expressions' retrieved from /home/ubuntu/airflow-venv/lib/python3.12/site-packages/airflow/example_dags/example_datasets.py
[2026-02-24T18:02:26.354+0000] {logging_mixin.py:190} INFO - [2026-02-24T18:02:26.354+0000] {dag.py:3239} INFO - Sync 10 DAGs
[2026-02-24T18:02:26.370+0000] {logging_mixin.py:190} INFO - [2026-02-24T18:02:26.370+0000] {dag.py:4180} INFO - Setting next_dagrun for conditional_dataset_and_time_based_timetable to 2026-02-18 01:00:00+00:00, run_after=2026-02-18 01:00:00+00:00
[2026-02-24T18:02:26.373+0000] {logging_mixin.py:190} INFO - [2026-02-24T18:02:26.372+0000] {dag.py:4180} INFO - Setting next_dagrun for consume_1_and_2_with_dataset_expressions to None, run_after=None
[2026-02-24T18:02:26.373+0000] {logging_mixin.py:190} INFO - [2026-02-24T18:02:26.373+0000] {dag.py:4180} INFO - Setting next_dagrun for consume_1_or_2_with_dataset_expressions to None, run_after=None
[2026-02-24T18:02:26.374+0000] {logging_mixin.py:190} INFO - [2026-02-24T18:02:26.374+0000] {dag.py:4180} INFO - Setting next_dagrun for consume_1_or_both_2_and_3_with_dataset_expressions to None, run_after=None
[2026-02-24T18:02:26.374+0000] {logging_mixin.py:190} INFO - [2026-02-24T18:02:26.374+0000] {dag.py:4180} INFO - Setting next_dagrun for dataset_consumes_1 to None, run_after=None
[2026-02-24T18:02:26.375+0000] {logging_mixin.py:190} INFO - [2026-02-24T18:02:26.374+0000] {dag.py:4180} INFO - Setting next_dagrun for dataset_consumes_1_and_2 to None, run_after=None
[2026-02-24T18:02:26.375+0000] {logging_mixin.py:190} INFO - [2026-02-24T18:02:26.375+0000] {dag.py:4180} INFO - Setting next_dagrun for dataset_consumes_1_never_scheduled to None, run_after=None
[2026-02-24T18:02:26.375+0000] {logging_mixin.py:190} INFO - [2026-02-24T18:02:26.375+0000] {dag.py:4180} INFO - Setting next_dagrun for dataset_consumes_unknown_never_scheduled to None, run_after=None
[2026-02-24T18:02:26.377+0000] {logging_mixin.py:190} INFO - [2026-02-24T18:02:26.376+0000] {dag.py:4180} INFO - Setting next_dagrun for dataset_produces_1 to 2026-02-23 00:00:00+00:00, run_after=2026-02-24 00:00:00+00:00
[2026-02-24T18:02:26.377+0000] {logging_mixin.py:190} INFO - [2026-02-24T18:02:26.377+0000] {dag.py:4180} INFO - Setting next_dagrun for dataset_produces_2 to None, run_after=None
[2026-02-24T18:02:26.400+0000] {processor.py:208} INFO - Processing /home/ubuntu/airflow-venv/lib/python3.12/site-packages/airflow/example_dags/example_datasets.py took 0.087 seconds
[2026-02-24T18:03:19.242+0000] {processor.py:186} INFO - Started process (PID=44281) to work on /home/ubuntu/airflow-venv/lib/python3.12/site-packages/airflow/example_dags/example_datasets.py
[2026-02-24T18:03:19.243+0000] {processor.py:914} INFO - Processing file /home/ubuntu/airflow-venv/lib/python3.12/site-packages/airflow/example_dags/example_datasets.py for tasks to queue
[2026-02-24T18:03:19.245+0000] {logging_mixin.py:190} INFO - [2026-02-24T18:03:19.245+0000] {dagbag.py:588} INFO - Filling up the DagBag from /home/ubuntu/airflow-venv/lib/python3.12/site-packages/airflow/example_dags/example_datasets.py
[2026-02-24T18:03:19.256+0000] {processor.py:925} INFO - DAG(s) 'dataset_consumes_1', 'dataset_produces_2', 'consume_1_or_both_2_and_3_with_dataset_expressions', 'conditional_dataset_and_time_based_timetable', 'dataset_consumes_1_and_2', 'consume_1_or_2_with_dataset_expressions', 'consume_1_and_2_with_dataset_expressions', 'dataset_consumes_1_never_scheduled', 'dataset_produces_1', 'dataset_consumes_unknown_never_scheduled' retrieved from /home/ubuntu/airflow-venv/lib/python3.12/site-packages/airflow/example_dags/example_datasets.py
[2026-02-24T18:03:19.278+0000] {logging_mixin.py:190} INFO - [2026-02-24T18:03:19.278+0000] {dag.py:3239} INFO - Sync 10 DAGs
[2026-02-24T18:03:19.294+0000] {logging_mixin.py:190} INFO - [2026-02-24T18:03:19.294+0000] {dag.py:4180} INFO - Setting next_dagrun for conditional_dataset_and_time_based_timetable to 2026-02-18 01:00:00+00:00, run_after=2026-02-18 01:00:00+00:00
[2026-02-24T18:03:19.296+0000] {logging_mixin.py:190} INFO - [2026-02-24T18:03:19.296+0000] {dag.py:4180} INFO - Setting next_dagrun for consume_1_and_2_with_dataset_expressions to None, run_after=None
[2026-02-24T18:03:19.296+0000] {logging_mixin.py:190} INFO - [2026-02-24T18:03:19.296+0000] {dag.py:4180} INFO - Setting next_dagrun for consume_1_or_2_with_dataset_expressions to None, run_after=None
[2026-02-24T18:03:19.297+0000] {logging_mixin.py:190} INFO - [2026-02-24T18:03:19.297+0000] {dag.py:4180} INFO - Setting next_dagrun for consume_1_or_both_2_and_3_with_dataset_expressions to None, run_after=None
[2026-02-24T18:03:19.297+0000] {logging_mixin.py:190} INFO - [2026-02-24T18:03:19.297+0000] {dag.py:4180} INFO - Setting next_dagrun for dataset_consumes_1 to None, run_after=None
[2026-02-24T18:03:19.298+0000] {logging_mixin.py:190} INFO - [2026-02-24T18:03:19.298+0000] {dag.py:4180} INFO - Setting next_dagrun for dataset_consumes_1_and_2 to None, run_after=None
[2026-02-24T18:03:19.298+0000] {logging_mixin.py:190} INFO - [2026-02-24T18:03:19.298+0000] {dag.py:4180} INFO - Setting next_dagrun for dataset_consumes_1_never_scheduled to None, run_after=None
[2026-02-24T18:03:19.299+0000] {logging_mixin.py:190} INFO - [2026-02-24T18:03:19.299+0000] {dag.py:4180} INFO - Setting next_dagrun for dataset_consumes_unknown_never_scheduled to None, run_after=None
[2026-02-24T18:03:19.300+0000] {logging_mixin.py:190} INFO - [2026-02-24T18:03:19.300+0000] {dag.py:4180} INFO - Setting next_dagrun for dataset_produces_1 to 2026-02-23 00:00:00+00:00, run_after=2026-02-24 00:00:00+00:00
[2026-02-24T18:03:19.300+0000] {logging_mixin.py:190} INFO - [2026-02-24T18:03:19.300+0000] {dag.py:4180} INFO - Setting next_dagrun for dataset_produces_2 to None, run_after=None
[2026-02-24T18:03:19.324+0000] {processor.py:208} INFO - Processing /home/ubuntu/airflow-venv/lib/python3.12/site-packages/airflow/example_dags/example_datasets.py took 0.085 seconds
[2026-02-24T18:04:30.679+0000] {processor.py:186} INFO - Started process (PID=44723) to work on /home/ubuntu/airflow-venv/lib/python3.12/site-packages/airflow/example_dags/example_datasets.py
[2026-02-24T18:04:30.681+0000] {processor.py:914} INFO - Processing file /home/ubuntu/airflow-venv/lib/python3.12/site-packages/airflow/example_dags/example_datasets.py for tasks to queue
[2026-02-24T18:04:30.682+0000] {logging_mixin.py:190} INFO - [2026-02-24T18:04:30.682+0000] {dagbag.py:588} INFO - Filling up the DagBag from /home/ubuntu/airflow-venv/lib/python3.12/site-packages/airflow/example_dags/example_datasets.py
[2026-02-24T18:04:30.693+0000] {processor.py:925} INFO - DAG(s) 'conditional_dataset_and_time_based_timetable', 'dataset_consumes_unknown_never_scheduled', 'consume_1_or_both_2_and_3_with_dataset_expressions', 'consume_1_or_2_with_dataset_expressions', 'dataset_consumes_1_and_2', 'dataset_consumes_1', 'dataset_consumes_1_never_scheduled', 'dataset_produces_2', 'consume_1_and_2_with_dataset_expressions', 'dataset_produces_1' retrieved from /home/ubuntu/airflow-venv/lib/python3.12/site-packages/airflow/example_dags/example_datasets.py
[2026-02-24T18:04:30.716+0000] {logging_mixin.py:190} INFO - [2026-02-24T18:04:30.716+0000] {dag.py:3239} INFO - Sync 10 DAGs
[2026-02-24T18:04:30.733+0000] {logging_mixin.py:190} INFO - [2026-02-24T18:04:30.732+0000] {dag.py:4180} INFO - Setting next_dagrun for conditional_dataset_and_time_based_timetable to 2026-02-18 01:00:00+00:00, run_after=2026-02-18 01:00:00+00:00
[2026-02-24T18:04:30.735+0000] {logging_mixin.py:190} INFO - [2026-02-24T18:04:30.735+0000] {dag.py:4180} INFO - Setting next_dagrun for consume_1_and_2_with_dataset_expressions to None, run_after=None
[2026-02-24T18:04:30.735+0000] {logging_mixin.py:190} INFO - [2026-02-24T18:04:30.735+0000] {dag.py:4180} INFO - Setting next_dagrun for consume_1_or_2_with_dataset_expressions to None, run_after=None
[2026-02-24T18:04:30.736+0000] {logging_mixin.py:190} INFO - [2026-02-24T18:04:30.736+0000] {dag.py:4180} INFO - Setting next_dagrun for consume_1_or_both_2_and_3_with_dataset_expressions to None, run_after=None
[2026-02-24T18:04:30.834+0000] {logging_mixin.py:190} INFO - [2026-02-24T18:04:30.834+0000] {dag.py:4180} INFO - Setting next_dagrun for dataset_consumes_1 to None, run_after=None
[2026-02-24T18:04:30.835+0000] {logging_mixin.py:190} INFO - [2026-02-24T18:04:30.835+0000] {dag.py:4180} INFO - Setting next_dagrun for dataset_consumes_1_and_2 to None, run_after=None
[2026-02-24T18:04:30.835+0000] {logging_mixin.py:190} INFO - [2026-02-24T18:04:30.835+0000] {dag.py:4180} INFO - Setting next_dagrun for dataset_consumes_1_never_scheduled to None, run_after=None
[2026-02-24T18:04:30.836+0000] {logging_mixin.py:190} INFO - [2026-02-24T18:04:30.835+0000] {dag.py:4180} INFO - Setting next_dagrun for dataset_consumes_unknown_never_scheduled to None, run_after=None
[2026-02-24T18:04:30.837+0000] {logging_mixin.py:190} INFO - [2026-02-24T18:04:30.837+0000] {dag.py:4180} INFO - Setting next_dagrun for dataset_produces_1 to 2026-02-23 00:00:00+00:00, run_after=2026-02-24 00:00:00+00:00
[2026-02-24T18:04:30.837+0000] {logging_mixin.py:190} INFO - [2026-02-24T18:04:30.837+0000] {dag.py:4180} INFO - Setting next_dagrun for dataset_produces_2 to None, run_after=None
[2026-02-24T18:04:30.859+0000] {processor.py:208} INFO - Processing /home/ubuntu/airflow-venv/lib/python3.12/site-packages/airflow/example_dags/example_datasets.py took 0.184 seconds
[2026-02-24T18:05:49.073+0000] {processor.py:186} INFO - Started process (PID=44806) to work on /home/ubuntu/airflow-venv/lib/python3.12/site-packages/airflow/example_dags/example_datasets.py
[2026-02-24T18:05:49.074+0000] {processor.py:914} INFO - Processing file /home/ubuntu/airflow-venv/lib/python3.12/site-packages/airflow/example_dags/example_datasets.py for tasks to queue
[2026-02-24T18:05:49.076+0000] {logging_mixin.py:190} INFO - [2026-02-24T18:05:49.076+0000] {dagbag.py:588} INFO - Filling up the DagBag from /home/ubuntu/airflow-venv/lib/python3.12/site-packages/airflow/example_dags/example_datasets.py
[2026-02-24T18:05:49.087+0000] {processor.py:925} INFO - DAG(s) 'dataset_consumes_1_and_2', 'dataset_consumes_1_never_scheduled', 'dataset_produces_2', 'conditional_dataset_and_time_based_timetable', 'dataset_consumes_unknown_never_scheduled', 'consume_1_or_2_with_dataset_expressions', 'dataset_produces_1', 'consume_1_and_2_with_dataset_expressions', 'consume_1_or_both_2_and_3_with_dataset_expressions', 'dataset_consumes_1' retrieved from /home/ubuntu/airflow-venv/lib/python3.12/site-packages/airflow/example_dags/example_datasets.py
[2026-02-24T18:05:49.110+0000] {logging_mixin.py:190} INFO - [2026-02-24T18:05:49.110+0000] {dag.py:3239} INFO - Sync 10 DAGs
[2026-02-24T18:05:49.127+0000] {logging_mixin.py:190} INFO - [2026-02-24T18:05:49.127+0000] {dag.py:4180} INFO - Setting next_dagrun for conditional_dataset_and_time_based_timetable to 2026-02-18 01:00:00+00:00, run_after=2026-02-18 01:00:00+00:00
[2026-02-24T18:05:49.130+0000] {logging_mixin.py:190} INFO - [2026-02-24T18:05:49.129+0000] {dag.py:4180} INFO - Setting next_dagrun for consume_1_and_2_with_dataset_expressions to None, run_after=None
[2026-02-24T18:05:49.130+0000] {logging_mixin.py:190} INFO - [2026-02-24T18:05:49.130+0000] {dag.py:4180} INFO - Setting next_dagrun for consume_1_or_2_with_dataset_expressions to None, run_after=None
[2026-02-24T18:05:49.131+0000] {logging_mixin.py:190} INFO - [2026-02-24T18:05:49.131+0000] {dag.py:4180} INFO - Setting next_dagrun for consume_1_or_both_2_and_3_with_dataset_expressions to None, run_after=None
[2026-02-24T18:05:49.131+0000] {logging_mixin.py:190} INFO - [2026-02-24T18:05:49.131+0000] {dag.py:4180} INFO - Setting next_dagrun for dataset_consumes_1 to None, run_after=None
[2026-02-24T18:05:49.132+0000] {logging_mixin.py:190} INFO - [2026-02-24T18:05:49.132+0000] {dag.py:4180} INFO - Setting next_dagrun for dataset_consumes_1_and_2 to None, run_after=None
[2026-02-24T18:05:49.132+0000] {logging_mixin.py:190} INFO - [2026-02-24T18:05:49.132+0000] {dag.py:4180} INFO - Setting next_dagrun for dataset_consumes_1_never_scheduled to None, run_after=None
[2026-02-24T18:05:49.133+0000] {logging_mixin.py:190} INFO - [2026-02-24T18:05:49.133+0000] {dag.py:4180} INFO - Setting next_dagrun for dataset_consumes_unknown_never_scheduled to None, run_after=None
[2026-02-24T18:05:49.134+0000] {logging_mixin.py:190} INFO - [2026-02-24T18:05:49.134+0000] {dag.py:4180} INFO - Setting next_dagrun for dataset_produces_1 to 2026-02-23 00:00:00+00:00, run_after=2026-02-24 00:00:00+00:00
[2026-02-24T18:05:49.134+0000] {logging_mixin.py:190} INFO - [2026-02-24T18:05:49.134+0000] {dag.py:4180} INFO - Setting next_dagrun for dataset_produces_2 to None, run_after=None
[2026-02-24T18:05:49.159+0000] {processor.py:208} INFO - Processing /home/ubuntu/airflow-venv/lib/python3.12/site-packages/airflow/example_dags/example_datasets.py took 0.090 seconds
[2026-02-24T18:06:46.245+0000] {processor.py:186} INFO - Started process (PID=44870) to work on /home/ubuntu/airflow-venv/lib/python3.12/site-packages/airflow/example_dags/example_datasets.py
[2026-02-24T18:06:46.246+0000] {processor.py:914} INFO - Processing file /home/ubuntu/airflow-venv/lib/python3.12/site-packages/airflow/example_dags/example_datasets.py for tasks to queue
[2026-02-24T18:06:46.248+0000] {logging_mixin.py:190} INFO - [2026-02-24T18:06:46.247+0000] {dagbag.py:588} INFO - Filling up the DagBag from /home/ubuntu/airflow-venv/lib/python3.12/site-packages/airflow/example_dags/example_datasets.py
[2026-02-24T18:06:46.259+0000] {processor.py:925} INFO - DAG(s) 'conditional_dataset_and_time_based_timetable', 'dataset_consumes_unknown_never_scheduled', 'dataset_consumes_1_never_scheduled', 'dataset_produces_2', 'consume_1_or_both_2_and_3_with_dataset_expressions', 'dataset_consumes_1_and_2', 'consume_1_and_2_with_dataset_expressions', 'consume_1_or_2_with_dataset_expressions', 'dataset_produces_1', 'dataset_consumes_1' retrieved from /home/ubuntu/airflow-venv/lib/python3.12/site-packages/airflow/example_dags/example_datasets.py
[2026-02-24T18:06:46.283+0000] {logging_mixin.py:190} INFO - [2026-02-24T18:06:46.283+0000] {dag.py:3239} INFO - Sync 10 DAGs
[2026-02-24T18:06:46.299+0000] {logging_mixin.py:190} INFO - [2026-02-24T18:06:46.299+0000] {dag.py:4180} INFO - Setting next_dagrun for conditional_dataset_and_time_based_timetable to 2026-02-18 01:00:00+00:00, run_after=2026-02-18 01:00:00+00:00
[2026-02-24T18:06:46.302+0000] {logging_mixin.py:190} INFO - [2026-02-24T18:06:46.302+0000] {dag.py:4180} INFO - Setting next_dagrun for consume_1_and_2_with_dataset_expressions to None, run_after=None
[2026-02-24T18:06:46.302+0000] {logging_mixin.py:190} INFO - [2026-02-24T18:06:46.302+0000] {dag.py:4180} INFO - Setting next_dagrun for consume_1_or_2_with_dataset_expressions to None, run_after=None
[2026-02-24T18:06:46.303+0000] {logging_mixin.py:190} INFO - [2026-02-24T18:06:46.303+0000] {dag.py:4180} INFO - Setting next_dagrun for consume_1_or_both_2_and_3_with_dataset_expressions to None, run_after=None
[2026-02-24T18:06:46.303+0000] {logging_mixin.py:190} INFO - [2026-02-24T18:06:46.303+0000] {dag.py:4180} INFO - Setting next_dagrun for dataset_consumes_1 to None, run_after=None
[2026-02-24T18:06:46.304+0000] {logging_mixin.py:190} INFO - [2026-02-24T18:06:46.304+0000] {dag.py:4180} INFO - Setting next_dagrun for dataset_consumes_1_and_2 to None, run_after=None
[2026-02-24T18:06:46.304+0000] {logging_mixin.py:190} INFO - [2026-02-24T18:06:46.304+0000] {dag.py:4180} INFO - Setting next_dagrun for dataset_consumes_1_never_scheduled to None, run_after=None
[2026-02-24T18:06:46.305+0000] {logging_mixin.py:190} INFO - [2026-02-24T18:06:46.305+0000] {dag.py:4180} INFO - Setting next_dagrun for dataset_consumes_unknown_never_scheduled to None, run_after=None
[2026-02-24T18:06:46.306+0000] {logging_mixin.py:190} INFO - [2026-02-24T18:06:46.306+0000] {dag.py:4180} INFO - Setting next_dagrun for dataset_produces_1 to 2026-02-23 00:00:00+00:00, run_after=2026-02-24 00:00:00+00:00
[2026-02-24T18:06:46.306+0000] {logging_mixin.py:190} INFO - [2026-02-24T18:06:46.306+0000] {dag.py:4180} INFO - Setting next_dagrun for dataset_produces_2 to None, run_after=None
[2026-02-24T18:06:46.330+0000] {processor.py:208} INFO - Processing /home/ubuntu/airflow-venv/lib/python3.12/site-packages/airflow/example_dags/example_datasets.py took 0.090 seconds
[2026-02-24T18:07:35.852+0000] {processor.py:186} INFO - Started process (PID=44924) to work on /home/ubuntu/airflow-venv/lib/python3.12/site-packages/airflow/example_dags/example_datasets.py
[2026-02-24T18:07:35.853+0000] {processor.py:914} INFO - Processing file /home/ubuntu/airflow-venv/lib/python3.12/site-packages/airflow/example_dags/example_datasets.py for tasks to queue
[2026-02-24T18:07:35.854+0000] {logging_mixin.py:190} INFO - [2026-02-24T18:07:35.854+0000] {dagbag.py:588} INFO - Filling up the DagBag from /home/ubuntu/airflow-venv/lib/python3.12/site-packages/airflow/example_dags/example_datasets.py
[2026-02-24T18:07:35.865+0000] {processor.py:925} INFO - DAG(s) 'dataset_consumes_1', 'conditional_dataset_and_time_based_timetable', 'dataset_consumes_unknown_never_scheduled', 'dataset_produces_2', 'dataset_consumes_1_never_scheduled', 'consume_1_or_both_2_and_3_with_dataset_expressions', 'consume_1_and_2_with_dataset_expressions', 'consume_1_or_2_with_dataset_expressions', 'dataset_produces_1', 'dataset_consumes_1_and_2' retrieved from /home/ubuntu/airflow-venv/lib/python3.12/site-packages/airflow/example_dags/example_datasets.py
[2026-02-24T18:07:35.887+0000] {logging_mixin.py:190} INFO - [2026-02-24T18:07:35.887+0000] {dag.py:3239} INFO - Sync 10 DAGs
[2026-02-24T18:07:35.904+0000] {logging_mixin.py:190} INFO - [2026-02-24T18:07:35.904+0000] {dag.py:4180} INFO - Setting next_dagrun for conditional_dataset_and_time_based_timetable to 2026-02-18 01:00:00+00:00, run_after=2026-02-18 01:00:00+00:00
[2026-02-24T18:07:35.906+0000] {logging_mixin.py:190} INFO - [2026-02-24T18:07:35.906+0000] {dag.py:4180} INFO - Setting next_dagrun for consume_1_and_2_with_dataset_expressions to None, run_after=None
[2026-02-24T18:07:35.907+0000] {logging_mixin.py:190} INFO - [2026-02-24T18:07:35.907+0000] {dag.py:4180} INFO - Setting next_dagrun for consume_1_or_2_with_dataset_expressions to None, run_after=None
[2026-02-24T18:07:35.907+0000] {logging_mixin.py:190} INFO - [2026-02-24T18:07:35.907+0000] {dag.py:4180} INFO - Setting next_dagrun for consume_1_or_both_2_and_3_with_dataset_expressions to None, run_after=None
[2026-02-24T18:07:35.908+0000] {logging_mixin.py:190} INFO - [2026-02-24T18:07:35.908+0000] {dag.py:4180} INFO - Setting next_dagrun for dataset_consumes_1 to None, run_after=None
[2026-02-24T18:07:35.908+0000] {logging_mixin.py:190} INFO - [2026-02-24T18:07:35.908+0000] {dag.py:4180} INFO - Setting next_dagrun for dataset_consumes_1_and_2 to None, run_after=None
[2026-02-24T18:07:35.909+0000] {logging_mixin.py:190} INFO - [2026-02-24T18:07:35.909+0000] {dag.py:4180} INFO - Setting next_dagrun for dataset_consumes_1_never_scheduled to None, run_after=None
[2026-02-24T18:07:35.909+0000] {logging_mixin.py:190} INFO - [2026-02-24T18:07:35.909+0000] {dag.py:4180} INFO - Setting next_dagrun for dataset_consumes_unknown_never_scheduled to None, run_after=None
[2026-02-24T18:07:35.910+0000] {logging_mixin.py:190} INFO - [2026-02-24T18:07:35.910+0000] {dag.py:4180} INFO - Setting next_dagrun for dataset_produces_1 to 2026-02-23 00:00:00+00:00, run_after=2026-02-24 00:00:00+00:00
[2026-02-24T18:07:35.911+0000] {logging_mixin.py:190} INFO - [2026-02-24T18:07:35.911+0000] {dag.py:4180} INFO - Setting next_dagrun for dataset_produces_2 to None, run_after=None
[2026-02-24T18:07:35.933+0000] {processor.py:208} INFO - Processing /home/ubuntu/airflow-venv/lib/python3.12/site-packages/airflow/example_dags/example_datasets.py took 0.085 seconds
[2026-02-24T18:08:49.660+0000] {processor.py:186} INFO - Started process (PID=45001) to work on /home/ubuntu/airflow-venv/lib/python3.12/site-packages/airflow/example_dags/example_datasets.py
[2026-02-24T18:08:49.662+0000] {processor.py:914} INFO - Processing file /home/ubuntu/airflow-venv/lib/python3.12/site-packages/airflow/example_dags/example_datasets.py for tasks to queue
[2026-02-24T18:08:49.663+0000] {logging_mixin.py:190} INFO - [2026-02-24T18:08:49.663+0000] {dagbag.py:588} INFO - Filling up the DagBag from /home/ubuntu/airflow-venv/lib/python3.12/site-packages/airflow/example_dags/example_datasets.py
[2026-02-24T18:08:49.674+0000] {processor.py:925} INFO - DAG(s) 'dataset_consumes_unknown_never_scheduled', 'dataset_consumes_1', 'conditional_dataset_and_time_based_timetable', 'consume_1_and_2_with_dataset_expressions', 'dataset_produces_1', 'consume_1_or_2_with_dataset_expressions', 'consume_1_or_both_2_and_3_with_dataset_expressions', 'dataset_produces_2', 'dataset_consumes_1_never_scheduled', 'dataset_consumes_1_and_2' retrieved from /home/ubuntu/airflow-venv/lib/python3.12/site-packages/airflow/example_dags/example_datasets.py
[2026-02-24T18:08:49.697+0000] {logging_mixin.py:190} INFO - [2026-02-24T18:08:49.697+0000] {dag.py:3239} INFO - Sync 10 DAGs
[2026-02-24T18:08:49.714+0000] {logging_mixin.py:190} INFO - [2026-02-24T18:08:49.714+0000] {dag.py:4180} INFO - Setting next_dagrun for conditional_dataset_and_time_based_timetable to 2026-02-18 01:00:00+00:00, run_after=2026-02-18 01:00:00+00:00
[2026-02-24T18:08:49.717+0000] {logging_mixin.py:190} INFO - [2026-02-24T18:08:49.717+0000] {dag.py:4180} INFO - Setting next_dagrun for consume_1_and_2_with_dataset_expressions to None, run_after=None
[2026-02-24T18:08:49.718+0000] {logging_mixin.py:190} INFO - [2026-02-24T18:08:49.717+0000] {dag.py:4180} INFO - Setting next_dagrun for consume_1_or_2_with_dataset_expressions to None, run_after=None
[2026-02-24T18:08:49.718+0000] {logging_mixin.py:190} INFO - [2026-02-24T18:08:49.718+0000] {dag.py:4180} INFO - Setting next_dagrun for consume_1_or_both_2_and_3_with_dataset_expressions to None, run_after=None
[2026-02-24T18:08:49.719+0000] {logging_mixin.py:190} INFO - [2026-02-24T18:08:49.718+0000] {dag.py:4180} INFO - Setting next_dagrun for dataset_consumes_1 to None, run_after=None
[2026-02-24T18:08:49.719+0000] {logging_mixin.py:190} INFO - [2026-02-24T18:08:49.719+0000] {dag.py:4180} INFO - Setting next_dagrun for dataset_consumes_1_and_2 to None, run_after=None
[2026-02-24T18:08:49.720+0000] {logging_mixin.py:190} INFO - [2026-02-24T18:08:49.719+0000] {dag.py:4180} INFO - Setting next_dagrun for dataset_consumes_1_never_scheduled to None, run_after=None
[2026-02-24T18:08:49.720+0000] {logging_mixin.py:190} INFO - [2026-02-24T18:08:49.720+0000] {dag.py:4180} INFO - Setting next_dagrun for dataset_consumes_unknown_never_scheduled to None, run_after=None
[2026-02-24T18:08:49.721+0000] {logging_mixin.py:190} INFO - [2026-02-24T18:08:49.721+0000] {dag.py:4180} INFO - Setting next_dagrun for dataset_produces_1 to 2026-02-23 00:00:00+00:00, run_after=2026-02-24 00:00:00+00:00
[2026-02-24T18:08:49.722+0000] {logging_mixin.py:190} INFO - [2026-02-24T18:08:49.722+0000] {dag.py:4180} INFO - Setting next_dagrun for dataset_produces_2 to None, run_after=None
[2026-02-24T18:08:49.744+0000] {processor.py:208} INFO - Processing /home/ubuntu/airflow-venv/lib/python3.12/site-packages/airflow/example_dags/example_datasets.py took 0.088 seconds
[2026-02-24T18:09:40.906+0000] {processor.py:186} INFO - Started process (PID=45055) to work on /home/ubuntu/airflow-venv/lib/python3.12/site-packages/airflow/example_dags/example_datasets.py
[2026-02-24T18:09:40.908+0000] {processor.py:914} INFO - Processing file /home/ubuntu/airflow-venv/lib/python3.12/site-packages/airflow/example_dags/example_datasets.py for tasks to queue
[2026-02-24T18:09:40.909+0000] {logging_mixin.py:190} INFO - [2026-02-24T18:09:40.909+0000] {dagbag.py:588} INFO - Filling up the DagBag from /home/ubuntu/airflow-venv/lib/python3.12/site-packages/airflow/example_dags/example_datasets.py
[2026-02-24T18:09:40.920+0000] {processor.py:925} INFO - DAG(s) 'consume_1_or_2_with_dataset_expressions', 'dataset_consumes_unknown_never_scheduled', 'conditional_dataset_and_time_based_timetable', 'dataset_consumes_1_never_scheduled', 'consume_1_and_2_with_dataset_expressions', 'dataset_produces_1', 'dataset_produces_2', 'consume_1_or_both_2_and_3_with_dataset_expressions', 'dataset_consumes_1_and_2', 'dataset_consumes_1' retrieved from /home/ubuntu/airflow-venv/lib/python3.12/site-packages/airflow/example_dags/example_datasets.py
[2026-02-24T18:09:40.943+0000] {logging_mixin.py:190} INFO - [2026-02-24T18:09:40.942+0000] {dag.py:3239} INFO - Sync 10 DAGs
[2026-02-24T18:09:40.958+0000] {logging_mixin.py:190} INFO - [2026-02-24T18:09:40.958+0000] {dag.py:4180} INFO - Setting next_dagrun for conditional_dataset_and_time_based_timetable to 2026-02-18 01:00:00+00:00, run_after=2026-02-18 01:00:00+00:00
[2026-02-24T18:09:40.960+0000] {logging_mixin.py:190} INFO - [2026-02-24T18:09:40.960+0000] {dag.py:4180} INFO - Setting next_dagrun for consume_1_and_2_with_dataset_expressions to None, run_after=None
[2026-02-24T18:09:40.961+0000] {logging_mixin.py:190} INFO - [2026-02-24T18:09:40.961+0000] {dag.py:4180} INFO - Setting next_dagrun for consume_1_or_2_with_dataset_expressions to None, run_after=None
[2026-02-24T18:09:40.961+0000] {logging_mixin.py:190} INFO - [2026-02-24T18:09:40.961+0000] {dag.py:4180} INFO - Setting next_dagrun for consume_1_or_both_2_and_3_with_dataset_expressions to None, run_after=None
[2026-02-24T18:09:40.962+0000] {logging_mixin.py:190} INFO - [2026-02-24T18:09:40.962+0000] {dag.py:4180} INFO - Setting next_dagrun for dataset_consumes_1 to None, run_after=None
[2026-02-24T18:09:40.962+0000] {logging_mixin.py:190} INFO - [2026-02-24T18:09:40.962+0000] {dag.py:4180} INFO - Setting next_dagrun for dataset_consumes_1_and_2 to None, run_after=None
[2026-02-24T18:09:40.963+0000] {logging_mixin.py:190} INFO - [2026-02-24T18:09:40.963+0000] {dag.py:4180} INFO - Setting next_dagrun for dataset_consumes_1_never_scheduled to None, run_after=None
[2026-02-24T18:09:40.963+0000] {logging_mixin.py:190} INFO - [2026-02-24T18:09:40.963+0000] {dag.py:4180} INFO - Setting next_dagrun for dataset_consumes_unknown_never_scheduled to None, run_after=None
[2026-02-24T18:09:40.964+0000] {logging_mixin.py:190} INFO - [2026-02-24T18:09:40.964+0000] {dag.py:4180} INFO - Setting next_dagrun for dataset_produces_1 to 2026-02-23 00:00:00+00:00, run_after=2026-02-24 00:00:00+00:00
[2026-02-24T18:09:40.965+0000] {logging_mixin.py:190} INFO - [2026-02-24T18:09:40.965+0000] {dag.py:4180} INFO - Setting next_dagrun for dataset_produces_2 to None, run_after=None
[2026-02-24T18:09:40.988+0000] {processor.py:208} INFO - Processing /home/ubuntu/airflow-venv/lib/python3.12/site-packages/airflow/example_dags/example_datasets.py took 0.086 seconds
[2026-02-24T18:10:54.054+0000] {processor.py:186} INFO - Started process (PID=45136) to work on /home/ubuntu/airflow-venv/lib/python3.12/site-packages/airflow/example_dags/example_datasets.py
[2026-02-24T18:10:54.055+0000] {processor.py:914} INFO - Processing file /home/ubuntu/airflow-venv/lib/python3.12/site-packages/airflow/example_dags/example_datasets.py for tasks to queue
[2026-02-24T18:10:54.057+0000] {logging_mixin.py:190} INFO - [2026-02-24T18:10:54.056+0000] {dagbag.py:588} INFO - Filling up the DagBag from /home/ubuntu/airflow-venv/lib/python3.12/site-packages/airflow/example_dags/example_datasets.py
[2026-02-24T18:10:54.067+0000] {processor.py:925} INFO - DAG(s) 'consume_1_or_both_2_and_3_with_dataset_expressions', 'conditional_dataset_and_time_based_timetable', 'dataset_consumes_1', 'dataset_produces_1', 'consume_1_and_2_with_dataset_expressions', 'consume_1_or_2_with_dataset_expressions', 'dataset_consumes_1_and_2', 'dataset_consumes_unknown_never_scheduled', 'dataset_consumes_1_never_scheduled', 'dataset_produces_2' retrieved from /home/ubuntu/airflow-venv/lib/python3.12/site-packages/airflow/example_dags/example_datasets.py
[2026-02-24T18:10:54.090+0000] {logging_mixin.py:190} INFO - [2026-02-24T18:10:54.090+0000] {dag.py:3239} INFO - Sync 10 DAGs
[2026-02-24T18:10:54.106+0000] {logging_mixin.py:190} INFO - [2026-02-24T18:10:54.106+0000] {dag.py:4180} INFO - Setting next_dagrun for conditional_dataset_and_time_based_timetable to 2026-02-18 01:00:00+00:00, run_after=2026-02-18 01:00:00+00:00
[2026-02-24T18:10:54.108+0000] {logging_mixin.py:190} INFO - [2026-02-24T18:10:54.108+0000] {dag.py:4180} INFO - Setting next_dagrun for consume_1_and_2_with_dataset_expressions to None, run_after=None
[2026-02-24T18:10:54.109+0000] {logging_mixin.py:190} INFO - [2026-02-24T18:10:54.109+0000] {dag.py:4180} INFO - Setting next_dagrun for consume_1_or_2_with_dataset_expressions to None, run_after=None
[2026-02-24T18:10:54.110+0000] {logging_mixin.py:190} INFO - [2026-02-24T18:10:54.109+0000] {dag.py:4180} INFO - Setting next_dagrun for consume_1_or_both_2_and_3_with_dataset_expressions to None, run_after=None
[2026-02-24T18:10:54.110+0000] {logging_mixin.py:190} INFO - [2026-02-24T18:10:54.110+0000] {dag.py:4180} INFO - Setting next_dagrun for dataset_consumes_1 to None, run_after=None
[2026-02-24T18:10:54.110+0000] {logging_mixin.py:190} INFO - [2026-02-24T18:10:54.110+0000] {dag.py:4180} INFO - Setting next_dagrun for dataset_consumes_1_and_2 to None, run_after=None
[2026-02-24T18:10:54.111+0000] {logging_mixin.py:190} INFO - [2026-02-24T18:10:54.111+0000] {dag.py:4180} INFO - Setting next_dagrun for dataset_consumes_1_never_scheduled to None, run_after=None
[2026-02-24T18:10:54.111+0000] {logging_mixin.py:190} INFO - [2026-02-24T18:10:54.111+0000] {dag.py:4180} INFO - Setting next_dagrun for dataset_consumes_unknown_never_scheduled to None, run_after=None
[2026-02-24T18:10:54.113+0000] {logging_mixin.py:190} INFO - [2026-02-24T18:10:54.112+0000] {dag.py:4180} INFO - Setting next_dagrun for dataset_produces_1 to 2026-02-23 00:00:00+00:00, run_after=2026-02-24 00:00:00+00:00
[2026-02-24T18:10:54.113+0000] {logging_mixin.py:190} INFO - [2026-02-24T18:10:54.113+0000] {dag.py:4180} INFO - Setting next_dagrun for dataset_produces_2 to None, run_after=None
[2026-02-24T18:10:54.136+0000] {processor.py:208} INFO - Processing /home/ubuntu/airflow-venv/lib/python3.12/site-packages/airflow/example_dags/example_datasets.py took 0.086 seconds
[2026-02-24T18:11:47.914+0000] {processor.py:186} INFO - Started process (PID=45190) to work on /home/ubuntu/airflow-venv/lib/python3.12/site-packages/airflow/example_dags/example_datasets.py
[2026-02-24T18:11:47.915+0000] {processor.py:914} INFO - Processing file /home/ubuntu/airflow-venv/lib/python3.12/site-packages/airflow/example_dags/example_datasets.py for tasks to queue
[2026-02-24T18:11:47.917+0000] {logging_mixin.py:190} INFO - [2026-02-24T18:11:47.916+0000] {dagbag.py:588} INFO - Filling up the DagBag from /home/ubuntu/airflow-venv/lib/python3.12/site-packages/airflow/example_dags/example_datasets.py
[2026-02-24T18:11:47.928+0000] {processor.py:925} INFO - DAG(s) 'dataset_consumes_1', 'dataset_produces_1', 'consume_1_or_2_with_dataset_expressions', 'consume_1_or_both_2_and_3_with_dataset_expressions', 'conditional_dataset_and_time_based_timetable', 'dataset_consumes_1_never_scheduled', 'dataset_consumes_1_and_2', 'consume_1_and_2_with_dataset_expressions', 'dataset_produces_2', 'dataset_consumes_unknown_never_scheduled' retrieved from /home/ubuntu/airflow-venv/lib/python3.12/site-packages/airflow/example_dags/example_datasets.py
[2026-02-24T18:11:47.950+0000] {logging_mixin.py:190} INFO - [2026-02-24T18:11:47.950+0000] {dag.py:3239} INFO - Sync 10 DAGs
[2026-02-24T18:11:47.966+0000] {logging_mixin.py:190} INFO - [2026-02-24T18:11:47.966+0000] {dag.py:4180} INFO - Setting next_dagrun for conditional_dataset_and_time_based_timetable to 2026-02-18 01:00:00+00:00, run_after=2026-02-18 01:00:00+00:00
[2026-02-24T18:11:47.968+0000] {logging_mixin.py:190} INFO - [2026-02-24T18:11:47.968+0000] {dag.py:4180} INFO - Setting next_dagrun for consume_1_and_2_with_dataset_expressions to None, run_after=None
[2026-02-24T18:11:47.969+0000] {logging_mixin.py:190} INFO - [2026-02-24T18:11:47.969+0000] {dag.py:4180} INFO - Setting next_dagrun for consume_1_or_2_with_dataset_expressions to None, run_after=None
[2026-02-24T18:11:47.970+0000] {logging_mixin.py:190} INFO - [2026-02-24T18:11:47.970+0000] {dag.py:4180} INFO - Setting next_dagrun for consume_1_or_both_2_and_3_with_dataset_expressions to None, run_after=None
[2026-02-24T18:11:47.970+0000] {logging_mixin.py:190} INFO - [2026-02-24T18:11:47.970+0000] {dag.py:4180} INFO - Setting next_dagrun for dataset_consumes_1 to None, run_after=None
[2026-02-24T18:11:47.971+0000] {logging_mixin.py:190} INFO - [2026-02-24T18:11:47.971+0000] {dag.py:4180} INFO - Setting next_dagrun for dataset_consumes_1_and_2 to None, run_after=None
[2026-02-24T18:11:47.971+0000] {logging_mixin.py:190} INFO - [2026-02-24T18:11:47.971+0000] {dag.py:4180} INFO - Setting next_dagrun for dataset_consumes_1_never_scheduled to None, run_after=None
[2026-02-24T18:11:47.972+0000] {logging_mixin.py:190} INFO - [2026-02-24T18:11:47.972+0000] {dag.py:4180} INFO - Setting next_dagrun for dataset_consumes_unknown_never_scheduled to None, run_after=None
[2026-02-24T18:11:47.973+0000] {logging_mixin.py:190} INFO - [2026-02-24T18:11:47.973+0000] {dag.py:4180} INFO - Setting next_dagrun for dataset_produces_1 to 2026-02-23 00:00:00+00:00, run_after=2026-02-24 00:00:00+00:00
[2026-02-24T18:11:47.973+0000] {logging_mixin.py:190} INFO - [2026-02-24T18:11:47.973+0000] {dag.py:4180} INFO - Setting next_dagrun for dataset_produces_2 to None, run_after=None
[2026-02-24T18:11:47.996+0000] {processor.py:208} INFO - Processing /home/ubuntu/airflow-venv/lib/python3.12/site-packages/airflow/example_dags/example_datasets.py took 0.087 seconds
[2026-02-24T18:13:02.726+0000] {processor.py:186} INFO - Started process (PID=45268) to work on /home/ubuntu/airflow-venv/lib/python3.12/site-packages/airflow/example_dags/example_datasets.py
[2026-02-24T18:13:02.727+0000] {processor.py:914} INFO - Processing file /home/ubuntu/airflow-venv/lib/python3.12/site-packages/airflow/example_dags/example_datasets.py for tasks to queue
[2026-02-24T18:13:02.729+0000] {logging_mixin.py:190} INFO - [2026-02-24T18:13:02.728+0000] {dagbag.py:588} INFO - Filling up the DagBag from /home/ubuntu/airflow-venv/lib/python3.12/site-packages/airflow/example_dags/example_datasets.py
[2026-02-24T18:13:02.740+0000] {processor.py:925} INFO - DAG(s) 'consume_1_and_2_with_dataset_expressions', 'conditional_dataset_and_time_based_timetable', 'consume_1_or_2_with_dataset_expressions', 'dataset_consumes_1_never_scheduled', 'dataset_produces_1', 'dataset_consumes_1', 'dataset_consumes_unknown_never_scheduled', 'dataset_produces_2', 'dataset_consumes_1_and_2', 'consume_1_or_both_2_and_3_with_dataset_expressions' retrieved from /home/ubuntu/airflow-venv/lib/python3.12/site-packages/airflow/example_dags/example_datasets.py
[2026-02-24T18:13:02.762+0000] {logging_mixin.py:190} INFO - [2026-02-24T18:13:02.762+0000] {dag.py:3239} INFO - Sync 10 DAGs
[2026-02-24T18:13:02.780+0000] {logging_mixin.py:190} INFO - [2026-02-24T18:13:02.779+0000] {dag.py:4180} INFO - Setting next_dagrun for conditional_dataset_and_time_based_timetable to 2026-02-18 01:00:00+00:00, run_after=2026-02-18 01:00:00+00:00
[2026-02-24T18:13:02.782+0000] {logging_mixin.py:190} INFO - [2026-02-24T18:13:02.782+0000] {dag.py:4180} INFO - Setting next_dagrun for consume_1_and_2_with_dataset_expressions to None, run_after=None
[2026-02-24T18:13:02.782+0000] {logging_mixin.py:190} INFO - [2026-02-24T18:13:02.782+0000] {dag.py:4180} INFO - Setting next_dagrun for consume_1_or_2_with_dataset_expressions to None, run_after=None
[2026-02-24T18:13:02.783+0000] {logging_mixin.py:190} INFO - [2026-02-24T18:13:02.783+0000] {dag.py:4180} INFO - Setting next_dagrun for consume_1_or_both_2_and_3_with_dataset_expressions to None, run_after=None
[2026-02-24T18:13:02.783+0000] {logging_mixin.py:190} INFO - [2026-02-24T18:13:02.783+0000] {dag.py:4180} INFO - Setting next_dagrun for dataset_consumes_1 to None, run_after=None
[2026-02-24T18:13:02.784+0000] {logging_mixin.py:190} INFO - [2026-02-24T18:13:02.784+0000] {dag.py:4180} INFO - Setting next_dagrun for dataset_consumes_1_and_2 to None, run_after=None
[2026-02-24T18:13:02.784+0000] {logging_mixin.py:190} INFO - [2026-02-24T18:13:02.784+0000] {dag.py:4180} INFO - Setting next_dagrun for dataset_consumes_1_never_scheduled to None, run_after=None
[2026-02-24T18:13:02.785+0000] {logging_mixin.py:190} INFO - [2026-02-24T18:13:02.785+0000] {dag.py:4180} INFO - Setting next_dagrun for dataset_consumes_unknown_never_scheduled to None, run_after=None
[2026-02-24T18:13:02.786+0000] {logging_mixin.py:190} INFO - [2026-02-24T18:13:02.786+0000] {dag.py:4180} INFO - Setting next_dagrun for dataset_produces_1 to 2026-02-23 00:00:00+00:00, run_after=2026-02-24 00:00:00+00:00
[2026-02-24T18:13:02.786+0000] {logging_mixin.py:190} INFO - [2026-02-24T18:13:02.786+0000] {dag.py:4180} INFO - Setting next_dagrun for dataset_produces_2 to None, run_after=None
[2026-02-24T18:13:02.809+0000] {processor.py:208} INFO - Processing /home/ubuntu/airflow-venv/lib/python3.12/site-packages/airflow/example_dags/example_datasets.py took 0.088 seconds
[2026-02-24T18:14:15.789+0000] {processor.py:186} INFO - Started process (PID=45345) to work on /home/ubuntu/airflow-venv/lib/python3.12/site-packages/airflow/example_dags/example_datasets.py
[2026-02-24T18:14:15.790+0000] {processor.py:914} INFO - Processing file /home/ubuntu/airflow-venv/lib/python3.12/site-packages/airflow/example_dags/example_datasets.py for tasks to queue
[2026-02-24T18:14:15.792+0000] {logging_mixin.py:190} INFO - [2026-02-24T18:14:15.792+0000] {dagbag.py:588} INFO - Filling up the DagBag from /home/ubuntu/airflow-venv/lib/python3.12/site-packages/airflow/example_dags/example_datasets.py
[2026-02-24T18:14:15.803+0000] {processor.py:925} INFO - DAG(s) 'dataset_produces_1', 'consume_1_or_2_with_dataset_expressions', 'conditional_dataset_and_time_based_timetable', 'dataset_consumes_1_and_2', 'dataset_consumes_1', 'consume_1_and_2_with_dataset_expressions', 'consume_1_or_both_2_and_3_with_dataset_expressions', 'dataset_consumes_unknown_never_scheduled', 'dataset_produces_2', 'dataset_consumes_1_never_scheduled' retrieved from /home/ubuntu/airflow-venv/lib/python3.12/site-packages/airflow/example_dags/example_datasets.py
[2026-02-24T18:14:15.826+0000] {logging_mixin.py:190} INFO - [2026-02-24T18:14:15.825+0000] {dag.py:3239} INFO - Sync 10 DAGs
[2026-02-24T18:14:15.842+0000] {logging_mixin.py:190} INFO - [2026-02-24T18:14:15.842+0000] {dag.py:4180} INFO - Setting next_dagrun for conditional_dataset_and_time_based_timetable to 2026-02-18 01:00:00+00:00, run_after=2026-02-18 01:00:00+00:00
[2026-02-24T18:14:15.844+0000] {logging_mixin.py:190} INFO - [2026-02-24T18:14:15.844+0000] {dag.py:4180} INFO - Setting next_dagrun for consume_1_and_2_with_dataset_expressions to None, run_after=None
[2026-02-24T18:14:15.845+0000] {logging_mixin.py:190} INFO - [2026-02-24T18:14:15.845+0000] {dag.py:4180} INFO - Setting next_dagrun for consume_1_or_2_with_dataset_expressions to None, run_after=None
[2026-02-24T18:14:15.845+0000] {logging_mixin.py:190} INFO - [2026-02-24T18:14:15.845+0000] {dag.py:4180} INFO - Setting next_dagrun for consume_1_or_both_2_and_3_with_dataset_expressions to None, run_after=None
[2026-02-24T18:14:15.846+0000] {logging_mixin.py:190} INFO - [2026-02-24T18:14:15.846+0000] {dag.py:4180} INFO - Setting next_dagrun for dataset_consumes_1 to None, run_after=None
[2026-02-24T18:14:15.846+0000] {logging_mixin.py:190} INFO - [2026-02-24T18:14:15.846+0000] {dag.py:4180} INFO - Setting next_dagrun for dataset_consumes_1_and_2 to None, run_after=None
[2026-02-24T18:14:15.847+0000] {logging_mixin.py:190} INFO - [2026-02-24T18:14:15.847+0000] {dag.py:4180} INFO - Setting next_dagrun for dataset_consumes_1_never_scheduled to None, run_after=None
[2026-02-24T18:14:15.847+0000] {logging_mixin.py:190} INFO - [2026-02-24T18:14:15.847+0000] {dag.py:4180} INFO - Setting next_dagrun for dataset_consumes_unknown_never_scheduled to None, run_after=None
[2026-02-24T18:14:15.848+0000] {logging_mixin.py:190} INFO - [2026-02-24T18:14:15.848+0000] {dag.py:4180} INFO - Setting next_dagrun for dataset_produces_1 to 2026-02-23 00:00:00+00:00, run_after=2026-02-24 00:00:00+00:00
[2026-02-24T18:14:15.849+0000] {logging_mixin.py:190} INFO - [2026-02-24T18:14:15.849+0000] {dag.py:4180} INFO - Setting next_dagrun for dataset_produces_2 to None, run_after=None
[2026-02-24T18:14:15.872+0000] {processor.py:208} INFO - Processing /home/ubuntu/airflow-venv/lib/python3.12/site-packages/airflow/example_dags/example_datasets.py took 0.088 seconds
[2026-02-24T18:15:07.969+0000] {processor.py:186} INFO - Started process (PID=45402) to work on /home/ubuntu/airflow-venv/lib/python3.12/site-packages/airflow/example_dags/example_datasets.py
[2026-02-24T18:15:07.970+0000] {processor.py:914} INFO - Processing file /home/ubuntu/airflow-venv/lib/python3.12/site-packages/airflow/example_dags/example_datasets.py for tasks to queue
[2026-02-24T18:15:07.972+0000] {logging_mixin.py:190} INFO - [2026-02-24T18:15:07.972+0000] {dagbag.py:588} INFO - Filling up the DagBag from /home/ubuntu/airflow-venv/lib/python3.12/site-packages/airflow/example_dags/example_datasets.py
[2026-02-24T18:15:07.983+0000] {processor.py:925} INFO - DAG(s) 'dataset_consumes_1_never_scheduled', 'consume_1_or_both_2_and_3_with_dataset_expressions', 'dataset_consumes_unknown_never_scheduled', 'dataset_consumes_1_and_2', 'conditional_dataset_and_time_based_timetable', 'consume_1_and_2_with_dataset_expressions', 'dataset_consumes_1', 'consume_1_or_2_with_dataset_expressions', 'dataset_produces_1', 'dataset_produces_2' retrieved from /home/ubuntu/airflow-venv/lib/python3.12/site-packages/airflow/example_dags/example_datasets.py
[2026-02-24T18:15:08.006+0000] {logging_mixin.py:190} INFO - [2026-02-24T18:15:08.006+0000] {dag.py:3239} INFO - Sync 10 DAGs
[2026-02-24T18:15:08.022+0000] {logging_mixin.py:190} INFO - [2026-02-24T18:15:08.022+0000] {dag.py:4180} INFO - Setting next_dagrun for conditional_dataset_and_time_based_timetable to 2026-02-18 01:00:00+00:00, run_after=2026-02-18 01:00:00+00:00
[2026-02-24T18:15:08.024+0000] {logging_mixin.py:190} INFO - [2026-02-24T18:15:08.024+0000] {dag.py:4180} INFO - Setting next_dagrun for consume_1_and_2_with_dataset_expressions to None, run_after=None
[2026-02-24T18:15:08.025+0000] {logging_mixin.py:190} INFO - [2026-02-24T18:15:08.025+0000] {dag.py:4180} INFO - Setting next_dagrun for consume_1_or_2_with_dataset_expressions to None, run_after=None
[2026-02-24T18:15:08.025+0000] {logging_mixin.py:190} INFO - [2026-02-24T18:15:08.025+0000] {dag.py:4180} INFO - Setting next_dagrun for consume_1_or_both_2_and_3_with_dataset_expressions to None, run_after=None
[2026-02-24T18:15:08.026+0000] {logging_mixin.py:190} INFO - [2026-02-24T18:15:08.026+0000] {dag.py:4180} INFO - Setting next_dagrun for dataset_consumes_1 to None, run_after=None
[2026-02-24T18:15:08.027+0000] {logging_mixin.py:190} INFO - [2026-02-24T18:15:08.026+0000] {dag.py:4180} INFO - Setting next_dagrun for dataset_consumes_1_and_2 to None, run_after=None
[2026-02-24T18:15:08.027+0000] {logging_mixin.py:190} INFO - [2026-02-24T18:15:08.027+0000] {dag.py:4180} INFO - Setting next_dagrun for dataset_consumes_1_never_scheduled to None, run_after=None
[2026-02-24T18:15:08.027+0000] {logging_mixin.py:190} INFO - [2026-02-24T18:15:08.027+0000] {dag.py:4180} INFO - Setting next_dagrun for dataset_consumes_unknown_never_scheduled to None, run_after=None
[2026-02-24T18:15:08.029+0000] {logging_mixin.py:190} INFO - [2026-02-24T18:15:08.029+0000] {dag.py:4180} INFO - Setting next_dagrun for dataset_produces_1 to 2026-02-23 00:00:00+00:00, run_after=2026-02-24 00:00:00+00:00
[2026-02-24T18:15:08.029+0000] {logging_mixin.py:190} INFO - [2026-02-24T18:15:08.029+0000] {dag.py:4180} INFO - Setting next_dagrun for dataset_produces_2 to None, run_after=None
[2026-02-24T18:15:08.053+0000] {processor.py:208} INFO - Processing /home/ubuntu/airflow-venv/lib/python3.12/site-packages/airflow/example_dags/example_datasets.py took 0.089 seconds
[2026-02-24T18:16:23.909+0000] {processor.py:186} INFO - Started process (PID=45482) to work on /home/ubuntu/airflow-venv/lib/python3.12/site-packages/airflow/example_dags/example_datasets.py
[2026-02-24T18:16:23.910+0000] {processor.py:914} INFO - Processing file /home/ubuntu/airflow-venv/lib/python3.12/site-packages/airflow/example_dags/example_datasets.py for tasks to queue
[2026-02-24T18:16:23.912+0000] {logging_mixin.py:190} INFO - [2026-02-24T18:16:23.911+0000] {dagbag.py:588} INFO - Filling up the DagBag from /home/ubuntu/airflow-venv/lib/python3.12/site-packages/airflow/example_dags/example_datasets.py
[2026-02-24T18:16:23.922+0000] {processor.py:925} INFO - DAG(s) 'dataset_produces_1', 'dataset_consumes_1_and_2', 'dataset_produces_2', 'dataset_consumes_1_never_scheduled', 'consume_1_or_2_with_dataset_expressions', 'consume_1_or_both_2_and_3_with_dataset_expressions', 'consume_1_and_2_with_dataset_expressions', 'dataset_consumes_unknown_never_scheduled', 'dataset_consumes_1', 'conditional_dataset_and_time_based_timetable' retrieved from /home/ubuntu/airflow-venv/lib/python3.12/site-packages/airflow/example_dags/example_datasets.py
[2026-02-24T18:16:23.945+0000] {logging_mixin.py:190} INFO - [2026-02-24T18:16:23.945+0000] {dag.py:3239} INFO - Sync 10 DAGs
[2026-02-24T18:16:23.961+0000] {logging_mixin.py:190} INFO - [2026-02-24T18:16:23.961+0000] {dag.py:4180} INFO - Setting next_dagrun for conditional_dataset_and_time_based_timetable to 2026-02-18 01:00:00+00:00, run_after=2026-02-18 01:00:00+00:00
[2026-02-24T18:16:23.964+0000] {logging_mixin.py:190} INFO - [2026-02-24T18:16:23.963+0000] {dag.py:4180} INFO - Setting next_dagrun for consume_1_and_2_with_dataset_expressions to None, run_after=None
[2026-02-24T18:16:23.964+0000] {logging_mixin.py:190} INFO - [2026-02-24T18:16:23.964+0000] {dag.py:4180} INFO - Setting next_dagrun for consume_1_or_2_with_dataset_expressions to None, run_after=None
[2026-02-24T18:16:23.965+0000] {logging_mixin.py:190} INFO - [2026-02-24T18:16:23.965+0000] {dag.py:4180} INFO - Setting next_dagrun for consume_1_or_both_2_and_3_with_dataset_expressions to None, run_after=None
[2026-02-24T18:16:23.965+0000] {logging_mixin.py:190} INFO - [2026-02-24T18:16:23.965+0000] {dag.py:4180} INFO - Setting next_dagrun for dataset_consumes_1 to None, run_after=None
[2026-02-24T18:16:23.966+0000] {logging_mixin.py:190} INFO - [2026-02-24T18:16:23.966+0000] {dag.py:4180} INFO - Setting next_dagrun for dataset_consumes_1_and_2 to None, run_after=None
[2026-02-24T18:16:23.966+0000] {logging_mixin.py:190} INFO - [2026-02-24T18:16:23.966+0000] {dag.py:4180} INFO - Setting next_dagrun for dataset_consumes_1_never_scheduled to None, run_after=None
[2026-02-24T18:16:23.967+0000] {logging_mixin.py:190} INFO - [2026-02-24T18:16:23.967+0000] {dag.py:4180} INFO - Setting next_dagrun for dataset_consumes_unknown_never_scheduled to None, run_after=None
[2026-02-24T18:16:23.968+0000] {logging_mixin.py:190} INFO - [2026-02-24T18:16:23.968+0000] {dag.py:4180} INFO - Setting next_dagrun for dataset_produces_1 to 2026-02-23 00:00:00+00:00, run_after=2026-02-24 00:00:00+00:00
[2026-02-24T18:16:23.968+0000] {logging_mixin.py:190} INFO - [2026-02-24T18:16:23.968+0000] {dag.py:4180} INFO - Setting next_dagrun for dataset_produces_2 to None, run_after=None
[2026-02-24T18:16:23.991+0000] {processor.py:208} INFO - Processing /home/ubuntu/airflow-venv/lib/python3.12/site-packages/airflow/example_dags/example_datasets.py took 0.086 seconds
[2026-02-24T18:17:40.793+0000] {processor.py:186} INFO - Started process (PID=45565) to work on /home/ubuntu/airflow-venv/lib/python3.12/site-packages/airflow/example_dags/example_datasets.py
[2026-02-24T18:17:40.795+0000] {processor.py:914} INFO - Processing file /home/ubuntu/airflow-venv/lib/python3.12/site-packages/airflow/example_dags/example_datasets.py for tasks to queue
[2026-02-24T18:17:40.796+0000] {logging_mixin.py:190} INFO - [2026-02-24T18:17:40.796+0000] {dagbag.py:588} INFO - Filling up the DagBag from /home/ubuntu/airflow-venv/lib/python3.12/site-packages/airflow/example_dags/example_datasets.py
[2026-02-24T18:17:40.807+0000] {processor.py:925} INFO - DAG(s) 'dataset_produces_2', 'dataset_produces_1', 'consume_1_and_2_with_dataset_expressions', 'consume_1_or_both_2_and_3_with_dataset_expressions', 'consume_1_or_2_with_dataset_expressions', 'conditional_dataset_and_time_based_timetable', 'dataset_consumes_1', 'dataset_consumes_unknown_never_scheduled', 'dataset_consumes_1_and_2', 'dataset_consumes_1_never_scheduled' retrieved from /home/ubuntu/airflow-venv/lib/python3.12/site-packages/airflow/example_dags/example_datasets.py
[2026-02-24T18:17:40.830+0000] {logging_mixin.py:190} INFO - [2026-02-24T18:17:40.829+0000] {dag.py:3239} INFO - Sync 10 DAGs
[2026-02-24T18:17:40.845+0000] {logging_mixin.py:190} INFO - [2026-02-24T18:17:40.845+0000] {dag.py:4180} INFO - Setting next_dagrun for conditional_dataset_and_time_based_timetable to 2026-02-18 01:00:00+00:00, run_after=2026-02-18 01:00:00+00:00
[2026-02-24T18:17:40.847+0000] {logging_mixin.py:190} INFO - [2026-02-24T18:17:40.847+0000] {dag.py:4180} INFO - Setting next_dagrun for consume_1_and_2_with_dataset_expressions to None, run_after=None
[2026-02-24T18:17:40.848+0000] {logging_mixin.py:190} INFO - [2026-02-24T18:17:40.848+0000] {dag.py:4180} INFO - Setting next_dagrun for consume_1_or_2_with_dataset_expressions to None, run_after=None
[2026-02-24T18:17:40.848+0000] {logging_mixin.py:190} INFO - [2026-02-24T18:17:40.848+0000] {dag.py:4180} INFO - Setting next_dagrun for consume_1_or_both_2_and_3_with_dataset_expressions to None, run_after=None
[2026-02-24T18:17:40.849+0000] {logging_mixin.py:190} INFO - [2026-02-24T18:17:40.849+0000] {dag.py:4180} INFO - Setting next_dagrun for dataset_consumes_1 to None, run_after=None
[2026-02-24T18:17:40.850+0000] {logging_mixin.py:190} INFO - [2026-02-24T18:17:40.849+0000] {dag.py:4180} INFO - Setting next_dagrun for dataset_consumes_1_and_2 to None, run_after=None
[2026-02-24T18:17:40.850+0000] {logging_mixin.py:190} INFO - [2026-02-24T18:17:40.850+0000] {dag.py:4180} INFO - Setting next_dagrun for dataset_consumes_1_never_scheduled to None, run_after=None
[2026-02-24T18:17:40.850+0000] {logging_mixin.py:190} INFO - [2026-02-24T18:17:40.850+0000] {dag.py:4180} INFO - Setting next_dagrun for dataset_consumes_unknown_never_scheduled to None, run_after=None
[2026-02-24T18:17:40.851+0000] {logging_mixin.py:190} INFO - [2026-02-24T18:17:40.851+0000] {dag.py:4180} INFO - Setting next_dagrun for dataset_produces_1 to 2026-02-23 00:00:00+00:00, run_after=2026-02-24 00:00:00+00:00
[2026-02-24T18:17:40.852+0000] {logging_mixin.py:190} INFO - [2026-02-24T18:17:40.852+0000] {dag.py:4180} INFO - Setting next_dagrun for dataset_produces_2 to None, run_after=None
[2026-02-24T18:17:40.875+0000] {processor.py:208} INFO - Processing /home/ubuntu/airflow-venv/lib/python3.12/site-packages/airflow/example_dags/example_datasets.py took 0.086 seconds
[2026-02-24T18:18:33.895+0000] {processor.py:186} INFO - Started process (PID=45621) to work on /home/ubuntu/airflow-venv/lib/python3.12/site-packages/airflow/example_dags/example_datasets.py
[2026-02-24T18:18:33.896+0000] {processor.py:914} INFO - Processing file /home/ubuntu/airflow-venv/lib/python3.12/site-packages/airflow/example_dags/example_datasets.py for tasks to queue
[2026-02-24T18:18:33.898+0000] {logging_mixin.py:190} INFO - [2026-02-24T18:18:33.897+0000] {dagbag.py:588} INFO - Filling up the DagBag from /home/ubuntu/airflow-venv/lib/python3.12/site-packages/airflow/example_dags/example_datasets.py
[2026-02-24T18:18:33.909+0000] {processor.py:925} INFO - DAG(s) 'dataset_consumes_unknown_never_scheduled', 'dataset_consumes_1_never_scheduled', 'consume_1_or_both_2_and_3_with_dataset_expressions', 'conditional_dataset_and_time_based_timetable', 'consume_1_and_2_with_dataset_expressions', 'dataset_produces_2', 'dataset_consumes_1_and_2', 'dataset_consumes_1', 'dataset_produces_1', 'consume_1_or_2_with_dataset_expressions' retrieved from /home/ubuntu/airflow-venv/lib/python3.12/site-packages/airflow/example_dags/example_datasets.py
[2026-02-24T18:18:33.932+0000] {logging_mixin.py:190} INFO - [2026-02-24T18:18:33.931+0000] {dag.py:3239} INFO - Sync 10 DAGs
[2026-02-24T18:18:33.948+0000] {logging_mixin.py:190} INFO - [2026-02-24T18:18:33.948+0000] {dag.py:4180} INFO - Setting next_dagrun for conditional_dataset_and_time_based_timetable to 2026-02-18 01:00:00+00:00, run_after=2026-02-18 01:00:00+00:00
[2026-02-24T18:18:33.950+0000] {logging_mixin.py:190} INFO - [2026-02-24T18:18:33.950+0000] {dag.py:4180} INFO - Setting next_dagrun for consume_1_and_2_with_dataset_expressions to None, run_after=None
[2026-02-24T18:18:33.951+0000] {logging_mixin.py:190} INFO - [2026-02-24T18:18:33.951+0000] {dag.py:4180} INFO - Setting next_dagrun for consume_1_or_2_with_dataset_expressions to None, run_after=None
[2026-02-24T18:18:33.951+0000] {logging_mixin.py:190} INFO - [2026-02-24T18:18:33.951+0000] {dag.py:4180} INFO - Setting next_dagrun for consume_1_or_both_2_and_3_with_dataset_expressions to None, run_after=None
[2026-02-24T18:18:33.952+0000] {logging_mixin.py:190} INFO - [2026-02-24T18:18:33.952+0000] {dag.py:4180} INFO - Setting next_dagrun for dataset_consumes_1 to None, run_after=None
[2026-02-24T18:18:33.952+0000] {logging_mixin.py:190} INFO - [2026-02-24T18:18:33.952+0000] {dag.py:4180} INFO - Setting next_dagrun for dataset_consumes_1_and_2 to None, run_after=None
[2026-02-24T18:18:33.953+0000] {logging_mixin.py:190} INFO - [2026-02-24T18:18:33.953+0000] {dag.py:4180} INFO - Setting next_dagrun for dataset_consumes_1_never_scheduled to None, run_after=None
[2026-02-24T18:18:33.953+0000] {logging_mixin.py:190} INFO - [2026-02-24T18:18:33.953+0000] {dag.py:4180} INFO - Setting next_dagrun for dataset_consumes_unknown_never_scheduled to None, run_after=None
[2026-02-24T18:18:33.954+0000] {logging_mixin.py:190} INFO - [2026-02-24T18:18:33.954+0000] {dag.py:4180} INFO - Setting next_dagrun for dataset_produces_1 to 2026-02-23 00:00:00+00:00, run_after=2026-02-24 00:00:00+00:00
[2026-02-24T18:18:33.955+0000] {logging_mixin.py:190} INFO - [2026-02-24T18:18:33.955+0000] {dag.py:4180} INFO - Setting next_dagrun for dataset_produces_2 to None, run_after=None
[2026-02-24T18:18:33.977+0000] {processor.py:208} INFO - Processing /home/ubuntu/airflow-venv/lib/python3.12/site-packages/airflow/example_dags/example_datasets.py took 0.087 seconds
[2026-02-24T18:19:50.651+0000] {processor.py:186} INFO - Started process (PID=45700) to work on /home/ubuntu/airflow-venv/lib/python3.12/site-packages/airflow/example_dags/example_datasets.py
[2026-02-24T18:19:50.652+0000] {processor.py:914} INFO - Processing file /home/ubuntu/airflow-venv/lib/python3.12/site-packages/airflow/example_dags/example_datasets.py for tasks to queue
[2026-02-24T18:19:50.654+0000] {logging_mixin.py:190} INFO - [2026-02-24T18:19:50.654+0000] {dagbag.py:588} INFO - Filling up the DagBag from /home/ubuntu/airflow-venv/lib/python3.12/site-packages/airflow/example_dags/example_datasets.py
[2026-02-24T18:19:50.665+0000] {processor.py:925} INFO - DAG(s) 'conditional_dataset_and_time_based_timetable', 'dataset_consumes_unknown_never_scheduled', 'dataset_produces_1', 'dataset_consumes_1', 'dataset_consumes_1_and_2', 'dataset_consumes_1_never_scheduled', 'consume_1_or_both_2_and_3_with_dataset_expressions', 'consume_1_or_2_with_dataset_expressions', 'consume_1_and_2_with_dataset_expressions', 'dataset_produces_2' retrieved from /home/ubuntu/airflow-venv/lib/python3.12/site-packages/airflow/example_dags/example_datasets.py
[2026-02-24T18:19:50.688+0000] {logging_mixin.py:190} INFO - [2026-02-24T18:19:50.688+0000] {dag.py:3239} INFO - Sync 10 DAGs
[2026-02-24T18:19:50.704+0000] {logging_mixin.py:190} INFO - [2026-02-24T18:19:50.704+0000] {dag.py:4180} INFO - Setting next_dagrun for conditional_dataset_and_time_based_timetable to 2026-02-18 01:00:00+00:00, run_after=2026-02-18 01:00:00+00:00
[2026-02-24T18:19:50.706+0000] {logging_mixin.py:190} INFO - [2026-02-24T18:19:50.706+0000] {dag.py:4180} INFO - Setting next_dagrun for consume_1_and_2_with_dataset_expressions to None, run_after=None
[2026-02-24T18:19:50.707+0000] {logging_mixin.py:190} INFO - [2026-02-24T18:19:50.707+0000] {dag.py:4180} INFO - Setting next_dagrun for consume_1_or_2_with_dataset_expressions to None, run_after=None
[2026-02-24T18:19:50.708+0000] {logging_mixin.py:190} INFO - [2026-02-24T18:19:50.707+0000] {dag.py:4180} INFO - Setting next_dagrun for consume_1_or_both_2_and_3_with_dataset_expressions to None, run_after=None
[2026-02-24T18:19:50.708+0000] {logging_mixin.py:190} INFO - [2026-02-24T18:19:50.708+0000] {dag.py:4180} INFO - Setting next_dagrun for dataset_consumes_1 to None, run_after=None
[2026-02-24T18:19:50.709+0000] {logging_mixin.py:190} INFO - [2026-02-24T18:19:50.709+0000] {dag.py:4180} INFO - Setting next_dagrun for dataset_consumes_1_and_2 to None, run_after=None
[2026-02-24T18:19:50.709+0000] {logging_mixin.py:190} INFO - [2026-02-24T18:19:50.709+0000] {dag.py:4180} INFO - Setting next_dagrun for dataset_consumes_1_never_scheduled to None, run_after=None
[2026-02-24T18:19:50.710+0000] {logging_mixin.py:190} INFO - [2026-02-24T18:19:50.710+0000] {dag.py:4180} INFO - Setting next_dagrun for dataset_consumes_unknown_never_scheduled to None, run_after=None
[2026-02-24T18:19:50.711+0000] {logging_mixin.py:190} INFO - [2026-02-24T18:19:50.711+0000] {dag.py:4180} INFO - Setting next_dagrun for dataset_produces_1 to 2026-02-23 00:00:00+00:00, run_after=2026-02-24 00:00:00+00:00
[2026-02-24T18:19:50.711+0000] {logging_mixin.py:190} INFO - [2026-02-24T18:19:50.711+0000] {dag.py:4180} INFO - Setting next_dagrun for dataset_produces_2 to None, run_after=None
[2026-02-24T18:19:50.734+0000] {processor.py:208} INFO - Processing /home/ubuntu/airflow-venv/lib/python3.12/site-packages/airflow/example_dags/example_datasets.py took 0.087 seconds
