[2026-02-24T17:59:29.628+0000] {processor.py:186} INFO - Started process (PID=43667) to work on /home/ubuntu/airflow-venv/lib/python3.12/site-packages/airflow/example_dags/example_latest_only_with_trigger.py
[2026-02-24T17:59:29.628+0000] {processor.py:914} INFO - Processing file /home/ubuntu/airflow-venv/lib/python3.12/site-packages/airflow/example_dags/example_latest_only_with_trigger.py for tasks to queue
[2026-02-24T17:59:29.630+0000] {logging_mixin.py:190} INFO - [2026-02-24T17:59:29.630+0000] {dagbag.py:588} INFO - Filling up the DagBag from /home/ubuntu/airflow-venv/lib/python3.12/site-packages/airflow/example_dags/example_latest_only_with_trigger.py
[2026-02-24T17:59:29.635+0000] {processor.py:925} INFO - DAG(s) 'latest_only_with_trigger' retrieved from /home/ubuntu/airflow-venv/lib/python3.12/site-packages/airflow/example_dags/example_latest_only_with_trigger.py
[2026-02-24T17:59:29.714+0000] {logging_mixin.py:190} INFO - [2026-02-24T17:59:29.713+0000] {override.py:1900} INFO - Created Permission View: can edit on DAG:latest_only_with_trigger
[2026-02-24T17:59:29.726+0000] {logging_mixin.py:190} INFO - [2026-02-24T17:59:29.726+0000] {override.py:1900} INFO - Created Permission View: can delete on DAG:latest_only_with_trigger
[2026-02-24T17:59:29.734+0000] {logging_mixin.py:190} INFO - [2026-02-24T17:59:29.734+0000] {override.py:1900} INFO - Created Permission View: can read on DAG:latest_only_with_trigger
[2026-02-24T17:59:29.750+0000] {logging_mixin.py:190} INFO - [2026-02-24T17:59:29.749+0000] {override.py:1900} INFO - Created Permission View: can delete on DAG Run:latest_only_with_trigger
[2026-02-24T17:59:29.758+0000] {logging_mixin.py:190} INFO - [2026-02-24T17:59:29.758+0000] {override.py:1900} INFO - Created Permission View: menu access on DAG Run:latest_only_with_trigger
[2026-02-24T17:59:29.766+0000] {logging_mixin.py:190} INFO - [2026-02-24T17:59:29.766+0000] {override.py:1900} INFO - Created Permission View: can create on DAG Run:latest_only_with_trigger
[2026-02-24T17:59:29.775+0000] {logging_mixin.py:190} INFO - [2026-02-24T17:59:29.775+0000] {override.py:1900} INFO - Created Permission View: can read on DAG Run:latest_only_with_trigger
[2026-02-24T17:59:29.775+0000] {logging_mixin.py:190} INFO - [2026-02-24T17:59:29.775+0000] {dag.py:3239} INFO - Sync 1 DAGs
[2026-02-24T17:59:29.783+0000] {logging_mixin.py:190} INFO - [2026-02-24T17:59:29.783+0000] {dag.py:3262} INFO - Creating ORM DAG for latest_only_with_trigger
[2026-02-24T17:59:29.789+0000] {logging_mixin.py:190} INFO - [2026-02-24T17:59:29.789+0000] {dag.py:4180} INFO - Setting next_dagrun for latest_only_with_trigger to 2026-02-24 12:00:00+00:00, run_after=2026-02-24 16:00:00+00:00
[2026-02-24T17:59:29.808+0000] {processor.py:208} INFO - Processing /home/ubuntu/airflow-venv/lib/python3.12/site-packages/airflow/example_dags/example_latest_only_with_trigger.py took 0.184 seconds
[2026-02-24T18:00:27.517+0000] {processor.py:186} INFO - Started process (PID=43726) to work on /home/ubuntu/airflow-venv/lib/python3.12/site-packages/airflow/example_dags/example_latest_only_with_trigger.py
[2026-02-24T18:00:27.518+0000] {processor.py:914} INFO - Processing file /home/ubuntu/airflow-venv/lib/python3.12/site-packages/airflow/example_dags/example_latest_only_with_trigger.py for tasks to queue
[2026-02-24T18:00:27.520+0000] {logging_mixin.py:190} INFO - [2026-02-24T18:00:27.520+0000] {dagbag.py:588} INFO - Filling up the DagBag from /home/ubuntu/airflow-venv/lib/python3.12/site-packages/airflow/example_dags/example_latest_only_with_trigger.py
[2026-02-24T18:00:27.525+0000] {processor.py:925} INFO - DAG(s) 'latest_only_with_trigger' retrieved from /home/ubuntu/airflow-venv/lib/python3.12/site-packages/airflow/example_dags/example_latest_only_with_trigger.py
[2026-02-24T18:00:27.537+0000] {logging_mixin.py:190} INFO - [2026-02-24T18:00:27.537+0000] {dag.py:3239} INFO - Sync 1 DAGs
[2026-02-24T18:00:27.551+0000] {logging_mixin.py:190} INFO - [2026-02-24T18:00:27.551+0000] {dag.py:4180} INFO - Setting next_dagrun for latest_only_with_trigger to 2026-02-24 12:00:00+00:00, run_after=2026-02-24 16:00:00+00:00
[2026-02-24T18:00:27.569+0000] {processor.py:208} INFO - Processing /home/ubuntu/airflow-venv/lib/python3.12/site-packages/airflow/example_dags/example_latest_only_with_trigger.py took 0.056 seconds
[2026-02-24T18:01:21.670+0000] {processor.py:186} INFO - Started process (PID=43788) to work on /home/ubuntu/airflow-venv/lib/python3.12/site-packages/airflow/example_dags/example_latest_only_with_trigger.py
[2026-02-24T18:01:21.672+0000] {processor.py:914} INFO - Processing file /home/ubuntu/airflow-venv/lib/python3.12/site-packages/airflow/example_dags/example_latest_only_with_trigger.py for tasks to queue
[2026-02-24T18:01:21.673+0000] {logging_mixin.py:190} INFO - [2026-02-24T18:01:21.673+0000] {dagbag.py:588} INFO - Filling up the DagBag from /home/ubuntu/airflow-venv/lib/python3.12/site-packages/airflow/example_dags/example_latest_only_with_trigger.py
[2026-02-24T18:01:21.679+0000] {processor.py:925} INFO - DAG(s) 'latest_only_with_trigger' retrieved from /home/ubuntu/airflow-venv/lib/python3.12/site-packages/airflow/example_dags/example_latest_only_with_trigger.py
[2026-02-24T18:01:21.690+0000] {logging_mixin.py:190} INFO - [2026-02-24T18:01:21.690+0000] {dag.py:3239} INFO - Sync 1 DAGs
[2026-02-24T18:01:21.704+0000] {logging_mixin.py:190} INFO - [2026-02-24T18:01:21.704+0000] {dag.py:4180} INFO - Setting next_dagrun for latest_only_with_trigger to 2026-02-24 12:00:00+00:00, run_after=2026-02-24 16:00:00+00:00
[2026-02-24T18:01:21.723+0000] {processor.py:208} INFO - Processing /home/ubuntu/airflow-venv/lib/python3.12/site-packages/airflow/example_dags/example_latest_only_with_trigger.py took 0.057 seconds
[2026-02-24T18:02:18.149+0000] {processor.py:186} INFO - Started process (PID=44211) to work on /home/ubuntu/airflow-venv/lib/python3.12/site-packages/airflow/example_dags/example_latest_only_with_trigger.py
[2026-02-24T18:02:18.151+0000] {processor.py:914} INFO - Processing file /home/ubuntu/airflow-venv/lib/python3.12/site-packages/airflow/example_dags/example_latest_only_with_trigger.py for tasks to queue
[2026-02-24T18:02:18.152+0000] {logging_mixin.py:190} INFO - [2026-02-24T18:02:18.152+0000] {dagbag.py:588} INFO - Filling up the DagBag from /home/ubuntu/airflow-venv/lib/python3.12/site-packages/airflow/example_dags/example_latest_only_with_trigger.py
[2026-02-24T18:02:18.158+0000] {processor.py:925} INFO - DAG(s) 'latest_only_with_trigger' retrieved from /home/ubuntu/airflow-venv/lib/python3.12/site-packages/airflow/example_dags/example_latest_only_with_trigger.py
[2026-02-24T18:02:18.169+0000] {logging_mixin.py:190} INFO - [2026-02-24T18:02:18.169+0000] {dag.py:3239} INFO - Sync 1 DAGs
[2026-02-24T18:02:18.183+0000] {logging_mixin.py:190} INFO - [2026-02-24T18:02:18.183+0000] {dag.py:4180} INFO - Setting next_dagrun for latest_only_with_trigger to 2026-02-24 12:00:00+00:00, run_after=2026-02-24 16:00:00+00:00
[2026-02-24T18:02:18.201+0000] {processor.py:208} INFO - Processing /home/ubuntu/airflow-venv/lib/python3.12/site-packages/airflow/example_dags/example_latest_only_with_trigger.py took 0.055 seconds
[2026-02-24T18:03:11.532+0000] {processor.py:186} INFO - Started process (PID=44273) to work on /home/ubuntu/airflow-venv/lib/python3.12/site-packages/airflow/example_dags/example_latest_only_with_trigger.py
[2026-02-24T18:03:11.533+0000] {processor.py:914} INFO - Processing file /home/ubuntu/airflow-venv/lib/python3.12/site-packages/airflow/example_dags/example_latest_only_with_trigger.py for tasks to queue
[2026-02-24T18:03:11.535+0000] {logging_mixin.py:190} INFO - [2026-02-24T18:03:11.534+0000] {dagbag.py:588} INFO - Filling up the DagBag from /home/ubuntu/airflow-venv/lib/python3.12/site-packages/airflow/example_dags/example_latest_only_with_trigger.py
[2026-02-24T18:03:11.540+0000] {processor.py:925} INFO - DAG(s) 'latest_only_with_trigger' retrieved from /home/ubuntu/airflow-venv/lib/python3.12/site-packages/airflow/example_dags/example_latest_only_with_trigger.py
[2026-02-24T18:03:11.552+0000] {logging_mixin.py:190} INFO - [2026-02-24T18:03:11.552+0000] {dag.py:3239} INFO - Sync 1 DAGs
[2026-02-24T18:03:11.566+0000] {logging_mixin.py:190} INFO - [2026-02-24T18:03:11.566+0000] {dag.py:4180} INFO - Setting next_dagrun for latest_only_with_trigger to 2026-02-24 12:00:00+00:00, run_after=2026-02-24 16:00:00+00:00
[2026-02-24T18:03:11.583+0000] {processor.py:208} INFO - Processing /home/ubuntu/airflow-venv/lib/python3.12/site-packages/airflow/example_dags/example_latest_only_with_trigger.py took 0.056 seconds
[2026-02-24T18:04:00.441+0000] {processor.py:186} INFO - Started process (PID=44326) to work on /home/ubuntu/airflow-venv/lib/python3.12/site-packages/airflow/example_dags/example_latest_only_with_trigger.py
[2026-02-24T18:04:00.442+0000] {processor.py:914} INFO - Processing file /home/ubuntu/airflow-venv/lib/python3.12/site-packages/airflow/example_dags/example_latest_only_with_trigger.py for tasks to queue
[2026-02-24T18:04:00.444+0000] {logging_mixin.py:190} INFO - [2026-02-24T18:04:00.443+0000] {dagbag.py:588} INFO - Filling up the DagBag from /home/ubuntu/airflow-venv/lib/python3.12/site-packages/airflow/example_dags/example_latest_only_with_trigger.py
[2026-02-24T18:04:00.449+0000] {processor.py:925} INFO - DAG(s) 'latest_only_with_trigger' retrieved from /home/ubuntu/airflow-venv/lib/python3.12/site-packages/airflow/example_dags/example_latest_only_with_trigger.py
[2026-02-24T18:04:00.461+0000] {logging_mixin.py:190} INFO - [2026-02-24T18:04:00.461+0000] {dag.py:3239} INFO - Sync 1 DAGs
[2026-02-24T18:04:00.475+0000] {logging_mixin.py:190} INFO - [2026-02-24T18:04:00.475+0000] {dag.py:4180} INFO - Setting next_dagrun for latest_only_with_trigger to 2026-02-24 12:00:00+00:00, run_after=2026-02-24 16:00:00+00:00
[2026-02-24T18:04:00.493+0000] {processor.py:208} INFO - Processing /home/ubuntu/airflow-venv/lib/python3.12/site-packages/airflow/example_dags/example_latest_only_with_trigger.py took 0.057 seconds
[2026-02-24T18:04:50.311+0000] {processor.py:186} INFO - Started process (PID=44743) to work on /home/ubuntu/airflow-venv/lib/python3.12/site-packages/airflow/example_dags/example_latest_only_with_trigger.py
[2026-02-24T18:04:50.313+0000] {processor.py:914} INFO - Processing file /home/ubuntu/airflow-venv/lib/python3.12/site-packages/airflow/example_dags/example_latest_only_with_trigger.py for tasks to queue
[2026-02-24T18:04:50.314+0000] {logging_mixin.py:190} INFO - [2026-02-24T18:04:50.314+0000] {dagbag.py:588} INFO - Filling up the DagBag from /home/ubuntu/airflow-venv/lib/python3.12/site-packages/airflow/example_dags/example_latest_only_with_trigger.py
[2026-02-24T18:04:50.320+0000] {processor.py:925} INFO - DAG(s) 'latest_only_with_trigger' retrieved from /home/ubuntu/airflow-venv/lib/python3.12/site-packages/airflow/example_dags/example_latest_only_with_trigger.py
[2026-02-24T18:04:50.332+0000] {logging_mixin.py:190} INFO - [2026-02-24T18:04:50.332+0000] {dag.py:3239} INFO - Sync 1 DAGs
[2026-02-24T18:04:50.346+0000] {logging_mixin.py:190} INFO - [2026-02-24T18:04:50.346+0000] {dag.py:4180} INFO - Setting next_dagrun for latest_only_with_trigger to 2026-02-24 12:00:00+00:00, run_after=2026-02-24 16:00:00+00:00
[2026-02-24T18:04:50.461+0000] {processor.py:208} INFO - Processing /home/ubuntu/airflow-venv/lib/python3.12/site-packages/airflow/example_dags/example_latest_only_with_trigger.py took 0.154 seconds
[2026-02-24T18:05:43.831+0000] {processor.py:186} INFO - Started process (PID=44801) to work on /home/ubuntu/airflow-venv/lib/python3.12/site-packages/airflow/example_dags/example_latest_only_with_trigger.py
[2026-02-24T18:05:43.832+0000] {processor.py:914} INFO - Processing file /home/ubuntu/airflow-venv/lib/python3.12/site-packages/airflow/example_dags/example_latest_only_with_trigger.py for tasks to queue
[2026-02-24T18:05:43.834+0000] {logging_mixin.py:190} INFO - [2026-02-24T18:05:43.834+0000] {dagbag.py:588} INFO - Filling up the DagBag from /home/ubuntu/airflow-venv/lib/python3.12/site-packages/airflow/example_dags/example_latest_only_with_trigger.py
[2026-02-24T18:05:43.938+0000] {processor.py:925} INFO - DAG(s) 'latest_only_with_trigger' retrieved from /home/ubuntu/airflow-venv/lib/python3.12/site-packages/airflow/example_dags/example_latest_only_with_trigger.py
[2026-02-24T18:05:43.946+0000] {logging_mixin.py:190} INFO - [2026-02-24T18:05:43.946+0000] {dag.py:3239} INFO - Sync 1 DAGs
[2026-02-24T18:05:43.957+0000] {logging_mixin.py:190} INFO - [2026-02-24T18:05:43.957+0000] {dag.py:4180} INFO - Setting next_dagrun for latest_only_with_trigger to 2026-02-24 12:00:00+00:00, run_after=2026-02-24 16:00:00+00:00
[2026-02-24T18:05:43.973+0000] {processor.py:208} INFO - Processing /home/ubuntu/airflow-venv/lib/python3.12/site-packages/airflow/example_dags/example_latest_only_with_trigger.py took 0.147 seconds
[2026-02-24T18:06:41.103+0000] {processor.py:186} INFO - Started process (PID=44865) to work on /home/ubuntu/airflow-venv/lib/python3.12/site-packages/airflow/example_dags/example_latest_only_with_trigger.py
[2026-02-24T18:06:41.104+0000] {processor.py:914} INFO - Processing file /home/ubuntu/airflow-venv/lib/python3.12/site-packages/airflow/example_dags/example_latest_only_with_trigger.py for tasks to queue
[2026-02-24T18:06:41.106+0000] {logging_mixin.py:190} INFO - [2026-02-24T18:06:41.106+0000] {dagbag.py:588} INFO - Filling up the DagBag from /home/ubuntu/airflow-venv/lib/python3.12/site-packages/airflow/example_dags/example_latest_only_with_trigger.py
[2026-02-24T18:06:41.112+0000] {processor.py:925} INFO - DAG(s) 'latest_only_with_trigger' retrieved from /home/ubuntu/airflow-venv/lib/python3.12/site-packages/airflow/example_dags/example_latest_only_with_trigger.py
[2026-02-24T18:06:41.123+0000] {logging_mixin.py:190} INFO - [2026-02-24T18:06:41.123+0000] {dag.py:3239} INFO - Sync 1 DAGs
[2026-02-24T18:06:41.137+0000] {logging_mixin.py:190} INFO - [2026-02-24T18:06:41.137+0000] {dag.py:4180} INFO - Setting next_dagrun for latest_only_with_trigger to 2026-02-24 12:00:00+00:00, run_after=2026-02-24 16:00:00+00:00
[2026-02-24T18:06:41.155+0000] {processor.py:208} INFO - Processing /home/ubuntu/airflow-venv/lib/python3.12/site-packages/airflow/example_dags/example_latest_only_with_trigger.py took 0.056 seconds
[2026-02-24T18:07:30.864+0000] {processor.py:186} INFO - Started process (PID=44919) to work on /home/ubuntu/airflow-venv/lib/python3.12/site-packages/airflow/example_dags/example_latest_only_with_trigger.py
[2026-02-24T18:07:30.865+0000] {processor.py:914} INFO - Processing file /home/ubuntu/airflow-venv/lib/python3.12/site-packages/airflow/example_dags/example_latest_only_with_trigger.py for tasks to queue
[2026-02-24T18:07:30.866+0000] {logging_mixin.py:190} INFO - [2026-02-24T18:07:30.866+0000] {dagbag.py:588} INFO - Filling up the DagBag from /home/ubuntu/airflow-venv/lib/python3.12/site-packages/airflow/example_dags/example_latest_only_with_trigger.py
[2026-02-24T18:07:30.872+0000] {processor.py:925} INFO - DAG(s) 'latest_only_with_trigger' retrieved from /home/ubuntu/airflow-venv/lib/python3.12/site-packages/airflow/example_dags/example_latest_only_with_trigger.py
[2026-02-24T18:07:30.884+0000] {logging_mixin.py:190} INFO - [2026-02-24T18:07:30.884+0000] {dag.py:3239} INFO - Sync 1 DAGs
[2026-02-24T18:07:30.898+0000] {logging_mixin.py:190} INFO - [2026-02-24T18:07:30.898+0000] {dag.py:4180} INFO - Setting next_dagrun for latest_only_with_trigger to 2026-02-24 12:00:00+00:00, run_after=2026-02-24 16:00:00+00:00
[2026-02-24T18:07:30.916+0000] {processor.py:208} INFO - Processing /home/ubuntu/airflow-venv/lib/python3.12/site-packages/airflow/example_dags/example_latest_only_with_trigger.py took 0.057 seconds
[2026-02-24T18:08:20.394+0000] {processor.py:186} INFO - Started process (PID=44970) to work on /home/ubuntu/airflow-venv/lib/python3.12/site-packages/airflow/example_dags/example_latest_only_with_trigger.py
[2026-02-24T18:08:20.395+0000] {processor.py:914} INFO - Processing file /home/ubuntu/airflow-venv/lib/python3.12/site-packages/airflow/example_dags/example_latest_only_with_trigger.py for tasks to queue
[2026-02-24T18:08:20.397+0000] {logging_mixin.py:190} INFO - [2026-02-24T18:08:20.396+0000] {dagbag.py:588} INFO - Filling up the DagBag from /home/ubuntu/airflow-venv/lib/python3.12/site-packages/airflow/example_dags/example_latest_only_with_trigger.py
[2026-02-24T18:08:20.403+0000] {processor.py:925} INFO - DAG(s) 'latest_only_with_trigger' retrieved from /home/ubuntu/airflow-venv/lib/python3.12/site-packages/airflow/example_dags/example_latest_only_with_trigger.py
[2026-02-24T18:08:20.415+0000] {logging_mixin.py:190} INFO - [2026-02-24T18:08:20.415+0000] {dag.py:3239} INFO - Sync 1 DAGs
[2026-02-24T18:08:20.429+0000] {logging_mixin.py:190} INFO - [2026-02-24T18:08:20.429+0000] {dag.py:4180} INFO - Setting next_dagrun for latest_only_with_trigger to 2026-02-24 12:00:00+00:00, run_after=2026-02-24 16:00:00+00:00
[2026-02-24T18:08:20.447+0000] {processor.py:208} INFO - Processing /home/ubuntu/airflow-venv/lib/python3.12/site-packages/airflow/example_dags/example_latest_only_with_trigger.py took 0.057 seconds
[2026-02-24T18:09:11.201+0000] {processor.py:186} INFO - Started process (PID=45024) to work on /home/ubuntu/airflow-venv/lib/python3.12/site-packages/airflow/example_dags/example_latest_only_with_trigger.py
[2026-02-24T18:09:11.203+0000] {processor.py:914} INFO - Processing file /home/ubuntu/airflow-venv/lib/python3.12/site-packages/airflow/example_dags/example_latest_only_with_trigger.py for tasks to queue
[2026-02-24T18:09:11.204+0000] {logging_mixin.py:190} INFO - [2026-02-24T18:09:11.204+0000] {dagbag.py:588} INFO - Filling up the DagBag from /home/ubuntu/airflow-venv/lib/python3.12/site-packages/airflow/example_dags/example_latest_only_with_trigger.py
[2026-02-24T18:09:11.210+0000] {processor.py:925} INFO - DAG(s) 'latest_only_with_trigger' retrieved from /home/ubuntu/airflow-venv/lib/python3.12/site-packages/airflow/example_dags/example_latest_only_with_trigger.py
[2026-02-24T18:09:11.222+0000] {logging_mixin.py:190} INFO - [2026-02-24T18:09:11.222+0000] {dag.py:3239} INFO - Sync 1 DAGs
[2026-02-24T18:09:11.236+0000] {logging_mixin.py:190} INFO - [2026-02-24T18:09:11.236+0000] {dag.py:4180} INFO - Setting next_dagrun for latest_only_with_trigger to 2026-02-24 12:00:00+00:00, run_after=2026-02-24 16:00:00+00:00
[2026-02-24T18:09:11.254+0000] {processor.py:208} INFO - Processing /home/ubuntu/airflow-venv/lib/python3.12/site-packages/airflow/example_dags/example_latest_only_with_trigger.py took 0.057 seconds
[2026-02-24T18:09:59.714+0000] {processor.py:186} INFO - Started process (PID=45075) to work on /home/ubuntu/airflow-venv/lib/python3.12/site-packages/airflow/example_dags/example_latest_only_with_trigger.py
[2026-02-24T18:09:59.715+0000] {processor.py:914} INFO - Processing file /home/ubuntu/airflow-venv/lib/python3.12/site-packages/airflow/example_dags/example_latest_only_with_trigger.py for tasks to queue
[2026-02-24T18:09:59.717+0000] {logging_mixin.py:190} INFO - [2026-02-24T18:09:59.716+0000] {dagbag.py:588} INFO - Filling up the DagBag from /home/ubuntu/airflow-venv/lib/python3.12/site-packages/airflow/example_dags/example_latest_only_with_trigger.py
[2026-02-24T18:09:59.723+0000] {processor.py:925} INFO - DAG(s) 'latest_only_with_trigger' retrieved from /home/ubuntu/airflow-venv/lib/python3.12/site-packages/airflow/example_dags/example_latest_only_with_trigger.py
[2026-02-24T18:09:59.735+0000] {logging_mixin.py:190} INFO - [2026-02-24T18:09:59.735+0000] {dag.py:3239} INFO - Sync 1 DAGs
[2026-02-24T18:09:59.749+0000] {logging_mixin.py:190} INFO - [2026-02-24T18:09:59.749+0000] {dag.py:4180} INFO - Setting next_dagrun for latest_only_with_trigger to 2026-02-24 12:00:00+00:00, run_after=2026-02-24 16:00:00+00:00
[2026-02-24T18:09:59.767+0000] {processor.py:208} INFO - Processing /home/ubuntu/airflow-venv/lib/python3.12/site-packages/airflow/example_dags/example_latest_only_with_trigger.py took 0.058 seconds
[2026-02-24T18:10:50.044+0000] {processor.py:186} INFO - Started process (PID=45131) to work on /home/ubuntu/airflow-venv/lib/python3.12/site-packages/airflow/example_dags/example_latest_only_with_trigger.py
[2026-02-24T18:10:50.045+0000] {processor.py:914} INFO - Processing file /home/ubuntu/airflow-venv/lib/python3.12/site-packages/airflow/example_dags/example_latest_only_with_trigger.py for tasks to queue
[2026-02-24T18:10:50.047+0000] {logging_mixin.py:190} INFO - [2026-02-24T18:10:50.046+0000] {dagbag.py:588} INFO - Filling up the DagBag from /home/ubuntu/airflow-venv/lib/python3.12/site-packages/airflow/example_dags/example_latest_only_with_trigger.py
[2026-02-24T18:10:50.052+0000] {processor.py:925} INFO - DAG(s) 'latest_only_with_trigger' retrieved from /home/ubuntu/airflow-venv/lib/python3.12/site-packages/airflow/example_dags/example_latest_only_with_trigger.py
[2026-02-24T18:10:50.064+0000] {logging_mixin.py:190} INFO - [2026-02-24T18:10:50.064+0000] {dag.py:3239} INFO - Sync 1 DAGs
[2026-02-24T18:10:50.079+0000] {logging_mixin.py:190} INFO - [2026-02-24T18:10:50.079+0000] {dag.py:4180} INFO - Setting next_dagrun for latest_only_with_trigger to 2026-02-24 12:00:00+00:00, run_after=2026-02-24 16:00:00+00:00
[2026-02-24T18:10:50.096+0000] {processor.py:208} INFO - Processing /home/ubuntu/airflow-venv/lib/python3.12/site-packages/airflow/example_dags/example_latest_only_with_trigger.py took 0.057 seconds
[2026-02-24T18:11:41.783+0000] {processor.py:186} INFO - Started process (PID=45183) to work on /home/ubuntu/airflow-venv/lib/python3.12/site-packages/airflow/example_dags/example_latest_only_with_trigger.py
[2026-02-24T18:11:41.785+0000] {processor.py:914} INFO - Processing file /home/ubuntu/airflow-venv/lib/python3.12/site-packages/airflow/example_dags/example_latest_only_with_trigger.py for tasks to queue
[2026-02-24T18:11:41.786+0000] {logging_mixin.py:190} INFO - [2026-02-24T18:11:41.786+0000] {dagbag.py:588} INFO - Filling up the DagBag from /home/ubuntu/airflow-venv/lib/python3.12/site-packages/airflow/example_dags/example_latest_only_with_trigger.py
[2026-02-24T18:11:41.792+0000] {processor.py:925} INFO - DAG(s) 'latest_only_with_trigger' retrieved from /home/ubuntu/airflow-venv/lib/python3.12/site-packages/airflow/example_dags/example_latest_only_with_trigger.py
[2026-02-24T18:11:41.804+0000] {logging_mixin.py:190} INFO - [2026-02-24T18:11:41.804+0000] {dag.py:3239} INFO - Sync 1 DAGs
[2026-02-24T18:11:41.819+0000] {logging_mixin.py:190} INFO - [2026-02-24T18:11:41.819+0000] {dag.py:4180} INFO - Setting next_dagrun for latest_only_with_trigger to 2026-02-24 12:00:00+00:00, run_after=2026-02-24 16:00:00+00:00
[2026-02-24T18:11:41.837+0000] {processor.py:208} INFO - Processing /home/ubuntu/airflow-venv/lib/python3.12/site-packages/airflow/example_dags/example_latest_only_with_trigger.py took 0.058 seconds
[2026-02-24T18:12:33.460+0000] {processor.py:186} INFO - Started process (PID=45237) to work on /home/ubuntu/airflow-venv/lib/python3.12/site-packages/airflow/example_dags/example_latest_only_with_trigger.py
[2026-02-24T18:12:33.461+0000] {processor.py:914} INFO - Processing file /home/ubuntu/airflow-venv/lib/python3.12/site-packages/airflow/example_dags/example_latest_only_with_trigger.py for tasks to queue
[2026-02-24T18:12:33.463+0000] {logging_mixin.py:190} INFO - [2026-02-24T18:12:33.462+0000] {dagbag.py:588} INFO - Filling up the DagBag from /home/ubuntu/airflow-venv/lib/python3.12/site-packages/airflow/example_dags/example_latest_only_with_trigger.py
[2026-02-24T18:12:33.468+0000] {processor.py:925} INFO - DAG(s) 'latest_only_with_trigger' retrieved from /home/ubuntu/airflow-venv/lib/python3.12/site-packages/airflow/example_dags/example_latest_only_with_trigger.py
[2026-02-24T18:12:33.480+0000] {logging_mixin.py:190} INFO - [2026-02-24T18:12:33.480+0000] {dag.py:3239} INFO - Sync 1 DAGs
[2026-02-24T18:12:33.494+0000] {logging_mixin.py:190} INFO - [2026-02-24T18:12:33.494+0000] {dag.py:4180} INFO - Setting next_dagrun for latest_only_with_trigger to 2026-02-24 12:00:00+00:00, run_after=2026-02-24 16:00:00+00:00
[2026-02-24T18:12:33.512+0000] {processor.py:208} INFO - Processing /home/ubuntu/airflow-venv/lib/python3.12/site-packages/airflow/example_dags/example_latest_only_with_trigger.py took 0.057 seconds
[2026-02-24T18:13:22.990+0000] {processor.py:186} INFO - Started process (PID=45291) to work on /home/ubuntu/airflow-venv/lib/python3.12/site-packages/airflow/example_dags/example_latest_only_with_trigger.py
[2026-02-24T18:13:22.992+0000] {processor.py:914} INFO - Processing file /home/ubuntu/airflow-venv/lib/python3.12/site-packages/airflow/example_dags/example_latest_only_with_trigger.py for tasks to queue
[2026-02-24T18:13:22.993+0000] {logging_mixin.py:190} INFO - [2026-02-24T18:13:22.993+0000] {dagbag.py:588} INFO - Filling up the DagBag from /home/ubuntu/airflow-venv/lib/python3.12/site-packages/airflow/example_dags/example_latest_only_with_trigger.py
[2026-02-24T18:13:22.999+0000] {processor.py:925} INFO - DAG(s) 'latest_only_with_trigger' retrieved from /home/ubuntu/airflow-venv/lib/python3.12/site-packages/airflow/example_dags/example_latest_only_with_trigger.py
[2026-02-24T18:13:23.012+0000] {logging_mixin.py:190} INFO - [2026-02-24T18:13:23.011+0000] {dag.py:3239} INFO - Sync 1 DAGs
[2026-02-24T18:13:23.026+0000] {logging_mixin.py:190} INFO - [2026-02-24T18:13:23.026+0000] {dag.py:4180} INFO - Setting next_dagrun for latest_only_with_trigger to 2026-02-24 12:00:00+00:00, run_after=2026-02-24 16:00:00+00:00
[2026-02-24T18:13:23.044+0000] {processor.py:208} INFO - Processing /home/ubuntu/airflow-venv/lib/python3.12/site-packages/airflow/example_dags/example_latest_only_with_trigger.py took 0.058 seconds
[2026-02-24T18:14:12.584+0000] {processor.py:186} INFO - Started process (PID=45341) to work on /home/ubuntu/airflow-venv/lib/python3.12/site-packages/airflow/example_dags/example_latest_only_with_trigger.py
[2026-02-24T18:14:12.586+0000] {processor.py:914} INFO - Processing file /home/ubuntu/airflow-venv/lib/python3.12/site-packages/airflow/example_dags/example_latest_only_with_trigger.py for tasks to queue
[2026-02-24T18:14:12.587+0000] {logging_mixin.py:190} INFO - [2026-02-24T18:14:12.587+0000] {dagbag.py:588} INFO - Filling up the DagBag from /home/ubuntu/airflow-venv/lib/python3.12/site-packages/airflow/example_dags/example_latest_only_with_trigger.py
[2026-02-24T18:14:12.593+0000] {processor.py:925} INFO - DAG(s) 'latest_only_with_trigger' retrieved from /home/ubuntu/airflow-venv/lib/python3.12/site-packages/airflow/example_dags/example_latest_only_with_trigger.py
[2026-02-24T18:14:12.605+0000] {logging_mixin.py:190} INFO - [2026-02-24T18:14:12.605+0000] {dag.py:3239} INFO - Sync 1 DAGs
[2026-02-24T18:14:12.619+0000] {logging_mixin.py:190} INFO - [2026-02-24T18:14:12.619+0000] {dag.py:4180} INFO - Setting next_dagrun for latest_only_with_trigger to 2026-02-24 12:00:00+00:00, run_after=2026-02-24 16:00:00+00:00
[2026-02-24T18:14:12.637+0000] {processor.py:208} INFO - Processing /home/ubuntu/airflow-venv/lib/python3.12/site-packages/airflow/example_dags/example_latest_only_with_trigger.py took 0.057 seconds
[2026-02-24T18:15:02.326+0000] {processor.py:186} INFO - Started process (PID=45396) to work on /home/ubuntu/airflow-venv/lib/python3.12/site-packages/airflow/example_dags/example_latest_only_with_trigger.py
[2026-02-24T18:15:02.328+0000] {processor.py:914} INFO - Processing file /home/ubuntu/airflow-venv/lib/python3.12/site-packages/airflow/example_dags/example_latest_only_with_trigger.py for tasks to queue
[2026-02-24T18:15:02.329+0000] {logging_mixin.py:190} INFO - [2026-02-24T18:15:02.329+0000] {dagbag.py:588} INFO - Filling up the DagBag from /home/ubuntu/airflow-venv/lib/python3.12/site-packages/airflow/example_dags/example_latest_only_with_trigger.py
[2026-02-24T18:15:02.335+0000] {processor.py:925} INFO - DAG(s) 'latest_only_with_trigger' retrieved from /home/ubuntu/airflow-venv/lib/python3.12/site-packages/airflow/example_dags/example_latest_only_with_trigger.py
[2026-02-24T18:15:02.347+0000] {logging_mixin.py:190} INFO - [2026-02-24T18:15:02.347+0000] {dag.py:3239} INFO - Sync 1 DAGs
[2026-02-24T18:15:02.362+0000] {logging_mixin.py:190} INFO - [2026-02-24T18:15:02.362+0000] {dag.py:4180} INFO - Setting next_dagrun for latest_only_with_trigger to 2026-02-24 12:00:00+00:00, run_after=2026-02-24 16:00:00+00:00
[2026-02-24T18:15:02.381+0000] {processor.py:208} INFO - Processing /home/ubuntu/airflow-venv/lib/python3.12/site-packages/airflow/example_dags/example_latest_only_with_trigger.py took 0.059 seconds
[2026-02-24T18:15:53.321+0000] {processor.py:186} INFO - Started process (PID=45450) to work on /home/ubuntu/airflow-venv/lib/python3.12/site-packages/airflow/example_dags/example_latest_only_with_trigger.py
[2026-02-24T18:15:53.323+0000] {processor.py:914} INFO - Processing file /home/ubuntu/airflow-venv/lib/python3.12/site-packages/airflow/example_dags/example_latest_only_with_trigger.py for tasks to queue
[2026-02-24T18:15:53.324+0000] {logging_mixin.py:190} INFO - [2026-02-24T18:15:53.324+0000] {dagbag.py:588} INFO - Filling up the DagBag from /home/ubuntu/airflow-venv/lib/python3.12/site-packages/airflow/example_dags/example_latest_only_with_trigger.py
[2026-02-24T18:15:53.330+0000] {processor.py:925} INFO - DAG(s) 'latest_only_with_trigger' retrieved from /home/ubuntu/airflow-venv/lib/python3.12/site-packages/airflow/example_dags/example_latest_only_with_trigger.py
[2026-02-24T18:15:53.342+0000] {logging_mixin.py:190} INFO - [2026-02-24T18:15:53.341+0000] {dag.py:3239} INFO - Sync 1 DAGs
[2026-02-24T18:15:53.357+0000] {logging_mixin.py:190} INFO - [2026-02-24T18:15:53.356+0000] {dag.py:4180} INFO - Setting next_dagrun for latest_only_with_trigger to 2026-02-24 12:00:00+00:00, run_after=2026-02-24 16:00:00+00:00
[2026-02-24T18:15:53.375+0000] {processor.py:208} INFO - Processing /home/ubuntu/airflow-venv/lib/python3.12/site-packages/airflow/example_dags/example_latest_only_with_trigger.py took 0.057 seconds
[2026-02-24T18:16:43.345+0000] {processor.py:186} INFO - Started process (PID=45503) to work on /home/ubuntu/airflow-venv/lib/python3.12/site-packages/airflow/example_dags/example_latest_only_with_trigger.py
[2026-02-24T18:16:43.347+0000] {processor.py:914} INFO - Processing file /home/ubuntu/airflow-venv/lib/python3.12/site-packages/airflow/example_dags/example_latest_only_with_trigger.py for tasks to queue
[2026-02-24T18:16:43.348+0000] {logging_mixin.py:190} INFO - [2026-02-24T18:16:43.348+0000] {dagbag.py:588} INFO - Filling up the DagBag from /home/ubuntu/airflow-venv/lib/python3.12/site-packages/airflow/example_dags/example_latest_only_with_trigger.py
[2026-02-24T18:16:43.354+0000] {processor.py:925} INFO - DAG(s) 'latest_only_with_trigger' retrieved from /home/ubuntu/airflow-venv/lib/python3.12/site-packages/airflow/example_dags/example_latest_only_with_trigger.py
[2026-02-24T18:16:43.366+0000] {logging_mixin.py:190} INFO - [2026-02-24T18:16:43.366+0000] {dag.py:3239} INFO - Sync 1 DAGs
[2026-02-24T18:16:43.381+0000] {logging_mixin.py:190} INFO - [2026-02-24T18:16:43.381+0000] {dag.py:4180} INFO - Setting next_dagrun for latest_only_with_trigger to 2026-02-24 12:00:00+00:00, run_after=2026-02-24 16:00:00+00:00
[2026-02-24T18:16:43.399+0000] {processor.py:208} INFO - Processing /home/ubuntu/airflow-venv/lib/python3.12/site-packages/airflow/example_dags/example_latest_only_with_trigger.py took 0.058 seconds
[2026-02-24T18:17:34.531+0000] {processor.py:186} INFO - Started process (PID=45559) to work on /home/ubuntu/airflow-venv/lib/python3.12/site-packages/airflow/example_dags/example_latest_only_with_trigger.py
[2026-02-24T18:17:34.532+0000] {processor.py:914} INFO - Processing file /home/ubuntu/airflow-venv/lib/python3.12/site-packages/airflow/example_dags/example_latest_only_with_trigger.py for tasks to queue
[2026-02-24T18:17:34.534+0000] {logging_mixin.py:190} INFO - [2026-02-24T18:17:34.533+0000] {dagbag.py:588} INFO - Filling up the DagBag from /home/ubuntu/airflow-venv/lib/python3.12/site-packages/airflow/example_dags/example_latest_only_with_trigger.py
[2026-02-24T18:17:34.540+0000] {processor.py:925} INFO - DAG(s) 'latest_only_with_trigger' retrieved from /home/ubuntu/airflow-venv/lib/python3.12/site-packages/airflow/example_dags/example_latest_only_with_trigger.py
[2026-02-24T18:17:34.551+0000] {logging_mixin.py:190} INFO - [2026-02-24T18:17:34.551+0000] {dag.py:3239} INFO - Sync 1 DAGs
[2026-02-24T18:17:34.566+0000] {logging_mixin.py:190} INFO - [2026-02-24T18:17:34.566+0000] {dag.py:4180} INFO - Setting next_dagrun for latest_only_with_trigger to 2026-02-24 12:00:00+00:00, run_after=2026-02-24 16:00:00+00:00
[2026-02-24T18:17:34.585+0000] {processor.py:208} INFO - Processing /home/ubuntu/airflow-venv/lib/python3.12/site-packages/airflow/example_dags/example_latest_only_with_trigger.py took 0.058 seconds
[2026-02-24T18:18:28.046+0000] {processor.py:186} INFO - Started process (PID=45615) to work on /home/ubuntu/airflow-venv/lib/python3.12/site-packages/airflow/example_dags/example_latest_only_with_trigger.py
[2026-02-24T18:18:28.047+0000] {processor.py:914} INFO - Processing file /home/ubuntu/airflow-venv/lib/python3.12/site-packages/airflow/example_dags/example_latest_only_with_trigger.py for tasks to queue
[2026-02-24T18:18:28.048+0000] {logging_mixin.py:190} INFO - [2026-02-24T18:18:28.048+0000] {dagbag.py:588} INFO - Filling up the DagBag from /home/ubuntu/airflow-venv/lib/python3.12/site-packages/airflow/example_dags/example_latest_only_with_trigger.py
[2026-02-24T18:18:28.054+0000] {processor.py:925} INFO - DAG(s) 'latest_only_with_trigger' retrieved from /home/ubuntu/airflow-venv/lib/python3.12/site-packages/airflow/example_dags/example_latest_only_with_trigger.py
[2026-02-24T18:18:28.066+0000] {logging_mixin.py:190} INFO - [2026-02-24T18:18:28.066+0000] {dag.py:3239} INFO - Sync 1 DAGs
[2026-02-24T18:18:28.080+0000] {logging_mixin.py:190} INFO - [2026-02-24T18:18:28.080+0000] {dag.py:4180} INFO - Setting next_dagrun for latest_only_with_trigger to 2026-02-24 12:00:00+00:00, run_after=2026-02-24 16:00:00+00:00
[2026-02-24T18:18:28.098+0000] {processor.py:208} INFO - Processing /home/ubuntu/airflow-venv/lib/python3.12/site-packages/airflow/example_dags/example_latest_only_with_trigger.py took 0.057 seconds
[2026-02-24T18:19:17.578+0000] {processor.py:186} INFO - Started process (PID=45666) to work on /home/ubuntu/airflow-venv/lib/python3.12/site-packages/airflow/example_dags/example_latest_only_with_trigger.py
[2026-02-24T18:19:17.579+0000] {processor.py:914} INFO - Processing file /home/ubuntu/airflow-venv/lib/python3.12/site-packages/airflow/example_dags/example_latest_only_with_trigger.py for tasks to queue
[2026-02-24T18:19:17.581+0000] {logging_mixin.py:190} INFO - [2026-02-24T18:19:17.580+0000] {dagbag.py:588} INFO - Filling up the DagBag from /home/ubuntu/airflow-venv/lib/python3.12/site-packages/airflow/example_dags/example_latest_only_with_trigger.py
[2026-02-24T18:19:17.586+0000] {processor.py:925} INFO - DAG(s) 'latest_only_with_trigger' retrieved from /home/ubuntu/airflow-venv/lib/python3.12/site-packages/airflow/example_dags/example_latest_only_with_trigger.py
[2026-02-24T18:19:17.598+0000] {logging_mixin.py:190} INFO - [2026-02-24T18:19:17.598+0000] {dag.py:3239} INFO - Sync 1 DAGs
[2026-02-24T18:19:17.612+0000] {logging_mixin.py:190} INFO - [2026-02-24T18:19:17.612+0000] {dag.py:4180} INFO - Setting next_dagrun for latest_only_with_trigger to 2026-02-24 12:00:00+00:00, run_after=2026-02-24 16:00:00+00:00
[2026-02-24T18:19:17.630+0000] {processor.py:208} INFO - Processing /home/ubuntu/airflow-venv/lib/python3.12/site-packages/airflow/example_dags/example_latest_only_with_trigger.py took 0.057 seconds
[2026-02-24T18:20:10.454+0000] {processor.py:186} INFO - Started process (PID=45721) to work on /home/ubuntu/airflow-venv/lib/python3.12/site-packages/airflow/example_dags/example_latest_only_with_trigger.py
[2026-02-24T18:20:10.455+0000] {processor.py:914} INFO - Processing file /home/ubuntu/airflow-venv/lib/python3.12/site-packages/airflow/example_dags/example_latest_only_with_trigger.py for tasks to queue
[2026-02-24T18:20:10.457+0000] {logging_mixin.py:190} INFO - [2026-02-24T18:20:10.457+0000] {dagbag.py:588} INFO - Filling up the DagBag from /home/ubuntu/airflow-venv/lib/python3.12/site-packages/airflow/example_dags/example_latest_only_with_trigger.py
[2026-02-24T18:20:10.463+0000] {processor.py:925} INFO - DAG(s) 'latest_only_with_trigger' retrieved from /home/ubuntu/airflow-venv/lib/python3.12/site-packages/airflow/example_dags/example_latest_only_with_trigger.py
[2026-02-24T18:20:10.475+0000] {logging_mixin.py:190} INFO - [2026-02-24T18:20:10.474+0000] {dag.py:3239} INFO - Sync 1 DAGs
[2026-02-24T18:20:10.490+0000] {logging_mixin.py:190} INFO - [2026-02-24T18:20:10.489+0000] {dag.py:4180} INFO - Setting next_dagrun for latest_only_with_trigger to 2026-02-24 12:00:00+00:00, run_after=2026-02-24 16:00:00+00:00
[2026-02-24T18:20:10.508+0000] {processor.py:208} INFO - Processing /home/ubuntu/airflow-venv/lib/python3.12/site-packages/airflow/example_dags/example_latest_only_with_trigger.py took 0.059 seconds
