[2026-02-24T17:59:42.875+0000] {processor.py:186} INFO - Started process (PID=43678) to work on /home/ubuntu/airflow-venv/lib/python3.12/site-packages/airflow/example_dags/example_dag_decorator.py
[2026-02-24T17:59:42.876+0000] {processor.py:914} INFO - Processing file /home/ubuntu/airflow-venv/lib/python3.12/site-packages/airflow/example_dags/example_dag_decorator.py for tasks to queue
[2026-02-24T17:59:42.878+0000] {logging_mixin.py:190} INFO - [2026-02-24T17:59:42.877+0000] {dagbag.py:588} INFO - Filling up the DagBag from /home/ubuntu/airflow-venv/lib/python3.12/site-packages/airflow/example_dags/example_dag_decorator.py
[2026-02-24T17:59:42.886+0000] {processor.py:925} INFO - DAG(s) 'example_dag_decorator' retrieved from /home/ubuntu/airflow-venv/lib/python3.12/site-packages/airflow/example_dags/example_dag_decorator.py
[2026-02-24T17:59:42.966+0000] {logging_mixin.py:190} INFO - [2026-02-24T17:59:42.965+0000] {override.py:1900} INFO - Created Permission View: can edit on DAG:example_dag_decorator
[2026-02-24T17:59:42.977+0000] {logging_mixin.py:190} INFO - [2026-02-24T17:59:42.977+0000] {override.py:1900} INFO - Created Permission View: can delete on DAG:example_dag_decorator
[2026-02-24T17:59:42.986+0000] {logging_mixin.py:190} INFO - [2026-02-24T17:59:42.986+0000] {override.py:1900} INFO - Created Permission View: can read on DAG:example_dag_decorator
[2026-02-24T17:59:43.001+0000] {logging_mixin.py:190} INFO - [2026-02-24T17:59:43.001+0000] {override.py:1900} INFO - Created Permission View: can delete on DAG Run:example_dag_decorator
[2026-02-24T17:59:43.010+0000] {logging_mixin.py:190} INFO - [2026-02-24T17:59:43.010+0000] {override.py:1900} INFO - Created Permission View: menu access on DAG Run:example_dag_decorator
[2026-02-24T17:59:43.019+0000] {logging_mixin.py:190} INFO - [2026-02-24T17:59:43.019+0000] {override.py:1900} INFO - Created Permission View: can create on DAG Run:example_dag_decorator
[2026-02-24T17:59:43.028+0000] {logging_mixin.py:190} INFO - [2026-02-24T17:59:43.028+0000] {override.py:1900} INFO - Created Permission View: can read on DAG Run:example_dag_decorator
[2026-02-24T17:59:43.028+0000] {logging_mixin.py:190} INFO - [2026-02-24T17:59:43.028+0000] {dag.py:3239} INFO - Sync 1 DAGs
[2026-02-24T17:59:43.036+0000] {logging_mixin.py:190} INFO - [2026-02-24T17:59:43.036+0000] {dag.py:3262} INFO - Creating ORM DAG for example_dag_decorator
[2026-02-24T17:59:43.036+0000] {logging_mixin.py:190} INFO - [2026-02-24T17:59:43.036+0000] {dag.py:4180} INFO - Setting next_dagrun for example_dag_decorator to None, run_after=None
[2026-02-24T17:59:43.054+0000] {processor.py:208} INFO - Processing /home/ubuntu/airflow-venv/lib/python3.12/site-packages/airflow/example_dags/example_dag_decorator.py took 0.182 seconds
[2026-02-24T18:00:37.141+0000] {processor.py:186} INFO - Started process (PID=43740) to work on /home/ubuntu/airflow-venv/lib/python3.12/site-packages/airflow/example_dags/example_dag_decorator.py
[2026-02-24T18:00:37.143+0000] {processor.py:914} INFO - Processing file /home/ubuntu/airflow-venv/lib/python3.12/site-packages/airflow/example_dags/example_dag_decorator.py for tasks to queue
[2026-02-24T18:00:37.144+0000] {logging_mixin.py:190} INFO - [2026-02-24T18:00:37.144+0000] {dagbag.py:588} INFO - Filling up the DagBag from /home/ubuntu/airflow-venv/lib/python3.12/site-packages/airflow/example_dags/example_dag_decorator.py
[2026-02-24T18:00:37.153+0000] {processor.py:925} INFO - DAG(s) 'example_dag_decorator' retrieved from /home/ubuntu/airflow-venv/lib/python3.12/site-packages/airflow/example_dags/example_dag_decorator.py
[2026-02-24T18:00:37.168+0000] {logging_mixin.py:190} INFO - [2026-02-24T18:00:37.167+0000] {dag.py:3239} INFO - Sync 1 DAGs
[2026-02-24T18:00:37.177+0000] {logging_mixin.py:190} INFO - [2026-02-24T18:00:37.177+0000] {dag.py:4180} INFO - Setting next_dagrun for example_dag_decorator to None, run_after=None
[2026-02-24T18:00:37.196+0000] {processor.py:208} INFO - Processing /home/ubuntu/airflow-venv/lib/python3.12/site-packages/airflow/example_dags/example_dag_decorator.py took 0.059 seconds
[2026-02-24T18:01:33.084+0000] {processor.py:186} INFO - Started process (PID=43799) to work on /home/ubuntu/airflow-venv/lib/python3.12/site-packages/airflow/example_dags/example_dag_decorator.py
[2026-02-24T18:01:33.085+0000] {processor.py:914} INFO - Processing file /home/ubuntu/airflow-venv/lib/python3.12/site-packages/airflow/example_dags/example_dag_decorator.py for tasks to queue
[2026-02-24T18:01:33.086+0000] {logging_mixin.py:190} INFO - [2026-02-24T18:01:33.086+0000] {dagbag.py:588} INFO - Filling up the DagBag from /home/ubuntu/airflow-venv/lib/python3.12/site-packages/airflow/example_dags/example_dag_decorator.py
[2026-02-24T18:01:33.095+0000] {processor.py:925} INFO - DAG(s) 'example_dag_decorator' retrieved from /home/ubuntu/airflow-venv/lib/python3.12/site-packages/airflow/example_dags/example_dag_decorator.py
[2026-02-24T18:01:33.160+0000] {logging_mixin.py:190} INFO - [2026-02-24T18:01:33.160+0000] {dag.py:3239} INFO - Sync 1 DAGs
[2026-02-24T18:01:33.167+0000] {logging_mixin.py:190} INFO - [2026-02-24T18:01:33.167+0000] {dag.py:4180} INFO - Setting next_dagrun for example_dag_decorator to None, run_after=None
[2026-02-24T18:01:33.186+0000] {processor.py:208} INFO - Processing /home/ubuntu/airflow-venv/lib/python3.12/site-packages/airflow/example_dags/example_dag_decorator.py took 0.106 seconds
[2026-02-24T18:02:51.282+0000] {processor.py:186} INFO - Started process (PID=44250) to work on /home/ubuntu/airflow-venv/lib/python3.12/site-packages/airflow/example_dags/example_dag_decorator.py
[2026-02-24T18:02:51.283+0000] {processor.py:914} INFO - Processing file /home/ubuntu/airflow-venv/lib/python3.12/site-packages/airflow/example_dags/example_dag_decorator.py for tasks to queue
[2026-02-24T18:02:51.285+0000] {logging_mixin.py:190} INFO - [2026-02-24T18:02:51.284+0000] {dagbag.py:588} INFO - Filling up the DagBag from /home/ubuntu/airflow-venv/lib/python3.12/site-packages/airflow/example_dags/example_dag_decorator.py
[2026-02-24T18:02:51.293+0000] {processor.py:925} INFO - DAG(s) 'example_dag_decorator' retrieved from /home/ubuntu/airflow-venv/lib/python3.12/site-packages/airflow/example_dags/example_dag_decorator.py
[2026-02-24T18:02:51.359+0000] {logging_mixin.py:190} INFO - [2026-02-24T18:02:51.359+0000] {dag.py:3239} INFO - Sync 1 DAGs
[2026-02-24T18:02:51.366+0000] {logging_mixin.py:190} INFO - [2026-02-24T18:02:51.366+0000] {dag.py:4180} INFO - Setting next_dagrun for example_dag_decorator to None, run_after=None
[2026-02-24T18:02:51.383+0000] {processor.py:208} INFO - Processing /home/ubuntu/airflow-venv/lib/python3.12/site-packages/airflow/example_dags/example_dag_decorator.py took 0.106 seconds
[2026-02-24T18:03:44.547+0000] {processor.py:186} INFO - Started process (PID=44308) to work on /home/ubuntu/airflow-venv/lib/python3.12/site-packages/airflow/example_dags/example_dag_decorator.py
[2026-02-24T18:03:44.548+0000] {processor.py:914} INFO - Processing file /home/ubuntu/airflow-venv/lib/python3.12/site-packages/airflow/example_dags/example_dag_decorator.py for tasks to queue
[2026-02-24T18:03:44.550+0000] {logging_mixin.py:190} INFO - [2026-02-24T18:03:44.550+0000] {dagbag.py:588} INFO - Filling up the DagBag from /home/ubuntu/airflow-venv/lib/python3.12/site-packages/airflow/example_dags/example_dag_decorator.py
[2026-02-24T18:03:44.559+0000] {processor.py:925} INFO - DAG(s) 'example_dag_decorator' retrieved from /home/ubuntu/airflow-venv/lib/python3.12/site-packages/airflow/example_dags/example_dag_decorator.py
[2026-02-24T18:03:44.626+0000] {logging_mixin.py:190} INFO - [2026-02-24T18:03:44.626+0000] {dag.py:3239} INFO - Sync 1 DAGs
[2026-02-24T18:03:44.717+0000] {logging_mixin.py:190} INFO - [2026-02-24T18:03:44.717+0000] {dag.py:4180} INFO - Setting next_dagrun for example_dag_decorator to None, run_after=None
[2026-02-24T18:03:44.734+0000] {processor.py:208} INFO - Processing /home/ubuntu/airflow-venv/lib/python3.12/site-packages/airflow/example_dags/example_dag_decorator.py took 0.191 seconds
[2026-02-24T18:04:56.073+0000] {processor.py:186} INFO - Started process (PID=44749) to work on /home/ubuntu/airflow-venv/lib/python3.12/site-packages/airflow/example_dags/example_dag_decorator.py
[2026-02-24T18:04:56.074+0000] {processor.py:914} INFO - Processing file /home/ubuntu/airflow-venv/lib/python3.12/site-packages/airflow/example_dags/example_dag_decorator.py for tasks to queue
[2026-02-24T18:04:56.076+0000] {logging_mixin.py:190} INFO - [2026-02-24T18:04:56.075+0000] {dagbag.py:588} INFO - Filling up the DagBag from /home/ubuntu/airflow-venv/lib/python3.12/site-packages/airflow/example_dags/example_dag_decorator.py
[2026-02-24T18:04:56.084+0000] {processor.py:925} INFO - DAG(s) 'example_dag_decorator' retrieved from /home/ubuntu/airflow-venv/lib/python3.12/site-packages/airflow/example_dags/example_dag_decorator.py
[2026-02-24T18:04:56.244+0000] {logging_mixin.py:190} INFO - [2026-02-24T18:04:56.244+0000] {dag.py:3239} INFO - Sync 1 DAGs
[2026-02-24T18:04:56.251+0000] {logging_mixin.py:190} INFO - [2026-02-24T18:04:56.251+0000] {dag.py:4180} INFO - Setting next_dagrun for example_dag_decorator to None, run_after=None
[2026-02-24T18:04:56.268+0000] {processor.py:208} INFO - Processing /home/ubuntu/airflow-venv/lib/python3.12/site-packages/airflow/example_dags/example_dag_decorator.py took 0.199 seconds
[2026-02-24T18:05:52.070+0000] {processor.py:186} INFO - Started process (PID=44810) to work on /home/ubuntu/airflow-venv/lib/python3.12/site-packages/airflow/example_dags/example_dag_decorator.py
[2026-02-24T18:05:52.071+0000] {processor.py:914} INFO - Processing file /home/ubuntu/airflow-venv/lib/python3.12/site-packages/airflow/example_dags/example_dag_decorator.py for tasks to queue
[2026-02-24T18:05:52.073+0000] {logging_mixin.py:190} INFO - [2026-02-24T18:05:52.073+0000] {dagbag.py:588} INFO - Filling up the DagBag from /home/ubuntu/airflow-venv/lib/python3.12/site-packages/airflow/example_dags/example_dag_decorator.py
[2026-02-24T18:05:52.082+0000] {processor.py:925} INFO - DAG(s) 'example_dag_decorator' retrieved from /home/ubuntu/airflow-venv/lib/python3.12/site-packages/airflow/example_dags/example_dag_decorator.py
[2026-02-24T18:05:52.096+0000] {logging_mixin.py:190} INFO - [2026-02-24T18:05:52.096+0000] {dag.py:3239} INFO - Sync 1 DAGs
[2026-02-24T18:05:52.105+0000] {logging_mixin.py:190} INFO - [2026-02-24T18:05:52.105+0000] {dag.py:4180} INFO - Setting next_dagrun for example_dag_decorator to None, run_after=None
[2026-02-24T18:05:52.124+0000] {processor.py:208} INFO - Processing /home/ubuntu/airflow-venv/lib/python3.12/site-packages/airflow/example_dags/example_dag_decorator.py took 0.058 seconds
[2026-02-24T18:06:49.201+0000] {processor.py:186} INFO - Started process (PID=44873) to work on /home/ubuntu/airflow-venv/lib/python3.12/site-packages/airflow/example_dags/example_dag_decorator.py
[2026-02-24T18:06:49.203+0000] {processor.py:914} INFO - Processing file /home/ubuntu/airflow-venv/lib/python3.12/site-packages/airflow/example_dags/example_dag_decorator.py for tasks to queue
[2026-02-24T18:06:49.204+0000] {logging_mixin.py:190} INFO - [2026-02-24T18:06:49.204+0000] {dagbag.py:588} INFO - Filling up the DagBag from /home/ubuntu/airflow-venv/lib/python3.12/site-packages/airflow/example_dags/example_dag_decorator.py
[2026-02-24T18:06:49.213+0000] {processor.py:925} INFO - DAG(s) 'example_dag_decorator' retrieved from /home/ubuntu/airflow-venv/lib/python3.12/site-packages/airflow/example_dags/example_dag_decorator.py
[2026-02-24T18:06:49.281+0000] {logging_mixin.py:190} INFO - [2026-02-24T18:06:49.281+0000] {dag.py:3239} INFO - Sync 1 DAGs
[2026-02-24T18:06:49.288+0000] {logging_mixin.py:190} INFO - [2026-02-24T18:06:49.288+0000] {dag.py:4180} INFO - Setting next_dagrun for example_dag_decorator to None, run_after=None
[2026-02-24T18:06:49.307+0000] {processor.py:208} INFO - Processing /home/ubuntu/airflow-venv/lib/python3.12/site-packages/airflow/example_dags/example_dag_decorator.py took 0.109 seconds
[2026-02-24T18:08:02.391+0000] {processor.py:186} INFO - Started process (PID=44951) to work on /home/ubuntu/airflow-venv/lib/python3.12/site-packages/airflow/example_dags/example_dag_decorator.py
[2026-02-24T18:08:02.393+0000] {processor.py:914} INFO - Processing file /home/ubuntu/airflow-venv/lib/python3.12/site-packages/airflow/example_dags/example_dag_decorator.py for tasks to queue
[2026-02-24T18:08:02.394+0000] {logging_mixin.py:190} INFO - [2026-02-24T18:08:02.394+0000] {dagbag.py:588} INFO - Filling up the DagBag from /home/ubuntu/airflow-venv/lib/python3.12/site-packages/airflow/example_dags/example_dag_decorator.py
[2026-02-24T18:08:02.404+0000] {processor.py:925} INFO - DAG(s) 'example_dag_decorator' retrieved from /home/ubuntu/airflow-venv/lib/python3.12/site-packages/airflow/example_dags/example_dag_decorator.py
[2026-02-24T18:08:02.474+0000] {logging_mixin.py:190} INFO - [2026-02-24T18:08:02.474+0000] {dag.py:3239} INFO - Sync 1 DAGs
[2026-02-24T18:08:02.481+0000] {logging_mixin.py:190} INFO - [2026-02-24T18:08:02.481+0000] {dag.py:4180} INFO - Setting next_dagrun for example_dag_decorator to None, run_after=None
[2026-02-24T18:08:02.499+0000] {processor.py:208} INFO - Processing /home/ubuntu/airflow-venv/lib/python3.12/site-packages/airflow/example_dags/example_dag_decorator.py took 0.112 seconds
[2026-02-24T18:09:16.342+0000] {processor.py:186} INFO - Started process (PID=45029) to work on /home/ubuntu/airflow-venv/lib/python3.12/site-packages/airflow/example_dags/example_dag_decorator.py
[2026-02-24T18:09:16.344+0000] {processor.py:914} INFO - Processing file /home/ubuntu/airflow-venv/lib/python3.12/site-packages/airflow/example_dags/example_dag_decorator.py for tasks to queue
[2026-02-24T18:09:16.345+0000] {logging_mixin.py:190} INFO - [2026-02-24T18:09:16.345+0000] {dagbag.py:588} INFO - Filling up the DagBag from /home/ubuntu/airflow-venv/lib/python3.12/site-packages/airflow/example_dags/example_dag_decorator.py
[2026-02-24T18:09:16.354+0000] {processor.py:925} INFO - DAG(s) 'example_dag_decorator' retrieved from /home/ubuntu/airflow-venv/lib/python3.12/site-packages/airflow/example_dags/example_dag_decorator.py
[2026-02-24T18:09:16.418+0000] {logging_mixin.py:190} INFO - [2026-02-24T18:09:16.418+0000] {dag.py:3239} INFO - Sync 1 DAGs
[2026-02-24T18:09:16.425+0000] {logging_mixin.py:190} INFO - [2026-02-24T18:09:16.425+0000] {dag.py:4180} INFO - Setting next_dagrun for example_dag_decorator to None, run_after=None
[2026-02-24T18:09:16.442+0000] {processor.py:208} INFO - Processing /home/ubuntu/airflow-venv/lib/python3.12/site-packages/airflow/example_dags/example_dag_decorator.py took 0.104 seconds
[2026-02-24T18:10:32.246+0000] {processor.py:186} INFO - Started process (PID=45112) to work on /home/ubuntu/airflow-venv/lib/python3.12/site-packages/airflow/example_dags/example_dag_decorator.py
[2026-02-24T18:10:32.247+0000] {processor.py:914} INFO - Processing file /home/ubuntu/airflow-venv/lib/python3.12/site-packages/airflow/example_dags/example_dag_decorator.py for tasks to queue
[2026-02-24T18:10:32.249+0000] {logging_mixin.py:190} INFO - [2026-02-24T18:10:32.249+0000] {dagbag.py:588} INFO - Filling up the DagBag from /home/ubuntu/airflow-venv/lib/python3.12/site-packages/airflow/example_dags/example_dag_decorator.py
[2026-02-24T18:10:32.258+0000] {processor.py:925} INFO - DAG(s) 'example_dag_decorator' retrieved from /home/ubuntu/airflow-venv/lib/python3.12/site-packages/airflow/example_dags/example_dag_decorator.py
[2026-02-24T18:10:32.322+0000] {logging_mixin.py:190} INFO - [2026-02-24T18:10:32.322+0000] {dag.py:3239} INFO - Sync 1 DAGs
[2026-02-24T18:10:32.330+0000] {logging_mixin.py:190} INFO - [2026-02-24T18:10:32.330+0000] {dag.py:4180} INFO - Setting next_dagrun for example_dag_decorator to None, run_after=None
[2026-02-24T18:10:32.347+0000] {processor.py:208} INFO - Processing /home/ubuntu/airflow-venv/lib/python3.12/site-packages/airflow/example_dags/example_dag_decorator.py took 0.105 seconds
[2026-02-24T18:11:49.338+0000] {processor.py:186} INFO - Started process (PID=45192) to work on /home/ubuntu/airflow-venv/lib/python3.12/site-packages/airflow/example_dags/example_dag_decorator.py
[2026-02-24T18:11:49.339+0000] {processor.py:914} INFO - Processing file /home/ubuntu/airflow-venv/lib/python3.12/site-packages/airflow/example_dags/example_dag_decorator.py for tasks to queue
[2026-02-24T18:11:49.341+0000] {logging_mixin.py:190} INFO - [2026-02-24T18:11:49.340+0000] {dagbag.py:588} INFO - Filling up the DagBag from /home/ubuntu/airflow-venv/lib/python3.12/site-packages/airflow/example_dags/example_dag_decorator.py
[2026-02-24T18:11:49.350+0000] {processor.py:925} INFO - DAG(s) 'example_dag_decorator' retrieved from /home/ubuntu/airflow-venv/lib/python3.12/site-packages/airflow/example_dags/example_dag_decorator.py
[2026-02-24T18:11:49.415+0000] {logging_mixin.py:190} INFO - [2026-02-24T18:11:49.414+0000] {dag.py:3239} INFO - Sync 1 DAGs
[2026-02-24T18:11:49.423+0000] {logging_mixin.py:190} INFO - [2026-02-24T18:11:49.423+0000] {dag.py:4180} INFO - Setting next_dagrun for example_dag_decorator to None, run_after=None
[2026-02-24T18:11:49.440+0000] {processor.py:208} INFO - Processing /home/ubuntu/airflow-venv/lib/python3.12/site-packages/airflow/example_dags/example_dag_decorator.py took 0.106 seconds
[2026-02-24T18:13:06.121+0000] {processor.py:186} INFO - Started process (PID=45271) to work on /home/ubuntu/airflow-venv/lib/python3.12/site-packages/airflow/example_dags/example_dag_decorator.py
[2026-02-24T18:13:06.123+0000] {processor.py:914} INFO - Processing file /home/ubuntu/airflow-venv/lib/python3.12/site-packages/airflow/example_dags/example_dag_decorator.py for tasks to queue
[2026-02-24T18:13:06.124+0000] {logging_mixin.py:190} INFO - [2026-02-24T18:13:06.124+0000] {dagbag.py:588} INFO - Filling up the DagBag from /home/ubuntu/airflow-venv/lib/python3.12/site-packages/airflow/example_dags/example_dag_decorator.py
[2026-02-24T18:13:06.134+0000] {processor.py:925} INFO - DAG(s) 'example_dag_decorator' retrieved from /home/ubuntu/airflow-venv/lib/python3.12/site-packages/airflow/example_dags/example_dag_decorator.py
[2026-02-24T18:13:06.200+0000] {logging_mixin.py:190} INFO - [2026-02-24T18:13:06.200+0000] {dag.py:3239} INFO - Sync 1 DAGs
[2026-02-24T18:13:06.209+0000] {logging_mixin.py:190} INFO - [2026-02-24T18:13:06.209+0000] {dag.py:4180} INFO - Setting next_dagrun for example_dag_decorator to None, run_after=None
[2026-02-24T18:13:06.226+0000] {processor.py:208} INFO - Processing /home/ubuntu/airflow-venv/lib/python3.12/site-packages/airflow/example_dags/example_dag_decorator.py took 0.109 seconds
[2026-02-24T18:14:18.332+0000] {processor.py:186} INFO - Started process (PID=45348) to work on /home/ubuntu/airflow-venv/lib/python3.12/site-packages/airflow/example_dags/example_dag_decorator.py
[2026-02-24T18:14:18.333+0000] {processor.py:914} INFO - Processing file /home/ubuntu/airflow-venv/lib/python3.12/site-packages/airflow/example_dags/example_dag_decorator.py for tasks to queue
[2026-02-24T18:14:18.335+0000] {logging_mixin.py:190} INFO - [2026-02-24T18:14:18.334+0000] {dagbag.py:588} INFO - Filling up the DagBag from /home/ubuntu/airflow-venv/lib/python3.12/site-packages/airflow/example_dags/example_dag_decorator.py
[2026-02-24T18:14:18.344+0000] {processor.py:925} INFO - DAG(s) 'example_dag_decorator' retrieved from /home/ubuntu/airflow-venv/lib/python3.12/site-packages/airflow/example_dags/example_dag_decorator.py
[2026-02-24T18:14:18.410+0000] {logging_mixin.py:190} INFO - [2026-02-24T18:14:18.409+0000] {dag.py:3239} INFO - Sync 1 DAGs
[2026-02-24T18:14:18.418+0000] {logging_mixin.py:190} INFO - [2026-02-24T18:14:18.418+0000] {dag.py:4180} INFO - Setting next_dagrun for example_dag_decorator to None, run_after=None
[2026-02-24T18:14:18.435+0000] {processor.py:208} INFO - Processing /home/ubuntu/airflow-venv/lib/python3.12/site-packages/airflow/example_dags/example_dag_decorator.py took 0.108 seconds
[2026-02-24T18:15:34.654+0000] {processor.py:186} INFO - Started process (PID=45430) to work on /home/ubuntu/airflow-venv/lib/python3.12/site-packages/airflow/example_dags/example_dag_decorator.py
[2026-02-24T18:15:34.655+0000] {processor.py:914} INFO - Processing file /home/ubuntu/airflow-venv/lib/python3.12/site-packages/airflow/example_dags/example_dag_decorator.py for tasks to queue
[2026-02-24T18:15:34.657+0000] {logging_mixin.py:190} INFO - [2026-02-24T18:15:34.657+0000] {dagbag.py:588} INFO - Filling up the DagBag from /home/ubuntu/airflow-venv/lib/python3.12/site-packages/airflow/example_dags/example_dag_decorator.py
[2026-02-24T18:15:34.666+0000] {processor.py:925} INFO - DAG(s) 'example_dag_decorator' retrieved from /home/ubuntu/airflow-venv/lib/python3.12/site-packages/airflow/example_dags/example_dag_decorator.py
[2026-02-24T18:15:34.732+0000] {logging_mixin.py:190} INFO - [2026-02-24T18:15:34.731+0000] {dag.py:3239} INFO - Sync 1 DAGs
[2026-02-24T18:15:34.738+0000] {logging_mixin.py:190} INFO - [2026-02-24T18:15:34.738+0000] {dag.py:4180} INFO - Setting next_dagrun for example_dag_decorator to None, run_after=None
[2026-02-24T18:15:34.755+0000] {processor.py:208} INFO - Processing /home/ubuntu/airflow-venv/lib/python3.12/site-packages/airflow/example_dags/example_dag_decorator.py took 0.105 seconds
[2026-02-24T18:16:48.487+0000] {processor.py:186} INFO - Started process (PID=45509) to work on /home/ubuntu/airflow-venv/lib/python3.12/site-packages/airflow/example_dags/example_dag_decorator.py
[2026-02-24T18:16:48.488+0000] {processor.py:914} INFO - Processing file /home/ubuntu/airflow-venv/lib/python3.12/site-packages/airflow/example_dags/example_dag_decorator.py for tasks to queue
[2026-02-24T18:16:48.490+0000] {logging_mixin.py:190} INFO - [2026-02-24T18:16:48.490+0000] {dagbag.py:588} INFO - Filling up the DagBag from /home/ubuntu/airflow-venv/lib/python3.12/site-packages/airflow/example_dags/example_dag_decorator.py
[2026-02-24T18:16:48.499+0000] {processor.py:925} INFO - DAG(s) 'example_dag_decorator' retrieved from /home/ubuntu/airflow-venv/lib/python3.12/site-packages/airflow/example_dags/example_dag_decorator.py
[2026-02-24T18:16:48.564+0000] {logging_mixin.py:190} INFO - [2026-02-24T18:16:48.564+0000] {dag.py:3239} INFO - Sync 1 DAGs
[2026-02-24T18:16:48.571+0000] {logging_mixin.py:190} INFO - [2026-02-24T18:16:48.571+0000] {dag.py:4180} INFO - Setting next_dagrun for example_dag_decorator to None, run_after=None
[2026-02-24T18:16:48.589+0000] {processor.py:208} INFO - Processing /home/ubuntu/airflow-venv/lib/python3.12/site-packages/airflow/example_dags/example_dag_decorator.py took 0.106 seconds
[2026-02-24T18:18:06.497+0000] {processor.py:186} INFO - Started process (PID=45593) to work on /home/ubuntu/airflow-venv/lib/python3.12/site-packages/airflow/example_dags/example_dag_decorator.py
[2026-02-24T18:18:06.499+0000] {processor.py:914} INFO - Processing file /home/ubuntu/airflow-venv/lib/python3.12/site-packages/airflow/example_dags/example_dag_decorator.py for tasks to queue
[2026-02-24T18:18:06.500+0000] {logging_mixin.py:190} INFO - [2026-02-24T18:18:06.500+0000] {dagbag.py:588} INFO - Filling up the DagBag from /home/ubuntu/airflow-venv/lib/python3.12/site-packages/airflow/example_dags/example_dag_decorator.py
[2026-02-24T18:18:06.510+0000] {processor.py:925} INFO - DAG(s) 'example_dag_decorator' retrieved from /home/ubuntu/airflow-venv/lib/python3.12/site-packages/airflow/example_dags/example_dag_decorator.py
[2026-02-24T18:18:06.523+0000] {logging_mixin.py:190} INFO - [2026-02-24T18:18:06.523+0000] {dag.py:3239} INFO - Sync 1 DAGs
[2026-02-24T18:18:06.532+0000] {logging_mixin.py:190} INFO - [2026-02-24T18:18:06.532+0000] {dag.py:4180} INFO - Setting next_dagrun for example_dag_decorator to None, run_after=None
[2026-02-24T18:18:06.550+0000] {processor.py:208} INFO - Processing /home/ubuntu/airflow-venv/lib/python3.12/site-packages/airflow/example_dags/example_dag_decorator.py took 0.057 seconds
[2026-02-24T18:19:23.547+0000] {processor.py:186} INFO - Started process (PID=45672) to work on /home/ubuntu/airflow-venv/lib/python3.12/site-packages/airflow/example_dags/example_dag_decorator.py
[2026-02-24T18:19:23.548+0000] {processor.py:914} INFO - Processing file /home/ubuntu/airflow-venv/lib/python3.12/site-packages/airflow/example_dags/example_dag_decorator.py for tasks to queue
[2026-02-24T18:19:23.550+0000] {logging_mixin.py:190} INFO - [2026-02-24T18:19:23.549+0000] {dagbag.py:588} INFO - Filling up the DagBag from /home/ubuntu/airflow-venv/lib/python3.12/site-packages/airflow/example_dags/example_dag_decorator.py
[2026-02-24T18:19:23.559+0000] {processor.py:925} INFO - DAG(s) 'example_dag_decorator' retrieved from /home/ubuntu/airflow-venv/lib/python3.12/site-packages/airflow/example_dags/example_dag_decorator.py
[2026-02-24T18:19:23.626+0000] {logging_mixin.py:190} INFO - [2026-02-24T18:19:23.626+0000] {dag.py:3239} INFO - Sync 1 DAGs
[2026-02-24T18:19:23.633+0000] {logging_mixin.py:190} INFO - [2026-02-24T18:19:23.633+0000] {dag.py:4180} INFO - Setting next_dagrun for example_dag_decorator to None, run_after=None
[2026-02-24T18:19:23.650+0000] {processor.py:208} INFO - Processing /home/ubuntu/airflow-venv/lib/python3.12/site-packages/airflow/example_dags/example_dag_decorator.py took 0.107 seconds
