[2026-02-24T17:59:27.255+0000] {processor.py:186} INFO - Started process (PID=43665) to work on /home/ubuntu/airflow-venv/lib/python3.12/site-packages/airflow/example_dags/example_nested_branch_dag.py
[2026-02-24T17:59:27.256+0000] {processor.py:914} INFO - Processing file /home/ubuntu/airflow-venv/lib/python3.12/site-packages/airflow/example_dags/example_nested_branch_dag.py for tasks to queue
[2026-02-24T17:59:27.258+0000] {logging_mixin.py:190} INFO - [2026-02-24T17:59:27.257+0000] {dagbag.py:588} INFO - Filling up the DagBag from /home/ubuntu/airflow-venv/lib/python3.12/site-packages/airflow/example_dags/example_nested_branch_dag.py
[2026-02-24T17:59:27.266+0000] {processor.py:925} INFO - DAG(s) 'example_nested_branch_dag' retrieved from /home/ubuntu/airflow-venv/lib/python3.12/site-packages/airflow/example_dags/example_nested_branch_dag.py
[2026-02-24T17:59:27.342+0000] {logging_mixin.py:190} INFO - [2026-02-24T17:59:27.341+0000] {override.py:1900} INFO - Created Permission View: can edit on DAG:example_nested_branch_dag
[2026-02-24T17:59:27.354+0000] {logging_mixin.py:190} INFO - [2026-02-24T17:59:27.354+0000] {override.py:1900} INFO - Created Permission View: can delete on DAG:example_nested_branch_dag
[2026-02-24T17:59:27.362+0000] {logging_mixin.py:190} INFO - [2026-02-24T17:59:27.362+0000] {override.py:1900} INFO - Created Permission View: can read on DAG:example_nested_branch_dag
[2026-02-24T17:59:27.376+0000] {logging_mixin.py:190} INFO - [2026-02-24T17:59:27.376+0000] {override.py:1900} INFO - Created Permission View: can delete on DAG Run:example_nested_branch_dag
[2026-02-24T17:59:27.385+0000] {logging_mixin.py:190} INFO - [2026-02-24T17:59:27.384+0000] {override.py:1900} INFO - Created Permission View: menu access on DAG Run:example_nested_branch_dag
[2026-02-24T17:59:27.394+0000] {logging_mixin.py:190} INFO - [2026-02-24T17:59:27.394+0000] {override.py:1900} INFO - Created Permission View: can create on DAG Run:example_nested_branch_dag
[2026-02-24T17:59:27.403+0000] {logging_mixin.py:190} INFO - [2026-02-24T17:59:27.403+0000] {override.py:1900} INFO - Created Permission View: can read on DAG Run:example_nested_branch_dag
[2026-02-24T17:59:27.403+0000] {logging_mixin.py:190} INFO - [2026-02-24T17:59:27.403+0000] {dag.py:3239} INFO - Sync 1 DAGs
[2026-02-24T17:59:27.411+0000] {logging_mixin.py:190} INFO - [2026-02-24T17:59:27.411+0000] {dag.py:3262} INFO - Creating ORM DAG for example_nested_branch_dag
[2026-02-24T17:59:27.418+0000] {logging_mixin.py:190} INFO - [2026-02-24T17:59:27.417+0000] {dag.py:4180} INFO - Setting next_dagrun for example_nested_branch_dag to 2026-02-23 00:00:00+00:00, run_after=2026-02-24 00:00:00+00:00
[2026-02-24T17:59:27.436+0000] {processor.py:208} INFO - Processing /home/ubuntu/airflow-venv/lib/python3.12/site-packages/airflow/example_dags/example_nested_branch_dag.py took 0.184 seconds
[2026-02-24T18:00:25.255+0000] {processor.py:186} INFO - Started process (PID=43724) to work on /home/ubuntu/airflow-venv/lib/python3.12/site-packages/airflow/example_dags/example_nested_branch_dag.py
[2026-02-24T18:00:25.257+0000] {processor.py:914} INFO - Processing file /home/ubuntu/airflow-venv/lib/python3.12/site-packages/airflow/example_dags/example_nested_branch_dag.py for tasks to queue
[2026-02-24T18:00:25.258+0000] {logging_mixin.py:190} INFO - [2026-02-24T18:00:25.258+0000] {dagbag.py:588} INFO - Filling up the DagBag from /home/ubuntu/airflow-venv/lib/python3.12/site-packages/airflow/example_dags/example_nested_branch_dag.py
[2026-02-24T18:00:25.267+0000] {processor.py:925} INFO - DAG(s) 'example_nested_branch_dag' retrieved from /home/ubuntu/airflow-venv/lib/python3.12/site-packages/airflow/example_dags/example_nested_branch_dag.py
[2026-02-24T18:00:25.279+0000] {logging_mixin.py:190} INFO - [2026-02-24T18:00:25.279+0000] {dag.py:3239} INFO - Sync 1 DAGs
[2026-02-24T18:00:25.294+0000] {logging_mixin.py:190} INFO - [2026-02-24T18:00:25.294+0000] {dag.py:4180} INFO - Setting next_dagrun for example_nested_branch_dag to 2026-02-23 00:00:00+00:00, run_after=2026-02-24 00:00:00+00:00
[2026-02-24T18:00:25.314+0000] {processor.py:208} INFO - Processing /home/ubuntu/airflow-venv/lib/python3.12/site-packages/airflow/example_dags/example_nested_branch_dag.py took 0.063 seconds
[2026-02-24T18:01:19.922+0000] {processor.py:186} INFO - Started process (PID=43786) to work on /home/ubuntu/airflow-venv/lib/python3.12/site-packages/airflow/example_dags/example_nested_branch_dag.py
[2026-02-24T18:01:19.924+0000] {processor.py:914} INFO - Processing file /home/ubuntu/airflow-venv/lib/python3.12/site-packages/airflow/example_dags/example_nested_branch_dag.py for tasks to queue
[2026-02-24T18:01:19.925+0000] {logging_mixin.py:190} INFO - [2026-02-24T18:01:19.925+0000] {dagbag.py:588} INFO - Filling up the DagBag from /home/ubuntu/airflow-venv/lib/python3.12/site-packages/airflow/example_dags/example_nested_branch_dag.py
[2026-02-24T18:01:19.933+0000] {processor.py:925} INFO - DAG(s) 'example_nested_branch_dag' retrieved from /home/ubuntu/airflow-venv/lib/python3.12/site-packages/airflow/example_dags/example_nested_branch_dag.py
[2026-02-24T18:01:19.945+0000] {logging_mixin.py:190} INFO - [2026-02-24T18:01:19.945+0000] {dag.py:3239} INFO - Sync 1 DAGs
[2026-02-24T18:01:19.960+0000] {logging_mixin.py:190} INFO - [2026-02-24T18:01:19.960+0000] {dag.py:4180} INFO - Setting next_dagrun for example_nested_branch_dag to 2026-02-23 00:00:00+00:00, run_after=2026-02-24 00:00:00+00:00
[2026-02-24T18:01:19.978+0000] {processor.py:208} INFO - Processing /home/ubuntu/airflow-venv/lib/python3.12/site-packages/airflow/example_dags/example_nested_branch_dag.py took 0.060 seconds
[2026-02-24T18:02:16.253+0000] {processor.py:186} INFO - Started process (PID=44200) to work on /home/ubuntu/airflow-venv/lib/python3.12/site-packages/airflow/example_dags/example_nested_branch_dag.py
[2026-02-24T18:02:16.254+0000] {processor.py:914} INFO - Processing file /home/ubuntu/airflow-venv/lib/python3.12/site-packages/airflow/example_dags/example_nested_branch_dag.py for tasks to queue
[2026-02-24T18:02:16.256+0000] {logging_mixin.py:190} INFO - [2026-02-24T18:02:16.255+0000] {dagbag.py:588} INFO - Filling up the DagBag from /home/ubuntu/airflow-venv/lib/python3.12/site-packages/airflow/example_dags/example_nested_branch_dag.py
[2026-02-24T18:02:16.264+0000] {processor.py:925} INFO - DAG(s) 'example_nested_branch_dag' retrieved from /home/ubuntu/airflow-venv/lib/python3.12/site-packages/airflow/example_dags/example_nested_branch_dag.py
[2026-02-24T18:02:16.276+0000] {logging_mixin.py:190} INFO - [2026-02-24T18:02:16.276+0000] {dag.py:3239} INFO - Sync 1 DAGs
[2026-02-24T18:02:16.291+0000] {logging_mixin.py:190} INFO - [2026-02-24T18:02:16.291+0000] {dag.py:4180} INFO - Setting next_dagrun for example_nested_branch_dag to 2026-02-23 00:00:00+00:00, run_after=2026-02-24 00:00:00+00:00
[2026-02-24T18:02:16.309+0000] {processor.py:208} INFO - Processing /home/ubuntu/airflow-venv/lib/python3.12/site-packages/airflow/example_dags/example_nested_branch_dag.py took 0.060 seconds
[2026-02-24T18:03:09.259+0000] {processor.py:186} INFO - Started process (PID=44271) to work on /home/ubuntu/airflow-venv/lib/python3.12/site-packages/airflow/example_dags/example_nested_branch_dag.py
[2026-02-24T18:03:09.260+0000] {processor.py:914} INFO - Processing file /home/ubuntu/airflow-venv/lib/python3.12/site-packages/airflow/example_dags/example_nested_branch_dag.py for tasks to queue
[2026-02-24T18:03:09.262+0000] {logging_mixin.py:190} INFO - [2026-02-24T18:03:09.262+0000] {dagbag.py:588} INFO - Filling up the DagBag from /home/ubuntu/airflow-venv/lib/python3.12/site-packages/airflow/example_dags/example_nested_branch_dag.py
[2026-02-24T18:03:09.270+0000] {processor.py:925} INFO - DAG(s) 'example_nested_branch_dag' retrieved from /home/ubuntu/airflow-venv/lib/python3.12/site-packages/airflow/example_dags/example_nested_branch_dag.py
[2026-02-24T18:03:09.282+0000] {logging_mixin.py:190} INFO - [2026-02-24T18:03:09.282+0000] {dag.py:3239} INFO - Sync 1 DAGs
[2026-02-24T18:03:09.296+0000] {logging_mixin.py:190} INFO - [2026-02-24T18:03:09.296+0000] {dag.py:4180} INFO - Setting next_dagrun for example_nested_branch_dag to 2026-02-23 00:00:00+00:00, run_after=2026-02-24 00:00:00+00:00
[2026-02-24T18:03:09.312+0000] {processor.py:208} INFO - Processing /home/ubuntu/airflow-venv/lib/python3.12/site-packages/airflow/example_dags/example_nested_branch_dag.py took 0.057 seconds
[2026-02-24T18:03:58.703+0000] {processor.py:186} INFO - Started process (PID=44324) to work on /home/ubuntu/airflow-venv/lib/python3.12/site-packages/airflow/example_dags/example_nested_branch_dag.py
[2026-02-24T18:03:58.704+0000] {processor.py:914} INFO - Processing file /home/ubuntu/airflow-venv/lib/python3.12/site-packages/airflow/example_dags/example_nested_branch_dag.py for tasks to queue
[2026-02-24T18:03:58.706+0000] {logging_mixin.py:190} INFO - [2026-02-24T18:03:58.705+0000] {dagbag.py:588} INFO - Filling up the DagBag from /home/ubuntu/airflow-venv/lib/python3.12/site-packages/airflow/example_dags/example_nested_branch_dag.py
[2026-02-24T18:03:58.714+0000] {processor.py:925} INFO - DAG(s) 'example_nested_branch_dag' retrieved from /home/ubuntu/airflow-venv/lib/python3.12/site-packages/airflow/example_dags/example_nested_branch_dag.py
[2026-02-24T18:03:58.727+0000] {logging_mixin.py:190} INFO - [2026-02-24T18:03:58.727+0000] {dag.py:3239} INFO - Sync 1 DAGs
[2026-02-24T18:03:58.741+0000] {logging_mixin.py:190} INFO - [2026-02-24T18:03:58.741+0000] {dag.py:4180} INFO - Setting next_dagrun for example_nested_branch_dag to 2026-02-23 00:00:00+00:00, run_after=2026-02-24 00:00:00+00:00
[2026-02-24T18:03:58.759+0000] {processor.py:208} INFO - Processing /home/ubuntu/airflow-venv/lib/python3.12/site-packages/airflow/example_dags/example_nested_branch_dag.py took 0.060 seconds
[2026-02-24T18:04:47.949+0000] {processor.py:186} INFO - Started process (PID=44741) to work on /home/ubuntu/airflow-venv/lib/python3.12/site-packages/airflow/example_dags/example_nested_branch_dag.py
[2026-02-24T18:04:47.951+0000] {processor.py:914} INFO - Processing file /home/ubuntu/airflow-venv/lib/python3.12/site-packages/airflow/example_dags/example_nested_branch_dag.py for tasks to queue
[2026-02-24T18:04:47.952+0000] {logging_mixin.py:190} INFO - [2026-02-24T18:04:47.952+0000] {dagbag.py:588} INFO - Filling up the DagBag from /home/ubuntu/airflow-venv/lib/python3.12/site-packages/airflow/example_dags/example_nested_branch_dag.py
[2026-02-24T18:04:47.960+0000] {processor.py:925} INFO - DAG(s) 'example_nested_branch_dag' retrieved from /home/ubuntu/airflow-venv/lib/python3.12/site-packages/airflow/example_dags/example_nested_branch_dag.py
[2026-02-24T18:04:47.973+0000] {logging_mixin.py:190} INFO - [2026-02-24T18:04:47.972+0000] {dag.py:3239} INFO - Sync 1 DAGs
[2026-02-24T18:04:47.987+0000] {logging_mixin.py:190} INFO - [2026-02-24T18:04:47.987+0000] {dag.py:4180} INFO - Setting next_dagrun for example_nested_branch_dag to 2026-02-23 00:00:00+00:00, run_after=2026-02-24 00:00:00+00:00
[2026-02-24T18:04:48.097+0000] {processor.py:208} INFO - Processing /home/ubuntu/airflow-venv/lib/python3.12/site-packages/airflow/example_dags/example_nested_branch_dag.py took 0.151 seconds
[2026-02-24T18:05:42.294+0000] {processor.py:186} INFO - Started process (PID=44799) to work on /home/ubuntu/airflow-venv/lib/python3.12/site-packages/airflow/example_dags/example_nested_branch_dag.py
[2026-02-24T18:05:42.296+0000] {processor.py:914} INFO - Processing file /home/ubuntu/airflow-venv/lib/python3.12/site-packages/airflow/example_dags/example_nested_branch_dag.py for tasks to queue
[2026-02-24T18:05:42.297+0000] {logging_mixin.py:190} INFO - [2026-02-24T18:05:42.297+0000] {dagbag.py:588} INFO - Filling up the DagBag from /home/ubuntu/airflow-venv/lib/python3.12/site-packages/airflow/example_dags/example_nested_branch_dag.py
[2026-02-24T18:05:42.401+0000] {processor.py:925} INFO - DAG(s) 'example_nested_branch_dag' retrieved from /home/ubuntu/airflow-venv/lib/python3.12/site-packages/airflow/example_dags/example_nested_branch_dag.py
[2026-02-24T18:05:42.411+0000] {logging_mixin.py:190} INFO - [2026-02-24T18:05:42.410+0000] {dag.py:3239} INFO - Sync 1 DAGs
[2026-02-24T18:05:42.426+0000] {logging_mixin.py:190} INFO - [2026-02-24T18:05:42.426+0000] {dag.py:4180} INFO - Setting next_dagrun for example_nested_branch_dag to 2026-02-23 00:00:00+00:00, run_after=2026-02-24 00:00:00+00:00
[2026-02-24T18:05:42.442+0000] {processor.py:208} INFO - Processing /home/ubuntu/airflow-venv/lib/python3.12/site-packages/airflow/example_dags/example_nested_branch_dag.py took 0.152 seconds
[2026-02-24T18:06:39.068+0000] {processor.py:186} INFO - Started process (PID=44863) to work on /home/ubuntu/airflow-venv/lib/python3.12/site-packages/airflow/example_dags/example_nested_branch_dag.py
[2026-02-24T18:06:39.069+0000] {processor.py:914} INFO - Processing file /home/ubuntu/airflow-venv/lib/python3.12/site-packages/airflow/example_dags/example_nested_branch_dag.py for tasks to queue
[2026-02-24T18:06:39.071+0000] {logging_mixin.py:190} INFO - [2026-02-24T18:06:39.070+0000] {dagbag.py:588} INFO - Filling up the DagBag from /home/ubuntu/airflow-venv/lib/python3.12/site-packages/airflow/example_dags/example_nested_branch_dag.py
[2026-02-24T18:06:39.080+0000] {processor.py:925} INFO - DAG(s) 'example_nested_branch_dag' retrieved from /home/ubuntu/airflow-venv/lib/python3.12/site-packages/airflow/example_dags/example_nested_branch_dag.py
[2026-02-24T18:06:39.093+0000] {logging_mixin.py:190} INFO - [2026-02-24T18:06:39.092+0000] {dag.py:3239} INFO - Sync 1 DAGs
[2026-02-24T18:06:39.109+0000] {logging_mixin.py:190} INFO - [2026-02-24T18:06:39.108+0000] {dag.py:4180} INFO - Setting next_dagrun for example_nested_branch_dag to 2026-02-23 00:00:00+00:00, run_after=2026-02-24 00:00:00+00:00
[2026-02-24T18:06:39.127+0000] {processor.py:208} INFO - Processing /home/ubuntu/airflow-venv/lib/python3.12/site-packages/airflow/example_dags/example_nested_branch_dag.py took 0.063 seconds
[2026-02-24T18:07:28.600+0000] {processor.py:186} INFO - Started process (PID=44917) to work on /home/ubuntu/airflow-venv/lib/python3.12/site-packages/airflow/example_dags/example_nested_branch_dag.py
[2026-02-24T18:07:28.601+0000] {processor.py:914} INFO - Processing file /home/ubuntu/airflow-venv/lib/python3.12/site-packages/airflow/example_dags/example_nested_branch_dag.py for tasks to queue
[2026-02-24T18:07:28.603+0000] {logging_mixin.py:190} INFO - [2026-02-24T18:07:28.603+0000] {dagbag.py:588} INFO - Filling up the DagBag from /home/ubuntu/airflow-venv/lib/python3.12/site-packages/airflow/example_dags/example_nested_branch_dag.py
[2026-02-24T18:07:28.612+0000] {processor.py:925} INFO - DAG(s) 'example_nested_branch_dag' retrieved from /home/ubuntu/airflow-venv/lib/python3.12/site-packages/airflow/example_dags/example_nested_branch_dag.py
[2026-02-24T18:07:28.624+0000] {logging_mixin.py:190} INFO - [2026-02-24T18:07:28.624+0000] {dag.py:3239} INFO - Sync 1 DAGs
[2026-02-24T18:07:28.639+0000] {logging_mixin.py:190} INFO - [2026-02-24T18:07:28.639+0000] {dag.py:4180} INFO - Setting next_dagrun for example_nested_branch_dag to 2026-02-23 00:00:00+00:00, run_after=2026-02-24 00:00:00+00:00
[2026-02-24T18:07:28.659+0000] {processor.py:208} INFO - Processing /home/ubuntu/airflow-venv/lib/python3.12/site-packages/airflow/example_dags/example_nested_branch_dag.py took 0.063 seconds
[2026-02-24T18:08:18.718+0000] {processor.py:186} INFO - Started process (PID=44968) to work on /home/ubuntu/airflow-venv/lib/python3.12/site-packages/airflow/example_dags/example_nested_branch_dag.py
[2026-02-24T18:08:18.719+0000] {processor.py:914} INFO - Processing file /home/ubuntu/airflow-venv/lib/python3.12/site-packages/airflow/example_dags/example_nested_branch_dag.py for tasks to queue
[2026-02-24T18:08:18.721+0000] {logging_mixin.py:190} INFO - [2026-02-24T18:08:18.720+0000] {dagbag.py:588} INFO - Filling up the DagBag from /home/ubuntu/airflow-venv/lib/python3.12/site-packages/airflow/example_dags/example_nested_branch_dag.py
[2026-02-24T18:08:18.730+0000] {processor.py:925} INFO - DAG(s) 'example_nested_branch_dag' retrieved from /home/ubuntu/airflow-venv/lib/python3.12/site-packages/airflow/example_dags/example_nested_branch_dag.py
[2026-02-24T18:08:18.742+0000] {logging_mixin.py:190} INFO - [2026-02-24T18:08:18.742+0000] {dag.py:3239} INFO - Sync 1 DAGs
[2026-02-24T18:08:18.757+0000] {logging_mixin.py:190} INFO - [2026-02-24T18:08:18.757+0000] {dag.py:4180} INFO - Setting next_dagrun for example_nested_branch_dag to 2026-02-23 00:00:00+00:00, run_after=2026-02-24 00:00:00+00:00
[2026-02-24T18:08:18.775+0000] {processor.py:208} INFO - Processing /home/ubuntu/airflow-venv/lib/python3.12/site-packages/airflow/example_dags/example_nested_branch_dag.py took 0.061 seconds
[2026-02-24T18:09:09.921+0000] {processor.py:186} INFO - Started process (PID=45022) to work on /home/ubuntu/airflow-venv/lib/python3.12/site-packages/airflow/example_dags/example_nested_branch_dag.py
[2026-02-24T18:09:09.922+0000] {processor.py:914} INFO - Processing file /home/ubuntu/airflow-venv/lib/python3.12/site-packages/airflow/example_dags/example_nested_branch_dag.py for tasks to queue
[2026-02-24T18:09:09.924+0000] {logging_mixin.py:190} INFO - [2026-02-24T18:09:09.924+0000] {dagbag.py:588} INFO - Filling up the DagBag from /home/ubuntu/airflow-venv/lib/python3.12/site-packages/airflow/example_dags/example_nested_branch_dag.py
[2026-02-24T18:09:09.933+0000] {processor.py:925} INFO - DAG(s) 'example_nested_branch_dag' retrieved from /home/ubuntu/airflow-venv/lib/python3.12/site-packages/airflow/example_dags/example_nested_branch_dag.py
[2026-02-24T18:09:09.946+0000] {logging_mixin.py:190} INFO - [2026-02-24T18:09:09.946+0000] {dag.py:3239} INFO - Sync 1 DAGs
[2026-02-24T18:09:09.961+0000] {logging_mixin.py:190} INFO - [2026-02-24T18:09:09.961+0000] {dag.py:4180} INFO - Setting next_dagrun for example_nested_branch_dag to 2026-02-23 00:00:00+00:00, run_after=2026-02-24 00:00:00+00:00
[2026-02-24T18:09:09.979+0000] {processor.py:208} INFO - Processing /home/ubuntu/airflow-venv/lib/python3.12/site-packages/airflow/example_dags/example_nested_branch_dag.py took 0.062 seconds
[2026-02-24T18:09:57.471+0000] {processor.py:186} INFO - Started process (PID=45073) to work on /home/ubuntu/airflow-venv/lib/python3.12/site-packages/airflow/example_dags/example_nested_branch_dag.py
[2026-02-24T18:09:57.473+0000] {processor.py:914} INFO - Processing file /home/ubuntu/airflow-venv/lib/python3.12/site-packages/airflow/example_dags/example_nested_branch_dag.py for tasks to queue
[2026-02-24T18:09:57.474+0000] {logging_mixin.py:190} INFO - [2026-02-24T18:09:57.474+0000] {dagbag.py:588} INFO - Filling up the DagBag from /home/ubuntu/airflow-venv/lib/python3.12/site-packages/airflow/example_dags/example_nested_branch_dag.py
[2026-02-24T18:09:57.483+0000] {processor.py:925} INFO - DAG(s) 'example_nested_branch_dag' retrieved from /home/ubuntu/airflow-venv/lib/python3.12/site-packages/airflow/example_dags/example_nested_branch_dag.py
[2026-02-24T18:09:57.495+0000] {logging_mixin.py:190} INFO - [2026-02-24T18:09:57.495+0000] {dag.py:3239} INFO - Sync 1 DAGs
[2026-02-24T18:09:57.510+0000] {logging_mixin.py:190} INFO - [2026-02-24T18:09:57.510+0000] {dag.py:4180} INFO - Setting next_dagrun for example_nested_branch_dag to 2026-02-23 00:00:00+00:00, run_after=2026-02-24 00:00:00+00:00
[2026-02-24T18:09:57.528+0000] {processor.py:208} INFO - Processing /home/ubuntu/airflow-venv/lib/python3.12/site-packages/airflow/example_dags/example_nested_branch_dag.py took 0.061 seconds
[2026-02-24T18:10:47.771+0000] {processor.py:186} INFO - Started process (PID=45129) to work on /home/ubuntu/airflow-venv/lib/python3.12/site-packages/airflow/example_dags/example_nested_branch_dag.py
[2026-02-24T18:10:47.772+0000] {processor.py:914} INFO - Processing file /home/ubuntu/airflow-venv/lib/python3.12/site-packages/airflow/example_dags/example_nested_branch_dag.py for tasks to queue
[2026-02-24T18:10:47.774+0000] {logging_mixin.py:190} INFO - [2026-02-24T18:10:47.774+0000] {dagbag.py:588} INFO - Filling up the DagBag from /home/ubuntu/airflow-venv/lib/python3.12/site-packages/airflow/example_dags/example_nested_branch_dag.py
[2026-02-24T18:10:47.783+0000] {processor.py:925} INFO - DAG(s) 'example_nested_branch_dag' retrieved from /home/ubuntu/airflow-venv/lib/python3.12/site-packages/airflow/example_dags/example_nested_branch_dag.py
[2026-02-24T18:10:47.795+0000] {logging_mixin.py:190} INFO - [2026-02-24T18:10:47.795+0000] {dag.py:3239} INFO - Sync 1 DAGs
[2026-02-24T18:10:47.810+0000] {logging_mixin.py:190} INFO - [2026-02-24T18:10:47.810+0000] {dag.py:4180} INFO - Setting next_dagrun for example_nested_branch_dag to 2026-02-23 00:00:00+00:00, run_after=2026-02-24 00:00:00+00:00
[2026-02-24T18:10:47.830+0000] {processor.py:208} INFO - Processing /home/ubuntu/airflow-venv/lib/python3.12/site-packages/airflow/example_dags/example_nested_branch_dag.py took 0.063 seconds
[2026-02-24T18:11:40.196+0000] {processor.py:186} INFO - Started process (PID=45181) to work on /home/ubuntu/airflow-venv/lib/python3.12/site-packages/airflow/example_dags/example_nested_branch_dag.py
[2026-02-24T18:11:40.198+0000] {processor.py:914} INFO - Processing file /home/ubuntu/airflow-venv/lib/python3.12/site-packages/airflow/example_dags/example_nested_branch_dag.py for tasks to queue
[2026-02-24T18:11:40.199+0000] {logging_mixin.py:190} INFO - [2026-02-24T18:11:40.199+0000] {dagbag.py:588} INFO - Filling up the DagBag from /home/ubuntu/airflow-venv/lib/python3.12/site-packages/airflow/example_dags/example_nested_branch_dag.py
[2026-02-24T18:11:40.208+0000] {processor.py:925} INFO - DAG(s) 'example_nested_branch_dag' retrieved from /home/ubuntu/airflow-venv/lib/python3.12/site-packages/airflow/example_dags/example_nested_branch_dag.py
[2026-02-24T18:11:40.220+0000] {logging_mixin.py:190} INFO - [2026-02-24T18:11:40.220+0000] {dag.py:3239} INFO - Sync 1 DAGs
[2026-02-24T18:11:40.235+0000] {logging_mixin.py:190} INFO - [2026-02-24T18:11:40.235+0000] {dag.py:4180} INFO - Setting next_dagrun for example_nested_branch_dag to 2026-02-23 00:00:00+00:00, run_after=2026-02-24 00:00:00+00:00
[2026-02-24T18:11:40.254+0000] {processor.py:208} INFO - Processing /home/ubuntu/airflow-venv/lib/python3.12/site-packages/airflow/example_dags/example_nested_branch_dag.py took 0.062 seconds
[2026-02-24T18:12:31.645+0000] {processor.py:186} INFO - Started process (PID=45235) to work on /home/ubuntu/airflow-venv/lib/python3.12/site-packages/airflow/example_dags/example_nested_branch_dag.py
[2026-02-24T18:12:31.646+0000] {processor.py:914} INFO - Processing file /home/ubuntu/airflow-venv/lib/python3.12/site-packages/airflow/example_dags/example_nested_branch_dag.py for tasks to queue
[2026-02-24T18:12:31.648+0000] {logging_mixin.py:190} INFO - [2026-02-24T18:12:31.648+0000] {dagbag.py:588} INFO - Filling up the DagBag from /home/ubuntu/airflow-venv/lib/python3.12/site-packages/airflow/example_dags/example_nested_branch_dag.py
[2026-02-24T18:12:31.657+0000] {processor.py:925} INFO - DAG(s) 'example_nested_branch_dag' retrieved from /home/ubuntu/airflow-venv/lib/python3.12/site-packages/airflow/example_dags/example_nested_branch_dag.py
[2026-02-24T18:12:31.670+0000] {logging_mixin.py:190} INFO - [2026-02-24T18:12:31.669+0000] {dag.py:3239} INFO - Sync 1 DAGs
[2026-02-24T18:12:31.684+0000] {logging_mixin.py:190} INFO - [2026-02-24T18:12:31.684+0000] {dag.py:4180} INFO - Setting next_dagrun for example_nested_branch_dag to 2026-02-23 00:00:00+00:00, run_after=2026-02-24 00:00:00+00:00
[2026-02-24T18:12:31.702+0000] {processor.py:208} INFO - Processing /home/ubuntu/airflow-venv/lib/python3.12/site-packages/airflow/example_dags/example_nested_branch_dag.py took 0.062 seconds
[2026-02-24T18:13:21.262+0000] {processor.py:186} INFO - Started process (PID=45289) to work on /home/ubuntu/airflow-venv/lib/python3.12/site-packages/airflow/example_dags/example_nested_branch_dag.py
[2026-02-24T18:13:21.263+0000] {processor.py:914} INFO - Processing file /home/ubuntu/airflow-venv/lib/python3.12/site-packages/airflow/example_dags/example_nested_branch_dag.py for tasks to queue
[2026-02-24T18:13:21.265+0000] {logging_mixin.py:190} INFO - [2026-02-24T18:13:21.264+0000] {dagbag.py:588} INFO - Filling up the DagBag from /home/ubuntu/airflow-venv/lib/python3.12/site-packages/airflow/example_dags/example_nested_branch_dag.py
[2026-02-24T18:13:21.273+0000] {processor.py:925} INFO - DAG(s) 'example_nested_branch_dag' retrieved from /home/ubuntu/airflow-venv/lib/python3.12/site-packages/airflow/example_dags/example_nested_branch_dag.py
[2026-02-24T18:13:21.286+0000] {logging_mixin.py:190} INFO - [2026-02-24T18:13:21.286+0000] {dag.py:3239} INFO - Sync 1 DAGs
[2026-02-24T18:13:21.301+0000] {logging_mixin.py:190} INFO - [2026-02-24T18:13:21.301+0000] {dag.py:4180} INFO - Setting next_dagrun for example_nested_branch_dag to 2026-02-23 00:00:00+00:00, run_after=2026-02-24 00:00:00+00:00
[2026-02-24T18:13:21.319+0000] {processor.py:208} INFO - Processing /home/ubuntu/airflow-venv/lib/python3.12/site-packages/airflow/example_dags/example_nested_branch_dag.py took 0.062 seconds
[2026-02-24T18:14:10.322+0000] {processor.py:186} INFO - Started process (PID=45339) to work on /home/ubuntu/airflow-venv/lib/python3.12/site-packages/airflow/example_dags/example_nested_branch_dag.py
[2026-02-24T18:14:10.323+0000] {processor.py:914} INFO - Processing file /home/ubuntu/airflow-venv/lib/python3.12/site-packages/airflow/example_dags/example_nested_branch_dag.py for tasks to queue
[2026-02-24T18:14:10.325+0000] {logging_mixin.py:190} INFO - [2026-02-24T18:14:10.325+0000] {dagbag.py:588} INFO - Filling up the DagBag from /home/ubuntu/airflow-venv/lib/python3.12/site-packages/airflow/example_dags/example_nested_branch_dag.py
[2026-02-24T18:14:10.334+0000] {processor.py:925} INFO - DAG(s) 'example_nested_branch_dag' retrieved from /home/ubuntu/airflow-venv/lib/python3.12/site-packages/airflow/example_dags/example_nested_branch_dag.py
[2026-02-24T18:14:10.347+0000] {logging_mixin.py:190} INFO - [2026-02-24T18:14:10.347+0000] {dag.py:3239} INFO - Sync 1 DAGs
[2026-02-24T18:14:10.361+0000] {logging_mixin.py:190} INFO - [2026-02-24T18:14:10.361+0000] {dag.py:4180} INFO - Setting next_dagrun for example_nested_branch_dag to 2026-02-23 00:00:00+00:00, run_after=2026-02-24 00:00:00+00:00
[2026-02-24T18:14:10.380+0000] {processor.py:208} INFO - Processing /home/ubuntu/airflow-venv/lib/python3.12/site-packages/airflow/example_dags/example_nested_branch_dag.py took 0.062 seconds
[2026-02-24T18:15:00.565+0000] {processor.py:186} INFO - Started process (PID=45391) to work on /home/ubuntu/airflow-venv/lib/python3.12/site-packages/airflow/example_dags/example_nested_branch_dag.py
[2026-02-24T18:15:00.566+0000] {processor.py:914} INFO - Processing file /home/ubuntu/airflow-venv/lib/python3.12/site-packages/airflow/example_dags/example_nested_branch_dag.py for tasks to queue
[2026-02-24T18:15:00.568+0000] {logging_mixin.py:190} INFO - [2026-02-24T18:15:00.568+0000] {dagbag.py:588} INFO - Filling up the DagBag from /home/ubuntu/airflow-venv/lib/python3.12/site-packages/airflow/example_dags/example_nested_branch_dag.py
[2026-02-24T18:15:00.577+0000] {processor.py:925} INFO - DAG(s) 'example_nested_branch_dag' retrieved from /home/ubuntu/airflow-venv/lib/python3.12/site-packages/airflow/example_dags/example_nested_branch_dag.py
[2026-02-24T18:15:00.590+0000] {logging_mixin.py:190} INFO - [2026-02-24T18:15:00.589+0000] {dag.py:3239} INFO - Sync 1 DAGs
[2026-02-24T18:15:00.604+0000] {logging_mixin.py:190} INFO - [2026-02-24T18:15:00.604+0000] {dag.py:4180} INFO - Setting next_dagrun for example_nested_branch_dag to 2026-02-23 00:00:00+00:00, run_after=2026-02-24 00:00:00+00:00
[2026-02-24T18:15:00.622+0000] {processor.py:208} INFO - Processing /home/ubuntu/airflow-venv/lib/python3.12/site-packages/airflow/example_dags/example_nested_branch_dag.py took 0.062 seconds
[2026-02-24T18:15:51.974+0000] {processor.py:186} INFO - Started process (PID=45448) to work on /home/ubuntu/airflow-venv/lib/python3.12/site-packages/airflow/example_dags/example_nested_branch_dag.py
[2026-02-24T18:15:51.976+0000] {processor.py:914} INFO - Processing file /home/ubuntu/airflow-venv/lib/python3.12/site-packages/airflow/example_dags/example_nested_branch_dag.py for tasks to queue
[2026-02-24T18:15:51.977+0000] {logging_mixin.py:190} INFO - [2026-02-24T18:15:51.977+0000] {dagbag.py:588} INFO - Filling up the DagBag from /home/ubuntu/airflow-venv/lib/python3.12/site-packages/airflow/example_dags/example_nested_branch_dag.py
[2026-02-24T18:15:51.986+0000] {processor.py:925} INFO - DAG(s) 'example_nested_branch_dag' retrieved from /home/ubuntu/airflow-venv/lib/python3.12/site-packages/airflow/example_dags/example_nested_branch_dag.py
[2026-02-24T18:15:51.999+0000] {logging_mixin.py:190} INFO - [2026-02-24T18:15:51.998+0000] {dag.py:3239} INFO - Sync 1 DAGs
[2026-02-24T18:15:52.014+0000] {logging_mixin.py:190} INFO - [2026-02-24T18:15:52.014+0000] {dag.py:4180} INFO - Setting next_dagrun for example_nested_branch_dag to 2026-02-23 00:00:00+00:00, run_after=2026-02-24 00:00:00+00:00
[2026-02-24T18:15:52.031+0000] {processor.py:208} INFO - Processing /home/ubuntu/airflow-venv/lib/python3.12/site-packages/airflow/example_dags/example_nested_branch_dag.py took 0.061 seconds
[2026-02-24T18:16:41.597+0000] {processor.py:186} INFO - Started process (PID=45501) to work on /home/ubuntu/airflow-venv/lib/python3.12/site-packages/airflow/example_dags/example_nested_branch_dag.py
[2026-02-24T18:16:41.598+0000] {processor.py:914} INFO - Processing file /home/ubuntu/airflow-venv/lib/python3.12/site-packages/airflow/example_dags/example_nested_branch_dag.py for tasks to queue
[2026-02-24T18:16:41.600+0000] {logging_mixin.py:190} INFO - [2026-02-24T18:16:41.600+0000] {dagbag.py:588} INFO - Filling up the DagBag from /home/ubuntu/airflow-venv/lib/python3.12/site-packages/airflow/example_dags/example_nested_branch_dag.py
[2026-02-24T18:16:41.609+0000] {processor.py:925} INFO - DAG(s) 'example_nested_branch_dag' retrieved from /home/ubuntu/airflow-venv/lib/python3.12/site-packages/airflow/example_dags/example_nested_branch_dag.py
[2026-02-24T18:16:41.621+0000] {logging_mixin.py:190} INFO - [2026-02-24T18:16:41.621+0000] {dag.py:3239} INFO - Sync 1 DAGs
[2026-02-24T18:16:41.637+0000] {logging_mixin.py:190} INFO - [2026-02-24T18:16:41.636+0000] {dag.py:4180} INFO - Setting next_dagrun for example_nested_branch_dag to 2026-02-23 00:00:00+00:00, run_after=2026-02-24 00:00:00+00:00
[2026-02-24T18:16:41.654+0000] {processor.py:208} INFO - Processing /home/ubuntu/airflow-venv/lib/python3.12/site-packages/airflow/example_dags/example_nested_branch_dag.py took 0.062 seconds
[2026-02-24T18:17:32.254+0000] {processor.py:186} INFO - Started process (PID=45557) to work on /home/ubuntu/airflow-venv/lib/python3.12/site-packages/airflow/example_dags/example_nested_branch_dag.py
[2026-02-24T18:17:32.255+0000] {processor.py:914} INFO - Processing file /home/ubuntu/airflow-venv/lib/python3.12/site-packages/airflow/example_dags/example_nested_branch_dag.py for tasks to queue
[2026-02-24T18:17:32.257+0000] {logging_mixin.py:190} INFO - [2026-02-24T18:17:32.257+0000] {dagbag.py:588} INFO - Filling up the DagBag from /home/ubuntu/airflow-venv/lib/python3.12/site-packages/airflow/example_dags/example_nested_branch_dag.py
[2026-02-24T18:17:32.266+0000] {processor.py:925} INFO - DAG(s) 'example_nested_branch_dag' retrieved from /home/ubuntu/airflow-venv/lib/python3.12/site-packages/airflow/example_dags/example_nested_branch_dag.py
[2026-02-24T18:17:32.278+0000] {logging_mixin.py:190} INFO - [2026-02-24T18:17:32.278+0000] {dag.py:3239} INFO - Sync 1 DAGs
[2026-02-24T18:17:32.294+0000] {logging_mixin.py:190} INFO - [2026-02-24T18:17:32.293+0000] {dag.py:4180} INFO - Setting next_dagrun for example_nested_branch_dag to 2026-02-23 00:00:00+00:00, run_after=2026-02-24 00:00:00+00:00
[2026-02-24T18:17:32.313+0000] {processor.py:208} INFO - Processing /home/ubuntu/airflow-venv/lib/python3.12/site-packages/airflow/example_dags/example_nested_branch_dag.py took 0.063 seconds
[2026-02-24T18:18:25.933+0000] {processor.py:186} INFO - Started process (PID=45613) to work on /home/ubuntu/airflow-venv/lib/python3.12/site-packages/airflow/example_dags/example_nested_branch_dag.py
[2026-02-24T18:18:25.934+0000] {processor.py:914} INFO - Processing file /home/ubuntu/airflow-venv/lib/python3.12/site-packages/airflow/example_dags/example_nested_branch_dag.py for tasks to queue
[2026-02-24T18:18:25.936+0000] {logging_mixin.py:190} INFO - [2026-02-24T18:18:25.936+0000] {dagbag.py:588} INFO - Filling up the DagBag from /home/ubuntu/airflow-venv/lib/python3.12/site-packages/airflow/example_dags/example_nested_branch_dag.py
[2026-02-24T18:18:25.945+0000] {processor.py:925} INFO - DAG(s) 'example_nested_branch_dag' retrieved from /home/ubuntu/airflow-venv/lib/python3.12/site-packages/airflow/example_dags/example_nested_branch_dag.py
[2026-02-24T18:18:25.958+0000] {logging_mixin.py:190} INFO - [2026-02-24T18:18:25.958+0000] {dag.py:3239} INFO - Sync 1 DAGs
[2026-02-24T18:18:25.973+0000] {logging_mixin.py:190} INFO - [2026-02-24T18:18:25.972+0000] {dag.py:4180} INFO - Setting next_dagrun for example_nested_branch_dag to 2026-02-23 00:00:00+00:00, run_after=2026-02-24 00:00:00+00:00
[2026-02-24T18:18:25.991+0000] {processor.py:208} INFO - Processing /home/ubuntu/airflow-venv/lib/python3.12/site-packages/airflow/example_dags/example_nested_branch_dag.py took 0.063 seconds
[2026-02-24T18:19:16.135+0000] {processor.py:186} INFO - Started process (PID=45664) to work on /home/ubuntu/airflow-venv/lib/python3.12/site-packages/airflow/example_dags/example_nested_branch_dag.py
[2026-02-24T18:19:16.136+0000] {processor.py:914} INFO - Processing file /home/ubuntu/airflow-venv/lib/python3.12/site-packages/airflow/example_dags/example_nested_branch_dag.py for tasks to queue
[2026-02-24T18:19:16.138+0000] {logging_mixin.py:190} INFO - [2026-02-24T18:19:16.137+0000] {dagbag.py:588} INFO - Filling up the DagBag from /home/ubuntu/airflow-venv/lib/python3.12/site-packages/airflow/example_dags/example_nested_branch_dag.py
[2026-02-24T18:19:16.146+0000] {processor.py:925} INFO - DAG(s) 'example_nested_branch_dag' retrieved from /home/ubuntu/airflow-venv/lib/python3.12/site-packages/airflow/example_dags/example_nested_branch_dag.py
[2026-02-24T18:19:16.159+0000] {logging_mixin.py:190} INFO - [2026-02-24T18:19:16.159+0000] {dag.py:3239} INFO - Sync 1 DAGs
[2026-02-24T18:19:16.173+0000] {logging_mixin.py:190} INFO - [2026-02-24T18:19:16.173+0000] {dag.py:4180} INFO - Setting next_dagrun for example_nested_branch_dag to 2026-02-23 00:00:00+00:00, run_after=2026-02-24 00:00:00+00:00
[2026-02-24T18:19:16.191+0000] {processor.py:208} INFO - Processing /home/ubuntu/airflow-venv/lib/python3.12/site-packages/airflow/example_dags/example_nested_branch_dag.py took 0.061 seconds
[2026-02-24T18:20:08.191+0000] {processor.py:186} INFO - Started process (PID=45719) to work on /home/ubuntu/airflow-venv/lib/python3.12/site-packages/airflow/example_dags/example_nested_branch_dag.py
[2026-02-24T18:20:08.192+0000] {processor.py:914} INFO - Processing file /home/ubuntu/airflow-venv/lib/python3.12/site-packages/airflow/example_dags/example_nested_branch_dag.py for tasks to queue
[2026-02-24T18:20:08.193+0000] {logging_mixin.py:190} INFO - [2026-02-24T18:20:08.193+0000] {dagbag.py:588} INFO - Filling up the DagBag from /home/ubuntu/airflow-venv/lib/python3.12/site-packages/airflow/example_dags/example_nested_branch_dag.py
[2026-02-24T18:20:08.202+0000] {processor.py:925} INFO - DAG(s) 'example_nested_branch_dag' retrieved from /home/ubuntu/airflow-venv/lib/python3.12/site-packages/airflow/example_dags/example_nested_branch_dag.py
[2026-02-24T18:20:08.214+0000] {logging_mixin.py:190} INFO - [2026-02-24T18:20:08.214+0000] {dag.py:3239} INFO - Sync 1 DAGs
[2026-02-24T18:20:08.229+0000] {logging_mixin.py:190} INFO - [2026-02-24T18:20:08.229+0000] {dag.py:4180} INFO - Setting next_dagrun for example_nested_branch_dag to 2026-02-23 00:00:00+00:00, run_after=2026-02-24 00:00:00+00:00
[2026-02-24T18:20:08.248+0000] {processor.py:208} INFO - Processing /home/ubuntu/airflow-venv/lib/python3.12/site-packages/airflow/example_dags/example_nested_branch_dag.py took 0.062 seconds
