[2026-02-24T17:59:16.568+0000] {processor.py:186} INFO - Started process (PID=43655) to work on /home/ubuntu/airflow-venv/lib/python3.12/site-packages/airflow/example_dags/example_setup_teardown_taskflow.py
[2026-02-24T17:59:16.569+0000] {processor.py:914} INFO - Processing file /home/ubuntu/airflow-venv/lib/python3.12/site-packages/airflow/example_dags/example_setup_teardown_taskflow.py for tasks to queue
[2026-02-24T17:59:16.570+0000] {logging_mixin.py:190} INFO - [2026-02-24T17:59:16.570+0000] {dagbag.py:588} INFO - Filling up the DagBag from /home/ubuntu/airflow-venv/lib/python3.12/site-packages/airflow/example_dags/example_setup_teardown_taskflow.py
[2026-02-24T17:59:16.577+0000] {processor.py:925} INFO - DAG(s) 'example_setup_teardown_taskflow' retrieved from /home/ubuntu/airflow-venv/lib/python3.12/site-packages/airflow/example_dags/example_setup_teardown_taskflow.py
[2026-02-24T17:59:16.653+0000] {logging_mixin.py:190} INFO - [2026-02-24T17:59:16.653+0000] {override.py:1900} INFO - Created Permission View: can edit on DAG:example_setup_teardown_taskflow
[2026-02-24T17:59:16.664+0000] {logging_mixin.py:190} INFO - [2026-02-24T17:59:16.664+0000] {override.py:1900} INFO - Created Permission View: can delete on DAG:example_setup_teardown_taskflow
[2026-02-24T17:59:16.673+0000] {logging_mixin.py:190} INFO - [2026-02-24T17:59:16.673+0000] {override.py:1900} INFO - Created Permission View: can read on DAG:example_setup_teardown_taskflow
[2026-02-24T17:59:16.688+0000] {logging_mixin.py:190} INFO - [2026-02-24T17:59:16.688+0000] {override.py:1900} INFO - Created Permission View: can delete on DAG Run:example_setup_teardown_taskflow
[2026-02-24T17:59:16.697+0000] {logging_mixin.py:190} INFO - [2026-02-24T17:59:16.696+0000] {override.py:1900} INFO - Created Permission View: menu access on DAG Run:example_setup_teardown_taskflow
[2026-02-24T17:59:16.706+0000] {logging_mixin.py:190} INFO - [2026-02-24T17:59:16.706+0000] {override.py:1900} INFO - Created Permission View: can create on DAG Run:example_setup_teardown_taskflow
[2026-02-24T17:59:16.714+0000] {logging_mixin.py:190} INFO - [2026-02-24T17:59:16.714+0000] {override.py:1900} INFO - Created Permission View: can read on DAG Run:example_setup_teardown_taskflow
[2026-02-24T17:59:16.714+0000] {logging_mixin.py:190} INFO - [2026-02-24T17:59:16.714+0000] {dag.py:3239} INFO - Sync 1 DAGs
[2026-02-24T17:59:16.723+0000] {logging_mixin.py:190} INFO - [2026-02-24T17:59:16.723+0000] {dag.py:3262} INFO - Creating ORM DAG for example_setup_teardown_taskflow
[2026-02-24T17:59:16.723+0000] {logging_mixin.py:190} INFO - [2026-02-24T17:59:16.723+0000] {dag.py:4180} INFO - Setting next_dagrun for example_setup_teardown_taskflow to None, run_after=None
[2026-02-24T17:59:16.741+0000] {processor.py:208} INFO - Processing /home/ubuntu/airflow-venv/lib/python3.12/site-packages/airflow/example_dags/example_setup_teardown_taskflow.py took 0.177 seconds
[2026-02-24T18:00:16.104+0000] {processor.py:186} INFO - Started process (PID=43714) to work on /home/ubuntu/airflow-venv/lib/python3.12/site-packages/airflow/example_dags/example_setup_teardown_taskflow.py
[2026-02-24T18:00:16.105+0000] {processor.py:914} INFO - Processing file /home/ubuntu/airflow-venv/lib/python3.12/site-packages/airflow/example_dags/example_setup_teardown_taskflow.py for tasks to queue
[2026-02-24T18:00:16.107+0000] {logging_mixin.py:190} INFO - [2026-02-24T18:00:16.107+0000] {dagbag.py:588} INFO - Filling up the DagBag from /home/ubuntu/airflow-venv/lib/python3.12/site-packages/airflow/example_dags/example_setup_teardown_taskflow.py
[2026-02-24T18:00:16.115+0000] {processor.py:925} INFO - DAG(s) 'example_setup_teardown_taskflow' retrieved from /home/ubuntu/airflow-venv/lib/python3.12/site-packages/airflow/example_dags/example_setup_teardown_taskflow.py
[2026-02-24T18:00:16.128+0000] {logging_mixin.py:190} INFO - [2026-02-24T18:00:16.127+0000] {dag.py:3239} INFO - Sync 1 DAGs
[2026-02-24T18:00:16.136+0000] {logging_mixin.py:190} INFO - [2026-02-24T18:00:16.136+0000] {dag.py:4180} INFO - Setting next_dagrun for example_setup_teardown_taskflow to None, run_after=None
[2026-02-24T18:00:16.154+0000] {processor.py:208} INFO - Processing /home/ubuntu/airflow-venv/lib/python3.12/site-packages/airflow/example_dags/example_setup_teardown_taskflow.py took 0.054 seconds
[2026-02-24T18:01:09.641+0000] {processor.py:186} INFO - Started process (PID=43776) to work on /home/ubuntu/airflow-venv/lib/python3.12/site-packages/airflow/example_dags/example_setup_teardown_taskflow.py
[2026-02-24T18:01:09.643+0000] {processor.py:914} INFO - Processing file /home/ubuntu/airflow-venv/lib/python3.12/site-packages/airflow/example_dags/example_setup_teardown_taskflow.py for tasks to queue
[2026-02-24T18:01:09.644+0000] {logging_mixin.py:190} INFO - [2026-02-24T18:01:09.644+0000] {dagbag.py:588} INFO - Filling up the DagBag from /home/ubuntu/airflow-venv/lib/python3.12/site-packages/airflow/example_dags/example_setup_teardown_taskflow.py
[2026-02-24T18:01:09.652+0000] {processor.py:925} INFO - DAG(s) 'example_setup_teardown_taskflow' retrieved from /home/ubuntu/airflow-venv/lib/python3.12/site-packages/airflow/example_dags/example_setup_teardown_taskflow.py
[2026-02-24T18:01:09.665+0000] {logging_mixin.py:190} INFO - [2026-02-24T18:01:09.665+0000] {dag.py:3239} INFO - Sync 1 DAGs
[2026-02-24T18:01:09.674+0000] {logging_mixin.py:190} INFO - [2026-02-24T18:01:09.674+0000] {dag.py:4180} INFO - Setting next_dagrun for example_setup_teardown_taskflow to None, run_after=None
[2026-02-24T18:01:09.692+0000] {processor.py:208} INFO - Processing /home/ubuntu/airflow-venv/lib/python3.12/site-packages/airflow/example_dags/example_setup_teardown_taskflow.py took 0.054 seconds
[2026-02-24T18:02:06.121+0000] {processor.py:186} INFO - Started process (PID=43834) to work on /home/ubuntu/airflow-venv/lib/python3.12/site-packages/airflow/example_dags/example_setup_teardown_taskflow.py
[2026-02-24T18:02:06.122+0000] {processor.py:914} INFO - Processing file /home/ubuntu/airflow-venv/lib/python3.12/site-packages/airflow/example_dags/example_setup_teardown_taskflow.py for tasks to queue
[2026-02-24T18:02:06.124+0000] {logging_mixin.py:190} INFO - [2026-02-24T18:02:06.124+0000] {dagbag.py:588} INFO - Filling up the DagBag from /home/ubuntu/airflow-venv/lib/python3.12/site-packages/airflow/example_dags/example_setup_teardown_taskflow.py
[2026-02-24T18:02:06.132+0000] {processor.py:925} INFO - DAG(s) 'example_setup_teardown_taskflow' retrieved from /home/ubuntu/airflow-venv/lib/python3.12/site-packages/airflow/example_dags/example_setup_teardown_taskflow.py
[2026-02-24T18:02:06.144+0000] {logging_mixin.py:190} INFO - [2026-02-24T18:02:06.144+0000] {dag.py:3239} INFO - Sync 1 DAGs
[2026-02-24T18:02:06.154+0000] {logging_mixin.py:190} INFO - [2026-02-24T18:02:06.154+0000] {dag.py:4180} INFO - Setting next_dagrun for example_setup_teardown_taskflow to None, run_after=None
[2026-02-24T18:02:06.171+0000] {processor.py:208} INFO - Processing /home/ubuntu/airflow-venv/lib/python3.12/site-packages/airflow/example_dags/example_setup_teardown_taskflow.py took 0.055 seconds
[2026-02-24T18:03:00.119+0000] {processor.py:186} INFO - Started process (PID=44260) to work on /home/ubuntu/airflow-venv/lib/python3.12/site-packages/airflow/example_dags/example_setup_teardown_taskflow.py
[2026-02-24T18:03:00.120+0000] {processor.py:914} INFO - Processing file /home/ubuntu/airflow-venv/lib/python3.12/site-packages/airflow/example_dags/example_setup_teardown_taskflow.py for tasks to queue
[2026-02-24T18:03:00.122+0000] {logging_mixin.py:190} INFO - [2026-02-24T18:03:00.122+0000] {dagbag.py:588} INFO - Filling up the DagBag from /home/ubuntu/airflow-venv/lib/python3.12/site-packages/airflow/example_dags/example_setup_teardown_taskflow.py
[2026-02-24T18:03:00.129+0000] {processor.py:925} INFO - DAG(s) 'example_setup_teardown_taskflow' retrieved from /home/ubuntu/airflow-venv/lib/python3.12/site-packages/airflow/example_dags/example_setup_teardown_taskflow.py
[2026-02-24T18:03:00.142+0000] {logging_mixin.py:190} INFO - [2026-02-24T18:03:00.142+0000] {dag.py:3239} INFO - Sync 1 DAGs
[2026-02-24T18:03:00.150+0000] {logging_mixin.py:190} INFO - [2026-02-24T18:03:00.150+0000] {dag.py:4180} INFO - Setting next_dagrun for example_setup_teardown_taskflow to None, run_after=None
[2026-02-24T18:03:00.168+0000] {processor.py:208} INFO - Processing /home/ubuntu/airflow-venv/lib/python3.12/site-packages/airflow/example_dags/example_setup_teardown_taskflow.py took 0.053 seconds
[2026-02-24T18:03:50.158+0000] {processor.py:186} INFO - Started process (PID=44314) to work on /home/ubuntu/airflow-venv/lib/python3.12/site-packages/airflow/example_dags/example_setup_teardown_taskflow.py
[2026-02-24T18:03:50.160+0000] {processor.py:914} INFO - Processing file /home/ubuntu/airflow-venv/lib/python3.12/site-packages/airflow/example_dags/example_setup_teardown_taskflow.py for tasks to queue
[2026-02-24T18:03:50.162+0000] {logging_mixin.py:190} INFO - [2026-02-24T18:03:50.161+0000] {dagbag.py:588} INFO - Filling up the DagBag from /home/ubuntu/airflow-venv/lib/python3.12/site-packages/airflow/example_dags/example_setup_teardown_taskflow.py
[2026-02-24T18:03:50.169+0000] {processor.py:925} INFO - DAG(s) 'example_setup_teardown_taskflow' retrieved from /home/ubuntu/airflow-venv/lib/python3.12/site-packages/airflow/example_dags/example_setup_teardown_taskflow.py
[2026-02-24T18:03:50.182+0000] {logging_mixin.py:190} INFO - [2026-02-24T18:03:50.182+0000] {dag.py:3239} INFO - Sync 1 DAGs
[2026-02-24T18:03:50.191+0000] {logging_mixin.py:190} INFO - [2026-02-24T18:03:50.191+0000] {dag.py:4180} INFO - Setting next_dagrun for example_setup_teardown_taskflow to None, run_after=None
[2026-02-24T18:03:50.209+0000] {processor.py:208} INFO - Processing /home/ubuntu/airflow-venv/lib/python3.12/site-packages/airflow/example_dags/example_setup_teardown_taskflow.py took 0.054 seconds
[2026-02-24T18:04:38.699+0000] {processor.py:186} INFO - Started process (PID=44731) to work on /home/ubuntu/airflow-venv/lib/python3.12/site-packages/airflow/example_dags/example_setup_teardown_taskflow.py
[2026-02-24T18:04:38.700+0000] {processor.py:914} INFO - Processing file /home/ubuntu/airflow-venv/lib/python3.12/site-packages/airflow/example_dags/example_setup_teardown_taskflow.py for tasks to queue
[2026-02-24T18:04:38.702+0000] {logging_mixin.py:190} INFO - [2026-02-24T18:04:38.701+0000] {dagbag.py:588} INFO - Filling up the DagBag from /home/ubuntu/airflow-venv/lib/python3.12/site-packages/airflow/example_dags/example_setup_teardown_taskflow.py
[2026-02-24T18:04:38.709+0000] {processor.py:925} INFO - DAG(s) 'example_setup_teardown_taskflow' retrieved from /home/ubuntu/airflow-venv/lib/python3.12/site-packages/airflow/example_dags/example_setup_teardown_taskflow.py
[2026-02-24T18:04:38.722+0000] {logging_mixin.py:190} INFO - [2026-02-24T18:04:38.722+0000] {dag.py:3239} INFO - Sync 1 DAGs
[2026-02-24T18:04:38.731+0000] {logging_mixin.py:190} INFO - [2026-02-24T18:04:38.731+0000] {dag.py:4180} INFO - Setting next_dagrun for example_setup_teardown_taskflow to None, run_after=None
[2026-02-24T18:04:38.749+0000] {processor.py:208} INFO - Processing /home/ubuntu/airflow-venv/lib/python3.12/site-packages/airflow/example_dags/example_setup_teardown_taskflow.py took 0.055 seconds
[2026-02-24T18:05:31.811+0000] {processor.py:186} INFO - Started process (PID=44788) to work on /home/ubuntu/airflow-venv/lib/python3.12/site-packages/airflow/example_dags/example_setup_teardown_taskflow.py
[2026-02-24T18:05:31.812+0000] {processor.py:914} INFO - Processing file /home/ubuntu/airflow-venv/lib/python3.12/site-packages/airflow/example_dags/example_setup_teardown_taskflow.py for tasks to queue
[2026-02-24T18:05:31.814+0000] {logging_mixin.py:190} INFO - [2026-02-24T18:05:31.814+0000] {dagbag.py:588} INFO - Filling up the DagBag from /home/ubuntu/airflow-venv/lib/python3.12/site-packages/airflow/example_dags/example_setup_teardown_taskflow.py
[2026-02-24T18:05:31.822+0000] {processor.py:925} INFO - DAG(s) 'example_setup_teardown_taskflow' retrieved from /home/ubuntu/airflow-venv/lib/python3.12/site-packages/airflow/example_dags/example_setup_teardown_taskflow.py
[2026-02-24T18:05:31.925+0000] {logging_mixin.py:190} INFO - [2026-02-24T18:05:31.924+0000] {dag.py:3239} INFO - Sync 1 DAGs
[2026-02-24T18:05:31.932+0000] {logging_mixin.py:190} INFO - [2026-02-24T18:05:31.931+0000] {dag.py:4180} INFO - Setting next_dagrun for example_setup_teardown_taskflow to None, run_after=None
[2026-02-24T18:05:31.948+0000] {processor.py:208} INFO - Processing /home/ubuntu/airflow-venv/lib/python3.12/site-packages/airflow/example_dags/example_setup_teardown_taskflow.py took 0.141 seconds
[2026-02-24T18:06:28.935+0000] {processor.py:186} INFO - Started process (PID=44853) to work on /home/ubuntu/airflow-venv/lib/python3.12/site-packages/airflow/example_dags/example_setup_teardown_taskflow.py
[2026-02-24T18:06:28.937+0000] {processor.py:914} INFO - Processing file /home/ubuntu/airflow-venv/lib/python3.12/site-packages/airflow/example_dags/example_setup_teardown_taskflow.py for tasks to queue
[2026-02-24T18:06:28.938+0000] {logging_mixin.py:190} INFO - [2026-02-24T18:06:28.938+0000] {dagbag.py:588} INFO - Filling up the DagBag from /home/ubuntu/airflow-venv/lib/python3.12/site-packages/airflow/example_dags/example_setup_teardown_taskflow.py
[2026-02-24T18:06:28.946+0000] {processor.py:925} INFO - DAG(s) 'example_setup_teardown_taskflow' retrieved from /home/ubuntu/airflow-venv/lib/python3.12/site-packages/airflow/example_dags/example_setup_teardown_taskflow.py
[2026-02-24T18:06:28.959+0000] {logging_mixin.py:190} INFO - [2026-02-24T18:06:28.959+0000] {dag.py:3239} INFO - Sync 1 DAGs
[2026-02-24T18:06:28.969+0000] {logging_mixin.py:190} INFO - [2026-02-24T18:06:28.968+0000] {dag.py:4180} INFO - Setting next_dagrun for example_setup_teardown_taskflow to None, run_after=None
[2026-02-24T18:06:28.986+0000] {processor.py:208} INFO - Processing /home/ubuntu/airflow-venv/lib/python3.12/site-packages/airflow/example_dags/example_setup_teardown_taskflow.py took 0.055 seconds
[2026-02-24T18:07:19.600+0000] {processor.py:186} INFO - Started process (PID=44907) to work on /home/ubuntu/airflow-venv/lib/python3.12/site-packages/airflow/example_dags/example_setup_teardown_taskflow.py
[2026-02-24T18:07:19.602+0000] {processor.py:914} INFO - Processing file /home/ubuntu/airflow-venv/lib/python3.12/site-packages/airflow/example_dags/example_setup_teardown_taskflow.py for tasks to queue
[2026-02-24T18:07:19.603+0000] {logging_mixin.py:190} INFO - [2026-02-24T18:07:19.603+0000] {dagbag.py:588} INFO - Filling up the DagBag from /home/ubuntu/airflow-venv/lib/python3.12/site-packages/airflow/example_dags/example_setup_teardown_taskflow.py
[2026-02-24T18:07:19.612+0000] {processor.py:925} INFO - DAG(s) 'example_setup_teardown_taskflow' retrieved from /home/ubuntu/airflow-venv/lib/python3.12/site-packages/airflow/example_dags/example_setup_teardown_taskflow.py
[2026-02-24T18:07:19.624+0000] {logging_mixin.py:190} INFO - [2026-02-24T18:07:19.623+0000] {dag.py:3239} INFO - Sync 1 DAGs
[2026-02-24T18:07:19.633+0000] {logging_mixin.py:190} INFO - [2026-02-24T18:07:19.633+0000] {dag.py:4180} INFO - Setting next_dagrun for example_setup_teardown_taskflow to None, run_after=None
[2026-02-24T18:07:19.651+0000] {processor.py:208} INFO - Processing /home/ubuntu/airflow-venv/lib/python3.12/site-packages/airflow/example_dags/example_setup_teardown_taskflow.py took 0.055 seconds
[2026-02-24T18:08:09.128+0000] {processor.py:186} INFO - Started process (PID=44958) to work on /home/ubuntu/airflow-venv/lib/python3.12/site-packages/airflow/example_dags/example_setup_teardown_taskflow.py
[2026-02-24T18:08:09.129+0000] {processor.py:914} INFO - Processing file /home/ubuntu/airflow-venv/lib/python3.12/site-packages/airflow/example_dags/example_setup_teardown_taskflow.py for tasks to queue
[2026-02-24T18:08:09.131+0000] {logging_mixin.py:190} INFO - [2026-02-24T18:08:09.130+0000] {dagbag.py:588} INFO - Filling up the DagBag from /home/ubuntu/airflow-venv/lib/python3.12/site-packages/airflow/example_dags/example_setup_teardown_taskflow.py
[2026-02-24T18:08:09.138+0000] {processor.py:925} INFO - DAG(s) 'example_setup_teardown_taskflow' retrieved from /home/ubuntu/airflow-venv/lib/python3.12/site-packages/airflow/example_dags/example_setup_teardown_taskflow.py
[2026-02-24T18:08:09.151+0000] {logging_mixin.py:190} INFO - [2026-02-24T18:08:09.151+0000] {dag.py:3239} INFO - Sync 1 DAGs
[2026-02-24T18:08:09.160+0000] {logging_mixin.py:190} INFO - [2026-02-24T18:08:09.160+0000] {dag.py:4180} INFO - Setting next_dagrun for example_setup_teardown_taskflow to None, run_after=None
[2026-02-24T18:08:09.178+0000] {processor.py:208} INFO - Processing /home/ubuntu/airflow-venv/lib/python3.12/site-packages/airflow/example_dags/example_setup_teardown_taskflow.py took 0.055 seconds
[2026-02-24T18:08:59.778+0000] {processor.py:186} INFO - Started process (PID=45012) to work on /home/ubuntu/airflow-venv/lib/python3.12/site-packages/airflow/example_dags/example_setup_teardown_taskflow.py
[2026-02-24T18:08:59.779+0000] {processor.py:914} INFO - Processing file /home/ubuntu/airflow-venv/lib/python3.12/site-packages/airflow/example_dags/example_setup_teardown_taskflow.py for tasks to queue
[2026-02-24T18:08:59.781+0000] {logging_mixin.py:190} INFO - [2026-02-24T18:08:59.780+0000] {dagbag.py:588} INFO - Filling up the DagBag from /home/ubuntu/airflow-venv/lib/python3.12/site-packages/airflow/example_dags/example_setup_teardown_taskflow.py
[2026-02-24T18:08:59.789+0000] {processor.py:925} INFO - DAG(s) 'example_setup_teardown_taskflow' retrieved from /home/ubuntu/airflow-venv/lib/python3.12/site-packages/airflow/example_dags/example_setup_teardown_taskflow.py
[2026-02-24T18:08:59.802+0000] {logging_mixin.py:190} INFO - [2026-02-24T18:08:59.802+0000] {dag.py:3239} INFO - Sync 1 DAGs
[2026-02-24T18:08:59.811+0000] {logging_mixin.py:190} INFO - [2026-02-24T18:08:59.811+0000] {dag.py:4180} INFO - Setting next_dagrun for example_setup_teardown_taskflow to None, run_after=None
[2026-02-24T18:08:59.830+0000] {processor.py:208} INFO - Processing /home/ubuntu/airflow-venv/lib/python3.12/site-packages/airflow/example_dags/example_setup_teardown_taskflow.py took 0.056 seconds
[2026-02-24T18:09:48.320+0000] {processor.py:186} INFO - Started process (PID=45063) to work on /home/ubuntu/airflow-venv/lib/python3.12/site-packages/airflow/example_dags/example_setup_teardown_taskflow.py
[2026-02-24T18:09:48.321+0000] {processor.py:914} INFO - Processing file /home/ubuntu/airflow-venv/lib/python3.12/site-packages/airflow/example_dags/example_setup_teardown_taskflow.py for tasks to queue
[2026-02-24T18:09:48.323+0000] {logging_mixin.py:190} INFO - [2026-02-24T18:09:48.323+0000] {dagbag.py:588} INFO - Filling up the DagBag from /home/ubuntu/airflow-venv/lib/python3.12/site-packages/airflow/example_dags/example_setup_teardown_taskflow.py
[2026-02-24T18:09:48.331+0000] {processor.py:925} INFO - DAG(s) 'example_setup_teardown_taskflow' retrieved from /home/ubuntu/airflow-venv/lib/python3.12/site-packages/airflow/example_dags/example_setup_teardown_taskflow.py
[2026-02-24T18:09:48.343+0000] {logging_mixin.py:190} INFO - [2026-02-24T18:09:48.343+0000] {dag.py:3239} INFO - Sync 1 DAGs
[2026-02-24T18:09:48.353+0000] {logging_mixin.py:190} INFO - [2026-02-24T18:09:48.352+0000] {dag.py:4180} INFO - Setting next_dagrun for example_setup_teardown_taskflow to None, run_after=None
[2026-02-24T18:09:48.370+0000] {processor.py:208} INFO - Processing /home/ubuntu/airflow-venv/lib/python3.12/site-packages/airflow/example_dags/example_setup_teardown_taskflow.py took 0.055 seconds
[2026-02-24T18:10:39.761+0000] {processor.py:186} INFO - Started process (PID=45119) to work on /home/ubuntu/airflow-venv/lib/python3.12/site-packages/airflow/example_dags/example_setup_teardown_taskflow.py
[2026-02-24T18:10:39.762+0000] {processor.py:914} INFO - Processing file /home/ubuntu/airflow-venv/lib/python3.12/site-packages/airflow/example_dags/example_setup_teardown_taskflow.py for tasks to queue
[2026-02-24T18:10:39.764+0000] {logging_mixin.py:190} INFO - [2026-02-24T18:10:39.763+0000] {dagbag.py:588} INFO - Filling up the DagBag from /home/ubuntu/airflow-venv/lib/python3.12/site-packages/airflow/example_dags/example_setup_teardown_taskflow.py
[2026-02-24T18:10:39.772+0000] {processor.py:925} INFO - DAG(s) 'example_setup_teardown_taskflow' retrieved from /home/ubuntu/airflow-venv/lib/python3.12/site-packages/airflow/example_dags/example_setup_teardown_taskflow.py
[2026-02-24T18:10:39.784+0000] {logging_mixin.py:190} INFO - [2026-02-24T18:10:39.784+0000] {dag.py:3239} INFO - Sync 1 DAGs
[2026-02-24T18:10:39.793+0000] {logging_mixin.py:190} INFO - [2026-02-24T18:10:39.793+0000] {dag.py:4180} INFO - Setting next_dagrun for example_setup_teardown_taskflow to None, run_after=None
[2026-02-24T18:10:39.811+0000] {processor.py:208} INFO - Processing /home/ubuntu/airflow-venv/lib/python3.12/site-packages/airflow/example_dags/example_setup_teardown_taskflow.py took 0.055 seconds
[2026-02-24T18:11:29.383+0000] {processor.py:186} INFO - Started process (PID=45171) to work on /home/ubuntu/airflow-venv/lib/python3.12/site-packages/airflow/example_dags/example_setup_teardown_taskflow.py
[2026-02-24T18:11:29.385+0000] {processor.py:914} INFO - Processing file /home/ubuntu/airflow-venv/lib/python3.12/site-packages/airflow/example_dags/example_setup_teardown_taskflow.py for tasks to queue
[2026-02-24T18:11:29.386+0000] {logging_mixin.py:190} INFO - [2026-02-24T18:11:29.386+0000] {dagbag.py:588} INFO - Filling up the DagBag from /home/ubuntu/airflow-venv/lib/python3.12/site-packages/airflow/example_dags/example_setup_teardown_taskflow.py
[2026-02-24T18:11:29.394+0000] {processor.py:925} INFO - DAG(s) 'example_setup_teardown_taskflow' retrieved from /home/ubuntu/airflow-venv/lib/python3.12/site-packages/airflow/example_dags/example_setup_teardown_taskflow.py
[2026-02-24T18:11:29.407+0000] {logging_mixin.py:190} INFO - [2026-02-24T18:11:29.407+0000] {dag.py:3239} INFO - Sync 1 DAGs
[2026-02-24T18:11:29.417+0000] {logging_mixin.py:190} INFO - [2026-02-24T18:11:29.416+0000] {dag.py:4180} INFO - Setting next_dagrun for example_setup_teardown_taskflow to None, run_after=None
[2026-02-24T18:11:29.435+0000] {processor.py:208} INFO - Processing /home/ubuntu/airflow-venv/lib/python3.12/site-packages/airflow/example_dags/example_setup_teardown_taskflow.py took 0.056 seconds
[2026-02-24T18:12:21.362+0000] {processor.py:186} INFO - Started process (PID=45225) to work on /home/ubuntu/airflow-venv/lib/python3.12/site-packages/airflow/example_dags/example_setup_teardown_taskflow.py
[2026-02-24T18:12:21.364+0000] {processor.py:914} INFO - Processing file /home/ubuntu/airflow-venv/lib/python3.12/site-packages/airflow/example_dags/example_setup_teardown_taskflow.py for tasks to queue
[2026-02-24T18:12:21.365+0000] {logging_mixin.py:190} INFO - [2026-02-24T18:12:21.365+0000] {dagbag.py:588} INFO - Filling up the DagBag from /home/ubuntu/airflow-venv/lib/python3.12/site-packages/airflow/example_dags/example_setup_teardown_taskflow.py
[2026-02-24T18:12:21.373+0000] {processor.py:925} INFO - DAG(s) 'example_setup_teardown_taskflow' retrieved from /home/ubuntu/airflow-venv/lib/python3.12/site-packages/airflow/example_dags/example_setup_teardown_taskflow.py
[2026-02-24T18:12:21.385+0000] {logging_mixin.py:190} INFO - [2026-02-24T18:12:21.385+0000] {dag.py:3239} INFO - Sync 1 DAGs
[2026-02-24T18:12:21.394+0000] {logging_mixin.py:190} INFO - [2026-02-24T18:12:21.394+0000] {dag.py:4180} INFO - Setting next_dagrun for example_setup_teardown_taskflow to None, run_after=None
[2026-02-24T18:12:21.412+0000] {processor.py:208} INFO - Processing /home/ubuntu/airflow-venv/lib/python3.12/site-packages/airflow/example_dags/example_setup_teardown_taskflow.py took 0.054 seconds
[2026-02-24T18:13:12.726+0000] {processor.py:186} INFO - Started process (PID=45279) to work on /home/ubuntu/airflow-venv/lib/python3.12/site-packages/airflow/example_dags/example_setup_teardown_taskflow.py
[2026-02-24T18:13:12.727+0000] {processor.py:914} INFO - Processing file /home/ubuntu/airflow-venv/lib/python3.12/site-packages/airflow/example_dags/example_setup_teardown_taskflow.py for tasks to queue
[2026-02-24T18:13:12.729+0000] {logging_mixin.py:190} INFO - [2026-02-24T18:13:12.728+0000] {dagbag.py:588} INFO - Filling up the DagBag from /home/ubuntu/airflow-venv/lib/python3.12/site-packages/airflow/example_dags/example_setup_teardown_taskflow.py
[2026-02-24T18:13:12.736+0000] {processor.py:925} INFO - DAG(s) 'example_setup_teardown_taskflow' retrieved from /home/ubuntu/airflow-venv/lib/python3.12/site-packages/airflow/example_dags/example_setup_teardown_taskflow.py
[2026-02-24T18:13:12.749+0000] {logging_mixin.py:190} INFO - [2026-02-24T18:13:12.748+0000] {dag.py:3239} INFO - Sync 1 DAGs
[2026-02-24T18:13:12.757+0000] {logging_mixin.py:190} INFO - [2026-02-24T18:13:12.757+0000] {dag.py:4180} INFO - Setting next_dagrun for example_setup_teardown_taskflow to None, run_after=None
[2026-02-24T18:13:12.775+0000] {processor.py:208} INFO - Processing /home/ubuntu/airflow-venv/lib/python3.12/site-packages/airflow/example_dags/example_setup_teardown_taskflow.py took 0.054 seconds
[2026-02-24T18:14:00.128+0000] {processor.py:186} INFO - Started process (PID=45329) to work on /home/ubuntu/airflow-venv/lib/python3.12/site-packages/airflow/example_dags/example_setup_teardown_taskflow.py
[2026-02-24T18:14:00.130+0000] {processor.py:914} INFO - Processing file /home/ubuntu/airflow-venv/lib/python3.12/site-packages/airflow/example_dags/example_setup_teardown_taskflow.py for tasks to queue
[2026-02-24T18:14:00.131+0000] {logging_mixin.py:190} INFO - [2026-02-24T18:14:00.131+0000] {dagbag.py:588} INFO - Filling up the DagBag from /home/ubuntu/airflow-venv/lib/python3.12/site-packages/airflow/example_dags/example_setup_teardown_taskflow.py
[2026-02-24T18:14:00.139+0000] {processor.py:925} INFO - DAG(s) 'example_setup_teardown_taskflow' retrieved from /home/ubuntu/airflow-venv/lib/python3.12/site-packages/airflow/example_dags/example_setup_teardown_taskflow.py
[2026-02-24T18:14:00.152+0000] {logging_mixin.py:190} INFO - [2026-02-24T18:14:00.152+0000] {dag.py:3239} INFO - Sync 1 DAGs
[2026-02-24T18:14:00.162+0000] {logging_mixin.py:190} INFO - [2026-02-24T18:14:00.161+0000] {dag.py:4180} INFO - Setting next_dagrun for example_setup_teardown_taskflow to None, run_after=None
[2026-02-24T18:14:00.180+0000] {processor.py:208} INFO - Processing /home/ubuntu/airflow-venv/lib/python3.12/site-packages/airflow/example_dags/example_setup_teardown_taskflow.py took 0.057 seconds
[2026-02-24T18:14:51.414+0000] {processor.py:186} INFO - Started process (PID=45381) to work on /home/ubuntu/airflow-venv/lib/python3.12/site-packages/airflow/example_dags/example_setup_teardown_taskflow.py
[2026-02-24T18:14:51.416+0000] {processor.py:914} INFO - Processing file /home/ubuntu/airflow-venv/lib/python3.12/site-packages/airflow/example_dags/example_setup_teardown_taskflow.py for tasks to queue
[2026-02-24T18:14:51.417+0000] {logging_mixin.py:190} INFO - [2026-02-24T18:14:51.417+0000] {dagbag.py:588} INFO - Filling up the DagBag from /home/ubuntu/airflow-venv/lib/python3.12/site-packages/airflow/example_dags/example_setup_teardown_taskflow.py
[2026-02-24T18:14:51.426+0000] {processor.py:925} INFO - DAG(s) 'example_setup_teardown_taskflow' retrieved from /home/ubuntu/airflow-venv/lib/python3.12/site-packages/airflow/example_dags/example_setup_teardown_taskflow.py
[2026-02-24T18:14:51.438+0000] {logging_mixin.py:190} INFO - [2026-02-24T18:14:51.438+0000] {dag.py:3239} INFO - Sync 1 DAGs
[2026-02-24T18:14:51.447+0000] {logging_mixin.py:190} INFO - [2026-02-24T18:14:51.447+0000] {dag.py:4180} INFO - Setting next_dagrun for example_setup_teardown_taskflow to None, run_after=None
[2026-02-24T18:14:51.465+0000] {processor.py:208} INFO - Processing /home/ubuntu/airflow-venv/lib/python3.12/site-packages/airflow/example_dags/example_setup_teardown_taskflow.py took 0.055 seconds
[2026-02-24T18:15:41.692+0000] {processor.py:186} INFO - Started process (PID=45437) to work on /home/ubuntu/airflow-venv/lib/python3.12/site-packages/airflow/example_dags/example_setup_teardown_taskflow.py
[2026-02-24T18:15:41.694+0000] {processor.py:914} INFO - Processing file /home/ubuntu/airflow-venv/lib/python3.12/site-packages/airflow/example_dags/example_setup_teardown_taskflow.py for tasks to queue
[2026-02-24T18:15:41.695+0000] {logging_mixin.py:190} INFO - [2026-02-24T18:15:41.695+0000] {dagbag.py:588} INFO - Filling up the DagBag from /home/ubuntu/airflow-venv/lib/python3.12/site-packages/airflow/example_dags/example_setup_teardown_taskflow.py
[2026-02-24T18:15:41.704+0000] {processor.py:925} INFO - DAG(s) 'example_setup_teardown_taskflow' retrieved from /home/ubuntu/airflow-venv/lib/python3.12/site-packages/airflow/example_dags/example_setup_teardown_taskflow.py
[2026-02-24T18:15:41.717+0000] {logging_mixin.py:190} INFO - [2026-02-24T18:15:41.717+0000] {dag.py:3239} INFO - Sync 1 DAGs
[2026-02-24T18:15:41.726+0000] {logging_mixin.py:190} INFO - [2026-02-24T18:15:41.726+0000] {dag.py:4180} INFO - Setting next_dagrun for example_setup_teardown_taskflow to None, run_after=None
[2026-02-24T18:15:41.745+0000] {processor.py:208} INFO - Processing /home/ubuntu/airflow-venv/lib/python3.12/site-packages/airflow/example_dags/example_setup_teardown_taskflow.py took 0.056 seconds
[2026-02-24T18:16:31.918+0000] {processor.py:186} INFO - Started process (PID=45491) to work on /home/ubuntu/airflow-venv/lib/python3.12/site-packages/airflow/example_dags/example_setup_teardown_taskflow.py
[2026-02-24T18:16:31.919+0000] {processor.py:914} INFO - Processing file /home/ubuntu/airflow-venv/lib/python3.12/site-packages/airflow/example_dags/example_setup_teardown_taskflow.py for tasks to queue
[2026-02-24T18:16:31.921+0000] {logging_mixin.py:190} INFO - [2026-02-24T18:16:31.920+0000] {dagbag.py:588} INFO - Filling up the DagBag from /home/ubuntu/airflow-venv/lib/python3.12/site-packages/airflow/example_dags/example_setup_teardown_taskflow.py
[2026-02-24T18:16:31.929+0000] {processor.py:925} INFO - DAG(s) 'example_setup_teardown_taskflow' retrieved from /home/ubuntu/airflow-venv/lib/python3.12/site-packages/airflow/example_dags/example_setup_teardown_taskflow.py
[2026-02-24T18:16:31.942+0000] {logging_mixin.py:190} INFO - [2026-02-24T18:16:31.941+0000] {dag.py:3239} INFO - Sync 1 DAGs
[2026-02-24T18:16:31.950+0000] {logging_mixin.py:190} INFO - [2026-02-24T18:16:31.950+0000] {dag.py:4180} INFO - Setting next_dagrun for example_setup_teardown_taskflow to None, run_after=None
[2026-02-24T18:16:31.968+0000] {processor.py:208} INFO - Processing /home/ubuntu/airflow-venv/lib/python3.12/site-packages/airflow/example_dags/example_setup_teardown_taskflow.py took 0.055 seconds
[2026-02-24T18:17:22.673+0000] {processor.py:186} INFO - Started process (PID=45547) to work on /home/ubuntu/airflow-venv/lib/python3.12/site-packages/airflow/example_dags/example_setup_teardown_taskflow.py
[2026-02-24T18:17:22.674+0000] {processor.py:914} INFO - Processing file /home/ubuntu/airflow-venv/lib/python3.12/site-packages/airflow/example_dags/example_setup_teardown_taskflow.py for tasks to queue
[2026-02-24T18:17:22.676+0000] {logging_mixin.py:190} INFO - [2026-02-24T18:17:22.676+0000] {dagbag.py:588} INFO - Filling up the DagBag from /home/ubuntu/airflow-venv/lib/python3.12/site-packages/airflow/example_dags/example_setup_teardown_taskflow.py
[2026-02-24T18:17:22.684+0000] {processor.py:925} INFO - DAG(s) 'example_setup_teardown_taskflow' retrieved from /home/ubuntu/airflow-venv/lib/python3.12/site-packages/airflow/example_dags/example_setup_teardown_taskflow.py
[2026-02-24T18:17:22.697+0000] {logging_mixin.py:190} INFO - [2026-02-24T18:17:22.697+0000] {dag.py:3239} INFO - Sync 1 DAGs
[2026-02-24T18:17:22.706+0000] {logging_mixin.py:190} INFO - [2026-02-24T18:17:22.706+0000] {dag.py:4180} INFO - Setting next_dagrun for example_setup_teardown_taskflow to None, run_after=None
[2026-02-24T18:17:22.725+0000] {processor.py:208} INFO - Processing /home/ubuntu/airflow-venv/lib/python3.12/site-packages/airflow/example_dags/example_setup_teardown_taskflow.py took 0.056 seconds
[2026-02-24T18:18:15.648+0000] {processor.py:186} INFO - Started process (PID=45603) to work on /home/ubuntu/airflow-venv/lib/python3.12/site-packages/airflow/example_dags/example_setup_teardown_taskflow.py
[2026-02-24T18:18:15.649+0000] {processor.py:914} INFO - Processing file /home/ubuntu/airflow-venv/lib/python3.12/site-packages/airflow/example_dags/example_setup_teardown_taskflow.py for tasks to queue
[2026-02-24T18:18:15.651+0000] {logging_mixin.py:190} INFO - [2026-02-24T18:18:15.651+0000] {dagbag.py:588} INFO - Filling up the DagBag from /home/ubuntu/airflow-venv/lib/python3.12/site-packages/airflow/example_dags/example_setup_teardown_taskflow.py
[2026-02-24T18:18:15.659+0000] {processor.py:925} INFO - DAG(s) 'example_setup_teardown_taskflow' retrieved from /home/ubuntu/airflow-venv/lib/python3.12/site-packages/airflow/example_dags/example_setup_teardown_taskflow.py
[2026-02-24T18:18:15.671+0000] {logging_mixin.py:190} INFO - [2026-02-24T18:18:15.671+0000] {dag.py:3239} INFO - Sync 1 DAGs
[2026-02-24T18:18:15.680+0000] {logging_mixin.py:190} INFO - [2026-02-24T18:18:15.680+0000] {dag.py:4180} INFO - Setting next_dagrun for example_setup_teardown_taskflow to None, run_after=None
[2026-02-24T18:18:15.698+0000] {processor.py:208} INFO - Processing /home/ubuntu/airflow-venv/lib/python3.12/site-packages/airflow/example_dags/example_setup_teardown_taskflow.py took 0.054 seconds
[2026-02-24T18:19:06.993+0000] {processor.py:186} INFO - Started process (PID=45654) to work on /home/ubuntu/airflow-venv/lib/python3.12/site-packages/airflow/example_dags/example_setup_teardown_taskflow.py
[2026-02-24T18:19:06.994+0000] {processor.py:914} INFO - Processing file /home/ubuntu/airflow-venv/lib/python3.12/site-packages/airflow/example_dags/example_setup_teardown_taskflow.py for tasks to queue
[2026-02-24T18:19:06.996+0000] {logging_mixin.py:190} INFO - [2026-02-24T18:19:06.996+0000] {dagbag.py:588} INFO - Filling up the DagBag from /home/ubuntu/airflow-venv/lib/python3.12/site-packages/airflow/example_dags/example_setup_teardown_taskflow.py
[2026-02-24T18:19:07.004+0000] {processor.py:925} INFO - DAG(s) 'example_setup_teardown_taskflow' retrieved from /home/ubuntu/airflow-venv/lib/python3.12/site-packages/airflow/example_dags/example_setup_teardown_taskflow.py
[2026-02-24T18:19:07.017+0000] {logging_mixin.py:190} INFO - [2026-02-24T18:19:07.017+0000] {dag.py:3239} INFO - Sync 1 DAGs
[2026-02-24T18:19:07.026+0000] {logging_mixin.py:190} INFO - [2026-02-24T18:19:07.026+0000] {dag.py:4180} INFO - Setting next_dagrun for example_setup_teardown_taskflow to None, run_after=None
[2026-02-24T18:19:07.044+0000] {processor.py:208} INFO - Processing /home/ubuntu/airflow-venv/lib/python3.12/site-packages/airflow/example_dags/example_setup_teardown_taskflow.py took 0.056 seconds
[2026-02-24T18:19:58.058+0000] {processor.py:186} INFO - Started process (PID=45708) to work on /home/ubuntu/airflow-venv/lib/python3.12/site-packages/airflow/example_dags/example_setup_teardown_taskflow.py
[2026-02-24T18:19:58.059+0000] {processor.py:914} INFO - Processing file /home/ubuntu/airflow-venv/lib/python3.12/site-packages/airflow/example_dags/example_setup_teardown_taskflow.py for tasks to queue
[2026-02-24T18:19:58.061+0000] {logging_mixin.py:190} INFO - [2026-02-24T18:19:58.061+0000] {dagbag.py:588} INFO - Filling up the DagBag from /home/ubuntu/airflow-venv/lib/python3.12/site-packages/airflow/example_dags/example_setup_teardown_taskflow.py
[2026-02-24T18:19:58.069+0000] {processor.py:925} INFO - DAG(s) 'example_setup_teardown_taskflow' retrieved from /home/ubuntu/airflow-venv/lib/python3.12/site-packages/airflow/example_dags/example_setup_teardown_taskflow.py
[2026-02-24T18:19:58.082+0000] {logging_mixin.py:190} INFO - [2026-02-24T18:19:58.081+0000] {dag.py:3239} INFO - Sync 1 DAGs
[2026-02-24T18:19:58.091+0000] {logging_mixin.py:190} INFO - [2026-02-24T18:19:58.091+0000] {dag.py:4180} INFO - Setting next_dagrun for example_setup_teardown_taskflow to None, run_after=None
[2026-02-24T18:19:58.110+0000] {processor.py:208} INFO - Processing /home/ubuntu/airflow-venv/lib/python3.12/site-packages/airflow/example_dags/example_setup_teardown_taskflow.py took 0.057 seconds
