[2026-02-24T17:59:08.866+0000] {processor.py:186} INFO - Started process (PID=43648) to work on /home/ubuntu/airflow-venv/lib/python3.12/site-packages/airflow/example_dags/example_task_group_decorator.py
[2026-02-24T17:59:08.867+0000] {processor.py:914} INFO - Processing file /home/ubuntu/airflow-venv/lib/python3.12/site-packages/airflow/example_dags/example_task_group_decorator.py for tasks to queue
[2026-02-24T17:59:08.869+0000] {logging_mixin.py:190} INFO - [2026-02-24T17:59:08.869+0000] {dagbag.py:588} INFO - Filling up the DagBag from /home/ubuntu/airflow-venv/lib/python3.12/site-packages/airflow/example_dags/example_task_group_decorator.py
[2026-02-24T17:59:08.879+0000] {processor.py:925} INFO - DAG(s) 'example_task_group_decorator' retrieved from /home/ubuntu/airflow-venv/lib/python3.12/site-packages/airflow/example_dags/example_task_group_decorator.py
[2026-02-24T17:59:08.957+0000] {logging_mixin.py:190} INFO - [2026-02-24T17:59:08.957+0000] {override.py:1900} INFO - Created Permission View: can edit on DAG:example_task_group_decorator
[2026-02-24T17:59:08.969+0000] {logging_mixin.py:190} INFO - [2026-02-24T17:59:08.969+0000] {override.py:1900} INFO - Created Permission View: can delete on DAG:example_task_group_decorator
[2026-02-24T17:59:08.979+0000] {logging_mixin.py:190} INFO - [2026-02-24T17:59:08.978+0000] {override.py:1900} INFO - Created Permission View: can read on DAG:example_task_group_decorator
[2026-02-24T17:59:08.994+0000] {logging_mixin.py:190} INFO - [2026-02-24T17:59:08.994+0000] {override.py:1900} INFO - Created Permission View: can delete on DAG Run:example_task_group_decorator
[2026-02-24T17:59:09.003+0000] {logging_mixin.py:190} INFO - [2026-02-24T17:59:09.003+0000] {override.py:1900} INFO - Created Permission View: menu access on DAG Run:example_task_group_decorator
[2026-02-24T17:59:09.012+0000] {logging_mixin.py:190} INFO - [2026-02-24T17:59:09.012+0000] {override.py:1900} INFO - Created Permission View: can create on DAG Run:example_task_group_decorator
[2026-02-24T17:59:09.021+0000] {logging_mixin.py:190} INFO - [2026-02-24T17:59:09.020+0000] {override.py:1900} INFO - Created Permission View: can read on DAG Run:example_task_group_decorator
[2026-02-24T17:59:09.021+0000] {logging_mixin.py:190} INFO - [2026-02-24T17:59:09.021+0000] {dag.py:3239} INFO - Sync 1 DAGs
[2026-02-24T17:59:09.030+0000] {logging_mixin.py:190} INFO - [2026-02-24T17:59:09.030+0000] {dag.py:3262} INFO - Creating ORM DAG for example_task_group_decorator
[2026-02-24T17:59:09.031+0000] {logging_mixin.py:190} INFO - [2026-02-24T17:59:09.030+0000] {dag.py:4180} INFO - Setting next_dagrun for example_task_group_decorator to None, run_after=None
[2026-02-24T17:59:09.048+0000] {processor.py:208} INFO - Processing /home/ubuntu/airflow-venv/lib/python3.12/site-packages/airflow/example_dags/example_task_group_decorator.py took 0.185 seconds
[2026-02-24T18:00:09.832+0000] {processor.py:186} INFO - Started process (PID=43705) to work on /home/ubuntu/airflow-venv/lib/python3.12/site-packages/airflow/example_dags/example_task_group_decorator.py
[2026-02-24T18:00:09.834+0000] {processor.py:914} INFO - Processing file /home/ubuntu/airflow-venv/lib/python3.12/site-packages/airflow/example_dags/example_task_group_decorator.py for tasks to queue
[2026-02-24T18:00:09.835+0000] {logging_mixin.py:190} INFO - [2026-02-24T18:00:09.835+0000] {dagbag.py:588} INFO - Filling up the DagBag from /home/ubuntu/airflow-venv/lib/python3.12/site-packages/airflow/example_dags/example_task_group_decorator.py
[2026-02-24T18:00:09.846+0000] {processor.py:925} INFO - DAG(s) 'example_task_group_decorator' retrieved from /home/ubuntu/airflow-venv/lib/python3.12/site-packages/airflow/example_dags/example_task_group_decorator.py
[2026-02-24T18:00:09.859+0000] {logging_mixin.py:190} INFO - [2026-02-24T18:00:09.859+0000] {dag.py:3239} INFO - Sync 1 DAGs
[2026-02-24T18:00:09.868+0000] {logging_mixin.py:190} INFO - [2026-02-24T18:00:09.868+0000] {dag.py:4180} INFO - Setting next_dagrun for example_task_group_decorator to None, run_after=None
[2026-02-24T18:00:09.885+0000] {processor.py:208} INFO - Processing /home/ubuntu/airflow-venv/lib/python3.12/site-packages/airflow/example_dags/example_task_group_decorator.py took 0.057 seconds
[2026-02-24T18:01:02.238+0000] {processor.py:186} INFO - Started process (PID=43769) to work on /home/ubuntu/airflow-venv/lib/python3.12/site-packages/airflow/example_dags/example_task_group_decorator.py
[2026-02-24T18:01:02.239+0000] {processor.py:914} INFO - Processing file /home/ubuntu/airflow-venv/lib/python3.12/site-packages/airflow/example_dags/example_task_group_decorator.py for tasks to queue
[2026-02-24T18:01:02.241+0000] {logging_mixin.py:190} INFO - [2026-02-24T18:01:02.241+0000] {dagbag.py:588} INFO - Filling up the DagBag from /home/ubuntu/airflow-venv/lib/python3.12/site-packages/airflow/example_dags/example_task_group_decorator.py
[2026-02-24T18:01:02.252+0000] {processor.py:925} INFO - DAG(s) 'example_task_group_decorator' retrieved from /home/ubuntu/airflow-venv/lib/python3.12/site-packages/airflow/example_dags/example_task_group_decorator.py
[2026-02-24T18:01:02.267+0000] {logging_mixin.py:190} INFO - [2026-02-24T18:01:02.267+0000] {dag.py:3239} INFO - Sync 1 DAGs
[2026-02-24T18:01:02.276+0000] {logging_mixin.py:190} INFO - [2026-02-24T18:01:02.276+0000] {dag.py:4180} INFO - Setting next_dagrun for example_task_group_decorator to None, run_after=None
[2026-02-24T18:01:02.294+0000] {processor.py:208} INFO - Processing /home/ubuntu/airflow-venv/lib/python3.12/site-packages/airflow/example_dags/example_task_group_decorator.py took 0.060 seconds
[2026-02-24T18:01:51.515+0000] {processor.py:186} INFO - Started process (PID=43819) to work on /home/ubuntu/airflow-venv/lib/python3.12/site-packages/airflow/example_dags/example_task_group_decorator.py
[2026-02-24T18:01:51.516+0000] {processor.py:914} INFO - Processing file /home/ubuntu/airflow-venv/lib/python3.12/site-packages/airflow/example_dags/example_task_group_decorator.py for tasks to queue
[2026-02-24T18:01:51.518+0000] {logging_mixin.py:190} INFO - [2026-02-24T18:01:51.518+0000] {dagbag.py:588} INFO - Filling up the DagBag from /home/ubuntu/airflow-venv/lib/python3.12/site-packages/airflow/example_dags/example_task_group_decorator.py
[2026-02-24T18:01:51.528+0000] {processor.py:925} INFO - DAG(s) 'example_task_group_decorator' retrieved from /home/ubuntu/airflow-venv/lib/python3.12/site-packages/airflow/example_dags/example_task_group_decorator.py
[2026-02-24T18:01:51.542+0000] {logging_mixin.py:190} INFO - [2026-02-24T18:01:51.542+0000] {dag.py:3239} INFO - Sync 1 DAGs
[2026-02-24T18:01:51.550+0000] {logging_mixin.py:190} INFO - [2026-02-24T18:01:51.550+0000] {dag.py:4180} INFO - Setting next_dagrun for example_task_group_decorator to None, run_after=None
[2026-02-24T18:01:51.568+0000] {processor.py:208} INFO - Processing /home/ubuntu/airflow-venv/lib/python3.12/site-packages/airflow/example_dags/example_task_group_decorator.py took 0.057 seconds
[2026-02-24T18:02:47.713+0000] {processor.py:186} INFO - Started process (PID=44246) to work on /home/ubuntu/airflow-venv/lib/python3.12/site-packages/airflow/example_dags/example_task_group_decorator.py
[2026-02-24T18:02:47.715+0000] {processor.py:914} INFO - Processing file /home/ubuntu/airflow-venv/lib/python3.12/site-packages/airflow/example_dags/example_task_group_decorator.py for tasks to queue
[2026-02-24T18:02:47.717+0000] {logging_mixin.py:190} INFO - [2026-02-24T18:02:47.716+0000] {dagbag.py:588} INFO - Filling up the DagBag from /home/ubuntu/airflow-venv/lib/python3.12/site-packages/airflow/example_dags/example_task_group_decorator.py
[2026-02-24T18:02:47.727+0000] {processor.py:925} INFO - DAG(s) 'example_task_group_decorator' retrieved from /home/ubuntu/airflow-venv/lib/python3.12/site-packages/airflow/example_dags/example_task_group_decorator.py
[2026-02-24T18:02:47.741+0000] {logging_mixin.py:190} INFO - [2026-02-24T18:02:47.741+0000] {dag.py:3239} INFO - Sync 1 DAGs
[2026-02-24T18:02:47.749+0000] {logging_mixin.py:190} INFO - [2026-02-24T18:02:47.749+0000] {dag.py:4180} INFO - Setting next_dagrun for example_task_group_decorator to None, run_after=None
[2026-02-24T18:02:47.766+0000] {processor.py:208} INFO - Processing /home/ubuntu/airflow-venv/lib/python3.12/site-packages/airflow/example_dags/example_task_group_decorator.py took 0.056 seconds
[2026-02-24T18:03:38.591+0000] {processor.py:186} INFO - Started process (PID=44302) to work on /home/ubuntu/airflow-venv/lib/python3.12/site-packages/airflow/example_dags/example_task_group_decorator.py
[2026-02-24T18:03:38.592+0000] {processor.py:914} INFO - Processing file /home/ubuntu/airflow-venv/lib/python3.12/site-packages/airflow/example_dags/example_task_group_decorator.py for tasks to queue
[2026-02-24T18:03:38.594+0000] {logging_mixin.py:190} INFO - [2026-02-24T18:03:38.594+0000] {dagbag.py:588} INFO - Filling up the DagBag from /home/ubuntu/airflow-venv/lib/python3.12/site-packages/airflow/example_dags/example_task_group_decorator.py
[2026-02-24T18:03:38.604+0000] {processor.py:925} INFO - DAG(s) 'example_task_group_decorator' retrieved from /home/ubuntu/airflow-venv/lib/python3.12/site-packages/airflow/example_dags/example_task_group_decorator.py
[2026-02-24T18:03:38.618+0000] {logging_mixin.py:190} INFO - [2026-02-24T18:03:38.618+0000] {dag.py:3239} INFO - Sync 1 DAGs
[2026-02-24T18:03:38.627+0000] {logging_mixin.py:190} INFO - [2026-02-24T18:03:38.627+0000] {dag.py:4180} INFO - Setting next_dagrun for example_task_group_decorator to None, run_after=None
[2026-02-24T18:03:38.644+0000] {processor.py:208} INFO - Processing /home/ubuntu/airflow-venv/lib/python3.12/site-packages/airflow/example_dags/example_task_group_decorator.py took 0.058 seconds
[2026-02-24T18:04:26.145+0000] {processor.py:186} INFO - Started process (PID=44719) to work on /home/ubuntu/airflow-venv/lib/python3.12/site-packages/airflow/example_dags/example_task_group_decorator.py
[2026-02-24T18:04:26.146+0000] {processor.py:914} INFO - Processing file /home/ubuntu/airflow-venv/lib/python3.12/site-packages/airflow/example_dags/example_task_group_decorator.py for tasks to queue
[2026-02-24T18:04:26.149+0000] {logging_mixin.py:190} INFO - [2026-02-24T18:04:26.148+0000] {dagbag.py:588} INFO - Filling up the DagBag from /home/ubuntu/airflow-venv/lib/python3.12/site-packages/airflow/example_dags/example_task_group_decorator.py
[2026-02-24T18:04:26.159+0000] {processor.py:925} INFO - DAG(s) 'example_task_group_decorator' retrieved from /home/ubuntu/airflow-venv/lib/python3.12/site-packages/airflow/example_dags/example_task_group_decorator.py
[2026-02-24T18:04:26.173+0000] {logging_mixin.py:190} INFO - [2026-02-24T18:04:26.173+0000] {dag.py:3239} INFO - Sync 1 DAGs
[2026-02-24T18:04:26.182+0000] {logging_mixin.py:190} INFO - [2026-02-24T18:04:26.182+0000] {dag.py:4180} INFO - Setting next_dagrun for example_task_group_decorator to None, run_after=None
[2026-02-24T18:04:26.201+0000] {processor.py:208} INFO - Processing /home/ubuntu/airflow-venv/lib/python3.12/site-packages/airflow/example_dags/example_task_group_decorator.py took 0.060 seconds
[2026-02-24T18:05:16.640+0000] {processor.py:186} INFO - Started process (PID=44774) to work on /home/ubuntu/airflow-venv/lib/python3.12/site-packages/airflow/example_dags/example_task_group_decorator.py
[2026-02-24T18:05:16.641+0000] {processor.py:914} INFO - Processing file /home/ubuntu/airflow-venv/lib/python3.12/site-packages/airflow/example_dags/example_task_group_decorator.py for tasks to queue
[2026-02-24T18:05:16.643+0000] {logging_mixin.py:190} INFO - [2026-02-24T18:05:16.643+0000] {dagbag.py:588} INFO - Filling up the DagBag from /home/ubuntu/airflow-venv/lib/python3.12/site-packages/airflow/example_dags/example_task_group_decorator.py
[2026-02-24T18:05:16.654+0000] {processor.py:925} INFO - DAG(s) 'example_task_group_decorator' retrieved from /home/ubuntu/airflow-venv/lib/python3.12/site-packages/airflow/example_dags/example_task_group_decorator.py
[2026-02-24T18:05:16.760+0000] {logging_mixin.py:190} INFO - [2026-02-24T18:05:16.760+0000] {dag.py:3239} INFO - Sync 1 DAGs
[2026-02-24T18:05:16.767+0000] {logging_mixin.py:190} INFO - [2026-02-24T18:05:16.767+0000] {dag.py:4180} INFO - Setting next_dagrun for example_task_group_decorator to None, run_after=None
[2026-02-24T18:05:16.783+0000] {processor.py:208} INFO - Processing /home/ubuntu/airflow-venv/lib/python3.12/site-packages/airflow/example_dags/example_task_group_decorator.py took 0.148 seconds
[2026-02-24T18:06:12.807+0000] {processor.py:186} INFO - Started process (PID=44837) to work on /home/ubuntu/airflow-venv/lib/python3.12/site-packages/airflow/example_dags/example_task_group_decorator.py
[2026-02-24T18:06:12.808+0000] {processor.py:914} INFO - Processing file /home/ubuntu/airflow-venv/lib/python3.12/site-packages/airflow/example_dags/example_task_group_decorator.py for tasks to queue
[2026-02-24T18:06:12.810+0000] {logging_mixin.py:190} INFO - [2026-02-24T18:06:12.810+0000] {dagbag.py:588} INFO - Filling up the DagBag from /home/ubuntu/airflow-venv/lib/python3.12/site-packages/airflow/example_dags/example_task_group_decorator.py
[2026-02-24T18:06:12.820+0000] {processor.py:925} INFO - DAG(s) 'example_task_group_decorator' retrieved from /home/ubuntu/airflow-venv/lib/python3.12/site-packages/airflow/example_dags/example_task_group_decorator.py
[2026-02-24T18:06:12.834+0000] {logging_mixin.py:190} INFO - [2026-02-24T18:06:12.834+0000] {dag.py:3239} INFO - Sync 1 DAGs
[2026-02-24T18:06:12.843+0000] {logging_mixin.py:190} INFO - [2026-02-24T18:06:12.843+0000] {dag.py:4180} INFO - Setting next_dagrun for example_task_group_decorator to None, run_after=None
[2026-02-24T18:06:12.862+0000] {processor.py:208} INFO - Processing /home/ubuntu/airflow-venv/lib/python3.12/site-packages/airflow/example_dags/example_task_group_decorator.py took 0.060 seconds
[2026-02-24T18:07:08.334+0000] {processor.py:186} INFO - Started process (PID=44894) to work on /home/ubuntu/airflow-venv/lib/python3.12/site-packages/airflow/example_dags/example_task_group_decorator.py
[2026-02-24T18:07:08.335+0000] {processor.py:914} INFO - Processing file /home/ubuntu/airflow-venv/lib/python3.12/site-packages/airflow/example_dags/example_task_group_decorator.py for tasks to queue
[2026-02-24T18:07:08.337+0000] {logging_mixin.py:190} INFO - [2026-02-24T18:07:08.337+0000] {dagbag.py:588} INFO - Filling up the DagBag from /home/ubuntu/airflow-venv/lib/python3.12/site-packages/airflow/example_dags/example_task_group_decorator.py
[2026-02-24T18:07:08.348+0000] {processor.py:925} INFO - DAG(s) 'example_task_group_decorator' retrieved from /home/ubuntu/airflow-venv/lib/python3.12/site-packages/airflow/example_dags/example_task_group_decorator.py
[2026-02-24T18:07:08.362+0000] {logging_mixin.py:190} INFO - [2026-02-24T18:07:08.362+0000] {dag.py:3239} INFO - Sync 1 DAGs
[2026-02-24T18:07:08.371+0000] {logging_mixin.py:190} INFO - [2026-02-24T18:07:08.371+0000] {dag.py:4180} INFO - Setting next_dagrun for example_task_group_decorator to None, run_after=None
[2026-02-24T18:07:08.390+0000] {processor.py:208} INFO - Processing /home/ubuntu/airflow-venv/lib/python3.12/site-packages/airflow/example_dags/example_task_group_decorator.py took 0.060 seconds
[2026-02-24T18:07:57.548+0000] {processor.py:186} INFO - Started process (PID=44946) to work on /home/ubuntu/airflow-venv/lib/python3.12/site-packages/airflow/example_dags/example_task_group_decorator.py
[2026-02-24T18:07:57.550+0000] {processor.py:914} INFO - Processing file /home/ubuntu/airflow-venv/lib/python3.12/site-packages/airflow/example_dags/example_task_group_decorator.py for tasks to queue
[2026-02-24T18:07:57.552+0000] {logging_mixin.py:190} INFO - [2026-02-24T18:07:57.551+0000] {dagbag.py:588} INFO - Filling up the DagBag from /home/ubuntu/airflow-venv/lib/python3.12/site-packages/airflow/example_dags/example_task_group_decorator.py
[2026-02-24T18:07:57.562+0000] {processor.py:925} INFO - DAG(s) 'example_task_group_decorator' retrieved from /home/ubuntu/airflow-venv/lib/python3.12/site-packages/airflow/example_dags/example_task_group_decorator.py
[2026-02-24T18:07:57.576+0000] {logging_mixin.py:190} INFO - [2026-02-24T18:07:57.576+0000] {dag.py:3239} INFO - Sync 1 DAGs
[2026-02-24T18:07:57.586+0000] {logging_mixin.py:190} INFO - [2026-02-24T18:07:57.586+0000] {dag.py:4180} INFO - Setting next_dagrun for example_task_group_decorator to None, run_after=None
[2026-02-24T18:07:57.603+0000] {processor.py:208} INFO - Processing /home/ubuntu/airflow-venv/lib/python3.12/site-packages/airflow/example_dags/example_task_group_decorator.py took 0.059 seconds
[2026-02-24T18:08:47.756+0000] {processor.py:186} INFO - Started process (PID=44998) to work on /home/ubuntu/airflow-venv/lib/python3.12/site-packages/airflow/example_dags/example_task_group_decorator.py
[2026-02-24T18:08:47.757+0000] {processor.py:914} INFO - Processing file /home/ubuntu/airflow-venv/lib/python3.12/site-packages/airflow/example_dags/example_task_group_decorator.py for tasks to queue
[2026-02-24T18:08:47.759+0000] {logging_mixin.py:190} INFO - [2026-02-24T18:08:47.759+0000] {dagbag.py:588} INFO - Filling up the DagBag from /home/ubuntu/airflow-venv/lib/python3.12/site-packages/airflow/example_dags/example_task_group_decorator.py
[2026-02-24T18:08:47.770+0000] {processor.py:925} INFO - DAG(s) 'example_task_group_decorator' retrieved from /home/ubuntu/airflow-venv/lib/python3.12/site-packages/airflow/example_dags/example_task_group_decorator.py
[2026-02-24T18:08:47.784+0000] {logging_mixin.py:190} INFO - [2026-02-24T18:08:47.784+0000] {dag.py:3239} INFO - Sync 1 DAGs
[2026-02-24T18:08:47.794+0000] {logging_mixin.py:190} INFO - [2026-02-24T18:08:47.794+0000] {dag.py:4180} INFO - Setting next_dagrun for example_task_group_decorator to None, run_after=None
[2026-02-24T18:08:47.811+0000] {processor.py:208} INFO - Processing /home/ubuntu/airflow-venv/lib/python3.12/site-packages/airflow/example_dags/example_task_group_decorator.py took 0.059 seconds
[2026-02-24T18:09:35.158+0000] {processor.py:186} INFO - Started process (PID=45049) to work on /home/ubuntu/airflow-venv/lib/python3.12/site-packages/airflow/example_dags/example_task_group_decorator.py
[2026-02-24T18:09:35.159+0000] {processor.py:914} INFO - Processing file /home/ubuntu/airflow-venv/lib/python3.12/site-packages/airflow/example_dags/example_task_group_decorator.py for tasks to queue
[2026-02-24T18:09:35.161+0000] {logging_mixin.py:190} INFO - [2026-02-24T18:09:35.161+0000] {dagbag.py:588} INFO - Filling up the DagBag from /home/ubuntu/airflow-venv/lib/python3.12/site-packages/airflow/example_dags/example_task_group_decorator.py
[2026-02-24T18:09:35.172+0000] {processor.py:925} INFO - DAG(s) 'example_task_group_decorator' retrieved from /home/ubuntu/airflow-venv/lib/python3.12/site-packages/airflow/example_dags/example_task_group_decorator.py
[2026-02-24T18:09:35.185+0000] {logging_mixin.py:190} INFO - [2026-02-24T18:09:35.185+0000] {dag.py:3239} INFO - Sync 1 DAGs
[2026-02-24T18:09:35.195+0000] {logging_mixin.py:190} INFO - [2026-02-24T18:09:35.194+0000] {dag.py:4180} INFO - Setting next_dagrun for example_task_group_decorator to None, run_after=None
[2026-02-24T18:09:35.212+0000] {processor.py:208} INFO - Processing /home/ubuntu/airflow-venv/lib/python3.12/site-packages/airflow/example_dags/example_task_group_decorator.py took 0.058 seconds
[2026-02-24T18:10:27.105+0000] {processor.py:186} INFO - Started process (PID=45106) to work on /home/ubuntu/airflow-venv/lib/python3.12/site-packages/airflow/example_dags/example_task_group_decorator.py
[2026-02-24T18:10:27.106+0000] {processor.py:914} INFO - Processing file /home/ubuntu/airflow-venv/lib/python3.12/site-packages/airflow/example_dags/example_task_group_decorator.py for tasks to queue
[2026-02-24T18:10:27.108+0000] {logging_mixin.py:190} INFO - [2026-02-24T18:10:27.108+0000] {dagbag.py:588} INFO - Filling up the DagBag from /home/ubuntu/airflow-venv/lib/python3.12/site-packages/airflow/example_dags/example_task_group_decorator.py
[2026-02-24T18:10:27.119+0000] {processor.py:925} INFO - DAG(s) 'example_task_group_decorator' retrieved from /home/ubuntu/airflow-venv/lib/python3.12/site-packages/airflow/example_dags/example_task_group_decorator.py
[2026-02-24T18:10:27.134+0000] {logging_mixin.py:190} INFO - [2026-02-24T18:10:27.133+0000] {dag.py:3239} INFO - Sync 1 DAGs
[2026-02-24T18:10:27.143+0000] {logging_mixin.py:190} INFO - [2026-02-24T18:10:27.143+0000] {dag.py:4180} INFO - Setting next_dagrun for example_task_group_decorator to None, run_after=None
[2026-02-24T18:10:27.162+0000] {processor.py:208} INFO - Processing /home/ubuntu/airflow-venv/lib/python3.12/site-packages/airflow/example_dags/example_task_group_decorator.py took 0.061 seconds
[2026-02-24T18:11:17.645+0000] {processor.py:186} INFO - Started process (PID=45159) to work on /home/ubuntu/airflow-venv/lib/python3.12/site-packages/airflow/example_dags/example_task_group_decorator.py
[2026-02-24T18:11:17.646+0000] {processor.py:914} INFO - Processing file /home/ubuntu/airflow-venv/lib/python3.12/site-packages/airflow/example_dags/example_task_group_decorator.py for tasks to queue
[2026-02-24T18:11:17.649+0000] {logging_mixin.py:190} INFO - [2026-02-24T18:11:17.648+0000] {dagbag.py:588} INFO - Filling up the DagBag from /home/ubuntu/airflow-venv/lib/python3.12/site-packages/airflow/example_dags/example_task_group_decorator.py
[2026-02-24T18:11:17.660+0000] {processor.py:925} INFO - DAG(s) 'example_task_group_decorator' retrieved from /home/ubuntu/airflow-venv/lib/python3.12/site-packages/airflow/example_dags/example_task_group_decorator.py
[2026-02-24T18:11:17.674+0000] {logging_mixin.py:190} INFO - [2026-02-24T18:11:17.674+0000] {dag.py:3239} INFO - Sync 1 DAGs
[2026-02-24T18:11:17.683+0000] {logging_mixin.py:190} INFO - [2026-02-24T18:11:17.683+0000] {dag.py:4180} INFO - Setting next_dagrun for example_task_group_decorator to None, run_after=None
[2026-02-24T18:11:17.702+0000] {processor.py:208} INFO - Processing /home/ubuntu/airflow-venv/lib/python3.12/site-packages/airflow/example_dags/example_task_group_decorator.py took 0.061 seconds
[2026-02-24T18:12:09.331+0000] {processor.py:186} INFO - Started process (PID=45212) to work on /home/ubuntu/airflow-venv/lib/python3.12/site-packages/airflow/example_dags/example_task_group_decorator.py
[2026-02-24T18:12:09.332+0000] {processor.py:914} INFO - Processing file /home/ubuntu/airflow-venv/lib/python3.12/site-packages/airflow/example_dags/example_task_group_decorator.py for tasks to queue
[2026-02-24T18:12:09.334+0000] {logging_mixin.py:190} INFO - [2026-02-24T18:12:09.334+0000] {dagbag.py:588} INFO - Filling up the DagBag from /home/ubuntu/airflow-venv/lib/python3.12/site-packages/airflow/example_dags/example_task_group_decorator.py
[2026-02-24T18:12:09.344+0000] {processor.py:925} INFO - DAG(s) 'example_task_group_decorator' retrieved from /home/ubuntu/airflow-venv/lib/python3.12/site-packages/airflow/example_dags/example_task_group_decorator.py
[2026-02-24T18:12:09.359+0000] {logging_mixin.py:190} INFO - [2026-02-24T18:12:09.358+0000] {dag.py:3239} INFO - Sync 1 DAGs
[2026-02-24T18:12:09.368+0000] {logging_mixin.py:190} INFO - [2026-02-24T18:12:09.367+0000] {dag.py:4180} INFO - Setting next_dagrun for example_task_group_decorator to None, run_after=None
[2026-02-24T18:12:09.386+0000] {processor.py:208} INFO - Processing /home/ubuntu/airflow-venv/lib/python3.12/site-packages/airflow/example_dags/example_task_group_decorator.py took 0.059 seconds
[2026-02-24T18:12:59.618+0000] {processor.py:186} INFO - Started process (PID=45264) to work on /home/ubuntu/airflow-venv/lib/python3.12/site-packages/airflow/example_dags/example_task_group_decorator.py
[2026-02-24T18:12:59.619+0000] {processor.py:914} INFO - Processing file /home/ubuntu/airflow-venv/lib/python3.12/site-packages/airflow/example_dags/example_task_group_decorator.py for tasks to queue
[2026-02-24T18:12:59.621+0000] {logging_mixin.py:190} INFO - [2026-02-24T18:12:59.621+0000] {dagbag.py:588} INFO - Filling up the DagBag from /home/ubuntu/airflow-venv/lib/python3.12/site-packages/airflow/example_dags/example_task_group_decorator.py
[2026-02-24T18:12:59.632+0000] {processor.py:925} INFO - DAG(s) 'example_task_group_decorator' retrieved from /home/ubuntu/airflow-venv/lib/python3.12/site-packages/airflow/example_dags/example_task_group_decorator.py
[2026-02-24T18:12:59.646+0000] {logging_mixin.py:190} INFO - [2026-02-24T18:12:59.645+0000] {dag.py:3239} INFO - Sync 1 DAGs
[2026-02-24T18:12:59.655+0000] {logging_mixin.py:190} INFO - [2026-02-24T18:12:59.655+0000] {dag.py:4180} INFO - Setting next_dagrun for example_task_group_decorator to None, run_after=None
[2026-02-24T18:12:59.673+0000] {processor.py:208} INFO - Processing /home/ubuntu/airflow-venv/lib/python3.12/site-packages/airflow/example_dags/example_task_group_decorator.py took 0.060 seconds
[2026-02-24T18:13:49.846+0000] {processor.py:186} INFO - Started process (PID=45317) to work on /home/ubuntu/airflow-venv/lib/python3.12/site-packages/airflow/example_dags/example_task_group_decorator.py
[2026-02-24T18:13:49.847+0000] {processor.py:914} INFO - Processing file /home/ubuntu/airflow-venv/lib/python3.12/site-packages/airflow/example_dags/example_task_group_decorator.py for tasks to queue
[2026-02-24T18:13:49.849+0000] {logging_mixin.py:190} INFO - [2026-02-24T18:13:49.849+0000] {dagbag.py:588} INFO - Filling up the DagBag from /home/ubuntu/airflow-venv/lib/python3.12/site-packages/airflow/example_dags/example_task_group_decorator.py
[2026-02-24T18:13:49.860+0000] {processor.py:925} INFO - DAG(s) 'example_task_group_decorator' retrieved from /home/ubuntu/airflow-venv/lib/python3.12/site-packages/airflow/example_dags/example_task_group_decorator.py
[2026-02-24T18:13:49.875+0000] {logging_mixin.py:190} INFO - [2026-02-24T18:13:49.875+0000] {dag.py:3239} INFO - Sync 1 DAGs
[2026-02-24T18:13:49.884+0000] {logging_mixin.py:190} INFO - [2026-02-24T18:13:49.884+0000] {dag.py:4180} INFO - Setting next_dagrun for example_task_group_decorator to None, run_after=None
[2026-02-24T18:13:49.902+0000] {processor.py:208} INFO - Processing /home/ubuntu/airflow-venv/lib/python3.12/site-packages/airflow/example_dags/example_task_group_decorator.py took 0.060 seconds
[2026-02-24T18:14:38.392+0000] {processor.py:186} INFO - Started process (PID=45368) to work on /home/ubuntu/airflow-venv/lib/python3.12/site-packages/airflow/example_dags/example_task_group_decorator.py
[2026-02-24T18:14:38.394+0000] {processor.py:914} INFO - Processing file /home/ubuntu/airflow-venv/lib/python3.12/site-packages/airflow/example_dags/example_task_group_decorator.py for tasks to queue
[2026-02-24T18:14:38.396+0000] {logging_mixin.py:190} INFO - [2026-02-24T18:14:38.395+0000] {dagbag.py:588} INFO - Filling up the DagBag from /home/ubuntu/airflow-venv/lib/python3.12/site-packages/airflow/example_dags/example_task_group_decorator.py
[2026-02-24T18:14:38.407+0000] {processor.py:925} INFO - DAG(s) 'example_task_group_decorator' retrieved from /home/ubuntu/airflow-venv/lib/python3.12/site-packages/airflow/example_dags/example_task_group_decorator.py
[2026-02-24T18:14:38.421+0000] {logging_mixin.py:190} INFO - [2026-02-24T18:14:38.421+0000] {dag.py:3239} INFO - Sync 1 DAGs
[2026-02-24T18:14:38.431+0000] {logging_mixin.py:190} INFO - [2026-02-24T18:14:38.430+0000] {dag.py:4180} INFO - Setting next_dagrun for example_task_group_decorator to None, run_after=None
[2026-02-24T18:14:38.449+0000] {processor.py:208} INFO - Processing /home/ubuntu/airflow-venv/lib/python3.12/site-packages/airflow/example_dags/example_task_group_decorator.py took 0.061 seconds
[2026-02-24T18:15:28.530+0000] {processor.py:186} INFO - Started process (PID=45424) to work on /home/ubuntu/airflow-venv/lib/python3.12/site-packages/airflow/example_dags/example_task_group_decorator.py
[2026-02-24T18:15:28.532+0000] {processor.py:914} INFO - Processing file /home/ubuntu/airflow-venv/lib/python3.12/site-packages/airflow/example_dags/example_task_group_decorator.py for tasks to queue
[2026-02-24T18:15:28.534+0000] {logging_mixin.py:190} INFO - [2026-02-24T18:15:28.534+0000] {dagbag.py:588} INFO - Filling up the DagBag from /home/ubuntu/airflow-venv/lib/python3.12/site-packages/airflow/example_dags/example_task_group_decorator.py
[2026-02-24T18:15:28.544+0000] {processor.py:925} INFO - DAG(s) 'example_task_group_decorator' retrieved from /home/ubuntu/airflow-venv/lib/python3.12/site-packages/airflow/example_dags/example_task_group_decorator.py
[2026-02-24T18:15:28.559+0000] {logging_mixin.py:190} INFO - [2026-02-24T18:15:28.559+0000] {dag.py:3239} INFO - Sync 1 DAGs
[2026-02-24T18:15:28.567+0000] {logging_mixin.py:190} INFO - [2026-02-24T18:15:28.567+0000] {dag.py:4180} INFO - Setting next_dagrun for example_task_group_decorator to None, run_after=None
[2026-02-24T18:15:28.585+0000] {processor.py:208} INFO - Processing /home/ubuntu/airflow-venv/lib/python3.12/site-packages/airflow/example_dags/example_task_group_decorator.py took 0.059 seconds
[2026-02-24T18:16:19.080+0000] {processor.py:186} INFO - Started process (PID=45477) to work on /home/ubuntu/airflow-venv/lib/python3.12/site-packages/airflow/example_dags/example_task_group_decorator.py
[2026-02-24T18:16:19.081+0000] {processor.py:914} INFO - Processing file /home/ubuntu/airflow-venv/lib/python3.12/site-packages/airflow/example_dags/example_task_group_decorator.py for tasks to queue
[2026-02-24T18:16:19.083+0000] {logging_mixin.py:190} INFO - [2026-02-24T18:16:19.083+0000] {dagbag.py:588} INFO - Filling up the DagBag from /home/ubuntu/airflow-venv/lib/python3.12/site-packages/airflow/example_dags/example_task_group_decorator.py
[2026-02-24T18:16:19.094+0000] {processor.py:925} INFO - DAG(s) 'example_task_group_decorator' retrieved from /home/ubuntu/airflow-venv/lib/python3.12/site-packages/airflow/example_dags/example_task_group_decorator.py
[2026-02-24T18:16:19.108+0000] {logging_mixin.py:190} INFO - [2026-02-24T18:16:19.108+0000] {dag.py:3239} INFO - Sync 1 DAGs
[2026-02-24T18:16:19.117+0000] {logging_mixin.py:190} INFO - [2026-02-24T18:16:19.117+0000] {dag.py:4180} INFO - Setting next_dagrun for example_task_group_decorator to None, run_after=None
[2026-02-24T18:16:19.135+0000] {processor.py:208} INFO - Processing /home/ubuntu/airflow-venv/lib/python3.12/site-packages/airflow/example_dags/example_task_group_decorator.py took 0.060 seconds
[2026-02-24T18:17:08.996+0000] {processor.py:186} INFO - Started process (PID=45534) to work on /home/ubuntu/airflow-venv/lib/python3.12/site-packages/airflow/example_dags/example_task_group_decorator.py
[2026-02-24T18:17:08.997+0000] {processor.py:914} INFO - Processing file /home/ubuntu/airflow-venv/lib/python3.12/site-packages/airflow/example_dags/example_task_group_decorator.py for tasks to queue
[2026-02-24T18:17:08.999+0000] {logging_mixin.py:190} INFO - [2026-02-24T18:17:08.999+0000] {dagbag.py:588} INFO - Filling up the DagBag from /home/ubuntu/airflow-venv/lib/python3.12/site-packages/airflow/example_dags/example_task_group_decorator.py
[2026-02-24T18:17:09.011+0000] {processor.py:925} INFO - DAG(s) 'example_task_group_decorator' retrieved from /home/ubuntu/airflow-venv/lib/python3.12/site-packages/airflow/example_dags/example_task_group_decorator.py
[2026-02-24T18:17:09.025+0000] {logging_mixin.py:190} INFO - [2026-02-24T18:17:09.025+0000] {dag.py:3239} INFO - Sync 1 DAGs
[2026-02-24T18:17:09.034+0000] {logging_mixin.py:190} INFO - [2026-02-24T18:17:09.034+0000] {dag.py:4180} INFO - Setting next_dagrun for example_task_group_decorator to None, run_after=None
[2026-02-24T18:17:09.054+0000] {processor.py:208} INFO - Processing /home/ubuntu/airflow-venv/lib/python3.12/site-packages/airflow/example_dags/example_task_group_decorator.py took 0.062 seconds
[2026-02-24T18:18:01.357+0000] {processor.py:186} INFO - Started process (PID=45588) to work on /home/ubuntu/airflow-venv/lib/python3.12/site-packages/airflow/example_dags/example_task_group_decorator.py
[2026-02-24T18:18:01.358+0000] {processor.py:914} INFO - Processing file /home/ubuntu/airflow-venv/lib/python3.12/site-packages/airflow/example_dags/example_task_group_decorator.py for tasks to queue
[2026-02-24T18:18:01.360+0000] {logging_mixin.py:190} INFO - [2026-02-24T18:18:01.360+0000] {dagbag.py:588} INFO - Filling up the DagBag from /home/ubuntu/airflow-venv/lib/python3.12/site-packages/airflow/example_dags/example_task_group_decorator.py
[2026-02-24T18:18:01.371+0000] {processor.py:925} INFO - DAG(s) 'example_task_group_decorator' retrieved from /home/ubuntu/airflow-venv/lib/python3.12/site-packages/airflow/example_dags/example_task_group_decorator.py
[2026-02-24T18:18:01.386+0000] {logging_mixin.py:190} INFO - [2026-02-24T18:18:01.385+0000] {dag.py:3239} INFO - Sync 1 DAGs
[2026-02-24T18:18:01.395+0000] {logging_mixin.py:190} INFO - [2026-02-24T18:18:01.394+0000] {dag.py:4180} INFO - Setting next_dagrun for example_task_group_decorator to None, run_after=None
[2026-02-24T18:18:01.413+0000] {processor.py:208} INFO - Processing /home/ubuntu/airflow-venv/lib/python3.12/site-packages/airflow/example_dags/example_task_group_decorator.py took 0.060 seconds
[2026-02-24T18:18:52.584+0000] {processor.py:186} INFO - Started process (PID=45640) to work on /home/ubuntu/airflow-venv/lib/python3.12/site-packages/airflow/example_dags/example_task_group_decorator.py
[2026-02-24T18:18:52.585+0000] {processor.py:914} INFO - Processing file /home/ubuntu/airflow-venv/lib/python3.12/site-packages/airflow/example_dags/example_task_group_decorator.py for tasks to queue
[2026-02-24T18:18:52.587+0000] {logging_mixin.py:190} INFO - [2026-02-24T18:18:52.587+0000] {dagbag.py:588} INFO - Filling up the DagBag from /home/ubuntu/airflow-venv/lib/python3.12/site-packages/airflow/example_dags/example_task_group_decorator.py
[2026-02-24T18:18:52.597+0000] {processor.py:925} INFO - DAG(s) 'example_task_group_decorator' retrieved from /home/ubuntu/airflow-venv/lib/python3.12/site-packages/airflow/example_dags/example_task_group_decorator.py
[2026-02-24T18:18:52.612+0000] {logging_mixin.py:190} INFO - [2026-02-24T18:18:52.612+0000] {dag.py:3239} INFO - Sync 1 DAGs
[2026-02-24T18:18:52.621+0000] {logging_mixin.py:190} INFO - [2026-02-24T18:18:52.621+0000] {dag.py:4180} INFO - Setting next_dagrun for example_task_group_decorator to None, run_after=None
[2026-02-24T18:18:52.639+0000] {processor.py:208} INFO - Processing /home/ubuntu/airflow-venv/lib/python3.12/site-packages/airflow/example_dags/example_task_group_decorator.py took 0.059 seconds
[2026-02-24T18:19:46.325+0000] {processor.py:186} INFO - Started process (PID=45695) to work on /home/ubuntu/airflow-venv/lib/python3.12/site-packages/airflow/example_dags/example_task_group_decorator.py
[2026-02-24T18:19:46.327+0000] {processor.py:914} INFO - Processing file /home/ubuntu/airflow-venv/lib/python3.12/site-packages/airflow/example_dags/example_task_group_decorator.py for tasks to queue
[2026-02-24T18:19:46.329+0000] {logging_mixin.py:190} INFO - [2026-02-24T18:19:46.328+0000] {dagbag.py:588} INFO - Filling up the DagBag from /home/ubuntu/airflow-venv/lib/python3.12/site-packages/airflow/example_dags/example_task_group_decorator.py
[2026-02-24T18:19:46.339+0000] {processor.py:925} INFO - DAG(s) 'example_task_group_decorator' retrieved from /home/ubuntu/airflow-venv/lib/python3.12/site-packages/airflow/example_dags/example_task_group_decorator.py
[2026-02-24T18:19:46.354+0000] {logging_mixin.py:190} INFO - [2026-02-24T18:19:46.353+0000] {dag.py:3239} INFO - Sync 1 DAGs
[2026-02-24T18:19:46.363+0000] {logging_mixin.py:190} INFO - [2026-02-24T18:19:46.362+0000] {dag.py:4180} INFO - Setting next_dagrun for example_task_group_decorator to None, run_after=None
[2026-02-24T18:19:46.382+0000] {processor.py:208} INFO - Processing /home/ubuntu/airflow-venv/lib/python3.12/site-packages/airflow/example_dags/example_task_group_decorator.py took 0.060 seconds
