[2026-02-24T17:59:51.147+0000] {processor.py:186} INFO - Started process (PID=43686) to work on /home/ubuntu/airflow-venv/lib/python3.12/site-packages/airflow/example_dags/example_bash_operator.py
[2026-02-24T17:59:51.148+0000] {processor.py:914} INFO - Processing file /home/ubuntu/airflow-venv/lib/python3.12/site-packages/airflow/example_dags/example_bash_operator.py for tasks to queue
[2026-02-24T17:59:51.149+0000] {logging_mixin.py:190} INFO - [2026-02-24T17:59:51.149+0000] {dagbag.py:588} INFO - Filling up the DagBag from /home/ubuntu/airflow-venv/lib/python3.12/site-packages/airflow/example_dags/example_bash_operator.py
[2026-02-24T17:59:51.160+0000] {processor.py:925} INFO - DAG(s) 'example_bash_operator' retrieved from /home/ubuntu/airflow-venv/lib/python3.12/site-packages/airflow/example_dags/example_bash_operator.py
[2026-02-24T17:59:51.236+0000] {logging_mixin.py:190} INFO - [2026-02-24T17:59:51.236+0000] {override.py:1900} INFO - Created Permission View: can edit on DAG:example_bash_operator
[2026-02-24T17:59:51.248+0000] {logging_mixin.py:190} INFO - [2026-02-24T17:59:51.247+0000] {override.py:1900} INFO - Created Permission View: can delete on DAG:example_bash_operator
[2026-02-24T17:59:51.256+0000] {logging_mixin.py:190} INFO - [2026-02-24T17:59:51.256+0000] {override.py:1900} INFO - Created Permission View: can read on DAG:example_bash_operator
[2026-02-24T17:59:51.272+0000] {logging_mixin.py:190} INFO - [2026-02-24T17:59:51.272+0000] {override.py:1900} INFO - Created Permission View: can delete on DAG Run:example_bash_operator
[2026-02-24T17:59:51.281+0000] {logging_mixin.py:190} INFO - [2026-02-24T17:59:51.281+0000] {override.py:1900} INFO - Created Permission View: menu access on DAG Run:example_bash_operator
[2026-02-24T17:59:51.289+0000] {logging_mixin.py:190} INFO - [2026-02-24T17:59:51.289+0000] {override.py:1900} INFO - Created Permission View: can create on DAG Run:example_bash_operator
[2026-02-24T17:59:51.298+0000] {logging_mixin.py:190} INFO - [2026-02-24T17:59:51.298+0000] {override.py:1900} INFO - Created Permission View: can read on DAG Run:example_bash_operator
[2026-02-24T17:59:51.298+0000] {logging_mixin.py:190} INFO - [2026-02-24T17:59:51.298+0000] {dag.py:3239} INFO - Sync 1 DAGs
[2026-02-24T17:59:51.306+0000] {logging_mixin.py:190} INFO - [2026-02-24T17:59:51.306+0000] {dag.py:3262} INFO - Creating ORM DAG for example_bash_operator
[2026-02-24T17:59:51.312+0000] {logging_mixin.py:190} INFO - [2026-02-24T17:59:51.312+0000] {dag.py:4180} INFO - Setting next_dagrun for example_bash_operator to 2026-02-23 00:00:00+00:00, run_after=2026-02-24 00:00:00+00:00
[2026-02-24T17:59:51.331+0000] {processor.py:208} INFO - Processing /home/ubuntu/airflow-venv/lib/python3.12/site-packages/airflow/example_dags/example_bash_operator.py took 0.188 seconds
[2026-02-24T18:00:44.546+0000] {processor.py:186} INFO - Started process (PID=43748) to work on /home/ubuntu/airflow-venv/lib/python3.12/site-packages/airflow/example_dags/example_bash_operator.py
[2026-02-24T18:00:44.547+0000] {processor.py:914} INFO - Processing file /home/ubuntu/airflow-venv/lib/python3.12/site-packages/airflow/example_dags/example_bash_operator.py for tasks to queue
[2026-02-24T18:00:44.548+0000] {logging_mixin.py:190} INFO - [2026-02-24T18:00:44.548+0000] {dagbag.py:588} INFO - Filling up the DagBag from /home/ubuntu/airflow-venv/lib/python3.12/site-packages/airflow/example_dags/example_bash_operator.py
[2026-02-24T18:00:44.558+0000] {processor.py:925} INFO - DAG(s) 'example_bash_operator' retrieved from /home/ubuntu/airflow-venv/lib/python3.12/site-packages/airflow/example_dags/example_bash_operator.py
[2026-02-24T18:00:44.573+0000] {logging_mixin.py:190} INFO - [2026-02-24T18:00:44.573+0000] {dag.py:3239} INFO - Sync 1 DAGs
[2026-02-24T18:00:44.588+0000] {logging_mixin.py:190} INFO - [2026-02-24T18:00:44.587+0000] {dag.py:4180} INFO - Setting next_dagrun for example_bash_operator to 2026-02-23 00:00:00+00:00, run_after=2026-02-24 00:00:00+00:00
[2026-02-24T18:00:44.605+0000] {processor.py:208} INFO - Processing /home/ubuntu/airflow-venv/lib/python3.12/site-packages/airflow/example_dags/example_bash_operator.py took 0.064 seconds
[2026-02-24T18:02:00.977+0000] {processor.py:186} INFO - Started process (PID=43829) to work on /home/ubuntu/airflow-venv/lib/python3.12/site-packages/airflow/example_dags/example_bash_operator.py
[2026-02-24T18:02:00.978+0000] {processor.py:914} INFO - Processing file /home/ubuntu/airflow-venv/lib/python3.12/site-packages/airflow/example_dags/example_bash_operator.py for tasks to queue
[2026-02-24T18:02:00.980+0000] {logging_mixin.py:190} INFO - [2026-02-24T18:02:00.979+0000] {dagbag.py:588} INFO - Filling up the DagBag from /home/ubuntu/airflow-venv/lib/python3.12/site-packages/airflow/example_dags/example_bash_operator.py
[2026-02-24T18:02:00.990+0000] {processor.py:925} INFO - DAG(s) 'example_bash_operator' retrieved from /home/ubuntu/airflow-venv/lib/python3.12/site-packages/airflow/example_dags/example_bash_operator.py
[2026-02-24T18:02:01.006+0000] {logging_mixin.py:190} INFO - [2026-02-24T18:02:01.005+0000] {dag.py:3239} INFO - Sync 1 DAGs
[2026-02-24T18:02:01.021+0000] {logging_mixin.py:190} INFO - [2026-02-24T18:02:01.021+0000] {dag.py:4180} INFO - Setting next_dagrun for example_bash_operator to 2026-02-23 00:00:00+00:00, run_after=2026-02-24 00:00:00+00:00
[2026-02-24T18:02:01.038+0000] {processor.py:208} INFO - Processing /home/ubuntu/airflow-venv/lib/python3.12/site-packages/airflow/example_dags/example_bash_operator.py took 0.066 seconds
[2026-02-24T18:03:20.681+0000] {processor.py:186} INFO - Started process (PID=44283) to work on /home/ubuntu/airflow-venv/lib/python3.12/site-packages/airflow/example_dags/example_bash_operator.py
[2026-02-24T18:03:20.682+0000] {processor.py:914} INFO - Processing file /home/ubuntu/airflow-venv/lib/python3.12/site-packages/airflow/example_dags/example_bash_operator.py for tasks to queue
[2026-02-24T18:03:20.684+0000] {logging_mixin.py:190} INFO - [2026-02-24T18:03:20.683+0000] {dagbag.py:588} INFO - Filling up the DagBag from /home/ubuntu/airflow-venv/lib/python3.12/site-packages/airflow/example_dags/example_bash_operator.py
[2026-02-24T18:03:20.694+0000] {processor.py:925} INFO - DAG(s) 'example_bash_operator' retrieved from /home/ubuntu/airflow-venv/lib/python3.12/site-packages/airflow/example_dags/example_bash_operator.py
[2026-02-24T18:03:20.709+0000] {logging_mixin.py:190} INFO - [2026-02-24T18:03:20.709+0000] {dag.py:3239} INFO - Sync 1 DAGs
[2026-02-24T18:03:20.723+0000] {logging_mixin.py:190} INFO - [2026-02-24T18:03:20.723+0000] {dag.py:4180} INFO - Setting next_dagrun for example_bash_operator to 2026-02-23 00:00:00+00:00, run_after=2026-02-24 00:00:00+00:00
[2026-02-24T18:03:20.740+0000] {processor.py:208} INFO - Processing /home/ubuntu/airflow-venv/lib/python3.12/site-packages/airflow/example_dags/example_bash_operator.py took 0.063 seconds
[2026-02-24T18:04:32.429+0000] {processor.py:186} INFO - Started process (PID=44725) to work on /home/ubuntu/airflow-venv/lib/python3.12/site-packages/airflow/example_dags/example_bash_operator.py
[2026-02-24T18:04:32.430+0000] {processor.py:914} INFO - Processing file /home/ubuntu/airflow-venv/lib/python3.12/site-packages/airflow/example_dags/example_bash_operator.py for tasks to queue
[2026-02-24T18:04:32.431+0000] {logging_mixin.py:190} INFO - [2026-02-24T18:04:32.431+0000] {dagbag.py:588} INFO - Filling up the DagBag from /home/ubuntu/airflow-venv/lib/python3.12/site-packages/airflow/example_dags/example_bash_operator.py
[2026-02-24T18:04:32.441+0000] {processor.py:925} INFO - DAG(s) 'example_bash_operator' retrieved from /home/ubuntu/airflow-venv/lib/python3.12/site-packages/airflow/example_dags/example_bash_operator.py
[2026-02-24T18:04:32.457+0000] {logging_mixin.py:190} INFO - [2026-02-24T18:04:32.456+0000] {dag.py:3239} INFO - Sync 1 DAGs
[2026-02-24T18:04:32.471+0000] {logging_mixin.py:190} INFO - [2026-02-24T18:04:32.471+0000] {dag.py:4180} INFO - Setting next_dagrun for example_bash_operator to 2026-02-23 00:00:00+00:00, run_after=2026-02-24 00:00:00+00:00
[2026-02-24T18:04:32.489+0000] {processor.py:208} INFO - Processing /home/ubuntu/airflow-venv/lib/python3.12/site-packages/airflow/example_dags/example_bash_operator.py took 0.065 seconds
[2026-02-24T18:05:54.973+0000] {processor.py:186} INFO - Started process (PID=44815) to work on /home/ubuntu/airflow-venv/lib/python3.12/site-packages/airflow/example_dags/example_bash_operator.py
[2026-02-24T18:05:54.974+0000] {processor.py:914} INFO - Processing file /home/ubuntu/airflow-venv/lib/python3.12/site-packages/airflow/example_dags/example_bash_operator.py for tasks to queue
[2026-02-24T18:05:54.976+0000] {logging_mixin.py:190} INFO - [2026-02-24T18:05:54.976+0000] {dagbag.py:588} INFO - Filling up the DagBag from /home/ubuntu/airflow-venv/lib/python3.12/site-packages/airflow/example_dags/example_bash_operator.py
[2026-02-24T18:05:54.986+0000] {processor.py:925} INFO - DAG(s) 'example_bash_operator' retrieved from /home/ubuntu/airflow-venv/lib/python3.12/site-packages/airflow/example_dags/example_bash_operator.py
[2026-02-24T18:05:55.002+0000] {logging_mixin.py:190} INFO - [2026-02-24T18:05:55.001+0000] {dag.py:3239} INFO - Sync 1 DAGs
[2026-02-24T18:05:55.017+0000] {logging_mixin.py:190} INFO - [2026-02-24T18:05:55.017+0000] {dag.py:4180} INFO - Setting next_dagrun for example_bash_operator to 2026-02-23 00:00:00+00:00, run_after=2026-02-24 00:00:00+00:00
[2026-02-24T18:05:55.034+0000] {processor.py:208} INFO - Processing /home/ubuntu/airflow-venv/lib/python3.12/site-packages/airflow/example_dags/example_bash_operator.py took 0.065 seconds
[2026-02-24T18:06:51.385+0000] {processor.py:186} INFO - Started process (PID=44875) to work on /home/ubuntu/airflow-venv/lib/python3.12/site-packages/airflow/example_dags/example_bash_operator.py
[2026-02-24T18:06:51.387+0000] {processor.py:914} INFO - Processing file /home/ubuntu/airflow-venv/lib/python3.12/site-packages/airflow/example_dags/example_bash_operator.py for tasks to queue
[2026-02-24T18:06:51.388+0000] {logging_mixin.py:190} INFO - [2026-02-24T18:06:51.388+0000] {dagbag.py:588} INFO - Filling up the DagBag from /home/ubuntu/airflow-venv/lib/python3.12/site-packages/airflow/example_dags/example_bash_operator.py
[2026-02-24T18:06:51.399+0000] {processor.py:925} INFO - DAG(s) 'example_bash_operator' retrieved from /home/ubuntu/airflow-venv/lib/python3.12/site-packages/airflow/example_dags/example_bash_operator.py
[2026-02-24T18:06:51.415+0000] {logging_mixin.py:190} INFO - [2026-02-24T18:06:51.415+0000] {dag.py:3239} INFO - Sync 1 DAGs
[2026-02-24T18:06:51.430+0000] {logging_mixin.py:190} INFO - [2026-02-24T18:06:51.430+0000] {dag.py:4180} INFO - Setting next_dagrun for example_bash_operator to 2026-02-23 00:00:00+00:00, run_after=2026-02-24 00:00:00+00:00
[2026-02-24T18:06:51.449+0000] {processor.py:208} INFO - Processing /home/ubuntu/airflow-venv/lib/python3.12/site-packages/airflow/example_dags/example_bash_operator.py took 0.068 seconds
[2026-02-24T18:08:04.435+0000] {processor.py:186} INFO - Started process (PID=44953) to work on /home/ubuntu/airflow-venv/lib/python3.12/site-packages/airflow/example_dags/example_bash_operator.py
[2026-02-24T18:08:04.436+0000] {processor.py:914} INFO - Processing file /home/ubuntu/airflow-venv/lib/python3.12/site-packages/airflow/example_dags/example_bash_operator.py for tasks to queue
[2026-02-24T18:08:04.438+0000] {logging_mixin.py:190} INFO - [2026-02-24T18:08:04.438+0000] {dagbag.py:588} INFO - Filling up the DagBag from /home/ubuntu/airflow-venv/lib/python3.12/site-packages/airflow/example_dags/example_bash_operator.py
[2026-02-24T18:08:04.449+0000] {processor.py:925} INFO - DAG(s) 'example_bash_operator' retrieved from /home/ubuntu/airflow-venv/lib/python3.12/site-packages/airflow/example_dags/example_bash_operator.py
[2026-02-24T18:08:04.464+0000] {logging_mixin.py:190} INFO - [2026-02-24T18:08:04.464+0000] {dag.py:3239} INFO - Sync 1 DAGs
[2026-02-24T18:08:04.479+0000] {logging_mixin.py:190} INFO - [2026-02-24T18:08:04.479+0000] {dag.py:4180} INFO - Setting next_dagrun for example_bash_operator to 2026-02-23 00:00:00+00:00, run_after=2026-02-24 00:00:00+00:00
[2026-02-24T18:08:04.497+0000] {processor.py:208} INFO - Processing /home/ubuntu/airflow-venv/lib/python3.12/site-packages/airflow/example_dags/example_bash_operator.py took 0.066 seconds
[2026-02-24T18:09:18.705+0000] {processor.py:186} INFO - Started process (PID=45031) to work on /home/ubuntu/airflow-venv/lib/python3.12/site-packages/airflow/example_dags/example_bash_operator.py
[2026-02-24T18:09:18.706+0000] {processor.py:914} INFO - Processing file /home/ubuntu/airflow-venv/lib/python3.12/site-packages/airflow/example_dags/example_bash_operator.py for tasks to queue
[2026-02-24T18:09:18.708+0000] {logging_mixin.py:190} INFO - [2026-02-24T18:09:18.707+0000] {dagbag.py:588} INFO - Filling up the DagBag from /home/ubuntu/airflow-venv/lib/python3.12/site-packages/airflow/example_dags/example_bash_operator.py
[2026-02-24T18:09:18.718+0000] {processor.py:925} INFO - DAG(s) 'example_bash_operator' retrieved from /home/ubuntu/airflow-venv/lib/python3.12/site-packages/airflow/example_dags/example_bash_operator.py
[2026-02-24T18:09:18.733+0000] {logging_mixin.py:190} INFO - [2026-02-24T18:09:18.733+0000] {dag.py:3239} INFO - Sync 1 DAGs
[2026-02-24T18:09:18.748+0000] {logging_mixin.py:190} INFO - [2026-02-24T18:09:18.747+0000] {dag.py:4180} INFO - Setting next_dagrun for example_bash_operator to 2026-02-23 00:00:00+00:00, run_after=2026-02-24 00:00:00+00:00
[2026-02-24T18:09:18.765+0000] {processor.py:208} INFO - Processing /home/ubuntu/airflow-venv/lib/python3.12/site-packages/airflow/example_dags/example_bash_operator.py took 0.065 seconds
[2026-02-24T18:10:34.618+0000] {processor.py:186} INFO - Started process (PID=45114) to work on /home/ubuntu/airflow-venv/lib/python3.12/site-packages/airflow/example_dags/example_bash_operator.py
[2026-02-24T18:10:34.620+0000] {processor.py:914} INFO - Processing file /home/ubuntu/airflow-venv/lib/python3.12/site-packages/airflow/example_dags/example_bash_operator.py for tasks to queue
[2026-02-24T18:10:34.622+0000] {logging_mixin.py:190} INFO - [2026-02-24T18:10:34.621+0000] {dagbag.py:588} INFO - Filling up the DagBag from /home/ubuntu/airflow-venv/lib/python3.12/site-packages/airflow/example_dags/example_bash_operator.py
[2026-02-24T18:10:34.631+0000] {processor.py:925} INFO - DAG(s) 'example_bash_operator' retrieved from /home/ubuntu/airflow-venv/lib/python3.12/site-packages/airflow/example_dags/example_bash_operator.py
[2026-02-24T18:10:34.647+0000] {logging_mixin.py:190} INFO - [2026-02-24T18:10:34.647+0000] {dag.py:3239} INFO - Sync 1 DAGs
[2026-02-24T18:10:34.662+0000] {logging_mixin.py:190} INFO - [2026-02-24T18:10:34.662+0000] {dag.py:4180} INFO - Setting next_dagrun for example_bash_operator to 2026-02-23 00:00:00+00:00, run_after=2026-02-24 00:00:00+00:00
[2026-02-24T18:10:34.680+0000] {processor.py:208} INFO - Processing /home/ubuntu/airflow-venv/lib/python3.12/site-packages/airflow/example_dags/example_bash_operator.py took 0.065 seconds
[2026-02-24T18:11:51.710+0000] {processor.py:186} INFO - Started process (PID=45194) to work on /home/ubuntu/airflow-venv/lib/python3.12/site-packages/airflow/example_dags/example_bash_operator.py
[2026-02-24T18:11:51.711+0000] {processor.py:914} INFO - Processing file /home/ubuntu/airflow-venv/lib/python3.12/site-packages/airflow/example_dags/example_bash_operator.py for tasks to queue
[2026-02-24T18:11:51.713+0000] {logging_mixin.py:190} INFO - [2026-02-24T18:11:51.713+0000] {dagbag.py:588} INFO - Filling up the DagBag from /home/ubuntu/airflow-venv/lib/python3.12/site-packages/airflow/example_dags/example_bash_operator.py
[2026-02-24T18:11:51.723+0000] {processor.py:925} INFO - DAG(s) 'example_bash_operator' retrieved from /home/ubuntu/airflow-venv/lib/python3.12/site-packages/airflow/example_dags/example_bash_operator.py
[2026-02-24T18:11:51.739+0000] {logging_mixin.py:190} INFO - [2026-02-24T18:11:51.739+0000] {dag.py:3239} INFO - Sync 1 DAGs
[2026-02-24T18:11:51.754+0000] {logging_mixin.py:190} INFO - [2026-02-24T18:11:51.754+0000] {dag.py:4180} INFO - Setting next_dagrun for example_bash_operator to 2026-02-23 00:00:00+00:00, run_after=2026-02-24 00:00:00+00:00
[2026-02-24T18:11:51.773+0000] {processor.py:208} INFO - Processing /home/ubuntu/airflow-venv/lib/python3.12/site-packages/airflow/example_dags/example_bash_operator.py took 0.068 seconds
[2026-02-24T18:13:07.585+0000] {processor.py:186} INFO - Started process (PID=45274) to work on /home/ubuntu/airflow-venv/lib/python3.12/site-packages/airflow/example_dags/example_bash_operator.py
[2026-02-24T18:13:07.586+0000] {processor.py:914} INFO - Processing file /home/ubuntu/airflow-venv/lib/python3.12/site-packages/airflow/example_dags/example_bash_operator.py for tasks to queue
[2026-02-24T18:13:07.588+0000] {logging_mixin.py:190} INFO - [2026-02-24T18:13:07.588+0000] {dagbag.py:588} INFO - Filling up the DagBag from /home/ubuntu/airflow-venv/lib/python3.12/site-packages/airflow/example_dags/example_bash_operator.py
[2026-02-24T18:13:07.598+0000] {processor.py:925} INFO - DAG(s) 'example_bash_operator' retrieved from /home/ubuntu/airflow-venv/lib/python3.12/site-packages/airflow/example_dags/example_bash_operator.py
[2026-02-24T18:13:07.613+0000] {logging_mixin.py:190} INFO - [2026-02-24T18:13:07.613+0000] {dag.py:3239} INFO - Sync 1 DAGs
[2026-02-24T18:13:07.628+0000] {logging_mixin.py:190} INFO - [2026-02-24T18:13:07.628+0000] {dag.py:4180} INFO - Setting next_dagrun for example_bash_operator to 2026-02-23 00:00:00+00:00, run_after=2026-02-24 00:00:00+00:00
[2026-02-24T18:13:07.646+0000] {processor.py:208} INFO - Processing /home/ubuntu/airflow-venv/lib/python3.12/site-packages/airflow/example_dags/example_bash_operator.py took 0.065 seconds
[2026-02-24T18:14:20.704+0000] {processor.py:186} INFO - Started process (PID=45350) to work on /home/ubuntu/airflow-venv/lib/python3.12/site-packages/airflow/example_dags/example_bash_operator.py
[2026-02-24T18:14:20.705+0000] {processor.py:914} INFO - Processing file /home/ubuntu/airflow-venv/lib/python3.12/site-packages/airflow/example_dags/example_bash_operator.py for tasks to queue
[2026-02-24T18:14:20.707+0000] {logging_mixin.py:190} INFO - [2026-02-24T18:14:20.707+0000] {dagbag.py:588} INFO - Filling up the DagBag from /home/ubuntu/airflow-venv/lib/python3.12/site-packages/airflow/example_dags/example_bash_operator.py
[2026-02-24T18:14:20.717+0000] {processor.py:925} INFO - DAG(s) 'example_bash_operator' retrieved from /home/ubuntu/airflow-venv/lib/python3.12/site-packages/airflow/example_dags/example_bash_operator.py
[2026-02-24T18:14:20.732+0000] {logging_mixin.py:190} INFO - [2026-02-24T18:14:20.732+0000] {dag.py:3239} INFO - Sync 1 DAGs
[2026-02-24T18:14:20.747+0000] {logging_mixin.py:190} INFO - [2026-02-24T18:14:20.746+0000] {dag.py:4180} INFO - Setting next_dagrun for example_bash_operator to 2026-02-23 00:00:00+00:00, run_after=2026-02-24 00:00:00+00:00
[2026-02-24T18:14:20.764+0000] {processor.py:208} INFO - Processing /home/ubuntu/airflow-venv/lib/python3.12/site-packages/airflow/example_dags/example_bash_operator.py took 0.064 seconds
[2026-02-24T18:15:36.552+0000] {processor.py:186} INFO - Started process (PID=45432) to work on /home/ubuntu/airflow-venv/lib/python3.12/site-packages/airflow/example_dags/example_bash_operator.py
[2026-02-24T18:15:36.553+0000] {processor.py:914} INFO - Processing file /home/ubuntu/airflow-venv/lib/python3.12/site-packages/airflow/example_dags/example_bash_operator.py for tasks to queue
[2026-02-24T18:15:36.555+0000] {logging_mixin.py:190} INFO - [2026-02-24T18:15:36.554+0000] {dagbag.py:588} INFO - Filling up the DagBag from /home/ubuntu/airflow-venv/lib/python3.12/site-packages/airflow/example_dags/example_bash_operator.py
[2026-02-24T18:15:36.565+0000] {processor.py:925} INFO - DAG(s) 'example_bash_operator' retrieved from /home/ubuntu/airflow-venv/lib/python3.12/site-packages/airflow/example_dags/example_bash_operator.py
[2026-02-24T18:15:36.581+0000] {logging_mixin.py:190} INFO - [2026-02-24T18:15:36.581+0000] {dag.py:3239} INFO - Sync 1 DAGs
[2026-02-24T18:15:36.596+0000] {logging_mixin.py:190} INFO - [2026-02-24T18:15:36.595+0000] {dag.py:4180} INFO - Setting next_dagrun for example_bash_operator to 2026-02-23 00:00:00+00:00, run_after=2026-02-24 00:00:00+00:00
[2026-02-24T18:15:36.615+0000] {processor.py:208} INFO - Processing /home/ubuntu/airflow-venv/lib/python3.12/site-packages/airflow/example_dags/example_bash_operator.py took 0.068 seconds
[2026-02-24T18:16:50.849+0000] {processor.py:186} INFO - Started process (PID=45511) to work on /home/ubuntu/airflow-venv/lib/python3.12/site-packages/airflow/example_dags/example_bash_operator.py
[2026-02-24T18:16:50.851+0000] {processor.py:914} INFO - Processing file /home/ubuntu/airflow-venv/lib/python3.12/site-packages/airflow/example_dags/example_bash_operator.py for tasks to queue
[2026-02-24T18:16:50.852+0000] {logging_mixin.py:190} INFO - [2026-02-24T18:16:50.852+0000] {dagbag.py:588} INFO - Filling up the DagBag from /home/ubuntu/airflow-venv/lib/python3.12/site-packages/airflow/example_dags/example_bash_operator.py
[2026-02-24T18:16:50.862+0000] {processor.py:925} INFO - DAG(s) 'example_bash_operator' retrieved from /home/ubuntu/airflow-venv/lib/python3.12/site-packages/airflow/example_dags/example_bash_operator.py
[2026-02-24T18:16:50.878+0000] {logging_mixin.py:190} INFO - [2026-02-24T18:16:50.878+0000] {dag.py:3239} INFO - Sync 1 DAGs
[2026-02-24T18:16:50.893+0000] {logging_mixin.py:190} INFO - [2026-02-24T18:16:50.893+0000] {dag.py:4180} INFO - Setting next_dagrun for example_bash_operator to 2026-02-23 00:00:00+00:00, run_after=2026-02-24 00:00:00+00:00
[2026-02-24T18:16:50.911+0000] {processor.py:208} INFO - Processing /home/ubuntu/airflow-venv/lib/python3.12/site-packages/airflow/example_dags/example_bash_operator.py took 0.066 seconds
[2026-02-24T18:18:10.508+0000] {processor.py:186} INFO - Started process (PID=45598) to work on /home/ubuntu/airflow-venv/lib/python3.12/site-packages/airflow/example_dags/example_bash_operator.py
[2026-02-24T18:18:10.509+0000] {processor.py:914} INFO - Processing file /home/ubuntu/airflow-venv/lib/python3.12/site-packages/airflow/example_dags/example_bash_operator.py for tasks to queue
[2026-02-24T18:18:10.511+0000] {logging_mixin.py:190} INFO - [2026-02-24T18:18:10.510+0000] {dagbag.py:588} INFO - Filling up the DagBag from /home/ubuntu/airflow-venv/lib/python3.12/site-packages/airflow/example_dags/example_bash_operator.py
[2026-02-24T18:18:10.521+0000] {processor.py:925} INFO - DAG(s) 'example_bash_operator' retrieved from /home/ubuntu/airflow-venv/lib/python3.12/site-packages/airflow/example_dags/example_bash_operator.py
[2026-02-24T18:18:10.536+0000] {logging_mixin.py:190} INFO - [2026-02-24T18:18:10.536+0000] {dag.py:3239} INFO - Sync 1 DAGs
[2026-02-24T18:18:10.551+0000] {logging_mixin.py:190} INFO - [2026-02-24T18:18:10.551+0000] {dag.py:4180} INFO - Setting next_dagrun for example_bash_operator to 2026-02-23 00:00:00+00:00, run_after=2026-02-24 00:00:00+00:00
[2026-02-24T18:18:10.569+0000] {processor.py:208} INFO - Processing /home/ubuntu/airflow-venv/lib/python3.12/site-packages/airflow/example_dags/example_bash_operator.py took 0.066 seconds
[2026-02-24T18:19:27.710+0000] {processor.py:186} INFO - Started process (PID=45677) to work on /home/ubuntu/airflow-venv/lib/python3.12/site-packages/airflow/example_dags/example_bash_operator.py
[2026-02-24T18:19:27.711+0000] {processor.py:914} INFO - Processing file /home/ubuntu/airflow-venv/lib/python3.12/site-packages/airflow/example_dags/example_bash_operator.py for tasks to queue
[2026-02-24T18:19:27.713+0000] {logging_mixin.py:190} INFO - [2026-02-24T18:19:27.713+0000] {dagbag.py:588} INFO - Filling up the DagBag from /home/ubuntu/airflow-venv/lib/python3.12/site-packages/airflow/example_dags/example_bash_operator.py
[2026-02-24T18:19:27.722+0000] {processor.py:925} INFO - DAG(s) 'example_bash_operator' retrieved from /home/ubuntu/airflow-venv/lib/python3.12/site-packages/airflow/example_dags/example_bash_operator.py
[2026-02-24T18:19:27.737+0000] {logging_mixin.py:190} INFO - [2026-02-24T18:19:27.737+0000] {dag.py:3239} INFO - Sync 1 DAGs
[2026-02-24T18:19:27.752+0000] {logging_mixin.py:190} INFO - [2026-02-24T18:19:27.752+0000] {dag.py:4180} INFO - Setting next_dagrun for example_bash_operator to 2026-02-23 00:00:00+00:00, run_after=2026-02-24 00:00:00+00:00
[2026-02-24T18:19:27.771+0000] {processor.py:208} INFO - Processing /home/ubuntu/airflow-venv/lib/python3.12/site-packages/airflow/example_dags/example_bash_operator.py took 0.065 seconds
