[2026-02-24T17:59:40.808+0000] {processor.py:186} INFO - Started process (PID=43676) to work on /home/ubuntu/airflow-venv/lib/python3.12/site-packages/airflow/example_dags/example_dataset_alias_with_no_taskflow.py
[2026-02-24T17:59:40.808+0000] {processor.py:914} INFO - Processing file /home/ubuntu/airflow-venv/lib/python3.12/site-packages/airflow/example_dags/example_dataset_alias_with_no_taskflow.py for tasks to queue
[2026-02-24T17:59:40.810+0000] {logging_mixin.py:190} INFO - [2026-02-24T17:59:40.810+0000] {dagbag.py:588} INFO - Filling up the DagBag from /home/ubuntu/airflow-venv/lib/python3.12/site-packages/airflow/example_dags/example_dataset_alias_with_no_taskflow.py
[2026-02-24T17:59:40.823+0000] {processor.py:925} INFO - DAG(s) 'dataset_s3_bucket_producer_with_no_taskflow', 'dataset_alias_example_alias_consumer_with_no_taskflow', 'dataset_s3_bucket_consumer_with_no_taskflow', 'dataset_alias_example_alias_producer_with_no_taskflow' retrieved from /home/ubuntu/airflow-venv/lib/python3.12/site-packages/airflow/example_dags/example_dataset_alias_with_no_taskflow.py
[2026-02-24T17:59:40.895+0000] {logging_mixin.py:190} INFO - [2026-02-24T17:59:40.894+0000] {override.py:1900} INFO - Created Permission View: can edit on DAG:dataset_s3_bucket_producer_with_no_taskflow
[2026-02-24T17:59:40.906+0000] {logging_mixin.py:190} INFO - [2026-02-24T17:59:40.905+0000] {override.py:1900} INFO - Created Permission View: can delete on DAG:dataset_s3_bucket_producer_with_no_taskflow
[2026-02-24T17:59:40.915+0000] {logging_mixin.py:190} INFO - [2026-02-24T17:59:40.915+0000] {override.py:1900} INFO - Created Permission View: can read on DAG:dataset_s3_bucket_producer_with_no_taskflow
[2026-02-24T17:59:40.931+0000] {logging_mixin.py:190} INFO - [2026-02-24T17:59:40.930+0000] {override.py:1900} INFO - Created Permission View: can delete on DAG Run:dataset_s3_bucket_producer_with_no_taskflow
[2026-02-24T17:59:40.939+0000] {logging_mixin.py:190} INFO - [2026-02-24T17:59:40.939+0000] {override.py:1900} INFO - Created Permission View: menu access on DAG Run:dataset_s3_bucket_producer_with_no_taskflow
[2026-02-24T17:59:40.948+0000] {logging_mixin.py:190} INFO - [2026-02-24T17:59:40.947+0000] {override.py:1900} INFO - Created Permission View: can create on DAG Run:dataset_s3_bucket_producer_with_no_taskflow
[2026-02-24T17:59:40.959+0000] {logging_mixin.py:190} INFO - [2026-02-24T17:59:40.959+0000] {override.py:1900} INFO - Created Permission View: can read on DAG Run:dataset_s3_bucket_producer_with_no_taskflow
[2026-02-24T17:59:40.980+0000] {logging_mixin.py:190} INFO - [2026-02-24T17:59:40.980+0000] {override.py:1900} INFO - Created Permission View: can edit on DAG:dataset_alias_example_alias_consumer_with_no_taskflow
[2026-02-24T17:59:40.989+0000] {logging_mixin.py:190} INFO - [2026-02-24T17:59:40.989+0000] {override.py:1900} INFO - Created Permission View: can delete on DAG:dataset_alias_example_alias_consumer_with_no_taskflow
[2026-02-24T17:59:40.998+0000] {logging_mixin.py:190} INFO - [2026-02-24T17:59:40.997+0000] {override.py:1900} INFO - Created Permission View: can read on DAG:dataset_alias_example_alias_consumer_with_no_taskflow
[2026-02-24T17:59:41.012+0000] {logging_mixin.py:190} INFO - [2026-02-24T17:59:41.012+0000] {override.py:1900} INFO - Created Permission View: can delete on DAG Run:dataset_alias_example_alias_consumer_with_no_taskflow
[2026-02-24T17:59:41.022+0000] {logging_mixin.py:190} INFO - [2026-02-24T17:59:41.022+0000] {override.py:1900} INFO - Created Permission View: menu access on DAG Run:dataset_alias_example_alias_consumer_with_no_taskflow
[2026-02-24T17:59:41.031+0000] {logging_mixin.py:190} INFO - [2026-02-24T17:59:41.030+0000] {override.py:1900} INFO - Created Permission View: can create on DAG Run:dataset_alias_example_alias_consumer_with_no_taskflow
[2026-02-24T17:59:41.039+0000] {logging_mixin.py:190} INFO - [2026-02-24T17:59:41.039+0000] {override.py:1900} INFO - Created Permission View: can read on DAG Run:dataset_alias_example_alias_consumer_with_no_taskflow
[2026-02-24T17:59:41.058+0000] {logging_mixin.py:190} INFO - [2026-02-24T17:59:41.058+0000] {override.py:1900} INFO - Created Permission View: can edit on DAG:dataset_s3_bucket_consumer_with_no_taskflow
[2026-02-24T17:59:41.067+0000] {logging_mixin.py:190} INFO - [2026-02-24T17:59:41.067+0000] {override.py:1900} INFO - Created Permission View: can delete on DAG:dataset_s3_bucket_consumer_with_no_taskflow
[2026-02-24T17:59:41.076+0000] {logging_mixin.py:190} INFO - [2026-02-24T17:59:41.076+0000] {override.py:1900} INFO - Created Permission View: can read on DAG:dataset_s3_bucket_consumer_with_no_taskflow
[2026-02-24T17:59:41.091+0000] {logging_mixin.py:190} INFO - [2026-02-24T17:59:41.091+0000] {override.py:1900} INFO - Created Permission View: can delete on DAG Run:dataset_s3_bucket_consumer_with_no_taskflow
[2026-02-24T17:59:41.099+0000] {logging_mixin.py:190} INFO - [2026-02-24T17:59:41.099+0000] {override.py:1900} INFO - Created Permission View: menu access on DAG Run:dataset_s3_bucket_consumer_with_no_taskflow
[2026-02-24T17:59:41.108+0000] {logging_mixin.py:190} INFO - [2026-02-24T17:59:41.108+0000] {override.py:1900} INFO - Created Permission View: can create on DAG Run:dataset_s3_bucket_consumer_with_no_taskflow
[2026-02-24T17:59:41.117+0000] {logging_mixin.py:190} INFO - [2026-02-24T17:59:41.117+0000] {override.py:1900} INFO - Created Permission View: can read on DAG Run:dataset_s3_bucket_consumer_with_no_taskflow
[2026-02-24T17:59:41.139+0000] {logging_mixin.py:190} INFO - [2026-02-24T17:59:41.139+0000] {override.py:1900} INFO - Created Permission View: can edit on DAG:dataset_alias_example_alias_producer_with_no_taskflow
[2026-02-24T17:59:41.148+0000] {logging_mixin.py:190} INFO - [2026-02-24T17:59:41.147+0000] {override.py:1900} INFO - Created Permission View: can delete on DAG:dataset_alias_example_alias_producer_with_no_taskflow
[2026-02-24T17:59:41.157+0000] {logging_mixin.py:190} INFO - [2026-02-24T17:59:41.156+0000] {override.py:1900} INFO - Created Permission View: can read on DAG:dataset_alias_example_alias_producer_with_no_taskflow
[2026-02-24T17:59:41.172+0000] {logging_mixin.py:190} INFO - [2026-02-24T17:59:41.172+0000] {override.py:1900} INFO - Created Permission View: can delete on DAG Run:dataset_alias_example_alias_producer_with_no_taskflow
[2026-02-24T17:59:41.180+0000] {logging_mixin.py:190} INFO - [2026-02-24T17:59:41.180+0000] {override.py:1900} INFO - Created Permission View: menu access on DAG Run:dataset_alias_example_alias_producer_with_no_taskflow
[2026-02-24T17:59:41.189+0000] {logging_mixin.py:190} INFO - [2026-02-24T17:59:41.189+0000] {override.py:1900} INFO - Created Permission View: can create on DAG Run:dataset_alias_example_alias_producer_with_no_taskflow
[2026-02-24T17:59:41.197+0000] {logging_mixin.py:190} INFO - [2026-02-24T17:59:41.197+0000] {override.py:1900} INFO - Created Permission View: can read on DAG Run:dataset_alias_example_alias_producer_with_no_taskflow
[2026-02-24T17:59:41.197+0000] {logging_mixin.py:190} INFO - [2026-02-24T17:59:41.197+0000] {dag.py:3239} INFO - Sync 4 DAGs
[2026-02-24T17:59:41.205+0000] {logging_mixin.py:190} INFO - [2026-02-24T17:59:41.205+0000] {dag.py:3262} INFO - Creating ORM DAG for dataset_s3_bucket_producer_with_no_taskflow
[2026-02-24T17:59:41.206+0000] {logging_mixin.py:190} INFO - [2026-02-24T17:59:41.205+0000] {dag.py:3262} INFO - Creating ORM DAG for dataset_alias_example_alias_consumer_with_no_taskflow
[2026-02-24T17:59:41.206+0000] {logging_mixin.py:190} INFO - [2026-02-24T17:59:41.206+0000] {dag.py:3262} INFO - Creating ORM DAG for dataset_s3_bucket_consumer_with_no_taskflow
[2026-02-24T17:59:41.206+0000] {logging_mixin.py:190} INFO - [2026-02-24T17:59:41.206+0000] {dag.py:3262} INFO - Creating ORM DAG for dataset_alias_example_alias_producer_with_no_taskflow
[2026-02-24T17:59:41.211+0000] {logging_mixin.py:190} INFO - [2026-02-24T17:59:41.211+0000] {dag.py:4180} INFO - Setting next_dagrun for dataset_alias_example_alias_consumer_with_no_taskflow to None, run_after=None
[2026-02-24T17:59:41.212+0000] {logging_mixin.py:190} INFO - [2026-02-24T17:59:41.212+0000] {dag.py:4180} INFO - Setting next_dagrun for dataset_alias_example_alias_producer_with_no_taskflow to None, run_after=None
[2026-02-24T17:59:41.212+0000] {logging_mixin.py:190} INFO - [2026-02-24T17:59:41.212+0000] {dag.py:4180} INFO - Setting next_dagrun for dataset_s3_bucket_consumer_with_no_taskflow to None, run_after=None
[2026-02-24T17:59:41.212+0000] {logging_mixin.py:190} INFO - [2026-02-24T17:59:41.212+0000] {dag.py:4180} INFO - Setting next_dagrun for dataset_s3_bucket_producer_with_no_taskflow to None, run_after=None
[2026-02-24T17:59:41.236+0000] {processor.py:208} INFO - Processing /home/ubuntu/airflow-venv/lib/python3.12/site-packages/airflow/example_dags/example_dataset_alias_with_no_taskflow.py took 0.432 seconds
[2026-02-24T18:00:35.539+0000] {processor.py:186} INFO - Started process (PID=43738) to work on /home/ubuntu/airflow-venv/lib/python3.12/site-packages/airflow/example_dags/example_dataset_alias_with_no_taskflow.py
[2026-02-24T18:00:35.540+0000] {processor.py:914} INFO - Processing file /home/ubuntu/airflow-venv/lib/python3.12/site-packages/airflow/example_dags/example_dataset_alias_with_no_taskflow.py for tasks to queue
[2026-02-24T18:00:35.542+0000] {logging_mixin.py:190} INFO - [2026-02-24T18:00:35.542+0000] {dagbag.py:588} INFO - Filling up the DagBag from /home/ubuntu/airflow-venv/lib/python3.12/site-packages/airflow/example_dags/example_dataset_alias_with_no_taskflow.py
[2026-02-24T18:00:35.559+0000] {processor.py:925} INFO - DAG(s) 'dataset_alias_example_alias_producer_with_no_taskflow', 'dataset_s3_bucket_producer_with_no_taskflow', 'dataset_alias_example_alias_consumer_with_no_taskflow', 'dataset_s3_bucket_consumer_with_no_taskflow' retrieved from /home/ubuntu/airflow-venv/lib/python3.12/site-packages/airflow/example_dags/example_dataset_alias_with_no_taskflow.py
[2026-02-24T18:00:35.572+0000] {logging_mixin.py:190} INFO - [2026-02-24T18:00:35.572+0000] {dag.py:3239} INFO - Sync 4 DAGs
[2026-02-24T18:00:35.586+0000] {logging_mixin.py:190} INFO - [2026-02-24T18:00:35.586+0000] {dag.py:4180} INFO - Setting next_dagrun for dataset_alias_example_alias_consumer_with_no_taskflow to None, run_after=None
[2026-02-24T18:00:35.587+0000] {logging_mixin.py:190} INFO - [2026-02-24T18:00:35.587+0000] {dag.py:4180} INFO - Setting next_dagrun for dataset_alias_example_alias_producer_with_no_taskflow to None, run_after=None
[2026-02-24T18:00:35.588+0000] {logging_mixin.py:190} INFO - [2026-02-24T18:00:35.588+0000] {dag.py:4180} INFO - Setting next_dagrun for dataset_s3_bucket_consumer_with_no_taskflow to None, run_after=None
[2026-02-24T18:00:35.589+0000] {logging_mixin.py:190} INFO - [2026-02-24T18:00:35.588+0000] {dag.py:4180} INFO - Setting next_dagrun for dataset_s3_bucket_producer_with_no_taskflow to None, run_after=None
[2026-02-24T18:00:35.608+0000] {processor.py:208} INFO - Processing /home/ubuntu/airflow-venv/lib/python3.12/site-packages/airflow/example_dags/example_dataset_alias_with_no_taskflow.py took 0.073 seconds
[2026-02-24T18:01:30.812+0000] {processor.py:186} INFO - Started process (PID=43797) to work on /home/ubuntu/airflow-venv/lib/python3.12/site-packages/airflow/example_dags/example_dataset_alias_with_no_taskflow.py
[2026-02-24T18:01:30.814+0000] {processor.py:914} INFO - Processing file /home/ubuntu/airflow-venv/lib/python3.12/site-packages/airflow/example_dags/example_dataset_alias_with_no_taskflow.py for tasks to queue
[2026-02-24T18:01:30.815+0000] {logging_mixin.py:190} INFO - [2026-02-24T18:01:30.815+0000] {dagbag.py:588} INFO - Filling up the DagBag from /home/ubuntu/airflow-venv/lib/python3.12/site-packages/airflow/example_dags/example_dataset_alias_with_no_taskflow.py
[2026-02-24T18:01:30.832+0000] {processor.py:925} INFO - DAG(s) 'dataset_alias_example_alias_producer_with_no_taskflow', 'dataset_alias_example_alias_consumer_with_no_taskflow', 'dataset_s3_bucket_producer_with_no_taskflow', 'dataset_s3_bucket_consumer_with_no_taskflow' retrieved from /home/ubuntu/airflow-venv/lib/python3.12/site-packages/airflow/example_dags/example_dataset_alias_with_no_taskflow.py
[2026-02-24T18:01:30.846+0000] {logging_mixin.py:190} INFO - [2026-02-24T18:01:30.845+0000] {dag.py:3239} INFO - Sync 4 DAGs
[2026-02-24T18:01:30.859+0000] {logging_mixin.py:190} INFO - [2026-02-24T18:01:30.858+0000] {dag.py:4180} INFO - Setting next_dagrun for dataset_alias_example_alias_consumer_with_no_taskflow to None, run_after=None
[2026-02-24T18:01:30.861+0000] {logging_mixin.py:190} INFO - [2026-02-24T18:01:30.861+0000] {dag.py:4180} INFO - Setting next_dagrun for dataset_alias_example_alias_producer_with_no_taskflow to None, run_after=None
[2026-02-24T18:01:30.861+0000] {logging_mixin.py:190} INFO - [2026-02-24T18:01:30.861+0000] {dag.py:4180} INFO - Setting next_dagrun for dataset_s3_bucket_consumer_with_no_taskflow to None, run_after=None
[2026-02-24T18:01:30.862+0000] {logging_mixin.py:190} INFO - [2026-02-24T18:01:30.862+0000] {dag.py:4180} INFO - Setting next_dagrun for dataset_s3_bucket_producer_with_no_taskflow to None, run_after=None
[2026-02-24T18:01:30.881+0000] {processor.py:208} INFO - Processing /home/ubuntu/airflow-venv/lib/python3.12/site-packages/airflow/example_dags/example_dataset_alias_with_no_taskflow.py took 0.073 seconds
[2026-02-24T18:02:27.291+0000] {processor.py:186} INFO - Started process (PID=44220) to work on /home/ubuntu/airflow-venv/lib/python3.12/site-packages/airflow/example_dags/example_dataset_alias_with_no_taskflow.py
[2026-02-24T18:02:27.293+0000] {processor.py:914} INFO - Processing file /home/ubuntu/airflow-venv/lib/python3.12/site-packages/airflow/example_dags/example_dataset_alias_with_no_taskflow.py for tasks to queue
[2026-02-24T18:02:27.294+0000] {logging_mixin.py:190} INFO - [2026-02-24T18:02:27.294+0000] {dagbag.py:588} INFO - Filling up the DagBag from /home/ubuntu/airflow-venv/lib/python3.12/site-packages/airflow/example_dags/example_dataset_alias_with_no_taskflow.py
[2026-02-24T18:02:27.311+0000] {processor.py:925} INFO - DAG(s) 'dataset_s3_bucket_consumer_with_no_taskflow', 'dataset_alias_example_alias_consumer_with_no_taskflow', 'dataset_alias_example_alias_producer_with_no_taskflow', 'dataset_s3_bucket_producer_with_no_taskflow' retrieved from /home/ubuntu/airflow-venv/lib/python3.12/site-packages/airflow/example_dags/example_dataset_alias_with_no_taskflow.py
[2026-02-24T18:02:27.324+0000] {logging_mixin.py:190} INFO - [2026-02-24T18:02:27.324+0000] {dag.py:3239} INFO - Sync 4 DAGs
[2026-02-24T18:02:27.338+0000] {logging_mixin.py:190} INFO - [2026-02-24T18:02:27.338+0000] {dag.py:4180} INFO - Setting next_dagrun for dataset_alias_example_alias_consumer_with_no_taskflow to None, run_after=None
[2026-02-24T18:02:27.339+0000] {logging_mixin.py:190} INFO - [2026-02-24T18:02:27.339+0000] {dag.py:4180} INFO - Setting next_dagrun for dataset_alias_example_alias_producer_with_no_taskflow to None, run_after=None
[2026-02-24T18:02:27.340+0000] {logging_mixin.py:190} INFO - [2026-02-24T18:02:27.340+0000] {dag.py:4180} INFO - Setting next_dagrun for dataset_s3_bucket_consumer_with_no_taskflow to None, run_after=None
[2026-02-24T18:02:27.340+0000] {logging_mixin.py:190} INFO - [2026-02-24T18:02:27.340+0000] {dag.py:4180} INFO - Setting next_dagrun for dataset_s3_bucket_producer_with_no_taskflow to None, run_after=None
[2026-02-24T18:02:27.359+0000] {processor.py:208} INFO - Processing /home/ubuntu/airflow-venv/lib/python3.12/site-packages/airflow/example_dags/example_dataset_alias_with_no_taskflow.py took 0.072 seconds
[2026-02-24T18:03:42.286+0000] {processor.py:186} INFO - Started process (PID=44306) to work on /home/ubuntu/airflow-venv/lib/python3.12/site-packages/airflow/example_dags/example_dataset_alias_with_no_taskflow.py
[2026-02-24T18:03:42.287+0000] {processor.py:914} INFO - Processing file /home/ubuntu/airflow-venv/lib/python3.12/site-packages/airflow/example_dags/example_dataset_alias_with_no_taskflow.py for tasks to queue
[2026-02-24T18:03:42.288+0000] {logging_mixin.py:190} INFO - [2026-02-24T18:03:42.288+0000] {dagbag.py:588} INFO - Filling up the DagBag from /home/ubuntu/airflow-venv/lib/python3.12/site-packages/airflow/example_dags/example_dataset_alias_with_no_taskflow.py
[2026-02-24T18:03:42.304+0000] {processor.py:925} INFO - DAG(s) 'dataset_s3_bucket_consumer_with_no_taskflow', 'dataset_alias_example_alias_producer_with_no_taskflow', 'dataset_s3_bucket_producer_with_no_taskflow', 'dataset_alias_example_alias_consumer_with_no_taskflow' retrieved from /home/ubuntu/airflow-venv/lib/python3.12/site-packages/airflow/example_dags/example_dataset_alias_with_no_taskflow.py
[2026-02-24T18:03:42.318+0000] {logging_mixin.py:190} INFO - [2026-02-24T18:03:42.318+0000] {dag.py:3239} INFO - Sync 4 DAGs
[2026-02-24T18:03:42.331+0000] {logging_mixin.py:190} INFO - [2026-02-24T18:03:42.331+0000] {dag.py:4180} INFO - Setting next_dagrun for dataset_alias_example_alias_consumer_with_no_taskflow to None, run_after=None
[2026-02-24T18:03:42.332+0000] {logging_mixin.py:190} INFO - [2026-02-24T18:03:42.332+0000] {dag.py:4180} INFO - Setting next_dagrun for dataset_alias_example_alias_producer_with_no_taskflow to None, run_after=None
[2026-02-24T18:03:42.333+0000] {logging_mixin.py:190} INFO - [2026-02-24T18:03:42.333+0000] {dag.py:4180} INFO - Setting next_dagrun for dataset_s3_bucket_consumer_with_no_taskflow to None, run_after=None
[2026-02-24T18:03:42.334+0000] {logging_mixin.py:190} INFO - [2026-02-24T18:03:42.333+0000] {dag.py:4180} INFO - Setting next_dagrun for dataset_s3_bucket_producer_with_no_taskflow to None, run_after=None
[2026-02-24T18:03:42.353+0000] {processor.py:208} INFO - Processing /home/ubuntu/airflow-venv/lib/python3.12/site-packages/airflow/example_dags/example_dataset_alias_with_no_taskflow.py took 0.071 seconds
[2026-02-24T18:04:54.261+0000] {processor.py:186} INFO - Started process (PID=44747) to work on /home/ubuntu/airflow-venv/lib/python3.12/site-packages/airflow/example_dags/example_dataset_alias_with_no_taskflow.py
[2026-02-24T18:04:54.262+0000] {processor.py:914} INFO - Processing file /home/ubuntu/airflow-venv/lib/python3.12/site-packages/airflow/example_dags/example_dataset_alias_with_no_taskflow.py for tasks to queue
[2026-02-24T18:04:54.264+0000] {logging_mixin.py:190} INFO - [2026-02-24T18:04:54.263+0000] {dagbag.py:588} INFO - Filling up the DagBag from /home/ubuntu/airflow-venv/lib/python3.12/site-packages/airflow/example_dags/example_dataset_alias_with_no_taskflow.py
[2026-02-24T18:04:54.280+0000] {processor.py:925} INFO - DAG(s) 'dataset_alias_example_alias_producer_with_no_taskflow', 'dataset_alias_example_alias_consumer_with_no_taskflow', 'dataset_s3_bucket_consumer_with_no_taskflow', 'dataset_s3_bucket_producer_with_no_taskflow' retrieved from /home/ubuntu/airflow-venv/lib/python3.12/site-packages/airflow/example_dags/example_dataset_alias_with_no_taskflow.py
[2026-02-24T18:04:54.293+0000] {logging_mixin.py:190} INFO - [2026-02-24T18:04:54.293+0000] {dag.py:3239} INFO - Sync 4 DAGs
[2026-02-24T18:04:54.398+0000] {logging_mixin.py:190} INFO - [2026-02-24T18:04:54.398+0000] {dag.py:4180} INFO - Setting next_dagrun for dataset_alias_example_alias_consumer_with_no_taskflow to None, run_after=None
[2026-02-24T18:04:54.400+0000] {logging_mixin.py:190} INFO - [2026-02-24T18:04:54.399+0000] {dag.py:4180} INFO - Setting next_dagrun for dataset_alias_example_alias_producer_with_no_taskflow to None, run_after=None
[2026-02-24T18:04:54.400+0000] {logging_mixin.py:190} INFO - [2026-02-24T18:04:54.400+0000] {dag.py:4180} INFO - Setting next_dagrun for dataset_s3_bucket_consumer_with_no_taskflow to None, run_after=None
[2026-02-24T18:04:54.401+0000] {logging_mixin.py:190} INFO - [2026-02-24T18:04:54.401+0000] {dag.py:4180} INFO - Setting next_dagrun for dataset_s3_bucket_producer_with_no_taskflow to None, run_after=None
[2026-02-24T18:04:54.419+0000] {processor.py:208} INFO - Processing /home/ubuntu/airflow-venv/lib/python3.12/site-packages/airflow/example_dags/example_dataset_alias_with_no_taskflow.py took 0.162 seconds
[2026-02-24T18:05:50.214+0000] {processor.py:186} INFO - Started process (PID=44808) to work on /home/ubuntu/airflow-venv/lib/python3.12/site-packages/airflow/example_dags/example_dataset_alias_with_no_taskflow.py
[2026-02-24T18:05:50.216+0000] {processor.py:914} INFO - Processing file /home/ubuntu/airflow-venv/lib/python3.12/site-packages/airflow/example_dags/example_dataset_alias_with_no_taskflow.py for tasks to queue
[2026-02-24T18:05:50.218+0000] {logging_mixin.py:190} INFO - [2026-02-24T18:05:50.217+0000] {dagbag.py:588} INFO - Filling up the DagBag from /home/ubuntu/airflow-venv/lib/python3.12/site-packages/airflow/example_dags/example_dataset_alias_with_no_taskflow.py
[2026-02-24T18:05:50.235+0000] {processor.py:925} INFO - DAG(s) 'dataset_s3_bucket_consumer_with_no_taskflow', 'dataset_alias_example_alias_consumer_with_no_taskflow', 'dataset_s3_bucket_producer_with_no_taskflow', 'dataset_alias_example_alias_producer_with_no_taskflow' retrieved from /home/ubuntu/airflow-venv/lib/python3.12/site-packages/airflow/example_dags/example_dataset_alias_with_no_taskflow.py
[2026-02-24T18:05:50.248+0000] {logging_mixin.py:190} INFO - [2026-02-24T18:05:50.248+0000] {dag.py:3239} INFO - Sync 4 DAGs
[2026-02-24T18:05:50.262+0000] {logging_mixin.py:190} INFO - [2026-02-24T18:05:50.262+0000] {dag.py:4180} INFO - Setting next_dagrun for dataset_alias_example_alias_consumer_with_no_taskflow to None, run_after=None
[2026-02-24T18:05:50.263+0000] {logging_mixin.py:190} INFO - [2026-02-24T18:05:50.263+0000] {dag.py:4180} INFO - Setting next_dagrun for dataset_alias_example_alias_producer_with_no_taskflow to None, run_after=None
[2026-02-24T18:05:50.264+0000] {logging_mixin.py:190} INFO - [2026-02-24T18:05:50.264+0000] {dag.py:4180} INFO - Setting next_dagrun for dataset_s3_bucket_consumer_with_no_taskflow to None, run_after=None
[2026-02-24T18:05:50.264+0000] {logging_mixin.py:190} INFO - [2026-02-24T18:05:50.264+0000] {dag.py:4180} INFO - Setting next_dagrun for dataset_s3_bucket_producer_with_no_taskflow to None, run_after=None
[2026-02-24T18:05:50.287+0000] {processor.py:208} INFO - Processing /home/ubuntu/airflow-venv/lib/python3.12/site-packages/airflow/example_dags/example_dataset_alias_with_no_taskflow.py took 0.076 seconds
[2026-02-24T18:06:47.386+0000] {processor.py:186} INFO - Started process (PID=44871) to work on /home/ubuntu/airflow-venv/lib/python3.12/site-packages/airflow/example_dags/example_dataset_alias_with_no_taskflow.py
[2026-02-24T18:06:47.387+0000] {processor.py:914} INFO - Processing file /home/ubuntu/airflow-venv/lib/python3.12/site-packages/airflow/example_dags/example_dataset_alias_with_no_taskflow.py for tasks to queue
[2026-02-24T18:06:47.389+0000] {logging_mixin.py:190} INFO - [2026-02-24T18:06:47.389+0000] {dagbag.py:588} INFO - Filling up the DagBag from /home/ubuntu/airflow-venv/lib/python3.12/site-packages/airflow/example_dags/example_dataset_alias_with_no_taskflow.py
[2026-02-24T18:06:47.406+0000] {processor.py:925} INFO - DAG(s) 'dataset_alias_example_alias_consumer_with_no_taskflow', 'dataset_s3_bucket_producer_with_no_taskflow', 'dataset_s3_bucket_consumer_with_no_taskflow', 'dataset_alias_example_alias_producer_with_no_taskflow' retrieved from /home/ubuntu/airflow-venv/lib/python3.12/site-packages/airflow/example_dags/example_dataset_alias_with_no_taskflow.py
[2026-02-24T18:06:47.420+0000] {logging_mixin.py:190} INFO - [2026-02-24T18:06:47.420+0000] {dag.py:3239} INFO - Sync 4 DAGs
[2026-02-24T18:06:47.434+0000] {logging_mixin.py:190} INFO - [2026-02-24T18:06:47.434+0000] {dag.py:4180} INFO - Setting next_dagrun for dataset_alias_example_alias_consumer_with_no_taskflow to None, run_after=None
[2026-02-24T18:06:47.435+0000] {logging_mixin.py:190} INFO - [2026-02-24T18:06:47.435+0000] {dag.py:4180} INFO - Setting next_dagrun for dataset_alias_example_alias_producer_with_no_taskflow to None, run_after=None
[2026-02-24T18:06:47.436+0000] {logging_mixin.py:190} INFO - [2026-02-24T18:06:47.436+0000] {dag.py:4180} INFO - Setting next_dagrun for dataset_s3_bucket_consumer_with_no_taskflow to None, run_after=None
[2026-02-24T18:06:47.436+0000] {logging_mixin.py:190} INFO - [2026-02-24T18:06:47.436+0000] {dag.py:4180} INFO - Setting next_dagrun for dataset_s3_bucket_producer_with_no_taskflow to None, run_after=None
[2026-02-24T18:06:47.456+0000] {processor.py:208} INFO - Processing /home/ubuntu/airflow-venv/lib/python3.12/site-packages/airflow/example_dags/example_dataset_alias_with_no_taskflow.py took 0.074 seconds
[2026-02-24T18:08:00.129+0000] {processor.py:186} INFO - Started process (PID=44949) to work on /home/ubuntu/airflow-venv/lib/python3.12/site-packages/airflow/example_dags/example_dataset_alias_with_no_taskflow.py
[2026-02-24T18:08:00.130+0000] {processor.py:914} INFO - Processing file /home/ubuntu/airflow-venv/lib/python3.12/site-packages/airflow/example_dags/example_dataset_alias_with_no_taskflow.py for tasks to queue
[2026-02-24T18:08:00.132+0000] {logging_mixin.py:190} INFO - [2026-02-24T18:08:00.132+0000] {dagbag.py:588} INFO - Filling up the DagBag from /home/ubuntu/airflow-venv/lib/python3.12/site-packages/airflow/example_dags/example_dataset_alias_with_no_taskflow.py
[2026-02-24T18:08:00.149+0000] {processor.py:925} INFO - DAG(s) 'dataset_s3_bucket_consumer_with_no_taskflow', 'dataset_alias_example_alias_producer_with_no_taskflow', 'dataset_s3_bucket_producer_with_no_taskflow', 'dataset_alias_example_alias_consumer_with_no_taskflow' retrieved from /home/ubuntu/airflow-venv/lib/python3.12/site-packages/airflow/example_dags/example_dataset_alias_with_no_taskflow.py
[2026-02-24T18:08:00.163+0000] {logging_mixin.py:190} INFO - [2026-02-24T18:08:00.163+0000] {dag.py:3239} INFO - Sync 4 DAGs
[2026-02-24T18:08:00.177+0000] {logging_mixin.py:190} INFO - [2026-02-24T18:08:00.177+0000] {dag.py:4180} INFO - Setting next_dagrun for dataset_alias_example_alias_consumer_with_no_taskflow to None, run_after=None
[2026-02-24T18:08:00.179+0000] {logging_mixin.py:190} INFO - [2026-02-24T18:08:00.179+0000] {dag.py:4180} INFO - Setting next_dagrun for dataset_alias_example_alias_producer_with_no_taskflow to None, run_after=None
[2026-02-24T18:08:00.179+0000] {logging_mixin.py:190} INFO - [2026-02-24T18:08:00.179+0000] {dag.py:4180} INFO - Setting next_dagrun for dataset_s3_bucket_consumer_with_no_taskflow to None, run_after=None
[2026-02-24T18:08:00.180+0000] {logging_mixin.py:190} INFO - [2026-02-24T18:08:00.180+0000] {dag.py:4180} INFO - Setting next_dagrun for dataset_s3_bucket_producer_with_no_taskflow to None, run_after=None
[2026-02-24T18:08:00.199+0000] {processor.py:208} INFO - Processing /home/ubuntu/airflow-venv/lib/python3.12/site-packages/airflow/example_dags/example_dataset_alias_with_no_taskflow.py took 0.074 seconds
[2026-02-24T18:08:50.794+0000] {processor.py:186} INFO - Started process (PID=45002) to work on /home/ubuntu/airflow-venv/lib/python3.12/site-packages/airflow/example_dags/example_dataset_alias_with_no_taskflow.py
[2026-02-24T18:08:50.795+0000] {processor.py:914} INFO - Processing file /home/ubuntu/airflow-venv/lib/python3.12/site-packages/airflow/example_dags/example_dataset_alias_with_no_taskflow.py for tasks to queue
[2026-02-24T18:08:50.796+0000] {logging_mixin.py:190} INFO - [2026-02-24T18:08:50.796+0000] {dagbag.py:588} INFO - Filling up the DagBag from /home/ubuntu/airflow-venv/lib/python3.12/site-packages/airflow/example_dags/example_dataset_alias_with_no_taskflow.py
[2026-02-24T18:08:50.814+0000] {processor.py:925} INFO - DAG(s) 'dataset_alias_example_alias_producer_with_no_taskflow', 'dataset_s3_bucket_producer_with_no_taskflow', 'dataset_alias_example_alias_consumer_with_no_taskflow', 'dataset_s3_bucket_consumer_with_no_taskflow' retrieved from /home/ubuntu/airflow-venv/lib/python3.12/site-packages/airflow/example_dags/example_dataset_alias_with_no_taskflow.py
[2026-02-24T18:08:50.828+0000] {logging_mixin.py:190} INFO - [2026-02-24T18:08:50.827+0000] {dag.py:3239} INFO - Sync 4 DAGs
[2026-02-24T18:08:50.841+0000] {logging_mixin.py:190} INFO - [2026-02-24T18:08:50.841+0000] {dag.py:4180} INFO - Setting next_dagrun for dataset_alias_example_alias_consumer_with_no_taskflow to None, run_after=None
[2026-02-24T18:08:50.843+0000] {logging_mixin.py:190} INFO - [2026-02-24T18:08:50.843+0000] {dag.py:4180} INFO - Setting next_dagrun for dataset_alias_example_alias_producer_with_no_taskflow to None, run_after=None
[2026-02-24T18:08:50.844+0000] {logging_mixin.py:190} INFO - [2026-02-24T18:08:50.844+0000] {dag.py:4180} INFO - Setting next_dagrun for dataset_s3_bucket_consumer_with_no_taskflow to None, run_after=None
[2026-02-24T18:08:50.845+0000] {logging_mixin.py:190} INFO - [2026-02-24T18:08:50.845+0000] {dag.py:4180} INFO - Setting next_dagrun for dataset_s3_bucket_producer_with_no_taskflow to None, run_after=None
[2026-02-24T18:08:50.864+0000] {processor.py:208} INFO - Processing /home/ubuntu/airflow-venv/lib/python3.12/site-packages/airflow/example_dags/example_dataset_alias_with_no_taskflow.py took 0.074 seconds
[2026-02-24T18:10:03.747+0000] {processor.py:186} INFO - Started process (PID=45079) to work on /home/ubuntu/airflow-venv/lib/python3.12/site-packages/airflow/example_dags/example_dataset_alias_with_no_taskflow.py
[2026-02-24T18:10:03.749+0000] {processor.py:914} INFO - Processing file /home/ubuntu/airflow-venv/lib/python3.12/site-packages/airflow/example_dags/example_dataset_alias_with_no_taskflow.py for tasks to queue
[2026-02-24T18:10:03.750+0000] {logging_mixin.py:190} INFO - [2026-02-24T18:10:03.750+0000] {dagbag.py:588} INFO - Filling up the DagBag from /home/ubuntu/airflow-venv/lib/python3.12/site-packages/airflow/example_dags/example_dataset_alias_with_no_taskflow.py
[2026-02-24T18:10:03.767+0000] {processor.py:925} INFO - DAG(s) 'dataset_s3_bucket_consumer_with_no_taskflow', 'dataset_s3_bucket_producer_with_no_taskflow', 'dataset_alias_example_alias_consumer_with_no_taskflow', 'dataset_alias_example_alias_producer_with_no_taskflow' retrieved from /home/ubuntu/airflow-venv/lib/python3.12/site-packages/airflow/example_dags/example_dataset_alias_with_no_taskflow.py
[2026-02-24T18:10:03.781+0000] {logging_mixin.py:190} INFO - [2026-02-24T18:10:03.781+0000] {dag.py:3239} INFO - Sync 4 DAGs
[2026-02-24T18:10:03.795+0000] {logging_mixin.py:190} INFO - [2026-02-24T18:10:03.795+0000] {dag.py:4180} INFO - Setting next_dagrun for dataset_alias_example_alias_consumer_with_no_taskflow to None, run_after=None
[2026-02-24T18:10:03.796+0000] {logging_mixin.py:190} INFO - [2026-02-24T18:10:03.796+0000] {dag.py:4180} INFO - Setting next_dagrun for dataset_alias_example_alias_producer_with_no_taskflow to None, run_after=None
[2026-02-24T18:10:03.797+0000] {logging_mixin.py:190} INFO - [2026-02-24T18:10:03.797+0000] {dag.py:4180} INFO - Setting next_dagrun for dataset_s3_bucket_consumer_with_no_taskflow to None, run_after=None
[2026-02-24T18:10:03.798+0000] {logging_mixin.py:190} INFO - [2026-02-24T18:10:03.797+0000] {dag.py:4180} INFO - Setting next_dagrun for dataset_s3_bucket_producer_with_no_taskflow to None, run_after=None
[2026-02-24T18:10:03.818+0000] {processor.py:208} INFO - Processing /home/ubuntu/airflow-venv/lib/python3.12/site-packages/airflow/example_dags/example_dataset_alias_with_no_taskflow.py took 0.075 seconds
[2026-02-24T18:10:55.186+0000] {processor.py:186} INFO - Started process (PID=45137) to work on /home/ubuntu/airflow-venv/lib/python3.12/site-packages/airflow/example_dags/example_dataset_alias_with_no_taskflow.py
[2026-02-24T18:10:55.188+0000] {processor.py:914} INFO - Processing file /home/ubuntu/airflow-venv/lib/python3.12/site-packages/airflow/example_dags/example_dataset_alias_with_no_taskflow.py for tasks to queue
[2026-02-24T18:10:55.189+0000] {logging_mixin.py:190} INFO - [2026-02-24T18:10:55.189+0000] {dagbag.py:588} INFO - Filling up the DagBag from /home/ubuntu/airflow-venv/lib/python3.12/site-packages/airflow/example_dags/example_dataset_alias_with_no_taskflow.py
[2026-02-24T18:10:55.206+0000] {processor.py:925} INFO - DAG(s) 'dataset_s3_bucket_producer_with_no_taskflow', 'dataset_s3_bucket_consumer_with_no_taskflow', 'dataset_alias_example_alias_producer_with_no_taskflow', 'dataset_alias_example_alias_consumer_with_no_taskflow' retrieved from /home/ubuntu/airflow-venv/lib/python3.12/site-packages/airflow/example_dags/example_dataset_alias_with_no_taskflow.py
[2026-02-24T18:10:55.219+0000] {logging_mixin.py:190} INFO - [2026-02-24T18:10:55.219+0000] {dag.py:3239} INFO - Sync 4 DAGs
[2026-02-24T18:10:55.233+0000] {logging_mixin.py:190} INFO - [2026-02-24T18:10:55.232+0000] {dag.py:4180} INFO - Setting next_dagrun for dataset_alias_example_alias_consumer_with_no_taskflow to None, run_after=None
[2026-02-24T18:10:55.234+0000] {logging_mixin.py:190} INFO - [2026-02-24T18:10:55.234+0000] {dag.py:4180} INFO - Setting next_dagrun for dataset_alias_example_alias_producer_with_no_taskflow to None, run_after=None
[2026-02-24T18:10:55.235+0000] {logging_mixin.py:190} INFO - [2026-02-24T18:10:55.235+0000] {dag.py:4180} INFO - Setting next_dagrun for dataset_s3_bucket_consumer_with_no_taskflow to None, run_after=None
[2026-02-24T18:10:55.235+0000] {logging_mixin.py:190} INFO - [2026-02-24T18:10:55.235+0000] {dag.py:4180} INFO - Setting next_dagrun for dataset_s3_bucket_producer_with_no_taskflow to None, run_after=None
[2026-02-24T18:10:55.254+0000] {processor.py:208} INFO - Processing /home/ubuntu/airflow-venv/lib/python3.12/site-packages/airflow/example_dags/example_dataset_alias_with_no_taskflow.py took 0.072 seconds
[2026-02-24T18:11:49.045+0000] {processor.py:186} INFO - Started process (PID=45191) to work on /home/ubuntu/airflow-venv/lib/python3.12/site-packages/airflow/example_dags/example_dataset_alias_with_no_taskflow.py
[2026-02-24T18:11:49.046+0000] {processor.py:914} INFO - Processing file /home/ubuntu/airflow-venv/lib/python3.12/site-packages/airflow/example_dags/example_dataset_alias_with_no_taskflow.py for tasks to queue
[2026-02-24T18:11:49.048+0000] {logging_mixin.py:190} INFO - [2026-02-24T18:11:49.048+0000] {dagbag.py:588} INFO - Filling up the DagBag from /home/ubuntu/airflow-venv/lib/python3.12/site-packages/airflow/example_dags/example_dataset_alias_with_no_taskflow.py
[2026-02-24T18:11:49.066+0000] {processor.py:925} INFO - DAG(s) 'dataset_alias_example_alias_producer_with_no_taskflow', 'dataset_s3_bucket_producer_with_no_taskflow', 'dataset_s3_bucket_consumer_with_no_taskflow', 'dataset_alias_example_alias_consumer_with_no_taskflow' retrieved from /home/ubuntu/airflow-venv/lib/python3.12/site-packages/airflow/example_dags/example_dataset_alias_with_no_taskflow.py
[2026-02-24T18:11:49.079+0000] {logging_mixin.py:190} INFO - [2026-02-24T18:11:49.079+0000] {dag.py:3239} INFO - Sync 4 DAGs
[2026-02-24T18:11:49.094+0000] {logging_mixin.py:190} INFO - [2026-02-24T18:11:49.094+0000] {dag.py:4180} INFO - Setting next_dagrun for dataset_alias_example_alias_consumer_with_no_taskflow to None, run_after=None
[2026-02-24T18:11:49.095+0000] {logging_mixin.py:190} INFO - [2026-02-24T18:11:49.095+0000] {dag.py:4180} INFO - Setting next_dagrun for dataset_alias_example_alias_producer_with_no_taskflow to None, run_after=None
[2026-02-24T18:11:49.096+0000] {logging_mixin.py:190} INFO - [2026-02-24T18:11:49.096+0000] {dag.py:4180} INFO - Setting next_dagrun for dataset_s3_bucket_consumer_with_no_taskflow to None, run_after=None
[2026-02-24T18:11:49.096+0000] {logging_mixin.py:190} INFO - [2026-02-24T18:11:49.096+0000] {dag.py:4180} INFO - Setting next_dagrun for dataset_s3_bucket_producer_with_no_taskflow to None, run_after=None
[2026-02-24T18:11:49.114+0000] {processor.py:208} INFO - Processing /home/ubuntu/airflow-venv/lib/python3.12/site-packages/airflow/example_dags/example_dataset_alias_with_no_taskflow.py took 0.074 seconds
[2026-02-24T18:13:03.859+0000] {processor.py:186} INFO - Started process (PID=45269) to work on /home/ubuntu/airflow-venv/lib/python3.12/site-packages/airflow/example_dags/example_dataset_alias_with_no_taskflow.py
[2026-02-24T18:13:03.860+0000] {processor.py:914} INFO - Processing file /home/ubuntu/airflow-venv/lib/python3.12/site-packages/airflow/example_dags/example_dataset_alias_with_no_taskflow.py for tasks to queue
[2026-02-24T18:13:03.862+0000] {logging_mixin.py:190} INFO - [2026-02-24T18:13:03.861+0000] {dagbag.py:588} INFO - Filling up the DagBag from /home/ubuntu/airflow-venv/lib/python3.12/site-packages/airflow/example_dags/example_dataset_alias_with_no_taskflow.py
[2026-02-24T18:13:03.879+0000] {processor.py:925} INFO - DAG(s) 'dataset_alias_example_alias_consumer_with_no_taskflow', 'dataset_s3_bucket_producer_with_no_taskflow', 'dataset_s3_bucket_consumer_with_no_taskflow', 'dataset_alias_example_alias_producer_with_no_taskflow' retrieved from /home/ubuntu/airflow-venv/lib/python3.12/site-packages/airflow/example_dags/example_dataset_alias_with_no_taskflow.py
[2026-02-24T18:13:03.892+0000] {logging_mixin.py:190} INFO - [2026-02-24T18:13:03.892+0000] {dag.py:3239} INFO - Sync 4 DAGs
[2026-02-24T18:13:03.907+0000] {logging_mixin.py:190} INFO - [2026-02-24T18:13:03.907+0000] {dag.py:4180} INFO - Setting next_dagrun for dataset_alias_example_alias_consumer_with_no_taskflow to None, run_after=None
[2026-02-24T18:13:03.909+0000] {logging_mixin.py:190} INFO - [2026-02-24T18:13:03.909+0000] {dag.py:4180} INFO - Setting next_dagrun for dataset_alias_example_alias_producer_with_no_taskflow to None, run_after=None
[2026-02-24T18:13:03.909+0000] {logging_mixin.py:190} INFO - [2026-02-24T18:13:03.909+0000] {dag.py:4180} INFO - Setting next_dagrun for dataset_s3_bucket_consumer_with_no_taskflow to None, run_after=None
[2026-02-24T18:13:03.910+0000] {logging_mixin.py:190} INFO - [2026-02-24T18:13:03.910+0000] {dag.py:4180} INFO - Setting next_dagrun for dataset_s3_bucket_producer_with_no_taskflow to None, run_after=None
[2026-02-24T18:13:03.929+0000] {processor.py:208} INFO - Processing /home/ubuntu/airflow-venv/lib/python3.12/site-packages/airflow/example_dags/example_dataset_alias_with_no_taskflow.py took 0.075 seconds
[2026-02-24T18:14:16.922+0000] {processor.py:186} INFO - Started process (PID=45346) to work on /home/ubuntu/airflow-venv/lib/python3.12/site-packages/airflow/example_dags/example_dataset_alias_with_no_taskflow.py
[2026-02-24T18:14:16.923+0000] {processor.py:914} INFO - Processing file /home/ubuntu/airflow-venv/lib/python3.12/site-packages/airflow/example_dags/example_dataset_alias_with_no_taskflow.py for tasks to queue
[2026-02-24T18:14:16.924+0000] {logging_mixin.py:190} INFO - [2026-02-24T18:14:16.924+0000] {dagbag.py:588} INFO - Filling up the DagBag from /home/ubuntu/airflow-venv/lib/python3.12/site-packages/airflow/example_dags/example_dataset_alias_with_no_taskflow.py
[2026-02-24T18:14:16.941+0000] {processor.py:925} INFO - DAG(s) 'dataset_alias_example_alias_producer_with_no_taskflow', 'dataset_s3_bucket_consumer_with_no_taskflow', 'dataset_alias_example_alias_consumer_with_no_taskflow', 'dataset_s3_bucket_producer_with_no_taskflow' retrieved from /home/ubuntu/airflow-venv/lib/python3.12/site-packages/airflow/example_dags/example_dataset_alias_with_no_taskflow.py
[2026-02-24T18:14:16.954+0000] {logging_mixin.py:190} INFO - [2026-02-24T18:14:16.954+0000] {dag.py:3239} INFO - Sync 4 DAGs
[2026-02-24T18:14:16.969+0000] {logging_mixin.py:190} INFO - [2026-02-24T18:14:16.969+0000] {dag.py:4180} INFO - Setting next_dagrun for dataset_alias_example_alias_consumer_with_no_taskflow to None, run_after=None
[2026-02-24T18:14:16.970+0000] {logging_mixin.py:190} INFO - [2026-02-24T18:14:16.970+0000] {dag.py:4180} INFO - Setting next_dagrun for dataset_alias_example_alias_producer_with_no_taskflow to None, run_after=None
[2026-02-24T18:14:16.971+0000] {logging_mixin.py:190} INFO - [2026-02-24T18:14:16.971+0000] {dag.py:4180} INFO - Setting next_dagrun for dataset_s3_bucket_consumer_with_no_taskflow to None, run_after=None
[2026-02-24T18:14:16.971+0000] {logging_mixin.py:190} INFO - [2026-02-24T18:14:16.971+0000] {dag.py:4180} INFO - Setting next_dagrun for dataset_s3_bucket_producer_with_no_taskflow to None, run_after=None
[2026-02-24T18:14:16.991+0000] {processor.py:208} INFO - Processing /home/ubuntu/airflow-venv/lib/python3.12/site-packages/airflow/example_dags/example_dataset_alias_with_no_taskflow.py took 0.073 seconds
[2026-02-24T18:15:09.100+0000] {processor.py:186} INFO - Started process (PID=45403) to work on /home/ubuntu/airflow-venv/lib/python3.12/site-packages/airflow/example_dags/example_dataset_alias_with_no_taskflow.py
[2026-02-24T18:15:09.101+0000] {processor.py:914} INFO - Processing file /home/ubuntu/airflow-venv/lib/python3.12/site-packages/airflow/example_dags/example_dataset_alias_with_no_taskflow.py for tasks to queue
[2026-02-24T18:15:09.103+0000] {logging_mixin.py:190} INFO - [2026-02-24T18:15:09.102+0000] {dagbag.py:588} INFO - Filling up the DagBag from /home/ubuntu/airflow-venv/lib/python3.12/site-packages/airflow/example_dags/example_dataset_alias_with_no_taskflow.py
[2026-02-24T18:15:09.120+0000] {processor.py:925} INFO - DAG(s) 'dataset_alias_example_alias_consumer_with_no_taskflow', 'dataset_s3_bucket_consumer_with_no_taskflow', 'dataset_s3_bucket_producer_with_no_taskflow', 'dataset_alias_example_alias_producer_with_no_taskflow' retrieved from /home/ubuntu/airflow-venv/lib/python3.12/site-packages/airflow/example_dags/example_dataset_alias_with_no_taskflow.py
[2026-02-24T18:15:09.133+0000] {logging_mixin.py:190} INFO - [2026-02-24T18:15:09.133+0000] {dag.py:3239} INFO - Sync 4 DAGs
[2026-02-24T18:15:09.147+0000] {logging_mixin.py:190} INFO - [2026-02-24T18:15:09.147+0000] {dag.py:4180} INFO - Setting next_dagrun for dataset_alias_example_alias_consumer_with_no_taskflow to None, run_after=None
[2026-02-24T18:15:09.148+0000] {logging_mixin.py:190} INFO - [2026-02-24T18:15:09.148+0000] {dag.py:4180} INFO - Setting next_dagrun for dataset_alias_example_alias_producer_with_no_taskflow to None, run_after=None
[2026-02-24T18:15:09.149+0000] {logging_mixin.py:190} INFO - [2026-02-24T18:15:09.149+0000] {dag.py:4180} INFO - Setting next_dagrun for dataset_s3_bucket_consumer_with_no_taskflow to None, run_after=None
[2026-02-24T18:15:09.149+0000] {logging_mixin.py:190} INFO - [2026-02-24T18:15:09.149+0000] {dag.py:4180} INFO - Setting next_dagrun for dataset_s3_bucket_producer_with_no_taskflow to None, run_after=None
[2026-02-24T18:15:09.168+0000] {processor.py:208} INFO - Processing /home/ubuntu/airflow-venv/lib/python3.12/site-packages/airflow/example_dags/example_dataset_alias_with_no_taskflow.py took 0.073 seconds
[2026-02-24T18:16:25.040+0000] {processor.py:186} INFO - Started process (PID=45483) to work on /home/ubuntu/airflow-venv/lib/python3.12/site-packages/airflow/example_dags/example_dataset_alias_with_no_taskflow.py
[2026-02-24T18:16:25.041+0000] {processor.py:914} INFO - Processing file /home/ubuntu/airflow-venv/lib/python3.12/site-packages/airflow/example_dags/example_dataset_alias_with_no_taskflow.py for tasks to queue
[2026-02-24T18:16:25.043+0000] {logging_mixin.py:190} INFO - [2026-02-24T18:16:25.043+0000] {dagbag.py:588} INFO - Filling up the DagBag from /home/ubuntu/airflow-venv/lib/python3.12/site-packages/airflow/example_dags/example_dataset_alias_with_no_taskflow.py
[2026-02-24T18:16:25.060+0000] {processor.py:925} INFO - DAG(s) 'dataset_s3_bucket_consumer_with_no_taskflow', 'dataset_alias_example_alias_producer_with_no_taskflow', 'dataset_alias_example_alias_consumer_with_no_taskflow', 'dataset_s3_bucket_producer_with_no_taskflow' retrieved from /home/ubuntu/airflow-venv/lib/python3.12/site-packages/airflow/example_dags/example_dataset_alias_with_no_taskflow.py
[2026-02-24T18:16:25.073+0000] {logging_mixin.py:190} INFO - [2026-02-24T18:16:25.072+0000] {dag.py:3239} INFO - Sync 4 DAGs
[2026-02-24T18:16:25.086+0000] {logging_mixin.py:190} INFO - [2026-02-24T18:16:25.086+0000] {dag.py:4180} INFO - Setting next_dagrun for dataset_alias_example_alias_consumer_with_no_taskflow to None, run_after=None
[2026-02-24T18:16:25.087+0000] {logging_mixin.py:190} INFO - [2026-02-24T18:16:25.087+0000] {dag.py:4180} INFO - Setting next_dagrun for dataset_alias_example_alias_producer_with_no_taskflow to None, run_after=None
[2026-02-24T18:16:25.088+0000] {logging_mixin.py:190} INFO - [2026-02-24T18:16:25.088+0000] {dag.py:4180} INFO - Setting next_dagrun for dataset_s3_bucket_consumer_with_no_taskflow to None, run_after=None
[2026-02-24T18:16:25.088+0000] {logging_mixin.py:190} INFO - [2026-02-24T18:16:25.088+0000] {dag.py:4180} INFO - Setting next_dagrun for dataset_s3_bucket_producer_with_no_taskflow to None, run_after=None
[2026-02-24T18:16:25.107+0000] {processor.py:208} INFO - Processing /home/ubuntu/airflow-venv/lib/python3.12/site-packages/airflow/example_dags/example_dataset_alias_with_no_taskflow.py took 0.071 seconds
[2026-02-24T18:17:41.925+0000] {processor.py:186} INFO - Started process (PID=45566) to work on /home/ubuntu/airflow-venv/lib/python3.12/site-packages/airflow/example_dags/example_dataset_alias_with_no_taskflow.py
[2026-02-24T18:17:41.926+0000] {processor.py:914} INFO - Processing file /home/ubuntu/airflow-venv/lib/python3.12/site-packages/airflow/example_dags/example_dataset_alias_with_no_taskflow.py for tasks to queue
[2026-02-24T18:17:41.928+0000] {logging_mixin.py:190} INFO - [2026-02-24T18:17:41.927+0000] {dagbag.py:588} INFO - Filling up the DagBag from /home/ubuntu/airflow-venv/lib/python3.12/site-packages/airflow/example_dags/example_dataset_alias_with_no_taskflow.py
[2026-02-24T18:17:41.944+0000] {processor.py:925} INFO - DAG(s) 'dataset_s3_bucket_producer_with_no_taskflow', 'dataset_alias_example_alias_producer_with_no_taskflow', 'dataset_s3_bucket_consumer_with_no_taskflow', 'dataset_alias_example_alias_consumer_with_no_taskflow' retrieved from /home/ubuntu/airflow-venv/lib/python3.12/site-packages/airflow/example_dags/example_dataset_alias_with_no_taskflow.py
[2026-02-24T18:17:41.958+0000] {logging_mixin.py:190} INFO - [2026-02-24T18:17:41.958+0000] {dag.py:3239} INFO - Sync 4 DAGs
[2026-02-24T18:17:41.972+0000] {logging_mixin.py:190} INFO - [2026-02-24T18:17:41.972+0000] {dag.py:4180} INFO - Setting next_dagrun for dataset_alias_example_alias_consumer_with_no_taskflow to None, run_after=None
[2026-02-24T18:17:41.973+0000] {logging_mixin.py:190} INFO - [2026-02-24T18:17:41.973+0000] {dag.py:4180} INFO - Setting next_dagrun for dataset_alias_example_alias_producer_with_no_taskflow to None, run_after=None
[2026-02-24T18:17:41.974+0000] {logging_mixin.py:190} INFO - [2026-02-24T18:17:41.974+0000] {dag.py:4180} INFO - Setting next_dagrun for dataset_s3_bucket_consumer_with_no_taskflow to None, run_after=None
[2026-02-24T18:17:41.974+0000] {logging_mixin.py:190} INFO - [2026-02-24T18:17:41.974+0000] {dag.py:4180} INFO - Setting next_dagrun for dataset_s3_bucket_producer_with_no_taskflow to None, run_after=None
[2026-02-24T18:17:41.994+0000] {processor.py:208} INFO - Processing /home/ubuntu/airflow-venv/lib/python3.12/site-packages/airflow/example_dags/example_dataset_alias_with_no_taskflow.py took 0.073 seconds
[2026-02-24T18:18:57.312+0000] {processor.py:186} INFO - Started process (PID=45645) to work on /home/ubuntu/airflow-venv/lib/python3.12/site-packages/airflow/example_dags/example_dataset_alias_with_no_taskflow.py
[2026-02-24T18:18:57.313+0000] {processor.py:914} INFO - Processing file /home/ubuntu/airflow-venv/lib/python3.12/site-packages/airflow/example_dags/example_dataset_alias_with_no_taskflow.py for tasks to queue
[2026-02-24T18:18:57.314+0000] {logging_mixin.py:190} INFO - [2026-02-24T18:18:57.314+0000] {dagbag.py:588} INFO - Filling up the DagBag from /home/ubuntu/airflow-venv/lib/python3.12/site-packages/airflow/example_dags/example_dataset_alias_with_no_taskflow.py
[2026-02-24T18:18:57.332+0000] {processor.py:925} INFO - DAG(s) 'dataset_s3_bucket_producer_with_no_taskflow', 'dataset_s3_bucket_consumer_with_no_taskflow', 'dataset_alias_example_alias_consumer_with_no_taskflow', 'dataset_alias_example_alias_producer_with_no_taskflow' retrieved from /home/ubuntu/airflow-venv/lib/python3.12/site-packages/airflow/example_dags/example_dataset_alias_with_no_taskflow.py
[2026-02-24T18:18:57.346+0000] {logging_mixin.py:190} INFO - [2026-02-24T18:18:57.346+0000] {dag.py:3239} INFO - Sync 4 DAGs
[2026-02-24T18:18:57.360+0000] {logging_mixin.py:190} INFO - [2026-02-24T18:18:57.360+0000] {dag.py:4180} INFO - Setting next_dagrun for dataset_alias_example_alias_consumer_with_no_taskflow to None, run_after=None
[2026-02-24T18:18:57.361+0000] {logging_mixin.py:190} INFO - [2026-02-24T18:18:57.361+0000] {dag.py:4180} INFO - Setting next_dagrun for dataset_alias_example_alias_producer_with_no_taskflow to None, run_after=None
[2026-02-24T18:18:57.362+0000] {logging_mixin.py:190} INFO - [2026-02-24T18:18:57.362+0000] {dag.py:4180} INFO - Setting next_dagrun for dataset_s3_bucket_consumer_with_no_taskflow to None, run_after=None
[2026-02-24T18:18:57.362+0000] {logging_mixin.py:190} INFO - [2026-02-24T18:18:57.362+0000] {dag.py:4180} INFO - Setting next_dagrun for dataset_s3_bucket_producer_with_no_taskflow to None, run_after=None
[2026-02-24T18:18:57.382+0000] {processor.py:208} INFO - Processing /home/ubuntu/airflow-venv/lib/python3.12/site-packages/airflow/example_dags/example_dataset_alias_with_no_taskflow.py took 0.075 seconds
[2026-02-24T18:19:51.782+0000] {processor.py:186} INFO - Started process (PID=45701) to work on /home/ubuntu/airflow-venv/lib/python3.12/site-packages/airflow/example_dags/example_dataset_alias_with_no_taskflow.py
[2026-02-24T18:19:51.784+0000] {processor.py:914} INFO - Processing file /home/ubuntu/airflow-venv/lib/python3.12/site-packages/airflow/example_dags/example_dataset_alias_with_no_taskflow.py for tasks to queue
[2026-02-24T18:19:51.785+0000] {logging_mixin.py:190} INFO - [2026-02-24T18:19:51.785+0000] {dagbag.py:588} INFO - Filling up the DagBag from /home/ubuntu/airflow-venv/lib/python3.12/site-packages/airflow/example_dags/example_dataset_alias_with_no_taskflow.py
[2026-02-24T18:19:51.802+0000] {processor.py:925} INFO - DAG(s) 'dataset_alias_example_alias_consumer_with_no_taskflow', 'dataset_s3_bucket_consumer_with_no_taskflow', 'dataset_s3_bucket_producer_with_no_taskflow', 'dataset_alias_example_alias_producer_with_no_taskflow' retrieved from /home/ubuntu/airflow-venv/lib/python3.12/site-packages/airflow/example_dags/example_dataset_alias_with_no_taskflow.py
[2026-02-24T18:19:51.816+0000] {logging_mixin.py:190} INFO - [2026-02-24T18:19:51.815+0000] {dag.py:3239} INFO - Sync 4 DAGs
[2026-02-24T18:19:51.830+0000] {logging_mixin.py:190} INFO - [2026-02-24T18:19:51.830+0000] {dag.py:4180} INFO - Setting next_dagrun for dataset_alias_example_alias_consumer_with_no_taskflow to None, run_after=None
[2026-02-24T18:19:51.832+0000] {logging_mixin.py:190} INFO - [2026-02-24T18:19:51.832+0000] {dag.py:4180} INFO - Setting next_dagrun for dataset_alias_example_alias_producer_with_no_taskflow to None, run_after=None
[2026-02-24T18:19:51.832+0000] {logging_mixin.py:190} INFO - [2026-02-24T18:19:51.832+0000] {dag.py:4180} INFO - Setting next_dagrun for dataset_s3_bucket_consumer_with_no_taskflow to None, run_after=None
[2026-02-24T18:19:51.833+0000] {logging_mixin.py:190} INFO - [2026-02-24T18:19:51.833+0000] {dag.py:4180} INFO - Setting next_dagrun for dataset_s3_bucket_producer_with_no_taskflow to None, run_after=None
[2026-02-24T18:19:51.852+0000] {processor.py:208} INFO - Processing /home/ubuntu/airflow-venv/lib/python3.12/site-packages/airflow/example_dags/example_dataset_alias_with_no_taskflow.py took 0.074 seconds
