[2026-02-24T17:59:30.859+0000] {processor.py:186} INFO - Started process (PID=43668) to work on /home/ubuntu/airflow-venv/lib/python3.12/site-packages/airflow/example_dags/example_latest_only.py
[2026-02-24T17:59:30.859+0000] {processor.py:914} INFO - Processing file /home/ubuntu/airflow-venv/lib/python3.12/site-packages/airflow/example_dags/example_latest_only.py for tasks to queue
[2026-02-24T17:59:30.861+0000] {logging_mixin.py:190} INFO - [2026-02-24T17:59:30.860+0000] {dagbag.py:588} INFO - Filling up the DagBag from /home/ubuntu/airflow-venv/lib/python3.12/site-packages/airflow/example_dags/example_latest_only.py
[2026-02-24T17:59:30.866+0000] {processor.py:925} INFO - DAG(s) 'latest_only' retrieved from /home/ubuntu/airflow-venv/lib/python3.12/site-packages/airflow/example_dags/example_latest_only.py
[2026-02-24T17:59:30.942+0000] {logging_mixin.py:190} INFO - [2026-02-24T17:59:30.942+0000] {override.py:1900} INFO - Created Permission View: can edit on DAG:latest_only
[2026-02-24T17:59:30.955+0000] {logging_mixin.py:190} INFO - [2026-02-24T17:59:30.955+0000] {override.py:1900} INFO - Created Permission View: can delete on DAG:latest_only
[2026-02-24T17:59:30.964+0000] {logging_mixin.py:190} INFO - [2026-02-24T17:59:30.964+0000] {override.py:1900} INFO - Created Permission View: can read on DAG:latest_only
[2026-02-24T17:59:30.979+0000] {logging_mixin.py:190} INFO - [2026-02-24T17:59:30.979+0000] {override.py:1900} INFO - Created Permission View: can delete on DAG Run:latest_only
[2026-02-24T17:59:30.988+0000] {logging_mixin.py:190} INFO - [2026-02-24T17:59:30.987+0000] {override.py:1900} INFO - Created Permission View: menu access on DAG Run:latest_only
[2026-02-24T17:59:30.996+0000] {logging_mixin.py:190} INFO - [2026-02-24T17:59:30.996+0000] {override.py:1900} INFO - Created Permission View: can create on DAG Run:latest_only
[2026-02-24T17:59:31.005+0000] {logging_mixin.py:190} INFO - [2026-02-24T17:59:31.005+0000] {override.py:1900} INFO - Created Permission View: can read on DAG Run:latest_only
[2026-02-24T17:59:31.005+0000] {logging_mixin.py:190} INFO - [2026-02-24T17:59:31.005+0000] {dag.py:3239} INFO - Sync 1 DAGs
[2026-02-24T17:59:31.013+0000] {logging_mixin.py:190} INFO - [2026-02-24T17:59:31.013+0000] {dag.py:3262} INFO - Creating ORM DAG for latest_only
[2026-02-24T17:59:31.019+0000] {logging_mixin.py:190} INFO - [2026-02-24T17:59:31.019+0000] {dag.py:4180} INFO - Setting next_dagrun for latest_only to 2026-02-24 12:00:00+00:00, run_after=2026-02-24 16:00:00+00:00
[2026-02-24T17:59:31.035+0000] {processor.py:208} INFO - Processing /home/ubuntu/airflow-venv/lib/python3.12/site-packages/airflow/example_dags/example_latest_only.py took 0.180 seconds
[2026-02-24T18:00:28.648+0000] {processor.py:186} INFO - Started process (PID=43727) to work on /home/ubuntu/airflow-venv/lib/python3.12/site-packages/airflow/example_dags/example_latest_only.py
[2026-02-24T18:00:28.649+0000] {processor.py:914} INFO - Processing file /home/ubuntu/airflow-venv/lib/python3.12/site-packages/airflow/example_dags/example_latest_only.py for tasks to queue
[2026-02-24T18:00:28.651+0000] {logging_mixin.py:190} INFO - [2026-02-24T18:00:28.650+0000] {dagbag.py:588} INFO - Filling up the DagBag from /home/ubuntu/airflow-venv/lib/python3.12/site-packages/airflow/example_dags/example_latest_only.py
[2026-02-24T18:00:28.656+0000] {processor.py:925} INFO - DAG(s) 'latest_only' retrieved from /home/ubuntu/airflow-venv/lib/python3.12/site-packages/airflow/example_dags/example_latest_only.py
[2026-02-24T18:00:28.668+0000] {logging_mixin.py:190} INFO - [2026-02-24T18:00:28.667+0000] {dag.py:3239} INFO - Sync 1 DAGs
[2026-02-24T18:00:28.682+0000] {logging_mixin.py:190} INFO - [2026-02-24T18:00:28.682+0000] {dag.py:4180} INFO - Setting next_dagrun for latest_only to 2026-02-24 12:00:00+00:00, run_after=2026-02-24 16:00:00+00:00
[2026-02-24T18:00:28.700+0000] {processor.py:208} INFO - Processing /home/ubuntu/airflow-venv/lib/python3.12/site-packages/airflow/example_dags/example_latest_only.py took 0.057 seconds
[2026-02-24T18:01:22.510+0000] {processor.py:186} INFO - Started process (PID=43789) to work on /home/ubuntu/airflow-venv/lib/python3.12/site-packages/airflow/example_dags/example_latest_only.py
[2026-02-24T18:01:22.512+0000] {processor.py:914} INFO - Processing file /home/ubuntu/airflow-venv/lib/python3.12/site-packages/airflow/example_dags/example_latest_only.py for tasks to queue
[2026-02-24T18:01:22.513+0000] {logging_mixin.py:190} INFO - [2026-02-24T18:01:22.513+0000] {dagbag.py:588} INFO - Filling up the DagBag from /home/ubuntu/airflow-venv/lib/python3.12/site-packages/airflow/example_dags/example_latest_only.py
[2026-02-24T18:01:22.518+0000] {processor.py:925} INFO - DAG(s) 'latest_only' retrieved from /home/ubuntu/airflow-venv/lib/python3.12/site-packages/airflow/example_dags/example_latest_only.py
[2026-02-24T18:01:22.529+0000] {logging_mixin.py:190} INFO - [2026-02-24T18:01:22.529+0000] {dag.py:3239} INFO - Sync 1 DAGs
[2026-02-24T18:01:22.543+0000] {logging_mixin.py:190} INFO - [2026-02-24T18:01:22.543+0000] {dag.py:4180} INFO - Setting next_dagrun for latest_only to 2026-02-24 12:00:00+00:00, run_after=2026-02-24 16:00:00+00:00
[2026-02-24T18:01:22.560+0000] {processor.py:208} INFO - Processing /home/ubuntu/airflow-venv/lib/python3.12/site-packages/airflow/example_dags/example_latest_only.py took 0.054 seconds
[2026-02-24T18:02:19.280+0000] {processor.py:186} INFO - Started process (PID=44212) to work on /home/ubuntu/airflow-venv/lib/python3.12/site-packages/airflow/example_dags/example_latest_only.py
[2026-02-24T18:02:19.282+0000] {processor.py:914} INFO - Processing file /home/ubuntu/airflow-venv/lib/python3.12/site-packages/airflow/example_dags/example_latest_only.py for tasks to queue
[2026-02-24T18:02:19.283+0000] {logging_mixin.py:190} INFO - [2026-02-24T18:02:19.283+0000] {dagbag.py:588} INFO - Filling up the DagBag from /home/ubuntu/airflow-venv/lib/python3.12/site-packages/airflow/example_dags/example_latest_only.py
[2026-02-24T18:02:19.288+0000] {processor.py:925} INFO - DAG(s) 'latest_only' retrieved from /home/ubuntu/airflow-venv/lib/python3.12/site-packages/airflow/example_dags/example_latest_only.py
[2026-02-24T18:02:19.299+0000] {logging_mixin.py:190} INFO - [2026-02-24T18:02:19.299+0000] {dag.py:3239} INFO - Sync 1 DAGs
[2026-02-24T18:02:19.314+0000] {logging_mixin.py:190} INFO - [2026-02-24T18:02:19.314+0000] {dag.py:4180} INFO - Setting next_dagrun for latest_only to 2026-02-24 12:00:00+00:00, run_after=2026-02-24 16:00:00+00:00
[2026-02-24T18:02:19.331+0000] {processor.py:208} INFO - Processing /home/ubuntu/airflow-venv/lib/python3.12/site-packages/airflow/example_dags/example_latest_only.py took 0.055 seconds
[2026-02-24T18:03:12.662+0000] {processor.py:186} INFO - Started process (PID=44274) to work on /home/ubuntu/airflow-venv/lib/python3.12/site-packages/airflow/example_dags/example_latest_only.py
[2026-02-24T18:03:12.663+0000] {processor.py:914} INFO - Processing file /home/ubuntu/airflow-venv/lib/python3.12/site-packages/airflow/example_dags/example_latest_only.py for tasks to queue
[2026-02-24T18:03:12.665+0000] {logging_mixin.py:190} INFO - [2026-02-24T18:03:12.665+0000] {dagbag.py:588} INFO - Filling up the DagBag from /home/ubuntu/airflow-venv/lib/python3.12/site-packages/airflow/example_dags/example_latest_only.py
[2026-02-24T18:03:12.670+0000] {processor.py:925} INFO - DAG(s) 'latest_only' retrieved from /home/ubuntu/airflow-venv/lib/python3.12/site-packages/airflow/example_dags/example_latest_only.py
[2026-02-24T18:03:12.681+0000] {logging_mixin.py:190} INFO - [2026-02-24T18:03:12.681+0000] {dag.py:3239} INFO - Sync 1 DAGs
[2026-02-24T18:03:12.695+0000] {logging_mixin.py:190} INFO - [2026-02-24T18:03:12.695+0000] {dag.py:4180} INFO - Setting next_dagrun for latest_only to 2026-02-24 12:00:00+00:00, run_after=2026-02-24 16:00:00+00:00
[2026-02-24T18:03:12.712+0000] {processor.py:208} INFO - Processing /home/ubuntu/airflow-venv/lib/python3.12/site-packages/airflow/example_dags/example_latest_only.py took 0.054 seconds
[2026-02-24T18:04:01.582+0000] {processor.py:186} INFO - Started process (PID=44329) to work on /home/ubuntu/airflow-venv/lib/python3.12/site-packages/airflow/example_dags/example_latest_only.py
[2026-02-24T18:04:01.583+0000] {processor.py:914} INFO - Processing file /home/ubuntu/airflow-venv/lib/python3.12/site-packages/airflow/example_dags/example_latest_only.py for tasks to queue
[2026-02-24T18:04:01.585+0000] {logging_mixin.py:190} INFO - [2026-02-24T18:04:01.585+0000] {dagbag.py:588} INFO - Filling up the DagBag from /home/ubuntu/airflow-venv/lib/python3.12/site-packages/airflow/example_dags/example_latest_only.py
[2026-02-24T18:04:01.590+0000] {processor.py:925} INFO - DAG(s) 'latest_only' retrieved from /home/ubuntu/airflow-venv/lib/python3.12/site-packages/airflow/example_dags/example_latest_only.py
[2026-02-24T18:04:01.602+0000] {logging_mixin.py:190} INFO - [2026-02-24T18:04:01.602+0000] {dag.py:3239} INFO - Sync 1 DAGs
[2026-02-24T18:04:01.616+0000] {logging_mixin.py:190} INFO - [2026-02-24T18:04:01.616+0000] {dag.py:4180} INFO - Setting next_dagrun for latest_only to 2026-02-24 12:00:00+00:00, run_after=2026-02-24 16:00:00+00:00
[2026-02-24T18:04:01.635+0000] {processor.py:208} INFO - Processing /home/ubuntu/airflow-venv/lib/python3.12/site-packages/airflow/example_dags/example_latest_only.py took 0.057 seconds
[2026-02-24T18:04:51.514+0000] {processor.py:186} INFO - Started process (PID=44744) to work on /home/ubuntu/airflow-venv/lib/python3.12/site-packages/airflow/example_dags/example_latest_only.py
[2026-02-24T18:04:51.515+0000] {processor.py:914} INFO - Processing file /home/ubuntu/airflow-venv/lib/python3.12/site-packages/airflow/example_dags/example_latest_only.py for tasks to queue
[2026-02-24T18:04:51.517+0000] {logging_mixin.py:190} INFO - [2026-02-24T18:04:51.516+0000] {dagbag.py:588} INFO - Filling up the DagBag from /home/ubuntu/airflow-venv/lib/python3.12/site-packages/airflow/example_dags/example_latest_only.py
[2026-02-24T18:04:51.522+0000] {processor.py:925} INFO - DAG(s) 'latest_only' retrieved from /home/ubuntu/airflow-venv/lib/python3.12/site-packages/airflow/example_dags/example_latest_only.py
[2026-02-24T18:04:51.533+0000] {logging_mixin.py:190} INFO - [2026-02-24T18:04:51.533+0000] {dag.py:3239} INFO - Sync 1 DAGs
[2026-02-24T18:04:51.547+0000] {logging_mixin.py:190} INFO - [2026-02-24T18:04:51.547+0000] {dag.py:4180} INFO - Setting next_dagrun for latest_only to 2026-02-24 12:00:00+00:00, run_after=2026-02-24 16:00:00+00:00
[2026-02-24T18:04:51.656+0000] {processor.py:208} INFO - Processing /home/ubuntu/airflow-venv/lib/python3.12/site-packages/airflow/example_dags/example_latest_only.py took 0.146 seconds
[2026-02-24T18:05:45.073+0000] {processor.py:186} INFO - Started process (PID=44802) to work on /home/ubuntu/airflow-venv/lib/python3.12/site-packages/airflow/example_dags/example_latest_only.py
[2026-02-24T18:05:45.074+0000] {processor.py:914} INFO - Processing file /home/ubuntu/airflow-venv/lib/python3.12/site-packages/airflow/example_dags/example_latest_only.py for tasks to queue
[2026-02-24T18:05:45.076+0000] {logging_mixin.py:190} INFO - [2026-02-24T18:05:45.076+0000] {dagbag.py:588} INFO - Filling up the DagBag from /home/ubuntu/airflow-venv/lib/python3.12/site-packages/airflow/example_dags/example_latest_only.py
[2026-02-24T18:05:45.179+0000] {processor.py:925} INFO - DAG(s) 'latest_only' retrieved from /home/ubuntu/airflow-venv/lib/python3.12/site-packages/airflow/example_dags/example_latest_only.py
[2026-02-24T18:05:45.187+0000] {logging_mixin.py:190} INFO - [2026-02-24T18:05:45.187+0000] {dag.py:3239} INFO - Sync 1 DAGs
[2026-02-24T18:05:45.198+0000] {logging_mixin.py:190} INFO - [2026-02-24T18:05:45.198+0000] {dag.py:4180} INFO - Setting next_dagrun for latest_only to 2026-02-24 12:00:00+00:00, run_after=2026-02-24 16:00:00+00:00
[2026-02-24T18:05:45.215+0000] {processor.py:208} INFO - Processing /home/ubuntu/airflow-venv/lib/python3.12/site-packages/airflow/example_dags/example_latest_only.py took 0.147 seconds
[2026-02-24T18:06:41.939+0000] {processor.py:186} INFO - Started process (PID=44866) to work on /home/ubuntu/airflow-venv/lib/python3.12/site-packages/airflow/example_dags/example_latest_only.py
[2026-02-24T18:06:41.941+0000] {processor.py:914} INFO - Processing file /home/ubuntu/airflow-venv/lib/python3.12/site-packages/airflow/example_dags/example_latest_only.py for tasks to queue
[2026-02-24T18:06:41.942+0000] {logging_mixin.py:190} INFO - [2026-02-24T18:06:41.942+0000] {dagbag.py:588} INFO - Filling up the DagBag from /home/ubuntu/airflow-venv/lib/python3.12/site-packages/airflow/example_dags/example_latest_only.py
[2026-02-24T18:06:41.948+0000] {processor.py:925} INFO - DAG(s) 'latest_only' retrieved from /home/ubuntu/airflow-venv/lib/python3.12/site-packages/airflow/example_dags/example_latest_only.py
[2026-02-24T18:06:41.959+0000] {logging_mixin.py:190} INFO - [2026-02-24T18:06:41.959+0000] {dag.py:3239} INFO - Sync 1 DAGs
[2026-02-24T18:06:41.974+0000] {logging_mixin.py:190} INFO - [2026-02-24T18:06:41.974+0000] {dag.py:4180} INFO - Setting next_dagrun for latest_only to 2026-02-24 12:00:00+00:00, run_after=2026-02-24 16:00:00+00:00
[2026-02-24T18:06:41.992+0000] {processor.py:208} INFO - Processing /home/ubuntu/airflow-venv/lib/python3.12/site-packages/airflow/example_dags/example_latest_only.py took 0.057 seconds
[2026-02-24T18:07:31.994+0000] {processor.py:186} INFO - Started process (PID=44920) to work on /home/ubuntu/airflow-venv/lib/python3.12/site-packages/airflow/example_dags/example_latest_only.py
[2026-02-24T18:07:31.996+0000] {processor.py:914} INFO - Processing file /home/ubuntu/airflow-venv/lib/python3.12/site-packages/airflow/example_dags/example_latest_only.py for tasks to queue
[2026-02-24T18:07:31.997+0000] {logging_mixin.py:190} INFO - [2026-02-24T18:07:31.997+0000] {dagbag.py:588} INFO - Filling up the DagBag from /home/ubuntu/airflow-venv/lib/python3.12/site-packages/airflow/example_dags/example_latest_only.py
[2026-02-24T18:07:32.003+0000] {processor.py:925} INFO - DAG(s) 'latest_only' retrieved from /home/ubuntu/airflow-venv/lib/python3.12/site-packages/airflow/example_dags/example_latest_only.py
[2026-02-24T18:07:32.015+0000] {logging_mixin.py:190} INFO - [2026-02-24T18:07:32.015+0000] {dag.py:3239} INFO - Sync 1 DAGs
[2026-02-24T18:07:32.030+0000] {logging_mixin.py:190} INFO - [2026-02-24T18:07:32.030+0000] {dag.py:4180} INFO - Setting next_dagrun for latest_only to 2026-02-24 12:00:00+00:00, run_after=2026-02-24 16:00:00+00:00
[2026-02-24T18:07:32.049+0000] {processor.py:208} INFO - Processing /home/ubuntu/airflow-venv/lib/python3.12/site-packages/airflow/example_dags/example_latest_only.py took 0.058 seconds
[2026-02-24T18:08:21.525+0000] {processor.py:186} INFO - Started process (PID=44971) to work on /home/ubuntu/airflow-venv/lib/python3.12/site-packages/airflow/example_dags/example_latest_only.py
[2026-02-24T18:08:21.526+0000] {processor.py:914} INFO - Processing file /home/ubuntu/airflow-venv/lib/python3.12/site-packages/airflow/example_dags/example_latest_only.py for tasks to queue
[2026-02-24T18:08:21.528+0000] {logging_mixin.py:190} INFO - [2026-02-24T18:08:21.527+0000] {dagbag.py:588} INFO - Filling up the DagBag from /home/ubuntu/airflow-venv/lib/python3.12/site-packages/airflow/example_dags/example_latest_only.py
[2026-02-24T18:08:21.533+0000] {processor.py:925} INFO - DAG(s) 'latest_only' retrieved from /home/ubuntu/airflow-venv/lib/python3.12/site-packages/airflow/example_dags/example_latest_only.py
[2026-02-24T18:08:21.544+0000] {logging_mixin.py:190} INFO - [2026-02-24T18:08:21.544+0000] {dag.py:3239} INFO - Sync 1 DAGs
[2026-02-24T18:08:21.558+0000] {logging_mixin.py:190} INFO - [2026-02-24T18:08:21.558+0000] {dag.py:4180} INFO - Setting next_dagrun for latest_only to 2026-02-24 12:00:00+00:00, run_after=2026-02-24 16:00:00+00:00
[2026-02-24T18:08:21.575+0000] {processor.py:208} INFO - Processing /home/ubuntu/airflow-venv/lib/python3.12/site-packages/airflow/example_dags/example_latest_only.py took 0.055 seconds
[2026-02-24T18:09:12.333+0000] {processor.py:186} INFO - Started process (PID=45025) to work on /home/ubuntu/airflow-venv/lib/python3.12/site-packages/airflow/example_dags/example_latest_only.py
[2026-02-24T18:09:12.334+0000] {processor.py:914} INFO - Processing file /home/ubuntu/airflow-venv/lib/python3.12/site-packages/airflow/example_dags/example_latest_only.py for tasks to queue
[2026-02-24T18:09:12.336+0000] {logging_mixin.py:190} INFO - [2026-02-24T18:09:12.335+0000] {dagbag.py:588} INFO - Filling up the DagBag from /home/ubuntu/airflow-venv/lib/python3.12/site-packages/airflow/example_dags/example_latest_only.py
[2026-02-24T18:09:12.341+0000] {processor.py:925} INFO - DAG(s) 'latest_only' retrieved from /home/ubuntu/airflow-venv/lib/python3.12/site-packages/airflow/example_dags/example_latest_only.py
[2026-02-24T18:09:12.353+0000] {logging_mixin.py:190} INFO - [2026-02-24T18:09:12.353+0000] {dag.py:3239} INFO - Sync 1 DAGs
[2026-02-24T18:09:12.368+0000] {logging_mixin.py:190} INFO - [2026-02-24T18:09:12.368+0000] {dag.py:4180} INFO - Setting next_dagrun for latest_only to 2026-02-24 12:00:00+00:00, run_after=2026-02-24 16:00:00+00:00
[2026-02-24T18:09:12.386+0000] {processor.py:208} INFO - Processing /home/ubuntu/airflow-venv/lib/python3.12/site-packages/airflow/example_dags/example_latest_only.py took 0.057 seconds
[2026-02-24T18:10:00.565+0000] {processor.py:186} INFO - Started process (PID=45076) to work on /home/ubuntu/airflow-venv/lib/python3.12/site-packages/airflow/example_dags/example_latest_only.py
[2026-02-24T18:10:00.566+0000] {processor.py:914} INFO - Processing file /home/ubuntu/airflow-venv/lib/python3.12/site-packages/airflow/example_dags/example_latest_only.py for tasks to queue
[2026-02-24T18:10:00.568+0000] {logging_mixin.py:190} INFO - [2026-02-24T18:10:00.568+0000] {dagbag.py:588} INFO - Filling up the DagBag from /home/ubuntu/airflow-venv/lib/python3.12/site-packages/airflow/example_dags/example_latest_only.py
[2026-02-24T18:10:00.574+0000] {processor.py:925} INFO - DAG(s) 'latest_only' retrieved from /home/ubuntu/airflow-venv/lib/python3.12/site-packages/airflow/example_dags/example_latest_only.py
[2026-02-24T18:10:00.585+0000] {logging_mixin.py:190} INFO - [2026-02-24T18:10:00.585+0000] {dag.py:3239} INFO - Sync 1 DAGs
[2026-02-24T18:10:00.599+0000] {logging_mixin.py:190} INFO - [2026-02-24T18:10:00.599+0000] {dag.py:4180} INFO - Setting next_dagrun for latest_only to 2026-02-24 12:00:00+00:00, run_after=2026-02-24 16:00:00+00:00
[2026-02-24T18:10:00.617+0000] {processor.py:208} INFO - Processing /home/ubuntu/airflow-venv/lib/python3.12/site-packages/airflow/example_dags/example_latest_only.py took 0.056 seconds
[2026-02-24T18:10:51.175+0000] {processor.py:186} INFO - Started process (PID=45132) to work on /home/ubuntu/airflow-venv/lib/python3.12/site-packages/airflow/example_dags/example_latest_only.py
[2026-02-24T18:10:51.177+0000] {processor.py:914} INFO - Processing file /home/ubuntu/airflow-venv/lib/python3.12/site-packages/airflow/example_dags/example_latest_only.py for tasks to queue
[2026-02-24T18:10:51.178+0000] {logging_mixin.py:190} INFO - [2026-02-24T18:10:51.178+0000] {dagbag.py:588} INFO - Filling up the DagBag from /home/ubuntu/airflow-venv/lib/python3.12/site-packages/airflow/example_dags/example_latest_only.py
[2026-02-24T18:10:51.184+0000] {processor.py:925} INFO - DAG(s) 'latest_only' retrieved from /home/ubuntu/airflow-venv/lib/python3.12/site-packages/airflow/example_dags/example_latest_only.py
[2026-02-24T18:10:51.196+0000] {logging_mixin.py:190} INFO - [2026-02-24T18:10:51.196+0000] {dag.py:3239} INFO - Sync 1 DAGs
[2026-02-24T18:10:51.211+0000] {logging_mixin.py:190} INFO - [2026-02-24T18:10:51.211+0000] {dag.py:4180} INFO - Setting next_dagrun for latest_only to 2026-02-24 12:00:00+00:00, run_after=2026-02-24 16:00:00+00:00
[2026-02-24T18:10:51.230+0000] {processor.py:208} INFO - Processing /home/ubuntu/airflow-venv/lib/python3.12/site-packages/airflow/example_dags/example_latest_only.py took 0.059 seconds
[2026-02-24T18:11:42.916+0000] {processor.py:186} INFO - Started process (PID=45184) to work on /home/ubuntu/airflow-venv/lib/python3.12/site-packages/airflow/example_dags/example_latest_only.py
[2026-02-24T18:11:42.917+0000] {processor.py:914} INFO - Processing file /home/ubuntu/airflow-venv/lib/python3.12/site-packages/airflow/example_dags/example_latest_only.py for tasks to queue
[2026-02-24T18:11:42.919+0000] {logging_mixin.py:190} INFO - [2026-02-24T18:11:42.919+0000] {dagbag.py:588} INFO - Filling up the DagBag from /home/ubuntu/airflow-venv/lib/python3.12/site-packages/airflow/example_dags/example_latest_only.py
[2026-02-24T18:11:42.924+0000] {processor.py:925} INFO - DAG(s) 'latest_only' retrieved from /home/ubuntu/airflow-venv/lib/python3.12/site-packages/airflow/example_dags/example_latest_only.py
[2026-02-24T18:11:42.936+0000] {logging_mixin.py:190} INFO - [2026-02-24T18:11:42.936+0000] {dag.py:3239} INFO - Sync 1 DAGs
[2026-02-24T18:11:42.950+0000] {logging_mixin.py:190} INFO - [2026-02-24T18:11:42.950+0000] {dag.py:4180} INFO - Setting next_dagrun for latest_only to 2026-02-24 12:00:00+00:00, run_after=2026-02-24 16:00:00+00:00
[2026-02-24T18:11:42.968+0000] {processor.py:208} INFO - Processing /home/ubuntu/airflow-venv/lib/python3.12/site-packages/airflow/example_dags/example_latest_only.py took 0.057 seconds
[2026-02-24T18:12:34.592+0000] {processor.py:186} INFO - Started process (PID=45238) to work on /home/ubuntu/airflow-venv/lib/python3.12/site-packages/airflow/example_dags/example_latest_only.py
[2026-02-24T18:12:34.593+0000] {processor.py:914} INFO - Processing file /home/ubuntu/airflow-venv/lib/python3.12/site-packages/airflow/example_dags/example_latest_only.py for tasks to queue
[2026-02-24T18:12:34.595+0000] {logging_mixin.py:190} INFO - [2026-02-24T18:12:34.594+0000] {dagbag.py:588} INFO - Filling up the DagBag from /home/ubuntu/airflow-venv/lib/python3.12/site-packages/airflow/example_dags/example_latest_only.py
[2026-02-24T18:12:34.601+0000] {processor.py:925} INFO - DAG(s) 'latest_only' retrieved from /home/ubuntu/airflow-venv/lib/python3.12/site-packages/airflow/example_dags/example_latest_only.py
[2026-02-24T18:12:34.613+0000] {logging_mixin.py:190} INFO - [2026-02-24T18:12:34.613+0000] {dag.py:3239} INFO - Sync 1 DAGs
[2026-02-24T18:12:34.628+0000] {logging_mixin.py:190} INFO - [2026-02-24T18:12:34.628+0000] {dag.py:4180} INFO - Setting next_dagrun for latest_only to 2026-02-24 12:00:00+00:00, run_after=2026-02-24 16:00:00+00:00
[2026-02-24T18:12:34.646+0000] {processor.py:208} INFO - Processing /home/ubuntu/airflow-venv/lib/python3.12/site-packages/airflow/example_dags/example_latest_only.py took 0.059 seconds
[2026-02-24T18:13:24.123+0000] {processor.py:186} INFO - Started process (PID=45292) to work on /home/ubuntu/airflow-venv/lib/python3.12/site-packages/airflow/example_dags/example_latest_only.py
[2026-02-24T18:13:24.124+0000] {processor.py:914} INFO - Processing file /home/ubuntu/airflow-venv/lib/python3.12/site-packages/airflow/example_dags/example_latest_only.py for tasks to queue
[2026-02-24T18:13:24.126+0000] {logging_mixin.py:190} INFO - [2026-02-24T18:13:24.125+0000] {dagbag.py:588} INFO - Filling up the DagBag from /home/ubuntu/airflow-venv/lib/python3.12/site-packages/airflow/example_dags/example_latest_only.py
[2026-02-24T18:13:24.131+0000] {processor.py:925} INFO - DAG(s) 'latest_only' retrieved from /home/ubuntu/airflow-venv/lib/python3.12/site-packages/airflow/example_dags/example_latest_only.py
[2026-02-24T18:13:24.143+0000] {logging_mixin.py:190} INFO - [2026-02-24T18:13:24.143+0000] {dag.py:3239} INFO - Sync 1 DAGs
[2026-02-24T18:13:24.157+0000] {logging_mixin.py:190} INFO - [2026-02-24T18:13:24.157+0000] {dag.py:4180} INFO - Setting next_dagrun for latest_only to 2026-02-24 12:00:00+00:00, run_after=2026-02-24 16:00:00+00:00
[2026-02-24T18:13:24.175+0000] {processor.py:208} INFO - Processing /home/ubuntu/airflow-venv/lib/python3.12/site-packages/airflow/example_dags/example_latest_only.py took 0.056 seconds
[2026-02-24T18:14:13.191+0000] {processor.py:186} INFO - Started process (PID=45342) to work on /home/ubuntu/airflow-venv/lib/python3.12/site-packages/airflow/example_dags/example_latest_only.py
[2026-02-24T18:14:13.192+0000] {processor.py:914} INFO - Processing file /home/ubuntu/airflow-venv/lib/python3.12/site-packages/airflow/example_dags/example_latest_only.py for tasks to queue
[2026-02-24T18:14:13.193+0000] {logging_mixin.py:190} INFO - [2026-02-24T18:14:13.193+0000] {dagbag.py:588} INFO - Filling up the DagBag from /home/ubuntu/airflow-venv/lib/python3.12/site-packages/airflow/example_dags/example_latest_only.py
[2026-02-24T18:14:13.199+0000] {processor.py:925} INFO - DAG(s) 'latest_only' retrieved from /home/ubuntu/airflow-venv/lib/python3.12/site-packages/airflow/example_dags/example_latest_only.py
[2026-02-24T18:14:13.211+0000] {logging_mixin.py:190} INFO - [2026-02-24T18:14:13.210+0000] {dag.py:3239} INFO - Sync 1 DAGs
[2026-02-24T18:14:13.225+0000] {logging_mixin.py:190} INFO - [2026-02-24T18:14:13.225+0000] {dag.py:4180} INFO - Setting next_dagrun for latest_only to 2026-02-24 12:00:00+00:00, run_after=2026-02-24 16:00:00+00:00
[2026-02-24T18:14:13.243+0000] {processor.py:208} INFO - Processing /home/ubuntu/airflow-venv/lib/python3.12/site-packages/airflow/example_dags/example_latest_only.py took 0.057 seconds
[2026-02-24T18:15:03.457+0000] {processor.py:186} INFO - Started process (PID=45397) to work on /home/ubuntu/airflow-venv/lib/python3.12/site-packages/airflow/example_dags/example_latest_only.py
[2026-02-24T18:15:03.459+0000] {processor.py:914} INFO - Processing file /home/ubuntu/airflow-venv/lib/python3.12/site-packages/airflow/example_dags/example_latest_only.py for tasks to queue
[2026-02-24T18:15:03.460+0000] {logging_mixin.py:190} INFO - [2026-02-24T18:15:03.460+0000] {dagbag.py:588} INFO - Filling up the DagBag from /home/ubuntu/airflow-venv/lib/python3.12/site-packages/airflow/example_dags/example_latest_only.py
[2026-02-24T18:15:03.466+0000] {processor.py:925} INFO - DAG(s) 'latest_only' retrieved from /home/ubuntu/airflow-venv/lib/python3.12/site-packages/airflow/example_dags/example_latest_only.py
[2026-02-24T18:15:03.478+0000] {logging_mixin.py:190} INFO - [2026-02-24T18:15:03.478+0000] {dag.py:3239} INFO - Sync 1 DAGs
[2026-02-24T18:15:03.492+0000] {logging_mixin.py:190} INFO - [2026-02-24T18:15:03.492+0000] {dag.py:4180} INFO - Setting next_dagrun for latest_only to 2026-02-24 12:00:00+00:00, run_after=2026-02-24 16:00:00+00:00
[2026-02-24T18:15:03.511+0000] {processor.py:208} INFO - Processing /home/ubuntu/airflow-venv/lib/python3.12/site-packages/airflow/example_dags/example_latest_only.py took 0.058 seconds
[2026-02-24T18:15:54.456+0000] {processor.py:186} INFO - Started process (PID=45451) to work on /home/ubuntu/airflow-venv/lib/python3.12/site-packages/airflow/example_dags/example_latest_only.py
[2026-02-24T18:15:54.458+0000] {processor.py:914} INFO - Processing file /home/ubuntu/airflow-venv/lib/python3.12/site-packages/airflow/example_dags/example_latest_only.py for tasks to queue
[2026-02-24T18:15:54.459+0000] {logging_mixin.py:190} INFO - [2026-02-24T18:15:54.459+0000] {dagbag.py:588} INFO - Filling up the DagBag from /home/ubuntu/airflow-venv/lib/python3.12/site-packages/airflow/example_dags/example_latest_only.py
[2026-02-24T18:15:54.465+0000] {processor.py:925} INFO - DAG(s) 'latest_only' retrieved from /home/ubuntu/airflow-venv/lib/python3.12/site-packages/airflow/example_dags/example_latest_only.py
[2026-02-24T18:15:54.477+0000] {logging_mixin.py:190} INFO - [2026-02-24T18:15:54.477+0000] {dag.py:3239} INFO - Sync 1 DAGs
[2026-02-24T18:15:54.492+0000] {logging_mixin.py:190} INFO - [2026-02-24T18:15:54.491+0000] {dag.py:4180} INFO - Setting next_dagrun for latest_only to 2026-02-24 12:00:00+00:00, run_after=2026-02-24 16:00:00+00:00
[2026-02-24T18:15:54.511+0000] {processor.py:208} INFO - Processing /home/ubuntu/airflow-venv/lib/python3.12/site-packages/airflow/example_dags/example_latest_only.py took 0.059 seconds
[2026-02-24T18:16:44.476+0000] {processor.py:186} INFO - Started process (PID=45504) to work on /home/ubuntu/airflow-venv/lib/python3.12/site-packages/airflow/example_dags/example_latest_only.py
[2026-02-24T18:16:44.477+0000] {processor.py:914} INFO - Processing file /home/ubuntu/airflow-venv/lib/python3.12/site-packages/airflow/example_dags/example_latest_only.py for tasks to queue
[2026-02-24T18:16:44.479+0000] {logging_mixin.py:190} INFO - [2026-02-24T18:16:44.478+0000] {dagbag.py:588} INFO - Filling up the DagBag from /home/ubuntu/airflow-venv/lib/python3.12/site-packages/airflow/example_dags/example_latest_only.py
[2026-02-24T18:16:44.484+0000] {processor.py:925} INFO - DAG(s) 'latest_only' retrieved from /home/ubuntu/airflow-venv/lib/python3.12/site-packages/airflow/example_dags/example_latest_only.py
[2026-02-24T18:16:44.496+0000] {logging_mixin.py:190} INFO - [2026-02-24T18:16:44.496+0000] {dag.py:3239} INFO - Sync 1 DAGs
[2026-02-24T18:16:44.510+0000] {logging_mixin.py:190} INFO - [2026-02-24T18:16:44.510+0000] {dag.py:4180} INFO - Setting next_dagrun for latest_only to 2026-02-24 12:00:00+00:00, run_after=2026-02-24 16:00:00+00:00
[2026-02-24T18:16:44.528+0000] {processor.py:208} INFO - Processing /home/ubuntu/airflow-venv/lib/python3.12/site-packages/airflow/example_dags/example_latest_only.py took 0.056 seconds
[2026-02-24T18:17:35.662+0000] {processor.py:186} INFO - Started process (PID=45560) to work on /home/ubuntu/airflow-venv/lib/python3.12/site-packages/airflow/example_dags/example_latest_only.py
[2026-02-24T18:17:35.663+0000] {processor.py:914} INFO - Processing file /home/ubuntu/airflow-venv/lib/python3.12/site-packages/airflow/example_dags/example_latest_only.py for tasks to queue
[2026-02-24T18:17:35.665+0000] {logging_mixin.py:190} INFO - [2026-02-24T18:17:35.665+0000] {dagbag.py:588} INFO - Filling up the DagBag from /home/ubuntu/airflow-venv/lib/python3.12/site-packages/airflow/example_dags/example_latest_only.py
[2026-02-24T18:17:35.670+0000] {processor.py:925} INFO - DAG(s) 'latest_only' retrieved from /home/ubuntu/airflow-venv/lib/python3.12/site-packages/airflow/example_dags/example_latest_only.py
[2026-02-24T18:17:35.682+0000] {logging_mixin.py:190} INFO - [2026-02-24T18:17:35.681+0000] {dag.py:3239} INFO - Sync 1 DAGs
[2026-02-24T18:17:35.696+0000] {logging_mixin.py:190} INFO - [2026-02-24T18:17:35.696+0000] {dag.py:4180} INFO - Setting next_dagrun for latest_only to 2026-02-24 12:00:00+00:00, run_after=2026-02-24 16:00:00+00:00
[2026-02-24T18:17:35.714+0000] {processor.py:208} INFO - Processing /home/ubuntu/airflow-venv/lib/python3.12/site-packages/airflow/example_dags/example_latest_only.py took 0.057 seconds
[2026-02-24T18:18:29.176+0000] {processor.py:186} INFO - Started process (PID=45616) to work on /home/ubuntu/airflow-venv/lib/python3.12/site-packages/airflow/example_dags/example_latest_only.py
[2026-02-24T18:18:29.177+0000] {processor.py:914} INFO - Processing file /home/ubuntu/airflow-venv/lib/python3.12/site-packages/airflow/example_dags/example_latest_only.py for tasks to queue
[2026-02-24T18:18:29.179+0000] {logging_mixin.py:190} INFO - [2026-02-24T18:18:29.179+0000] {dagbag.py:588} INFO - Filling up the DagBag from /home/ubuntu/airflow-venv/lib/python3.12/site-packages/airflow/example_dags/example_latest_only.py
[2026-02-24T18:18:29.184+0000] {processor.py:925} INFO - DAG(s) 'latest_only' retrieved from /home/ubuntu/airflow-venv/lib/python3.12/site-packages/airflow/example_dags/example_latest_only.py
[2026-02-24T18:18:29.196+0000] {logging_mixin.py:190} INFO - [2026-02-24T18:18:29.196+0000] {dag.py:3239} INFO - Sync 1 DAGs
[2026-02-24T18:18:29.210+0000] {logging_mixin.py:190} INFO - [2026-02-24T18:18:29.210+0000] {dag.py:4180} INFO - Setting next_dagrun for latest_only to 2026-02-24 12:00:00+00:00, run_after=2026-02-24 16:00:00+00:00
[2026-02-24T18:18:29.230+0000] {processor.py:208} INFO - Processing /home/ubuntu/airflow-venv/lib/python3.12/site-packages/airflow/example_dags/example_latest_only.py took 0.057 seconds
[2026-02-24T18:19:18.119+0000] {processor.py:186} INFO - Started process (PID=45667) to work on /home/ubuntu/airflow-venv/lib/python3.12/site-packages/airflow/example_dags/example_latest_only.py
[2026-02-24T18:19:18.121+0000] {processor.py:914} INFO - Processing file /home/ubuntu/airflow-venv/lib/python3.12/site-packages/airflow/example_dags/example_latest_only.py for tasks to queue
[2026-02-24T18:19:18.122+0000] {logging_mixin.py:190} INFO - [2026-02-24T18:19:18.122+0000] {dagbag.py:588} INFO - Filling up the DagBag from /home/ubuntu/airflow-venv/lib/python3.12/site-packages/airflow/example_dags/example_latest_only.py
[2026-02-24T18:19:18.128+0000] {processor.py:925} INFO - DAG(s) 'latest_only' retrieved from /home/ubuntu/airflow-venv/lib/python3.12/site-packages/airflow/example_dags/example_latest_only.py
[2026-02-24T18:19:18.140+0000] {logging_mixin.py:190} INFO - [2026-02-24T18:19:18.140+0000] {dag.py:3239} INFO - Sync 1 DAGs
[2026-02-24T18:19:18.154+0000] {logging_mixin.py:190} INFO - [2026-02-24T18:19:18.154+0000] {dag.py:4180} INFO - Setting next_dagrun for latest_only to 2026-02-24 12:00:00+00:00, run_after=2026-02-24 16:00:00+00:00
[2026-02-24T18:19:18.172+0000] {processor.py:208} INFO - Processing /home/ubuntu/airflow-venv/lib/python3.12/site-packages/airflow/example_dags/example_latest_only.py took 0.057 seconds
[2026-02-24T18:20:11.585+0000] {processor.py:186} INFO - Started process (PID=45722) to work on /home/ubuntu/airflow-venv/lib/python3.12/site-packages/airflow/example_dags/example_latest_only.py
[2026-02-24T18:20:11.586+0000] {processor.py:914} INFO - Processing file /home/ubuntu/airflow-venv/lib/python3.12/site-packages/airflow/example_dags/example_latest_only.py for tasks to queue
[2026-02-24T18:20:11.588+0000] {logging_mixin.py:190} INFO - [2026-02-24T18:20:11.587+0000] {dagbag.py:588} INFO - Filling up the DagBag from /home/ubuntu/airflow-venv/lib/python3.12/site-packages/airflow/example_dags/example_latest_only.py
[2026-02-24T18:20:11.593+0000] {processor.py:925} INFO - DAG(s) 'latest_only' retrieved from /home/ubuntu/airflow-venv/lib/python3.12/site-packages/airflow/example_dags/example_latest_only.py
[2026-02-24T18:20:11.605+0000] {logging_mixin.py:190} INFO - [2026-02-24T18:20:11.605+0000] {dag.py:3239} INFO - Sync 1 DAGs
[2026-02-24T18:20:11.620+0000] {logging_mixin.py:190} INFO - [2026-02-24T18:20:11.620+0000] {dag.py:4180} INFO - Setting next_dagrun for latest_only to 2026-02-24 12:00:00+00:00, run_after=2026-02-24 16:00:00+00:00
[2026-02-24T18:20:11.638+0000] {processor.py:208} INFO - Processing /home/ubuntu/airflow-venv/lib/python3.12/site-packages/airflow/example_dags/example_latest_only.py took 0.057 seconds
