[2026-02-24T17:59:18.120+0000] {processor.py:186} INFO - Started process (PID=43657) to work on /home/ubuntu/airflow-venv/lib/python3.12/site-packages/airflow/example_dags/example_sensors.py
[2026-02-24T17:59:18.121+0000] {processor.py:914} INFO - Processing file /home/ubuntu/airflow-venv/lib/python3.12/site-packages/airflow/example_dags/example_sensors.py for tasks to queue
[2026-02-24T17:59:18.122+0000] {logging_mixin.py:190} INFO - [2026-02-24T17:59:18.122+0000] {dagbag.py:588} INFO - Filling up the DagBag from /home/ubuntu/airflow-venv/lib/python3.12/site-packages/airflow/example_dags/example_sensors.py
[2026-02-24T17:59:18.130+0000] {processor.py:925} INFO - DAG(s) 'example_sensors' retrieved from /home/ubuntu/airflow-venv/lib/python3.12/site-packages/airflow/example_dags/example_sensors.py
[2026-02-24T17:59:18.211+0000] {logging_mixin.py:190} INFO - [2026-02-24T17:59:18.210+0000] {override.py:1900} INFO - Created Permission View: can edit on DAG:example_sensors
[2026-02-24T17:59:18.222+0000] {logging_mixin.py:190} INFO - [2026-02-24T17:59:18.222+0000] {override.py:1900} INFO - Created Permission View: can delete on DAG:example_sensors
[2026-02-24T17:59:18.231+0000] {logging_mixin.py:190} INFO - [2026-02-24T17:59:18.230+0000] {override.py:1900} INFO - Created Permission View: can read on DAG:example_sensors
[2026-02-24T17:59:18.246+0000] {logging_mixin.py:190} INFO - [2026-02-24T17:59:18.245+0000] {override.py:1900} INFO - Created Permission View: can delete on DAG Run:example_sensors
[2026-02-24T17:59:18.255+0000] {logging_mixin.py:190} INFO - [2026-02-24T17:59:18.254+0000] {override.py:1900} INFO - Created Permission View: menu access on DAG Run:example_sensors
[2026-02-24T17:59:18.263+0000] {logging_mixin.py:190} INFO - [2026-02-24T17:59:18.263+0000] {override.py:1900} INFO - Created Permission View: can create on DAG Run:example_sensors
[2026-02-24T17:59:18.272+0000] {logging_mixin.py:190} INFO - [2026-02-24T17:59:18.272+0000] {override.py:1900} INFO - Created Permission View: can read on DAG Run:example_sensors
[2026-02-24T17:59:18.272+0000] {logging_mixin.py:190} INFO - [2026-02-24T17:59:18.272+0000] {dag.py:3239} INFO - Sync 1 DAGs
[2026-02-24T17:59:18.281+0000] {logging_mixin.py:190} INFO - [2026-02-24T17:59:18.281+0000] {dag.py:3262} INFO - Creating ORM DAG for example_sensors
[2026-02-24T17:59:18.282+0000] {logging_mixin.py:190} INFO - [2026-02-24T17:59:18.282+0000] {dag.py:4180} INFO - Setting next_dagrun for example_sensors to None, run_after=None
[2026-02-24T17:59:18.300+0000] {processor.py:208} INFO - Processing /home/ubuntu/airflow-venv/lib/python3.12/site-packages/airflow/example_dags/example_sensors.py took 0.184 seconds
[2026-02-24T18:00:18.366+0000] {processor.py:186} INFO - Started process (PID=43716) to work on /home/ubuntu/airflow-venv/lib/python3.12/site-packages/airflow/example_dags/example_sensors.py
[2026-02-24T18:00:18.368+0000] {processor.py:914} INFO - Processing file /home/ubuntu/airflow-venv/lib/python3.12/site-packages/airflow/example_dags/example_sensors.py for tasks to queue
[2026-02-24T18:00:18.369+0000] {logging_mixin.py:190} INFO - [2026-02-24T18:00:18.369+0000] {dagbag.py:588} INFO - Filling up the DagBag from /home/ubuntu/airflow-venv/lib/python3.12/site-packages/airflow/example_dags/example_sensors.py
[2026-02-24T18:00:18.377+0000] {processor.py:925} INFO - DAG(s) 'example_sensors' retrieved from /home/ubuntu/airflow-venv/lib/python3.12/site-packages/airflow/example_dags/example_sensors.py
[2026-02-24T18:00:18.392+0000] {logging_mixin.py:190} INFO - [2026-02-24T18:00:18.392+0000] {dag.py:3239} INFO - Sync 1 DAGs
[2026-02-24T18:00:18.401+0000] {logging_mixin.py:190} INFO - [2026-02-24T18:00:18.401+0000] {dag.py:4180} INFO - Setting next_dagrun for example_sensors to None, run_after=None
[2026-02-24T18:00:18.419+0000] {processor.py:208} INFO - Processing /home/ubuntu/airflow-venv/lib/python3.12/site-packages/airflow/example_dags/example_sensors.py took 0.056 seconds
[2026-02-24T18:01:11.389+0000] {processor.py:186} INFO - Started process (PID=43778) to work on /home/ubuntu/airflow-venv/lib/python3.12/site-packages/airflow/example_dags/example_sensors.py
[2026-02-24T18:01:11.390+0000] {processor.py:914} INFO - Processing file /home/ubuntu/airflow-venv/lib/python3.12/site-packages/airflow/example_dags/example_sensors.py for tasks to queue
[2026-02-24T18:01:11.392+0000] {logging_mixin.py:190} INFO - [2026-02-24T18:01:11.392+0000] {dagbag.py:588} INFO - Filling up the DagBag from /home/ubuntu/airflow-venv/lib/python3.12/site-packages/airflow/example_dags/example_sensors.py
[2026-02-24T18:01:11.400+0000] {processor.py:925} INFO - DAG(s) 'example_sensors' retrieved from /home/ubuntu/airflow-venv/lib/python3.12/site-packages/airflow/example_dags/example_sensors.py
[2026-02-24T18:01:11.415+0000] {logging_mixin.py:190} INFO - [2026-02-24T18:01:11.415+0000] {dag.py:3239} INFO - Sync 1 DAGs
[2026-02-24T18:01:11.424+0000] {logging_mixin.py:190} INFO - [2026-02-24T18:01:11.423+0000] {dag.py:4180} INFO - Setting next_dagrun for example_sensors to None, run_after=None
[2026-02-24T18:01:11.443+0000] {processor.py:208} INFO - Processing /home/ubuntu/airflow-venv/lib/python3.12/site-packages/airflow/example_dags/example_sensors.py took 0.058 seconds
[2026-02-24T18:02:07.785+0000] {processor.py:186} INFO - Started process (PID=43836) to work on /home/ubuntu/airflow-venv/lib/python3.12/site-packages/airflow/example_dags/example_sensors.py
[2026-02-24T18:02:07.787+0000] {processor.py:914} INFO - Processing file /home/ubuntu/airflow-venv/lib/python3.12/site-packages/airflow/example_dags/example_sensors.py for tasks to queue
[2026-02-24T18:02:07.788+0000] {logging_mixin.py:190} INFO - [2026-02-24T18:02:07.788+0000] {dagbag.py:588} INFO - Filling up the DagBag from /home/ubuntu/airflow-venv/lib/python3.12/site-packages/airflow/example_dags/example_sensors.py
[2026-02-24T18:02:07.796+0000] {processor.py:925} INFO - DAG(s) 'example_sensors' retrieved from /home/ubuntu/airflow-venv/lib/python3.12/site-packages/airflow/example_dags/example_sensors.py
[2026-02-24T18:02:07.811+0000] {logging_mixin.py:190} INFO - [2026-02-24T18:02:07.811+0000] {dag.py:3239} INFO - Sync 1 DAGs
[2026-02-24T18:02:07.820+0000] {logging_mixin.py:190} INFO - [2026-02-24T18:02:07.820+0000] {dag.py:4180} INFO - Setting next_dagrun for example_sensors to None, run_after=None
[2026-02-24T18:02:07.837+0000] {processor.py:208} INFO - Processing /home/ubuntu/airflow-venv/lib/python3.12/site-packages/airflow/example_dags/example_sensors.py took 0.056 seconds
[2026-02-24T18:03:02.382+0000] {processor.py:186} INFO - Started process (PID=44262) to work on /home/ubuntu/airflow-venv/lib/python3.12/site-packages/airflow/example_dags/example_sensors.py
[2026-02-24T18:03:02.383+0000] {processor.py:914} INFO - Processing file /home/ubuntu/airflow-venv/lib/python3.12/site-packages/airflow/example_dags/example_sensors.py for tasks to queue
[2026-02-24T18:03:02.385+0000] {logging_mixin.py:190} INFO - [2026-02-24T18:03:02.385+0000] {dagbag.py:588} INFO - Filling up the DagBag from /home/ubuntu/airflow-venv/lib/python3.12/site-packages/airflow/example_dags/example_sensors.py
[2026-02-24T18:03:02.393+0000] {processor.py:925} INFO - DAG(s) 'example_sensors' retrieved from /home/ubuntu/airflow-venv/lib/python3.12/site-packages/airflow/example_dags/example_sensors.py
[2026-02-24T18:03:02.408+0000] {logging_mixin.py:190} INFO - [2026-02-24T18:03:02.408+0000] {dag.py:3239} INFO - Sync 1 DAGs
[2026-02-24T18:03:02.417+0000] {logging_mixin.py:190} INFO - [2026-02-24T18:03:02.417+0000] {dag.py:4180} INFO - Setting next_dagrun for example_sensors to None, run_after=None
[2026-02-24T18:03:02.436+0000] {processor.py:208} INFO - Processing /home/ubuntu/airflow-venv/lib/python3.12/site-packages/airflow/example_dags/example_sensors.py took 0.058 seconds
[2026-02-24T18:03:51.795+0000] {processor.py:186} INFO - Started process (PID=44316) to work on /home/ubuntu/airflow-venv/lib/python3.12/site-packages/airflow/example_dags/example_sensors.py
[2026-02-24T18:03:51.796+0000] {processor.py:914} INFO - Processing file /home/ubuntu/airflow-venv/lib/python3.12/site-packages/airflow/example_dags/example_sensors.py for tasks to queue
[2026-02-24T18:03:51.798+0000] {logging_mixin.py:190} INFO - [2026-02-24T18:03:51.798+0000] {dagbag.py:588} INFO - Filling up the DagBag from /home/ubuntu/airflow-venv/lib/python3.12/site-packages/airflow/example_dags/example_sensors.py
[2026-02-24T18:03:51.806+0000] {processor.py:925} INFO - DAG(s) 'example_sensors' retrieved from /home/ubuntu/airflow-venv/lib/python3.12/site-packages/airflow/example_dags/example_sensors.py
[2026-02-24T18:03:51.821+0000] {logging_mixin.py:190} INFO - [2026-02-24T18:03:51.821+0000] {dag.py:3239} INFO - Sync 1 DAGs
[2026-02-24T18:03:51.829+0000] {logging_mixin.py:190} INFO - [2026-02-24T18:03:51.829+0000] {dag.py:4180} INFO - Setting next_dagrun for example_sensors to None, run_after=None
[2026-02-24T18:03:51.847+0000] {processor.py:208} INFO - Processing /home/ubuntu/airflow-venv/lib/python3.12/site-packages/airflow/example_dags/example_sensors.py took 0.056 seconds
[2026-02-24T18:04:40.260+0000] {processor.py:186} INFO - Started process (PID=44733) to work on /home/ubuntu/airflow-venv/lib/python3.12/site-packages/airflow/example_dags/example_sensors.py
[2026-02-24T18:04:40.262+0000] {processor.py:914} INFO - Processing file /home/ubuntu/airflow-venv/lib/python3.12/site-packages/airflow/example_dags/example_sensors.py for tasks to queue
[2026-02-24T18:04:40.263+0000] {logging_mixin.py:190} INFO - [2026-02-24T18:04:40.263+0000] {dagbag.py:588} INFO - Filling up the DagBag from /home/ubuntu/airflow-venv/lib/python3.12/site-packages/airflow/example_dags/example_sensors.py
[2026-02-24T18:04:40.271+0000] {processor.py:925} INFO - DAG(s) 'example_sensors' retrieved from /home/ubuntu/airflow-venv/lib/python3.12/site-packages/airflow/example_dags/example_sensors.py
[2026-02-24T18:04:40.286+0000] {logging_mixin.py:190} INFO - [2026-02-24T18:04:40.285+0000] {dag.py:3239} INFO - Sync 1 DAGs
[2026-02-24T18:04:40.294+0000] {logging_mixin.py:190} INFO - [2026-02-24T18:04:40.294+0000] {dag.py:4180} INFO - Setting next_dagrun for example_sensors to None, run_after=None
[2026-02-24T18:04:40.313+0000] {processor.py:208} INFO - Processing /home/ubuntu/airflow-venv/lib/python3.12/site-packages/airflow/example_dags/example_sensors.py took 0.057 seconds
[2026-02-24T18:05:33.349+0000] {processor.py:186} INFO - Started process (PID=44791) to work on /home/ubuntu/airflow-venv/lib/python3.12/site-packages/airflow/example_dags/example_sensors.py
[2026-02-24T18:05:33.350+0000] {processor.py:914} INFO - Processing file /home/ubuntu/airflow-venv/lib/python3.12/site-packages/airflow/example_dags/example_sensors.py for tasks to queue
[2026-02-24T18:05:33.352+0000] {logging_mixin.py:190} INFO - [2026-02-24T18:05:33.351+0000] {dagbag.py:588} INFO - Filling up the DagBag from /home/ubuntu/airflow-venv/lib/python3.12/site-packages/airflow/example_dags/example_sensors.py
[2026-02-24T18:05:33.359+0000] {processor.py:925} INFO - DAG(s) 'example_sensors' retrieved from /home/ubuntu/airflow-venv/lib/python3.12/site-packages/airflow/example_dags/example_sensors.py
[2026-02-24T18:05:33.469+0000] {logging_mixin.py:190} INFO - [2026-02-24T18:05:33.469+0000] {dag.py:3239} INFO - Sync 1 DAGs
[2026-02-24T18:05:33.476+0000] {logging_mixin.py:190} INFO - [2026-02-24T18:05:33.476+0000] {dag.py:4180} INFO - Setting next_dagrun for example_sensors to None, run_after=None
[2026-02-24T18:05:33.492+0000] {processor.py:208} INFO - Processing /home/ubuntu/airflow-venv/lib/python3.12/site-packages/airflow/example_dags/example_sensors.py took 0.147 seconds
[2026-02-24T18:06:30.821+0000] {processor.py:186} INFO - Started process (PID=44855) to work on /home/ubuntu/airflow-venv/lib/python3.12/site-packages/airflow/example_dags/example_sensors.py
[2026-02-24T18:06:30.822+0000] {processor.py:914} INFO - Processing file /home/ubuntu/airflow-venv/lib/python3.12/site-packages/airflow/example_dags/example_sensors.py for tasks to queue
[2026-02-24T18:06:30.824+0000] {logging_mixin.py:190} INFO - [2026-02-24T18:06:30.823+0000] {dagbag.py:588} INFO - Filling up the DagBag from /home/ubuntu/airflow-venv/lib/python3.12/site-packages/airflow/example_dags/example_sensors.py
[2026-02-24T18:06:30.832+0000] {processor.py:925} INFO - DAG(s) 'example_sensors' retrieved from /home/ubuntu/airflow-venv/lib/python3.12/site-packages/airflow/example_dags/example_sensors.py
[2026-02-24T18:06:30.847+0000] {logging_mixin.py:190} INFO - [2026-02-24T18:06:30.847+0000] {dag.py:3239} INFO - Sync 1 DAGs
[2026-02-24T18:06:30.856+0000] {logging_mixin.py:190} INFO - [2026-02-24T18:06:30.856+0000] {dag.py:4180} INFO - Setting next_dagrun for example_sensors to None, run_after=None
[2026-02-24T18:06:30.875+0000] {processor.py:208} INFO - Processing /home/ubuntu/airflow-venv/lib/python3.12/site-packages/airflow/example_dags/example_sensors.py took 0.058 seconds
[2026-02-24T18:07:21.862+0000] {processor.py:186} INFO - Started process (PID=44909) to work on /home/ubuntu/airflow-venv/lib/python3.12/site-packages/airflow/example_dags/example_sensors.py
[2026-02-24T18:07:21.864+0000] {processor.py:914} INFO - Processing file /home/ubuntu/airflow-venv/lib/python3.12/site-packages/airflow/example_dags/example_sensors.py for tasks to queue
[2026-02-24T18:07:21.865+0000] {logging_mixin.py:190} INFO - [2026-02-24T18:07:21.865+0000] {dagbag.py:588} INFO - Filling up the DagBag from /home/ubuntu/airflow-venv/lib/python3.12/site-packages/airflow/example_dags/example_sensors.py
[2026-02-24T18:07:21.873+0000] {processor.py:925} INFO - DAG(s) 'example_sensors' retrieved from /home/ubuntu/airflow-venv/lib/python3.12/site-packages/airflow/example_dags/example_sensors.py
[2026-02-24T18:07:21.888+0000] {logging_mixin.py:190} INFO - [2026-02-24T18:07:21.888+0000] {dag.py:3239} INFO - Sync 1 DAGs
[2026-02-24T18:07:21.897+0000] {logging_mixin.py:190} INFO - [2026-02-24T18:07:21.897+0000] {dag.py:4180} INFO - Setting next_dagrun for example_sensors to None, run_after=None
[2026-02-24T18:07:21.915+0000] {processor.py:208} INFO - Processing /home/ubuntu/airflow-venv/lib/python3.12/site-packages/airflow/example_dags/example_sensors.py took 0.057 seconds
[2026-02-24T18:08:11.392+0000] {processor.py:186} INFO - Started process (PID=44960) to work on /home/ubuntu/airflow-venv/lib/python3.12/site-packages/airflow/example_dags/example_sensors.py
[2026-02-24T18:08:11.394+0000] {processor.py:914} INFO - Processing file /home/ubuntu/airflow-venv/lib/python3.12/site-packages/airflow/example_dags/example_sensors.py for tasks to queue
[2026-02-24T18:08:11.395+0000] {logging_mixin.py:190} INFO - [2026-02-24T18:08:11.395+0000] {dagbag.py:588} INFO - Filling up the DagBag from /home/ubuntu/airflow-venv/lib/python3.12/site-packages/airflow/example_dags/example_sensors.py
[2026-02-24T18:08:11.403+0000] {processor.py:925} INFO - DAG(s) 'example_sensors' retrieved from /home/ubuntu/airflow-venv/lib/python3.12/site-packages/airflow/example_dags/example_sensors.py
[2026-02-24T18:08:11.418+0000] {logging_mixin.py:190} INFO - [2026-02-24T18:08:11.418+0000] {dag.py:3239} INFO - Sync 1 DAGs
[2026-02-24T18:08:11.427+0000] {logging_mixin.py:190} INFO - [2026-02-24T18:08:11.427+0000] {dag.py:4180} INFO - Setting next_dagrun for example_sensors to None, run_after=None
[2026-02-24T18:08:11.445+0000] {processor.py:208} INFO - Processing /home/ubuntu/airflow-venv/lib/python3.12/site-packages/airflow/example_dags/example_sensors.py took 0.056 seconds
[2026-02-24T18:09:02.053+0000] {processor.py:186} INFO - Started process (PID=45014) to work on /home/ubuntu/airflow-venv/lib/python3.12/site-packages/airflow/example_dags/example_sensors.py
[2026-02-24T18:09:02.055+0000] {processor.py:914} INFO - Processing file /home/ubuntu/airflow-venv/lib/python3.12/site-packages/airflow/example_dags/example_sensors.py for tasks to queue
[2026-02-24T18:09:02.056+0000] {logging_mixin.py:190} INFO - [2026-02-24T18:09:02.056+0000] {dagbag.py:588} INFO - Filling up the DagBag from /home/ubuntu/airflow-venv/lib/python3.12/site-packages/airflow/example_dags/example_sensors.py
[2026-02-24T18:09:02.065+0000] {processor.py:925} INFO - DAG(s) 'example_sensors' retrieved from /home/ubuntu/airflow-venv/lib/python3.12/site-packages/airflow/example_dags/example_sensors.py
[2026-02-24T18:09:02.081+0000] {logging_mixin.py:190} INFO - [2026-02-24T18:09:02.081+0000] {dag.py:3239} INFO - Sync 1 DAGs
[2026-02-24T18:09:02.092+0000] {logging_mixin.py:190} INFO - [2026-02-24T18:09:02.092+0000] {dag.py:4180} INFO - Setting next_dagrun for example_sensors to None, run_after=None
[2026-02-24T18:09:02.112+0000] {processor.py:208} INFO - Processing /home/ubuntu/airflow-venv/lib/python3.12/site-packages/airflow/example_dags/example_sensors.py took 0.063 seconds
[2026-02-24T18:09:50.432+0000] {processor.py:186} INFO - Started process (PID=45065) to work on /home/ubuntu/airflow-venv/lib/python3.12/site-packages/airflow/example_dags/example_sensors.py
[2026-02-24T18:09:50.434+0000] {processor.py:914} INFO - Processing file /home/ubuntu/airflow-venv/lib/python3.12/site-packages/airflow/example_dags/example_sensors.py for tasks to queue
[2026-02-24T18:09:50.435+0000] {logging_mixin.py:190} INFO - [2026-02-24T18:09:50.435+0000] {dagbag.py:588} INFO - Filling up the DagBag from /home/ubuntu/airflow-venv/lib/python3.12/site-packages/airflow/example_dags/example_sensors.py
[2026-02-24T18:09:50.443+0000] {processor.py:925} INFO - DAG(s) 'example_sensors' retrieved from /home/ubuntu/airflow-venv/lib/python3.12/site-packages/airflow/example_dags/example_sensors.py
[2026-02-24T18:09:50.458+0000] {logging_mixin.py:190} INFO - [2026-02-24T18:09:50.458+0000] {dag.py:3239} INFO - Sync 1 DAGs
[2026-02-24T18:09:50.466+0000] {logging_mixin.py:190} INFO - [2026-02-24T18:09:50.466+0000] {dag.py:4180} INFO - Setting next_dagrun for example_sensors to None, run_after=None
[2026-02-24T18:09:50.484+0000] {processor.py:208} INFO - Processing /home/ubuntu/airflow-venv/lib/python3.12/site-packages/airflow/example_dags/example_sensors.py took 0.056 seconds
[2026-02-24T18:10:41.097+0000] {processor.py:186} INFO - Started process (PID=45121) to work on /home/ubuntu/airflow-venv/lib/python3.12/site-packages/airflow/example_dags/example_sensors.py
[2026-02-24T18:10:41.098+0000] {processor.py:914} INFO - Processing file /home/ubuntu/airflow-venv/lib/python3.12/site-packages/airflow/example_dags/example_sensors.py for tasks to queue
[2026-02-24T18:10:41.100+0000] {logging_mixin.py:190} INFO - [2026-02-24T18:10:41.100+0000] {dagbag.py:588} INFO - Filling up the DagBag from /home/ubuntu/airflow-venv/lib/python3.12/site-packages/airflow/example_dags/example_sensors.py
[2026-02-24T18:10:41.108+0000] {processor.py:925} INFO - DAG(s) 'example_sensors' retrieved from /home/ubuntu/airflow-venv/lib/python3.12/site-packages/airflow/example_dags/example_sensors.py
[2026-02-24T18:10:41.123+0000] {logging_mixin.py:190} INFO - [2026-02-24T18:10:41.123+0000] {dag.py:3239} INFO - Sync 1 DAGs
[2026-02-24T18:10:41.132+0000] {logging_mixin.py:190} INFO - [2026-02-24T18:10:41.132+0000] {dag.py:4180} INFO - Setting next_dagrun for example_sensors to None, run_after=None
[2026-02-24T18:10:41.150+0000] {processor.py:208} INFO - Processing /home/ubuntu/airflow-venv/lib/python3.12/site-packages/airflow/example_dags/example_sensors.py took 0.057 seconds
[2026-02-24T18:11:31.651+0000] {processor.py:186} INFO - Started process (PID=45173) to work on /home/ubuntu/airflow-venv/lib/python3.12/site-packages/airflow/example_dags/example_sensors.py
[2026-02-24T18:11:31.652+0000] {processor.py:914} INFO - Processing file /home/ubuntu/airflow-venv/lib/python3.12/site-packages/airflow/example_dags/example_sensors.py for tasks to queue
[2026-02-24T18:11:31.654+0000] {logging_mixin.py:190} INFO - [2026-02-24T18:11:31.654+0000] {dagbag.py:588} INFO - Filling up the DagBag from /home/ubuntu/airflow-venv/lib/python3.12/site-packages/airflow/example_dags/example_sensors.py
[2026-02-24T18:11:31.662+0000] {processor.py:925} INFO - DAG(s) 'example_sensors' retrieved from /home/ubuntu/airflow-venv/lib/python3.12/site-packages/airflow/example_dags/example_sensors.py
[2026-02-24T18:11:31.677+0000] {logging_mixin.py:190} INFO - [2026-02-24T18:11:31.677+0000] {dag.py:3239} INFO - Sync 1 DAGs
[2026-02-24T18:11:31.686+0000] {logging_mixin.py:190} INFO - [2026-02-24T18:11:31.686+0000] {dag.py:4180} INFO - Setting next_dagrun for example_sensors to None, run_after=None
[2026-02-24T18:11:31.705+0000] {processor.py:208} INFO - Processing /home/ubuntu/airflow-venv/lib/python3.12/site-packages/airflow/example_dags/example_sensors.py took 0.059 seconds
[2026-02-24T18:12:23.327+0000] {processor.py:186} INFO - Started process (PID=45227) to work on /home/ubuntu/airflow-venv/lib/python3.12/site-packages/airflow/example_dags/example_sensors.py
[2026-02-24T18:12:23.328+0000] {processor.py:914} INFO - Processing file /home/ubuntu/airflow-venv/lib/python3.12/site-packages/airflow/example_dags/example_sensors.py for tasks to queue
[2026-02-24T18:12:23.330+0000] {logging_mixin.py:190} INFO - [2026-02-24T18:12:23.330+0000] {dagbag.py:588} INFO - Filling up the DagBag from /home/ubuntu/airflow-venv/lib/python3.12/site-packages/airflow/example_dags/example_sensors.py
[2026-02-24T18:12:23.338+0000] {processor.py:925} INFO - DAG(s) 'example_sensors' retrieved from /home/ubuntu/airflow-venv/lib/python3.12/site-packages/airflow/example_dags/example_sensors.py
[2026-02-24T18:12:23.352+0000] {logging_mixin.py:190} INFO - [2026-02-24T18:12:23.352+0000] {dag.py:3239} INFO - Sync 1 DAGs
[2026-02-24T18:12:23.361+0000] {logging_mixin.py:190} INFO - [2026-02-24T18:12:23.361+0000] {dag.py:4180} INFO - Setting next_dagrun for example_sensors to None, run_after=None
[2026-02-24T18:12:23.379+0000] {processor.py:208} INFO - Processing /home/ubuntu/airflow-venv/lib/python3.12/site-packages/airflow/example_dags/example_sensors.py took 0.056 seconds
[2026-02-24T18:13:13.991+0000] {processor.py:186} INFO - Started process (PID=45281) to work on /home/ubuntu/airflow-venv/lib/python3.12/site-packages/airflow/example_dags/example_sensors.py
[2026-02-24T18:13:13.993+0000] {processor.py:914} INFO - Processing file /home/ubuntu/airflow-venv/lib/python3.12/site-packages/airflow/example_dags/example_sensors.py for tasks to queue
[2026-02-24T18:13:13.994+0000] {logging_mixin.py:190} INFO - [2026-02-24T18:13:13.994+0000] {dagbag.py:588} INFO - Filling up the DagBag from /home/ubuntu/airflow-venv/lib/python3.12/site-packages/airflow/example_dags/example_sensors.py
[2026-02-24T18:13:14.003+0000] {processor.py:925} INFO - DAG(s) 'example_sensors' retrieved from /home/ubuntu/airflow-venv/lib/python3.12/site-packages/airflow/example_dags/example_sensors.py
[2026-02-24T18:13:14.018+0000] {logging_mixin.py:190} INFO - [2026-02-24T18:13:14.018+0000] {dag.py:3239} INFO - Sync 1 DAGs
[2026-02-24T18:13:14.027+0000] {logging_mixin.py:190} INFO - [2026-02-24T18:13:14.027+0000] {dag.py:4180} INFO - Setting next_dagrun for example_sensors to None, run_after=None
[2026-02-24T18:13:14.045+0000] {processor.py:208} INFO - Processing /home/ubuntu/airflow-venv/lib/python3.12/site-packages/airflow/example_dags/example_sensors.py took 0.057 seconds
[2026-02-24T18:14:01.789+0000] {processor.py:186} INFO - Started process (PID=45331) to work on /home/ubuntu/airflow-venv/lib/python3.12/site-packages/airflow/example_dags/example_sensors.py
[2026-02-24T18:14:01.790+0000] {processor.py:914} INFO - Processing file /home/ubuntu/airflow-venv/lib/python3.12/site-packages/airflow/example_dags/example_sensors.py for tasks to queue
[2026-02-24T18:14:01.792+0000] {logging_mixin.py:190} INFO - [2026-02-24T18:14:01.792+0000] {dagbag.py:588} INFO - Filling up the DagBag from /home/ubuntu/airflow-venv/lib/python3.12/site-packages/airflow/example_dags/example_sensors.py
[2026-02-24T18:14:01.801+0000] {processor.py:925} INFO - DAG(s) 'example_sensors' retrieved from /home/ubuntu/airflow-venv/lib/python3.12/site-packages/airflow/example_dags/example_sensors.py
[2026-02-24T18:14:01.817+0000] {logging_mixin.py:190} INFO - [2026-02-24T18:14:01.817+0000] {dag.py:3239} INFO - Sync 1 DAGs
[2026-02-24T18:14:01.826+0000] {logging_mixin.py:190} INFO - [2026-02-24T18:14:01.826+0000] {dag.py:4180} INFO - Setting next_dagrun for example_sensors to None, run_after=None
[2026-02-24T18:14:01.845+0000] {processor.py:208} INFO - Processing /home/ubuntu/airflow-venv/lib/python3.12/site-packages/airflow/example_dags/example_sensors.py took 0.061 seconds
[2026-02-24T18:14:53.189+0000] {processor.py:186} INFO - Started process (PID=45383) to work on /home/ubuntu/airflow-venv/lib/python3.12/site-packages/airflow/example_dags/example_sensors.py
[2026-02-24T18:14:53.190+0000] {processor.py:914} INFO - Processing file /home/ubuntu/airflow-venv/lib/python3.12/site-packages/airflow/example_dags/example_sensors.py for tasks to queue
[2026-02-24T18:14:53.192+0000] {logging_mixin.py:190} INFO - [2026-02-24T18:14:53.191+0000] {dagbag.py:588} INFO - Filling up the DagBag from /home/ubuntu/airflow-venv/lib/python3.12/site-packages/airflow/example_dags/example_sensors.py
[2026-02-24T18:14:53.199+0000] {processor.py:925} INFO - DAG(s) 'example_sensors' retrieved from /home/ubuntu/airflow-venv/lib/python3.12/site-packages/airflow/example_dags/example_sensors.py
[2026-02-24T18:14:53.215+0000] {logging_mixin.py:190} INFO - [2026-02-24T18:14:53.214+0000] {dag.py:3239} INFO - Sync 1 DAGs
[2026-02-24T18:14:53.223+0000] {logging_mixin.py:190} INFO - [2026-02-24T18:14:53.223+0000] {dag.py:4180} INFO - Setting next_dagrun for example_sensors to None, run_after=None
[2026-02-24T18:14:53.241+0000] {processor.py:208} INFO - Processing /home/ubuntu/airflow-venv/lib/python3.12/site-packages/airflow/example_dags/example_sensors.py took 0.057 seconds
[2026-02-24T18:15:43.955+0000] {processor.py:186} INFO - Started process (PID=45439) to work on /home/ubuntu/airflow-venv/lib/python3.12/site-packages/airflow/example_dags/example_sensors.py
[2026-02-24T18:15:43.957+0000] {processor.py:914} INFO - Processing file /home/ubuntu/airflow-venv/lib/python3.12/site-packages/airflow/example_dags/example_sensors.py for tasks to queue
[2026-02-24T18:15:43.958+0000] {logging_mixin.py:190} INFO - [2026-02-24T18:15:43.958+0000] {dagbag.py:588} INFO - Filling up the DagBag from /home/ubuntu/airflow-venv/lib/python3.12/site-packages/airflow/example_dags/example_sensors.py
[2026-02-24T18:15:43.967+0000] {processor.py:925} INFO - DAG(s) 'example_sensors' retrieved from /home/ubuntu/airflow-venv/lib/python3.12/site-packages/airflow/example_dags/example_sensors.py
[2026-02-24T18:15:43.982+0000] {logging_mixin.py:190} INFO - [2026-02-24T18:15:43.982+0000] {dag.py:3239} INFO - Sync 1 DAGs
[2026-02-24T18:15:43.992+0000] {logging_mixin.py:190} INFO - [2026-02-24T18:15:43.991+0000] {dag.py:4180} INFO - Setting next_dagrun for example_sensors to None, run_after=None
[2026-02-24T18:15:44.010+0000] {processor.py:208} INFO - Processing /home/ubuntu/airflow-venv/lib/python3.12/site-packages/airflow/example_dags/example_sensors.py took 0.059 seconds
[2026-02-24T18:16:34.195+0000] {processor.py:186} INFO - Started process (PID=45493) to work on /home/ubuntu/airflow-venv/lib/python3.12/site-packages/airflow/example_dags/example_sensors.py
[2026-02-24T18:16:34.196+0000] {processor.py:914} INFO - Processing file /home/ubuntu/airflow-venv/lib/python3.12/site-packages/airflow/example_dags/example_sensors.py for tasks to queue
[2026-02-24T18:16:34.198+0000] {logging_mixin.py:190} INFO - [2026-02-24T18:16:34.198+0000] {dagbag.py:588} INFO - Filling up the DagBag from /home/ubuntu/airflow-venv/lib/python3.12/site-packages/airflow/example_dags/example_sensors.py
[2026-02-24T18:16:34.206+0000] {processor.py:925} INFO - DAG(s) 'example_sensors' retrieved from /home/ubuntu/airflow-venv/lib/python3.12/site-packages/airflow/example_dags/example_sensors.py
[2026-02-24T18:16:34.222+0000] {logging_mixin.py:190} INFO - [2026-02-24T18:16:34.222+0000] {dag.py:3239} INFO - Sync 1 DAGs
[2026-02-24T18:16:34.231+0000] {logging_mixin.py:190} INFO - [2026-02-24T18:16:34.231+0000] {dag.py:4180} INFO - Setting next_dagrun for example_sensors to None, run_after=None
[2026-02-24T18:16:34.249+0000] {processor.py:208} INFO - Processing /home/ubuntu/airflow-venv/lib/python3.12/site-packages/airflow/example_dags/example_sensors.py took 0.058 seconds
[2026-02-24T18:17:24.421+0000] {processor.py:186} INFO - Started process (PID=45549) to work on /home/ubuntu/airflow-venv/lib/python3.12/site-packages/airflow/example_dags/example_sensors.py
[2026-02-24T18:17:24.422+0000] {processor.py:914} INFO - Processing file /home/ubuntu/airflow-venv/lib/python3.12/site-packages/airflow/example_dags/example_sensors.py for tasks to queue
[2026-02-24T18:17:24.424+0000] {logging_mixin.py:190} INFO - [2026-02-24T18:17:24.424+0000] {dagbag.py:588} INFO - Filling up the DagBag from /home/ubuntu/airflow-venv/lib/python3.12/site-packages/airflow/example_dags/example_sensors.py
[2026-02-24T18:17:24.432+0000] {processor.py:925} INFO - DAG(s) 'example_sensors' retrieved from /home/ubuntu/airflow-venv/lib/python3.12/site-packages/airflow/example_dags/example_sensors.py
[2026-02-24T18:17:24.447+0000] {logging_mixin.py:190} INFO - [2026-02-24T18:17:24.446+0000] {dag.py:3239} INFO - Sync 1 DAGs
[2026-02-24T18:17:24.456+0000] {logging_mixin.py:190} INFO - [2026-02-24T18:17:24.456+0000] {dag.py:4180} INFO - Setting next_dagrun for example_sensors to None, run_after=None
[2026-02-24T18:17:24.475+0000] {processor.py:208} INFO - Processing /home/ubuntu/airflow-venv/lib/python3.12/site-packages/airflow/example_dags/example_sensors.py took 0.058 seconds
[2026-02-24T18:18:17.626+0000] {processor.py:186} INFO - Started process (PID=45605) to work on /home/ubuntu/airflow-venv/lib/python3.12/site-packages/airflow/example_dags/example_sensors.py
[2026-02-24T18:18:17.627+0000] {processor.py:914} INFO - Processing file /home/ubuntu/airflow-venv/lib/python3.12/site-packages/airflow/example_dags/example_sensors.py for tasks to queue
[2026-02-24T18:18:17.629+0000] {logging_mixin.py:190} INFO - [2026-02-24T18:18:17.628+0000] {dagbag.py:588} INFO - Filling up the DagBag from /home/ubuntu/airflow-venv/lib/python3.12/site-packages/airflow/example_dags/example_sensors.py
[2026-02-24T18:18:17.637+0000] {processor.py:925} INFO - DAG(s) 'example_sensors' retrieved from /home/ubuntu/airflow-venv/lib/python3.12/site-packages/airflow/example_dags/example_sensors.py
[2026-02-24T18:18:17.652+0000] {logging_mixin.py:190} INFO - [2026-02-24T18:18:17.652+0000] {dag.py:3239} INFO - Sync 1 DAGs
[2026-02-24T18:18:17.661+0000] {logging_mixin.py:190} INFO - [2026-02-24T18:18:17.661+0000] {dag.py:4180} INFO - Setting next_dagrun for example_sensors to None, run_after=None
[2026-02-24T18:18:17.680+0000] {processor.py:208} INFO - Processing /home/ubuntu/airflow-venv/lib/python3.12/site-packages/airflow/example_dags/example_sensors.py took 0.058 seconds
[2026-02-24T18:19:08.578+0000] {processor.py:186} INFO - Started process (PID=45656) to work on /home/ubuntu/airflow-venv/lib/python3.12/site-packages/airflow/example_dags/example_sensors.py
[2026-02-24T18:19:08.580+0000] {processor.py:914} INFO - Processing file /home/ubuntu/airflow-venv/lib/python3.12/site-packages/airflow/example_dags/example_sensors.py for tasks to queue
[2026-02-24T18:19:08.581+0000] {logging_mixin.py:190} INFO - [2026-02-24T18:19:08.581+0000] {dagbag.py:588} INFO - Filling up the DagBag from /home/ubuntu/airflow-venv/lib/python3.12/site-packages/airflow/example_dags/example_sensors.py
[2026-02-24T18:19:08.589+0000] {processor.py:925} INFO - DAG(s) 'example_sensors' retrieved from /home/ubuntu/airflow-venv/lib/python3.12/site-packages/airflow/example_dags/example_sensors.py
[2026-02-24T18:19:08.604+0000] {logging_mixin.py:190} INFO - [2026-02-24T18:19:08.604+0000] {dag.py:3239} INFO - Sync 1 DAGs
[2026-02-24T18:19:08.613+0000] {logging_mixin.py:190} INFO - [2026-02-24T18:19:08.613+0000] {dag.py:4180} INFO - Setting next_dagrun for example_sensors to None, run_after=None
[2026-02-24T18:19:08.631+0000] {processor.py:208} INFO - Processing /home/ubuntu/airflow-venv/lib/python3.12/site-packages/airflow/example_dags/example_sensors.py took 0.057 seconds
[2026-02-24T18:20:00.323+0000] {processor.py:186} INFO - Started process (PID=45710) to work on /home/ubuntu/airflow-venv/lib/python3.12/site-packages/airflow/example_dags/example_sensors.py
[2026-02-24T18:20:00.324+0000] {processor.py:914} INFO - Processing file /home/ubuntu/airflow-venv/lib/python3.12/site-packages/airflow/example_dags/example_sensors.py for tasks to queue
[2026-02-24T18:20:00.326+0000] {logging_mixin.py:190} INFO - [2026-02-24T18:20:00.326+0000] {dagbag.py:588} INFO - Filling up the DagBag from /home/ubuntu/airflow-venv/lib/python3.12/site-packages/airflow/example_dags/example_sensors.py
[2026-02-24T18:20:00.334+0000] {processor.py:925} INFO - DAG(s) 'example_sensors' retrieved from /home/ubuntu/airflow-venv/lib/python3.12/site-packages/airflow/example_dags/example_sensors.py
[2026-02-24T18:20:00.349+0000] {logging_mixin.py:190} INFO - [2026-02-24T18:20:00.349+0000] {dag.py:3239} INFO - Sync 1 DAGs
[2026-02-24T18:20:00.359+0000] {logging_mixin.py:190} INFO - [2026-02-24T18:20:00.358+0000] {dag.py:4180} INFO - Setting next_dagrun for example_sensors to None, run_after=None
[2026-02-24T18:20:00.376+0000] {processor.py:208} INFO - Processing /home/ubuntu/airflow-venv/lib/python3.12/site-packages/airflow/example_dags/example_sensors.py took 0.057 seconds
