[2026-02-24T17:59:07.636+0000] {processor.py:186} INFO - Started process (PID=43647) to work on /home/ubuntu/airflow-venv/lib/python3.12/site-packages/airflow/example_dags/example_time_delta_sensor_async.py
[2026-02-24T17:59:07.637+0000] {processor.py:914} INFO - Processing file /home/ubuntu/airflow-venv/lib/python3.12/site-packages/airflow/example_dags/example_time_delta_sensor_async.py for tasks to queue
[2026-02-24T17:59:07.639+0000] {logging_mixin.py:190} INFO - [2026-02-24T17:59:07.638+0000] {dagbag.py:588} INFO - Filling up the DagBag from /home/ubuntu/airflow-venv/lib/python3.12/site-packages/airflow/example_dags/example_time_delta_sensor_async.py
[2026-02-24T17:59:07.643+0000] {processor.py:925} INFO - DAG(s) 'example_time_delta_sensor_async' retrieved from /home/ubuntu/airflow-venv/lib/python3.12/site-packages/airflow/example_dags/example_time_delta_sensor_async.py
[2026-02-24T17:59:07.719+0000] {logging_mixin.py:190} INFO - [2026-02-24T17:59:07.719+0000] {override.py:1900} INFO - Created Permission View: can edit on DAG:example_time_delta_sensor_async
[2026-02-24T17:59:07.730+0000] {logging_mixin.py:190} INFO - [2026-02-24T17:59:07.730+0000] {override.py:1900} INFO - Created Permission View: can delete on DAG:example_time_delta_sensor_async
[2026-02-24T17:59:07.738+0000] {logging_mixin.py:190} INFO - [2026-02-24T17:59:07.738+0000] {override.py:1900} INFO - Created Permission View: can read on DAG:example_time_delta_sensor_async
[2026-02-24T17:59:07.753+0000] {logging_mixin.py:190} INFO - [2026-02-24T17:59:07.753+0000] {override.py:1900} INFO - Created Permission View: can delete on DAG Run:example_time_delta_sensor_async
[2026-02-24T17:59:07.761+0000] {logging_mixin.py:190} INFO - [2026-02-24T17:59:07.761+0000] {override.py:1900} INFO - Created Permission View: menu access on DAG Run:example_time_delta_sensor_async
[2026-02-24T17:59:07.769+0000] {logging_mixin.py:190} INFO - [2026-02-24T17:59:07.769+0000] {override.py:1900} INFO - Created Permission View: can create on DAG Run:example_time_delta_sensor_async
[2026-02-24T17:59:07.778+0000] {logging_mixin.py:190} INFO - [2026-02-24T17:59:07.778+0000] {override.py:1900} INFO - Created Permission View: can read on DAG Run:example_time_delta_sensor_async
[2026-02-24T17:59:07.778+0000] {logging_mixin.py:190} INFO - [2026-02-24T17:59:07.778+0000] {dag.py:3239} INFO - Sync 1 DAGs
[2026-02-24T17:59:07.787+0000] {logging_mixin.py:190} INFO - [2026-02-24T17:59:07.787+0000] {dag.py:3262} INFO - Creating ORM DAG for example_time_delta_sensor_async
[2026-02-24T17:59:07.788+0000] {logging_mixin.py:190} INFO - [2026-02-24T17:59:07.788+0000] {dag.py:4180} INFO - Setting next_dagrun for example_time_delta_sensor_async to None, run_after=None
[2026-02-24T17:59:07.803+0000] {processor.py:208} INFO - Processing /home/ubuntu/airflow-venv/lib/python3.12/site-packages/airflow/example_dags/example_time_delta_sensor_async.py took 0.171 seconds
[2026-02-24T18:00:08.692+0000] {processor.py:186} INFO - Started process (PID=43704) to work on /home/ubuntu/airflow-venv/lib/python3.12/site-packages/airflow/example_dags/example_time_delta_sensor_async.py
[2026-02-24T18:00:08.693+0000] {processor.py:914} INFO - Processing file /home/ubuntu/airflow-venv/lib/python3.12/site-packages/airflow/example_dags/example_time_delta_sensor_async.py for tasks to queue
[2026-02-24T18:00:08.695+0000] {logging_mixin.py:190} INFO - [2026-02-24T18:00:08.695+0000] {dagbag.py:588} INFO - Filling up the DagBag from /home/ubuntu/airflow-venv/lib/python3.12/site-packages/airflow/example_dags/example_time_delta_sensor_async.py
[2026-02-24T18:00:08.700+0000] {processor.py:925} INFO - DAG(s) 'example_time_delta_sensor_async' retrieved from /home/ubuntu/airflow-venv/lib/python3.12/site-packages/airflow/example_dags/example_time_delta_sensor_async.py
[2026-02-24T18:00:08.712+0000] {logging_mixin.py:190} INFO - [2026-02-24T18:00:08.711+0000] {dag.py:3239} INFO - Sync 1 DAGs
[2026-02-24T18:00:08.721+0000] {logging_mixin.py:190} INFO - [2026-02-24T18:00:08.720+0000] {dag.py:4180} INFO - Setting next_dagrun for example_time_delta_sensor_async to None, run_after=None
[2026-02-24T18:00:08.739+0000] {processor.py:208} INFO - Processing /home/ubuntu/airflow-venv/lib/python3.12/site-packages/airflow/example_dags/example_time_delta_sensor_async.py took 0.052 seconds
[2026-02-24T18:01:01.107+0000] {processor.py:186} INFO - Started process (PID=43768) to work on /home/ubuntu/airflow-venv/lib/python3.12/site-packages/airflow/example_dags/example_time_delta_sensor_async.py
[2026-02-24T18:01:01.108+0000] {processor.py:914} INFO - Processing file /home/ubuntu/airflow-venv/lib/python3.12/site-packages/airflow/example_dags/example_time_delta_sensor_async.py for tasks to queue
[2026-02-24T18:01:01.110+0000] {logging_mixin.py:190} INFO - [2026-02-24T18:01:01.110+0000] {dagbag.py:588} INFO - Filling up the DagBag from /home/ubuntu/airflow-venv/lib/python3.12/site-packages/airflow/example_dags/example_time_delta_sensor_async.py
[2026-02-24T18:01:01.115+0000] {processor.py:925} INFO - DAG(s) 'example_time_delta_sensor_async' retrieved from /home/ubuntu/airflow-venv/lib/python3.12/site-packages/airflow/example_dags/example_time_delta_sensor_async.py
[2026-02-24T18:01:01.126+0000] {logging_mixin.py:190} INFO - [2026-02-24T18:01:01.126+0000] {dag.py:3239} INFO - Sync 1 DAGs
[2026-02-24T18:01:01.135+0000] {logging_mixin.py:190} INFO - [2026-02-24T18:01:01.135+0000] {dag.py:4180} INFO - Setting next_dagrun for example_time_delta_sensor_async to None, run_after=None
[2026-02-24T18:01:01.152+0000] {processor.py:208} INFO - Processing /home/ubuntu/airflow-venv/lib/python3.12/site-packages/airflow/example_dags/example_time_delta_sensor_async.py took 0.050 seconds
[2026-02-24T18:01:51.298+0000] {processor.py:186} INFO - Started process (PID=43818) to work on /home/ubuntu/airflow-venv/lib/python3.12/site-packages/airflow/example_dags/example_time_delta_sensor_async.py
[2026-02-24T18:01:51.300+0000] {processor.py:914} INFO - Processing file /home/ubuntu/airflow-venv/lib/python3.12/site-packages/airflow/example_dags/example_time_delta_sensor_async.py for tasks to queue
[2026-02-24T18:01:51.302+0000] {logging_mixin.py:190} INFO - [2026-02-24T18:01:51.301+0000] {dagbag.py:588} INFO - Filling up the DagBag from /home/ubuntu/airflow-venv/lib/python3.12/site-packages/airflow/example_dags/example_time_delta_sensor_async.py
[2026-02-24T18:01:51.307+0000] {processor.py:925} INFO - DAG(s) 'example_time_delta_sensor_async' retrieved from /home/ubuntu/airflow-venv/lib/python3.12/site-packages/airflow/example_dags/example_time_delta_sensor_async.py
[2026-02-24T18:01:51.318+0000] {logging_mixin.py:190} INFO - [2026-02-24T18:01:51.318+0000] {dag.py:3239} INFO - Sync 1 DAGs
[2026-02-24T18:01:51.327+0000] {logging_mixin.py:190} INFO - [2026-02-24T18:01:51.327+0000] {dag.py:4180} INFO - Setting next_dagrun for example_time_delta_sensor_async to None, run_after=None
[2026-02-24T18:01:51.346+0000] {processor.py:208} INFO - Processing /home/ubuntu/airflow-venv/lib/python3.12/site-packages/airflow/example_dags/example_time_delta_sensor_async.py took 0.052 seconds
[2026-02-24T18:02:46.582+0000] {processor.py:186} INFO - Started process (PID=44245) to work on /home/ubuntu/airflow-venv/lib/python3.12/site-packages/airflow/example_dags/example_time_delta_sensor_async.py
[2026-02-24T18:02:46.584+0000] {processor.py:914} INFO - Processing file /home/ubuntu/airflow-venv/lib/python3.12/site-packages/airflow/example_dags/example_time_delta_sensor_async.py for tasks to queue
[2026-02-24T18:02:46.585+0000] {logging_mixin.py:190} INFO - [2026-02-24T18:02:46.585+0000] {dagbag.py:588} INFO - Filling up the DagBag from /home/ubuntu/airflow-venv/lib/python3.12/site-packages/airflow/example_dags/example_time_delta_sensor_async.py
[2026-02-24T18:02:46.590+0000] {processor.py:925} INFO - DAG(s) 'example_time_delta_sensor_async' retrieved from /home/ubuntu/airflow-venv/lib/python3.12/site-packages/airflow/example_dags/example_time_delta_sensor_async.py
[2026-02-24T18:02:46.601+0000] {logging_mixin.py:190} INFO - [2026-02-24T18:02:46.601+0000] {dag.py:3239} INFO - Sync 1 DAGs
[2026-02-24T18:02:46.610+0000] {logging_mixin.py:190} INFO - [2026-02-24T18:02:46.610+0000] {dag.py:4180} INFO - Setting next_dagrun for example_time_delta_sensor_async to None, run_after=None
[2026-02-24T18:02:46.629+0000] {processor.py:208} INFO - Processing /home/ubuntu/airflow-venv/lib/python3.12/site-packages/airflow/example_dags/example_time_delta_sensor_async.py took 0.050 seconds
[2026-02-24T18:03:38.276+0000] {processor.py:186} INFO - Started process (PID=44301) to work on /home/ubuntu/airflow-venv/lib/python3.12/site-packages/airflow/example_dags/example_time_delta_sensor_async.py
[2026-02-24T18:03:38.277+0000] {processor.py:914} INFO - Processing file /home/ubuntu/airflow-venv/lib/python3.12/site-packages/airflow/example_dags/example_time_delta_sensor_async.py for tasks to queue
[2026-02-24T18:03:38.279+0000] {logging_mixin.py:190} INFO - [2026-02-24T18:03:38.279+0000] {dagbag.py:588} INFO - Filling up the DagBag from /home/ubuntu/airflow-venv/lib/python3.12/site-packages/airflow/example_dags/example_time_delta_sensor_async.py
[2026-02-24T18:03:38.284+0000] {processor.py:925} INFO - DAG(s) 'example_time_delta_sensor_async' retrieved from /home/ubuntu/airflow-venv/lib/python3.12/site-packages/airflow/example_dags/example_time_delta_sensor_async.py
[2026-02-24T18:03:38.295+0000] {logging_mixin.py:190} INFO - [2026-02-24T18:03:38.295+0000] {dag.py:3239} INFO - Sync 1 DAGs
[2026-02-24T18:03:38.304+0000] {logging_mixin.py:190} INFO - [2026-02-24T18:03:38.303+0000] {dag.py:4180} INFO - Setting next_dagrun for example_time_delta_sensor_async to None, run_after=None
[2026-02-24T18:03:38.321+0000] {processor.py:208} INFO - Processing /home/ubuntu/airflow-venv/lib/python3.12/site-packages/airflow/example_dags/example_time_delta_sensor_async.py took 0.049 seconds
[2026-02-24T18:04:25.556+0000] {processor.py:186} INFO - Started process (PID=44718) to work on /home/ubuntu/airflow-venv/lib/python3.12/site-packages/airflow/example_dags/example_time_delta_sensor_async.py
[2026-02-24T18:04:25.557+0000] {processor.py:914} INFO - Processing file /home/ubuntu/airflow-venv/lib/python3.12/site-packages/airflow/example_dags/example_time_delta_sensor_async.py for tasks to queue
[2026-02-24T18:04:25.559+0000] {logging_mixin.py:190} INFO - [2026-02-24T18:04:25.559+0000] {dagbag.py:588} INFO - Filling up the DagBag from /home/ubuntu/airflow-venv/lib/python3.12/site-packages/airflow/example_dags/example_time_delta_sensor_async.py
[2026-02-24T18:04:25.564+0000] {processor.py:925} INFO - DAG(s) 'example_time_delta_sensor_async' retrieved from /home/ubuntu/airflow-venv/lib/python3.12/site-packages/airflow/example_dags/example_time_delta_sensor_async.py
[2026-02-24T18:04:25.575+0000] {logging_mixin.py:190} INFO - [2026-02-24T18:04:25.575+0000] {dag.py:3239} INFO - Sync 1 DAGs
[2026-02-24T18:04:25.584+0000] {logging_mixin.py:190} INFO - [2026-02-24T18:04:25.584+0000] {dag.py:4180} INFO - Setting next_dagrun for example_time_delta_sensor_async to None, run_after=None
[2026-02-24T18:04:25.602+0000] {processor.py:208} INFO - Processing /home/ubuntu/airflow-venv/lib/python3.12/site-packages/airflow/example_dags/example_time_delta_sensor_async.py took 0.051 seconds
[2026-02-24T18:05:16.402+0000] {processor.py:186} INFO - Started process (PID=44773) to work on /home/ubuntu/airflow-venv/lib/python3.12/site-packages/airflow/example_dags/example_time_delta_sensor_async.py
[2026-02-24T18:05:16.403+0000] {processor.py:914} INFO - Processing file /home/ubuntu/airflow-venv/lib/python3.12/site-packages/airflow/example_dags/example_time_delta_sensor_async.py for tasks to queue
[2026-02-24T18:05:16.405+0000] {logging_mixin.py:190} INFO - [2026-02-24T18:05:16.405+0000] {dagbag.py:588} INFO - Filling up the DagBag from /home/ubuntu/airflow-venv/lib/python3.12/site-packages/airflow/example_dags/example_time_delta_sensor_async.py
[2026-02-24T18:05:16.411+0000] {processor.py:925} INFO - DAG(s) 'example_time_delta_sensor_async' retrieved from /home/ubuntu/airflow-venv/lib/python3.12/site-packages/airflow/example_dags/example_time_delta_sensor_async.py
[2026-02-24T18:05:16.423+0000] {logging_mixin.py:190} INFO - [2026-02-24T18:05:16.422+0000] {dag.py:3239} INFO - Sync 1 DAGs
[2026-02-24T18:05:16.523+0000] {logging_mixin.py:190} INFO - [2026-02-24T18:05:16.523+0000] {dag.py:4180} INFO - Setting next_dagrun for example_time_delta_sensor_async to None, run_after=None
[2026-02-24T18:05:16.540+0000] {processor.py:208} INFO - Processing /home/ubuntu/airflow-venv/lib/python3.12/site-packages/airflow/example_dags/example_time_delta_sensor_async.py took 0.142 seconds
[2026-02-24T18:06:11.675+0000] {processor.py:186} INFO - Started process (PID=44836) to work on /home/ubuntu/airflow-venv/lib/python3.12/site-packages/airflow/example_dags/example_time_delta_sensor_async.py
[2026-02-24T18:06:11.676+0000] {processor.py:914} INFO - Processing file /home/ubuntu/airflow-venv/lib/python3.12/site-packages/airflow/example_dags/example_time_delta_sensor_async.py for tasks to queue
[2026-02-24T18:06:11.678+0000] {logging_mixin.py:190} INFO - [2026-02-24T18:06:11.677+0000] {dagbag.py:588} INFO - Filling up the DagBag from /home/ubuntu/airflow-venv/lib/python3.12/site-packages/airflow/example_dags/example_time_delta_sensor_async.py
[2026-02-24T18:06:11.683+0000] {processor.py:925} INFO - DAG(s) 'example_time_delta_sensor_async' retrieved from /home/ubuntu/airflow-venv/lib/python3.12/site-packages/airflow/example_dags/example_time_delta_sensor_async.py
[2026-02-24T18:06:11.694+0000] {logging_mixin.py:190} INFO - [2026-02-24T18:06:11.694+0000] {dag.py:3239} INFO - Sync 1 DAGs
[2026-02-24T18:06:11.703+0000] {logging_mixin.py:190} INFO - [2026-02-24T18:06:11.703+0000] {dag.py:4180} INFO - Setting next_dagrun for example_time_delta_sensor_async to None, run_after=None
[2026-02-24T18:06:11.721+0000] {processor.py:208} INFO - Processing /home/ubuntu/airflow-venv/lib/python3.12/site-packages/airflow/example_dags/example_time_delta_sensor_async.py took 0.051 seconds
[2026-02-24T18:07:07.878+0000] {processor.py:186} INFO - Started process (PID=44893) to work on /home/ubuntu/airflow-venv/lib/python3.12/site-packages/airflow/example_dags/example_time_delta_sensor_async.py
[2026-02-24T18:07:07.880+0000] {processor.py:914} INFO - Processing file /home/ubuntu/airflow-venv/lib/python3.12/site-packages/airflow/example_dags/example_time_delta_sensor_async.py for tasks to queue
[2026-02-24T18:07:07.882+0000] {logging_mixin.py:190} INFO - [2026-02-24T18:07:07.882+0000] {dagbag.py:588} INFO - Filling up the DagBag from /home/ubuntu/airflow-venv/lib/python3.12/site-packages/airflow/example_dags/example_time_delta_sensor_async.py
[2026-02-24T18:07:07.887+0000] {processor.py:925} INFO - DAG(s) 'example_time_delta_sensor_async' retrieved from /home/ubuntu/airflow-venv/lib/python3.12/site-packages/airflow/example_dags/example_time_delta_sensor_async.py
[2026-02-24T18:07:07.898+0000] {logging_mixin.py:190} INFO - [2026-02-24T18:07:07.898+0000] {dag.py:3239} INFO - Sync 1 DAGs
[2026-02-24T18:07:07.907+0000] {logging_mixin.py:190} INFO - [2026-02-24T18:07:07.907+0000] {dag.py:4180} INFO - Setting next_dagrun for example_time_delta_sensor_async to None, run_after=None
[2026-02-24T18:07:07.925+0000] {processor.py:208} INFO - Processing /home/ubuntu/airflow-venv/lib/python3.12/site-packages/airflow/example_dags/example_time_delta_sensor_async.py took 0.050 seconds
[2026-02-24T18:07:56.417+0000] {processor.py:186} INFO - Started process (PID=44945) to work on /home/ubuntu/airflow-venv/lib/python3.12/site-packages/airflow/example_dags/example_time_delta_sensor_async.py
[2026-02-24T18:07:56.419+0000] {processor.py:914} INFO - Processing file /home/ubuntu/airflow-venv/lib/python3.12/site-packages/airflow/example_dags/example_time_delta_sensor_async.py for tasks to queue
[2026-02-24T18:07:56.421+0000] {logging_mixin.py:190} INFO - [2026-02-24T18:07:56.420+0000] {dagbag.py:588} INFO - Filling up the DagBag from /home/ubuntu/airflow-venv/lib/python3.12/site-packages/airflow/example_dags/example_time_delta_sensor_async.py
[2026-02-24T18:07:56.427+0000] {processor.py:925} INFO - DAG(s) 'example_time_delta_sensor_async' retrieved from /home/ubuntu/airflow-venv/lib/python3.12/site-packages/airflow/example_dags/example_time_delta_sensor_async.py
[2026-02-24T18:07:56.438+0000] {logging_mixin.py:190} INFO - [2026-02-24T18:07:56.438+0000] {dag.py:3239} INFO - Sync 1 DAGs
[2026-02-24T18:07:56.447+0000] {logging_mixin.py:190} INFO - [2026-02-24T18:07:56.447+0000] {dag.py:4180} INFO - Setting next_dagrun for example_time_delta_sensor_async to None, run_after=None
[2026-02-24T18:07:56.465+0000] {processor.py:208} INFO - Processing /home/ubuntu/airflow-venv/lib/python3.12/site-packages/airflow/example_dags/example_time_delta_sensor_async.py took 0.052 seconds
[2026-02-24T18:08:46.625+0000] {processor.py:186} INFO - Started process (PID=44997) to work on /home/ubuntu/airflow-venv/lib/python3.12/site-packages/airflow/example_dags/example_time_delta_sensor_async.py
[2026-02-24T18:08:46.626+0000] {processor.py:914} INFO - Processing file /home/ubuntu/airflow-venv/lib/python3.12/site-packages/airflow/example_dags/example_time_delta_sensor_async.py for tasks to queue
[2026-02-24T18:08:46.628+0000] {logging_mixin.py:190} INFO - [2026-02-24T18:08:46.628+0000] {dagbag.py:588} INFO - Filling up the DagBag from /home/ubuntu/airflow-venv/lib/python3.12/site-packages/airflow/example_dags/example_time_delta_sensor_async.py
[2026-02-24T18:08:46.634+0000] {processor.py:925} INFO - DAG(s) 'example_time_delta_sensor_async' retrieved from /home/ubuntu/airflow-venv/lib/python3.12/site-packages/airflow/example_dags/example_time_delta_sensor_async.py
[2026-02-24T18:08:46.645+0000] {logging_mixin.py:190} INFO - [2026-02-24T18:08:46.645+0000] {dag.py:3239} INFO - Sync 1 DAGs
[2026-02-24T18:08:46.654+0000] {logging_mixin.py:190} INFO - [2026-02-24T18:08:46.654+0000] {dag.py:4180} INFO - Setting next_dagrun for example_time_delta_sensor_async to None, run_after=None
[2026-02-24T18:08:46.671+0000] {processor.py:208} INFO - Processing /home/ubuntu/airflow-venv/lib/python3.12/site-packages/airflow/example_dags/example_time_delta_sensor_async.py took 0.051 seconds
[2026-02-24T18:09:34.026+0000] {processor.py:186} INFO - Started process (PID=45048) to work on /home/ubuntu/airflow-venv/lib/python3.12/site-packages/airflow/example_dags/example_time_delta_sensor_async.py
[2026-02-24T18:09:34.028+0000] {processor.py:914} INFO - Processing file /home/ubuntu/airflow-venv/lib/python3.12/site-packages/airflow/example_dags/example_time_delta_sensor_async.py for tasks to queue
[2026-02-24T18:09:34.030+0000] {logging_mixin.py:190} INFO - [2026-02-24T18:09:34.030+0000] {dagbag.py:588} INFO - Filling up the DagBag from /home/ubuntu/airflow-venv/lib/python3.12/site-packages/airflow/example_dags/example_time_delta_sensor_async.py
[2026-02-24T18:09:34.035+0000] {processor.py:925} INFO - DAG(s) 'example_time_delta_sensor_async' retrieved from /home/ubuntu/airflow-venv/lib/python3.12/site-packages/airflow/example_dags/example_time_delta_sensor_async.py
[2026-02-24T18:09:34.047+0000] {logging_mixin.py:190} INFO - [2026-02-24T18:09:34.047+0000] {dag.py:3239} INFO - Sync 1 DAGs
[2026-02-24T18:09:34.056+0000] {logging_mixin.py:190} INFO - [2026-02-24T18:09:34.055+0000] {dag.py:4180} INFO - Setting next_dagrun for example_time_delta_sensor_async to None, run_after=None
[2026-02-24T18:09:34.074+0000] {processor.py:208} INFO - Processing /home/ubuntu/airflow-venv/lib/python3.12/site-packages/airflow/example_dags/example_time_delta_sensor_async.py took 0.052 seconds
[2026-02-24T18:10:26.496+0000] {processor.py:186} INFO - Started process (PID=45105) to work on /home/ubuntu/airflow-venv/lib/python3.12/site-packages/airflow/example_dags/example_time_delta_sensor_async.py
[2026-02-24T18:10:26.497+0000] {processor.py:914} INFO - Processing file /home/ubuntu/airflow-venv/lib/python3.12/site-packages/airflow/example_dags/example_time_delta_sensor_async.py for tasks to queue
[2026-02-24T18:10:26.500+0000] {logging_mixin.py:190} INFO - [2026-02-24T18:10:26.499+0000] {dagbag.py:588} INFO - Filling up the DagBag from /home/ubuntu/airflow-venv/lib/python3.12/site-packages/airflow/example_dags/example_time_delta_sensor_async.py
[2026-02-24T18:10:26.504+0000] {processor.py:925} INFO - DAG(s) 'example_time_delta_sensor_async' retrieved from /home/ubuntu/airflow-venv/lib/python3.12/site-packages/airflow/example_dags/example_time_delta_sensor_async.py
[2026-02-24T18:10:26.516+0000] {logging_mixin.py:190} INFO - [2026-02-24T18:10:26.516+0000] {dag.py:3239} INFO - Sync 1 DAGs
[2026-02-24T18:10:26.525+0000] {logging_mixin.py:190} INFO - [2026-02-24T18:10:26.524+0000] {dag.py:4180} INFO - Setting next_dagrun for example_time_delta_sensor_async to None, run_after=None
[2026-02-24T18:10:26.543+0000] {processor.py:208} INFO - Processing /home/ubuntu/airflow-venv/lib/python3.12/site-packages/airflow/example_dags/example_time_delta_sensor_async.py took 0.051 seconds
[2026-02-24T18:11:16.515+0000] {processor.py:186} INFO - Started process (PID=45158) to work on /home/ubuntu/airflow-venv/lib/python3.12/site-packages/airflow/example_dags/example_time_delta_sensor_async.py
[2026-02-24T18:11:16.516+0000] {processor.py:914} INFO - Processing file /home/ubuntu/airflow-venv/lib/python3.12/site-packages/airflow/example_dags/example_time_delta_sensor_async.py for tasks to queue
[2026-02-24T18:11:16.518+0000] {logging_mixin.py:190} INFO - [2026-02-24T18:11:16.518+0000] {dagbag.py:588} INFO - Filling up the DagBag from /home/ubuntu/airflow-venv/lib/python3.12/site-packages/airflow/example_dags/example_time_delta_sensor_async.py
[2026-02-24T18:11:16.524+0000] {processor.py:925} INFO - DAG(s) 'example_time_delta_sensor_async' retrieved from /home/ubuntu/airflow-venv/lib/python3.12/site-packages/airflow/example_dags/example_time_delta_sensor_async.py
[2026-02-24T18:11:16.535+0000] {logging_mixin.py:190} INFO - [2026-02-24T18:11:16.535+0000] {dag.py:3239} INFO - Sync 1 DAGs
[2026-02-24T18:11:16.544+0000] {logging_mixin.py:190} INFO - [2026-02-24T18:11:16.544+0000] {dag.py:4180} INFO - Setting next_dagrun for example_time_delta_sensor_async to None, run_after=None
[2026-02-24T18:11:16.563+0000] {processor.py:208} INFO - Processing /home/ubuntu/airflow-venv/lib/python3.12/site-packages/airflow/example_dags/example_time_delta_sensor_async.py took 0.053 seconds
[2026-02-24T18:12:08.200+0000] {processor.py:186} INFO - Started process (PID=45211) to work on /home/ubuntu/airflow-venv/lib/python3.12/site-packages/airflow/example_dags/example_time_delta_sensor_async.py
[2026-02-24T18:12:08.201+0000] {processor.py:914} INFO - Processing file /home/ubuntu/airflow-venv/lib/python3.12/site-packages/airflow/example_dags/example_time_delta_sensor_async.py for tasks to queue
[2026-02-24T18:12:08.203+0000] {logging_mixin.py:190} INFO - [2026-02-24T18:12:08.203+0000] {dagbag.py:588} INFO - Filling up the DagBag from /home/ubuntu/airflow-venv/lib/python3.12/site-packages/airflow/example_dags/example_time_delta_sensor_async.py
[2026-02-24T18:12:08.208+0000] {processor.py:925} INFO - DAG(s) 'example_time_delta_sensor_async' retrieved from /home/ubuntu/airflow-venv/lib/python3.12/site-packages/airflow/example_dags/example_time_delta_sensor_async.py
[2026-02-24T18:12:08.220+0000] {logging_mixin.py:190} INFO - [2026-02-24T18:12:08.219+0000] {dag.py:3239} INFO - Sync 1 DAGs
[2026-02-24T18:12:08.229+0000] {logging_mixin.py:190} INFO - [2026-02-24T18:12:08.228+0000] {dag.py:4180} INFO - Setting next_dagrun for example_time_delta_sensor_async to None, run_after=None
[2026-02-24T18:12:08.247+0000] {processor.py:208} INFO - Processing /home/ubuntu/airflow-venv/lib/python3.12/site-packages/airflow/example_dags/example_time_delta_sensor_async.py took 0.052 seconds
[2026-02-24T18:12:58.486+0000] {processor.py:186} INFO - Started process (PID=45263) to work on /home/ubuntu/airflow-venv/lib/python3.12/site-packages/airflow/example_dags/example_time_delta_sensor_async.py
[2026-02-24T18:12:58.488+0000] {processor.py:914} INFO - Processing file /home/ubuntu/airflow-venv/lib/python3.12/site-packages/airflow/example_dags/example_time_delta_sensor_async.py for tasks to queue
[2026-02-24T18:12:58.490+0000] {logging_mixin.py:190} INFO - [2026-02-24T18:12:58.490+0000] {dagbag.py:588} INFO - Filling up the DagBag from /home/ubuntu/airflow-venv/lib/python3.12/site-packages/airflow/example_dags/example_time_delta_sensor_async.py
[2026-02-24T18:12:58.495+0000] {processor.py:925} INFO - DAG(s) 'example_time_delta_sensor_async' retrieved from /home/ubuntu/airflow-venv/lib/python3.12/site-packages/airflow/example_dags/example_time_delta_sensor_async.py
[2026-02-24T18:12:58.507+0000] {logging_mixin.py:190} INFO - [2026-02-24T18:12:58.507+0000] {dag.py:3239} INFO - Sync 1 DAGs
[2026-02-24T18:12:58.516+0000] {logging_mixin.py:190} INFO - [2026-02-24T18:12:58.516+0000] {dag.py:4180} INFO - Setting next_dagrun for example_time_delta_sensor_async to None, run_after=None
[2026-02-24T18:12:58.534+0000] {processor.py:208} INFO - Processing /home/ubuntu/airflow-venv/lib/python3.12/site-packages/airflow/example_dags/example_time_delta_sensor_async.py took 0.052 seconds
[2026-02-24T18:13:48.714+0000] {processor.py:186} INFO - Started process (PID=45316) to work on /home/ubuntu/airflow-venv/lib/python3.12/site-packages/airflow/example_dags/example_time_delta_sensor_async.py
[2026-02-24T18:13:48.715+0000] {processor.py:914} INFO - Processing file /home/ubuntu/airflow-venv/lib/python3.12/site-packages/airflow/example_dags/example_time_delta_sensor_async.py for tasks to queue
[2026-02-24T18:13:48.718+0000] {logging_mixin.py:190} INFO - [2026-02-24T18:13:48.717+0000] {dagbag.py:588} INFO - Filling up the DagBag from /home/ubuntu/airflow-venv/lib/python3.12/site-packages/airflow/example_dags/example_time_delta_sensor_async.py
[2026-02-24T18:13:48.723+0000] {processor.py:925} INFO - DAG(s) 'example_time_delta_sensor_async' retrieved from /home/ubuntu/airflow-venv/lib/python3.12/site-packages/airflow/example_dags/example_time_delta_sensor_async.py
[2026-02-24T18:13:48.735+0000] {logging_mixin.py:190} INFO - [2026-02-24T18:13:48.734+0000] {dag.py:3239} INFO - Sync 1 DAGs
[2026-02-24T18:13:48.744+0000] {logging_mixin.py:190} INFO - [2026-02-24T18:13:48.743+0000] {dag.py:4180} INFO - Setting next_dagrun for example_time_delta_sensor_async to None, run_after=None
[2026-02-24T18:13:48.762+0000] {processor.py:208} INFO - Processing /home/ubuntu/airflow-venv/lib/python3.12/site-packages/airflow/example_dags/example_time_delta_sensor_async.py took 0.052 seconds
[2026-02-24T18:14:37.261+0000] {processor.py:186} INFO - Started process (PID=45367) to work on /home/ubuntu/airflow-venv/lib/python3.12/site-packages/airflow/example_dags/example_time_delta_sensor_async.py
[2026-02-24T18:14:37.262+0000] {processor.py:914} INFO - Processing file /home/ubuntu/airflow-venv/lib/python3.12/site-packages/airflow/example_dags/example_time_delta_sensor_async.py for tasks to queue
[2026-02-24T18:14:37.264+0000] {logging_mixin.py:190} INFO - [2026-02-24T18:14:37.264+0000] {dagbag.py:588} INFO - Filling up the DagBag from /home/ubuntu/airflow-venv/lib/python3.12/site-packages/airflow/example_dags/example_time_delta_sensor_async.py
[2026-02-24T18:14:37.270+0000] {processor.py:925} INFO - DAG(s) 'example_time_delta_sensor_async' retrieved from /home/ubuntu/airflow-venv/lib/python3.12/site-packages/airflow/example_dags/example_time_delta_sensor_async.py
[2026-02-24T18:14:37.281+0000] {logging_mixin.py:190} INFO - [2026-02-24T18:14:37.281+0000] {dag.py:3239} INFO - Sync 1 DAGs
[2026-02-24T18:14:37.290+0000] {logging_mixin.py:190} INFO - [2026-02-24T18:14:37.290+0000] {dag.py:4180} INFO - Setting next_dagrun for example_time_delta_sensor_async to None, run_after=None
[2026-02-24T18:14:37.308+0000] {processor.py:208} INFO - Processing /home/ubuntu/airflow-venv/lib/python3.12/site-packages/airflow/example_dags/example_time_delta_sensor_async.py took 0.052 seconds
[2026-02-24T18:15:27.398+0000] {processor.py:186} INFO - Started process (PID=45423) to work on /home/ubuntu/airflow-venv/lib/python3.12/site-packages/airflow/example_dags/example_time_delta_sensor_async.py
[2026-02-24T18:15:27.400+0000] {processor.py:914} INFO - Processing file /home/ubuntu/airflow-venv/lib/python3.12/site-packages/airflow/example_dags/example_time_delta_sensor_async.py for tasks to queue
[2026-02-24T18:15:27.401+0000] {logging_mixin.py:190} INFO - [2026-02-24T18:15:27.401+0000] {dagbag.py:588} INFO - Filling up the DagBag from /home/ubuntu/airflow-venv/lib/python3.12/site-packages/airflow/example_dags/example_time_delta_sensor_async.py
[2026-02-24T18:15:27.407+0000] {processor.py:925} INFO - DAG(s) 'example_time_delta_sensor_async' retrieved from /home/ubuntu/airflow-venv/lib/python3.12/site-packages/airflow/example_dags/example_time_delta_sensor_async.py
[2026-02-24T18:15:27.418+0000] {logging_mixin.py:190} INFO - [2026-02-24T18:15:27.418+0000] {dag.py:3239} INFO - Sync 1 DAGs
[2026-02-24T18:15:27.427+0000] {logging_mixin.py:190} INFO - [2026-02-24T18:15:27.427+0000] {dag.py:4180} INFO - Setting next_dagrun for example_time_delta_sensor_async to None, run_after=None
[2026-02-24T18:15:27.445+0000] {processor.py:208} INFO - Processing /home/ubuntu/airflow-venv/lib/python3.12/site-packages/airflow/example_dags/example_time_delta_sensor_async.py took 0.051 seconds
[2026-02-24T18:16:17.948+0000] {processor.py:186} INFO - Started process (PID=45476) to work on /home/ubuntu/airflow-venv/lib/python3.12/site-packages/airflow/example_dags/example_time_delta_sensor_async.py
[2026-02-24T18:16:17.950+0000] {processor.py:914} INFO - Processing file /home/ubuntu/airflow-venv/lib/python3.12/site-packages/airflow/example_dags/example_time_delta_sensor_async.py for tasks to queue
[2026-02-24T18:16:17.951+0000] {logging_mixin.py:190} INFO - [2026-02-24T18:16:17.951+0000] {dagbag.py:588} INFO - Filling up the DagBag from /home/ubuntu/airflow-venv/lib/python3.12/site-packages/airflow/example_dags/example_time_delta_sensor_async.py
[2026-02-24T18:16:17.957+0000] {processor.py:925} INFO - DAG(s) 'example_time_delta_sensor_async' retrieved from /home/ubuntu/airflow-venv/lib/python3.12/site-packages/airflow/example_dags/example_time_delta_sensor_async.py
[2026-02-24T18:16:17.968+0000] {logging_mixin.py:190} INFO - [2026-02-24T18:16:17.968+0000] {dag.py:3239} INFO - Sync 1 DAGs
[2026-02-24T18:16:17.977+0000] {logging_mixin.py:190} INFO - [2026-02-24T18:16:17.977+0000] {dag.py:4180} INFO - Setting next_dagrun for example_time_delta_sensor_async to None, run_after=None
[2026-02-24T18:16:17.996+0000] {processor.py:208} INFO - Processing /home/ubuntu/airflow-venv/lib/python3.12/site-packages/airflow/example_dags/example_time_delta_sensor_async.py took 0.051 seconds
[2026-02-24T18:17:07.855+0000] {processor.py:186} INFO - Started process (PID=45531) to work on /home/ubuntu/airflow-venv/lib/python3.12/site-packages/airflow/example_dags/example_time_delta_sensor_async.py
[2026-02-24T18:17:07.856+0000] {processor.py:914} INFO - Processing file /home/ubuntu/airflow-venv/lib/python3.12/site-packages/airflow/example_dags/example_time_delta_sensor_async.py for tasks to queue
[2026-02-24T18:17:07.858+0000] {logging_mixin.py:190} INFO - [2026-02-24T18:17:07.857+0000] {dagbag.py:588} INFO - Filling up the DagBag from /home/ubuntu/airflow-venv/lib/python3.12/site-packages/airflow/example_dags/example_time_delta_sensor_async.py
[2026-02-24T18:17:07.863+0000] {processor.py:925} INFO - DAG(s) 'example_time_delta_sensor_async' retrieved from /home/ubuntu/airflow-venv/lib/python3.12/site-packages/airflow/example_dags/example_time_delta_sensor_async.py
[2026-02-24T18:17:07.874+0000] {logging_mixin.py:190} INFO - [2026-02-24T18:17:07.874+0000] {dag.py:3239} INFO - Sync 1 DAGs
[2026-02-24T18:17:07.883+0000] {logging_mixin.py:190} INFO - [2026-02-24T18:17:07.883+0000] {dag.py:4180} INFO - Setting next_dagrun for example_time_delta_sensor_async to None, run_after=None
[2026-02-24T18:17:07.901+0000] {processor.py:208} INFO - Processing /home/ubuntu/airflow-venv/lib/python3.12/site-packages/airflow/example_dags/example_time_delta_sensor_async.py took 0.051 seconds
[2026-02-24T18:18:00.225+0000] {processor.py:186} INFO - Started process (PID=45587) to work on /home/ubuntu/airflow-venv/lib/python3.12/site-packages/airflow/example_dags/example_time_delta_sensor_async.py
[2026-02-24T18:18:00.227+0000] {processor.py:914} INFO - Processing file /home/ubuntu/airflow-venv/lib/python3.12/site-packages/airflow/example_dags/example_time_delta_sensor_async.py for tasks to queue
[2026-02-24T18:18:00.229+0000] {logging_mixin.py:190} INFO - [2026-02-24T18:18:00.228+0000] {dagbag.py:588} INFO - Filling up the DagBag from /home/ubuntu/airflow-venv/lib/python3.12/site-packages/airflow/example_dags/example_time_delta_sensor_async.py
[2026-02-24T18:18:00.234+0000] {processor.py:925} INFO - DAG(s) 'example_time_delta_sensor_async' retrieved from /home/ubuntu/airflow-venv/lib/python3.12/site-packages/airflow/example_dags/example_time_delta_sensor_async.py
[2026-02-24T18:18:00.246+0000] {logging_mixin.py:190} INFO - [2026-02-24T18:18:00.246+0000] {dag.py:3239} INFO - Sync 1 DAGs
[2026-02-24T18:18:00.255+0000] {logging_mixin.py:190} INFO - [2026-02-24T18:18:00.255+0000] {dag.py:4180} INFO - Setting next_dagrun for example_time_delta_sensor_async to None, run_after=None
[2026-02-24T18:18:00.273+0000] {processor.py:208} INFO - Processing /home/ubuntu/airflow-venv/lib/python3.12/site-packages/airflow/example_dags/example_time_delta_sensor_async.py took 0.052 seconds
[2026-02-24T18:18:51.548+0000] {processor.py:186} INFO - Started process (PID=45639) to work on /home/ubuntu/airflow-venv/lib/python3.12/site-packages/airflow/example_dags/example_time_delta_sensor_async.py
[2026-02-24T18:18:51.550+0000] {processor.py:914} INFO - Processing file /home/ubuntu/airflow-venv/lib/python3.12/site-packages/airflow/example_dags/example_time_delta_sensor_async.py for tasks to queue
[2026-02-24T18:18:51.551+0000] {logging_mixin.py:190} INFO - [2026-02-24T18:18:51.551+0000] {dagbag.py:588} INFO - Filling up the DagBag from /home/ubuntu/airflow-venv/lib/python3.12/site-packages/airflow/example_dags/example_time_delta_sensor_async.py
[2026-02-24T18:18:51.557+0000] {processor.py:925} INFO - DAG(s) 'example_time_delta_sensor_async' retrieved from /home/ubuntu/airflow-venv/lib/python3.12/site-packages/airflow/example_dags/example_time_delta_sensor_async.py
[2026-02-24T18:18:51.568+0000] {logging_mixin.py:190} INFO - [2026-02-24T18:18:51.568+0000] {dag.py:3239} INFO - Sync 1 DAGs
[2026-02-24T18:18:51.577+0000] {logging_mixin.py:190} INFO - [2026-02-24T18:18:51.577+0000] {dag.py:4180} INFO - Setting next_dagrun for example_time_delta_sensor_async to None, run_after=None
[2026-02-24T18:18:51.596+0000] {processor.py:208} INFO - Processing /home/ubuntu/airflow-venv/lib/python3.12/site-packages/airflow/example_dags/example_time_delta_sensor_async.py took 0.052 seconds
[2026-02-24T18:19:45.195+0000] {processor.py:186} INFO - Started process (PID=45694) to work on /home/ubuntu/airflow-venv/lib/python3.12/site-packages/airflow/example_dags/example_time_delta_sensor_async.py
[2026-02-24T18:19:45.196+0000] {processor.py:914} INFO - Processing file /home/ubuntu/airflow-venv/lib/python3.12/site-packages/airflow/example_dags/example_time_delta_sensor_async.py for tasks to queue
[2026-02-24T18:19:45.198+0000] {logging_mixin.py:190} INFO - [2026-02-24T18:19:45.198+0000] {dagbag.py:588} INFO - Filling up the DagBag from /home/ubuntu/airflow-venv/lib/python3.12/site-packages/airflow/example_dags/example_time_delta_sensor_async.py
[2026-02-24T18:19:45.203+0000] {processor.py:925} INFO - DAG(s) 'example_time_delta_sensor_async' retrieved from /home/ubuntu/airflow-venv/lib/python3.12/site-packages/airflow/example_dags/example_time_delta_sensor_async.py
[2026-02-24T18:19:45.214+0000] {logging_mixin.py:190} INFO - [2026-02-24T18:19:45.214+0000] {dag.py:3239} INFO - Sync 1 DAGs
[2026-02-24T18:19:45.223+0000] {logging_mixin.py:190} INFO - [2026-02-24T18:19:45.223+0000] {dag.py:4180} INFO - Setting next_dagrun for example_time_delta_sensor_async to None, run_after=None
[2026-02-24T18:19:45.241+0000] {processor.py:208} INFO - Processing /home/ubuntu/airflow-venv/lib/python3.12/site-packages/airflow/example_dags/example_time_delta_sensor_async.py took 0.051 seconds
