[2026-02-24T17:59:25.823+0000] {processor.py:186} INFO - Started process (PID=43664) to work on /home/ubuntu/airflow-venv/lib/python3.12/site-packages/airflow/example_dags/example_outlet_event_extra.py
[2026-02-24T17:59:25.824+0000] {processor.py:914} INFO - Processing file /home/ubuntu/airflow-venv/lib/python3.12/site-packages/airflow/example_dags/example_outlet_event_extra.py for tasks to queue
[2026-02-24T17:59:25.825+0000] {logging_mixin.py:190} INFO - [2026-02-24T17:59:25.825+0000] {dagbag.py:588} INFO - Filling up the DagBag from /home/ubuntu/airflow-venv/lib/python3.12/site-packages/airflow/example_dags/example_outlet_event_extra.py
[2026-02-24T17:59:25.835+0000] {processor.py:925} INFO - DAG(s) 'dataset_with_extra_by_context', 'dataset_with_extra_from_classic_operator', 'dataset_with_extra_by_yield' retrieved from /home/ubuntu/airflow-venv/lib/python3.12/site-packages/airflow/example_dags/example_outlet_event_extra.py
[2026-02-24T17:59:25.907+0000] {logging_mixin.py:190} INFO - [2026-02-24T17:59:25.907+0000] {override.py:1900} INFO - Created Permission View: can edit on DAG:dataset_with_extra_by_context
[2026-02-24T17:59:25.919+0000] {logging_mixin.py:190} INFO - [2026-02-24T17:59:25.919+0000] {override.py:1900} INFO - Created Permission View: can delete on DAG:dataset_with_extra_by_context
[2026-02-24T17:59:25.928+0000] {logging_mixin.py:190} INFO - [2026-02-24T17:59:25.928+0000] {override.py:1900} INFO - Created Permission View: can read on DAG:dataset_with_extra_by_context
[2026-02-24T17:59:25.943+0000] {logging_mixin.py:190} INFO - [2026-02-24T17:59:25.943+0000] {override.py:1900} INFO - Created Permission View: can delete on DAG Run:dataset_with_extra_by_context
[2026-02-24T17:59:25.951+0000] {logging_mixin.py:190} INFO - [2026-02-24T17:59:25.951+0000] {override.py:1900} INFO - Created Permission View: menu access on DAG Run:dataset_with_extra_by_context
[2026-02-24T17:59:25.960+0000] {logging_mixin.py:190} INFO - [2026-02-24T17:59:25.960+0000] {override.py:1900} INFO - Created Permission View: can create on DAG Run:dataset_with_extra_by_context
[2026-02-24T17:59:25.969+0000] {logging_mixin.py:190} INFO - [2026-02-24T17:59:25.969+0000] {override.py:1900} INFO - Created Permission View: can read on DAG Run:dataset_with_extra_by_context
[2026-02-24T17:59:25.990+0000] {logging_mixin.py:190} INFO - [2026-02-24T17:59:25.990+0000] {override.py:1900} INFO - Created Permission View: can edit on DAG:dataset_with_extra_from_classic_operator
[2026-02-24T17:59:25.999+0000] {logging_mixin.py:190} INFO - [2026-02-24T17:59:25.999+0000] {override.py:1900} INFO - Created Permission View: can delete on DAG:dataset_with_extra_from_classic_operator
[2026-02-24T17:59:26.007+0000] {logging_mixin.py:190} INFO - [2026-02-24T17:59:26.007+0000] {override.py:1900} INFO - Created Permission View: can read on DAG:dataset_with_extra_from_classic_operator
[2026-02-24T17:59:26.022+0000] {logging_mixin.py:190} INFO - [2026-02-24T17:59:26.022+0000] {override.py:1900} INFO - Created Permission View: can delete on DAG Run:dataset_with_extra_from_classic_operator
[2026-02-24T17:59:26.031+0000] {logging_mixin.py:190} INFO - [2026-02-24T17:59:26.031+0000] {override.py:1900} INFO - Created Permission View: menu access on DAG Run:dataset_with_extra_from_classic_operator
[2026-02-24T17:59:26.040+0000] {logging_mixin.py:190} INFO - [2026-02-24T17:59:26.040+0000] {override.py:1900} INFO - Created Permission View: can create on DAG Run:dataset_with_extra_from_classic_operator
[2026-02-24T17:59:26.049+0000] {logging_mixin.py:190} INFO - [2026-02-24T17:59:26.048+0000] {override.py:1900} INFO - Created Permission View: can read on DAG Run:dataset_with_extra_from_classic_operator
[2026-02-24T17:59:26.068+0000] {logging_mixin.py:190} INFO - [2026-02-24T17:59:26.068+0000] {override.py:1900} INFO - Created Permission View: can edit on DAG:dataset_with_extra_by_yield
[2026-02-24T17:59:26.077+0000] {logging_mixin.py:190} INFO - [2026-02-24T17:59:26.077+0000] {override.py:1900} INFO - Created Permission View: can delete on DAG:dataset_with_extra_by_yield
[2026-02-24T17:59:26.085+0000] {logging_mixin.py:190} INFO - [2026-02-24T17:59:26.085+0000] {override.py:1900} INFO - Created Permission View: can read on DAG:dataset_with_extra_by_yield
[2026-02-24T17:59:26.099+0000] {logging_mixin.py:190} INFO - [2026-02-24T17:59:26.099+0000] {override.py:1900} INFO - Created Permission View: can delete on DAG Run:dataset_with_extra_by_yield
[2026-02-24T17:59:26.107+0000] {logging_mixin.py:190} INFO - [2026-02-24T17:59:26.107+0000] {override.py:1900} INFO - Created Permission View: menu access on DAG Run:dataset_with_extra_by_yield
[2026-02-24T17:59:26.116+0000] {logging_mixin.py:190} INFO - [2026-02-24T17:59:26.115+0000] {override.py:1900} INFO - Created Permission View: can create on DAG Run:dataset_with_extra_by_yield
[2026-02-24T17:59:26.124+0000] {logging_mixin.py:190} INFO - [2026-02-24T17:59:26.124+0000] {override.py:1900} INFO - Created Permission View: can read on DAG Run:dataset_with_extra_by_yield
[2026-02-24T17:59:26.124+0000] {logging_mixin.py:190} INFO - [2026-02-24T17:59:26.124+0000] {dag.py:3239} INFO - Sync 3 DAGs
[2026-02-24T17:59:26.132+0000] {logging_mixin.py:190} INFO - [2026-02-24T17:59:26.132+0000] {dag.py:3262} INFO - Creating ORM DAG for dataset_with_extra_from_classic_operator
[2026-02-24T17:59:26.133+0000] {logging_mixin.py:190} INFO - [2026-02-24T17:59:26.132+0000] {dag.py:3262} INFO - Creating ORM DAG for dataset_with_extra_by_yield
[2026-02-24T17:59:26.133+0000] {logging_mixin.py:190} INFO - [2026-02-24T17:59:26.133+0000] {dag.py:3262} INFO - Creating ORM DAG for dataset_with_extra_by_context
[2026-02-24T17:59:26.139+0000] {logging_mixin.py:190} INFO - [2026-02-24T17:59:26.139+0000] {dag.py:4180} INFO - Setting next_dagrun for dataset_with_extra_by_context to 2026-02-23 00:00:00+00:00, run_after=2026-02-24 00:00:00+00:00
[2026-02-24T17:59:26.140+0000] {logging_mixin.py:190} INFO - [2026-02-24T17:59:26.140+0000] {dag.py:4180} INFO - Setting next_dagrun for dataset_with_extra_by_yield to 2026-02-23 00:00:00+00:00, run_after=2026-02-24 00:00:00+00:00
[2026-02-24T17:59:26.141+0000] {logging_mixin.py:190} INFO - [2026-02-24T17:59:26.141+0000] {dag.py:4180} INFO - Setting next_dagrun for dataset_with_extra_from_classic_operator to 2026-02-23 00:00:00+00:00, run_after=2026-02-24 00:00:00+00:00
[2026-02-24T17:59:26.159+0000] {processor.py:208} INFO - Processing /home/ubuntu/airflow-venv/lib/python3.12/site-packages/airflow/example_dags/example_outlet_event_extra.py took 0.339 seconds
[2026-02-24T18:00:24.114+0000] {processor.py:186} INFO - Started process (PID=43723) to work on /home/ubuntu/airflow-venv/lib/python3.12/site-packages/airflow/example_dags/example_outlet_event_extra.py
[2026-02-24T18:00:24.116+0000] {processor.py:914} INFO - Processing file /home/ubuntu/airflow-venv/lib/python3.12/site-packages/airflow/example_dags/example_outlet_event_extra.py for tasks to queue
[2026-02-24T18:00:24.117+0000] {logging_mixin.py:190} INFO - [2026-02-24T18:00:24.117+0000] {dagbag.py:588} INFO - Filling up the DagBag from /home/ubuntu/airflow-venv/lib/python3.12/site-packages/airflow/example_dags/example_outlet_event_extra.py
[2026-02-24T18:00:24.127+0000] {processor.py:925} INFO - DAG(s) 'dataset_with_extra_by_context', 'dataset_with_extra_from_classic_operator', 'dataset_with_extra_by_yield' retrieved from /home/ubuntu/airflow-venv/lib/python3.12/site-packages/airflow/example_dags/example_outlet_event_extra.py
[2026-02-24T18:00:24.142+0000] {logging_mixin.py:190} INFO - [2026-02-24T18:00:24.142+0000] {dag.py:3239} INFO - Sync 3 DAGs
[2026-02-24T18:00:24.157+0000] {logging_mixin.py:190} INFO - [2026-02-24T18:00:24.156+0000] {dag.py:4180} INFO - Setting next_dagrun for dataset_with_extra_by_context to 2026-02-23 00:00:00+00:00, run_after=2026-02-24 00:00:00+00:00
[2026-02-24T18:00:24.159+0000] {logging_mixin.py:190} INFO - [2026-02-24T18:00:24.159+0000] {dag.py:4180} INFO - Setting next_dagrun for dataset_with_extra_by_yield to 2026-02-23 00:00:00+00:00, run_after=2026-02-24 00:00:00+00:00
[2026-02-24T18:00:24.162+0000] {logging_mixin.py:190} INFO - [2026-02-24T18:00:24.161+0000] {dag.py:4180} INFO - Setting next_dagrun for dataset_with_extra_from_classic_operator to 2026-02-23 00:00:00+00:00, run_after=2026-02-24 00:00:00+00:00
[2026-02-24T18:00:24.181+0000] {processor.py:208} INFO - Processing /home/ubuntu/airflow-venv/lib/python3.12/site-packages/airflow/example_dags/example_outlet_event_extra.py took 0.071 seconds
[2026-02-24T18:01:18.792+0000] {processor.py:186} INFO - Started process (PID=43785) to work on /home/ubuntu/airflow-venv/lib/python3.12/site-packages/airflow/example_dags/example_outlet_event_extra.py
[2026-02-24T18:01:18.793+0000] {processor.py:914} INFO - Processing file /home/ubuntu/airflow-venv/lib/python3.12/site-packages/airflow/example_dags/example_outlet_event_extra.py for tasks to queue
[2026-02-24T18:01:18.794+0000] {logging_mixin.py:190} INFO - [2026-02-24T18:01:18.794+0000] {dagbag.py:588} INFO - Filling up the DagBag from /home/ubuntu/airflow-venv/lib/python3.12/site-packages/airflow/example_dags/example_outlet_event_extra.py
[2026-02-24T18:01:18.804+0000] {processor.py:925} INFO - DAG(s) 'dataset_with_extra_by_context', 'dataset_with_extra_from_classic_operator', 'dataset_with_extra_by_yield' retrieved from /home/ubuntu/airflow-venv/lib/python3.12/site-packages/airflow/example_dags/example_outlet_event_extra.py
[2026-02-24T18:01:18.818+0000] {logging_mixin.py:190} INFO - [2026-02-24T18:01:18.818+0000] {dag.py:3239} INFO - Sync 3 DAGs
[2026-02-24T18:01:18.833+0000] {logging_mixin.py:190} INFO - [2026-02-24T18:01:18.833+0000] {dag.py:4180} INFO - Setting next_dagrun for dataset_with_extra_by_context to 2026-02-23 00:00:00+00:00, run_after=2026-02-24 00:00:00+00:00
[2026-02-24T18:01:18.836+0000] {logging_mixin.py:190} INFO - [2026-02-24T18:01:18.836+0000] {dag.py:4180} INFO - Setting next_dagrun for dataset_with_extra_by_yield to 2026-02-23 00:00:00+00:00, run_after=2026-02-24 00:00:00+00:00
[2026-02-24T18:01:18.838+0000] {logging_mixin.py:190} INFO - [2026-02-24T18:01:18.838+0000] {dag.py:4180} INFO - Setting next_dagrun for dataset_with_extra_from_classic_operator to 2026-02-23 00:00:00+00:00, run_after=2026-02-24 00:00:00+00:00
[2026-02-24T18:01:18.857+0000] {processor.py:208} INFO - Processing /home/ubuntu/airflow-venv/lib/python3.12/site-packages/airflow/example_dags/example_outlet_event_extra.py took 0.070 seconds
[2026-02-24T18:02:15.122+0000] {processor.py:186} INFO - Started process (PID=44057) to work on /home/ubuntu/airflow-venv/lib/python3.12/site-packages/airflow/example_dags/example_outlet_event_extra.py
[2026-02-24T18:02:15.124+0000] {processor.py:914} INFO - Processing file /home/ubuntu/airflow-venv/lib/python3.12/site-packages/airflow/example_dags/example_outlet_event_extra.py for tasks to queue
[2026-02-24T18:02:15.125+0000] {logging_mixin.py:190} INFO - [2026-02-24T18:02:15.125+0000] {dagbag.py:588} INFO - Filling up the DagBag from /home/ubuntu/airflow-venv/lib/python3.12/site-packages/airflow/example_dags/example_outlet_event_extra.py
[2026-02-24T18:02:15.135+0000] {processor.py:925} INFO - DAG(s) 'dataset_with_extra_from_classic_operator', 'dataset_with_extra_by_yield', 'dataset_with_extra_by_context' retrieved from /home/ubuntu/airflow-venv/lib/python3.12/site-packages/airflow/example_dags/example_outlet_event_extra.py
[2026-02-24T18:02:15.149+0000] {logging_mixin.py:190} INFO - [2026-02-24T18:02:15.149+0000] {dag.py:3239} INFO - Sync 3 DAGs
[2026-02-24T18:02:15.164+0000] {logging_mixin.py:190} INFO - [2026-02-24T18:02:15.164+0000] {dag.py:4180} INFO - Setting next_dagrun for dataset_with_extra_by_context to 2026-02-23 00:00:00+00:00, run_after=2026-02-24 00:00:00+00:00
[2026-02-24T18:02:15.167+0000] {logging_mixin.py:190} INFO - [2026-02-24T18:02:15.167+0000] {dag.py:4180} INFO - Setting next_dagrun for dataset_with_extra_by_yield to 2026-02-23 00:00:00+00:00, run_after=2026-02-24 00:00:00+00:00
[2026-02-24T18:02:15.169+0000] {logging_mixin.py:190} INFO - [2026-02-24T18:02:15.168+0000] {dag.py:4180} INFO - Setting next_dagrun for dataset_with_extra_from_classic_operator to 2026-02-23 00:00:00+00:00, run_after=2026-02-24 00:00:00+00:00
[2026-02-24T18:02:15.187+0000] {processor.py:208} INFO - Processing /home/ubuntu/airflow-venv/lib/python3.12/site-packages/airflow/example_dags/example_outlet_event_extra.py took 0.069 seconds
[2026-02-24T18:03:08.323+0000] {processor.py:186} INFO - Started process (PID=44270) to work on /home/ubuntu/airflow-venv/lib/python3.12/site-packages/airflow/example_dags/example_outlet_event_extra.py
[2026-02-24T18:03:08.324+0000] {processor.py:914} INFO - Processing file /home/ubuntu/airflow-venv/lib/python3.12/site-packages/airflow/example_dags/example_outlet_event_extra.py for tasks to queue
[2026-02-24T18:03:08.326+0000] {logging_mixin.py:190} INFO - [2026-02-24T18:03:08.326+0000] {dagbag.py:588} INFO - Filling up the DagBag from /home/ubuntu/airflow-venv/lib/python3.12/site-packages/airflow/example_dags/example_outlet_event_extra.py
[2026-02-24T18:03:08.336+0000] {processor.py:925} INFO - DAG(s) 'dataset_with_extra_by_yield', 'dataset_with_extra_from_classic_operator', 'dataset_with_extra_by_context' retrieved from /home/ubuntu/airflow-venv/lib/python3.12/site-packages/airflow/example_dags/example_outlet_event_extra.py
[2026-02-24T18:03:08.350+0000] {logging_mixin.py:190} INFO - [2026-02-24T18:03:08.350+0000] {dag.py:3239} INFO - Sync 3 DAGs
[2026-02-24T18:03:08.364+0000] {logging_mixin.py:190} INFO - [2026-02-24T18:03:08.364+0000] {dag.py:4180} INFO - Setting next_dagrun for dataset_with_extra_by_context to 2026-02-23 00:00:00+00:00, run_after=2026-02-24 00:00:00+00:00
[2026-02-24T18:03:08.367+0000] {logging_mixin.py:190} INFO - [2026-02-24T18:03:08.367+0000] {dag.py:4180} INFO - Setting next_dagrun for dataset_with_extra_by_yield to 2026-02-23 00:00:00+00:00, run_after=2026-02-24 00:00:00+00:00
[2026-02-24T18:03:08.368+0000] {logging_mixin.py:190} INFO - [2026-02-24T18:03:08.368+0000] {dag.py:4180} INFO - Setting next_dagrun for dataset_with_extra_from_classic_operator to 2026-02-23 00:00:00+00:00, run_after=2026-02-24 00:00:00+00:00
[2026-02-24T18:03:08.387+0000] {processor.py:208} INFO - Processing /home/ubuntu/airflow-venv/lib/python3.12/site-packages/airflow/example_dags/example_outlet_event_extra.py took 0.068 seconds
[2026-02-24T18:03:57.572+0000] {processor.py:186} INFO - Started process (PID=44323) to work on /home/ubuntu/airflow-venv/lib/python3.12/site-packages/airflow/example_dags/example_outlet_event_extra.py
[2026-02-24T18:03:57.573+0000] {processor.py:914} INFO - Processing file /home/ubuntu/airflow-venv/lib/python3.12/site-packages/airflow/example_dags/example_outlet_event_extra.py for tasks to queue
[2026-02-24T18:03:57.575+0000] {logging_mixin.py:190} INFO - [2026-02-24T18:03:57.574+0000] {dagbag.py:588} INFO - Filling up the DagBag from /home/ubuntu/airflow-venv/lib/python3.12/site-packages/airflow/example_dags/example_outlet_event_extra.py
[2026-02-24T18:03:57.585+0000] {processor.py:925} INFO - DAG(s) 'dataset_with_extra_by_context', 'dataset_with_extra_by_yield', 'dataset_with_extra_from_classic_operator' retrieved from /home/ubuntu/airflow-venv/lib/python3.12/site-packages/airflow/example_dags/example_outlet_event_extra.py
[2026-02-24T18:03:57.599+0000] {logging_mixin.py:190} INFO - [2026-02-24T18:03:57.599+0000] {dag.py:3239} INFO - Sync 3 DAGs
[2026-02-24T18:03:57.614+0000] {logging_mixin.py:190} INFO - [2026-02-24T18:03:57.614+0000] {dag.py:4180} INFO - Setting next_dagrun for dataset_with_extra_by_context to 2026-02-23 00:00:00+00:00, run_after=2026-02-24 00:00:00+00:00
[2026-02-24T18:03:57.617+0000] {logging_mixin.py:190} INFO - [2026-02-24T18:03:57.617+0000] {dag.py:4180} INFO - Setting next_dagrun for dataset_with_extra_by_yield to 2026-02-23 00:00:00+00:00, run_after=2026-02-24 00:00:00+00:00
[2026-02-24T18:03:57.618+0000] {logging_mixin.py:190} INFO - [2026-02-24T18:03:57.618+0000] {dag.py:4180} INFO - Setting next_dagrun for dataset_with_extra_from_classic_operator to 2026-02-23 00:00:00+00:00, run_after=2026-02-24 00:00:00+00:00
[2026-02-24T18:03:57.638+0000] {processor.py:208} INFO - Processing /home/ubuntu/airflow-venv/lib/python3.12/site-packages/airflow/example_dags/example_outlet_event_extra.py took 0.070 seconds
[2026-02-24T18:04:46.708+0000] {processor.py:186} INFO - Started process (PID=44740) to work on /home/ubuntu/airflow-venv/lib/python3.12/site-packages/airflow/example_dags/example_outlet_event_extra.py
[2026-02-24T18:04:46.710+0000] {processor.py:914} INFO - Processing file /home/ubuntu/airflow-venv/lib/python3.12/site-packages/airflow/example_dags/example_outlet_event_extra.py for tasks to queue
[2026-02-24T18:04:46.711+0000] {logging_mixin.py:190} INFO - [2026-02-24T18:04:46.711+0000] {dagbag.py:588} INFO - Filling up the DagBag from /home/ubuntu/airflow-venv/lib/python3.12/site-packages/airflow/example_dags/example_outlet_event_extra.py
[2026-02-24T18:04:46.721+0000] {processor.py:925} INFO - DAG(s) 'dataset_with_extra_from_classic_operator', 'dataset_with_extra_by_yield', 'dataset_with_extra_by_context' retrieved from /home/ubuntu/airflow-venv/lib/python3.12/site-packages/airflow/example_dags/example_outlet_event_extra.py
[2026-02-24T18:04:46.735+0000] {logging_mixin.py:190} INFO - [2026-02-24T18:04:46.735+0000] {dag.py:3239} INFO - Sync 3 DAGs
[2026-02-24T18:04:46.855+0000] {logging_mixin.py:190} INFO - [2026-02-24T18:04:46.855+0000] {dag.py:4180} INFO - Setting next_dagrun for dataset_with_extra_by_context to 2026-02-23 00:00:00+00:00, run_after=2026-02-24 00:00:00+00:00
[2026-02-24T18:04:46.858+0000] {logging_mixin.py:190} INFO - [2026-02-24T18:04:46.858+0000] {dag.py:4180} INFO - Setting next_dagrun for dataset_with_extra_by_yield to 2026-02-23 00:00:00+00:00, run_after=2026-02-24 00:00:00+00:00
[2026-02-24T18:04:46.859+0000] {logging_mixin.py:190} INFO - [2026-02-24T18:04:46.859+0000] {dag.py:4180} INFO - Setting next_dagrun for dataset_with_extra_from_classic_operator to 2026-02-23 00:00:00+00:00, run_after=2026-02-24 00:00:00+00:00
[2026-02-24T18:04:46.877+0000] {processor.py:208} INFO - Processing /home/ubuntu/airflow-venv/lib/python3.12/site-packages/airflow/example_dags/example_outlet_event_extra.py took 0.173 seconds
[2026-02-24T18:05:41.063+0000] {processor.py:186} INFO - Started process (PID=44798) to work on /home/ubuntu/airflow-venv/lib/python3.12/site-packages/airflow/example_dags/example_outlet_event_extra.py
[2026-02-24T18:05:41.065+0000] {processor.py:914} INFO - Processing file /home/ubuntu/airflow-venv/lib/python3.12/site-packages/airflow/example_dags/example_outlet_event_extra.py for tasks to queue
[2026-02-24T18:05:41.066+0000] {logging_mixin.py:190} INFO - [2026-02-24T18:05:41.066+0000] {dagbag.py:588} INFO - Filling up the DagBag from /home/ubuntu/airflow-venv/lib/python3.12/site-packages/airflow/example_dags/example_outlet_event_extra.py
[2026-02-24T18:05:41.165+0000] {processor.py:925} INFO - DAG(s) 'dataset_with_extra_from_classic_operator', 'dataset_with_extra_by_yield', 'dataset_with_extra_by_context' retrieved from /home/ubuntu/airflow-venv/lib/python3.12/site-packages/airflow/example_dags/example_outlet_event_extra.py
[2026-02-24T18:05:41.175+0000] {logging_mixin.py:190} INFO - [2026-02-24T18:05:41.175+0000] {dag.py:3239} INFO - Sync 3 DAGs
[2026-02-24T18:05:41.187+0000] {logging_mixin.py:190} INFO - [2026-02-24T18:05:41.187+0000] {dag.py:4180} INFO - Setting next_dagrun for dataset_with_extra_by_context to 2026-02-23 00:00:00+00:00, run_after=2026-02-24 00:00:00+00:00
[2026-02-24T18:05:41.190+0000] {logging_mixin.py:190} INFO - [2026-02-24T18:05:41.190+0000] {dag.py:4180} INFO - Setting next_dagrun for dataset_with_extra_by_yield to 2026-02-23 00:00:00+00:00, run_after=2026-02-24 00:00:00+00:00
[2026-02-24T18:05:41.191+0000] {logging_mixin.py:190} INFO - [2026-02-24T18:05:41.191+0000] {dag.py:4180} INFO - Setting next_dagrun for dataset_with_extra_from_classic_operator to 2026-02-23 00:00:00+00:00, run_after=2026-02-24 00:00:00+00:00
[2026-02-24T18:05:41.209+0000] {processor.py:208} INFO - Processing /home/ubuntu/airflow-venv/lib/python3.12/site-packages/airflow/example_dags/example_outlet_event_extra.py took 0.149 seconds
[2026-02-24T18:06:37.935+0000] {processor.py:186} INFO - Started process (PID=44862) to work on /home/ubuntu/airflow-venv/lib/python3.12/site-packages/airflow/example_dags/example_outlet_event_extra.py
[2026-02-24T18:06:37.937+0000] {processor.py:914} INFO - Processing file /home/ubuntu/airflow-venv/lib/python3.12/site-packages/airflow/example_dags/example_outlet_event_extra.py for tasks to queue
[2026-02-24T18:06:37.939+0000] {logging_mixin.py:190} INFO - [2026-02-24T18:06:37.938+0000] {dagbag.py:588} INFO - Filling up the DagBag from /home/ubuntu/airflow-venv/lib/python3.12/site-packages/airflow/example_dags/example_outlet_event_extra.py
[2026-02-24T18:06:37.949+0000] {processor.py:925} INFO - DAG(s) 'dataset_with_extra_from_classic_operator', 'dataset_with_extra_by_yield', 'dataset_with_extra_by_context' retrieved from /home/ubuntu/airflow-venv/lib/python3.12/site-packages/airflow/example_dags/example_outlet_event_extra.py
[2026-02-24T18:06:37.963+0000] {logging_mixin.py:190} INFO - [2026-02-24T18:06:37.963+0000] {dag.py:3239} INFO - Sync 3 DAGs
[2026-02-24T18:06:37.979+0000] {logging_mixin.py:190} INFO - [2026-02-24T18:06:37.979+0000] {dag.py:4180} INFO - Setting next_dagrun for dataset_with_extra_by_context to 2026-02-23 00:00:00+00:00, run_after=2026-02-24 00:00:00+00:00
[2026-02-24T18:06:37.982+0000] {logging_mixin.py:190} INFO - [2026-02-24T18:06:37.982+0000] {dag.py:4180} INFO - Setting next_dagrun for dataset_with_extra_by_yield to 2026-02-23 00:00:00+00:00, run_after=2026-02-24 00:00:00+00:00
[2026-02-24T18:06:37.983+0000] {logging_mixin.py:190} INFO - [2026-02-24T18:06:37.983+0000] {dag.py:4180} INFO - Setting next_dagrun for dataset_with_extra_from_classic_operator to 2026-02-23 00:00:00+00:00, run_after=2026-02-24 00:00:00+00:00
[2026-02-24T18:06:38.002+0000] {processor.py:208} INFO - Processing /home/ubuntu/airflow-venv/lib/python3.12/site-packages/airflow/example_dags/example_outlet_event_extra.py took 0.071 seconds
[2026-02-24T18:07:28.446+0000] {processor.py:186} INFO - Started process (PID=44916) to work on /home/ubuntu/airflow-venv/lib/python3.12/site-packages/airflow/example_dags/example_outlet_event_extra.py
[2026-02-24T18:07:28.448+0000] {processor.py:914} INFO - Processing file /home/ubuntu/airflow-venv/lib/python3.12/site-packages/airflow/example_dags/example_outlet_event_extra.py for tasks to queue
[2026-02-24T18:07:28.450+0000] {logging_mixin.py:190} INFO - [2026-02-24T18:07:28.449+0000] {dagbag.py:588} INFO - Filling up the DagBag from /home/ubuntu/airflow-venv/lib/python3.12/site-packages/airflow/example_dags/example_outlet_event_extra.py
[2026-02-24T18:07:28.460+0000] {processor.py:925} INFO - DAG(s) 'dataset_with_extra_from_classic_operator', 'dataset_with_extra_by_context', 'dataset_with_extra_by_yield' retrieved from /home/ubuntu/airflow-venv/lib/python3.12/site-packages/airflow/example_dags/example_outlet_event_extra.py
[2026-02-24T18:07:28.474+0000] {logging_mixin.py:190} INFO - [2026-02-24T18:07:28.474+0000] {dag.py:3239} INFO - Sync 3 DAGs
[2026-02-24T18:07:28.489+0000] {logging_mixin.py:190} INFO - [2026-02-24T18:07:28.489+0000] {dag.py:4180} INFO - Setting next_dagrun for dataset_with_extra_by_context to 2026-02-23 00:00:00+00:00, run_after=2026-02-24 00:00:00+00:00
[2026-02-24T18:07:28.492+0000] {logging_mixin.py:190} INFO - [2026-02-24T18:07:28.492+0000] {dag.py:4180} INFO - Setting next_dagrun for dataset_with_extra_by_yield to 2026-02-23 00:00:00+00:00, run_after=2026-02-24 00:00:00+00:00
[2026-02-24T18:07:28.494+0000] {logging_mixin.py:190} INFO - [2026-02-24T18:07:28.494+0000] {dag.py:4180} INFO - Setting next_dagrun for dataset_with_extra_from_classic_operator to 2026-02-23 00:00:00+00:00, run_after=2026-02-24 00:00:00+00:00
[2026-02-24T18:07:28.513+0000] {processor.py:208} INFO - Processing /home/ubuntu/airflow-venv/lib/python3.12/site-packages/airflow/example_dags/example_outlet_event_extra.py took 0.071 seconds
[2026-02-24T18:08:18.111+0000] {processor.py:186} INFO - Started process (PID=44967) to work on /home/ubuntu/airflow-venv/lib/python3.12/site-packages/airflow/example_dags/example_outlet_event_extra.py
[2026-02-24T18:08:18.113+0000] {processor.py:914} INFO - Processing file /home/ubuntu/airflow-venv/lib/python3.12/site-packages/airflow/example_dags/example_outlet_event_extra.py for tasks to queue
[2026-02-24T18:08:18.114+0000] {logging_mixin.py:190} INFO - [2026-02-24T18:08:18.114+0000] {dagbag.py:588} INFO - Filling up the DagBag from /home/ubuntu/airflow-venv/lib/python3.12/site-packages/airflow/example_dags/example_outlet_event_extra.py
[2026-02-24T18:08:18.125+0000] {processor.py:925} INFO - DAG(s) 'dataset_with_extra_from_classic_operator', 'dataset_with_extra_by_context', 'dataset_with_extra_by_yield' retrieved from /home/ubuntu/airflow-venv/lib/python3.12/site-packages/airflow/example_dags/example_outlet_event_extra.py
[2026-02-24T18:08:18.139+0000] {logging_mixin.py:190} INFO - [2026-02-24T18:08:18.139+0000] {dag.py:3239} INFO - Sync 3 DAGs
[2026-02-24T18:08:18.154+0000] {logging_mixin.py:190} INFO - [2026-02-24T18:08:18.154+0000] {dag.py:4180} INFO - Setting next_dagrun for dataset_with_extra_by_context to 2026-02-23 00:00:00+00:00, run_after=2026-02-24 00:00:00+00:00
[2026-02-24T18:08:18.157+0000] {logging_mixin.py:190} INFO - [2026-02-24T18:08:18.157+0000] {dag.py:4180} INFO - Setting next_dagrun for dataset_with_extra_by_yield to 2026-02-23 00:00:00+00:00, run_after=2026-02-24 00:00:00+00:00
[2026-02-24T18:08:18.159+0000] {logging_mixin.py:190} INFO - [2026-02-24T18:08:18.158+0000] {dag.py:4180} INFO - Setting next_dagrun for dataset_with_extra_from_classic_operator to 2026-02-23 00:00:00+00:00, run_after=2026-02-24 00:00:00+00:00
[2026-02-24T18:08:18.177+0000] {processor.py:208} INFO - Processing /home/ubuntu/airflow-venv/lib/python3.12/site-packages/airflow/example_dags/example_outlet_event_extra.py took 0.070 seconds
[2026-02-24T18:09:09.456+0000] {processor.py:186} INFO - Started process (PID=45021) to work on /home/ubuntu/airflow-venv/lib/python3.12/site-packages/airflow/example_dags/example_outlet_event_extra.py
[2026-02-24T18:09:09.457+0000] {processor.py:914} INFO - Processing file /home/ubuntu/airflow-venv/lib/python3.12/site-packages/airflow/example_dags/example_outlet_event_extra.py for tasks to queue
[2026-02-24T18:09:09.459+0000] {logging_mixin.py:190} INFO - [2026-02-24T18:09:09.459+0000] {dagbag.py:588} INFO - Filling up the DagBag from /home/ubuntu/airflow-venv/lib/python3.12/site-packages/airflow/example_dags/example_outlet_event_extra.py
[2026-02-24T18:09:09.470+0000] {processor.py:925} INFO - DAG(s) 'dataset_with_extra_from_classic_operator', 'dataset_with_extra_by_yield', 'dataset_with_extra_by_context' retrieved from /home/ubuntu/airflow-venv/lib/python3.12/site-packages/airflow/example_dags/example_outlet_event_extra.py
[2026-02-24T18:09:09.485+0000] {logging_mixin.py:190} INFO - [2026-02-24T18:09:09.485+0000] {dag.py:3239} INFO - Sync 3 DAGs
[2026-02-24T18:09:09.501+0000] {logging_mixin.py:190} INFO - [2026-02-24T18:09:09.500+0000] {dag.py:4180} INFO - Setting next_dagrun for dataset_with_extra_by_context to 2026-02-23 00:00:00+00:00, run_after=2026-02-24 00:00:00+00:00
[2026-02-24T18:09:09.503+0000] {logging_mixin.py:190} INFO - [2026-02-24T18:09:09.503+0000] {dag.py:4180} INFO - Setting next_dagrun for dataset_with_extra_by_yield to 2026-02-23 00:00:00+00:00, run_after=2026-02-24 00:00:00+00:00
[2026-02-24T18:09:09.505+0000] {logging_mixin.py:190} INFO - [2026-02-24T18:09:09.505+0000] {dag.py:4180} INFO - Setting next_dagrun for dataset_with_extra_from_classic_operator to 2026-02-23 00:00:00+00:00, run_after=2026-02-24 00:00:00+00:00
[2026-02-24T18:09:09.523+0000] {processor.py:208} INFO - Processing /home/ubuntu/airflow-venv/lib/python3.12/site-packages/airflow/example_dags/example_outlet_event_extra.py took 0.072 seconds
[2026-02-24T18:09:56.329+0000] {processor.py:186} INFO - Started process (PID=45072) to work on /home/ubuntu/airflow-venv/lib/python3.12/site-packages/airflow/example_dags/example_outlet_event_extra.py
[2026-02-24T18:09:56.331+0000] {processor.py:914} INFO - Processing file /home/ubuntu/airflow-venv/lib/python3.12/site-packages/airflow/example_dags/example_outlet_event_extra.py for tasks to queue
[2026-02-24T18:09:56.332+0000] {logging_mixin.py:190} INFO - [2026-02-24T18:09:56.332+0000] {dagbag.py:588} INFO - Filling up the DagBag from /home/ubuntu/airflow-venv/lib/python3.12/site-packages/airflow/example_dags/example_outlet_event_extra.py
[2026-02-24T18:09:56.342+0000] {processor.py:925} INFO - DAG(s) 'dataset_with_extra_by_context', 'dataset_with_extra_from_classic_operator', 'dataset_with_extra_by_yield' retrieved from /home/ubuntu/airflow-venv/lib/python3.12/site-packages/airflow/example_dags/example_outlet_event_extra.py
[2026-02-24T18:09:56.356+0000] {logging_mixin.py:190} INFO - [2026-02-24T18:09:56.356+0000] {dag.py:3239} INFO - Sync 3 DAGs
[2026-02-24T18:09:56.371+0000] {logging_mixin.py:190} INFO - [2026-02-24T18:09:56.371+0000] {dag.py:4180} INFO - Setting next_dagrun for dataset_with_extra_by_context to 2026-02-23 00:00:00+00:00, run_after=2026-02-24 00:00:00+00:00
[2026-02-24T18:09:56.374+0000] {logging_mixin.py:190} INFO - [2026-02-24T18:09:56.374+0000] {dag.py:4180} INFO - Setting next_dagrun for dataset_with_extra_by_yield to 2026-02-23 00:00:00+00:00, run_after=2026-02-24 00:00:00+00:00
[2026-02-24T18:09:56.375+0000] {logging_mixin.py:190} INFO - [2026-02-24T18:09:56.375+0000] {dag.py:4180} INFO - Setting next_dagrun for dataset_with_extra_from_classic_operator to 2026-02-23 00:00:00+00:00, run_after=2026-02-24 00:00:00+00:00
[2026-02-24T18:09:56.393+0000] {processor.py:208} INFO - Processing /home/ubuntu/airflow-venv/lib/python3.12/site-packages/airflow/example_dags/example_outlet_event_extra.py took 0.068 seconds
[2026-02-24T18:10:47.378+0000] {processor.py:186} INFO - Started process (PID=45128) to work on /home/ubuntu/airflow-venv/lib/python3.12/site-packages/airflow/example_dags/example_outlet_event_extra.py
[2026-02-24T18:10:47.379+0000] {processor.py:914} INFO - Processing file /home/ubuntu/airflow-venv/lib/python3.12/site-packages/airflow/example_dags/example_outlet_event_extra.py for tasks to queue
[2026-02-24T18:10:47.381+0000] {logging_mixin.py:190} INFO - [2026-02-24T18:10:47.381+0000] {dagbag.py:588} INFO - Filling up the DagBag from /home/ubuntu/airflow-venv/lib/python3.12/site-packages/airflow/example_dags/example_outlet_event_extra.py
[2026-02-24T18:10:47.391+0000] {processor.py:925} INFO - DAG(s) 'dataset_with_extra_by_yield', 'dataset_with_extra_by_context', 'dataset_with_extra_from_classic_operator' retrieved from /home/ubuntu/airflow-venv/lib/python3.12/site-packages/airflow/example_dags/example_outlet_event_extra.py
[2026-02-24T18:10:47.406+0000] {logging_mixin.py:190} INFO - [2026-02-24T18:10:47.406+0000] {dag.py:3239} INFO - Sync 3 DAGs
[2026-02-24T18:10:47.422+0000] {logging_mixin.py:190} INFO - [2026-02-24T18:10:47.422+0000] {dag.py:4180} INFO - Setting next_dagrun for dataset_with_extra_by_context to 2026-02-23 00:00:00+00:00, run_after=2026-02-24 00:00:00+00:00
[2026-02-24T18:10:47.425+0000] {logging_mixin.py:190} INFO - [2026-02-24T18:10:47.425+0000] {dag.py:4180} INFO - Setting next_dagrun for dataset_with_extra_by_yield to 2026-02-23 00:00:00+00:00, run_after=2026-02-24 00:00:00+00:00
[2026-02-24T18:10:47.427+0000] {logging_mixin.py:190} INFO - [2026-02-24T18:10:47.427+0000] {dag.py:4180} INFO - Setting next_dagrun for dataset_with_extra_from_classic_operator to 2026-02-23 00:00:00+00:00, run_after=2026-02-24 00:00:00+00:00
[2026-02-24T18:10:47.446+0000] {processor.py:208} INFO - Processing /home/ubuntu/airflow-venv/lib/python3.12/site-packages/airflow/example_dags/example_outlet_event_extra.py took 0.072 seconds
[2026-02-24T18:11:39.056+0000] {processor.py:186} INFO - Started process (PID=45180) to work on /home/ubuntu/airflow-venv/lib/python3.12/site-packages/airflow/example_dags/example_outlet_event_extra.py
[2026-02-24T18:11:39.057+0000] {processor.py:914} INFO - Processing file /home/ubuntu/airflow-venv/lib/python3.12/site-packages/airflow/example_dags/example_outlet_event_extra.py for tasks to queue
[2026-02-24T18:11:39.058+0000] {logging_mixin.py:190} INFO - [2026-02-24T18:11:39.058+0000] {dagbag.py:588} INFO - Filling up the DagBag from /home/ubuntu/airflow-venv/lib/python3.12/site-packages/airflow/example_dags/example_outlet_event_extra.py
[2026-02-24T18:11:39.068+0000] {processor.py:925} INFO - DAG(s) 'dataset_with_extra_from_classic_operator', 'dataset_with_extra_by_context', 'dataset_with_extra_by_yield' retrieved from /home/ubuntu/airflow-venv/lib/python3.12/site-packages/airflow/example_dags/example_outlet_event_extra.py
[2026-02-24T18:11:39.083+0000] {logging_mixin.py:190} INFO - [2026-02-24T18:11:39.082+0000] {dag.py:3239} INFO - Sync 3 DAGs
[2026-02-24T18:11:39.097+0000] {logging_mixin.py:190} INFO - [2026-02-24T18:11:39.097+0000] {dag.py:4180} INFO - Setting next_dagrun for dataset_with_extra_by_context to 2026-02-23 00:00:00+00:00, run_after=2026-02-24 00:00:00+00:00
[2026-02-24T18:11:39.100+0000] {logging_mixin.py:190} INFO - [2026-02-24T18:11:39.100+0000] {dag.py:4180} INFO - Setting next_dagrun for dataset_with_extra_by_yield to 2026-02-23 00:00:00+00:00, run_after=2026-02-24 00:00:00+00:00
[2026-02-24T18:11:39.103+0000] {logging_mixin.py:190} INFO - [2026-02-24T18:11:39.102+0000] {dag.py:4180} INFO - Setting next_dagrun for dataset_with_extra_from_classic_operator to 2026-02-23 00:00:00+00:00, run_after=2026-02-24 00:00:00+00:00
[2026-02-24T18:11:39.123+0000] {processor.py:208} INFO - Processing /home/ubuntu/airflow-venv/lib/python3.12/site-packages/airflow/example_dags/example_outlet_event_extra.py took 0.071 seconds
[2026-02-24T18:12:30.503+0000] {processor.py:186} INFO - Started process (PID=45234) to work on /home/ubuntu/airflow-venv/lib/python3.12/site-packages/airflow/example_dags/example_outlet_event_extra.py
[2026-02-24T18:12:30.505+0000] {processor.py:914} INFO - Processing file /home/ubuntu/airflow-venv/lib/python3.12/site-packages/airflow/example_dags/example_outlet_event_extra.py for tasks to queue
[2026-02-24T18:12:30.506+0000] {logging_mixin.py:190} INFO - [2026-02-24T18:12:30.506+0000] {dagbag.py:588} INFO - Filling up the DagBag from /home/ubuntu/airflow-venv/lib/python3.12/site-packages/airflow/example_dags/example_outlet_event_extra.py
[2026-02-24T18:12:30.517+0000] {processor.py:925} INFO - DAG(s) 'dataset_with_extra_by_yield', 'dataset_with_extra_by_context', 'dataset_with_extra_from_classic_operator' retrieved from /home/ubuntu/airflow-venv/lib/python3.12/site-packages/airflow/example_dags/example_outlet_event_extra.py
[2026-02-24T18:12:30.532+0000] {logging_mixin.py:190} INFO - [2026-02-24T18:12:30.532+0000] {dag.py:3239} INFO - Sync 3 DAGs
[2026-02-24T18:12:30.547+0000] {logging_mixin.py:190} INFO - [2026-02-24T18:12:30.547+0000] {dag.py:4180} INFO - Setting next_dagrun for dataset_with_extra_by_context to 2026-02-23 00:00:00+00:00, run_after=2026-02-24 00:00:00+00:00
[2026-02-24T18:12:30.550+0000] {logging_mixin.py:190} INFO - [2026-02-24T18:12:30.550+0000] {dag.py:4180} INFO - Setting next_dagrun for dataset_with_extra_by_yield to 2026-02-23 00:00:00+00:00, run_after=2026-02-24 00:00:00+00:00
[2026-02-24T18:12:30.551+0000] {logging_mixin.py:190} INFO - [2026-02-24T18:12:30.551+0000] {dag.py:4180} INFO - Setting next_dagrun for dataset_with_extra_from_classic_operator to 2026-02-23 00:00:00+00:00, run_after=2026-02-24 00:00:00+00:00
[2026-02-24T18:12:30.570+0000] {processor.py:208} INFO - Processing /home/ubuntu/airflow-venv/lib/python3.12/site-packages/airflow/example_dags/example_outlet_event_extra.py took 0.071 seconds
[2026-02-24T18:13:20.131+0000] {processor.py:186} INFO - Started process (PID=45288) to work on /home/ubuntu/airflow-venv/lib/python3.12/site-packages/airflow/example_dags/example_outlet_event_extra.py
[2026-02-24T18:13:20.132+0000] {processor.py:914} INFO - Processing file /home/ubuntu/airflow-venv/lib/python3.12/site-packages/airflow/example_dags/example_outlet_event_extra.py for tasks to queue
[2026-02-24T18:13:20.134+0000] {logging_mixin.py:190} INFO - [2026-02-24T18:13:20.134+0000] {dagbag.py:588} INFO - Filling up the DagBag from /home/ubuntu/airflow-venv/lib/python3.12/site-packages/airflow/example_dags/example_outlet_event_extra.py
[2026-02-24T18:13:20.144+0000] {processor.py:925} INFO - DAG(s) 'dataset_with_extra_from_classic_operator', 'dataset_with_extra_by_yield', 'dataset_with_extra_by_context' retrieved from /home/ubuntu/airflow-venv/lib/python3.12/site-packages/airflow/example_dags/example_outlet_event_extra.py
[2026-02-24T18:13:20.159+0000] {logging_mixin.py:190} INFO - [2026-02-24T18:13:20.158+0000] {dag.py:3239} INFO - Sync 3 DAGs
[2026-02-24T18:13:20.175+0000] {logging_mixin.py:190} INFO - [2026-02-24T18:13:20.174+0000] {dag.py:4180} INFO - Setting next_dagrun for dataset_with_extra_by_context to 2026-02-23 00:00:00+00:00, run_after=2026-02-24 00:00:00+00:00
[2026-02-24T18:13:20.178+0000] {logging_mixin.py:190} INFO - [2026-02-24T18:13:20.177+0000] {dag.py:4180} INFO - Setting next_dagrun for dataset_with_extra_by_yield to 2026-02-23 00:00:00+00:00, run_after=2026-02-24 00:00:00+00:00
[2026-02-24T18:13:20.179+0000] {logging_mixin.py:190} INFO - [2026-02-24T18:13:20.179+0000] {dag.py:4180} INFO - Setting next_dagrun for dataset_with_extra_from_classic_operator to 2026-02-23 00:00:00+00:00, run_after=2026-02-24 00:00:00+00:00
[2026-02-24T18:13:20.198+0000] {processor.py:208} INFO - Processing /home/ubuntu/airflow-venv/lib/python3.12/site-packages/airflow/example_dags/example_outlet_event_extra.py took 0.071 seconds
[2026-02-24T18:14:09.191+0000] {processor.py:186} INFO - Started process (PID=45338) to work on /home/ubuntu/airflow-venv/lib/python3.12/site-packages/airflow/example_dags/example_outlet_event_extra.py
[2026-02-24T18:14:09.192+0000] {processor.py:914} INFO - Processing file /home/ubuntu/airflow-venv/lib/python3.12/site-packages/airflow/example_dags/example_outlet_event_extra.py for tasks to queue
[2026-02-24T18:14:09.194+0000] {logging_mixin.py:190} INFO - [2026-02-24T18:14:09.194+0000] {dagbag.py:588} INFO - Filling up the DagBag from /home/ubuntu/airflow-venv/lib/python3.12/site-packages/airflow/example_dags/example_outlet_event_extra.py
[2026-02-24T18:14:09.204+0000] {processor.py:925} INFO - DAG(s) 'dataset_with_extra_by_yield', 'dataset_with_extra_by_context', 'dataset_with_extra_from_classic_operator' retrieved from /home/ubuntu/airflow-venv/lib/python3.12/site-packages/airflow/example_dags/example_outlet_event_extra.py
[2026-02-24T18:14:09.219+0000] {logging_mixin.py:190} INFO - [2026-02-24T18:14:09.219+0000] {dag.py:3239} INFO - Sync 3 DAGs
[2026-02-24T18:14:09.234+0000] {logging_mixin.py:190} INFO - [2026-02-24T18:14:09.234+0000] {dag.py:4180} INFO - Setting next_dagrun for dataset_with_extra_by_context to 2026-02-23 00:00:00+00:00, run_after=2026-02-24 00:00:00+00:00
[2026-02-24T18:14:09.237+0000] {logging_mixin.py:190} INFO - [2026-02-24T18:14:09.237+0000] {dag.py:4180} INFO - Setting next_dagrun for dataset_with_extra_by_yield to 2026-02-23 00:00:00+00:00, run_after=2026-02-24 00:00:00+00:00
[2026-02-24T18:14:09.238+0000] {logging_mixin.py:190} INFO - [2026-02-24T18:14:09.238+0000] {dag.py:4180} INFO - Setting next_dagrun for dataset_with_extra_from_classic_operator to 2026-02-23 00:00:00+00:00, run_after=2026-02-24 00:00:00+00:00
[2026-02-24T18:14:09.258+0000] {processor.py:208} INFO - Processing /home/ubuntu/airflow-venv/lib/python3.12/site-packages/airflow/example_dags/example_outlet_event_extra.py took 0.071 seconds
[2026-02-24T18:14:59.424+0000] {processor.py:186} INFO - Started process (PID=45390) to work on /home/ubuntu/airflow-venv/lib/python3.12/site-packages/airflow/example_dags/example_outlet_event_extra.py
[2026-02-24T18:14:59.425+0000] {processor.py:914} INFO - Processing file /home/ubuntu/airflow-venv/lib/python3.12/site-packages/airflow/example_dags/example_outlet_event_extra.py for tasks to queue
[2026-02-24T18:14:59.427+0000] {logging_mixin.py:190} INFO - [2026-02-24T18:14:59.427+0000] {dagbag.py:588} INFO - Filling up the DagBag from /home/ubuntu/airflow-venv/lib/python3.12/site-packages/airflow/example_dags/example_outlet_event_extra.py
[2026-02-24T18:14:59.437+0000] {processor.py:925} INFO - DAG(s) 'dataset_with_extra_by_yield', 'dataset_with_extra_by_context', 'dataset_with_extra_from_classic_operator' retrieved from /home/ubuntu/airflow-venv/lib/python3.12/site-packages/airflow/example_dags/example_outlet_event_extra.py
[2026-02-24T18:14:59.451+0000] {logging_mixin.py:190} INFO - [2026-02-24T18:14:59.451+0000] {dag.py:3239} INFO - Sync 3 DAGs
[2026-02-24T18:14:59.466+0000] {logging_mixin.py:190} INFO - [2026-02-24T18:14:59.466+0000] {dag.py:4180} INFO - Setting next_dagrun for dataset_with_extra_by_context to 2026-02-23 00:00:00+00:00, run_after=2026-02-24 00:00:00+00:00
[2026-02-24T18:14:59.469+0000] {logging_mixin.py:190} INFO - [2026-02-24T18:14:59.469+0000] {dag.py:4180} INFO - Setting next_dagrun for dataset_with_extra_by_yield to 2026-02-23 00:00:00+00:00, run_after=2026-02-24 00:00:00+00:00
[2026-02-24T18:14:59.470+0000] {logging_mixin.py:190} INFO - [2026-02-24T18:14:59.470+0000] {dag.py:4180} INFO - Setting next_dagrun for dataset_with_extra_from_classic_operator to 2026-02-23 00:00:00+00:00, run_after=2026-02-24 00:00:00+00:00
[2026-02-24T18:14:59.490+0000] {processor.py:208} INFO - Processing /home/ubuntu/airflow-venv/lib/python3.12/site-packages/airflow/example_dags/example_outlet_event_extra.py took 0.070 seconds
[2026-02-24T18:15:50.833+0000] {processor.py:186} INFO - Started process (PID=45447) to work on /home/ubuntu/airflow-venv/lib/python3.12/site-packages/airflow/example_dags/example_outlet_event_extra.py
[2026-02-24T18:15:50.834+0000] {processor.py:914} INFO - Processing file /home/ubuntu/airflow-venv/lib/python3.12/site-packages/airflow/example_dags/example_outlet_event_extra.py for tasks to queue
[2026-02-24T18:15:50.836+0000] {logging_mixin.py:190} INFO - [2026-02-24T18:15:50.835+0000] {dagbag.py:588} INFO - Filling up the DagBag from /home/ubuntu/airflow-venv/lib/python3.12/site-packages/airflow/example_dags/example_outlet_event_extra.py
[2026-02-24T18:15:50.846+0000] {processor.py:925} INFO - DAG(s) 'dataset_with_extra_by_context', 'dataset_with_extra_from_classic_operator', 'dataset_with_extra_by_yield' retrieved from /home/ubuntu/airflow-venv/lib/python3.12/site-packages/airflow/example_dags/example_outlet_event_extra.py
[2026-02-24T18:15:50.861+0000] {logging_mixin.py:190} INFO - [2026-02-24T18:15:50.861+0000] {dag.py:3239} INFO - Sync 3 DAGs
[2026-02-24T18:15:50.876+0000] {logging_mixin.py:190} INFO - [2026-02-24T18:15:50.876+0000] {dag.py:4180} INFO - Setting next_dagrun for dataset_with_extra_by_context to 2026-02-23 00:00:00+00:00, run_after=2026-02-24 00:00:00+00:00
[2026-02-24T18:15:50.879+0000] {logging_mixin.py:190} INFO - [2026-02-24T18:15:50.879+0000] {dag.py:4180} INFO - Setting next_dagrun for dataset_with_extra_by_yield to 2026-02-23 00:00:00+00:00, run_after=2026-02-24 00:00:00+00:00
[2026-02-24T18:15:50.881+0000] {logging_mixin.py:190} INFO - [2026-02-24T18:15:50.881+0000] {dag.py:4180} INFO - Setting next_dagrun for dataset_with_extra_from_classic_operator to 2026-02-23 00:00:00+00:00, run_after=2026-02-24 00:00:00+00:00
[2026-02-24T18:15:50.900+0000] {processor.py:208} INFO - Processing /home/ubuntu/airflow-venv/lib/python3.12/site-packages/airflow/example_dags/example_outlet_event_extra.py took 0.071 seconds
[2026-02-24T18:16:40.466+0000] {processor.py:186} INFO - Started process (PID=45500) to work on /home/ubuntu/airflow-venv/lib/python3.12/site-packages/airflow/example_dags/example_outlet_event_extra.py
[2026-02-24T18:16:40.468+0000] {processor.py:914} INFO - Processing file /home/ubuntu/airflow-venv/lib/python3.12/site-packages/airflow/example_dags/example_outlet_event_extra.py for tasks to queue
[2026-02-24T18:16:40.470+0000] {logging_mixin.py:190} INFO - [2026-02-24T18:16:40.469+0000] {dagbag.py:588} INFO - Filling up the DagBag from /home/ubuntu/airflow-venv/lib/python3.12/site-packages/airflow/example_dags/example_outlet_event_extra.py
[2026-02-24T18:16:40.480+0000] {processor.py:925} INFO - DAG(s) 'dataset_with_extra_by_yield', 'dataset_with_extra_from_classic_operator', 'dataset_with_extra_by_context' retrieved from /home/ubuntu/airflow-venv/lib/python3.12/site-packages/airflow/example_dags/example_outlet_event_extra.py
[2026-02-24T18:16:40.494+0000] {logging_mixin.py:190} INFO - [2026-02-24T18:16:40.494+0000] {dag.py:3239} INFO - Sync 3 DAGs
[2026-02-24T18:16:40.510+0000] {logging_mixin.py:190} INFO - [2026-02-24T18:16:40.510+0000] {dag.py:4180} INFO - Setting next_dagrun for dataset_with_extra_by_context to 2026-02-23 00:00:00+00:00, run_after=2026-02-24 00:00:00+00:00
[2026-02-24T18:16:40.513+0000] {logging_mixin.py:190} INFO - [2026-02-24T18:16:40.513+0000] {dag.py:4180} INFO - Setting next_dagrun for dataset_with_extra_by_yield to 2026-02-23 00:00:00+00:00, run_after=2026-02-24 00:00:00+00:00
[2026-02-24T18:16:40.514+0000] {logging_mixin.py:190} INFO - [2026-02-24T18:16:40.514+0000] {dag.py:4180} INFO - Setting next_dagrun for dataset_with_extra_from_classic_operator to 2026-02-23 00:00:00+00:00, run_after=2026-02-24 00:00:00+00:00
[2026-02-24T18:16:40.534+0000] {processor.py:208} INFO - Processing /home/ubuntu/airflow-venv/lib/python3.12/site-packages/airflow/example_dags/example_outlet_event_extra.py took 0.072 seconds
[2026-02-24T18:17:31.789+0000] {processor.py:186} INFO - Started process (PID=45556) to work on /home/ubuntu/airflow-venv/lib/python3.12/site-packages/airflow/example_dags/example_outlet_event_extra.py
[2026-02-24T18:17:31.791+0000] {processor.py:914} INFO - Processing file /home/ubuntu/airflow-venv/lib/python3.12/site-packages/airflow/example_dags/example_outlet_event_extra.py for tasks to queue
[2026-02-24T18:17:31.792+0000] {logging_mixin.py:190} INFO - [2026-02-24T18:17:31.792+0000] {dagbag.py:588} INFO - Filling up the DagBag from /home/ubuntu/airflow-venv/lib/python3.12/site-packages/airflow/example_dags/example_outlet_event_extra.py
[2026-02-24T18:17:31.803+0000] {processor.py:925} INFO - DAG(s) 'dataset_with_extra_from_classic_operator', 'dataset_with_extra_by_context', 'dataset_with_extra_by_yield' retrieved from /home/ubuntu/airflow-venv/lib/python3.12/site-packages/airflow/example_dags/example_outlet_event_extra.py
[2026-02-24T18:17:31.817+0000] {logging_mixin.py:190} INFO - [2026-02-24T18:17:31.817+0000] {dag.py:3239} INFO - Sync 3 DAGs
[2026-02-24T18:17:31.832+0000] {logging_mixin.py:190} INFO - [2026-02-24T18:17:31.832+0000] {dag.py:4180} INFO - Setting next_dagrun for dataset_with_extra_by_context to 2026-02-23 00:00:00+00:00, run_after=2026-02-24 00:00:00+00:00
[2026-02-24T18:17:31.835+0000] {logging_mixin.py:190} INFO - [2026-02-24T18:17:31.835+0000] {dag.py:4180} INFO - Setting next_dagrun for dataset_with_extra_by_yield to 2026-02-23 00:00:00+00:00, run_after=2026-02-24 00:00:00+00:00
[2026-02-24T18:17:31.836+0000] {logging_mixin.py:190} INFO - [2026-02-24T18:17:31.836+0000] {dag.py:4180} INFO - Setting next_dagrun for dataset_with_extra_from_classic_operator to 2026-02-23 00:00:00+00:00, run_after=2026-02-24 00:00:00+00:00
[2026-02-24T18:17:31.855+0000] {processor.py:208} INFO - Processing /home/ubuntu/airflow-venv/lib/python3.12/site-packages/airflow/example_dags/example_outlet_event_extra.py took 0.070 seconds
[2026-02-24T18:18:24.791+0000] {processor.py:186} INFO - Started process (PID=45612) to work on /home/ubuntu/airflow-venv/lib/python3.12/site-packages/airflow/example_dags/example_outlet_event_extra.py
[2026-02-24T18:18:24.792+0000] {processor.py:914} INFO - Processing file /home/ubuntu/airflow-venv/lib/python3.12/site-packages/airflow/example_dags/example_outlet_event_extra.py for tasks to queue
[2026-02-24T18:18:24.794+0000] {logging_mixin.py:190} INFO - [2026-02-24T18:18:24.794+0000] {dagbag.py:588} INFO - Filling up the DagBag from /home/ubuntu/airflow-venv/lib/python3.12/site-packages/airflow/example_dags/example_outlet_event_extra.py
[2026-02-24T18:18:24.804+0000] {processor.py:925} INFO - DAG(s) 'dataset_with_extra_by_yield', 'dataset_with_extra_by_context', 'dataset_with_extra_from_classic_operator' retrieved from /home/ubuntu/airflow-venv/lib/python3.12/site-packages/airflow/example_dags/example_outlet_event_extra.py
[2026-02-24T18:18:24.819+0000] {logging_mixin.py:190} INFO - [2026-02-24T18:18:24.819+0000] {dag.py:3239} INFO - Sync 3 DAGs
[2026-02-24T18:18:24.834+0000] {logging_mixin.py:190} INFO - [2026-02-24T18:18:24.834+0000] {dag.py:4180} INFO - Setting next_dagrun for dataset_with_extra_by_context to 2026-02-23 00:00:00+00:00, run_after=2026-02-24 00:00:00+00:00
[2026-02-24T18:18:24.837+0000] {logging_mixin.py:190} INFO - [2026-02-24T18:18:24.837+0000] {dag.py:4180} INFO - Setting next_dagrun for dataset_with_extra_by_yield to 2026-02-23 00:00:00+00:00, run_after=2026-02-24 00:00:00+00:00
[2026-02-24T18:18:24.838+0000] {logging_mixin.py:190} INFO - [2026-02-24T18:18:24.838+0000] {dag.py:4180} INFO - Setting next_dagrun for dataset_with_extra_from_classic_operator to 2026-02-23 00:00:00+00:00, run_after=2026-02-24 00:00:00+00:00
[2026-02-24T18:18:24.858+0000] {processor.py:208} INFO - Processing /home/ubuntu/airflow-venv/lib/python3.12/site-packages/airflow/example_dags/example_outlet_event_extra.py took 0.071 seconds
[2026-02-24T18:19:15.528+0000] {processor.py:186} INFO - Started process (PID=45663) to work on /home/ubuntu/airflow-venv/lib/python3.12/site-packages/airflow/example_dags/example_outlet_event_extra.py
[2026-02-24T18:19:15.529+0000] {processor.py:914} INFO - Processing file /home/ubuntu/airflow-venv/lib/python3.12/site-packages/airflow/example_dags/example_outlet_event_extra.py for tasks to queue
[2026-02-24T18:19:15.531+0000] {logging_mixin.py:190} INFO - [2026-02-24T18:19:15.531+0000] {dagbag.py:588} INFO - Filling up the DagBag from /home/ubuntu/airflow-venv/lib/python3.12/site-packages/airflow/example_dags/example_outlet_event_extra.py
[2026-02-24T18:19:15.541+0000] {processor.py:925} INFO - DAG(s) 'dataset_with_extra_by_yield', 'dataset_with_extra_by_context', 'dataset_with_extra_from_classic_operator' retrieved from /home/ubuntu/airflow-venv/lib/python3.12/site-packages/airflow/example_dags/example_outlet_event_extra.py
[2026-02-24T18:19:15.556+0000] {logging_mixin.py:190} INFO - [2026-02-24T18:19:15.556+0000] {dag.py:3239} INFO - Sync 3 DAGs
[2026-02-24T18:19:15.571+0000] {logging_mixin.py:190} INFO - [2026-02-24T18:19:15.571+0000] {dag.py:4180} INFO - Setting next_dagrun for dataset_with_extra_by_context to 2026-02-23 00:00:00+00:00, run_after=2026-02-24 00:00:00+00:00
[2026-02-24T18:19:15.574+0000] {logging_mixin.py:190} INFO - [2026-02-24T18:19:15.574+0000] {dag.py:4180} INFO - Setting next_dagrun for dataset_with_extra_by_yield to 2026-02-23 00:00:00+00:00, run_after=2026-02-24 00:00:00+00:00
[2026-02-24T18:19:15.575+0000] {logging_mixin.py:190} INFO - [2026-02-24T18:19:15.575+0000] {dag.py:4180} INFO - Setting next_dagrun for dataset_with_extra_from_classic_operator to 2026-02-23 00:00:00+00:00, run_after=2026-02-24 00:00:00+00:00
[2026-02-24T18:19:15.594+0000] {processor.py:208} INFO - Processing /home/ubuntu/airflow-venv/lib/python3.12/site-packages/airflow/example_dags/example_outlet_event_extra.py took 0.071 seconds
[2026-02-24T18:20:07.500+0000] {processor.py:186} INFO - Started process (PID=45718) to work on /home/ubuntu/airflow-venv/lib/python3.12/site-packages/airflow/example_dags/example_outlet_event_extra.py
[2026-02-24T18:20:07.502+0000] {processor.py:914} INFO - Processing file /home/ubuntu/airflow-venv/lib/python3.12/site-packages/airflow/example_dags/example_outlet_event_extra.py for tasks to queue
[2026-02-24T18:20:07.503+0000] {logging_mixin.py:190} INFO - [2026-02-24T18:20:07.503+0000] {dagbag.py:588} INFO - Filling up the DagBag from /home/ubuntu/airflow-venv/lib/python3.12/site-packages/airflow/example_dags/example_outlet_event_extra.py
[2026-02-24T18:20:07.513+0000] {processor.py:925} INFO - DAG(s) 'dataset_with_extra_from_classic_operator', 'dataset_with_extra_by_context', 'dataset_with_extra_by_yield' retrieved from /home/ubuntu/airflow-venv/lib/python3.12/site-packages/airflow/example_dags/example_outlet_event_extra.py
[2026-02-24T18:20:07.527+0000] {logging_mixin.py:190} INFO - [2026-02-24T18:20:07.527+0000] {dag.py:3239} INFO - Sync 3 DAGs
[2026-02-24T18:20:07.542+0000] {logging_mixin.py:190} INFO - [2026-02-24T18:20:07.542+0000] {dag.py:4180} INFO - Setting next_dagrun for dataset_with_extra_by_context to 2026-02-23 00:00:00+00:00, run_after=2026-02-24 00:00:00+00:00
[2026-02-24T18:20:07.545+0000] {logging_mixin.py:190} INFO - [2026-02-24T18:20:07.545+0000] {dag.py:4180} INFO - Setting next_dagrun for dataset_with_extra_by_yield to 2026-02-23 00:00:00+00:00, run_after=2026-02-24 00:00:00+00:00
[2026-02-24T18:20:07.546+0000] {logging_mixin.py:190} INFO - [2026-02-24T18:20:07.546+0000] {dag.py:4180} INFO - Setting next_dagrun for dataset_with_extra_from_classic_operator to 2026-02-23 00:00:00+00:00, run_after=2026-02-24 00:00:00+00:00
[2026-02-24T18:20:07.566+0000] {processor.py:208} INFO - Processing /home/ubuntu/airflow-venv/lib/python3.12/site-packages/airflow/example_dags/example_outlet_event_extra.py took 0.070 seconds
