[2026-02-24T17:59:45.349+0000] {processor.py:186} INFO - Started process (PID=43680) to work on /home/ubuntu/airflow-venv/lib/python3.12/site-packages/airflow/example_dags/example_branch_python_dop_operator_3.py
[2026-02-24T17:59:45.350+0000] {processor.py:914} INFO - Processing file /home/ubuntu/airflow-venv/lib/python3.12/site-packages/airflow/example_dags/example_branch_python_dop_operator_3.py for tasks to queue
[2026-02-24T17:59:45.352+0000] {logging_mixin.py:190} INFO - [2026-02-24T17:59:45.351+0000] {dagbag.py:588} INFO - Filling up the DagBag from /home/ubuntu/airflow-venv/lib/python3.12/site-packages/airflow/example_dags/example_branch_python_dop_operator_3.py
[2026-02-24T17:59:45.359+0000] {processor.py:925} INFO - DAG(s) 'example_branch_dop_operator_v3' retrieved from /home/ubuntu/airflow-venv/lib/python3.12/site-packages/airflow/example_dags/example_branch_python_dop_operator_3.py
[2026-02-24T17:59:45.436+0000] {logging_mixin.py:190} INFO - [2026-02-24T17:59:45.436+0000] {override.py:1900} INFO - Created Permission View: can edit on DAG:example_branch_dop_operator_v3
[2026-02-24T17:59:45.448+0000] {logging_mixin.py:190} INFO - [2026-02-24T17:59:45.448+0000] {override.py:1900} INFO - Created Permission View: can delete on DAG:example_branch_dop_operator_v3
[2026-02-24T17:59:45.457+0000] {logging_mixin.py:190} INFO - [2026-02-24T17:59:45.457+0000] {override.py:1900} INFO - Created Permission View: can read on DAG:example_branch_dop_operator_v3
[2026-02-24T17:59:45.472+0000] {logging_mixin.py:190} INFO - [2026-02-24T17:59:45.472+0000] {override.py:1900} INFO - Created Permission View: can delete on DAG Run:example_branch_dop_operator_v3
[2026-02-24T17:59:45.481+0000] {logging_mixin.py:190} INFO - [2026-02-24T17:59:45.481+0000] {override.py:1900} INFO - Created Permission View: menu access on DAG Run:example_branch_dop_operator_v3
[2026-02-24T17:59:45.490+0000] {logging_mixin.py:190} INFO - [2026-02-24T17:59:45.489+0000] {override.py:1900} INFO - Created Permission View: can create on DAG Run:example_branch_dop_operator_v3
[2026-02-24T17:59:45.498+0000] {logging_mixin.py:190} INFO - [2026-02-24T17:59:45.497+0000] {override.py:1900} INFO - Created Permission View: can read on DAG Run:example_branch_dop_operator_v3
[2026-02-24T17:59:45.498+0000] {logging_mixin.py:190} INFO - [2026-02-24T17:59:45.498+0000] {dag.py:3239} INFO - Sync 1 DAGs
[2026-02-24T17:59:45.506+0000] {logging_mixin.py:190} INFO - [2026-02-24T17:59:45.506+0000] {dag.py:3262} INFO - Creating ORM DAG for example_branch_dop_operator_v3
[2026-02-24T17:59:45.513+0000] {logging_mixin.py:190} INFO - [2026-02-24T17:59:45.513+0000] {dag.py:4180} INFO - Setting next_dagrun for example_branch_dop_operator_v3 to 2026-02-24 17:58:00+00:00, run_after=2026-02-24 17:59:00+00:00
[2026-02-24T17:59:45.531+0000] {processor.py:208} INFO - Processing /home/ubuntu/airflow-venv/lib/python3.12/site-packages/airflow/example_dags/example_branch_python_dop_operator_3.py took 0.185 seconds
[2026-02-24T18:00:39.405+0000] {processor.py:186} INFO - Started process (PID=43742) to work on /home/ubuntu/airflow-venv/lib/python3.12/site-packages/airflow/example_dags/example_branch_python_dop_operator_3.py
[2026-02-24T18:00:39.406+0000] {processor.py:914} INFO - Processing file /home/ubuntu/airflow-venv/lib/python3.12/site-packages/airflow/example_dags/example_branch_python_dop_operator_3.py for tasks to queue
[2026-02-24T18:00:39.408+0000] {logging_mixin.py:190} INFO - [2026-02-24T18:00:39.408+0000] {dagbag.py:588} INFO - Filling up the DagBag from /home/ubuntu/airflow-venv/lib/python3.12/site-packages/airflow/example_dags/example_branch_python_dop_operator_3.py
[2026-02-24T18:00:39.415+0000] {processor.py:925} INFO - DAG(s) 'example_branch_dop_operator_v3' retrieved from /home/ubuntu/airflow-venv/lib/python3.12/site-packages/airflow/example_dags/example_branch_python_dop_operator_3.py
[2026-02-24T18:00:39.426+0000] {logging_mixin.py:190} INFO - [2026-02-24T18:00:39.426+0000] {dag.py:3239} INFO - Sync 1 DAGs
[2026-02-24T18:00:39.442+0000] {logging_mixin.py:190} INFO - [2026-02-24T18:00:39.442+0000] {dag.py:4180} INFO - Setting next_dagrun for example_branch_dop_operator_v3 to 2026-02-24 17:59:00+00:00, run_after=2026-02-24 18:00:00+00:00
[2026-02-24T18:00:39.461+0000] {processor.py:208} INFO - Processing /home/ubuntu/airflow-venv/lib/python3.12/site-packages/airflow/example_dags/example_branch_python_dop_operator_3.py took 0.059 seconds
[2026-02-24T18:01:34.746+0000] {processor.py:186} INFO - Started process (PID=43801) to work on /home/ubuntu/airflow-venv/lib/python3.12/site-packages/airflow/example_dags/example_branch_python_dop_operator_3.py
[2026-02-24T18:01:34.747+0000] {processor.py:914} INFO - Processing file /home/ubuntu/airflow-venv/lib/python3.12/site-packages/airflow/example_dags/example_branch_python_dop_operator_3.py for tasks to queue
[2026-02-24T18:01:34.748+0000] {logging_mixin.py:190} INFO - [2026-02-24T18:01:34.748+0000] {dagbag.py:588} INFO - Filling up the DagBag from /home/ubuntu/airflow-venv/lib/python3.12/site-packages/airflow/example_dags/example_branch_python_dop_operator_3.py
[2026-02-24T18:01:34.756+0000] {processor.py:925} INFO - DAG(s) 'example_branch_dop_operator_v3' retrieved from /home/ubuntu/airflow-venv/lib/python3.12/site-packages/airflow/example_dags/example_branch_python_dop_operator_3.py
[2026-02-24T18:01:34.767+0000] {logging_mixin.py:190} INFO - [2026-02-24T18:01:34.767+0000] {dag.py:3239} INFO - Sync 1 DAGs
[2026-02-24T18:01:34.782+0000] {logging_mixin.py:190} INFO - [2026-02-24T18:01:34.782+0000] {dag.py:4180} INFO - Setting next_dagrun for example_branch_dop_operator_v3 to 2026-02-24 18:00:00+00:00, run_after=2026-02-24 18:01:00+00:00
[2026-02-24T18:01:34.801+0000] {processor.py:208} INFO - Processing /home/ubuntu/airflow-venv/lib/python3.12/site-packages/airflow/example_dags/example_branch_python_dop_operator_3.py took 0.060 seconds
[2026-02-24T18:02:52.783+0000] {processor.py:186} INFO - Started process (PID=44252) to work on /home/ubuntu/airflow-venv/lib/python3.12/site-packages/airflow/example_dags/example_branch_python_dop_operator_3.py
[2026-02-24T18:02:52.784+0000] {processor.py:914} INFO - Processing file /home/ubuntu/airflow-venv/lib/python3.12/site-packages/airflow/example_dags/example_branch_python_dop_operator_3.py for tasks to queue
[2026-02-24T18:02:52.786+0000] {logging_mixin.py:190} INFO - [2026-02-24T18:02:52.785+0000] {dagbag.py:588} INFO - Filling up the DagBag from /home/ubuntu/airflow-venv/lib/python3.12/site-packages/airflow/example_dags/example_branch_python_dop_operator_3.py
[2026-02-24T18:02:52.793+0000] {processor.py:925} INFO - DAG(s) 'example_branch_dop_operator_v3' retrieved from /home/ubuntu/airflow-venv/lib/python3.12/site-packages/airflow/example_dags/example_branch_python_dop_operator_3.py
[2026-02-24T18:02:52.804+0000] {logging_mixin.py:190} INFO - [2026-02-24T18:02:52.804+0000] {dag.py:3239} INFO - Sync 1 DAGs
[2026-02-24T18:02:52.820+0000] {logging_mixin.py:190} INFO - [2026-02-24T18:02:52.820+0000] {dag.py:4180} INFO - Setting next_dagrun for example_branch_dop_operator_v3 to 2026-02-24 18:01:00+00:00, run_after=2026-02-24 18:02:00+00:00
[2026-02-24T18:02:52.838+0000] {processor.py:208} INFO - Processing /home/ubuntu/airflow-venv/lib/python3.12/site-packages/airflow/example_dags/example_branch_python_dop_operator_3.py took 0.059 seconds
[2026-02-24T18:03:46.158+0000] {processor.py:186} INFO - Started process (PID=44310) to work on /home/ubuntu/airflow-venv/lib/python3.12/site-packages/airflow/example_dags/example_branch_python_dop_operator_3.py
[2026-02-24T18:03:46.160+0000] {processor.py:914} INFO - Processing file /home/ubuntu/airflow-venv/lib/python3.12/site-packages/airflow/example_dags/example_branch_python_dop_operator_3.py for tasks to queue
[2026-02-24T18:03:46.161+0000] {logging_mixin.py:190} INFO - [2026-02-24T18:03:46.161+0000] {dagbag.py:588} INFO - Filling up the DagBag from /home/ubuntu/airflow-venv/lib/python3.12/site-packages/airflow/example_dags/example_branch_python_dop_operator_3.py
[2026-02-24T18:03:46.169+0000] {processor.py:925} INFO - DAG(s) 'example_branch_dop_operator_v3' retrieved from /home/ubuntu/airflow-venv/lib/python3.12/site-packages/airflow/example_dags/example_branch_python_dop_operator_3.py
[2026-02-24T18:03:46.179+0000] {logging_mixin.py:190} INFO - [2026-02-24T18:03:46.179+0000] {dag.py:3239} INFO - Sync 1 DAGs
[2026-02-24T18:03:46.195+0000] {logging_mixin.py:190} INFO - [2026-02-24T18:03:46.195+0000] {dag.py:4180} INFO - Setting next_dagrun for example_branch_dop_operator_v3 to 2026-02-24 18:02:00+00:00, run_after=2026-02-24 18:03:00+00:00
[2026-02-24T18:03:46.212+0000] {processor.py:208} INFO - Processing /home/ubuntu/airflow-venv/lib/python3.12/site-packages/airflow/example_dags/example_branch_python_dop_operator_3.py took 0.058 seconds
[2026-02-24T18:04:58.315+0000] {processor.py:186} INFO - Started process (PID=44751) to work on /home/ubuntu/airflow-venv/lib/python3.12/site-packages/airflow/example_dags/example_branch_python_dop_operator_3.py
[2026-02-24T18:04:58.316+0000] {processor.py:914} INFO - Processing file /home/ubuntu/airflow-venv/lib/python3.12/site-packages/airflow/example_dags/example_branch_python_dop_operator_3.py for tasks to queue
[2026-02-24T18:04:58.318+0000] {logging_mixin.py:190} INFO - [2026-02-24T18:04:58.318+0000] {dagbag.py:588} INFO - Filling up the DagBag from /home/ubuntu/airflow-venv/lib/python3.12/site-packages/airflow/example_dags/example_branch_python_dop_operator_3.py
[2026-02-24T18:04:58.325+0000] {processor.py:925} INFO - DAG(s) 'example_branch_dop_operator_v3' retrieved from /home/ubuntu/airflow-venv/lib/python3.12/site-packages/airflow/example_dags/example_branch_python_dop_operator_3.py
[2026-02-24T18:04:58.337+0000] {logging_mixin.py:190} INFO - [2026-02-24T18:04:58.337+0000] {dag.py:3239} INFO - Sync 1 DAGs
[2026-02-24T18:04:58.447+0000] {logging_mixin.py:190} INFO - [2026-02-24T18:04:58.447+0000] {dag.py:4180} INFO - Setting next_dagrun for example_branch_dop_operator_v3 to 2026-02-24 18:03:00+00:00, run_after=2026-02-24 18:04:00+00:00
[2026-02-24T18:04:58.464+0000] {processor.py:208} INFO - Processing /home/ubuntu/airflow-venv/lib/python3.12/site-packages/airflow/example_dags/example_branch_python_dop_operator_3.py took 0.153 seconds
[2026-02-24T18:06:20.538+0000] {processor.py:186} INFO - Started process (PID=44845) to work on /home/ubuntu/airflow-venv/lib/python3.12/site-packages/airflow/example_dags/example_branch_python_dop_operator_3.py
[2026-02-24T18:06:20.539+0000] {processor.py:914} INFO - Processing file /home/ubuntu/airflow-venv/lib/python3.12/site-packages/airflow/example_dags/example_branch_python_dop_operator_3.py for tasks to queue
[2026-02-24T18:06:20.541+0000] {logging_mixin.py:190} INFO - [2026-02-24T18:06:20.540+0000] {dagbag.py:588} INFO - Filling up the DagBag from /home/ubuntu/airflow-venv/lib/python3.12/site-packages/airflow/example_dags/example_branch_python_dop_operator_3.py
[2026-02-24T18:06:20.549+0000] {processor.py:925} INFO - DAG(s) 'example_branch_dop_operator_v3' retrieved from /home/ubuntu/airflow-venv/lib/python3.12/site-packages/airflow/example_dags/example_branch_python_dop_operator_3.py
[2026-02-24T18:06:20.560+0000] {logging_mixin.py:190} INFO - [2026-02-24T18:06:20.560+0000] {dag.py:3239} INFO - Sync 1 DAGs
[2026-02-24T18:06:20.576+0000] {logging_mixin.py:190} INFO - [2026-02-24T18:06:20.576+0000] {dag.py:4180} INFO - Setting next_dagrun for example_branch_dop_operator_v3 to 2026-02-24 18:05:00+00:00, run_after=2026-02-24 18:06:00+00:00
[2026-02-24T18:06:20.594+0000] {processor.py:208} INFO - Processing /home/ubuntu/airflow-venv/lib/python3.12/site-packages/airflow/example_dags/example_branch_python_dop_operator_3.py took 0.061 seconds
[2026-02-24T18:07:15.603+0000] {processor.py:186} INFO - Started process (PID=44902) to work on /home/ubuntu/airflow-venv/lib/python3.12/site-packages/airflow/example_dags/example_branch_python_dop_operator_3.py
[2026-02-24T18:07:15.604+0000] {processor.py:914} INFO - Processing file /home/ubuntu/airflow-venv/lib/python3.12/site-packages/airflow/example_dags/example_branch_python_dop_operator_3.py for tasks to queue
[2026-02-24T18:07:15.606+0000] {logging_mixin.py:190} INFO - [2026-02-24T18:07:15.606+0000] {dagbag.py:588} INFO - Filling up the DagBag from /home/ubuntu/airflow-venv/lib/python3.12/site-packages/airflow/example_dags/example_branch_python_dop_operator_3.py
[2026-02-24T18:07:15.614+0000] {processor.py:925} INFO - DAG(s) 'example_branch_dop_operator_v3' retrieved from /home/ubuntu/airflow-venv/lib/python3.12/site-packages/airflow/example_dags/example_branch_python_dop_operator_3.py
[2026-02-24T18:07:15.625+0000] {logging_mixin.py:190} INFO - [2026-02-24T18:07:15.625+0000] {dag.py:3239} INFO - Sync 1 DAGs
[2026-02-24T18:07:15.641+0000] {logging_mixin.py:190} INFO - [2026-02-24T18:07:15.641+0000] {dag.py:4180} INFO - Setting next_dagrun for example_branch_dop_operator_v3 to 2026-02-24 18:06:00+00:00, run_after=2026-02-24 18:07:00+00:00
[2026-02-24T18:07:15.659+0000] {processor.py:208} INFO - Processing /home/ubuntu/airflow-venv/lib/python3.12/site-packages/airflow/example_dags/example_branch_python_dop_operator_3.py took 0.060 seconds
[2026-02-24T18:08:29.394+0000] {processor.py:186} INFO - Started process (PID=44979) to work on /home/ubuntu/airflow-venv/lib/python3.12/site-packages/airflow/example_dags/example_branch_python_dop_operator_3.py
[2026-02-24T18:08:29.395+0000] {processor.py:914} INFO - Processing file /home/ubuntu/airflow-venv/lib/python3.12/site-packages/airflow/example_dags/example_branch_python_dop_operator_3.py for tasks to queue
[2026-02-24T18:08:29.397+0000] {logging_mixin.py:190} INFO - [2026-02-24T18:08:29.397+0000] {dagbag.py:588} INFO - Filling up the DagBag from /home/ubuntu/airflow-venv/lib/python3.12/site-packages/airflow/example_dags/example_branch_python_dop_operator_3.py
[2026-02-24T18:08:29.405+0000] {processor.py:925} INFO - DAG(s) 'example_branch_dop_operator_v3' retrieved from /home/ubuntu/airflow-venv/lib/python3.12/site-packages/airflow/example_dags/example_branch_python_dop_operator_3.py
[2026-02-24T18:08:29.417+0000] {logging_mixin.py:190} INFO - [2026-02-24T18:08:29.417+0000] {dag.py:3239} INFO - Sync 1 DAGs
[2026-02-24T18:08:29.433+0000] {logging_mixin.py:190} INFO - [2026-02-24T18:08:29.433+0000] {dag.py:4180} INFO - Setting next_dagrun for example_branch_dop_operator_v3 to 2026-02-24 18:07:00+00:00, run_after=2026-02-24 18:08:00+00:00
[2026-02-24T18:08:29.452+0000] {processor.py:208} INFO - Processing /home/ubuntu/airflow-venv/lib/python3.12/site-packages/airflow/example_dags/example_branch_python_dop_operator_3.py took 0.062 seconds
[2026-02-24T18:09:43.180+0000] {processor.py:186} INFO - Started process (PID=45057) to work on /home/ubuntu/airflow-venv/lib/python3.12/site-packages/airflow/example_dags/example_branch_python_dop_operator_3.py
[2026-02-24T18:09:43.181+0000] {processor.py:914} INFO - Processing file /home/ubuntu/airflow-venv/lib/python3.12/site-packages/airflow/example_dags/example_branch_python_dop_operator_3.py for tasks to queue
[2026-02-24T18:09:43.183+0000] {logging_mixin.py:190} INFO - [2026-02-24T18:09:43.182+0000] {dagbag.py:588} INFO - Filling up the DagBag from /home/ubuntu/airflow-venv/lib/python3.12/site-packages/airflow/example_dags/example_branch_python_dop_operator_3.py
[2026-02-24T18:09:43.191+0000] {processor.py:925} INFO - DAG(s) 'example_branch_dop_operator_v3' retrieved from /home/ubuntu/airflow-venv/lib/python3.12/site-packages/airflow/example_dags/example_branch_python_dop_operator_3.py
[2026-02-24T18:09:43.202+0000] {logging_mixin.py:190} INFO - [2026-02-24T18:09:43.202+0000] {dag.py:3239} INFO - Sync 1 DAGs
[2026-02-24T18:09:43.218+0000] {logging_mixin.py:190} INFO - [2026-02-24T18:09:43.217+0000] {dag.py:4180} INFO - Setting next_dagrun for example_branch_dop_operator_v3 to 2026-02-24 18:08:00+00:00, run_after=2026-02-24 18:09:00+00:00
[2026-02-24T18:09:43.235+0000] {processor.py:208} INFO - Processing /home/ubuntu/airflow-venv/lib/python3.12/site-packages/airflow/example_dags/example_branch_python_dop_operator_3.py took 0.060 seconds
[2026-02-24T18:10:58.053+0000] {processor.py:186} INFO - Started process (PID=45140) to work on /home/ubuntu/airflow-venv/lib/python3.12/site-packages/airflow/example_dags/example_branch_python_dop_operator_3.py
[2026-02-24T18:10:58.055+0000] {processor.py:914} INFO - Processing file /home/ubuntu/airflow-venv/lib/python3.12/site-packages/airflow/example_dags/example_branch_python_dop_operator_3.py for tasks to queue
[2026-02-24T18:10:58.056+0000] {logging_mixin.py:190} INFO - [2026-02-24T18:10:58.056+0000] {dagbag.py:588} INFO - Filling up the DagBag from /home/ubuntu/airflow-venv/lib/python3.12/site-packages/airflow/example_dags/example_branch_python_dop_operator_3.py
[2026-02-24T18:10:58.064+0000] {processor.py:925} INFO - DAG(s) 'example_branch_dop_operator_v3' retrieved from /home/ubuntu/airflow-venv/lib/python3.12/site-packages/airflow/example_dags/example_branch_python_dop_operator_3.py
[2026-02-24T18:10:58.075+0000] {logging_mixin.py:190} INFO - [2026-02-24T18:10:58.075+0000] {dag.py:3239} INFO - Sync 1 DAGs
[2026-02-24T18:10:58.091+0000] {logging_mixin.py:190} INFO - [2026-02-24T18:10:58.091+0000] {dag.py:4180} INFO - Setting next_dagrun for example_branch_dop_operator_v3 to 2026-02-24 18:09:00+00:00, run_after=2026-02-24 18:10:00+00:00
[2026-02-24T18:10:58.109+0000] {processor.py:208} INFO - Processing /home/ubuntu/airflow-venv/lib/python3.12/site-packages/airflow/example_dags/example_branch_python_dop_operator_3.py took 0.060 seconds
[2026-02-24T18:12:14.794+0000] {processor.py:186} INFO - Started process (PID=45218) to work on /home/ubuntu/airflow-venv/lib/python3.12/site-packages/airflow/example_dags/example_branch_python_dop_operator_3.py
[2026-02-24T18:12:14.796+0000] {processor.py:914} INFO - Processing file /home/ubuntu/airflow-venv/lib/python3.12/site-packages/airflow/example_dags/example_branch_python_dop_operator_3.py for tasks to queue
[2026-02-24T18:12:14.798+0000] {logging_mixin.py:190} INFO - [2026-02-24T18:12:14.797+0000] {dagbag.py:588} INFO - Filling up the DagBag from /home/ubuntu/airflow-venv/lib/python3.12/site-packages/airflow/example_dags/example_branch_python_dop_operator_3.py
[2026-02-24T18:12:14.805+0000] {processor.py:925} INFO - DAG(s) 'example_branch_dop_operator_v3' retrieved from /home/ubuntu/airflow-venv/lib/python3.12/site-packages/airflow/example_dags/example_branch_python_dop_operator_3.py
[2026-02-24T18:12:14.817+0000] {logging_mixin.py:190} INFO - [2026-02-24T18:12:14.817+0000] {dag.py:3239} INFO - Sync 1 DAGs
[2026-02-24T18:12:14.832+0000] {logging_mixin.py:190} INFO - [2026-02-24T18:12:14.832+0000] {dag.py:4180} INFO - Setting next_dagrun for example_branch_dop_operator_v3 to 2026-02-24 18:11:00+00:00, run_after=2026-02-24 18:12:00+00:00
[2026-02-24T18:12:14.850+0000] {processor.py:208} INFO - Processing /home/ubuntu/airflow-venv/lib/python3.12/site-packages/airflow/example_dags/example_branch_python_dop_operator_3.py took 0.060 seconds
[2026-02-24T18:13:29.281+0000] {processor.py:186} INFO - Started process (PID=45297) to work on /home/ubuntu/airflow-venv/lib/python3.12/site-packages/airflow/example_dags/example_branch_python_dop_operator_3.py
[2026-02-24T18:13:29.282+0000] {processor.py:914} INFO - Processing file /home/ubuntu/airflow-venv/lib/python3.12/site-packages/airflow/example_dags/example_branch_python_dop_operator_3.py for tasks to queue
[2026-02-24T18:13:29.284+0000] {logging_mixin.py:190} INFO - [2026-02-24T18:13:29.284+0000] {dagbag.py:588} INFO - Filling up the DagBag from /home/ubuntu/airflow-venv/lib/python3.12/site-packages/airflow/example_dags/example_branch_python_dop_operator_3.py
[2026-02-24T18:13:29.292+0000] {processor.py:925} INFO - DAG(s) 'example_branch_dop_operator_v3' retrieved from /home/ubuntu/airflow-venv/lib/python3.12/site-packages/airflow/example_dags/example_branch_python_dop_operator_3.py
[2026-02-24T18:13:29.304+0000] {logging_mixin.py:190} INFO - [2026-02-24T18:13:29.304+0000] {dag.py:3239} INFO - Sync 1 DAGs
[2026-02-24T18:13:29.320+0000] {logging_mixin.py:190} INFO - [2026-02-24T18:13:29.320+0000] {dag.py:4180} INFO - Setting next_dagrun for example_branch_dop_operator_v3 to 2026-02-24 18:12:00+00:00, run_after=2026-02-24 18:13:00+00:00
[2026-02-24T18:13:29.338+0000] {processor.py:208} INFO - Processing /home/ubuntu/airflow-venv/lib/python3.12/site-packages/airflow/example_dags/example_branch_python_dop_operator_3.py took 0.062 seconds
[2026-02-24T18:14:43.999+0000] {processor.py:186} INFO - Started process (PID=45374) to work on /home/ubuntu/airflow-venv/lib/python3.12/site-packages/airflow/example_dags/example_branch_python_dop_operator_3.py
[2026-02-24T18:14:44.001+0000] {processor.py:914} INFO - Processing file /home/ubuntu/airflow-venv/lib/python3.12/site-packages/airflow/example_dags/example_branch_python_dop_operator_3.py for tasks to queue
[2026-02-24T18:14:44.002+0000] {logging_mixin.py:190} INFO - [2026-02-24T18:14:44.002+0000] {dagbag.py:588} INFO - Filling up the DagBag from /home/ubuntu/airflow-venv/lib/python3.12/site-packages/airflow/example_dags/example_branch_python_dop_operator_3.py
[2026-02-24T18:14:44.010+0000] {processor.py:925} INFO - DAG(s) 'example_branch_dop_operator_v3' retrieved from /home/ubuntu/airflow-venv/lib/python3.12/site-packages/airflow/example_dags/example_branch_python_dop_operator_3.py
[2026-02-24T18:14:44.022+0000] {logging_mixin.py:190} INFO - [2026-02-24T18:14:44.022+0000] {dag.py:3239} INFO - Sync 1 DAGs
[2026-02-24T18:14:44.038+0000] {logging_mixin.py:190} INFO - [2026-02-24T18:14:44.038+0000] {dag.py:4180} INFO - Setting next_dagrun for example_branch_dop_operator_v3 to 2026-02-24 18:13:00+00:00, run_after=2026-02-24 18:14:00+00:00
[2026-02-24T18:14:44.057+0000] {processor.py:208} INFO - Processing /home/ubuntu/airflow-venv/lib/python3.12/site-packages/airflow/example_dags/example_branch_python_dop_operator_3.py took 0.062 seconds
[2026-02-24T18:16:00.511+0000] {processor.py:186} INFO - Started process (PID=45457) to work on /home/ubuntu/airflow-venv/lib/python3.12/site-packages/airflow/example_dags/example_branch_python_dop_operator_3.py
[2026-02-24T18:16:00.512+0000] {processor.py:914} INFO - Processing file /home/ubuntu/airflow-venv/lib/python3.12/site-packages/airflow/example_dags/example_branch_python_dop_operator_3.py for tasks to queue
[2026-02-24T18:16:00.514+0000] {logging_mixin.py:190} INFO - [2026-02-24T18:16:00.514+0000] {dagbag.py:588} INFO - Filling up the DagBag from /home/ubuntu/airflow-venv/lib/python3.12/site-packages/airflow/example_dags/example_branch_python_dop_operator_3.py
[2026-02-24T18:16:00.522+0000] {processor.py:925} INFO - DAG(s) 'example_branch_dop_operator_v3' retrieved from /home/ubuntu/airflow-venv/lib/python3.12/site-packages/airflow/example_dags/example_branch_python_dop_operator_3.py
[2026-02-24T18:16:00.534+0000] {logging_mixin.py:190} INFO - [2026-02-24T18:16:00.534+0000] {dag.py:3239} INFO - Sync 1 DAGs
[2026-02-24T18:16:00.550+0000] {logging_mixin.py:190} INFO - [2026-02-24T18:16:00.550+0000] {dag.py:4180} INFO - Setting next_dagrun for example_branch_dop_operator_v3 to 2026-02-24 18:15:00+00:00, run_after=2026-02-24 18:16:00+00:00
[2026-02-24T18:16:00.568+0000] {processor.py:208} INFO - Processing /home/ubuntu/airflow-venv/lib/python3.12/site-packages/airflow/example_dags/example_branch_python_dop_operator_3.py took 0.062 seconds
[2026-02-24T18:17:15.269+0000] {processor.py:186} INFO - Started process (PID=45540) to work on /home/ubuntu/airflow-venv/lib/python3.12/site-packages/airflow/example_dags/example_branch_python_dop_operator_3.py
[2026-02-24T18:17:15.270+0000] {processor.py:914} INFO - Processing file /home/ubuntu/airflow-venv/lib/python3.12/site-packages/airflow/example_dags/example_branch_python_dop_operator_3.py for tasks to queue
[2026-02-24T18:17:15.272+0000] {logging_mixin.py:190} INFO - [2026-02-24T18:17:15.271+0000] {dagbag.py:588} INFO - Filling up the DagBag from /home/ubuntu/airflow-venv/lib/python3.12/site-packages/airflow/example_dags/example_branch_python_dop_operator_3.py
[2026-02-24T18:17:15.279+0000] {processor.py:925} INFO - DAG(s) 'example_branch_dop_operator_v3' retrieved from /home/ubuntu/airflow-venv/lib/python3.12/site-packages/airflow/example_dags/example_branch_python_dop_operator_3.py
[2026-02-24T18:17:15.291+0000] {logging_mixin.py:190} INFO - [2026-02-24T18:17:15.290+0000] {dag.py:3239} INFO - Sync 1 DAGs
[2026-02-24T18:17:15.308+0000] {logging_mixin.py:190} INFO - [2026-02-24T18:17:15.308+0000] {dag.py:4180} INFO - Setting next_dagrun for example_branch_dop_operator_v3 to 2026-02-24 18:16:00+00:00, run_after=2026-02-24 18:17:00+00:00
[2026-02-24T18:17:15.327+0000] {processor.py:208} INFO - Processing /home/ubuntu/airflow-venv/lib/python3.12/site-packages/airflow/example_dags/example_branch_python_dop_operator_3.py took 0.063 seconds
[2026-02-24T18:18:07.789+0000] {processor.py:186} INFO - Started process (PID=45595) to work on /home/ubuntu/airflow-venv/lib/python3.12/site-packages/airflow/example_dags/example_branch_python_dop_operator_3.py
[2026-02-24T18:18:07.790+0000] {processor.py:914} INFO - Processing file /home/ubuntu/airflow-venv/lib/python3.12/site-packages/airflow/example_dags/example_branch_python_dop_operator_3.py for tasks to queue
[2026-02-24T18:18:07.792+0000] {logging_mixin.py:190} INFO - [2026-02-24T18:18:07.791+0000] {dagbag.py:588} INFO - Filling up the DagBag from /home/ubuntu/airflow-venv/lib/python3.12/site-packages/airflow/example_dags/example_branch_python_dop_operator_3.py
[2026-02-24T18:18:07.800+0000] {processor.py:925} INFO - DAG(s) 'example_branch_dop_operator_v3' retrieved from /home/ubuntu/airflow-venv/lib/python3.12/site-packages/airflow/example_dags/example_branch_python_dop_operator_3.py
[2026-02-24T18:18:07.811+0000] {logging_mixin.py:190} INFO - [2026-02-24T18:18:07.811+0000] {dag.py:3239} INFO - Sync 1 DAGs
[2026-02-24T18:18:07.827+0000] {logging_mixin.py:190} INFO - [2026-02-24T18:18:07.827+0000] {dag.py:4180} INFO - Setting next_dagrun for example_branch_dop_operator_v3 to 2026-02-24 18:17:00+00:00, run_after=2026-02-24 18:18:00+00:00
[2026-02-24T18:18:07.845+0000] {processor.py:208} INFO - Processing /home/ubuntu/airflow-venv/lib/python3.12/site-packages/airflow/example_dags/example_branch_python_dop_operator_3.py took 0.060 seconds
[2026-02-24T18:19:25.909+0000] {processor.py:186} INFO - Started process (PID=45674) to work on /home/ubuntu/airflow-venv/lib/python3.12/site-packages/airflow/example_dags/example_branch_python_dop_operator_3.py
[2026-02-24T18:19:25.911+0000] {processor.py:914} INFO - Processing file /home/ubuntu/airflow-venv/lib/python3.12/site-packages/airflow/example_dags/example_branch_python_dop_operator_3.py for tasks to queue
[2026-02-24T18:19:25.912+0000] {logging_mixin.py:190} INFO - [2026-02-24T18:19:25.912+0000] {dagbag.py:588} INFO - Filling up the DagBag from /home/ubuntu/airflow-venv/lib/python3.12/site-packages/airflow/example_dags/example_branch_python_dop_operator_3.py
[2026-02-24T18:19:25.920+0000] {processor.py:925} INFO - DAG(s) 'example_branch_dop_operator_v3' retrieved from /home/ubuntu/airflow-venv/lib/python3.12/site-packages/airflow/example_dags/example_branch_python_dop_operator_3.py
[2026-02-24T18:19:25.931+0000] {logging_mixin.py:190} INFO - [2026-02-24T18:19:25.931+0000] {dag.py:3239} INFO - Sync 1 DAGs
[2026-02-24T18:19:25.947+0000] {logging_mixin.py:190} INFO - [2026-02-24T18:19:25.946+0000] {dag.py:4180} INFO - Setting next_dagrun for example_branch_dop_operator_v3 to 2026-02-24 18:18:00+00:00, run_after=2026-02-24 18:19:00+00:00
[2026-02-24T18:19:25.965+0000] {processor.py:208} INFO - Processing /home/ubuntu/airflow-venv/lib/python3.12/site-packages/airflow/example_dags/example_branch_python_dop_operator_3.py took 0.060 seconds
