[2026-02-24T17:59:02.393+0000] {processor.py:186} INFO - Started process (PID=43642) to work on /home/ubuntu/airflow-venv/lib/python3.12/site-packages/airflow/example_dags/example_xcomargs.py
[2026-02-24T17:59:02.393+0000] {processor.py:914} INFO - Processing file /home/ubuntu/airflow-venv/lib/python3.12/site-packages/airflow/example_dags/example_xcomargs.py for tasks to queue
[2026-02-24T17:59:02.395+0000] {logging_mixin.py:190} INFO - [2026-02-24T17:59:02.395+0000] {dagbag.py:588} INFO - Filling up the DagBag from /home/ubuntu/airflow-venv/lib/python3.12/site-packages/airflow/example_dags/example_xcomargs.py
[2026-02-24T17:59:02.403+0000] {processor.py:925} INFO - DAG(s) 'example_xcom_args', 'example_xcom_args_with_operators' retrieved from /home/ubuntu/airflow-venv/lib/python3.12/site-packages/airflow/example_dags/example_xcomargs.py
[2026-02-24T17:59:02.481+0000] {logging_mixin.py:190} INFO - [2026-02-24T17:59:02.480+0000] {override.py:1900} INFO - Created Permission View: can edit on DAG:example_xcom_args
[2026-02-24T17:59:02.493+0000] {logging_mixin.py:190} INFO - [2026-02-24T17:59:02.492+0000] {override.py:1900} INFO - Created Permission View: can delete on DAG:example_xcom_args
[2026-02-24T17:59:02.502+0000] {logging_mixin.py:190} INFO - [2026-02-24T17:59:02.502+0000] {override.py:1900} INFO - Created Permission View: can read on DAG:example_xcom_args
[2026-02-24T17:59:02.517+0000] {logging_mixin.py:190} INFO - [2026-02-24T17:59:02.517+0000] {override.py:1900} INFO - Created Permission View: can delete on DAG Run:example_xcom_args
[2026-02-24T17:59:02.526+0000] {logging_mixin.py:190} INFO - [2026-02-24T17:59:02.526+0000] {override.py:1900} INFO - Created Permission View: menu access on DAG Run:example_xcom_args
[2026-02-24T17:59:02.535+0000] {logging_mixin.py:190} INFO - [2026-02-24T17:59:02.535+0000] {override.py:1900} INFO - Created Permission View: can create on DAG Run:example_xcom_args
[2026-02-24T17:59:02.544+0000] {logging_mixin.py:190} INFO - [2026-02-24T17:59:02.544+0000] {override.py:1900} INFO - Created Permission View: can read on DAG Run:example_xcom_args
[2026-02-24T17:59:02.566+0000] {logging_mixin.py:190} INFO - [2026-02-24T17:59:02.565+0000] {override.py:1900} INFO - Created Permission View: can edit on DAG:example_xcom_args_with_operators
[2026-02-24T17:59:02.575+0000] {logging_mixin.py:190} INFO - [2026-02-24T17:59:02.575+0000] {override.py:1900} INFO - Created Permission View: can delete on DAG:example_xcom_args_with_operators
[2026-02-24T17:59:02.584+0000] {logging_mixin.py:190} INFO - [2026-02-24T17:59:02.583+0000] {override.py:1900} INFO - Created Permission View: can read on DAG:example_xcom_args_with_operators
[2026-02-24T17:59:02.600+0000] {logging_mixin.py:190} INFO - [2026-02-24T17:59:02.600+0000] {override.py:1900} INFO - Created Permission View: can delete on DAG Run:example_xcom_args_with_operators
[2026-02-24T17:59:02.609+0000] {logging_mixin.py:190} INFO - [2026-02-24T17:59:02.609+0000] {override.py:1900} INFO - Created Permission View: menu access on DAG Run:example_xcom_args_with_operators
[2026-02-24T17:59:02.618+0000] {logging_mixin.py:190} INFO - [2026-02-24T17:59:02.618+0000] {override.py:1900} INFO - Created Permission View: can create on DAG Run:example_xcom_args_with_operators
[2026-02-24T17:59:02.627+0000] {logging_mixin.py:190} INFO - [2026-02-24T17:59:02.626+0000] {override.py:1900} INFO - Created Permission View: can read on DAG Run:example_xcom_args_with_operators
[2026-02-24T17:59:02.627+0000] {logging_mixin.py:190} INFO - [2026-02-24T17:59:02.627+0000] {dag.py:3239} INFO - Sync 2 DAGs
[2026-02-24T17:59:02.636+0000] {logging_mixin.py:190} INFO - [2026-02-24T17:59:02.636+0000] {dag.py:3262} INFO - Creating ORM DAG for example_xcom_args_with_operators
[2026-02-24T17:59:02.637+0000] {logging_mixin.py:190} INFO - [2026-02-24T17:59:02.637+0000] {dag.py:3262} INFO - Creating ORM DAG for example_xcom_args
[2026-02-24T17:59:02.637+0000] {logging_mixin.py:190} INFO - [2026-02-24T17:59:02.637+0000] {dag.py:4180} INFO - Setting next_dagrun for example_xcom_args to None, run_after=None
[2026-02-24T17:59:02.637+0000] {logging_mixin.py:190} INFO - [2026-02-24T17:59:02.637+0000] {dag.py:4180} INFO - Setting next_dagrun for example_xcom_args_with_operators to None, run_after=None
[2026-02-24T17:59:02.654+0000] {processor.py:208} INFO - Processing /home/ubuntu/airflow-venv/lib/python3.12/site-packages/airflow/example_dags/example_xcomargs.py took 0.265 seconds
[2026-02-24T18:00:03.550+0000] {processor.py:186} INFO - Started process (PID=43699) to work on /home/ubuntu/airflow-venv/lib/python3.12/site-packages/airflow/example_dags/example_xcomargs.py
[2026-02-24T18:00:03.551+0000] {processor.py:914} INFO - Processing file /home/ubuntu/airflow-venv/lib/python3.12/site-packages/airflow/example_dags/example_xcomargs.py for tasks to queue
[2026-02-24T18:00:03.553+0000] {logging_mixin.py:190} INFO - [2026-02-24T18:00:03.552+0000] {dagbag.py:588} INFO - Filling up the DagBag from /home/ubuntu/airflow-venv/lib/python3.12/site-packages/airflow/example_dags/example_xcomargs.py
[2026-02-24T18:00:03.561+0000] {processor.py:925} INFO - DAG(s) 'example_xcom_args', 'example_xcom_args_with_operators' retrieved from /home/ubuntu/airflow-venv/lib/python3.12/site-packages/airflow/example_dags/example_xcomargs.py
[2026-02-24T18:00:03.574+0000] {logging_mixin.py:190} INFO - [2026-02-24T18:00:03.574+0000] {dag.py:3239} INFO - Sync 2 DAGs
[2026-02-24T18:00:03.583+0000] {logging_mixin.py:190} INFO - [2026-02-24T18:00:03.583+0000] {dag.py:4180} INFO - Setting next_dagrun for example_xcom_args to None, run_after=None
[2026-02-24T18:00:03.585+0000] {logging_mixin.py:190} INFO - [2026-02-24T18:00:03.585+0000] {dag.py:4180} INFO - Setting next_dagrun for example_xcom_args_with_operators to None, run_after=None
[2026-02-24T18:00:03.601+0000] {processor.py:208} INFO - Processing /home/ubuntu/airflow-venv/lib/python3.12/site-packages/airflow/example_dags/example_xcomargs.py took 0.055 seconds
[2026-02-24T18:00:55.966+0000] {processor.py:186} INFO - Started process (PID=43763) to work on /home/ubuntu/airflow-venv/lib/python3.12/site-packages/airflow/example_dags/example_xcomargs.py
[2026-02-24T18:00:55.967+0000] {processor.py:914} INFO - Processing file /home/ubuntu/airflow-venv/lib/python3.12/site-packages/airflow/example_dags/example_xcomargs.py for tasks to queue
[2026-02-24T18:00:55.968+0000] {logging_mixin.py:190} INFO - [2026-02-24T18:00:55.968+0000] {dagbag.py:588} INFO - Filling up the DagBag from /home/ubuntu/airflow-venv/lib/python3.12/site-packages/airflow/example_dags/example_xcomargs.py
[2026-02-24T18:00:55.976+0000] {processor.py:925} INFO - DAG(s) 'example_xcom_args_with_operators', 'example_xcom_args' retrieved from /home/ubuntu/airflow-venv/lib/python3.12/site-packages/airflow/example_dags/example_xcomargs.py
[2026-02-24T18:00:55.990+0000] {logging_mixin.py:190} INFO - [2026-02-24T18:00:55.990+0000] {dag.py:3239} INFO - Sync 2 DAGs
[2026-02-24T18:00:55.999+0000] {logging_mixin.py:190} INFO - [2026-02-24T18:00:55.999+0000] {dag.py:4180} INFO - Setting next_dagrun for example_xcom_args to None, run_after=None
[2026-02-24T18:00:56.001+0000] {logging_mixin.py:190} INFO - [2026-02-24T18:00:56.001+0000] {dag.py:4180} INFO - Setting next_dagrun for example_xcom_args_with_operators to None, run_after=None
[2026-02-24T18:00:56.017+0000] {processor.py:208} INFO - Processing /home/ubuntu/airflow-venv/lib/python3.12/site-packages/airflow/example_dags/example_xcomargs.py took 0.055 seconds
[2026-02-24T18:01:46.158+0000] {processor.py:186} INFO - Started process (PID=43813) to work on /home/ubuntu/airflow-venv/lib/python3.12/site-packages/airflow/example_dags/example_xcomargs.py
[2026-02-24T18:01:46.160+0000] {processor.py:914} INFO - Processing file /home/ubuntu/airflow-venv/lib/python3.12/site-packages/airflow/example_dags/example_xcomargs.py for tasks to queue
[2026-02-24T18:01:46.161+0000] {logging_mixin.py:190} INFO - [2026-02-24T18:01:46.161+0000] {dagbag.py:588} INFO - Filling up the DagBag from /home/ubuntu/airflow-venv/lib/python3.12/site-packages/airflow/example_dags/example_xcomargs.py
[2026-02-24T18:01:46.169+0000] {processor.py:925} INFO - DAG(s) 'example_xcom_args_with_operators', 'example_xcom_args' retrieved from /home/ubuntu/airflow-venv/lib/python3.12/site-packages/airflow/example_dags/example_xcomargs.py
[2026-02-24T18:01:46.182+0000] {logging_mixin.py:190} INFO - [2026-02-24T18:01:46.182+0000] {dag.py:3239} INFO - Sync 2 DAGs
[2026-02-24T18:01:46.191+0000] {logging_mixin.py:190} INFO - [2026-02-24T18:01:46.191+0000] {dag.py:4180} INFO - Setting next_dagrun for example_xcom_args to None, run_after=None
[2026-02-24T18:01:46.193+0000] {logging_mixin.py:190} INFO - [2026-02-24T18:01:46.193+0000] {dag.py:4180} INFO - Setting next_dagrun for example_xcom_args_with_operators to None, run_after=None
[2026-02-24T18:01:46.210+0000] {processor.py:208} INFO - Processing /home/ubuntu/airflow-venv/lib/python3.12/site-packages/airflow/example_dags/example_xcomargs.py took 0.055 seconds
[2026-02-24T18:02:40.323+0000] {processor.py:186} INFO - Started process (PID=44236) to work on /home/ubuntu/airflow-venv/lib/python3.12/site-packages/airflow/example_dags/example_xcomargs.py
[2026-02-24T18:02:40.324+0000] {processor.py:914} INFO - Processing file /home/ubuntu/airflow-venv/lib/python3.12/site-packages/airflow/example_dags/example_xcomargs.py for tasks to queue
[2026-02-24T18:02:40.327+0000] {logging_mixin.py:190} INFO - [2026-02-24T18:02:40.326+0000] {dagbag.py:588} INFO - Filling up the DagBag from /home/ubuntu/airflow-venv/lib/python3.12/site-packages/airflow/example_dags/example_xcomargs.py
[2026-02-24T18:02:40.340+0000] {processor.py:925} INFO - DAG(s) 'example_xcom_args_with_operators', 'example_xcom_args' retrieved from /home/ubuntu/airflow-venv/lib/python3.12/site-packages/airflow/example_dags/example_xcomargs.py
[2026-02-24T18:02:40.358+0000] {logging_mixin.py:190} INFO - [2026-02-24T18:02:40.358+0000] {dag.py:3239} INFO - Sync 2 DAGs
[2026-02-24T18:02:40.370+0000] {logging_mixin.py:190} INFO - [2026-02-24T18:02:40.370+0000] {dag.py:4180} INFO - Setting next_dagrun for example_xcom_args to None, run_after=None
[2026-02-24T18:02:40.373+0000] {logging_mixin.py:190} INFO - [2026-02-24T18:02:40.373+0000] {dag.py:4180} INFO - Setting next_dagrun for example_xcom_args_with_operators to None, run_after=None
[2026-02-24T18:02:40.393+0000] {processor.py:208} INFO - Processing /home/ubuntu/airflow-venv/lib/python3.12/site-packages/airflow/example_dags/example_xcomargs.py took 0.075 seconds
[2026-02-24T18:03:33.136+0000] {processor.py:186} INFO - Started process (PID=44296) to work on /home/ubuntu/airflow-venv/lib/python3.12/site-packages/airflow/example_dags/example_xcomargs.py
[2026-02-24T18:03:33.137+0000] {processor.py:914} INFO - Processing file /home/ubuntu/airflow-venv/lib/python3.12/site-packages/airflow/example_dags/example_xcomargs.py for tasks to queue
[2026-02-24T18:03:33.138+0000] {logging_mixin.py:190} INFO - [2026-02-24T18:03:33.138+0000] {dagbag.py:588} INFO - Filling up the DagBag from /home/ubuntu/airflow-venv/lib/python3.12/site-packages/airflow/example_dags/example_xcomargs.py
[2026-02-24T18:03:33.146+0000] {processor.py:925} INFO - DAG(s) 'example_xcom_args', 'example_xcom_args_with_operators' retrieved from /home/ubuntu/airflow-venv/lib/python3.12/site-packages/airflow/example_dags/example_xcomargs.py
[2026-02-24T18:03:33.159+0000] {logging_mixin.py:190} INFO - [2026-02-24T18:03:33.159+0000] {dag.py:3239} INFO - Sync 2 DAGs
[2026-02-24T18:03:33.168+0000] {logging_mixin.py:190} INFO - [2026-02-24T18:03:33.168+0000] {dag.py:4180} INFO - Setting next_dagrun for example_xcom_args to None, run_after=None
[2026-02-24T18:03:33.170+0000] {logging_mixin.py:190} INFO - [2026-02-24T18:03:33.170+0000] {dag.py:4180} INFO - Setting next_dagrun for example_xcom_args_with_operators to None, run_after=None
[2026-02-24T18:03:33.186+0000] {processor.py:208} INFO - Processing /home/ubuntu/airflow-venv/lib/python3.12/site-packages/airflow/example_dags/example_xcomargs.py took 0.054 seconds
[2026-02-24T18:04:21.004+0000] {processor.py:186} INFO - Started process (PID=44713) to work on /home/ubuntu/airflow-venv/lib/python3.12/site-packages/airflow/example_dags/example_xcomargs.py
[2026-02-24T18:04:21.005+0000] {processor.py:914} INFO - Processing file /home/ubuntu/airflow-venv/lib/python3.12/site-packages/airflow/example_dags/example_xcomargs.py for tasks to queue
[2026-02-24T18:04:21.007+0000] {logging_mixin.py:190} INFO - [2026-02-24T18:04:21.007+0000] {dagbag.py:588} INFO - Filling up the DagBag from /home/ubuntu/airflow-venv/lib/python3.12/site-packages/airflow/example_dags/example_xcomargs.py
[2026-02-24T18:04:21.015+0000] {processor.py:925} INFO - DAG(s) 'example_xcom_args', 'example_xcom_args_with_operators' retrieved from /home/ubuntu/airflow-venv/lib/python3.12/site-packages/airflow/example_dags/example_xcomargs.py
[2026-02-24T18:04:21.028+0000] {logging_mixin.py:190} INFO - [2026-02-24T18:04:21.028+0000] {dag.py:3239} INFO - Sync 2 DAGs
[2026-02-24T18:04:21.036+0000] {logging_mixin.py:190} INFO - [2026-02-24T18:04:21.036+0000] {dag.py:4180} INFO - Setting next_dagrun for example_xcom_args to None, run_after=None
[2026-02-24T18:04:21.038+0000] {logging_mixin.py:190} INFO - [2026-02-24T18:04:21.038+0000] {dag.py:4180} INFO - Setting next_dagrun for example_xcom_args_with_operators to None, run_after=None
[2026-02-24T18:04:21.054+0000] {processor.py:208} INFO - Processing /home/ubuntu/airflow-venv/lib/python3.12/site-packages/airflow/example_dags/example_xcomargs.py took 0.054 seconds
[2026-02-24T18:05:10.730+0000] {processor.py:186} INFO - Started process (PID=44767) to work on /home/ubuntu/airflow-venv/lib/python3.12/site-packages/airflow/example_dags/example_xcomargs.py
[2026-02-24T18:05:10.731+0000] {processor.py:914} INFO - Processing file /home/ubuntu/airflow-venv/lib/python3.12/site-packages/airflow/example_dags/example_xcomargs.py for tasks to queue
[2026-02-24T18:05:10.732+0000] {logging_mixin.py:190} INFO - [2026-02-24T18:05:10.732+0000] {dagbag.py:588} INFO - Filling up the DagBag from /home/ubuntu/airflow-venv/lib/python3.12/site-packages/airflow/example_dags/example_xcomargs.py
[2026-02-24T18:05:10.740+0000] {processor.py:925} INFO - DAG(s) 'example_xcom_args', 'example_xcom_args_with_operators' retrieved from /home/ubuntu/airflow-venv/lib/python3.12/site-packages/airflow/example_dags/example_xcomargs.py
[2026-02-24T18:05:10.753+0000] {logging_mixin.py:190} INFO - [2026-02-24T18:05:10.753+0000] {dag.py:3239} INFO - Sync 2 DAGs
[2026-02-24T18:05:10.849+0000] {logging_mixin.py:190} INFO - [2026-02-24T18:05:10.849+0000] {dag.py:4180} INFO - Setting next_dagrun for example_xcom_args to None, run_after=None
[2026-02-24T18:05:10.851+0000] {logging_mixin.py:190} INFO - [2026-02-24T18:05:10.851+0000] {dag.py:4180} INFO - Setting next_dagrun for example_xcom_args_with_operators to None, run_after=None
[2026-02-24T18:05:10.866+0000] {processor.py:208} INFO - Processing /home/ubuntu/airflow-venv/lib/python3.12/site-packages/airflow/example_dags/example_xcomargs.py took 0.141 seconds
[2026-02-24T18:06:07.553+0000] {processor.py:186} INFO - Started process (PID=44831) to work on /home/ubuntu/airflow-venv/lib/python3.12/site-packages/airflow/example_dags/example_xcomargs.py
[2026-02-24T18:06:07.554+0000] {processor.py:914} INFO - Processing file /home/ubuntu/airflow-venv/lib/python3.12/site-packages/airflow/example_dags/example_xcomargs.py for tasks to queue
[2026-02-24T18:06:07.556+0000] {logging_mixin.py:190} INFO - [2026-02-24T18:06:07.556+0000] {dagbag.py:588} INFO - Filling up the DagBag from /home/ubuntu/airflow-venv/lib/python3.12/site-packages/airflow/example_dags/example_xcomargs.py
[2026-02-24T18:06:07.564+0000] {processor.py:925} INFO - DAG(s) 'example_xcom_args', 'example_xcom_args_with_operators' retrieved from /home/ubuntu/airflow-venv/lib/python3.12/site-packages/airflow/example_dags/example_xcomargs.py
[2026-02-24T18:06:07.577+0000] {logging_mixin.py:190} INFO - [2026-02-24T18:06:07.577+0000] {dag.py:3239} INFO - Sync 2 DAGs
[2026-02-24T18:06:07.587+0000] {logging_mixin.py:190} INFO - [2026-02-24T18:06:07.587+0000] {dag.py:4180} INFO - Setting next_dagrun for example_xcom_args to None, run_after=None
[2026-02-24T18:06:07.589+0000] {logging_mixin.py:190} INFO - [2026-02-24T18:06:07.589+0000] {dag.py:4180} INFO - Setting next_dagrun for example_xcom_args_with_operators to None, run_after=None
[2026-02-24T18:06:07.605+0000] {processor.py:208} INFO - Processing /home/ubuntu/airflow-venv/lib/python3.12/site-packages/airflow/example_dags/example_xcomargs.py took 0.057 seconds
[2026-02-24T18:07:02.738+0000] {processor.py:186} INFO - Started process (PID=44888) to work on /home/ubuntu/airflow-venv/lib/python3.12/site-packages/airflow/example_dags/example_xcomargs.py
[2026-02-24T18:07:02.740+0000] {processor.py:914} INFO - Processing file /home/ubuntu/airflow-venv/lib/python3.12/site-packages/airflow/example_dags/example_xcomargs.py for tasks to queue
[2026-02-24T18:07:02.741+0000] {logging_mixin.py:190} INFO - [2026-02-24T18:07:02.741+0000] {dagbag.py:588} INFO - Filling up the DagBag from /home/ubuntu/airflow-venv/lib/python3.12/site-packages/airflow/example_dags/example_xcomargs.py
[2026-02-24T18:07:02.749+0000] {processor.py:925} INFO - DAG(s) 'example_xcom_args', 'example_xcom_args_with_operators' retrieved from /home/ubuntu/airflow-venv/lib/python3.12/site-packages/airflow/example_dags/example_xcomargs.py
[2026-02-24T18:07:02.763+0000] {logging_mixin.py:190} INFO - [2026-02-24T18:07:02.763+0000] {dag.py:3239} INFO - Sync 2 DAGs
[2026-02-24T18:07:02.773+0000] {logging_mixin.py:190} INFO - [2026-02-24T18:07:02.772+0000] {dag.py:4180} INFO - Setting next_dagrun for example_xcom_args to None, run_after=None
[2026-02-24T18:07:02.775+0000] {logging_mixin.py:190} INFO - [2026-02-24T18:07:02.775+0000] {dag.py:4180} INFO - Setting next_dagrun for example_xcom_args_with_operators to None, run_after=None
[2026-02-24T18:07:02.792+0000] {processor.py:208} INFO - Processing /home/ubuntu/airflow-venv/lib/python3.12/site-packages/airflow/example_dags/example_xcomargs.py took 0.058 seconds
[2026-02-24T18:07:51.126+0000] {processor.py:186} INFO - Started process (PID=44940) to work on /home/ubuntu/airflow-venv/lib/python3.12/site-packages/airflow/example_dags/example_xcomargs.py
[2026-02-24T18:07:51.127+0000] {processor.py:914} INFO - Processing file /home/ubuntu/airflow-venv/lib/python3.12/site-packages/airflow/example_dags/example_xcomargs.py for tasks to queue
[2026-02-24T18:07:51.128+0000] {logging_mixin.py:190} INFO - [2026-02-24T18:07:51.128+0000] {dagbag.py:588} INFO - Filling up the DagBag from /home/ubuntu/airflow-venv/lib/python3.12/site-packages/airflow/example_dags/example_xcomargs.py
[2026-02-24T18:07:51.136+0000] {processor.py:925} INFO - DAG(s) 'example_xcom_args_with_operators', 'example_xcom_args' retrieved from /home/ubuntu/airflow-venv/lib/python3.12/site-packages/airflow/example_dags/example_xcomargs.py
[2026-02-24T18:07:51.150+0000] {logging_mixin.py:190} INFO - [2026-02-24T18:07:51.149+0000] {dag.py:3239} INFO - Sync 2 DAGs
[2026-02-24T18:07:51.159+0000] {logging_mixin.py:190} INFO - [2026-02-24T18:07:51.159+0000] {dag.py:4180} INFO - Setting next_dagrun for example_xcom_args to None, run_after=None
[2026-02-24T18:07:51.161+0000] {logging_mixin.py:190} INFO - [2026-02-24T18:07:51.161+0000] {dag.py:4180} INFO - Setting next_dagrun for example_xcom_args_with_operators to None, run_after=None
[2026-02-24T18:07:51.178+0000] {processor.py:208} INFO - Processing /home/ubuntu/airflow-venv/lib/python3.12/site-packages/airflow/example_dags/example_xcomargs.py took 0.056 seconds
[2026-02-24T18:08:41.790+0000] {processor.py:186} INFO - Started process (PID=44992) to work on /home/ubuntu/airflow-venv/lib/python3.12/site-packages/airflow/example_dags/example_xcomargs.py
[2026-02-24T18:08:41.792+0000] {processor.py:914} INFO - Processing file /home/ubuntu/airflow-venv/lib/python3.12/site-packages/airflow/example_dags/example_xcomargs.py for tasks to queue
[2026-02-24T18:08:41.793+0000] {logging_mixin.py:190} INFO - [2026-02-24T18:08:41.793+0000] {dagbag.py:588} INFO - Filling up the DagBag from /home/ubuntu/airflow-venv/lib/python3.12/site-packages/airflow/example_dags/example_xcomargs.py
[2026-02-24T18:08:41.801+0000] {processor.py:925} INFO - DAG(s) 'example_xcom_args', 'example_xcom_args_with_operators' retrieved from /home/ubuntu/airflow-venv/lib/python3.12/site-packages/airflow/example_dags/example_xcomargs.py
[2026-02-24T18:08:41.815+0000] {logging_mixin.py:190} INFO - [2026-02-24T18:08:41.815+0000] {dag.py:3239} INFO - Sync 2 DAGs
[2026-02-24T18:08:41.824+0000] {logging_mixin.py:190} INFO - [2026-02-24T18:08:41.824+0000] {dag.py:4180} INFO - Setting next_dagrun for example_xcom_args to None, run_after=None
[2026-02-24T18:08:41.826+0000] {logging_mixin.py:190} INFO - [2026-02-24T18:08:41.826+0000] {dag.py:4180} INFO - Setting next_dagrun for example_xcom_args_with_operators to None, run_after=None
[2026-02-24T18:08:41.842+0000] {processor.py:208} INFO - Processing /home/ubuntu/airflow-venv/lib/python3.12/site-packages/airflow/example_dags/example_xcomargs.py took 0.056 seconds
[2026-02-24T18:09:29.445+0000] {processor.py:186} INFO - Started process (PID=45043) to work on /home/ubuntu/airflow-venv/lib/python3.12/site-packages/airflow/example_dags/example_xcomargs.py
[2026-02-24T18:09:29.446+0000] {processor.py:914} INFO - Processing file /home/ubuntu/airflow-venv/lib/python3.12/site-packages/airflow/example_dags/example_xcomargs.py for tasks to queue
[2026-02-24T18:09:29.448+0000] {logging_mixin.py:190} INFO - [2026-02-24T18:09:29.448+0000] {dagbag.py:588} INFO - Filling up the DagBag from /home/ubuntu/airflow-venv/lib/python3.12/site-packages/airflow/example_dags/example_xcomargs.py
[2026-02-24T18:09:29.456+0000] {processor.py:925} INFO - DAG(s) 'example_xcom_args', 'example_xcom_args_with_operators' retrieved from /home/ubuntu/airflow-venv/lib/python3.12/site-packages/airflow/example_dags/example_xcomargs.py
[2026-02-24T18:09:29.470+0000] {logging_mixin.py:190} INFO - [2026-02-24T18:09:29.470+0000] {dag.py:3239} INFO - Sync 2 DAGs
[2026-02-24T18:09:29.479+0000] {logging_mixin.py:190} INFO - [2026-02-24T18:09:29.479+0000] {dag.py:4180} INFO - Setting next_dagrun for example_xcom_args to None, run_after=None
[2026-02-24T18:09:29.482+0000] {logging_mixin.py:190} INFO - [2026-02-24T18:09:29.481+0000] {dag.py:4180} INFO - Setting next_dagrun for example_xcom_args_with_operators to None, run_after=None
[2026-02-24T18:09:29.499+0000] {processor.py:208} INFO - Processing /home/ubuntu/airflow-venv/lib/python3.12/site-packages/airflow/example_dags/example_xcomargs.py took 0.058 seconds
[2026-02-24T18:10:20.831+0000] {processor.py:186} INFO - Started process (PID=45100) to work on /home/ubuntu/airflow-venv/lib/python3.12/site-packages/airflow/example_dags/example_xcomargs.py
[2026-02-24T18:10:20.833+0000] {processor.py:914} INFO - Processing file /home/ubuntu/airflow-venv/lib/python3.12/site-packages/airflow/example_dags/example_xcomargs.py for tasks to queue
[2026-02-24T18:10:20.834+0000] {logging_mixin.py:190} INFO - [2026-02-24T18:10:20.834+0000] {dagbag.py:588} INFO - Filling up the DagBag from /home/ubuntu/airflow-venv/lib/python3.12/site-packages/airflow/example_dags/example_xcomargs.py
[2026-02-24T18:10:20.843+0000] {processor.py:925} INFO - DAG(s) 'example_xcom_args', 'example_xcom_args_with_operators' retrieved from /home/ubuntu/airflow-venv/lib/python3.12/site-packages/airflow/example_dags/example_xcomargs.py
[2026-02-24T18:10:20.857+0000] {logging_mixin.py:190} INFO - [2026-02-24T18:10:20.856+0000] {dag.py:3239} INFO - Sync 2 DAGs
[2026-02-24T18:10:20.866+0000] {logging_mixin.py:190} INFO - [2026-02-24T18:10:20.866+0000] {dag.py:4180} INFO - Setting next_dagrun for example_xcom_args to None, run_after=None
[2026-02-24T18:10:20.869+0000] {logging_mixin.py:190} INFO - [2026-02-24T18:10:20.868+0000] {dag.py:4180} INFO - Setting next_dagrun for example_xcom_args_with_operators to None, run_after=None
[2026-02-24T18:10:20.884+0000] {processor.py:208} INFO - Processing /home/ubuntu/airflow-venv/lib/python3.12/site-packages/airflow/example_dags/example_xcomargs.py took 0.057 seconds
[2026-02-24T18:11:11.442+0000] {processor.py:186} INFO - Started process (PID=45153) to work on /home/ubuntu/airflow-venv/lib/python3.12/site-packages/airflow/example_dags/example_xcomargs.py
[2026-02-24T18:11:11.444+0000] {processor.py:914} INFO - Processing file /home/ubuntu/airflow-venv/lib/python3.12/site-packages/airflow/example_dags/example_xcomargs.py for tasks to queue
[2026-02-24T18:11:11.445+0000] {logging_mixin.py:190} INFO - [2026-02-24T18:11:11.445+0000] {dagbag.py:588} INFO - Filling up the DagBag from /home/ubuntu/airflow-venv/lib/python3.12/site-packages/airflow/example_dags/example_xcomargs.py
[2026-02-24T18:11:11.453+0000] {processor.py:925} INFO - DAG(s) 'example_xcom_args', 'example_xcom_args_with_operators' retrieved from /home/ubuntu/airflow-venv/lib/python3.12/site-packages/airflow/example_dags/example_xcomargs.py
[2026-02-24T18:11:11.467+0000] {logging_mixin.py:190} INFO - [2026-02-24T18:11:11.466+0000] {dag.py:3239} INFO - Sync 2 DAGs
[2026-02-24T18:11:11.475+0000] {logging_mixin.py:190} INFO - [2026-02-24T18:11:11.475+0000] {dag.py:4180} INFO - Setting next_dagrun for example_xcom_args to None, run_after=None
[2026-02-24T18:11:11.478+0000] {logging_mixin.py:190} INFO - [2026-02-24T18:11:11.477+0000] {dag.py:4180} INFO - Setting next_dagrun for example_xcom_args_with_operators to None, run_after=None
[2026-02-24T18:11:11.494+0000] {processor.py:208} INFO - Processing /home/ubuntu/airflow-venv/lib/python3.12/site-packages/airflow/example_dags/example_xcomargs.py took 0.056 seconds
[2026-02-24T18:12:03.062+0000] {processor.py:186} INFO - Started process (PID=45206) to work on /home/ubuntu/airflow-venv/lib/python3.12/site-packages/airflow/example_dags/example_xcomargs.py
[2026-02-24T18:12:03.063+0000] {processor.py:914} INFO - Processing file /home/ubuntu/airflow-venv/lib/python3.12/site-packages/airflow/example_dags/example_xcomargs.py for tasks to queue
[2026-02-24T18:12:03.065+0000] {logging_mixin.py:190} INFO - [2026-02-24T18:12:03.064+0000] {dagbag.py:588} INFO - Filling up the DagBag from /home/ubuntu/airflow-venv/lib/python3.12/site-packages/airflow/example_dags/example_xcomargs.py
[2026-02-24T18:12:03.073+0000] {processor.py:925} INFO - DAG(s) 'example_xcom_args', 'example_xcom_args_with_operators' retrieved from /home/ubuntu/airflow-venv/lib/python3.12/site-packages/airflow/example_dags/example_xcomargs.py
[2026-02-24T18:12:03.086+0000] {logging_mixin.py:190} INFO - [2026-02-24T18:12:03.086+0000] {dag.py:3239} INFO - Sync 2 DAGs
[2026-02-24T18:12:03.096+0000] {logging_mixin.py:190} INFO - [2026-02-24T18:12:03.096+0000] {dag.py:4180} INFO - Setting next_dagrun for example_xcom_args to None, run_after=None
[2026-02-24T18:12:03.098+0000] {logging_mixin.py:190} INFO - [2026-02-24T18:12:03.098+0000] {dag.py:4180} INFO - Setting next_dagrun for example_xcom_args_with_operators to None, run_after=None
[2026-02-24T18:12:03.115+0000] {processor.py:208} INFO - Processing /home/ubuntu/airflow-venv/lib/python3.12/site-packages/airflow/example_dags/example_xcomargs.py took 0.057 seconds
[2026-02-24T18:12:52.922+0000] {processor.py:186} INFO - Started process (PID=45258) to work on /home/ubuntu/airflow-venv/lib/python3.12/site-packages/airflow/example_dags/example_xcomargs.py
[2026-02-24T18:12:52.923+0000] {processor.py:914} INFO - Processing file /home/ubuntu/airflow-venv/lib/python3.12/site-packages/airflow/example_dags/example_xcomargs.py for tasks to queue
[2026-02-24T18:12:52.925+0000] {logging_mixin.py:190} INFO - [2026-02-24T18:12:52.925+0000] {dagbag.py:588} INFO - Filling up the DagBag from /home/ubuntu/airflow-venv/lib/python3.12/site-packages/airflow/example_dags/example_xcomargs.py
[2026-02-24T18:12:52.932+0000] {processor.py:925} INFO - DAG(s) 'example_xcom_args', 'example_xcom_args_with_operators' retrieved from /home/ubuntu/airflow-venv/lib/python3.12/site-packages/airflow/example_dags/example_xcomargs.py
[2026-02-24T18:12:52.945+0000] {logging_mixin.py:190} INFO - [2026-02-24T18:12:52.945+0000] {dag.py:3239} INFO - Sync 2 DAGs
[2026-02-24T18:12:52.954+0000] {logging_mixin.py:190} INFO - [2026-02-24T18:12:52.954+0000] {dag.py:4180} INFO - Setting next_dagrun for example_xcom_args to None, run_after=None
[2026-02-24T18:12:52.957+0000] {logging_mixin.py:190} INFO - [2026-02-24T18:12:52.956+0000] {dag.py:4180} INFO - Setting next_dagrun for example_xcom_args_with_operators to None, run_after=None
[2026-02-24T18:12:52.973+0000] {processor.py:208} INFO - Processing /home/ubuntu/airflow-venv/lib/python3.12/site-packages/airflow/example_dags/example_xcomargs.py took 0.055 seconds
[2026-02-24T18:13:43.255+0000] {processor.py:186} INFO - Started process (PID=45311) to work on /home/ubuntu/airflow-venv/lib/python3.12/site-packages/airflow/example_dags/example_xcomargs.py
[2026-02-24T18:13:43.256+0000] {processor.py:914} INFO - Processing file /home/ubuntu/airflow-venv/lib/python3.12/site-packages/airflow/example_dags/example_xcomargs.py for tasks to queue
[2026-02-24T18:13:43.258+0000] {logging_mixin.py:190} INFO - [2026-02-24T18:13:43.258+0000] {dagbag.py:588} INFO - Filling up the DagBag from /home/ubuntu/airflow-venv/lib/python3.12/site-packages/airflow/example_dags/example_xcomargs.py
[2026-02-24T18:13:43.266+0000] {processor.py:925} INFO - DAG(s) 'example_xcom_args', 'example_xcom_args_with_operators' retrieved from /home/ubuntu/airflow-venv/lib/python3.12/site-packages/airflow/example_dags/example_xcomargs.py
[2026-02-24T18:13:43.279+0000] {logging_mixin.py:190} INFO - [2026-02-24T18:13:43.279+0000] {dag.py:3239} INFO - Sync 2 DAGs
[2026-02-24T18:13:43.288+0000] {logging_mixin.py:190} INFO - [2026-02-24T18:13:43.288+0000] {dag.py:4180} INFO - Setting next_dagrun for example_xcom_args to None, run_after=None
[2026-02-24T18:13:43.290+0000] {logging_mixin.py:190} INFO - [2026-02-24T18:13:43.290+0000] {dag.py:4180} INFO - Setting next_dagrun for example_xcom_args_with_operators to None, run_after=None
[2026-02-24T18:13:43.307+0000] {processor.py:208} INFO - Processing /home/ubuntu/airflow-venv/lib/python3.12/site-packages/airflow/example_dags/example_xcomargs.py took 0.056 seconds
[2026-02-24T18:14:32.056+0000] {processor.py:186} INFO - Started process (PID=45362) to work on /home/ubuntu/airflow-venv/lib/python3.12/site-packages/airflow/example_dags/example_xcomargs.py
[2026-02-24T18:14:32.058+0000] {processor.py:914} INFO - Processing file /home/ubuntu/airflow-venv/lib/python3.12/site-packages/airflow/example_dags/example_xcomargs.py for tasks to queue
[2026-02-24T18:14:32.059+0000] {logging_mixin.py:190} INFO - [2026-02-24T18:14:32.059+0000] {dagbag.py:588} INFO - Filling up the DagBag from /home/ubuntu/airflow-venv/lib/python3.12/site-packages/airflow/example_dags/example_xcomargs.py
[2026-02-24T18:14:32.068+0000] {processor.py:925} INFO - DAG(s) 'example_xcom_args_with_operators', 'example_xcom_args' retrieved from /home/ubuntu/airflow-venv/lib/python3.12/site-packages/airflow/example_dags/example_xcomargs.py
[2026-02-24T18:14:32.081+0000] {logging_mixin.py:190} INFO - [2026-02-24T18:14:32.081+0000] {dag.py:3239} INFO - Sync 2 DAGs
[2026-02-24T18:14:32.090+0000] {logging_mixin.py:190} INFO - [2026-02-24T18:14:32.090+0000] {dag.py:4180} INFO - Setting next_dagrun for example_xcom_args to None, run_after=None
[2026-02-24T18:14:32.093+0000] {logging_mixin.py:190} INFO - [2026-02-24T18:14:32.092+0000] {dag.py:4180} INFO - Setting next_dagrun for example_xcom_args_with_operators to None, run_after=None
[2026-02-24T18:14:32.109+0000] {processor.py:208} INFO - Processing /home/ubuntu/airflow-venv/lib/python3.12/site-packages/airflow/example_dags/example_xcomargs.py took 0.057 seconds
[2026-02-24T18:15:22.259+0000] {processor.py:186} INFO - Started process (PID=45418) to work on /home/ubuntu/airflow-venv/lib/python3.12/site-packages/airflow/example_dags/example_xcomargs.py
[2026-02-24T18:15:22.260+0000] {processor.py:914} INFO - Processing file /home/ubuntu/airflow-venv/lib/python3.12/site-packages/airflow/example_dags/example_xcomargs.py for tasks to queue
[2026-02-24T18:15:22.262+0000] {logging_mixin.py:190} INFO - [2026-02-24T18:15:22.261+0000] {dagbag.py:588} INFO - Filling up the DagBag from /home/ubuntu/airflow-venv/lib/python3.12/site-packages/airflow/example_dags/example_xcomargs.py
[2026-02-24T18:15:22.269+0000] {processor.py:925} INFO - DAG(s) 'example_xcom_args_with_operators', 'example_xcom_args' retrieved from /home/ubuntu/airflow-venv/lib/python3.12/site-packages/airflow/example_dags/example_xcomargs.py
[2026-02-24T18:15:22.283+0000] {logging_mixin.py:190} INFO - [2026-02-24T18:15:22.283+0000] {dag.py:3239} INFO - Sync 2 DAGs
[2026-02-24T18:15:22.292+0000] {logging_mixin.py:190} INFO - [2026-02-24T18:15:22.292+0000] {dag.py:4180} INFO - Setting next_dagrun for example_xcom_args to None, run_after=None
[2026-02-24T18:15:22.294+0000] {logging_mixin.py:190} INFO - [2026-02-24T18:15:22.294+0000] {dag.py:4180} INFO - Setting next_dagrun for example_xcom_args_with_operators to None, run_after=None
[2026-02-24T18:15:22.311+0000] {processor.py:208} INFO - Processing /home/ubuntu/airflow-venv/lib/python3.12/site-packages/airflow/example_dags/example_xcomargs.py took 0.057 seconds
[2026-02-24T18:16:14.757+0000] {processor.py:186} INFO - Started process (PID=45471) to work on /home/ubuntu/airflow-venv/lib/python3.12/site-packages/airflow/example_dags/example_xcomargs.py
[2026-02-24T18:16:14.758+0000] {processor.py:914} INFO - Processing file /home/ubuntu/airflow-venv/lib/python3.12/site-packages/airflow/example_dags/example_xcomargs.py for tasks to queue
[2026-02-24T18:16:14.760+0000] {logging_mixin.py:190} INFO - [2026-02-24T18:16:14.760+0000] {dagbag.py:588} INFO - Filling up the DagBag from /home/ubuntu/airflow-venv/lib/python3.12/site-packages/airflow/example_dags/example_xcomargs.py
[2026-02-24T18:16:14.768+0000] {processor.py:925} INFO - DAG(s) 'example_xcom_args', 'example_xcom_args_with_operators' retrieved from /home/ubuntu/airflow-venv/lib/python3.12/site-packages/airflow/example_dags/example_xcomargs.py
[2026-02-24T18:16:14.781+0000] {logging_mixin.py:190} INFO - [2026-02-24T18:16:14.781+0000] {dag.py:3239} INFO - Sync 2 DAGs
[2026-02-24T18:16:14.790+0000] {logging_mixin.py:190} INFO - [2026-02-24T18:16:14.790+0000] {dag.py:4180} INFO - Setting next_dagrun for example_xcom_args to None, run_after=None
[2026-02-24T18:16:14.793+0000] {logging_mixin.py:190} INFO - [2026-02-24T18:16:14.793+0000] {dag.py:4180} INFO - Setting next_dagrun for example_xcom_args_with_operators to None, run_after=None
[2026-02-24T18:16:14.810+0000] {processor.py:208} INFO - Processing /home/ubuntu/airflow-venv/lib/python3.12/site-packages/airflow/example_dags/example_xcomargs.py took 0.057 seconds
[2026-02-24T18:17:02.713+0000] {processor.py:186} INFO - Started process (PID=45526) to work on /home/ubuntu/airflow-venv/lib/python3.12/site-packages/airflow/example_dags/example_xcomargs.py
[2026-02-24T18:17:02.714+0000] {processor.py:914} INFO - Processing file /home/ubuntu/airflow-venv/lib/python3.12/site-packages/airflow/example_dags/example_xcomargs.py for tasks to queue
[2026-02-24T18:17:02.716+0000] {logging_mixin.py:190} INFO - [2026-02-24T18:17:02.716+0000] {dagbag.py:588} INFO - Filling up the DagBag from /home/ubuntu/airflow-venv/lib/python3.12/site-packages/airflow/example_dags/example_xcomargs.py
[2026-02-24T18:17:02.725+0000] {processor.py:925} INFO - DAG(s) 'example_xcom_args', 'example_xcom_args_with_operators' retrieved from /home/ubuntu/airflow-venv/lib/python3.12/site-packages/airflow/example_dags/example_xcomargs.py
[2026-02-24T18:17:02.739+0000] {logging_mixin.py:190} INFO - [2026-02-24T18:17:02.739+0000] {dag.py:3239} INFO - Sync 2 DAGs
[2026-02-24T18:17:02.748+0000] {logging_mixin.py:190} INFO - [2026-02-24T18:17:02.748+0000] {dag.py:4180} INFO - Setting next_dagrun for example_xcom_args to None, run_after=None
[2026-02-24T18:17:02.751+0000] {logging_mixin.py:190} INFO - [2026-02-24T18:17:02.751+0000] {dag.py:4180} INFO - Setting next_dagrun for example_xcom_args_with_operators to None, run_after=None
[2026-02-24T18:17:02.768+0000] {processor.py:208} INFO - Processing /home/ubuntu/airflow-venv/lib/python3.12/site-packages/airflow/example_dags/example_xcomargs.py took 0.060 seconds
[2026-02-24T18:17:56.215+0000] {processor.py:186} INFO - Started process (PID=45582) to work on /home/ubuntu/airflow-venv/lib/python3.12/site-packages/airflow/example_dags/example_xcomargs.py
[2026-02-24T18:17:56.217+0000] {processor.py:914} INFO - Processing file /home/ubuntu/airflow-venv/lib/python3.12/site-packages/airflow/example_dags/example_xcomargs.py for tasks to queue
[2026-02-24T18:17:56.218+0000] {logging_mixin.py:190} INFO - [2026-02-24T18:17:56.218+0000] {dagbag.py:588} INFO - Filling up the DagBag from /home/ubuntu/airflow-venv/lib/python3.12/site-packages/airflow/example_dags/example_xcomargs.py
[2026-02-24T18:17:56.226+0000] {processor.py:925} INFO - DAG(s) 'example_xcom_args_with_operators', 'example_xcom_args' retrieved from /home/ubuntu/airflow-venv/lib/python3.12/site-packages/airflow/example_dags/example_xcomargs.py
[2026-02-24T18:17:56.240+0000] {logging_mixin.py:190} INFO - [2026-02-24T18:17:56.240+0000] {dag.py:3239} INFO - Sync 2 DAGs
[2026-02-24T18:17:56.249+0000] {logging_mixin.py:190} INFO - [2026-02-24T18:17:56.249+0000] {dag.py:4180} INFO - Setting next_dagrun for example_xcom_args to None, run_after=None
[2026-02-24T18:17:56.252+0000] {logging_mixin.py:190} INFO - [2026-02-24T18:17:56.252+0000] {dag.py:4180} INFO - Setting next_dagrun for example_xcom_args_with_operators to None, run_after=None
[2026-02-24T18:17:56.269+0000] {processor.py:208} INFO - Processing /home/ubuntu/airflow-venv/lib/python3.12/site-packages/airflow/example_dags/example_xcomargs.py took 0.058 seconds
[2026-02-24T18:18:47.179+0000] {processor.py:186} INFO - Started process (PID=45634) to work on /home/ubuntu/airflow-venv/lib/python3.12/site-packages/airflow/example_dags/example_xcomargs.py
[2026-02-24T18:18:47.180+0000] {processor.py:914} INFO - Processing file /home/ubuntu/airflow-venv/lib/python3.12/site-packages/airflow/example_dags/example_xcomargs.py for tasks to queue
[2026-02-24T18:18:47.182+0000] {logging_mixin.py:190} INFO - [2026-02-24T18:18:47.182+0000] {dagbag.py:588} INFO - Filling up the DagBag from /home/ubuntu/airflow-venv/lib/python3.12/site-packages/airflow/example_dags/example_xcomargs.py
[2026-02-24T18:18:47.190+0000] {processor.py:925} INFO - DAG(s) 'example_xcom_args', 'example_xcom_args_with_operators' retrieved from /home/ubuntu/airflow-venv/lib/python3.12/site-packages/airflow/example_dags/example_xcomargs.py
[2026-02-24T18:18:47.203+0000] {logging_mixin.py:190} INFO - [2026-02-24T18:18:47.203+0000] {dag.py:3239} INFO - Sync 2 DAGs
[2026-02-24T18:18:47.213+0000] {logging_mixin.py:190} INFO - [2026-02-24T18:18:47.213+0000] {dag.py:4180} INFO - Setting next_dagrun for example_xcom_args to None, run_after=None
[2026-02-24T18:18:47.215+0000] {logging_mixin.py:190} INFO - [2026-02-24T18:18:47.215+0000] {dag.py:4180} INFO - Setting next_dagrun for example_xcom_args_with_operators to None, run_after=None
[2026-02-24T18:18:47.231+0000] {processor.py:208} INFO - Processing /home/ubuntu/airflow-venv/lib/python3.12/site-packages/airflow/example_dags/example_xcomargs.py took 0.057 seconds
[2026-02-24T18:19:40.056+0000] {processor.py:186} INFO - Started process (PID=45689) to work on /home/ubuntu/airflow-venv/lib/python3.12/site-packages/airflow/example_dags/example_xcomargs.py
[2026-02-24T18:19:40.058+0000] {processor.py:914} INFO - Processing file /home/ubuntu/airflow-venv/lib/python3.12/site-packages/airflow/example_dags/example_xcomargs.py for tasks to queue
[2026-02-24T18:19:40.059+0000] {logging_mixin.py:190} INFO - [2026-02-24T18:19:40.059+0000] {dagbag.py:588} INFO - Filling up the DagBag from /home/ubuntu/airflow-venv/lib/python3.12/site-packages/airflow/example_dags/example_xcomargs.py
[2026-02-24T18:19:40.067+0000] {processor.py:925} INFO - DAG(s) 'example_xcom_args_with_operators', 'example_xcom_args' retrieved from /home/ubuntu/airflow-venv/lib/python3.12/site-packages/airflow/example_dags/example_xcomargs.py
[2026-02-24T18:19:40.080+0000] {logging_mixin.py:190} INFO - [2026-02-24T18:19:40.080+0000] {dag.py:3239} INFO - Sync 2 DAGs
[2026-02-24T18:19:40.090+0000] {logging_mixin.py:190} INFO - [2026-02-24T18:19:40.090+0000] {dag.py:4180} INFO - Setting next_dagrun for example_xcom_args to None, run_after=None
[2026-02-24T18:19:40.092+0000] {logging_mixin.py:190} INFO - [2026-02-24T18:19:40.092+0000] {dag.py:4180} INFO - Setting next_dagrun for example_xcom_args_with_operators to None, run_after=None
[2026-02-24T18:19:40.109+0000] {processor.py:208} INFO - Processing /home/ubuntu/airflow-venv/lib/python3.12/site-packages/airflow/example_dags/example_xcomargs.py took 0.057 seconds
