[2026-02-24T17:58:58.428+0000] {processor.py:186} INFO - Started process (PID=43638) to work on /home/ubuntu/airflow-venv/lib/python3.12/site-packages/airflow/example_dags/tutorial_taskflow_api.py
[2026-02-24T17:58:58.429+0000] {processor.py:914} INFO - Processing file /home/ubuntu/airflow-venv/lib/python3.12/site-packages/airflow/example_dags/tutorial_taskflow_api.py for tasks to queue
[2026-02-24T17:58:58.430+0000] {logging_mixin.py:190} INFO - [2026-02-24T17:58:58.430+0000] {dagbag.py:588} INFO - Filling up the DagBag from /home/ubuntu/airflow-venv/lib/python3.12/site-packages/airflow/example_dags/tutorial_taskflow_api.py
[2026-02-24T17:58:58.436+0000] {processor.py:925} INFO - DAG(s) 'tutorial_taskflow_api' retrieved from /home/ubuntu/airflow-venv/lib/python3.12/site-packages/airflow/example_dags/tutorial_taskflow_api.py
[2026-02-24T17:58:58.507+0000] {logging_mixin.py:190} INFO - [2026-02-24T17:58:58.506+0000] {override.py:1900} INFO - Created Permission View: can edit on DAG:tutorial_taskflow_api
[2026-02-24T17:58:58.515+0000] {logging_mixin.py:190} INFO - [2026-02-24T17:58:58.515+0000] {override.py:1900} INFO - Created Permission View: can delete on DAG:tutorial_taskflow_api
[2026-02-24T17:58:58.523+0000] {logging_mixin.py:190} INFO - [2026-02-24T17:58:58.523+0000] {override.py:1900} INFO - Created Permission View: can read on DAG:tutorial_taskflow_api
[2026-02-24T17:58:58.536+0000] {logging_mixin.py:190} INFO - [2026-02-24T17:58:58.536+0000] {override.py:1900} INFO - Created Permission View: can delete on DAG Run:tutorial_taskflow_api
[2026-02-24T17:58:58.544+0000] {logging_mixin.py:190} INFO - [2026-02-24T17:58:58.544+0000] {override.py:1900} INFO - Created Permission View: menu access on DAG Run:tutorial_taskflow_api
[2026-02-24T17:58:58.552+0000] {logging_mixin.py:190} INFO - [2026-02-24T17:58:58.552+0000] {override.py:1900} INFO - Created Permission View: can create on DAG Run:tutorial_taskflow_api
[2026-02-24T17:58:58.560+0000] {logging_mixin.py:190} INFO - [2026-02-24T17:58:58.560+0000] {override.py:1900} INFO - Created Permission View: can read on DAG Run:tutorial_taskflow_api
[2026-02-24T17:58:58.561+0000] {logging_mixin.py:190} INFO - [2026-02-24T17:58:58.561+0000] {dag.py:3239} INFO - Sync 1 DAGs
[2026-02-24T17:58:58.569+0000] {logging_mixin.py:190} INFO - [2026-02-24T17:58:58.568+0000] {dag.py:3262} INFO - Creating ORM DAG for tutorial_taskflow_api
[2026-02-24T17:58:58.569+0000] {logging_mixin.py:190} INFO - [2026-02-24T17:58:58.569+0000] {dag.py:4180} INFO - Setting next_dagrun for tutorial_taskflow_api to None, run_after=None
[2026-02-24T17:58:58.589+0000] {processor.py:208} INFO - Processing /home/ubuntu/airflow-venv/lib/python3.12/site-packages/airflow/example_dags/tutorial_taskflow_api.py took 0.165 seconds
[2026-02-24T17:59:59.641+0000] {processor.py:186} INFO - Started process (PID=43695) to work on /home/ubuntu/airflow-venv/lib/python3.12/site-packages/airflow/example_dags/tutorial_taskflow_api.py
[2026-02-24T17:59:59.642+0000] {processor.py:914} INFO - Processing file /home/ubuntu/airflow-venv/lib/python3.12/site-packages/airflow/example_dags/tutorial_taskflow_api.py for tasks to queue
[2026-02-24T17:59:59.644+0000] {logging_mixin.py:190} INFO - [2026-02-24T17:59:59.643+0000] {dagbag.py:588} INFO - Filling up the DagBag from /home/ubuntu/airflow-venv/lib/python3.12/site-packages/airflow/example_dags/tutorial_taskflow_api.py
[2026-02-24T17:59:59.650+0000] {processor.py:925} INFO - DAG(s) 'tutorial_taskflow_api' retrieved from /home/ubuntu/airflow-venv/lib/python3.12/site-packages/airflow/example_dags/tutorial_taskflow_api.py
[2026-02-24T17:59:59.661+0000] {logging_mixin.py:190} INFO - [2026-02-24T17:59:59.661+0000] {dag.py:3239} INFO - Sync 1 DAGs
[2026-02-24T17:59:59.670+0000] {logging_mixin.py:190} INFO - [2026-02-24T17:59:59.670+0000] {dag.py:4180} INFO - Setting next_dagrun for tutorial_taskflow_api to None, run_after=None
[2026-02-24T17:59:59.688+0000] {processor.py:208} INFO - Processing /home/ubuntu/airflow-venv/lib/python3.12/site-packages/airflow/example_dags/tutorial_taskflow_api.py took 0.051 seconds
[2026-02-24T18:00:52.276+0000] {processor.py:186} INFO - Started process (PID=43759) to work on /home/ubuntu/airflow-venv/lib/python3.12/site-packages/airflow/example_dags/tutorial_taskflow_api.py
[2026-02-24T18:00:52.277+0000] {processor.py:914} INFO - Processing file /home/ubuntu/airflow-venv/lib/python3.12/site-packages/airflow/example_dags/tutorial_taskflow_api.py for tasks to queue
[2026-02-24T18:00:52.279+0000] {logging_mixin.py:190} INFO - [2026-02-24T18:00:52.278+0000] {dagbag.py:588} INFO - Filling up the DagBag from /home/ubuntu/airflow-venv/lib/python3.12/site-packages/airflow/example_dags/tutorial_taskflow_api.py
[2026-02-24T18:00:52.285+0000] {processor.py:925} INFO - DAG(s) 'tutorial_taskflow_api' retrieved from /home/ubuntu/airflow-venv/lib/python3.12/site-packages/airflow/example_dags/tutorial_taskflow_api.py
[2026-02-24T18:00:52.296+0000] {logging_mixin.py:190} INFO - [2026-02-24T18:00:52.296+0000] {dag.py:3239} INFO - Sync 1 DAGs
[2026-02-24T18:00:52.305+0000] {logging_mixin.py:190} INFO - [2026-02-24T18:00:52.305+0000] {dag.py:4180} INFO - Setting next_dagrun for tutorial_taskflow_api to None, run_after=None
[2026-02-24T18:00:52.322+0000] {processor.py:208} INFO - Processing /home/ubuntu/airflow-venv/lib/python3.12/site-packages/airflow/example_dags/tutorial_taskflow_api.py took 0.050 seconds
[2026-02-24T18:01:43.290+0000] {processor.py:186} INFO - Started process (PID=43809) to work on /home/ubuntu/airflow-venv/lib/python3.12/site-packages/airflow/example_dags/tutorial_taskflow_api.py
[2026-02-24T18:01:43.291+0000] {processor.py:914} INFO - Processing file /home/ubuntu/airflow-venv/lib/python3.12/site-packages/airflow/example_dags/tutorial_taskflow_api.py for tasks to queue
[2026-02-24T18:01:43.292+0000] {logging_mixin.py:190} INFO - [2026-02-24T18:01:43.292+0000] {dagbag.py:588} INFO - Filling up the DagBag from /home/ubuntu/airflow-venv/lib/python3.12/site-packages/airflow/example_dags/tutorial_taskflow_api.py
[2026-02-24T18:01:43.298+0000] {processor.py:925} INFO - DAG(s) 'tutorial_taskflow_api' retrieved from /home/ubuntu/airflow-venv/lib/python3.12/site-packages/airflow/example_dags/tutorial_taskflow_api.py
[2026-02-24T18:01:43.309+0000] {logging_mixin.py:190} INFO - [2026-02-24T18:01:43.309+0000] {dag.py:3239} INFO - Sync 1 DAGs
[2026-02-24T18:01:43.318+0000] {logging_mixin.py:190} INFO - [2026-02-24T18:01:43.318+0000] {dag.py:4180} INFO - Setting next_dagrun for tutorial_taskflow_api to None, run_after=None
[2026-02-24T18:01:43.336+0000] {processor.py:208} INFO - Processing /home/ubuntu/airflow-venv/lib/python3.12/site-packages/airflow/example_dags/tutorial_taskflow_api.py took 0.051 seconds
[2026-02-24T18:02:36.450+0000] {processor.py:186} INFO - Started process (PID=44229) to work on /home/ubuntu/airflow-venv/lib/python3.12/site-packages/airflow/example_dags/tutorial_taskflow_api.py
[2026-02-24T18:02:36.451+0000] {processor.py:914} INFO - Processing file /home/ubuntu/airflow-venv/lib/python3.12/site-packages/airflow/example_dags/tutorial_taskflow_api.py for tasks to queue
[2026-02-24T18:02:36.453+0000] {logging_mixin.py:190} INFO - [2026-02-24T18:02:36.453+0000] {dagbag.py:588} INFO - Filling up the DagBag from /home/ubuntu/airflow-venv/lib/python3.12/site-packages/airflow/example_dags/tutorial_taskflow_api.py
[2026-02-24T18:02:36.459+0000] {processor.py:925} INFO - DAG(s) 'tutorial_taskflow_api' retrieved from /home/ubuntu/airflow-venv/lib/python3.12/site-packages/airflow/example_dags/tutorial_taskflow_api.py
[2026-02-24T18:02:36.470+0000] {logging_mixin.py:190} INFO - [2026-02-24T18:02:36.470+0000] {dag.py:3239} INFO - Sync 1 DAGs
[2026-02-24T18:02:36.478+0000] {logging_mixin.py:190} INFO - [2026-02-24T18:02:36.478+0000] {dag.py:4180} INFO - Setting next_dagrun for tutorial_taskflow_api to None, run_after=None
[2026-02-24T18:02:36.495+0000] {processor.py:208} INFO - Processing /home/ubuntu/airflow-venv/lib/python3.12/site-packages/airflow/example_dags/tutorial_taskflow_api.py took 0.049 seconds
[2026-02-24T18:03:29.375+0000] {processor.py:186} INFO - Started process (PID=44292) to work on /home/ubuntu/airflow-venv/lib/python3.12/site-packages/airflow/example_dags/tutorial_taskflow_api.py
[2026-02-24T18:03:29.376+0000] {processor.py:914} INFO - Processing file /home/ubuntu/airflow-venv/lib/python3.12/site-packages/airflow/example_dags/tutorial_taskflow_api.py for tasks to queue
[2026-02-24T18:03:29.377+0000] {logging_mixin.py:190} INFO - [2026-02-24T18:03:29.377+0000] {dagbag.py:588} INFO - Filling up the DagBag from /home/ubuntu/airflow-venv/lib/python3.12/site-packages/airflow/example_dags/tutorial_taskflow_api.py
[2026-02-24T18:03:29.384+0000] {processor.py:925} INFO - DAG(s) 'tutorial_taskflow_api' retrieved from /home/ubuntu/airflow-venv/lib/python3.12/site-packages/airflow/example_dags/tutorial_taskflow_api.py
[2026-02-24T18:03:29.394+0000] {logging_mixin.py:190} INFO - [2026-02-24T18:03:29.394+0000] {dag.py:3239} INFO - Sync 1 DAGs
[2026-02-24T18:03:29.404+0000] {logging_mixin.py:190} INFO - [2026-02-24T18:03:29.403+0000] {dag.py:4180} INFO - Setting next_dagrun for tutorial_taskflow_api to None, run_after=None
[2026-02-24T18:03:29.421+0000] {processor.py:208} INFO - Processing /home/ubuntu/airflow-venv/lib/python3.12/site-packages/airflow/example_dags/tutorial_taskflow_api.py took 0.051 seconds
[2026-02-24T18:04:17.004+0000] {processor.py:186} INFO - Started process (PID=44709) to work on /home/ubuntu/airflow-venv/lib/python3.12/site-packages/airflow/example_dags/tutorial_taskflow_api.py
[2026-02-24T18:04:17.006+0000] {processor.py:914} INFO - Processing file /home/ubuntu/airflow-venv/lib/python3.12/site-packages/airflow/example_dags/tutorial_taskflow_api.py for tasks to queue
[2026-02-24T18:04:17.007+0000] {logging_mixin.py:190} INFO - [2026-02-24T18:04:17.007+0000] {dagbag.py:588} INFO - Filling up the DagBag from /home/ubuntu/airflow-venv/lib/python3.12/site-packages/airflow/example_dags/tutorial_taskflow_api.py
[2026-02-24T18:04:17.013+0000] {processor.py:925} INFO - DAG(s) 'tutorial_taskflow_api' retrieved from /home/ubuntu/airflow-venv/lib/python3.12/site-packages/airflow/example_dags/tutorial_taskflow_api.py
[2026-02-24T18:04:17.024+0000] {logging_mixin.py:190} INFO - [2026-02-24T18:04:17.024+0000] {dag.py:3239} INFO - Sync 1 DAGs
[2026-02-24T18:04:17.033+0000] {logging_mixin.py:190} INFO - [2026-02-24T18:04:17.033+0000] {dag.py:4180} INFO - Setting next_dagrun for tutorial_taskflow_api to None, run_after=None
[2026-02-24T18:04:17.051+0000] {processor.py:208} INFO - Processing /home/ubuntu/airflow-venv/lib/python3.12/site-packages/airflow/example_dags/tutorial_taskflow_api.py took 0.051 seconds
[2026-02-24T18:05:06.407+0000] {processor.py:186} INFO - Started process (PID=44762) to work on /home/ubuntu/airflow-venv/lib/python3.12/site-packages/airflow/example_dags/tutorial_taskflow_api.py
[2026-02-24T18:05:06.408+0000] {processor.py:914} INFO - Processing file /home/ubuntu/airflow-venv/lib/python3.12/site-packages/airflow/example_dags/tutorial_taskflow_api.py for tasks to queue
[2026-02-24T18:05:06.410+0000] {logging_mixin.py:190} INFO - [2026-02-24T18:05:06.410+0000] {dagbag.py:588} INFO - Filling up the DagBag from /home/ubuntu/airflow-venv/lib/python3.12/site-packages/airflow/example_dags/tutorial_taskflow_api.py
[2026-02-24T18:05:06.416+0000] {processor.py:925} INFO - DAG(s) 'tutorial_taskflow_api' retrieved from /home/ubuntu/airflow-venv/lib/python3.12/site-packages/airflow/example_dags/tutorial_taskflow_api.py
[2026-02-24T18:05:06.427+0000] {logging_mixin.py:190} INFO - [2026-02-24T18:05:06.427+0000] {dag.py:3239} INFO - Sync 1 DAGs
[2026-02-24T18:05:06.527+0000] {logging_mixin.py:190} INFO - [2026-02-24T18:05:06.526+0000] {dag.py:4180} INFO - Setting next_dagrun for tutorial_taskflow_api to None, run_after=None
[2026-02-24T18:05:06.546+0000] {processor.py:208} INFO - Processing /home/ubuntu/airflow-venv/lib/python3.12/site-packages/airflow/example_dags/tutorial_taskflow_api.py took 0.143 seconds
[2026-02-24T18:06:04.510+0000] {processor.py:186} INFO - Started process (PID=44827) to work on /home/ubuntu/airflow-venv/lib/python3.12/site-packages/airflow/example_dags/tutorial_taskflow_api.py
[2026-02-24T18:06:04.512+0000] {processor.py:914} INFO - Processing file /home/ubuntu/airflow-venv/lib/python3.12/site-packages/airflow/example_dags/tutorial_taskflow_api.py for tasks to queue
[2026-02-24T18:06:04.513+0000] {logging_mixin.py:190} INFO - [2026-02-24T18:06:04.513+0000] {dagbag.py:588} INFO - Filling up the DagBag from /home/ubuntu/airflow-venv/lib/python3.12/site-packages/airflow/example_dags/tutorial_taskflow_api.py
[2026-02-24T18:06:04.520+0000] {processor.py:925} INFO - DAG(s) 'tutorial_taskflow_api' retrieved from /home/ubuntu/airflow-venv/lib/python3.12/site-packages/airflow/example_dags/tutorial_taskflow_api.py
[2026-02-24T18:06:04.531+0000] {logging_mixin.py:190} INFO - [2026-02-24T18:06:04.531+0000] {dag.py:3239} INFO - Sync 1 DAGs
[2026-02-24T18:06:04.540+0000] {logging_mixin.py:190} INFO - [2026-02-24T18:06:04.540+0000] {dag.py:4180} INFO - Setting next_dagrun for tutorial_taskflow_api to None, run_after=None
[2026-02-24T18:06:04.559+0000] {processor.py:208} INFO - Processing /home/ubuntu/airflow-venv/lib/python3.12/site-packages/airflow/example_dags/tutorial_taskflow_api.py took 0.053 seconds
[2026-02-24T18:06:58.202+0000] {processor.py:186} INFO - Started process (PID=44883) to work on /home/ubuntu/airflow-venv/lib/python3.12/site-packages/airflow/example_dags/tutorial_taskflow_api.py
[2026-02-24T18:06:58.203+0000] {processor.py:914} INFO - Processing file /home/ubuntu/airflow-venv/lib/python3.12/site-packages/airflow/example_dags/tutorial_taskflow_api.py for tasks to queue
[2026-02-24T18:06:58.204+0000] {logging_mixin.py:190} INFO - [2026-02-24T18:06:58.204+0000] {dagbag.py:588} INFO - Filling up the DagBag from /home/ubuntu/airflow-venv/lib/python3.12/site-packages/airflow/example_dags/tutorial_taskflow_api.py
[2026-02-24T18:06:58.211+0000] {processor.py:925} INFO - DAG(s) 'tutorial_taskflow_api' retrieved from /home/ubuntu/airflow-venv/lib/python3.12/site-packages/airflow/example_dags/tutorial_taskflow_api.py
[2026-02-24T18:06:58.223+0000] {logging_mixin.py:190} INFO - [2026-02-24T18:06:58.222+0000] {dag.py:3239} INFO - Sync 1 DAGs
[2026-02-24T18:06:58.232+0000] {logging_mixin.py:190} INFO - [2026-02-24T18:06:58.231+0000] {dag.py:4180} INFO - Setting next_dagrun for tutorial_taskflow_api to None, run_after=None
[2026-02-24T18:06:58.249+0000] {processor.py:208} INFO - Processing /home/ubuntu/airflow-venv/lib/python3.12/site-packages/airflow/example_dags/tutorial_taskflow_api.py took 0.052 seconds
[2026-02-24T18:07:47.264+0000] {processor.py:186} INFO - Started process (PID=44936) to work on /home/ubuntu/airflow-venv/lib/python3.12/site-packages/airflow/example_dags/tutorial_taskflow_api.py
[2026-02-24T18:07:47.266+0000] {processor.py:914} INFO - Processing file /home/ubuntu/airflow-venv/lib/python3.12/site-packages/airflow/example_dags/tutorial_taskflow_api.py for tasks to queue
[2026-02-24T18:07:47.267+0000] {logging_mixin.py:190} INFO - [2026-02-24T18:07:47.267+0000] {dagbag.py:588} INFO - Filling up the DagBag from /home/ubuntu/airflow-venv/lib/python3.12/site-packages/airflow/example_dags/tutorial_taskflow_api.py
[2026-02-24T18:07:47.274+0000] {processor.py:925} INFO - DAG(s) 'tutorial_taskflow_api' retrieved from /home/ubuntu/airflow-venv/lib/python3.12/site-packages/airflow/example_dags/tutorial_taskflow_api.py
[2026-02-24T18:07:47.285+0000] {logging_mixin.py:190} INFO - [2026-02-24T18:07:47.285+0000] {dag.py:3239} INFO - Sync 1 DAGs
[2026-02-24T18:07:47.294+0000] {logging_mixin.py:190} INFO - [2026-02-24T18:07:47.294+0000] {dag.py:4180} INFO - Setting next_dagrun for tutorial_taskflow_api to None, run_after=None
[2026-02-24T18:07:47.313+0000] {processor.py:208} INFO - Processing /home/ubuntu/airflow-venv/lib/python3.12/site-packages/airflow/example_dags/tutorial_taskflow_api.py took 0.053 seconds
[2026-02-24T18:08:38.608+0000] {processor.py:186} INFO - Started process (PID=44988) to work on /home/ubuntu/airflow-venv/lib/python3.12/site-packages/airflow/example_dags/tutorial_taskflow_api.py
[2026-02-24T18:08:38.609+0000] {processor.py:914} INFO - Processing file /home/ubuntu/airflow-venv/lib/python3.12/site-packages/airflow/example_dags/tutorial_taskflow_api.py for tasks to queue
[2026-02-24T18:08:38.611+0000] {logging_mixin.py:190} INFO - [2026-02-24T18:08:38.610+0000] {dagbag.py:588} INFO - Filling up the DagBag from /home/ubuntu/airflow-venv/lib/python3.12/site-packages/airflow/example_dags/tutorial_taskflow_api.py
[2026-02-24T18:08:38.617+0000] {processor.py:925} INFO - DAG(s) 'tutorial_taskflow_api' retrieved from /home/ubuntu/airflow-venv/lib/python3.12/site-packages/airflow/example_dags/tutorial_taskflow_api.py
[2026-02-24T18:08:38.628+0000] {logging_mixin.py:190} INFO - [2026-02-24T18:08:38.628+0000] {dag.py:3239} INFO - Sync 1 DAGs
[2026-02-24T18:08:38.637+0000] {logging_mixin.py:190} INFO - [2026-02-24T18:08:38.637+0000] {dag.py:4180} INFO - Setting next_dagrun for tutorial_taskflow_api to None, run_after=None
[2026-02-24T18:08:38.656+0000] {processor.py:208} INFO - Processing /home/ubuntu/airflow-venv/lib/python3.12/site-packages/airflow/example_dags/tutorial_taskflow_api.py took 0.052 seconds
[2026-02-24T18:09:25.484+0000] {processor.py:186} INFO - Started process (PID=45039) to work on /home/ubuntu/airflow-venv/lib/python3.12/site-packages/airflow/example_dags/tutorial_taskflow_api.py
[2026-02-24T18:09:25.485+0000] {processor.py:914} INFO - Processing file /home/ubuntu/airflow-venv/lib/python3.12/site-packages/airflow/example_dags/tutorial_taskflow_api.py for tasks to queue
[2026-02-24T18:09:25.487+0000] {logging_mixin.py:190} INFO - [2026-02-24T18:09:25.486+0000] {dagbag.py:588} INFO - Filling up the DagBag from /home/ubuntu/airflow-venv/lib/python3.12/site-packages/airflow/example_dags/tutorial_taskflow_api.py
[2026-02-24T18:09:25.493+0000] {processor.py:925} INFO - DAG(s) 'tutorial_taskflow_api' retrieved from /home/ubuntu/airflow-venv/lib/python3.12/site-packages/airflow/example_dags/tutorial_taskflow_api.py
[2026-02-24T18:09:25.504+0000] {logging_mixin.py:190} INFO - [2026-02-24T18:09:25.504+0000] {dag.py:3239} INFO - Sync 1 DAGs
[2026-02-24T18:09:25.514+0000] {logging_mixin.py:190} INFO - [2026-02-24T18:09:25.513+0000] {dag.py:4180} INFO - Setting next_dagrun for tutorial_taskflow_api to None, run_after=None
[2026-02-24T18:09:25.531+0000] {processor.py:208} INFO - Processing /home/ubuntu/airflow-venv/lib/python3.12/site-packages/airflow/example_dags/tutorial_taskflow_api.py took 0.052 seconds
[2026-02-24T18:10:16.898+0000] {processor.py:186} INFO - Started process (PID=45096) to work on /home/ubuntu/airflow-venv/lib/python3.12/site-packages/airflow/example_dags/tutorial_taskflow_api.py
[2026-02-24T18:10:16.899+0000] {processor.py:914} INFO - Processing file /home/ubuntu/airflow-venv/lib/python3.12/site-packages/airflow/example_dags/tutorial_taskflow_api.py for tasks to queue
[2026-02-24T18:10:16.901+0000] {logging_mixin.py:190} INFO - [2026-02-24T18:10:16.901+0000] {dagbag.py:588} INFO - Filling up the DagBag from /home/ubuntu/airflow-venv/lib/python3.12/site-packages/airflow/example_dags/tutorial_taskflow_api.py
[2026-02-24T18:10:16.907+0000] {processor.py:925} INFO - DAG(s) 'tutorial_taskflow_api' retrieved from /home/ubuntu/airflow-venv/lib/python3.12/site-packages/airflow/example_dags/tutorial_taskflow_api.py
[2026-02-24T18:10:16.919+0000] {logging_mixin.py:190} INFO - [2026-02-24T18:10:16.919+0000] {dag.py:3239} INFO - Sync 1 DAGs
[2026-02-24T18:10:16.928+0000] {logging_mixin.py:190} INFO - [2026-02-24T18:10:16.928+0000] {dag.py:4180} INFO - Setting next_dagrun for tutorial_taskflow_api to None, run_after=None
[2026-02-24T18:10:16.947+0000] {processor.py:208} INFO - Processing /home/ubuntu/airflow-venv/lib/python3.12/site-packages/airflow/example_dags/tutorial_taskflow_api.py took 0.053 seconds
[2026-02-24T18:11:07.728+0000] {processor.py:186} INFO - Started process (PID=45149) to work on /home/ubuntu/airflow-venv/lib/python3.12/site-packages/airflow/example_dags/tutorial_taskflow_api.py
[2026-02-24T18:11:07.729+0000] {processor.py:914} INFO - Processing file /home/ubuntu/airflow-venv/lib/python3.12/site-packages/airflow/example_dags/tutorial_taskflow_api.py for tasks to queue
[2026-02-24T18:11:07.731+0000] {logging_mixin.py:190} INFO - [2026-02-24T18:11:07.731+0000] {dagbag.py:588} INFO - Filling up the DagBag from /home/ubuntu/airflow-venv/lib/python3.12/site-packages/airflow/example_dags/tutorial_taskflow_api.py
[2026-02-24T18:11:07.737+0000] {processor.py:925} INFO - DAG(s) 'tutorial_taskflow_api' retrieved from /home/ubuntu/airflow-venv/lib/python3.12/site-packages/airflow/example_dags/tutorial_taskflow_api.py
[2026-02-24T18:11:07.748+0000] {logging_mixin.py:190} INFO - [2026-02-24T18:11:07.748+0000] {dag.py:3239} INFO - Sync 1 DAGs
[2026-02-24T18:11:07.758+0000] {logging_mixin.py:190} INFO - [2026-02-24T18:11:07.758+0000] {dag.py:4180} INFO - Setting next_dagrun for tutorial_taskflow_api to None, run_after=None
[2026-02-24T18:11:07.776+0000] {processor.py:208} INFO - Processing /home/ubuntu/airflow-venv/lib/python3.12/site-packages/airflow/example_dags/tutorial_taskflow_api.py took 0.052 seconds
[2026-02-24T18:11:59.119+0000] {processor.py:186} INFO - Started process (PID=45202) to work on /home/ubuntu/airflow-venv/lib/python3.12/site-packages/airflow/example_dags/tutorial_taskflow_api.py
[2026-02-24T18:11:59.120+0000] {processor.py:914} INFO - Processing file /home/ubuntu/airflow-venv/lib/python3.12/site-packages/airflow/example_dags/tutorial_taskflow_api.py for tasks to queue
[2026-02-24T18:11:59.122+0000] {logging_mixin.py:190} INFO - [2026-02-24T18:11:59.121+0000] {dagbag.py:588} INFO - Filling up the DagBag from /home/ubuntu/airflow-venv/lib/python3.12/site-packages/airflow/example_dags/tutorial_taskflow_api.py
[2026-02-24T18:11:59.128+0000] {processor.py:925} INFO - DAG(s) 'tutorial_taskflow_api' retrieved from /home/ubuntu/airflow-venv/lib/python3.12/site-packages/airflow/example_dags/tutorial_taskflow_api.py
[2026-02-24T18:11:59.139+0000] {logging_mixin.py:190} INFO - [2026-02-24T18:11:59.139+0000] {dag.py:3239} INFO - Sync 1 DAGs
[2026-02-24T18:11:59.149+0000] {logging_mixin.py:190} INFO - [2026-02-24T18:11:59.148+0000] {dag.py:4180} INFO - Setting next_dagrun for tutorial_taskflow_api to None, run_after=None
[2026-02-24T18:11:59.166+0000] {processor.py:208} INFO - Processing /home/ubuntu/airflow-venv/lib/python3.12/site-packages/airflow/example_dags/tutorial_taskflow_api.py took 0.052 seconds
[2026-02-24T18:12:50.465+0000] {processor.py:186} INFO - Started process (PID=45254) to work on /home/ubuntu/airflow-venv/lib/python3.12/site-packages/airflow/example_dags/tutorial_taskflow_api.py
[2026-02-24T18:12:50.466+0000] {processor.py:914} INFO - Processing file /home/ubuntu/airflow-venv/lib/python3.12/site-packages/airflow/example_dags/tutorial_taskflow_api.py for tasks to queue
[2026-02-24T18:12:50.468+0000] {logging_mixin.py:190} INFO - [2026-02-24T18:12:50.467+0000] {dagbag.py:588} INFO - Filling up the DagBag from /home/ubuntu/airflow-venv/lib/python3.12/site-packages/airflow/example_dags/tutorial_taskflow_api.py
[2026-02-24T18:12:50.474+0000] {processor.py:925} INFO - DAG(s) 'tutorial_taskflow_api' retrieved from /home/ubuntu/airflow-venv/lib/python3.12/site-packages/airflow/example_dags/tutorial_taskflow_api.py
[2026-02-24T18:12:50.485+0000] {logging_mixin.py:190} INFO - [2026-02-24T18:12:50.485+0000] {dag.py:3239} INFO - Sync 1 DAGs
[2026-02-24T18:12:50.494+0000] {logging_mixin.py:190} INFO - [2026-02-24T18:12:50.494+0000] {dag.py:4180} INFO - Setting next_dagrun for tutorial_taskflow_api to None, run_after=None
[2026-02-24T18:12:50.512+0000] {processor.py:208} INFO - Processing /home/ubuntu/airflow-venv/lib/python3.12/site-packages/airflow/example_dags/tutorial_taskflow_api.py took 0.052 seconds
[2026-02-24T18:13:39.562+0000] {processor.py:186} INFO - Started process (PID=45307) to work on /home/ubuntu/airflow-venv/lib/python3.12/site-packages/airflow/example_dags/tutorial_taskflow_api.py
[2026-02-24T18:13:39.563+0000] {processor.py:914} INFO - Processing file /home/ubuntu/airflow-venv/lib/python3.12/site-packages/airflow/example_dags/tutorial_taskflow_api.py for tasks to queue
[2026-02-24T18:13:39.564+0000] {logging_mixin.py:190} INFO - [2026-02-24T18:13:39.564+0000] {dagbag.py:588} INFO - Filling up the DagBag from /home/ubuntu/airflow-venv/lib/python3.12/site-packages/airflow/example_dags/tutorial_taskflow_api.py
[2026-02-24T18:13:39.571+0000] {processor.py:925} INFO - DAG(s) 'tutorial_taskflow_api' retrieved from /home/ubuntu/airflow-venv/lib/python3.12/site-packages/airflow/example_dags/tutorial_taskflow_api.py
[2026-02-24T18:13:39.582+0000] {logging_mixin.py:190} INFO - [2026-02-24T18:13:39.582+0000] {dag.py:3239} INFO - Sync 1 DAGs
[2026-02-24T18:13:39.591+0000] {logging_mixin.py:190} INFO - [2026-02-24T18:13:39.591+0000] {dag.py:4180} INFO - Setting next_dagrun for tutorial_taskflow_api to None, run_after=None
[2026-02-24T18:13:39.610+0000] {processor.py:208} INFO - Processing /home/ubuntu/airflow-venv/lib/python3.12/site-packages/airflow/example_dags/tutorial_taskflow_api.py took 0.052 seconds
[2026-02-24T18:14:28.317+0000] {processor.py:186} INFO - Started process (PID=45358) to work on /home/ubuntu/airflow-venv/lib/python3.12/site-packages/airflow/example_dags/tutorial_taskflow_api.py
[2026-02-24T18:14:28.318+0000] {processor.py:914} INFO - Processing file /home/ubuntu/airflow-venv/lib/python3.12/site-packages/airflow/example_dags/tutorial_taskflow_api.py for tasks to queue
[2026-02-24T18:14:28.320+0000] {logging_mixin.py:190} INFO - [2026-02-24T18:14:28.319+0000] {dagbag.py:588} INFO - Filling up the DagBag from /home/ubuntu/airflow-venv/lib/python3.12/site-packages/airflow/example_dags/tutorial_taskflow_api.py
[2026-02-24T18:14:28.326+0000] {processor.py:925} INFO - DAG(s) 'tutorial_taskflow_api' retrieved from /home/ubuntu/airflow-venv/lib/python3.12/site-packages/airflow/example_dags/tutorial_taskflow_api.py
[2026-02-24T18:14:28.338+0000] {logging_mixin.py:190} INFO - [2026-02-24T18:14:28.337+0000] {dag.py:3239} INFO - Sync 1 DAGs
[2026-02-24T18:14:28.347+0000] {logging_mixin.py:190} INFO - [2026-02-24T18:14:28.347+0000] {dag.py:4180} INFO - Setting next_dagrun for tutorial_taskflow_api to None, run_after=None
[2026-02-24T18:14:28.366+0000] {processor.py:208} INFO - Processing /home/ubuntu/airflow-venv/lib/python3.12/site-packages/airflow/example_dags/tutorial_taskflow_api.py took 0.053 seconds
[2026-02-24T18:15:18.589+0000] {processor.py:186} INFO - Started process (PID=45414) to work on /home/ubuntu/airflow-venv/lib/python3.12/site-packages/airflow/example_dags/tutorial_taskflow_api.py
[2026-02-24T18:15:18.590+0000] {processor.py:914} INFO - Processing file /home/ubuntu/airflow-venv/lib/python3.12/site-packages/airflow/example_dags/tutorial_taskflow_api.py for tasks to queue
[2026-02-24T18:15:18.592+0000] {logging_mixin.py:190} INFO - [2026-02-24T18:15:18.592+0000] {dagbag.py:588} INFO - Filling up the DagBag from /home/ubuntu/airflow-venv/lib/python3.12/site-packages/airflow/example_dags/tutorial_taskflow_api.py
[2026-02-24T18:15:18.598+0000] {processor.py:925} INFO - DAG(s) 'tutorial_taskflow_api' retrieved from /home/ubuntu/airflow-venv/lib/python3.12/site-packages/airflow/example_dags/tutorial_taskflow_api.py
[2026-02-24T18:15:18.610+0000] {logging_mixin.py:190} INFO - [2026-02-24T18:15:18.609+0000] {dag.py:3239} INFO - Sync 1 DAGs
[2026-02-24T18:15:18.618+0000] {logging_mixin.py:190} INFO - [2026-02-24T18:15:18.618+0000] {dag.py:4180} INFO - Setting next_dagrun for tutorial_taskflow_api to None, run_after=None
[2026-02-24T18:15:18.636+0000] {processor.py:208} INFO - Processing /home/ubuntu/airflow-venv/lib/python3.12/site-packages/airflow/example_dags/tutorial_taskflow_api.py took 0.051 seconds
[2026-02-24T18:16:10.749+0000] {processor.py:186} INFO - Started process (PID=45467) to work on /home/ubuntu/airflow-venv/lib/python3.12/site-packages/airflow/example_dags/tutorial_taskflow_api.py
[2026-02-24T18:16:10.750+0000] {processor.py:914} INFO - Processing file /home/ubuntu/airflow-venv/lib/python3.12/site-packages/airflow/example_dags/tutorial_taskflow_api.py for tasks to queue
[2026-02-24T18:16:10.752+0000] {logging_mixin.py:190} INFO - [2026-02-24T18:16:10.751+0000] {dagbag.py:588} INFO - Filling up the DagBag from /home/ubuntu/airflow-venv/lib/python3.12/site-packages/airflow/example_dags/tutorial_taskflow_api.py
[2026-02-24T18:16:10.758+0000] {processor.py:925} INFO - DAG(s) 'tutorial_taskflow_api' retrieved from /home/ubuntu/airflow-venv/lib/python3.12/site-packages/airflow/example_dags/tutorial_taskflow_api.py
[2026-02-24T18:16:10.770+0000] {logging_mixin.py:190} INFO - [2026-02-24T18:16:10.769+0000] {dag.py:3239} INFO - Sync 1 DAGs
[2026-02-24T18:16:10.778+0000] {logging_mixin.py:190} INFO - [2026-02-24T18:16:10.778+0000] {dag.py:4180} INFO - Setting next_dagrun for tutorial_taskflow_api to None, run_after=None
[2026-02-24T18:16:10.796+0000] {processor.py:208} INFO - Processing /home/ubuntu/airflow-venv/lib/python3.12/site-packages/airflow/example_dags/tutorial_taskflow_api.py took 0.051 seconds
[2026-02-24T18:16:58.714+0000] {processor.py:186} INFO - Started process (PID=45519) to work on /home/ubuntu/airflow-venv/lib/python3.12/site-packages/airflow/example_dags/tutorial_taskflow_api.py
[2026-02-24T18:16:58.716+0000] {processor.py:914} INFO - Processing file /home/ubuntu/airflow-venv/lib/python3.12/site-packages/airflow/example_dags/tutorial_taskflow_api.py for tasks to queue
[2026-02-24T18:16:58.717+0000] {logging_mixin.py:190} INFO - [2026-02-24T18:16:58.717+0000] {dagbag.py:588} INFO - Filling up the DagBag from /home/ubuntu/airflow-venv/lib/python3.12/site-packages/airflow/example_dags/tutorial_taskflow_api.py
[2026-02-24T18:16:58.724+0000] {processor.py:925} INFO - DAG(s) 'tutorial_taskflow_api' retrieved from /home/ubuntu/airflow-venv/lib/python3.12/site-packages/airflow/example_dags/tutorial_taskflow_api.py
[2026-02-24T18:16:58.735+0000] {logging_mixin.py:190} INFO - [2026-02-24T18:16:58.735+0000] {dag.py:3239} INFO - Sync 1 DAGs
[2026-02-24T18:16:58.744+0000] {logging_mixin.py:190} INFO - [2026-02-24T18:16:58.744+0000] {dag.py:4180} INFO - Setting next_dagrun for tutorial_taskflow_api to None, run_after=None
[2026-02-24T18:16:58.762+0000] {processor.py:208} INFO - Processing /home/ubuntu/airflow-venv/lib/python3.12/site-packages/airflow/example_dags/tutorial_taskflow_api.py took 0.052 seconds
[2026-02-24T18:17:53.337+0000] {processor.py:186} INFO - Started process (PID=45578) to work on /home/ubuntu/airflow-venv/lib/python3.12/site-packages/airflow/example_dags/tutorial_taskflow_api.py
[2026-02-24T18:17:53.338+0000] {processor.py:914} INFO - Processing file /home/ubuntu/airflow-venv/lib/python3.12/site-packages/airflow/example_dags/tutorial_taskflow_api.py for tasks to queue
[2026-02-24T18:17:53.339+0000] {logging_mixin.py:190} INFO - [2026-02-24T18:17:53.339+0000] {dagbag.py:588} INFO - Filling up the DagBag from /home/ubuntu/airflow-venv/lib/python3.12/site-packages/airflow/example_dags/tutorial_taskflow_api.py
[2026-02-24T18:17:53.346+0000] {processor.py:925} INFO - DAG(s) 'tutorial_taskflow_api' retrieved from /home/ubuntu/airflow-venv/lib/python3.12/site-packages/airflow/example_dags/tutorial_taskflow_api.py
[2026-02-24T18:17:53.357+0000] {logging_mixin.py:190} INFO - [2026-02-24T18:17:53.357+0000] {dag.py:3239} INFO - Sync 1 DAGs
[2026-02-24T18:17:53.366+0000] {logging_mixin.py:190} INFO - [2026-02-24T18:17:53.366+0000] {dag.py:4180} INFO - Setting next_dagrun for tutorial_taskflow_api to None, run_after=None
[2026-02-24T18:17:53.385+0000] {processor.py:208} INFO - Processing /home/ubuntu/airflow-venv/lib/python3.12/site-packages/airflow/example_dags/tutorial_taskflow_api.py took 0.052 seconds
[2026-02-24T18:18:43.571+0000] {processor.py:186} INFO - Started process (PID=45630) to work on /home/ubuntu/airflow-venv/lib/python3.12/site-packages/airflow/example_dags/tutorial_taskflow_api.py
[2026-02-24T18:18:43.572+0000] {processor.py:914} INFO - Processing file /home/ubuntu/airflow-venv/lib/python3.12/site-packages/airflow/example_dags/tutorial_taskflow_api.py for tasks to queue
[2026-02-24T18:18:43.574+0000] {logging_mixin.py:190} INFO - [2026-02-24T18:18:43.574+0000] {dagbag.py:588} INFO - Filling up the DagBag from /home/ubuntu/airflow-venv/lib/python3.12/site-packages/airflow/example_dags/tutorial_taskflow_api.py
[2026-02-24T18:18:43.580+0000] {processor.py:925} INFO - DAG(s) 'tutorial_taskflow_api' retrieved from /home/ubuntu/airflow-venv/lib/python3.12/site-packages/airflow/example_dags/tutorial_taskflow_api.py
[2026-02-24T18:18:43.592+0000] {logging_mixin.py:190} INFO - [2026-02-24T18:18:43.592+0000] {dag.py:3239} INFO - Sync 1 DAGs
[2026-02-24T18:18:43.601+0000] {logging_mixin.py:190} INFO - [2026-02-24T18:18:43.601+0000] {dag.py:4180} INFO - Setting next_dagrun for tutorial_taskflow_api to None, run_after=None
[2026-02-24T18:18:43.619+0000] {processor.py:208} INFO - Processing /home/ubuntu/airflow-venv/lib/python3.12/site-packages/airflow/example_dags/tutorial_taskflow_api.py took 0.053 seconds
[2026-02-24T18:19:35.519+0000] {processor.py:186} INFO - Started process (PID=45685) to work on /home/ubuntu/airflow-venv/lib/python3.12/site-packages/airflow/example_dags/tutorial_taskflow_api.py
[2026-02-24T18:19:35.521+0000] {processor.py:914} INFO - Processing file /home/ubuntu/airflow-venv/lib/python3.12/site-packages/airflow/example_dags/tutorial_taskflow_api.py for tasks to queue
[2026-02-24T18:19:35.522+0000] {logging_mixin.py:190} INFO - [2026-02-24T18:19:35.522+0000] {dagbag.py:588} INFO - Filling up the DagBag from /home/ubuntu/airflow-venv/lib/python3.12/site-packages/airflow/example_dags/tutorial_taskflow_api.py
[2026-02-24T18:19:35.528+0000] {processor.py:925} INFO - DAG(s) 'tutorial_taskflow_api' retrieved from /home/ubuntu/airflow-venv/lib/python3.12/site-packages/airflow/example_dags/tutorial_taskflow_api.py
[2026-02-24T18:19:35.540+0000] {logging_mixin.py:190} INFO - [2026-02-24T18:19:35.540+0000] {dag.py:3239} INFO - Sync 1 DAGs
[2026-02-24T18:19:35.549+0000] {logging_mixin.py:190} INFO - [2026-02-24T18:19:35.549+0000] {dag.py:4180} INFO - Setting next_dagrun for tutorial_taskflow_api to None, run_after=None
[2026-02-24T18:19:35.567+0000] {processor.py:208} INFO - Processing /home/ubuntu/airflow-venv/lib/python3.12/site-packages/airflow/example_dags/tutorial_taskflow_api.py took 0.052 seconds
