[2026-02-26T06:03:19.727+0000] {local_task_job_runner.py:123} INFO - ::group::Pre task execution logs
[2026-02-26T06:03:19.734+0000] {taskinstance.py:2612} INFO - Dependencies all met for dep_context=non-requeueable deps ti=<TaskInstance: conditional_spark_trigger.check_api_task manual__2026-02-26T06:02:01.500556+00:00 [queued]>
[2026-02-26T06:03:19.738+0000] {taskinstance.py:2612} INFO - Dependencies all met for dep_context=requeueable deps ti=<TaskInstance: conditional_spark_trigger.check_api_task manual__2026-02-26T06:02:01.500556+00:00 [queued]>
[2026-02-26T06:03:19.738+0000] {taskinstance.py:2865} INFO - Starting attempt 1 of 1
[2026-02-26T06:03:19.748+0000] {taskinstance.py:2888} INFO - Executing <Task(BranchPythonOperator): check_api_task> on 2026-02-26 06:02:01.500556+00:00
[2026-02-26T06:03:19.753+0000] {standard_task_runner.py:72} INFO - Started process 2215 to run task
[2026-02-26T06:03:19.759+0000] {standard_task_runner.py:104} INFO - Running: ['airflow', 'tasks', 'run', 'conditional_spark_trigger', 'check_api_task', 'manual__2026-02-26T06:02:01.500556+00:00', '--job-id', '49', '--raw', '--subdir', 'DAGS_FOLDER/microservice_spark_dag.py', '--cfg-path', '/tmp/tmpi6uvi0vh']
[2026-02-26T06:03:19.760+0000] {standard_task_runner.py:105} INFO - Job 49: Subtask check_api_task
[2026-02-26T06:03:19.786+0000] {task_command.py:467} INFO - Running <TaskInstance: conditional_spark_trigger.check_api_task manual__2026-02-26T06:02:01.500556+00:00 [running]> on host ip-172-31-43-74.eu-north-1.compute.internal
[2026-02-26T06:03:19.833+0000] {taskinstance.py:3131} INFO - Exporting env vars: AIRFLOW_CTX_DAG_OWNER='airflow' AIRFLOW_CTX_DAG_ID='conditional_spark_trigger' AIRFLOW_CTX_TASK_ID='check_api_task' AIRFLOW_CTX_EXECUTION_DATE='2026-02-26T06:02:01.500556+00:00' AIRFLOW_CTX_TRY_NUMBER='1' AIRFLOW_CTX_DAG_RUN_ID='manual__2026-02-26T06:02:01.500556+00:00'
[2026-02-26T06:03:19.834+0000] {logging_mixin.py:190} INFO - Task instance is in running state
[2026-02-26T06:03:19.834+0000] {logging_mixin.py:190} INFO -  Previous state of the Task instance: queued
[2026-02-26T06:03:19.834+0000] {logging_mixin.py:190} INFO - Current task name:check_api_task state:running start_date:2026-02-26 06:03:19.734249+00:00
[2026-02-26T06:03:19.835+0000] {logging_mixin.py:190} INFO - Dag name:conditional_spark_trigger and current dag run status:running
[2026-02-26T06:03:19.835+0000] {taskinstance.py:731} INFO - ::endgroup::
[2026-02-26T06:03:19.835+0000] {baseoperator.py:405} WARNING - BranchPythonOperator.execute cannot be called outside TaskInstance!
[2026-02-26T06:03:20.140+0000] {logging_mixin.py:190} INFO - API Success. Triggering Spark...
[2026-02-26T06:03:20.140+0000] {python.py:240} INFO - Done. Returned value was: trigger_spark_task
[2026-02-26T06:03:20.140+0000] {branch.py:38} INFO - Branch into trigger_spark_task
[2026-02-26T06:03:20.141+0000] {skipmixin.py:230} INFO - Following branch {'trigger_spark_task'}
[2026-02-26T06:03:20.144+0000] {skipmixin.py:278} INFO - Skipping tasks [('api_failed_task', -1)]
[2026-02-26T06:03:20.161+0000] {taskinstance.py:340} INFO - ::group::Post task execution logs
[2026-02-26T06:03:20.162+0000] {taskinstance.py:352} INFO - Marking task as SUCCESS. dag_id=conditional_spark_trigger, task_id=check_api_task, run_id=manual__2026-02-26T06:02:01.500556+00:00, execution_date=20260226T060201, start_date=20260226T060319, end_date=20260226T060320
[2026-02-26T06:03:20.168+0000] {logging_mixin.py:190} INFO - Task instance in success state
[2026-02-26T06:03:20.168+0000] {logging_mixin.py:190} INFO -  Previous state of the Task instance: running
[2026-02-26T06:03:20.168+0000] {logging_mixin.py:190} INFO - Dag name:conditional_spark_trigger queued_at:2026-02-26 06:02:01.509750+00:00
[2026-02-26T06:03:20.168+0000] {logging_mixin.py:190} INFO - Task hostname:ip-172-31-43-74.eu-north-1.compute.internal operator:BranchPythonOperator
[2026-02-26T06:03:20.213+0000] {local_task_job_runner.py:266} INFO - Task exited with return code 0
[2026-02-26T06:03:20.222+0000] {logging_mixin.py:190} WARNING - /home/ubuntu/airflow-venv/lib/python3.12/site-packages/airflow/models/baseoperator.py:1378 AirflowProviderDeprecationWarning: Call to deprecated class SimpleHttpOperator. (Class `SimpleHttpOperator` is deprecated and will be removed in a future release. Please use `HttpOperator` instead.)
[2026-02-26T06:03:20.233+0000] {taskinstance.py:3900} INFO - 1 downstream tasks scheduled from follow-on schedule check
[2026-02-26T06:03:20.235+0000] {local_task_job_runner.py:245} INFO - ::endgroup::
