[2026-02-26T05:22:34.120+0000] {processor.py:186} INFO - Started process (PID=1747) to work on /home/ubuntu/airflow-venv/lib/python3.12/site-packages/airflow/example_dags/plugins/event_listener.py
[2026-02-26T05:22:34.121+0000] {processor.py:914} INFO - Processing file /home/ubuntu/airflow-venv/lib/python3.12/site-packages/airflow/example_dags/plugins/event_listener.py for tasks to queue
[2026-02-26T05:22:34.122+0000] {logging_mixin.py:190} INFO - [2026-02-26T05:22:34.122+0000] {dagbag.py:588} INFO - Filling up the DagBag from /home/ubuntu/airflow-venv/lib/python3.12/site-packages/airflow/example_dags/plugins/event_listener.py
[2026-02-26T05:22:34.123+0000] {processor.py:927} WARNING - No viable dags retrieved from /home/ubuntu/airflow-venv/lib/python3.12/site-packages/airflow/example_dags/plugins/event_listener.py
[2026-02-26T05:22:34.130+0000] {processor.py:208} INFO - Processing /home/ubuntu/airflow-venv/lib/python3.12/site-packages/airflow/example_dags/plugins/event_listener.py took 0.013 seconds
[2026-02-26T05:23:29.167+0000] {processor.py:186} INFO - Started process (PID=2175) to work on /home/ubuntu/airflow-venv/lib/python3.12/site-packages/airflow/example_dags/plugins/event_listener.py
[2026-02-26T05:23:29.169+0000] {processor.py:914} INFO - Processing file /home/ubuntu/airflow-venv/lib/python3.12/site-packages/airflow/example_dags/plugins/event_listener.py for tasks to queue
[2026-02-26T05:23:29.170+0000] {logging_mixin.py:190} INFO - [2026-02-26T05:23:29.169+0000] {dagbag.py:588} INFO - Filling up the DagBag from /home/ubuntu/airflow-venv/lib/python3.12/site-packages/airflow/example_dags/plugins/event_listener.py
[2026-02-26T05:23:29.171+0000] {processor.py:927} WARNING - No viable dags retrieved from /home/ubuntu/airflow-venv/lib/python3.12/site-packages/airflow/example_dags/plugins/event_listener.py
[2026-02-26T05:23:29.178+0000] {processor.py:208} INFO - Processing /home/ubuntu/airflow-venv/lib/python3.12/site-packages/airflow/example_dags/plugins/event_listener.py took 0.014 seconds
[2026-02-26T05:24:19.419+0000] {processor.py:186} INFO - Started process (PID=2229) to work on /home/ubuntu/airflow-venv/lib/python3.12/site-packages/airflow/example_dags/plugins/event_listener.py
[2026-02-26T05:24:19.420+0000] {processor.py:914} INFO - Processing file /home/ubuntu/airflow-venv/lib/python3.12/site-packages/airflow/example_dags/plugins/event_listener.py for tasks to queue
[2026-02-26T05:24:19.421+0000] {logging_mixin.py:190} INFO - [2026-02-26T05:24:19.421+0000] {dagbag.py:588} INFO - Filling up the DagBag from /home/ubuntu/airflow-venv/lib/python3.12/site-packages/airflow/example_dags/plugins/event_listener.py
[2026-02-26T05:24:19.423+0000] {processor.py:927} WARNING - No viable dags retrieved from /home/ubuntu/airflow-venv/lib/python3.12/site-packages/airflow/example_dags/plugins/event_listener.py
[2026-02-26T05:24:19.429+0000] {processor.py:208} INFO - Processing /home/ubuntu/airflow-venv/lib/python3.12/site-packages/airflow/example_dags/plugins/event_listener.py took 0.013 seconds
[2026-02-26T05:25:08.458+0000] {processor.py:186} INFO - Started process (PID=2284) to work on /home/ubuntu/airflow-venv/lib/python3.12/site-packages/airflow/example_dags/plugins/event_listener.py
[2026-02-26T05:25:08.459+0000] {processor.py:914} INFO - Processing file /home/ubuntu/airflow-venv/lib/python3.12/site-packages/airflow/example_dags/plugins/event_listener.py for tasks to queue
[2026-02-26T05:25:08.460+0000] {logging_mixin.py:190} INFO - [2026-02-26T05:25:08.460+0000] {dagbag.py:588} INFO - Filling up the DagBag from /home/ubuntu/airflow-venv/lib/python3.12/site-packages/airflow/example_dags/plugins/event_listener.py
[2026-02-26T05:25:08.461+0000] {processor.py:927} WARNING - No viable dags retrieved from /home/ubuntu/airflow-venv/lib/python3.12/site-packages/airflow/example_dags/plugins/event_listener.py
[2026-02-26T05:25:08.467+0000] {processor.py:208} INFO - Processing /home/ubuntu/airflow-venv/lib/python3.12/site-packages/airflow/example_dags/plugins/event_listener.py took 0.013 seconds
[2026-02-26T05:25:55.834+0000] {processor.py:186} INFO - Started process (PID=2347) to work on /home/ubuntu/airflow-venv/lib/python3.12/site-packages/airflow/example_dags/plugins/event_listener.py
[2026-02-26T05:25:55.835+0000] {processor.py:914} INFO - Processing file /home/ubuntu/airflow-venv/lib/python3.12/site-packages/airflow/example_dags/plugins/event_listener.py for tasks to queue
[2026-02-26T05:25:55.836+0000] {logging_mixin.py:190} INFO - [2026-02-26T05:25:55.836+0000] {dagbag.py:588} INFO - Filling up the DagBag from /home/ubuntu/airflow-venv/lib/python3.12/site-packages/airflow/example_dags/plugins/event_listener.py
[2026-02-26T05:25:55.838+0000] {processor.py:927} WARNING - No viable dags retrieved from /home/ubuntu/airflow-venv/lib/python3.12/site-packages/airflow/example_dags/plugins/event_listener.py
[2026-02-26T05:25:55.844+0000] {processor.py:208} INFO - Processing /home/ubuntu/airflow-venv/lib/python3.12/site-packages/airflow/example_dags/plugins/event_listener.py took 0.013 seconds
[2026-02-26T05:26:45.601+0000] {processor.py:186} INFO - Started process (PID=2404) to work on /home/ubuntu/airflow-venv/lib/python3.12/site-packages/airflow/example_dags/plugins/event_listener.py
[2026-02-26T05:26:45.602+0000] {processor.py:914} INFO - Processing file /home/ubuntu/airflow-venv/lib/python3.12/site-packages/airflow/example_dags/plugins/event_listener.py for tasks to queue
[2026-02-26T05:26:45.603+0000] {logging_mixin.py:190} INFO - [2026-02-26T05:26:45.603+0000] {dagbag.py:588} INFO - Filling up the DagBag from /home/ubuntu/airflow-venv/lib/python3.12/site-packages/airflow/example_dags/plugins/event_listener.py
[2026-02-26T05:26:45.604+0000] {processor.py:927} WARNING - No viable dags retrieved from /home/ubuntu/airflow-venv/lib/python3.12/site-packages/airflow/example_dags/plugins/event_listener.py
[2026-02-26T05:26:45.611+0000] {processor.py:208} INFO - Processing /home/ubuntu/airflow-venv/lib/python3.12/site-packages/airflow/example_dags/plugins/event_listener.py took 0.013 seconds
[2026-02-26T05:27:32.823+0000] {processor.py:186} INFO - Started process (PID=2819) to work on /home/ubuntu/airflow-venv/lib/python3.12/site-packages/airflow/example_dags/plugins/event_listener.py
[2026-02-26T05:27:32.824+0000] {processor.py:914} INFO - Processing file /home/ubuntu/airflow-venv/lib/python3.12/site-packages/airflow/example_dags/plugins/event_listener.py for tasks to queue
[2026-02-26T05:27:32.826+0000] {logging_mixin.py:190} INFO - [2026-02-26T05:27:32.825+0000] {dagbag.py:588} INFO - Filling up the DagBag from /home/ubuntu/airflow-venv/lib/python3.12/site-packages/airflow/example_dags/plugins/event_listener.py
[2026-02-26T05:27:32.827+0000] {processor.py:927} WARNING - No viable dags retrieved from /home/ubuntu/airflow-venv/lib/python3.12/site-packages/airflow/example_dags/plugins/event_listener.py
[2026-02-26T05:27:32.833+0000] {processor.py:208} INFO - Processing /home/ubuntu/airflow-venv/lib/python3.12/site-packages/airflow/example_dags/plugins/event_listener.py took 0.013 seconds
[2026-02-26T05:28:23.943+0000] {processor.py:186} INFO - Started process (PID=2871) to work on /home/ubuntu/airflow-venv/lib/python3.12/site-packages/airflow/example_dags/plugins/event_listener.py
[2026-02-26T05:28:23.944+0000] {processor.py:914} INFO - Processing file /home/ubuntu/airflow-venv/lib/python3.12/site-packages/airflow/example_dags/plugins/event_listener.py for tasks to queue
[2026-02-26T05:28:23.945+0000] {logging_mixin.py:190} INFO - [2026-02-26T05:28:23.945+0000] {dagbag.py:588} INFO - Filling up the DagBag from /home/ubuntu/airflow-venv/lib/python3.12/site-packages/airflow/example_dags/plugins/event_listener.py
[2026-02-26T05:28:23.946+0000] {processor.py:927} WARNING - No viable dags retrieved from /home/ubuntu/airflow-venv/lib/python3.12/site-packages/airflow/example_dags/plugins/event_listener.py
[2026-02-26T05:28:23.953+0000] {processor.py:208} INFO - Processing /home/ubuntu/airflow-venv/lib/python3.12/site-packages/airflow/example_dags/plugins/event_listener.py took 0.013 seconds
[2026-02-26T05:29:16.617+0000] {processor.py:186} INFO - Started process (PID=2925) to work on /home/ubuntu/airflow-venv/lib/python3.12/site-packages/airflow/example_dags/plugins/event_listener.py
[2026-02-26T05:29:16.618+0000] {processor.py:914} INFO - Processing file /home/ubuntu/airflow-venv/lib/python3.12/site-packages/airflow/example_dags/plugins/event_listener.py for tasks to queue
[2026-02-26T05:29:16.620+0000] {logging_mixin.py:190} INFO - [2026-02-26T05:29:16.619+0000] {dagbag.py:588} INFO - Filling up the DagBag from /home/ubuntu/airflow-venv/lib/python3.12/site-packages/airflow/example_dags/plugins/event_listener.py
[2026-02-26T05:29:16.621+0000] {processor.py:927} WARNING - No viable dags retrieved from /home/ubuntu/airflow-venv/lib/python3.12/site-packages/airflow/example_dags/plugins/event_listener.py
[2026-02-26T05:29:16.627+0000] {processor.py:208} INFO - Processing /home/ubuntu/airflow-venv/lib/python3.12/site-packages/airflow/example_dags/plugins/event_listener.py took 0.014 seconds
[2026-02-26T05:30:11.300+0000] {processor.py:186} INFO - Started process (PID=2981) to work on /home/ubuntu/airflow-venv/lib/python3.12/site-packages/airflow/example_dags/plugins/event_listener.py
[2026-02-26T05:30:11.301+0000] {processor.py:914} INFO - Processing file /home/ubuntu/airflow-venv/lib/python3.12/site-packages/airflow/example_dags/plugins/event_listener.py for tasks to queue
[2026-02-26T05:30:11.303+0000] {logging_mixin.py:190} INFO - [2026-02-26T05:30:11.303+0000] {dagbag.py:588} INFO - Filling up the DagBag from /home/ubuntu/airflow-venv/lib/python3.12/site-packages/airflow/example_dags/plugins/event_listener.py
[2026-02-26T05:30:11.304+0000] {processor.py:927} WARNING - No viable dags retrieved from /home/ubuntu/airflow-venv/lib/python3.12/site-packages/airflow/example_dags/plugins/event_listener.py
[2026-02-26T05:30:11.310+0000] {processor.py:208} INFO - Processing /home/ubuntu/airflow-venv/lib/python3.12/site-packages/airflow/example_dags/plugins/event_listener.py took 0.013 seconds
[2026-02-26T05:31:02.611+0000] {processor.py:186} INFO - Started process (PID=3037) to work on /home/ubuntu/airflow-venv/lib/python3.12/site-packages/airflow/example_dags/plugins/event_listener.py
[2026-02-26T05:31:02.613+0000] {processor.py:914} INFO - Processing file /home/ubuntu/airflow-venv/lib/python3.12/site-packages/airflow/example_dags/plugins/event_listener.py for tasks to queue
[2026-02-26T05:31:02.614+0000] {logging_mixin.py:190} INFO - [2026-02-26T05:31:02.614+0000] {dagbag.py:588} INFO - Filling up the DagBag from /home/ubuntu/airflow-venv/lib/python3.12/site-packages/airflow/example_dags/plugins/event_listener.py
[2026-02-26T05:31:02.615+0000] {processor.py:927} WARNING - No viable dags retrieved from /home/ubuntu/airflow-venv/lib/python3.12/site-packages/airflow/example_dags/plugins/event_listener.py
[2026-02-26T05:31:02.622+0000] {processor.py:208} INFO - Processing /home/ubuntu/airflow-venv/lib/python3.12/site-packages/airflow/example_dags/plugins/event_listener.py took 0.014 seconds
[2026-02-26T05:31:52.857+0000] {processor.py:186} INFO - Started process (PID=3090) to work on /home/ubuntu/airflow-venv/lib/python3.12/site-packages/airflow/example_dags/plugins/event_listener.py
[2026-02-26T05:31:52.858+0000] {processor.py:914} INFO - Processing file /home/ubuntu/airflow-venv/lib/python3.12/site-packages/airflow/example_dags/plugins/event_listener.py for tasks to queue
[2026-02-26T05:31:52.860+0000] {logging_mixin.py:190} INFO - [2026-02-26T05:31:52.859+0000] {dagbag.py:588} INFO - Filling up the DagBag from /home/ubuntu/airflow-venv/lib/python3.12/site-packages/airflow/example_dags/plugins/event_listener.py
[2026-02-26T05:31:52.861+0000] {processor.py:927} WARNING - No viable dags retrieved from /home/ubuntu/airflow-venv/lib/python3.12/site-packages/airflow/example_dags/plugins/event_listener.py
[2026-02-26T05:31:52.867+0000] {processor.py:208} INFO - Processing /home/ubuntu/airflow-venv/lib/python3.12/site-packages/airflow/example_dags/plugins/event_listener.py took 0.014 seconds
[2026-02-26T05:32:43.051+0000] {processor.py:186} INFO - Started process (PID=3144) to work on /home/ubuntu/airflow-venv/lib/python3.12/site-packages/airflow/example_dags/plugins/event_listener.py
[2026-02-26T05:32:43.052+0000] {processor.py:914} INFO - Processing file /home/ubuntu/airflow-venv/lib/python3.12/site-packages/airflow/example_dags/plugins/event_listener.py for tasks to queue
[2026-02-26T05:32:43.054+0000] {logging_mixin.py:190} INFO - [2026-02-26T05:32:43.054+0000] {dagbag.py:588} INFO - Filling up the DagBag from /home/ubuntu/airflow-venv/lib/python3.12/site-packages/airflow/example_dags/plugins/event_listener.py
[2026-02-26T05:32:43.055+0000] {processor.py:927} WARNING - No viable dags retrieved from /home/ubuntu/airflow-venv/lib/python3.12/site-packages/airflow/example_dags/plugins/event_listener.py
[2026-02-26T05:32:43.061+0000] {processor.py:208} INFO - Processing /home/ubuntu/airflow-venv/lib/python3.12/site-packages/airflow/example_dags/plugins/event_listener.py took 0.014 seconds
[2026-02-26T05:33:33.248+0000] {processor.py:186} INFO - Started process (PID=3194) to work on /home/ubuntu/airflow-venv/lib/python3.12/site-packages/airflow/example_dags/plugins/event_listener.py
[2026-02-26T05:33:33.249+0000] {processor.py:914} INFO - Processing file /home/ubuntu/airflow-venv/lib/python3.12/site-packages/airflow/example_dags/plugins/event_listener.py for tasks to queue
[2026-02-26T05:33:33.250+0000] {logging_mixin.py:190} INFO - [2026-02-26T05:33:33.250+0000] {dagbag.py:588} INFO - Filling up the DagBag from /home/ubuntu/airflow-venv/lib/python3.12/site-packages/airflow/example_dags/plugins/event_listener.py
[2026-02-26T05:33:33.252+0000] {processor.py:927} WARNING - No viable dags retrieved from /home/ubuntu/airflow-venv/lib/python3.12/site-packages/airflow/example_dags/plugins/event_listener.py
[2026-02-26T05:33:33.258+0000] {processor.py:208} INFO - Processing /home/ubuntu/airflow-venv/lib/python3.12/site-packages/airflow/example_dags/plugins/event_listener.py took 0.013 seconds
[2026-02-26T05:34:21.228+0000] {processor.py:186} INFO - Started process (PID=3248) to work on /home/ubuntu/airflow-venv/lib/python3.12/site-packages/airflow/example_dags/plugins/event_listener.py
[2026-02-26T05:34:21.229+0000] {processor.py:914} INFO - Processing file /home/ubuntu/airflow-venv/lib/python3.12/site-packages/airflow/example_dags/plugins/event_listener.py for tasks to queue
[2026-02-26T05:34:21.230+0000] {logging_mixin.py:190} INFO - [2026-02-26T05:34:21.230+0000] {dagbag.py:588} INFO - Filling up the DagBag from /home/ubuntu/airflow-venv/lib/python3.12/site-packages/airflow/example_dags/plugins/event_listener.py
[2026-02-26T05:34:21.232+0000] {processor.py:927} WARNING - No viable dags retrieved from /home/ubuntu/airflow-venv/lib/python3.12/site-packages/airflow/example_dags/plugins/event_listener.py
[2026-02-26T05:34:21.238+0000] {processor.py:208} INFO - Processing /home/ubuntu/airflow-venv/lib/python3.12/site-packages/airflow/example_dags/plugins/event_listener.py took 0.014 seconds
[2026-02-26T05:35:10.863+0000] {processor.py:186} INFO - Started process (PID=3304) to work on /home/ubuntu/airflow-venv/lib/python3.12/site-packages/airflow/example_dags/plugins/event_listener.py
[2026-02-26T05:35:10.865+0000] {processor.py:914} INFO - Processing file /home/ubuntu/airflow-venv/lib/python3.12/site-packages/airflow/example_dags/plugins/event_listener.py for tasks to queue
[2026-02-26T05:35:10.866+0000] {logging_mixin.py:190} INFO - [2026-02-26T05:35:10.866+0000] {dagbag.py:588} INFO - Filling up the DagBag from /home/ubuntu/airflow-venv/lib/python3.12/site-packages/airflow/example_dags/plugins/event_listener.py
[2026-02-26T05:35:10.867+0000] {processor.py:927} WARNING - No viable dags retrieved from /home/ubuntu/airflow-venv/lib/python3.12/site-packages/airflow/example_dags/plugins/event_listener.py
[2026-02-26T05:35:10.873+0000] {processor.py:208} INFO - Processing /home/ubuntu/airflow-venv/lib/python3.12/site-packages/airflow/example_dags/plugins/event_listener.py took 0.013 seconds
[2026-02-26T05:36:05.900+0000] {processor.py:186} INFO - Started process (PID=3367) to work on /home/ubuntu/airflow-venv/lib/python3.12/site-packages/airflow/example_dags/plugins/event_listener.py
[2026-02-26T05:36:05.901+0000] {processor.py:914} INFO - Processing file /home/ubuntu/airflow-venv/lib/python3.12/site-packages/airflow/example_dags/plugins/event_listener.py for tasks to queue
[2026-02-26T05:36:05.902+0000] {logging_mixin.py:190} INFO - [2026-02-26T05:36:05.902+0000] {dagbag.py:588} INFO - Filling up the DagBag from /home/ubuntu/airflow-venv/lib/python3.12/site-packages/airflow/example_dags/plugins/event_listener.py
[2026-02-26T05:36:05.903+0000] {processor.py:927} WARNING - No viable dags retrieved from /home/ubuntu/airflow-venv/lib/python3.12/site-packages/airflow/example_dags/plugins/event_listener.py
[2026-02-26T05:36:05.910+0000] {processor.py:208} INFO - Processing /home/ubuntu/airflow-venv/lib/python3.12/site-packages/airflow/example_dags/plugins/event_listener.py took 0.013 seconds
[2026-02-26T05:36:56.875+0000] {processor.py:186} INFO - Started process (PID=3421) to work on /home/ubuntu/airflow-venv/lib/python3.12/site-packages/airflow/example_dags/plugins/event_listener.py
[2026-02-26T05:36:56.876+0000] {processor.py:914} INFO - Processing file /home/ubuntu/airflow-venv/lib/python3.12/site-packages/airflow/example_dags/plugins/event_listener.py for tasks to queue
[2026-02-26T05:36:56.878+0000] {logging_mixin.py:190} INFO - [2026-02-26T05:36:56.877+0000] {dagbag.py:588} INFO - Filling up the DagBag from /home/ubuntu/airflow-venv/lib/python3.12/site-packages/airflow/example_dags/plugins/event_listener.py
[2026-02-26T05:36:56.879+0000] {processor.py:927} WARNING - No viable dags retrieved from /home/ubuntu/airflow-venv/lib/python3.12/site-packages/airflow/example_dags/plugins/event_listener.py
[2026-02-26T05:36:56.886+0000] {processor.py:208} INFO - Processing /home/ubuntu/airflow-venv/lib/python3.12/site-packages/airflow/example_dags/plugins/event_listener.py took 0.014 seconds
[2026-02-26T05:37:43.700+0000] {processor.py:186} INFO - Started process (PID=3471) to work on /home/ubuntu/airflow-venv/lib/python3.12/site-packages/airflow/example_dags/plugins/event_listener.py
[2026-02-26T05:37:43.702+0000] {processor.py:914} INFO - Processing file /home/ubuntu/airflow-venv/lib/python3.12/site-packages/airflow/example_dags/plugins/event_listener.py for tasks to queue
[2026-02-26T05:37:43.703+0000] {logging_mixin.py:190} INFO - [2026-02-26T05:37:43.703+0000] {dagbag.py:588} INFO - Filling up the DagBag from /home/ubuntu/airflow-venv/lib/python3.12/site-packages/airflow/example_dags/plugins/event_listener.py
[2026-02-26T05:37:43.704+0000] {processor.py:927} WARNING - No viable dags retrieved from /home/ubuntu/airflow-venv/lib/python3.12/site-packages/airflow/example_dags/plugins/event_listener.py
[2026-02-26T05:37:43.710+0000] {processor.py:208} INFO - Processing /home/ubuntu/airflow-venv/lib/python3.12/site-packages/airflow/example_dags/plugins/event_listener.py took 0.013 seconds
[2026-02-26T05:38:35.035+0000] {processor.py:186} INFO - Started process (PID=3525) to work on /home/ubuntu/airflow-venv/lib/python3.12/site-packages/airflow/example_dags/plugins/event_listener.py
[2026-02-26T05:38:35.036+0000] {processor.py:914} INFO - Processing file /home/ubuntu/airflow-venv/lib/python3.12/site-packages/airflow/example_dags/plugins/event_listener.py for tasks to queue
[2026-02-26T05:38:35.038+0000] {logging_mixin.py:190} INFO - [2026-02-26T05:38:35.037+0000] {dagbag.py:588} INFO - Filling up the DagBag from /home/ubuntu/airflow-venv/lib/python3.12/site-packages/airflow/example_dags/plugins/event_listener.py
[2026-02-26T05:38:35.039+0000] {processor.py:927} WARNING - No viable dags retrieved from /home/ubuntu/airflow-venv/lib/python3.12/site-packages/airflow/example_dags/plugins/event_listener.py
[2026-02-26T05:38:35.045+0000] {processor.py:208} INFO - Processing /home/ubuntu/airflow-venv/lib/python3.12/site-packages/airflow/example_dags/plugins/event_listener.py took 0.013 seconds
[2026-02-26T05:39:26.412+0000] {processor.py:186} INFO - Started process (PID=3577) to work on /home/ubuntu/airflow-venv/lib/python3.12/site-packages/airflow/example_dags/plugins/event_listener.py
[2026-02-26T05:39:26.413+0000] {processor.py:914} INFO - Processing file /home/ubuntu/airflow-venv/lib/python3.12/site-packages/airflow/example_dags/plugins/event_listener.py for tasks to queue
[2026-02-26T05:39:26.415+0000] {logging_mixin.py:190} INFO - [2026-02-26T05:39:26.414+0000] {dagbag.py:588} INFO - Filling up the DagBag from /home/ubuntu/airflow-venv/lib/python3.12/site-packages/airflow/example_dags/plugins/event_listener.py
[2026-02-26T05:39:26.416+0000] {processor.py:927} WARNING - No viable dags retrieved from /home/ubuntu/airflow-venv/lib/python3.12/site-packages/airflow/example_dags/plugins/event_listener.py
[2026-02-26T05:39:26.422+0000] {processor.py:208} INFO - Processing /home/ubuntu/airflow-venv/lib/python3.12/site-packages/airflow/example_dags/plugins/event_listener.py took 0.014 seconds
[2026-02-26T05:40:13.785+0000] {processor.py:186} INFO - Started process (PID=3629) to work on /home/ubuntu/airflow-venv/lib/python3.12/site-packages/airflow/example_dags/plugins/event_listener.py
[2026-02-26T05:40:13.786+0000] {processor.py:914} INFO - Processing file /home/ubuntu/airflow-venv/lib/python3.12/site-packages/airflow/example_dags/plugins/event_listener.py for tasks to queue
[2026-02-26T05:40:13.788+0000] {logging_mixin.py:190} INFO - [2026-02-26T05:40:13.787+0000] {dagbag.py:588} INFO - Filling up the DagBag from /home/ubuntu/airflow-venv/lib/python3.12/site-packages/airflow/example_dags/plugins/event_listener.py
[2026-02-26T05:40:13.789+0000] {processor.py:927} WARNING - No viable dags retrieved from /home/ubuntu/airflow-venv/lib/python3.12/site-packages/airflow/example_dags/plugins/event_listener.py
[2026-02-26T05:40:13.795+0000] {processor.py:208} INFO - Processing /home/ubuntu/airflow-venv/lib/python3.12/site-packages/airflow/example_dags/plugins/event_listener.py took 0.013 seconds
[2026-02-26T05:41:02.278+0000] {processor.py:186} INFO - Started process (PID=3685) to work on /home/ubuntu/airflow-venv/lib/python3.12/site-packages/airflow/example_dags/plugins/event_listener.py
[2026-02-26T05:41:02.279+0000] {processor.py:914} INFO - Processing file /home/ubuntu/airflow-venv/lib/python3.12/site-packages/airflow/example_dags/plugins/event_listener.py for tasks to queue
[2026-02-26T05:41:02.280+0000] {logging_mixin.py:190} INFO - [2026-02-26T05:41:02.280+0000] {dagbag.py:588} INFO - Filling up the DagBag from /home/ubuntu/airflow-venv/lib/python3.12/site-packages/airflow/example_dags/plugins/event_listener.py
[2026-02-26T05:41:02.282+0000] {processor.py:927} WARNING - No viable dags retrieved from /home/ubuntu/airflow-venv/lib/python3.12/site-packages/airflow/example_dags/plugins/event_listener.py
[2026-02-26T05:41:02.288+0000] {processor.py:208} INFO - Processing /home/ubuntu/airflow-venv/lib/python3.12/site-packages/airflow/example_dags/plugins/event_listener.py took 0.014 seconds
[2026-02-26T05:41:51.349+0000] {processor.py:186} INFO - Started process (PID=3737) to work on /home/ubuntu/airflow-venv/lib/python3.12/site-packages/airflow/example_dags/plugins/event_listener.py
[2026-02-26T05:41:51.350+0000] {processor.py:914} INFO - Processing file /home/ubuntu/airflow-venv/lib/python3.12/site-packages/airflow/example_dags/plugins/event_listener.py for tasks to queue
[2026-02-26T05:41:51.352+0000] {logging_mixin.py:190} INFO - [2026-02-26T05:41:51.352+0000] {dagbag.py:588} INFO - Filling up the DagBag from /home/ubuntu/airflow-venv/lib/python3.12/site-packages/airflow/example_dags/plugins/event_listener.py
[2026-02-26T05:41:51.353+0000] {processor.py:927} WARNING - No viable dags retrieved from /home/ubuntu/airflow-venv/lib/python3.12/site-packages/airflow/example_dags/plugins/event_listener.py
[2026-02-26T05:41:51.360+0000] {processor.py:208} INFO - Processing /home/ubuntu/airflow-venv/lib/python3.12/site-packages/airflow/example_dags/plugins/event_listener.py took 0.014 seconds
[2026-02-26T05:42:41.260+0000] {processor.py:186} INFO - Started process (PID=3788) to work on /home/ubuntu/airflow-venv/lib/python3.12/site-packages/airflow/example_dags/plugins/event_listener.py
[2026-02-26T05:42:41.261+0000] {processor.py:914} INFO - Processing file /home/ubuntu/airflow-venv/lib/python3.12/site-packages/airflow/example_dags/plugins/event_listener.py for tasks to queue
[2026-02-26T05:42:41.263+0000] {logging_mixin.py:190} INFO - [2026-02-26T05:42:41.262+0000] {dagbag.py:588} INFO - Filling up the DagBag from /home/ubuntu/airflow-venv/lib/python3.12/site-packages/airflow/example_dags/plugins/event_listener.py
[2026-02-26T05:42:41.264+0000] {processor.py:927} WARNING - No viable dags retrieved from /home/ubuntu/airflow-venv/lib/python3.12/site-packages/airflow/example_dags/plugins/event_listener.py
[2026-02-26T05:42:41.270+0000] {processor.py:208} INFO - Processing /home/ubuntu/airflow-venv/lib/python3.12/site-packages/airflow/example_dags/plugins/event_listener.py took 0.014 seconds
[2026-02-26T05:43:30.052+0000] {processor.py:186} INFO - Started process (PID=3839) to work on /home/ubuntu/airflow-venv/lib/python3.12/site-packages/airflow/example_dags/plugins/event_listener.py
[2026-02-26T05:43:30.053+0000] {processor.py:914} INFO - Processing file /home/ubuntu/airflow-venv/lib/python3.12/site-packages/airflow/example_dags/plugins/event_listener.py for tasks to queue
[2026-02-26T05:43:30.054+0000] {logging_mixin.py:190} INFO - [2026-02-26T05:43:30.054+0000] {dagbag.py:588} INFO - Filling up the DagBag from /home/ubuntu/airflow-venv/lib/python3.12/site-packages/airflow/example_dags/plugins/event_listener.py
[2026-02-26T05:43:30.056+0000] {processor.py:927} WARNING - No viable dags retrieved from /home/ubuntu/airflow-venv/lib/python3.12/site-packages/airflow/example_dags/plugins/event_listener.py
[2026-02-26T05:43:30.062+0000] {processor.py:208} INFO - Processing /home/ubuntu/airflow-venv/lib/python3.12/site-packages/airflow/example_dags/plugins/event_listener.py took 0.013 seconds
[2026-02-26T05:44:20.221+0000] {processor.py:186} INFO - Started process (PID=3892) to work on /home/ubuntu/airflow-venv/lib/python3.12/site-packages/airflow/example_dags/plugins/event_listener.py
[2026-02-26T05:44:20.222+0000] {processor.py:914} INFO - Processing file /home/ubuntu/airflow-venv/lib/python3.12/site-packages/airflow/example_dags/plugins/event_listener.py for tasks to queue
[2026-02-26T05:44:20.224+0000] {logging_mixin.py:190} INFO - [2026-02-26T05:44:20.223+0000] {dagbag.py:588} INFO - Filling up the DagBag from /home/ubuntu/airflow-venv/lib/python3.12/site-packages/airflow/example_dags/plugins/event_listener.py
[2026-02-26T05:44:20.225+0000] {processor.py:927} WARNING - No viable dags retrieved from /home/ubuntu/airflow-venv/lib/python3.12/site-packages/airflow/example_dags/plugins/event_listener.py
[2026-02-26T05:44:20.231+0000] {processor.py:208} INFO - Processing /home/ubuntu/airflow-venv/lib/python3.12/site-packages/airflow/example_dags/plugins/event_listener.py took 0.014 seconds
[2026-02-26T06:13:35.250+0000] {processor.py:186} INFO - Started process (PID=2687) to work on /home/ubuntu/airflow-venv/lib/python3.12/site-packages/airflow/example_dags/plugins/event_listener.py
[2026-02-26T06:13:35.252+0000] {processor.py:914} INFO - Processing file /home/ubuntu/airflow-venv/lib/python3.12/site-packages/airflow/example_dags/plugins/event_listener.py for tasks to queue
[2026-02-26T06:13:35.254+0000] {logging_mixin.py:190} INFO - [2026-02-26T06:13:35.253+0000] {dagbag.py:588} INFO - Filling up the DagBag from /home/ubuntu/airflow-venv/lib/python3.12/site-packages/airflow/example_dags/plugins/event_listener.py
[2026-02-26T06:13:35.255+0000] {processor.py:927} WARNING - No viable dags retrieved from /home/ubuntu/airflow-venv/lib/python3.12/site-packages/airflow/example_dags/plugins/event_listener.py
[2026-02-26T06:13:35.262+0000] {processor.py:208} INFO - Processing /home/ubuntu/airflow-venv/lib/python3.12/site-packages/airflow/example_dags/plugins/event_listener.py took 0.015 seconds
[2026-02-26T06:14:34.919+0000] {processor.py:186} INFO - Started process (PID=2751) to work on /home/ubuntu/airflow-venv/lib/python3.12/site-packages/airflow/example_dags/plugins/event_listener.py
[2026-02-26T06:14:34.920+0000] {processor.py:914} INFO - Processing file /home/ubuntu/airflow-venv/lib/python3.12/site-packages/airflow/example_dags/plugins/event_listener.py for tasks to queue
[2026-02-26T06:14:34.921+0000] {logging_mixin.py:190} INFO - [2026-02-26T06:14:34.921+0000] {dagbag.py:588} INFO - Filling up the DagBag from /home/ubuntu/airflow-venv/lib/python3.12/site-packages/airflow/example_dags/plugins/event_listener.py
[2026-02-26T06:14:34.923+0000] {processor.py:927} WARNING - No viable dags retrieved from /home/ubuntu/airflow-venv/lib/python3.12/site-packages/airflow/example_dags/plugins/event_listener.py
[2026-02-26T06:14:34.930+0000] {processor.py:208} INFO - Processing /home/ubuntu/airflow-venv/lib/python3.12/site-packages/airflow/example_dags/plugins/event_listener.py took 0.014 seconds
[2026-02-26T06:15:33.262+0000] {processor.py:186} INFO - Started process (PID=2818) to work on /home/ubuntu/airflow-venv/lib/python3.12/site-packages/airflow/example_dags/plugins/event_listener.py
[2026-02-26T06:15:33.263+0000] {processor.py:914} INFO - Processing file /home/ubuntu/airflow-venv/lib/python3.12/site-packages/airflow/example_dags/plugins/event_listener.py for tasks to queue
[2026-02-26T06:15:33.265+0000] {logging_mixin.py:190} INFO - [2026-02-26T06:15:33.264+0000] {dagbag.py:588} INFO - Filling up the DagBag from /home/ubuntu/airflow-venv/lib/python3.12/site-packages/airflow/example_dags/plugins/event_listener.py
[2026-02-26T06:15:33.266+0000] {processor.py:927} WARNING - No viable dags retrieved from /home/ubuntu/airflow-venv/lib/python3.12/site-packages/airflow/example_dags/plugins/event_listener.py
[2026-02-26T06:15:33.273+0000] {processor.py:208} INFO - Processing /home/ubuntu/airflow-venv/lib/python3.12/site-packages/airflow/example_dags/plugins/event_listener.py took 0.015 seconds
[2026-02-26T06:16:27.183+0000] {processor.py:186} INFO - Started process (PID=2874) to work on /home/ubuntu/airflow-venv/lib/python3.12/site-packages/airflow/example_dags/plugins/event_listener.py
[2026-02-26T06:16:27.184+0000] {processor.py:914} INFO - Processing file /home/ubuntu/airflow-venv/lib/python3.12/site-packages/airflow/example_dags/plugins/event_listener.py for tasks to queue
[2026-02-26T06:16:27.185+0000] {logging_mixin.py:190} INFO - [2026-02-26T06:16:27.185+0000] {dagbag.py:588} INFO - Filling up the DagBag from /home/ubuntu/airflow-venv/lib/python3.12/site-packages/airflow/example_dags/plugins/event_listener.py
[2026-02-26T06:16:27.187+0000] {processor.py:927} WARNING - No viable dags retrieved from /home/ubuntu/airflow-venv/lib/python3.12/site-packages/airflow/example_dags/plugins/event_listener.py
[2026-02-26T06:16:27.194+0000] {processor.py:208} INFO - Processing /home/ubuntu/airflow-venv/lib/python3.12/site-packages/airflow/example_dags/plugins/event_listener.py took 0.014 seconds
[2026-02-26T06:17:16.754+0000] {processor.py:186} INFO - Started process (PID=2929) to work on /home/ubuntu/airflow-venv/lib/python3.12/site-packages/airflow/example_dags/plugins/event_listener.py
[2026-02-26T06:17:16.755+0000] {processor.py:914} INFO - Processing file /home/ubuntu/airflow-venv/lib/python3.12/site-packages/airflow/example_dags/plugins/event_listener.py for tasks to queue
[2026-02-26T06:17:16.757+0000] {logging_mixin.py:190} INFO - [2026-02-26T06:17:16.756+0000] {dagbag.py:588} INFO - Filling up the DagBag from /home/ubuntu/airflow-venv/lib/python3.12/site-packages/airflow/example_dags/plugins/event_listener.py
[2026-02-26T06:17:16.758+0000] {processor.py:927} WARNING - No viable dags retrieved from /home/ubuntu/airflow-venv/lib/python3.12/site-packages/airflow/example_dags/plugins/event_listener.py
[2026-02-26T06:17:16.765+0000] {processor.py:208} INFO - Processing /home/ubuntu/airflow-venv/lib/python3.12/site-packages/airflow/example_dags/plugins/event_listener.py took 0.015 seconds
[2026-02-26T06:18:04.701+0000] {processor.py:186} INFO - Started process (PID=2980) to work on /home/ubuntu/airflow-venv/lib/python3.12/site-packages/airflow/example_dags/plugins/event_listener.py
[2026-02-26T06:18:04.702+0000] {processor.py:914} INFO - Processing file /home/ubuntu/airflow-venv/lib/python3.12/site-packages/airflow/example_dags/plugins/event_listener.py for tasks to queue
[2026-02-26T06:18:04.704+0000] {logging_mixin.py:190} INFO - [2026-02-26T06:18:04.703+0000] {dagbag.py:588} INFO - Filling up the DagBag from /home/ubuntu/airflow-venv/lib/python3.12/site-packages/airflow/example_dags/plugins/event_listener.py
[2026-02-26T06:18:04.705+0000] {processor.py:927} WARNING - No viable dags retrieved from /home/ubuntu/airflow-venv/lib/python3.12/site-packages/airflow/example_dags/plugins/event_listener.py
[2026-02-26T06:18:04.712+0000] {processor.py:208} INFO - Processing /home/ubuntu/airflow-venv/lib/python3.12/site-packages/airflow/example_dags/plugins/event_listener.py took 0.015 seconds
[2026-02-26T06:19:00.308+0000] {processor.py:186} INFO - Started process (PID=3035) to work on /home/ubuntu/airflow-venv/lib/python3.12/site-packages/airflow/example_dags/plugins/event_listener.py
[2026-02-26T06:19:00.309+0000] {processor.py:914} INFO - Processing file /home/ubuntu/airflow-venv/lib/python3.12/site-packages/airflow/example_dags/plugins/event_listener.py for tasks to queue
[2026-02-26T06:19:00.311+0000] {logging_mixin.py:190} INFO - [2026-02-26T06:19:00.311+0000] {dagbag.py:588} INFO - Filling up the DagBag from /home/ubuntu/airflow-venv/lib/python3.12/site-packages/airflow/example_dags/plugins/event_listener.py
[2026-02-26T06:19:00.312+0000] {processor.py:927} WARNING - No viable dags retrieved from /home/ubuntu/airflow-venv/lib/python3.12/site-packages/airflow/example_dags/plugins/event_listener.py
[2026-02-26T06:19:00.319+0000] {processor.py:208} INFO - Processing /home/ubuntu/airflow-venv/lib/python3.12/site-packages/airflow/example_dags/plugins/event_listener.py took 0.015 seconds
[2026-02-26T06:19:57.369+0000] {processor.py:186} INFO - Started process (PID=3092) to work on /home/ubuntu/airflow-venv/lib/python3.12/site-packages/airflow/example_dags/plugins/event_listener.py
[2026-02-26T06:19:57.371+0000] {processor.py:914} INFO - Processing file /home/ubuntu/airflow-venv/lib/python3.12/site-packages/airflow/example_dags/plugins/event_listener.py for tasks to queue
[2026-02-26T06:19:57.372+0000] {logging_mixin.py:190} INFO - [2026-02-26T06:19:57.372+0000] {dagbag.py:588} INFO - Filling up the DagBag from /home/ubuntu/airflow-venv/lib/python3.12/site-packages/airflow/example_dags/plugins/event_listener.py
[2026-02-26T06:19:57.373+0000] {processor.py:927} WARNING - No viable dags retrieved from /home/ubuntu/airflow-venv/lib/python3.12/site-packages/airflow/example_dags/plugins/event_listener.py
[2026-02-26T06:19:57.380+0000] {processor.py:208} INFO - Processing /home/ubuntu/airflow-venv/lib/python3.12/site-packages/airflow/example_dags/plugins/event_listener.py took 0.015 seconds
[2026-02-26T06:20:48.426+0000] {processor.py:186} INFO - Started process (PID=3149) to work on /home/ubuntu/airflow-venv/lib/python3.12/site-packages/airflow/example_dags/plugins/event_listener.py
[2026-02-26T06:20:48.427+0000] {processor.py:914} INFO - Processing file /home/ubuntu/airflow-venv/lib/python3.12/site-packages/airflow/example_dags/plugins/event_listener.py for tasks to queue
[2026-02-26T06:20:48.429+0000] {logging_mixin.py:190} INFO - [2026-02-26T06:20:48.428+0000] {dagbag.py:588} INFO - Filling up the DagBag from /home/ubuntu/airflow-venv/lib/python3.12/site-packages/airflow/example_dags/plugins/event_listener.py
[2026-02-26T06:20:48.430+0000] {processor.py:927} WARNING - No viable dags retrieved from /home/ubuntu/airflow-venv/lib/python3.12/site-packages/airflow/example_dags/plugins/event_listener.py
[2026-02-26T06:20:48.437+0000] {processor.py:208} INFO - Processing /home/ubuntu/airflow-venv/lib/python3.12/site-packages/airflow/example_dags/plugins/event_listener.py took 0.015 seconds
[2026-02-26T06:21:34.385+0000] {processor.py:186} INFO - Started process (PID=3199) to work on /home/ubuntu/airflow-venv/lib/python3.12/site-packages/airflow/example_dags/plugins/event_listener.py
[2026-02-26T06:21:34.387+0000] {processor.py:914} INFO - Processing file /home/ubuntu/airflow-venv/lib/python3.12/site-packages/airflow/example_dags/plugins/event_listener.py for tasks to queue
[2026-02-26T06:21:34.388+0000] {logging_mixin.py:190} INFO - [2026-02-26T06:21:34.388+0000] {dagbag.py:588} INFO - Filling up the DagBag from /home/ubuntu/airflow-venv/lib/python3.12/site-packages/airflow/example_dags/plugins/event_listener.py
[2026-02-26T06:21:34.389+0000] {processor.py:927} WARNING - No viable dags retrieved from /home/ubuntu/airflow-venv/lib/python3.12/site-packages/airflow/example_dags/plugins/event_listener.py
[2026-02-26T06:21:34.397+0000] {processor.py:208} INFO - Processing /home/ubuntu/airflow-venv/lib/python3.12/site-packages/airflow/example_dags/plugins/event_listener.py took 0.015 seconds
[2026-02-26T06:22:23.448+0000] {processor.py:186} INFO - Started process (PID=3250) to work on /home/ubuntu/airflow-venv/lib/python3.12/site-packages/airflow/example_dags/plugins/event_listener.py
[2026-02-26T06:22:23.449+0000] {processor.py:914} INFO - Processing file /home/ubuntu/airflow-venv/lib/python3.12/site-packages/airflow/example_dags/plugins/event_listener.py for tasks to queue
[2026-02-26T06:22:23.450+0000] {logging_mixin.py:190} INFO - [2026-02-26T06:22:23.450+0000] {dagbag.py:588} INFO - Filling up the DagBag from /home/ubuntu/airflow-venv/lib/python3.12/site-packages/airflow/example_dags/plugins/event_listener.py
[2026-02-26T06:22:23.452+0000] {processor.py:927} WARNING - No viable dags retrieved from /home/ubuntu/airflow-venv/lib/python3.12/site-packages/airflow/example_dags/plugins/event_listener.py
[2026-02-26T06:22:23.459+0000] {processor.py:208} INFO - Processing /home/ubuntu/airflow-venv/lib/python3.12/site-packages/airflow/example_dags/plugins/event_listener.py took 0.015 seconds
[2026-02-26T06:23:14.837+0000] {processor.py:186} INFO - Started process (PID=3304) to work on /home/ubuntu/airflow-venv/lib/python3.12/site-packages/airflow/example_dags/plugins/event_listener.py
[2026-02-26T06:23:14.838+0000] {processor.py:914} INFO - Processing file /home/ubuntu/airflow-venv/lib/python3.12/site-packages/airflow/example_dags/plugins/event_listener.py for tasks to queue
[2026-02-26T06:23:14.840+0000] {logging_mixin.py:190} INFO - [2026-02-26T06:23:14.839+0000] {dagbag.py:588} INFO - Filling up the DagBag from /home/ubuntu/airflow-venv/lib/python3.12/site-packages/airflow/example_dags/plugins/event_listener.py
[2026-02-26T06:23:14.841+0000] {processor.py:927} WARNING - No viable dags retrieved from /home/ubuntu/airflow-venv/lib/python3.12/site-packages/airflow/example_dags/plugins/event_listener.py
[2026-02-26T06:23:14.848+0000] {processor.py:208} INFO - Processing /home/ubuntu/airflow-venv/lib/python3.12/site-packages/airflow/example_dags/plugins/event_listener.py took 0.015 seconds
[2026-02-26T06:24:08.481+0000] {processor.py:186} INFO - Started process (PID=3358) to work on /home/ubuntu/airflow-venv/lib/python3.12/site-packages/airflow/example_dags/plugins/event_listener.py
[2026-02-26T06:24:08.482+0000] {processor.py:914} INFO - Processing file /home/ubuntu/airflow-venv/lib/python3.12/site-packages/airflow/example_dags/plugins/event_listener.py for tasks to queue
[2026-02-26T06:24:08.484+0000] {logging_mixin.py:190} INFO - [2026-02-26T06:24:08.483+0000] {dagbag.py:588} INFO - Filling up the DagBag from /home/ubuntu/airflow-venv/lib/python3.12/site-packages/airflow/example_dags/plugins/event_listener.py
[2026-02-26T06:24:08.485+0000] {processor.py:927} WARNING - No viable dags retrieved from /home/ubuntu/airflow-venv/lib/python3.12/site-packages/airflow/example_dags/plugins/event_listener.py
[2026-02-26T06:24:08.492+0000] {processor.py:208} INFO - Processing /home/ubuntu/airflow-venv/lib/python3.12/site-packages/airflow/example_dags/plugins/event_listener.py took 0.015 seconds
