[2026-02-26T05:22:32.992+0000] {processor.py:186} INFO - Started process (PID=1746) to work on /home/ubuntu/airflow-venv/lib/python3.12/site-packages/airflow/example_dags/plugins/listener_plugin.py
[2026-02-26T05:22:32.993+0000] {processor.py:914} INFO - Processing file /home/ubuntu/airflow-venv/lib/python3.12/site-packages/airflow/example_dags/plugins/listener_plugin.py for tasks to queue
[2026-02-26T05:22:32.994+0000] {logging_mixin.py:190} INFO - [2026-02-26T05:22:32.994+0000] {dagbag.py:588} INFO - Filling up the DagBag from /home/ubuntu/airflow-venv/lib/python3.12/site-packages/airflow/example_dags/plugins/listener_plugin.py
[2026-02-26T05:22:32.995+0000] {processor.py:927} WARNING - No viable dags retrieved from /home/ubuntu/airflow-venv/lib/python3.12/site-packages/airflow/example_dags/plugins/listener_plugin.py
[2026-02-26T05:22:33.002+0000] {processor.py:208} INFO - Processing /home/ubuntu/airflow-venv/lib/python3.12/site-packages/airflow/example_dags/plugins/listener_plugin.py took 0.013 seconds
[2026-02-26T05:23:28.038+0000] {processor.py:186} INFO - Started process (PID=2174) to work on /home/ubuntu/airflow-venv/lib/python3.12/site-packages/airflow/example_dags/plugins/listener_plugin.py
[2026-02-26T05:23:28.039+0000] {processor.py:914} INFO - Processing file /home/ubuntu/airflow-venv/lib/python3.12/site-packages/airflow/example_dags/plugins/listener_plugin.py for tasks to queue
[2026-02-26T05:23:28.040+0000] {logging_mixin.py:190} INFO - [2026-02-26T05:23:28.040+0000] {dagbag.py:588} INFO - Filling up the DagBag from /home/ubuntu/airflow-venv/lib/python3.12/site-packages/airflow/example_dags/plugins/listener_plugin.py
[2026-02-26T05:23:28.042+0000] {processor.py:927} WARNING - No viable dags retrieved from /home/ubuntu/airflow-venv/lib/python3.12/site-packages/airflow/example_dags/plugins/listener_plugin.py
[2026-02-26T05:23:28.048+0000] {processor.py:208} INFO - Processing /home/ubuntu/airflow-venv/lib/python3.12/site-packages/airflow/example_dags/plugins/listener_plugin.py took 0.013 seconds
[2026-02-26T05:24:18.290+0000] {processor.py:186} INFO - Started process (PID=2228) to work on /home/ubuntu/airflow-venv/lib/python3.12/site-packages/airflow/example_dags/plugins/listener_plugin.py
[2026-02-26T05:24:18.291+0000] {processor.py:914} INFO - Processing file /home/ubuntu/airflow-venv/lib/python3.12/site-packages/airflow/example_dags/plugins/listener_plugin.py for tasks to queue
[2026-02-26T05:24:18.293+0000] {logging_mixin.py:190} INFO - [2026-02-26T05:24:18.292+0000] {dagbag.py:588} INFO - Filling up the DagBag from /home/ubuntu/airflow-venv/lib/python3.12/site-packages/airflow/example_dags/plugins/listener_plugin.py
[2026-02-26T05:24:18.294+0000] {processor.py:927} WARNING - No viable dags retrieved from /home/ubuntu/airflow-venv/lib/python3.12/site-packages/airflow/example_dags/plugins/listener_plugin.py
[2026-02-26T05:24:18.300+0000] {processor.py:208} INFO - Processing /home/ubuntu/airflow-venv/lib/python3.12/site-packages/airflow/example_dags/plugins/listener_plugin.py took 0.014 seconds
[2026-02-26T05:25:07.843+0000] {processor.py:186} INFO - Started process (PID=2283) to work on /home/ubuntu/airflow-venv/lib/python3.12/site-packages/airflow/example_dags/plugins/listener_plugin.py
[2026-02-26T05:25:07.844+0000] {processor.py:914} INFO - Processing file /home/ubuntu/airflow-venv/lib/python3.12/site-packages/airflow/example_dags/plugins/listener_plugin.py for tasks to queue
[2026-02-26T05:25:07.846+0000] {logging_mixin.py:190} INFO - [2026-02-26T05:25:07.845+0000] {dagbag.py:588} INFO - Filling up the DagBag from /home/ubuntu/airflow-venv/lib/python3.12/site-packages/airflow/example_dags/plugins/listener_plugin.py
[2026-02-26T05:25:07.847+0000] {processor.py:927} WARNING - No viable dags retrieved from /home/ubuntu/airflow-venv/lib/python3.12/site-packages/airflow/example_dags/plugins/listener_plugin.py
[2026-02-26T05:25:07.853+0000] {processor.py:208} INFO - Processing /home/ubuntu/airflow-venv/lib/python3.12/site-packages/airflow/example_dags/plugins/listener_plugin.py took 0.013 seconds
[2026-02-26T05:25:54.697+0000] {processor.py:186} INFO - Started process (PID=2346) to work on /home/ubuntu/airflow-venv/lib/python3.12/site-packages/airflow/example_dags/plugins/listener_plugin.py
[2026-02-26T05:25:54.698+0000] {processor.py:914} INFO - Processing file /home/ubuntu/airflow-venv/lib/python3.12/site-packages/airflow/example_dags/plugins/listener_plugin.py for tasks to queue
[2026-02-26T05:25:54.699+0000] {logging_mixin.py:190} INFO - [2026-02-26T05:25:54.699+0000] {dagbag.py:588} INFO - Filling up the DagBag from /home/ubuntu/airflow-venv/lib/python3.12/site-packages/airflow/example_dags/plugins/listener_plugin.py
[2026-02-26T05:25:54.701+0000] {processor.py:927} WARNING - No viable dags retrieved from /home/ubuntu/airflow-venv/lib/python3.12/site-packages/airflow/example_dags/plugins/listener_plugin.py
[2026-02-26T05:25:54.707+0000] {processor.py:208} INFO - Processing /home/ubuntu/airflow-venv/lib/python3.12/site-packages/airflow/example_dags/plugins/listener_plugin.py took 0.014 seconds
[2026-02-26T05:26:44.472+0000] {processor.py:186} INFO - Started process (PID=2403) to work on /home/ubuntu/airflow-venv/lib/python3.12/site-packages/airflow/example_dags/plugins/listener_plugin.py
[2026-02-26T05:26:44.473+0000] {processor.py:914} INFO - Processing file /home/ubuntu/airflow-venv/lib/python3.12/site-packages/airflow/example_dags/plugins/listener_plugin.py for tasks to queue
[2026-02-26T05:26:44.474+0000] {logging_mixin.py:190} INFO - [2026-02-26T05:26:44.474+0000] {dagbag.py:588} INFO - Filling up the DagBag from /home/ubuntu/airflow-venv/lib/python3.12/site-packages/airflow/example_dags/plugins/listener_plugin.py
[2026-02-26T05:26:44.476+0000] {processor.py:927} WARNING - No viable dags retrieved from /home/ubuntu/airflow-venv/lib/python3.12/site-packages/airflow/example_dags/plugins/listener_plugin.py
[2026-02-26T05:26:44.482+0000] {processor.py:208} INFO - Processing /home/ubuntu/airflow-venv/lib/python3.12/site-packages/airflow/example_dags/plugins/listener_plugin.py took 0.013 seconds
[2026-02-26T05:27:32.268+0000] {processor.py:186} INFO - Started process (PID=2818) to work on /home/ubuntu/airflow-venv/lib/python3.12/site-packages/airflow/example_dags/plugins/listener_plugin.py
[2026-02-26T05:27:32.269+0000] {processor.py:914} INFO - Processing file /home/ubuntu/airflow-venv/lib/python3.12/site-packages/airflow/example_dags/plugins/listener_plugin.py for tasks to queue
[2026-02-26T05:27:32.270+0000] {logging_mixin.py:190} INFO - [2026-02-26T05:27:32.270+0000] {dagbag.py:588} INFO - Filling up the DagBag from /home/ubuntu/airflow-venv/lib/python3.12/site-packages/airflow/example_dags/plugins/listener_plugin.py
[2026-02-26T05:27:32.272+0000] {processor.py:927} WARNING - No viable dags retrieved from /home/ubuntu/airflow-venv/lib/python3.12/site-packages/airflow/example_dags/plugins/listener_plugin.py
[2026-02-26T05:27:32.278+0000] {processor.py:208} INFO - Processing /home/ubuntu/airflow-venv/lib/python3.12/site-packages/airflow/example_dags/plugins/listener_plugin.py took 0.014 seconds
[2026-02-26T05:28:23.706+0000] {processor.py:186} INFO - Started process (PID=2870) to work on /home/ubuntu/airflow-venv/lib/python3.12/site-packages/airflow/example_dags/plugins/listener_plugin.py
[2026-02-26T05:28:23.707+0000] {processor.py:914} INFO - Processing file /home/ubuntu/airflow-venv/lib/python3.12/site-packages/airflow/example_dags/plugins/listener_plugin.py for tasks to queue
[2026-02-26T05:28:23.708+0000] {logging_mixin.py:190} INFO - [2026-02-26T05:28:23.708+0000] {dagbag.py:588} INFO - Filling up the DagBag from /home/ubuntu/airflow-venv/lib/python3.12/site-packages/airflow/example_dags/plugins/listener_plugin.py
[2026-02-26T05:28:23.709+0000] {processor.py:927} WARNING - No viable dags retrieved from /home/ubuntu/airflow-venv/lib/python3.12/site-packages/airflow/example_dags/plugins/listener_plugin.py
[2026-02-26T05:28:23.715+0000] {processor.py:208} INFO - Processing /home/ubuntu/airflow-venv/lib/python3.12/site-packages/airflow/example_dags/plugins/listener_plugin.py took 0.013 seconds
[2026-02-26T05:29:15.478+0000] {processor.py:186} INFO - Started process (PID=2924) to work on /home/ubuntu/airflow-venv/lib/python3.12/site-packages/airflow/example_dags/plugins/listener_plugin.py
[2026-02-26T05:29:15.480+0000] {processor.py:914} INFO - Processing file /home/ubuntu/airflow-venv/lib/python3.12/site-packages/airflow/example_dags/plugins/listener_plugin.py for tasks to queue
[2026-02-26T05:29:15.481+0000] {logging_mixin.py:190} INFO - [2026-02-26T05:29:15.481+0000] {dagbag.py:588} INFO - Filling up the DagBag from /home/ubuntu/airflow-venv/lib/python3.12/site-packages/airflow/example_dags/plugins/listener_plugin.py
[2026-02-26T05:29:15.482+0000] {processor.py:927} WARNING - No viable dags retrieved from /home/ubuntu/airflow-venv/lib/python3.12/site-packages/airflow/example_dags/plugins/listener_plugin.py
[2026-02-26T05:29:15.489+0000] {processor.py:208} INFO - Processing /home/ubuntu/airflow-venv/lib/python3.12/site-packages/airflow/example_dags/plugins/listener_plugin.py took 0.014 seconds
[2026-02-26T05:30:10.171+0000] {processor.py:186} INFO - Started process (PID=2980) to work on /home/ubuntu/airflow-venv/lib/python3.12/site-packages/airflow/example_dags/plugins/listener_plugin.py
[2026-02-26T05:30:10.172+0000] {processor.py:914} INFO - Processing file /home/ubuntu/airflow-venv/lib/python3.12/site-packages/airflow/example_dags/plugins/listener_plugin.py for tasks to queue
[2026-02-26T05:30:10.174+0000] {logging_mixin.py:190} INFO - [2026-02-26T05:30:10.174+0000] {dagbag.py:588} INFO - Filling up the DagBag from /home/ubuntu/airflow-venv/lib/python3.12/site-packages/airflow/example_dags/plugins/listener_plugin.py
[2026-02-26T05:30:10.175+0000] {processor.py:927} WARNING - No viable dags retrieved from /home/ubuntu/airflow-venv/lib/python3.12/site-packages/airflow/example_dags/plugins/listener_plugin.py
[2026-02-26T05:30:10.182+0000] {processor.py:208} INFO - Processing /home/ubuntu/airflow-venv/lib/python3.12/site-packages/airflow/example_dags/plugins/listener_plugin.py took 0.014 seconds
[2026-02-26T05:31:01.482+0000] {processor.py:186} INFO - Started process (PID=3036) to work on /home/ubuntu/airflow-venv/lib/python3.12/site-packages/airflow/example_dags/plugins/listener_plugin.py
[2026-02-26T05:31:01.483+0000] {processor.py:914} INFO - Processing file /home/ubuntu/airflow-venv/lib/python3.12/site-packages/airflow/example_dags/plugins/listener_plugin.py for tasks to queue
[2026-02-26T05:31:01.485+0000] {logging_mixin.py:190} INFO - [2026-02-26T05:31:01.484+0000] {dagbag.py:588} INFO - Filling up the DagBag from /home/ubuntu/airflow-venv/lib/python3.12/site-packages/airflow/example_dags/plugins/listener_plugin.py
[2026-02-26T05:31:01.486+0000] {processor.py:927} WARNING - No viable dags retrieved from /home/ubuntu/airflow-venv/lib/python3.12/site-packages/airflow/example_dags/plugins/listener_plugin.py
[2026-02-26T05:31:01.493+0000] {processor.py:208} INFO - Processing /home/ubuntu/airflow-venv/lib/python3.12/site-packages/airflow/example_dags/plugins/listener_plugin.py took 0.014 seconds
[2026-02-26T05:31:51.728+0000] {processor.py:186} INFO - Started process (PID=3089) to work on /home/ubuntu/airflow-venv/lib/python3.12/site-packages/airflow/example_dags/plugins/listener_plugin.py
[2026-02-26T05:31:51.729+0000] {processor.py:914} INFO - Processing file /home/ubuntu/airflow-venv/lib/python3.12/site-packages/airflow/example_dags/plugins/listener_plugin.py for tasks to queue
[2026-02-26T05:31:51.731+0000] {logging_mixin.py:190} INFO - [2026-02-26T05:31:51.731+0000] {dagbag.py:588} INFO - Filling up the DagBag from /home/ubuntu/airflow-venv/lib/python3.12/site-packages/airflow/example_dags/plugins/listener_plugin.py
[2026-02-26T05:31:51.732+0000] {processor.py:927} WARNING - No viable dags retrieved from /home/ubuntu/airflow-venv/lib/python3.12/site-packages/airflow/example_dags/plugins/listener_plugin.py
[2026-02-26T05:31:51.739+0000] {processor.py:208} INFO - Processing /home/ubuntu/airflow-venv/lib/python3.12/site-packages/airflow/example_dags/plugins/listener_plugin.py took 0.014 seconds
[2026-02-26T05:32:41.920+0000] {processor.py:186} INFO - Started process (PID=3143) to work on /home/ubuntu/airflow-venv/lib/python3.12/site-packages/airflow/example_dags/plugins/listener_plugin.py
[2026-02-26T05:32:41.921+0000] {processor.py:914} INFO - Processing file /home/ubuntu/airflow-venv/lib/python3.12/site-packages/airflow/example_dags/plugins/listener_plugin.py for tasks to queue
[2026-02-26T05:32:41.923+0000] {logging_mixin.py:190} INFO - [2026-02-26T05:32:41.922+0000] {dagbag.py:588} INFO - Filling up the DagBag from /home/ubuntu/airflow-venv/lib/python3.12/site-packages/airflow/example_dags/plugins/listener_plugin.py
[2026-02-26T05:32:41.924+0000] {processor.py:927} WARNING - No viable dags retrieved from /home/ubuntu/airflow-venv/lib/python3.12/site-packages/airflow/example_dags/plugins/listener_plugin.py
[2026-02-26T05:32:41.931+0000] {processor.py:208} INFO - Processing /home/ubuntu/airflow-venv/lib/python3.12/site-packages/airflow/example_dags/plugins/listener_plugin.py took 0.014 seconds
[2026-02-26T05:33:32.110+0000] {processor.py:186} INFO - Started process (PID=3193) to work on /home/ubuntu/airflow-venv/lib/python3.12/site-packages/airflow/example_dags/plugins/listener_plugin.py
[2026-02-26T05:33:32.111+0000] {processor.py:914} INFO - Processing file /home/ubuntu/airflow-venv/lib/python3.12/site-packages/airflow/example_dags/plugins/listener_plugin.py for tasks to queue
[2026-02-26T05:33:32.112+0000] {logging_mixin.py:190} INFO - [2026-02-26T05:33:32.112+0000] {dagbag.py:588} INFO - Filling up the DagBag from /home/ubuntu/airflow-venv/lib/python3.12/site-packages/airflow/example_dags/plugins/listener_plugin.py
[2026-02-26T05:33:32.114+0000] {processor.py:927} WARNING - No viable dags retrieved from /home/ubuntu/airflow-venv/lib/python3.12/site-packages/airflow/example_dags/plugins/listener_plugin.py
[2026-02-26T05:33:32.120+0000] {processor.py:208} INFO - Processing /home/ubuntu/airflow-venv/lib/python3.12/site-packages/airflow/example_dags/plugins/listener_plugin.py took 0.013 seconds
[2026-02-26T05:34:20.097+0000] {processor.py:186} INFO - Started process (PID=3247) to work on /home/ubuntu/airflow-venv/lib/python3.12/site-packages/airflow/example_dags/plugins/listener_plugin.py
[2026-02-26T05:34:20.098+0000] {processor.py:914} INFO - Processing file /home/ubuntu/airflow-venv/lib/python3.12/site-packages/airflow/example_dags/plugins/listener_plugin.py for tasks to queue
[2026-02-26T05:34:20.100+0000] {logging_mixin.py:190} INFO - [2026-02-26T05:34:20.100+0000] {dagbag.py:588} INFO - Filling up the DagBag from /home/ubuntu/airflow-venv/lib/python3.12/site-packages/airflow/example_dags/plugins/listener_plugin.py
[2026-02-26T05:34:20.101+0000] {processor.py:927} WARNING - No viable dags retrieved from /home/ubuntu/airflow-venv/lib/python3.12/site-packages/airflow/example_dags/plugins/listener_plugin.py
[2026-02-26T05:34:20.107+0000] {processor.py:208} INFO - Processing /home/ubuntu/airflow-venv/lib/python3.12/site-packages/airflow/example_dags/plugins/listener_plugin.py took 0.014 seconds
[2026-02-26T05:35:09.725+0000] {processor.py:186} INFO - Started process (PID=3303) to work on /home/ubuntu/airflow-venv/lib/python3.12/site-packages/airflow/example_dags/plugins/listener_plugin.py
[2026-02-26T05:35:09.726+0000] {processor.py:914} INFO - Processing file /home/ubuntu/airflow-venv/lib/python3.12/site-packages/airflow/example_dags/plugins/listener_plugin.py for tasks to queue
[2026-02-26T05:35:09.727+0000] {logging_mixin.py:190} INFO - [2026-02-26T05:35:09.727+0000] {dagbag.py:588} INFO - Filling up the DagBag from /home/ubuntu/airflow-venv/lib/python3.12/site-packages/airflow/example_dags/plugins/listener_plugin.py
[2026-02-26T05:35:09.729+0000] {processor.py:927} WARNING - No viable dags retrieved from /home/ubuntu/airflow-venv/lib/python3.12/site-packages/airflow/example_dags/plugins/listener_plugin.py
[2026-02-26T05:35:09.735+0000] {processor.py:208} INFO - Processing /home/ubuntu/airflow-venv/lib/python3.12/site-packages/airflow/example_dags/plugins/listener_plugin.py took 0.014 seconds
[2026-02-26T05:36:05.560+0000] {processor.py:186} INFO - Started process (PID=3366) to work on /home/ubuntu/airflow-venv/lib/python3.12/site-packages/airflow/example_dags/plugins/listener_plugin.py
[2026-02-26T05:36:05.561+0000] {processor.py:914} INFO - Processing file /home/ubuntu/airflow-venv/lib/python3.12/site-packages/airflow/example_dags/plugins/listener_plugin.py for tasks to queue
[2026-02-26T05:36:05.562+0000] {logging_mixin.py:190} INFO - [2026-02-26T05:36:05.562+0000] {dagbag.py:588} INFO - Filling up the DagBag from /home/ubuntu/airflow-venv/lib/python3.12/site-packages/airflow/example_dags/plugins/listener_plugin.py
[2026-02-26T05:36:05.564+0000] {processor.py:927} WARNING - No viable dags retrieved from /home/ubuntu/airflow-venv/lib/python3.12/site-packages/airflow/example_dags/plugins/listener_plugin.py
[2026-02-26T05:36:05.570+0000] {processor.py:208} INFO - Processing /home/ubuntu/airflow-venv/lib/python3.12/site-packages/airflow/example_dags/plugins/listener_plugin.py took 0.014 seconds
[2026-02-26T05:36:55.746+0000] {processor.py:186} INFO - Started process (PID=3420) to work on /home/ubuntu/airflow-venv/lib/python3.12/site-packages/airflow/example_dags/plugins/listener_plugin.py
[2026-02-26T05:36:55.747+0000] {processor.py:914} INFO - Processing file /home/ubuntu/airflow-venv/lib/python3.12/site-packages/airflow/example_dags/plugins/listener_plugin.py for tasks to queue
[2026-02-26T05:36:55.748+0000] {logging_mixin.py:190} INFO - [2026-02-26T05:36:55.748+0000] {dagbag.py:588} INFO - Filling up the DagBag from /home/ubuntu/airflow-venv/lib/python3.12/site-packages/airflow/example_dags/plugins/listener_plugin.py
[2026-02-26T05:36:55.750+0000] {processor.py:927} WARNING - No viable dags retrieved from /home/ubuntu/airflow-venv/lib/python3.12/site-packages/airflow/example_dags/plugins/listener_plugin.py
[2026-02-26T05:36:55.756+0000] {processor.py:208} INFO - Processing /home/ubuntu/airflow-venv/lib/python3.12/site-packages/airflow/example_dags/plugins/listener_plugin.py took 0.014 seconds
[2026-02-26T05:37:42.824+0000] {processor.py:186} INFO - Started process (PID=3470) to work on /home/ubuntu/airflow-venv/lib/python3.12/site-packages/airflow/example_dags/plugins/listener_plugin.py
[2026-02-26T05:37:42.825+0000] {processor.py:914} INFO - Processing file /home/ubuntu/airflow-venv/lib/python3.12/site-packages/airflow/example_dags/plugins/listener_plugin.py for tasks to queue
[2026-02-26T05:37:42.826+0000] {logging_mixin.py:190} INFO - [2026-02-26T05:37:42.826+0000] {dagbag.py:588} INFO - Filling up the DagBag from /home/ubuntu/airflow-venv/lib/python3.12/site-packages/airflow/example_dags/plugins/listener_plugin.py
[2026-02-26T05:37:42.828+0000] {processor.py:927} WARNING - No viable dags retrieved from /home/ubuntu/airflow-venv/lib/python3.12/site-packages/airflow/example_dags/plugins/listener_plugin.py
[2026-02-26T05:37:42.834+0000] {processor.py:208} INFO - Processing /home/ubuntu/airflow-venv/lib/python3.12/site-packages/airflow/example_dags/plugins/listener_plugin.py took 0.014 seconds
[2026-02-26T05:38:34.598+0000] {processor.py:186} INFO - Started process (PID=3524) to work on /home/ubuntu/airflow-venv/lib/python3.12/site-packages/airflow/example_dags/plugins/listener_plugin.py
[2026-02-26T05:38:34.600+0000] {processor.py:914} INFO - Processing file /home/ubuntu/airflow-venv/lib/python3.12/site-packages/airflow/example_dags/plugins/listener_plugin.py for tasks to queue
[2026-02-26T05:38:34.601+0000] {logging_mixin.py:190} INFO - [2026-02-26T05:38:34.601+0000] {dagbag.py:588} INFO - Filling up the DagBag from /home/ubuntu/airflow-venv/lib/python3.12/site-packages/airflow/example_dags/plugins/listener_plugin.py
[2026-02-26T05:38:34.602+0000] {processor.py:927} WARNING - No viable dags retrieved from /home/ubuntu/airflow-venv/lib/python3.12/site-packages/airflow/example_dags/plugins/listener_plugin.py
[2026-02-26T05:38:34.609+0000] {processor.py:208} INFO - Processing /home/ubuntu/airflow-venv/lib/python3.12/site-packages/airflow/example_dags/plugins/listener_plugin.py took 0.014 seconds
[2026-02-26T05:39:25.859+0000] {processor.py:186} INFO - Started process (PID=3576) to work on /home/ubuntu/airflow-venv/lib/python3.12/site-packages/airflow/example_dags/plugins/listener_plugin.py
[2026-02-26T05:39:25.861+0000] {processor.py:914} INFO - Processing file /home/ubuntu/airflow-venv/lib/python3.12/site-packages/airflow/example_dags/plugins/listener_plugin.py for tasks to queue
[2026-02-26T05:39:25.862+0000] {logging_mixin.py:190} INFO - [2026-02-26T05:39:25.862+0000] {dagbag.py:588} INFO - Filling up the DagBag from /home/ubuntu/airflow-venv/lib/python3.12/site-packages/airflow/example_dags/plugins/listener_plugin.py
[2026-02-26T05:39:25.863+0000] {processor.py:927} WARNING - No viable dags retrieved from /home/ubuntu/airflow-venv/lib/python3.12/site-packages/airflow/example_dags/plugins/listener_plugin.py
[2026-02-26T05:39:25.870+0000] {processor.py:208} INFO - Processing /home/ubuntu/airflow-venv/lib/python3.12/site-packages/airflow/example_dags/plugins/listener_plugin.py took 0.014 seconds
[2026-02-26T05:40:12.647+0000] {processor.py:186} INFO - Started process (PID=3628) to work on /home/ubuntu/airflow-venv/lib/python3.12/site-packages/airflow/example_dags/plugins/listener_plugin.py
[2026-02-26T05:40:12.649+0000] {processor.py:914} INFO - Processing file /home/ubuntu/airflow-venv/lib/python3.12/site-packages/airflow/example_dags/plugins/listener_plugin.py for tasks to queue
[2026-02-26T05:40:12.650+0000] {logging_mixin.py:190} INFO - [2026-02-26T05:40:12.650+0000] {dagbag.py:588} INFO - Filling up the DagBag from /home/ubuntu/airflow-venv/lib/python3.12/site-packages/airflow/example_dags/plugins/listener_plugin.py
[2026-02-26T05:40:12.651+0000] {processor.py:927} WARNING - No viable dags retrieved from /home/ubuntu/airflow-venv/lib/python3.12/site-packages/airflow/example_dags/plugins/listener_plugin.py
[2026-02-26T05:40:12.657+0000] {processor.py:208} INFO - Processing /home/ubuntu/airflow-venv/lib/python3.12/site-packages/airflow/example_dags/plugins/listener_plugin.py took 0.013 seconds
[2026-02-26T05:41:01.149+0000] {processor.py:186} INFO - Started process (PID=3684) to work on /home/ubuntu/airflow-venv/lib/python3.12/site-packages/airflow/example_dags/plugins/listener_plugin.py
[2026-02-26T05:41:01.150+0000] {processor.py:914} INFO - Processing file /home/ubuntu/airflow-venv/lib/python3.12/site-packages/airflow/example_dags/plugins/listener_plugin.py for tasks to queue
[2026-02-26T05:41:01.151+0000] {logging_mixin.py:190} INFO - [2026-02-26T05:41:01.151+0000] {dagbag.py:588} INFO - Filling up the DagBag from /home/ubuntu/airflow-venv/lib/python3.12/site-packages/airflow/example_dags/plugins/listener_plugin.py
[2026-02-26T05:41:01.153+0000] {processor.py:927} WARNING - No viable dags retrieved from /home/ubuntu/airflow-venv/lib/python3.12/site-packages/airflow/example_dags/plugins/listener_plugin.py
[2026-02-26T05:41:01.159+0000] {processor.py:208} INFO - Processing /home/ubuntu/airflow-venv/lib/python3.12/site-packages/airflow/example_dags/plugins/listener_plugin.py took 0.014 seconds
[2026-02-26T05:41:50.210+0000] {processor.py:186} INFO - Started process (PID=3736) to work on /home/ubuntu/airflow-venv/lib/python3.12/site-packages/airflow/example_dags/plugins/listener_plugin.py
[2026-02-26T05:41:50.211+0000] {processor.py:914} INFO - Processing file /home/ubuntu/airflow-venv/lib/python3.12/site-packages/airflow/example_dags/plugins/listener_plugin.py for tasks to queue
[2026-02-26T05:41:50.212+0000] {logging_mixin.py:190} INFO - [2026-02-26T05:41:50.212+0000] {dagbag.py:588} INFO - Filling up the DagBag from /home/ubuntu/airflow-venv/lib/python3.12/site-packages/airflow/example_dags/plugins/listener_plugin.py
[2026-02-26T05:41:50.214+0000] {processor.py:927} WARNING - No viable dags retrieved from /home/ubuntu/airflow-venv/lib/python3.12/site-packages/airflow/example_dags/plugins/listener_plugin.py
[2026-02-26T05:41:50.220+0000] {processor.py:208} INFO - Processing /home/ubuntu/airflow-venv/lib/python3.12/site-packages/airflow/example_dags/plugins/listener_plugin.py took 0.014 seconds
[2026-02-26T05:42:40.131+0000] {processor.py:186} INFO - Started process (PID=3787) to work on /home/ubuntu/airflow-venv/lib/python3.12/site-packages/airflow/example_dags/plugins/listener_plugin.py
[2026-02-26T05:42:40.132+0000] {processor.py:914} INFO - Processing file /home/ubuntu/airflow-venv/lib/python3.12/site-packages/airflow/example_dags/plugins/listener_plugin.py for tasks to queue
[2026-02-26T05:42:40.133+0000] {logging_mixin.py:190} INFO - [2026-02-26T05:42:40.133+0000] {dagbag.py:588} INFO - Filling up the DagBag from /home/ubuntu/airflow-venv/lib/python3.12/site-packages/airflow/example_dags/plugins/listener_plugin.py
[2026-02-26T05:42:40.134+0000] {processor.py:927} WARNING - No viable dags retrieved from /home/ubuntu/airflow-venv/lib/python3.12/site-packages/airflow/example_dags/plugins/listener_plugin.py
[2026-02-26T05:42:40.141+0000] {processor.py:208} INFO - Processing /home/ubuntu/airflow-venv/lib/python3.12/site-packages/airflow/example_dags/plugins/listener_plugin.py took 0.014 seconds
[2026-02-26T05:43:28.920+0000] {processor.py:186} INFO - Started process (PID=3838) to work on /home/ubuntu/airflow-venv/lib/python3.12/site-packages/airflow/example_dags/plugins/listener_plugin.py
[2026-02-26T05:43:28.922+0000] {processor.py:914} INFO - Processing file /home/ubuntu/airflow-venv/lib/python3.12/site-packages/airflow/example_dags/plugins/listener_plugin.py for tasks to queue
[2026-02-26T05:43:28.923+0000] {logging_mixin.py:190} INFO - [2026-02-26T05:43:28.923+0000] {dagbag.py:588} INFO - Filling up the DagBag from /home/ubuntu/airflow-venv/lib/python3.12/site-packages/airflow/example_dags/plugins/listener_plugin.py
[2026-02-26T05:43:28.924+0000] {processor.py:927} WARNING - No viable dags retrieved from /home/ubuntu/airflow-venv/lib/python3.12/site-packages/airflow/example_dags/plugins/listener_plugin.py
[2026-02-26T05:43:28.931+0000] {processor.py:208} INFO - Processing /home/ubuntu/airflow-venv/lib/python3.12/site-packages/airflow/example_dags/plugins/listener_plugin.py took 0.014 seconds
[2026-02-26T05:44:19.083+0000] {processor.py:186} INFO - Started process (PID=3891) to work on /home/ubuntu/airflow-venv/lib/python3.12/site-packages/airflow/example_dags/plugins/listener_plugin.py
[2026-02-26T05:44:19.084+0000] {processor.py:914} INFO - Processing file /home/ubuntu/airflow-venv/lib/python3.12/site-packages/airflow/example_dags/plugins/listener_plugin.py for tasks to queue
[2026-02-26T05:44:19.085+0000] {logging_mixin.py:190} INFO - [2026-02-26T05:44:19.085+0000] {dagbag.py:588} INFO - Filling up the DagBag from /home/ubuntu/airflow-venv/lib/python3.12/site-packages/airflow/example_dags/plugins/listener_plugin.py
[2026-02-26T05:44:19.086+0000] {processor.py:927} WARNING - No viable dags retrieved from /home/ubuntu/airflow-venv/lib/python3.12/site-packages/airflow/example_dags/plugins/listener_plugin.py
[2026-02-26T05:44:19.093+0000] {processor.py:208} INFO - Processing /home/ubuntu/airflow-venv/lib/python3.12/site-packages/airflow/example_dags/plugins/listener_plugin.py took 0.014 seconds
[2026-02-26T06:13:34.121+0000] {processor.py:186} INFO - Started process (PID=2686) to work on /home/ubuntu/airflow-venv/lib/python3.12/site-packages/airflow/example_dags/plugins/listener_plugin.py
[2026-02-26T06:13:34.123+0000] {processor.py:914} INFO - Processing file /home/ubuntu/airflow-venv/lib/python3.12/site-packages/airflow/example_dags/plugins/listener_plugin.py for tasks to queue
[2026-02-26T06:13:34.124+0000] {logging_mixin.py:190} INFO - [2026-02-26T06:13:34.124+0000] {dagbag.py:588} INFO - Filling up the DagBag from /home/ubuntu/airflow-venv/lib/python3.12/site-packages/airflow/example_dags/plugins/listener_plugin.py
[2026-02-26T06:13:34.126+0000] {processor.py:927} WARNING - No viable dags retrieved from /home/ubuntu/airflow-venv/lib/python3.12/site-packages/airflow/example_dags/plugins/listener_plugin.py
[2026-02-26T06:13:34.133+0000] {processor.py:208} INFO - Processing /home/ubuntu/airflow-venv/lib/python3.12/site-packages/airflow/example_dags/plugins/listener_plugin.py took 0.015 seconds
[2026-02-26T06:14:34.306+0000] {processor.py:186} INFO - Started process (PID=2750) to work on /home/ubuntu/airflow-venv/lib/python3.12/site-packages/airflow/example_dags/plugins/listener_plugin.py
[2026-02-26T06:14:34.308+0000] {processor.py:914} INFO - Processing file /home/ubuntu/airflow-venv/lib/python3.12/site-packages/airflow/example_dags/plugins/listener_plugin.py for tasks to queue
[2026-02-26T06:14:34.309+0000] {logging_mixin.py:190} INFO - [2026-02-26T06:14:34.309+0000] {dagbag.py:588} INFO - Filling up the DagBag from /home/ubuntu/airflow-venv/lib/python3.12/site-packages/airflow/example_dags/plugins/listener_plugin.py
[2026-02-26T06:14:34.310+0000] {processor.py:927} WARNING - No viable dags retrieved from /home/ubuntu/airflow-venv/lib/python3.12/site-packages/airflow/example_dags/plugins/listener_plugin.py
[2026-02-26T06:14:34.317+0000] {processor.py:208} INFO - Processing /home/ubuntu/airflow-venv/lib/python3.12/site-packages/airflow/example_dags/plugins/listener_plugin.py took 0.014 seconds
[2026-02-26T06:15:32.132+0000] {processor.py:186} INFO - Started process (PID=2816) to work on /home/ubuntu/airflow-venv/lib/python3.12/site-packages/airflow/example_dags/plugins/listener_plugin.py
[2026-02-26T06:15:32.133+0000] {processor.py:914} INFO - Processing file /home/ubuntu/airflow-venv/lib/python3.12/site-packages/airflow/example_dags/plugins/listener_plugin.py for tasks to queue
[2026-02-26T06:15:32.134+0000] {logging_mixin.py:190} INFO - [2026-02-26T06:15:32.134+0000] {dagbag.py:588} INFO - Filling up the DagBag from /home/ubuntu/airflow-venv/lib/python3.12/site-packages/airflow/example_dags/plugins/listener_plugin.py
[2026-02-26T06:15:32.136+0000] {processor.py:927} WARNING - No viable dags retrieved from /home/ubuntu/airflow-venv/lib/python3.12/site-packages/airflow/example_dags/plugins/listener_plugin.py
[2026-02-26T06:15:32.143+0000] {processor.py:208} INFO - Processing /home/ubuntu/airflow-venv/lib/python3.12/site-packages/airflow/example_dags/plugins/listener_plugin.py took 0.015 seconds
[2026-02-26T06:16:26.044+0000] {processor.py:186} INFO - Started process (PID=2873) to work on /home/ubuntu/airflow-venv/lib/python3.12/site-packages/airflow/example_dags/plugins/listener_plugin.py
[2026-02-26T06:16:26.046+0000] {processor.py:914} INFO - Processing file /home/ubuntu/airflow-venv/lib/python3.12/site-packages/airflow/example_dags/plugins/listener_plugin.py for tasks to queue
[2026-02-26T06:16:26.047+0000] {logging_mixin.py:190} INFO - [2026-02-26T06:16:26.047+0000] {dagbag.py:588} INFO - Filling up the DagBag from /home/ubuntu/airflow-venv/lib/python3.12/site-packages/airflow/example_dags/plugins/listener_plugin.py
[2026-02-26T06:16:26.048+0000] {processor.py:927} WARNING - No viable dags retrieved from /home/ubuntu/airflow-venv/lib/python3.12/site-packages/airflow/example_dags/plugins/listener_plugin.py
[2026-02-26T06:16:26.056+0000] {processor.py:208} INFO - Processing /home/ubuntu/airflow-venv/lib/python3.12/site-packages/airflow/example_dags/plugins/listener_plugin.py took 0.015 seconds
[2026-02-26T06:17:15.622+0000] {processor.py:186} INFO - Started process (PID=2928) to work on /home/ubuntu/airflow-venv/lib/python3.12/site-packages/airflow/example_dags/plugins/listener_plugin.py
[2026-02-26T06:17:15.624+0000] {processor.py:914} INFO - Processing file /home/ubuntu/airflow-venv/lib/python3.12/site-packages/airflow/example_dags/plugins/listener_plugin.py for tasks to queue
[2026-02-26T06:17:15.625+0000] {logging_mixin.py:190} INFO - [2026-02-26T06:17:15.625+0000] {dagbag.py:588} INFO - Filling up the DagBag from /home/ubuntu/airflow-venv/lib/python3.12/site-packages/airflow/example_dags/plugins/listener_plugin.py
[2026-02-26T06:17:15.626+0000] {processor.py:927} WARNING - No viable dags retrieved from /home/ubuntu/airflow-venv/lib/python3.12/site-packages/airflow/example_dags/plugins/listener_plugin.py
[2026-02-26T06:17:15.634+0000] {processor.py:208} INFO - Processing /home/ubuntu/airflow-venv/lib/python3.12/site-packages/airflow/example_dags/plugins/listener_plugin.py took 0.015 seconds
[2026-02-26T06:18:03.562+0000] {processor.py:186} INFO - Started process (PID=2979) to work on /home/ubuntu/airflow-venv/lib/python3.12/site-packages/airflow/example_dags/plugins/listener_plugin.py
[2026-02-26T06:18:03.563+0000] {processor.py:914} INFO - Processing file /home/ubuntu/airflow-venv/lib/python3.12/site-packages/airflow/example_dags/plugins/listener_plugin.py for tasks to queue
[2026-02-26T06:18:03.564+0000] {logging_mixin.py:190} INFO - [2026-02-26T06:18:03.564+0000] {dagbag.py:588} INFO - Filling up the DagBag from /home/ubuntu/airflow-venv/lib/python3.12/site-packages/airflow/example_dags/plugins/listener_plugin.py
[2026-02-26T06:18:03.566+0000] {processor.py:927} WARNING - No viable dags retrieved from /home/ubuntu/airflow-venv/lib/python3.12/site-packages/airflow/example_dags/plugins/listener_plugin.py
[2026-02-26T06:18:03.573+0000] {processor.py:208} INFO - Processing /home/ubuntu/airflow-venv/lib/python3.12/site-packages/airflow/example_dags/plugins/listener_plugin.py took 0.015 seconds
[2026-02-26T06:18:59.797+0000] {processor.py:186} INFO - Started process (PID=3034) to work on /home/ubuntu/airflow-venv/lib/python3.12/site-packages/airflow/example_dags/plugins/listener_plugin.py
[2026-02-26T06:18:59.799+0000] {processor.py:914} INFO - Processing file /home/ubuntu/airflow-venv/lib/python3.12/site-packages/airflow/example_dags/plugins/listener_plugin.py for tasks to queue
[2026-02-26T06:18:59.800+0000] {logging_mixin.py:190} INFO - [2026-02-26T06:18:59.800+0000] {dagbag.py:588} INFO - Filling up the DagBag from /home/ubuntu/airflow-venv/lib/python3.12/site-packages/airflow/example_dags/plugins/listener_plugin.py
[2026-02-26T06:18:59.801+0000] {processor.py:927} WARNING - No viable dags retrieved from /home/ubuntu/airflow-venv/lib/python3.12/site-packages/airflow/example_dags/plugins/listener_plugin.py
[2026-02-26T06:18:59.808+0000] {processor.py:208} INFO - Processing /home/ubuntu/airflow-venv/lib/python3.12/site-packages/airflow/example_dags/plugins/listener_plugin.py took 0.015 seconds
[2026-02-26T06:19:56.466+0000] {processor.py:186} INFO - Started process (PID=3091) to work on /home/ubuntu/airflow-venv/lib/python3.12/site-packages/airflow/example_dags/plugins/listener_plugin.py
[2026-02-26T06:19:56.467+0000] {processor.py:914} INFO - Processing file /home/ubuntu/airflow-venv/lib/python3.12/site-packages/airflow/example_dags/plugins/listener_plugin.py for tasks to queue
[2026-02-26T06:19:56.469+0000] {logging_mixin.py:190} INFO - [2026-02-26T06:19:56.468+0000] {dagbag.py:588} INFO - Filling up the DagBag from /home/ubuntu/airflow-venv/lib/python3.12/site-packages/airflow/example_dags/plugins/listener_plugin.py
[2026-02-26T06:19:56.470+0000] {processor.py:927} WARNING - No viable dags retrieved from /home/ubuntu/airflow-venv/lib/python3.12/site-packages/airflow/example_dags/plugins/listener_plugin.py
[2026-02-26T06:19:56.477+0000] {processor.py:208} INFO - Processing /home/ubuntu/airflow-venv/lib/python3.12/site-packages/airflow/example_dags/plugins/listener_plugin.py took 0.015 seconds
[2026-02-26T06:20:47.295+0000] {processor.py:186} INFO - Started process (PID=3148) to work on /home/ubuntu/airflow-venv/lib/python3.12/site-packages/airflow/example_dags/plugins/listener_plugin.py
[2026-02-26T06:20:47.296+0000] {processor.py:914} INFO - Processing file /home/ubuntu/airflow-venv/lib/python3.12/site-packages/airflow/example_dags/plugins/listener_plugin.py for tasks to queue
[2026-02-26T06:20:47.297+0000] {logging_mixin.py:190} INFO - [2026-02-26T06:20:47.297+0000] {dagbag.py:588} INFO - Filling up the DagBag from /home/ubuntu/airflow-venv/lib/python3.12/site-packages/airflow/example_dags/plugins/listener_plugin.py
[2026-02-26T06:20:47.299+0000] {processor.py:927} WARNING - No viable dags retrieved from /home/ubuntu/airflow-venv/lib/python3.12/site-packages/airflow/example_dags/plugins/listener_plugin.py
[2026-02-26T06:20:47.306+0000] {processor.py:208} INFO - Processing /home/ubuntu/airflow-venv/lib/python3.12/site-packages/airflow/example_dags/plugins/listener_plugin.py took 0.015 seconds
[2026-02-26T06:21:33.785+0000] {processor.py:186} INFO - Started process (PID=3198) to work on /home/ubuntu/airflow-venv/lib/python3.12/site-packages/airflow/example_dags/plugins/listener_plugin.py
[2026-02-26T06:21:33.786+0000] {processor.py:914} INFO - Processing file /home/ubuntu/airflow-venv/lib/python3.12/site-packages/airflow/example_dags/plugins/listener_plugin.py for tasks to queue
[2026-02-26T06:21:33.788+0000] {logging_mixin.py:190} INFO - [2026-02-26T06:21:33.788+0000] {dagbag.py:588} INFO - Filling up the DagBag from /home/ubuntu/airflow-venv/lib/python3.12/site-packages/airflow/example_dags/plugins/listener_plugin.py
[2026-02-26T06:21:33.789+0000] {processor.py:927} WARNING - No viable dags retrieved from /home/ubuntu/airflow-venv/lib/python3.12/site-packages/airflow/example_dags/plugins/listener_plugin.py
[2026-02-26T06:21:33.796+0000] {processor.py:208} INFO - Processing /home/ubuntu/airflow-venv/lib/python3.12/site-packages/airflow/example_dags/plugins/listener_plugin.py took 0.015 seconds
[2026-02-26T06:22:22.318+0000] {processor.py:186} INFO - Started process (PID=3249) to work on /home/ubuntu/airflow-venv/lib/python3.12/site-packages/airflow/example_dags/plugins/listener_plugin.py
[2026-02-26T06:22:22.319+0000] {processor.py:914} INFO - Processing file /home/ubuntu/airflow-venv/lib/python3.12/site-packages/airflow/example_dags/plugins/listener_plugin.py for tasks to queue
[2026-02-26T06:22:22.321+0000] {logging_mixin.py:190} INFO - [2026-02-26T06:22:22.320+0000] {dagbag.py:588} INFO - Filling up the DagBag from /home/ubuntu/airflow-venv/lib/python3.12/site-packages/airflow/example_dags/plugins/listener_plugin.py
[2026-02-26T06:22:22.322+0000] {processor.py:927} WARNING - No viable dags retrieved from /home/ubuntu/airflow-venv/lib/python3.12/site-packages/airflow/example_dags/plugins/listener_plugin.py
[2026-02-26T06:22:22.329+0000] {processor.py:208} INFO - Processing /home/ubuntu/airflow-venv/lib/python3.12/site-packages/airflow/example_dags/plugins/listener_plugin.py took 0.015 seconds
[2026-02-26T06:23:13.707+0000] {processor.py:186} INFO - Started process (PID=3303) to work on /home/ubuntu/airflow-venv/lib/python3.12/site-packages/airflow/example_dags/plugins/listener_plugin.py
[2026-02-26T06:23:13.708+0000] {processor.py:914} INFO - Processing file /home/ubuntu/airflow-venv/lib/python3.12/site-packages/airflow/example_dags/plugins/listener_plugin.py for tasks to queue
[2026-02-26T06:23:13.710+0000] {logging_mixin.py:190} INFO - [2026-02-26T06:23:13.709+0000] {dagbag.py:588} INFO - Filling up the DagBag from /home/ubuntu/airflow-venv/lib/python3.12/site-packages/airflow/example_dags/plugins/listener_plugin.py
[2026-02-26T06:23:13.711+0000] {processor.py:927} WARNING - No viable dags retrieved from /home/ubuntu/airflow-venv/lib/python3.12/site-packages/airflow/example_dags/plugins/listener_plugin.py
[2026-02-26T06:23:13.718+0000] {processor.py:208} INFO - Processing /home/ubuntu/airflow-venv/lib/python3.12/site-packages/airflow/example_dags/plugins/listener_plugin.py took 0.015 seconds
[2026-02-26T06:24:07.351+0000] {processor.py:186} INFO - Started process (PID=3357) to work on /home/ubuntu/airflow-venv/lib/python3.12/site-packages/airflow/example_dags/plugins/listener_plugin.py
[2026-02-26T06:24:07.352+0000] {processor.py:914} INFO - Processing file /home/ubuntu/airflow-venv/lib/python3.12/site-packages/airflow/example_dags/plugins/listener_plugin.py for tasks to queue
[2026-02-26T06:24:07.354+0000] {logging_mixin.py:190} INFO - [2026-02-26T06:24:07.354+0000] {dagbag.py:588} INFO - Filling up the DagBag from /home/ubuntu/airflow-venv/lib/python3.12/site-packages/airflow/example_dags/plugins/listener_plugin.py
[2026-02-26T06:24:07.355+0000] {processor.py:927} WARNING - No viable dags retrieved from /home/ubuntu/airflow-venv/lib/python3.12/site-packages/airflow/example_dags/plugins/listener_plugin.py
[2026-02-26T06:24:07.362+0000] {processor.py:208} INFO - Processing /home/ubuntu/airflow-venv/lib/python3.12/site-packages/airflow/example_dags/plugins/listener_plugin.py took 0.015 seconds
