[2026-02-26T06:24:33.556+0000] {local_task_job_runner.py:123} INFO - ::group::Pre task execution logs
[2026-02-26T06:24:33.563+0000] {taskinstance.py:2612} INFO - Dependencies all met for dep_context=non-requeueable deps ti=<TaskInstance: conditional_spark_trigger.trigger_spark_task manual__2026-02-26T06:24:29.541714+00:00 [queued]>
[2026-02-26T06:24:33.567+0000] {taskinstance.py:2612} INFO - Dependencies all met for dep_context=requeueable deps ti=<TaskInstance: conditional_spark_trigger.trigger_spark_task manual__2026-02-26T06:24:29.541714+00:00 [queued]>
[2026-02-26T06:24:33.567+0000] {taskinstance.py:2865} INFO - Starting attempt 1 of 1
[2026-02-26T06:24:33.579+0000] {taskinstance.py:2888} INFO - Executing <Task(SimpleHttpOperator): trigger_spark_task> on 2026-02-26 06:24:29.541714+00:00
[2026-02-26T06:24:33.581+0000] {standard_task_runner.py:72} INFO - Started process 3387 to run task
[2026-02-26T06:24:33.584+0000] {standard_task_runner.py:104} INFO - Running: ['airflow', 'tasks', 'run', 'conditional_spark_trigger', 'trigger_spark_task', 'manual__2026-02-26T06:24:29.541714+00:00', '--job-id', '59', '--raw', '--subdir', 'DAGS_FOLDER/microservice_spark_dag.py', '--cfg-path', '/tmp/tmptn43met4']
[2026-02-26T06:24:33.584+0000] {standard_task_runner.py:105} INFO - Job 59: Subtask trigger_spark_task
[2026-02-26T06:24:33.608+0000] {task_command.py:467} INFO - Running <TaskInstance: conditional_spark_trigger.trigger_spark_task manual__2026-02-26T06:24:29.541714+00:00 [running]> on host ip-172-31-43-74.eu-north-1.compute.internal
[2026-02-26T06:24:33.650+0000] {taskinstance.py:3131} INFO - Exporting env vars: AIRFLOW_CTX_DAG_OWNER='airflow' AIRFLOW_CTX_DAG_ID='conditional_spark_trigger' AIRFLOW_CTX_TASK_ID='trigger_spark_task' AIRFLOW_CTX_EXECUTION_DATE='2026-02-26T06:24:29.541714+00:00' AIRFLOW_CTX_TRY_NUMBER='1' AIRFLOW_CTX_DAG_RUN_ID='manual__2026-02-26T06:24:29.541714+00:00'
[2026-02-26T06:24:33.650+0000] {logging_mixin.py:190} INFO - Task instance is in running state
[2026-02-26T06:24:33.650+0000] {logging_mixin.py:190} INFO -  Previous state of the Task instance: queued
[2026-02-26T06:24:33.651+0000] {logging_mixin.py:190} INFO - Current task name:trigger_spark_task state:running start_date:2026-02-26 06:24:33.563564+00:00
[2026-02-26T06:24:33.651+0000] {logging_mixin.py:190} INFO - Dag name:conditional_spark_trigger and current dag run status:running
[2026-02-26T06:24:33.651+0000] {taskinstance.py:731} INFO - ::endgroup::
[2026-02-26T06:24:33.651+0000] {http.py:173} INFO - Calling HTTP method
[2026-02-26T06:24:33.653+0000] {base.py:84} INFO - Retrieving connection 'spark_api'
[2026-02-26T06:24:33.655+0000] {base.py:84} INFO - Retrieving connection 'spark_api'
[2026-02-26T06:24:36.378+0000] {taskinstance.py:340} INFO - ::group::Post task execution logs
[2026-02-26T06:24:36.378+0000] {taskinstance.py:352} INFO - Marking task as SUCCESS. dag_id=conditional_spark_trigger, task_id=trigger_spark_task, run_id=manual__2026-02-26T06:24:29.541714+00:00, execution_date=20260226T062429, start_date=20260226T062433, end_date=20260226T062436
[2026-02-26T06:24:36.388+0000] {logging_mixin.py:190} INFO - Task instance in success state
[2026-02-26T06:24:36.388+0000] {logging_mixin.py:190} INFO -  Previous state of the Task instance: running
[2026-02-26T06:24:36.388+0000] {logging_mixin.py:190} INFO - Dag name:conditional_spark_trigger queued_at:2026-02-26 06:24:29.549729+00:00
[2026-02-26T06:24:36.388+0000] {logging_mixin.py:190} INFO - Task hostname:ip-172-31-43-74.eu-north-1.compute.internal operator:SimpleHttpOperator
[2026-02-26T06:24:36.405+0000] {local_task_job_runner.py:266} INFO - Task exited with return code 0
[2026-02-26T06:24:36.412+0000] {taskinstance.py:3900} INFO - 0 downstream tasks scheduled from follow-on schedule check
[2026-02-26T06:24:36.413+0000] {local_task_job_runner.py:245} INFO - ::endgroup::
