[2026-02-25T11:45:34.614+0000] {local_task_job_runner.py:123} INFO - ::group::Pre task execution logs
[2026-02-25T11:45:34.623+0000] {taskinstance.py:2612} INFO - Dependencies all met for dep_context=non-requeueable deps ti=<TaskInstance: microservice_spark_dag.api_failed manual__2026-02-25T11:45:30.539431+00:00 [queued]>
[2026-02-25T11:45:34.627+0000] {taskinstance.py:2612} INFO - Dependencies all met for dep_context=requeueable deps ti=<TaskInstance: microservice_spark_dag.api_failed manual__2026-02-25T11:45:30.539431+00:00 [queued]>
[2026-02-25T11:45:34.627+0000] {taskinstance.py:2865} INFO - Starting attempt 1 of 1
[2026-02-25T11:45:34.639+0000] {taskinstance.py:2888} INFO - Executing <Task(PythonOperator): api_failed> on 2026-02-25 11:45:30.539431+00:00
[2026-02-25T11:45:34.641+0000] {standard_task_runner.py:72} INFO - Started process 2617 to run task
[2026-02-25T11:45:34.643+0000] {standard_task_runner.py:104} INFO - Running: ['airflow', 'tasks', 'run', 'microservice_spark_dag', 'api_failed', 'manual__2026-02-25T11:45:30.539431+00:00', '--job-id', '34', '--raw', '--subdir', 'DAGS_FOLDER/microservice_spark_dag.py', '--cfg-path', '/tmp/tmp909dkddk']
[2026-02-25T11:45:34.644+0000] {standard_task_runner.py:105} INFO - Job 34: Subtask api_failed
[2026-02-25T11:45:34.669+0000] {task_command.py:467} INFO - Running <TaskInstance: microservice_spark_dag.api_failed manual__2026-02-25T11:45:30.539431+00:00 [running]> on host ip-172-31-43-74.eu-north-1.compute.internal
[2026-02-25T11:45:34.709+0000] {taskinstance.py:3131} INFO - Exporting env vars: AIRFLOW_CTX_DAG_OWNER='airflow' AIRFLOW_CTX_DAG_ID='microservice_spark_dag' AIRFLOW_CTX_TASK_ID='api_failed' AIRFLOW_CTX_EXECUTION_DATE='2026-02-25T11:45:30.539431+00:00' AIRFLOW_CTX_TRY_NUMBER='1' AIRFLOW_CTX_DAG_RUN_ID='manual__2026-02-25T11:45:30.539431+00:00'
[2026-02-25T11:45:34.709+0000] {logging_mixin.py:190} INFO - Task instance is in running state
[2026-02-25T11:45:34.710+0000] {logging_mixin.py:190} INFO -  Previous state of the Task instance: queued
[2026-02-25T11:45:34.710+0000] {logging_mixin.py:190} INFO - Current task name:api_failed state:running start_date:2026-02-25 11:45:34.623689+00:00
[2026-02-25T11:45:34.710+0000] {logging_mixin.py:190} INFO - Dag name:microservice_spark_dag and current dag run status:running
[2026-02-25T11:45:34.710+0000] {taskinstance.py:731} INFO - ::endgroup::
[2026-02-25T11:45:34.710+0000] {taskinstance.py:3310} ERROR - Task failed with exception
Traceback (most recent call last):
  File "/home/ubuntu/airflow-venv/lib/python3.12/site-packages/airflow/models/taskinstance.py", line 767, in _execute_task
    result = _execute_callable(context=context, **execute_callable_kwargs)
             ^^^^^^^^^^^^^^^^^^^^^^^^^^^^^^^^^^^^^^^^^^^^^^^^^^^^^^^^^^^^^
  File "/home/ubuntu/airflow-venv/lib/python3.12/site-packages/airflow/models/taskinstance.py", line 733, in _execute_callable
    return ExecutionCallableRunner(
           ^^^^^^^^^^^^^^^^^^^^^^^^
  File "/home/ubuntu/airflow-venv/lib/python3.12/site-packages/airflow/utils/operator_helpers.py", line 252, in run
    return self.func(*args, **kwargs)
           ^^^^^^^^^^^^^^^^^^^^^^^^^^
  File "/home/ubuntu/airflow-venv/lib/python3.12/site-packages/airflow/models/baseoperator.py", line 406, in wrapper
    return func(self, *args, **kwargs)
           ^^^^^^^^^^^^^^^^^^^^^^^^^^^
  File "/home/ubuntu/airflow-venv/lib/python3.12/site-packages/airflow/operators/python.py", line 238, in execute
    return_value = self.execute_callable()
                   ^^^^^^^^^^^^^^^^^^^^^^^
  File "/home/ubuntu/airflow-venv/lib/python3.12/site-packages/airflow/operators/python.py", line 256, in execute_callable
    return runner.run(*self.op_args, **self.op_kwargs)
           ^^^^^^^^^^^^^^^^^^^^^^^^^^^^^^^^^^^^^^^^^^^
  File "/home/ubuntu/airflow-venv/lib/python3.12/site-packages/airflow/utils/operator_helpers.py", line 252, in run
    return self.func(*args, **kwargs)
           ^^^^^^^^^^^^^^^^^^^^^^^^^^
  File "/home/ubuntu/airflow/dags/microservice_spark_dag.py", line 32, in api_failed_task
    raise Exception("API call failed")
Exception: API call failed
[2026-02-25T11:45:34.717+0000] {logging_mixin.py:190} INFO - Task instance in failure state
[2026-02-25T11:45:34.717+0000] {logging_mixin.py:190} INFO - Task start:2026-02-25 11:45:34.623689+00:00 end:2026-02-25 11:45:34.717414+00:00 duration:0.093725
[2026-02-25T11:45:34.717+0000] {logging_mixin.py:190} INFO - Task:<Task(PythonOperator): api_failed> dag:<DAG: microservice_spark_dag> dagrun:<DagRun microservice_spark_dag @ 2026-02-25 11:45:30.539431+00:00: manual__2026-02-25T11:45:30.539431+00:00, state:running, queued_at: 2026-02-25 11:45:30.548323+00:00. externally triggered: True>
[2026-02-25T11:45:34.718+0000] {logging_mixin.py:190} INFO - Failure caused by API call failed
[2026-02-25T11:45:34.718+0000] {taskinstance.py:1225} INFO - Marking task as FAILED. dag_id=microservice_spark_dag, task_id=api_failed, run_id=manual__2026-02-25T11:45:30.539431+00:00, execution_date=20260225T114530, start_date=20260225T114534, end_date=20260225T114534
[2026-02-25T11:45:34.727+0000] {taskinstance.py:340} INFO - ::group::Post task execution logs
[2026-02-25T11:45:34.727+0000] {standard_task_runner.py:124} ERROR - Failed to execute job 34 for task api_failed (API call failed; 2617)
Traceback (most recent call last):
  File "/home/ubuntu/airflow-venv/lib/python3.12/site-packages/airflow/task/task_runner/standard_task_runner.py", line 117, in _start_by_fork
    ret = args.func(args, dag=self.dag)
          ^^^^^^^^^^^^^^^^^^^^^^^^^^^^^
  File "/home/ubuntu/airflow-venv/lib/python3.12/site-packages/airflow/cli/cli_config.py", line 49, in command
    return func(*args, **kwargs)
           ^^^^^^^^^^^^^^^^^^^^^
  File "/home/ubuntu/airflow-venv/lib/python3.12/site-packages/airflow/utils/cli.py", line 115, in wrapper
    return f(*args, **kwargs)
           ^^^^^^^^^^^^^^^^^^
  File "/home/ubuntu/airflow-venv/lib/python3.12/site-packages/airflow/cli/commands/task_command.py", line 483, in task_run
    task_return_code = _run_task_by_selected_method(args, _dag, ti)
                       ^^^^^^^^^^^^^^^^^^^^^^^^^^^^^^^^^^^^^^^^^^^^
  File "/home/ubuntu/airflow-venv/lib/python3.12/site-packages/airflow/cli/commands/task_command.py", line 256, in _run_task_by_selected_method
    return _run_raw_task(args, ti)
           ^^^^^^^^^^^^^^^^^^^^^^^
  File "/home/ubuntu/airflow-venv/lib/python3.12/site-packages/airflow/cli/commands/task_command.py", line 341, in _run_raw_task
    return ti._run_raw_task(
           ^^^^^^^^^^^^^^^^^
  File "/home/ubuntu/airflow-venv/lib/python3.12/site-packages/airflow/utils/session.py", line 97, in wrapper
    return func(*args, session=session, **kwargs)
           ^^^^^^^^^^^^^^^^^^^^^^^^^^^^^^^^^^^^^^
  File "/home/ubuntu/airflow-venv/lib/python3.12/site-packages/airflow/models/taskinstance.py", line 3004, in _run_raw_task
    return _run_raw_task(
           ^^^^^^^^^^^^^^
  File "/home/ubuntu/airflow-venv/lib/python3.12/site-packages/airflow/models/taskinstance.py", line 273, in _run_raw_task
    TaskInstance._execute_task_with_callbacks(
  File "/home/ubuntu/airflow-venv/lib/python3.12/site-packages/airflow/models/taskinstance.py", line 3158, in _execute_task_with_callbacks
    result = self._execute_task(context, task_orig)
             ^^^^^^^^^^^^^^^^^^^^^^^^^^^^^^^^^^^^^^
  File "/home/ubuntu/airflow-venv/lib/python3.12/site-packages/airflow/models/taskinstance.py", line 3182, in _execute_task
    return _execute_task(self, context, task_orig)
           ^^^^^^^^^^^^^^^^^^^^^^^^^^^^^^^^^^^^^^^
  File "/home/ubuntu/airflow-venv/lib/python3.12/site-packages/airflow/models/taskinstance.py", line 767, in _execute_task
    result = _execute_callable(context=context, **execute_callable_kwargs)
             ^^^^^^^^^^^^^^^^^^^^^^^^^^^^^^^^^^^^^^^^^^^^^^^^^^^^^^^^^^^^^
  File "/home/ubuntu/airflow-venv/lib/python3.12/site-packages/airflow/models/taskinstance.py", line 733, in _execute_callable
    return ExecutionCallableRunner(
           ^^^^^^^^^^^^^^^^^^^^^^^^
  File "/home/ubuntu/airflow-venv/lib/python3.12/site-packages/airflow/utils/operator_helpers.py", line 252, in run
    return self.func(*args, **kwargs)
           ^^^^^^^^^^^^^^^^^^^^^^^^^^
  File "/home/ubuntu/airflow-venv/lib/python3.12/site-packages/airflow/models/baseoperator.py", line 406, in wrapper
    return func(self, *args, **kwargs)
           ^^^^^^^^^^^^^^^^^^^^^^^^^^^
  File "/home/ubuntu/airflow-venv/lib/python3.12/site-packages/airflow/operators/python.py", line 238, in execute
    return_value = self.execute_callable()
                   ^^^^^^^^^^^^^^^^^^^^^^^
  File "/home/ubuntu/airflow-venv/lib/python3.12/site-packages/airflow/operators/python.py", line 256, in execute_callable
    return runner.run(*self.op_args, **self.op_kwargs)
           ^^^^^^^^^^^^^^^^^^^^^^^^^^^^^^^^^^^^^^^^^^^
  File "/home/ubuntu/airflow-venv/lib/python3.12/site-packages/airflow/utils/operator_helpers.py", line 252, in run
    return self.func(*args, **kwargs)
           ^^^^^^^^^^^^^^^^^^^^^^^^^^
  File "/home/ubuntu/airflow/dags/microservice_spark_dag.py", line 32, in api_failed_task
    raise Exception("API call failed")
Exception: API call failed
[2026-02-25T11:45:34.735+0000] {local_task_job_runner.py:266} INFO - Task exited with return code 1
[2026-02-25T11:45:34.742+0000] {taskinstance.py:3900} INFO - 0 downstream tasks scheduled from follow-on schedule check
[2026-02-25T11:45:34.742+0000] {local_task_job_runner.py:245} INFO - ::endgroup::
