[2026-02-26T06:24:31.621+0000] {local_task_job_runner.py:123} INFO - ::group::Pre task execution logs
[2026-02-26T06:24:31.626+0000] {taskinstance.py:2612} INFO - Dependencies all met for dep_context=non-requeueable deps ti=<TaskInstance: conditional_spark_trigger.check_api_task manual__2026-02-26T06:24:29.541714+00:00 [queued]>
[2026-02-26T06:24:31.629+0000] {taskinstance.py:2612} INFO - Dependencies all met for dep_context=requeueable deps ti=<TaskInstance: conditional_spark_trigger.check_api_task manual__2026-02-26T06:24:29.541714+00:00 [queued]>
[2026-02-26T06:24:31.629+0000] {taskinstance.py:2865} INFO - Starting attempt 1 of 1
[2026-02-26T06:24:31.641+0000] {taskinstance.py:2888} INFO - Executing <Task(BranchPythonOperator): check_api_task> on 2026-02-26 06:24:29.541714+00:00
[2026-02-26T06:24:31.644+0000] {standard_task_runner.py:72} INFO - Started process 3383 to run task
[2026-02-26T06:24:31.646+0000] {standard_task_runner.py:104} INFO - Running: ['airflow', 'tasks', 'run', 'conditional_spark_trigger', 'check_api_task', 'manual__2026-02-26T06:24:29.541714+00:00', '--job-id', '58', '--raw', '--subdir', 'DAGS_FOLDER/microservice_spark_dag.py', '--cfg-path', '/tmp/tmpuybc3zqk']
[2026-02-26T06:24:31.647+0000] {standard_task_runner.py:105} INFO - Job 58: Subtask check_api_task
[2026-02-26T06:24:31.670+0000] {task_command.py:467} INFO - Running <TaskInstance: conditional_spark_trigger.check_api_task manual__2026-02-26T06:24:29.541714+00:00 [running]> on host ip-172-31-43-74.eu-north-1.compute.internal
[2026-02-26T06:24:31.712+0000] {taskinstance.py:3131} INFO - Exporting env vars: AIRFLOW_CTX_DAG_OWNER='airflow' AIRFLOW_CTX_DAG_ID='conditional_spark_trigger' AIRFLOW_CTX_TASK_ID='check_api_task' AIRFLOW_CTX_EXECUTION_DATE='2026-02-26T06:24:29.541714+00:00' AIRFLOW_CTX_TRY_NUMBER='1' AIRFLOW_CTX_DAG_RUN_ID='manual__2026-02-26T06:24:29.541714+00:00'
[2026-02-26T06:24:31.713+0000] {logging_mixin.py:190} INFO - Task instance is in running state
[2026-02-26T06:24:31.713+0000] {logging_mixin.py:190} INFO -  Previous state of the Task instance: queued
[2026-02-26T06:24:31.713+0000] {logging_mixin.py:190} INFO - Current task name:check_api_task state:running start_date:2026-02-26 06:24:31.626243+00:00
[2026-02-26T06:24:31.713+0000] {logging_mixin.py:190} INFO - Dag name:conditional_spark_trigger and current dag run status:running
[2026-02-26T06:24:31.713+0000] {taskinstance.py:731} INFO - ::endgroup::
[2026-02-26T06:24:31.713+0000] {baseoperator.py:405} WARNING - BranchPythonOperator.execute cannot be called outside TaskInstance!
[2026-02-26T06:24:32.023+0000] {logging_mixin.py:190} INFO - API Success. Triggering Spark...
[2026-02-26T06:24:32.024+0000] {python.py:240} INFO - Done. Returned value was: trigger_spark_task
[2026-02-26T06:24:32.024+0000] {branch.py:38} INFO - Branch into trigger_spark_task
[2026-02-26T06:24:32.024+0000] {skipmixin.py:230} INFO - Following branch {'trigger_spark_task'}
[2026-02-26T06:24:32.027+0000] {skipmixin.py:278} INFO - Skipping tasks [('api_failed_task', -1)]
[2026-02-26T06:24:32.052+0000] {taskinstance.py:340} INFO - ::group::Post task execution logs
[2026-02-26T06:24:32.052+0000] {taskinstance.py:352} INFO - Marking task as SUCCESS. dag_id=conditional_spark_trigger, task_id=check_api_task, run_id=manual__2026-02-26T06:24:29.541714+00:00, execution_date=20260226T062429, start_date=20260226T062431, end_date=20260226T062432
[2026-02-26T06:24:32.061+0000] {logging_mixin.py:190} INFO - Task instance in success state
[2026-02-26T06:24:32.061+0000] {logging_mixin.py:190} INFO -  Previous state of the Task instance: running
[2026-02-26T06:24:32.061+0000] {logging_mixin.py:190} INFO - Dag name:conditional_spark_trigger queued_at:2026-02-26 06:24:29.549729+00:00
[2026-02-26T06:24:32.061+0000] {logging_mixin.py:190} INFO - Task hostname:ip-172-31-43-74.eu-north-1.compute.internal operator:BranchPythonOperator
[2026-02-26T06:24:32.100+0000] {local_task_job_runner.py:266} INFO - Task exited with return code 0
[2026-02-26T06:24:32.106+0000] {logging_mixin.py:190} WARNING - /home/ubuntu/airflow-venv/lib/python3.12/site-packages/airflow/models/baseoperator.py:1378 AirflowProviderDeprecationWarning: Call to deprecated class SimpleHttpOperator. (Class `SimpleHttpOperator` is deprecated and will be removed in a future release. Please use `HttpOperator` instead.)
[2026-02-26T06:24:32.115+0000] {taskinstance.py:3900} INFO - 1 downstream tasks scheduled from follow-on schedule check
[2026-02-26T06:24:32.121+0000] {local_task_job_runner.py:245} INFO - ::endgroup::
