[2026-02-26T05:58:45.569+0000] {local_task_job_runner.py:123} INFO - ::group::Pre task execution logs
[2026-02-26T05:58:45.574+0000] {taskinstance.py:2612} INFO - Dependencies all met for dep_context=non-requeueable deps ti=<TaskInstance: conditional_spark_trigger.check_api_task manual__2026-02-26T05:49:12.432617+00:00 [queued]>
[2026-02-26T05:58:45.577+0000] {taskinstance.py:2612} INFO - Dependencies all met for dep_context=requeueable deps ti=<TaskInstance: conditional_spark_trigger.check_api_task manual__2026-02-26T05:49:12.432617+00:00 [queued]>
[2026-02-26T05:58:45.577+0000] {taskinstance.py:2865} INFO - Starting attempt 1 of 1
[2026-02-26T05:58:45.590+0000] {taskinstance.py:2888} INFO - Executing <Task(BranchPythonOperator): check_api_task> on 2026-02-26 05:49:12.432617+00:00
[2026-02-26T05:58:45.592+0000] {standard_task_runner.py:72} INFO - Started process 2071 to run task
[2026-02-26T05:58:45.594+0000] {standard_task_runner.py:104} INFO - Running: ['airflow', 'tasks', 'run', 'conditional_spark_trigger', 'check_api_task', 'manual__2026-02-26T05:49:12.432617+00:00', '--job-id', '45', '--raw', '--subdir', 'DAGS_FOLDER/microservice_spark_dag.py', '--cfg-path', '/tmp/tmp9hhtk3_9']
[2026-02-26T05:58:45.594+0000] {standard_task_runner.py:105} INFO - Job 45: Subtask check_api_task
[2026-02-26T05:58:45.617+0000] {task_command.py:467} INFO - Running <TaskInstance: conditional_spark_trigger.check_api_task manual__2026-02-26T05:49:12.432617+00:00 [running]> on host ip-172-31-43-74.eu-north-1.compute.internal
[2026-02-26T05:58:45.662+0000] {taskinstance.py:3131} INFO - Exporting env vars: AIRFLOW_CTX_DAG_OWNER='airflow' AIRFLOW_CTX_DAG_ID='conditional_spark_trigger' AIRFLOW_CTX_TASK_ID='check_api_task' AIRFLOW_CTX_EXECUTION_DATE='2026-02-26T05:49:12.432617+00:00' AIRFLOW_CTX_TRY_NUMBER='1' AIRFLOW_CTX_DAG_RUN_ID='manual__2026-02-26T05:49:12.432617+00:00'
[2026-02-26T05:58:45.663+0000] {logging_mixin.py:190} INFO - Task instance is in running state
[2026-02-26T05:58:45.663+0000] {logging_mixin.py:190} INFO -  Previous state of the Task instance: queued
[2026-02-26T05:58:45.663+0000] {logging_mixin.py:190} INFO - Current task name:check_api_task state:running start_date:2026-02-26 05:58:45.574626+00:00
[2026-02-26T05:58:45.663+0000] {logging_mixin.py:190} INFO - Dag name:conditional_spark_trigger and current dag run status:running
[2026-02-26T05:58:45.663+0000] {taskinstance.py:731} INFO - ::endgroup::
[2026-02-26T05:58:45.663+0000] {baseoperator.py:405} WARNING - BranchPythonOperator.execute cannot be called outside TaskInstance!
[2026-02-26T05:58:45.960+0000] {logging_mixin.py:190} INFO - API Success. Triggering Spark...
[2026-02-26T05:58:45.961+0000] {python.py:240} INFO - Done. Returned value was: trigger_spark_task
[2026-02-26T05:58:45.961+0000] {branch.py:38} INFO - Branch into trigger_spark_task
[2026-02-26T05:58:45.961+0000] {skipmixin.py:230} INFO - Following branch {'trigger_spark_task'}
[2026-02-26T05:58:45.964+0000] {skipmixin.py:278} INFO - Skipping tasks [('api_failed_task', -1)]
[2026-02-26T05:58:45.987+0000] {taskinstance.py:340} INFO - ::group::Post task execution logs
[2026-02-26T05:58:45.988+0000] {taskinstance.py:352} INFO - Marking task as SUCCESS. dag_id=conditional_spark_trigger, task_id=check_api_task, run_id=manual__2026-02-26T05:49:12.432617+00:00, execution_date=20260226T054912, start_date=20260226T055845, end_date=20260226T055845
[2026-02-26T05:58:45.997+0000] {logging_mixin.py:190} INFO - Task instance in success state
[2026-02-26T05:58:45.997+0000] {logging_mixin.py:190} INFO -  Previous state of the Task instance: running
[2026-02-26T05:58:45.997+0000] {logging_mixin.py:190} INFO - Dag name:conditional_spark_trigger queued_at:2026-02-26 05:49:12.440104+00:00
[2026-02-26T05:58:45.997+0000] {logging_mixin.py:190} INFO - Task hostname:ip-172-31-43-74.eu-north-1.compute.internal operator:BranchPythonOperator
[2026-02-26T05:58:46.007+0000] {local_task_job_runner.py:266} INFO - Task exited with return code 0
[2026-02-26T05:58:46.013+0000] {logging_mixin.py:190} WARNING - /home/ubuntu/airflow-venv/lib/python3.12/site-packages/airflow/models/baseoperator.py:1378 AirflowProviderDeprecationWarning: Call to deprecated class SimpleHttpOperator. (Class `SimpleHttpOperator` is deprecated and will be removed in a future release. Please use `HttpOperator` instead.)
[2026-02-26T05:58:46.021+0000] {taskinstance.py:3900} INFO - 1 downstream tasks scheduled from follow-on schedule check
[2026-02-26T05:58:46.028+0000] {local_task_job_runner.py:245} INFO - ::endgroup::
