[2026-02-24T17:58:53.569+0000] {processor.py:186} INFO - Started process (PID=43633) to work on /home/ubuntu/airflow-venv/lib/python3.12/site-packages/airflow/example_dags/plugins/workday.py
[2026-02-24T17:58:53.570+0000] {processor.py:914} INFO - Processing file /home/ubuntu/airflow-venv/lib/python3.12/site-packages/airflow/example_dags/plugins/workday.py for tasks to queue
[2026-02-24T17:58:53.571+0000] {logging_mixin.py:190} INFO - [2026-02-24T17:58:53.571+0000] {dagbag.py:588} INFO - Filling up the DagBag from /home/ubuntu/airflow-venv/lib/python3.12/site-packages/airflow/example_dags/plugins/workday.py
[2026-02-24T17:58:53.573+0000] {logging_mixin.py:190} INFO - [2026-02-24T17:58:53.573+0000] {workday.py:41} WARNING - Could not import pandas. Holidays will not be considered.
[2026-02-24T17:58:53.573+0000] {processor.py:927} WARNING - No viable dags retrieved from /home/ubuntu/airflow-venv/lib/python3.12/site-packages/airflow/example_dags/plugins/workday.py
[2026-02-24T17:58:53.581+0000] {processor.py:208} INFO - Processing /home/ubuntu/airflow-venv/lib/python3.12/site-packages/airflow/example_dags/plugins/workday.py took 0.016 seconds
[2026-02-24T17:59:54.499+0000] {processor.py:186} INFO - Started process (PID=43690) to work on /home/ubuntu/airflow-venv/lib/python3.12/site-packages/airflow/example_dags/plugins/workday.py
[2026-02-24T17:59:54.501+0000] {processor.py:914} INFO - Processing file /home/ubuntu/airflow-venv/lib/python3.12/site-packages/airflow/example_dags/plugins/workday.py for tasks to queue
[2026-02-24T17:59:54.502+0000] {logging_mixin.py:190} INFO - [2026-02-24T17:59:54.502+0000] {dagbag.py:588} INFO - Filling up the DagBag from /home/ubuntu/airflow-venv/lib/python3.12/site-packages/airflow/example_dags/plugins/workday.py
[2026-02-24T17:59:54.504+0000] {logging_mixin.py:190} INFO - [2026-02-24T17:59:54.504+0000] {workday.py:41} WARNING - Could not import pandas. Holidays will not be considered.
[2026-02-24T17:59:54.504+0000] {processor.py:927} WARNING - No viable dags retrieved from /home/ubuntu/airflow-venv/lib/python3.12/site-packages/airflow/example_dags/plugins/workday.py
[2026-02-24T17:59:54.512+0000] {processor.py:208} INFO - Processing /home/ubuntu/airflow-venv/lib/python3.12/site-packages/airflow/example_dags/plugins/workday.py took 0.017 seconds
[2026-02-24T18:00:49.080+0000] {processor.py:186} INFO - Started process (PID=43752) to work on /home/ubuntu/airflow-venv/lib/python3.12/site-packages/airflow/example_dags/plugins/workday.py
[2026-02-24T18:00:49.081+0000] {processor.py:914} INFO - Processing file /home/ubuntu/airflow-venv/lib/python3.12/site-packages/airflow/example_dags/plugins/workday.py for tasks to queue
[2026-02-24T18:00:49.083+0000] {logging_mixin.py:190} INFO - [2026-02-24T18:00:49.082+0000] {dagbag.py:588} INFO - Filling up the DagBag from /home/ubuntu/airflow-venv/lib/python3.12/site-packages/airflow/example_dags/plugins/workday.py
[2026-02-24T18:00:49.085+0000] {logging_mixin.py:190} INFO - [2026-02-24T18:00:49.085+0000] {workday.py:41} WARNING - Could not import pandas. Holidays will not be considered.
[2026-02-24T18:00:49.085+0000] {processor.py:927} WARNING - No viable dags retrieved from /home/ubuntu/airflow-venv/lib/python3.12/site-packages/airflow/example_dags/plugins/workday.py
[2026-02-24T18:00:49.094+0000] {processor.py:208} INFO - Processing /home/ubuntu/airflow-venv/lib/python3.12/site-packages/airflow/example_dags/plugins/workday.py took 0.018 seconds
[2026-02-24T18:01:37.645+0000] {processor.py:186} INFO - Started process (PID=43804) to work on /home/ubuntu/airflow-venv/lib/python3.12/site-packages/airflow/example_dags/plugins/workday.py
[2026-02-24T18:01:37.646+0000] {processor.py:914} INFO - Processing file /home/ubuntu/airflow-venv/lib/python3.12/site-packages/airflow/example_dags/plugins/workday.py for tasks to queue
[2026-02-24T18:01:37.648+0000] {logging_mixin.py:190} INFO - [2026-02-24T18:01:37.648+0000] {dagbag.py:588} INFO - Filling up the DagBag from /home/ubuntu/airflow-venv/lib/python3.12/site-packages/airflow/example_dags/plugins/workday.py
[2026-02-24T18:01:37.650+0000] {logging_mixin.py:190} INFO - [2026-02-24T18:01:37.650+0000] {workday.py:41} WARNING - Could not import pandas. Holidays will not be considered.
[2026-02-24T18:01:37.650+0000] {processor.py:927} WARNING - No viable dags retrieved from /home/ubuntu/airflow-venv/lib/python3.12/site-packages/airflow/example_dags/plugins/workday.py
[2026-02-24T18:01:37.658+0000] {processor.py:208} INFO - Processing /home/ubuntu/airflow-venv/lib/python3.12/site-packages/airflow/example_dags/plugins/workday.py took 0.017 seconds
[2026-02-24T18:02:31.827+0000] {processor.py:186} INFO - Started process (PID=44224) to work on /home/ubuntu/airflow-venv/lib/python3.12/site-packages/airflow/example_dags/plugins/workday.py
[2026-02-24T18:02:31.828+0000] {processor.py:914} INFO - Processing file /home/ubuntu/airflow-venv/lib/python3.12/site-packages/airflow/example_dags/plugins/workday.py for tasks to queue
[2026-02-24T18:02:31.830+0000] {logging_mixin.py:190} INFO - [2026-02-24T18:02:31.830+0000] {dagbag.py:588} INFO - Filling up the DagBag from /home/ubuntu/airflow-venv/lib/python3.12/site-packages/airflow/example_dags/plugins/workday.py
[2026-02-24T18:02:31.832+0000] {logging_mixin.py:190} INFO - [2026-02-24T18:02:31.832+0000] {workday.py:41} WARNING - Could not import pandas. Holidays will not be considered.
[2026-02-24T18:02:31.832+0000] {processor.py:927} WARNING - No viable dags retrieved from /home/ubuntu/airflow-venv/lib/python3.12/site-packages/airflow/example_dags/plugins/workday.py
[2026-02-24T18:02:31.840+0000] {processor.py:208} INFO - Processing /home/ubuntu/airflow-venv/lib/python3.12/site-packages/airflow/example_dags/plugins/workday.py took 0.018 seconds
[2026-02-24T18:03:24.591+0000] {processor.py:186} INFO - Started process (PID=44287) to work on /home/ubuntu/airflow-venv/lib/python3.12/site-packages/airflow/example_dags/plugins/workday.py
[2026-02-24T18:03:24.592+0000] {processor.py:914} INFO - Processing file /home/ubuntu/airflow-venv/lib/python3.12/site-packages/airflow/example_dags/plugins/workday.py for tasks to queue
[2026-02-24T18:03:24.594+0000] {logging_mixin.py:190} INFO - [2026-02-24T18:03:24.593+0000] {dagbag.py:588} INFO - Filling up the DagBag from /home/ubuntu/airflow-venv/lib/python3.12/site-packages/airflow/example_dags/plugins/workday.py
[2026-02-24T18:03:24.596+0000] {logging_mixin.py:190} INFO - [2026-02-24T18:03:24.595+0000] {workday.py:41} WARNING - Could not import pandas. Holidays will not be considered.
[2026-02-24T18:03:24.596+0000] {processor.py:927} WARNING - No viable dags retrieved from /home/ubuntu/airflow-venv/lib/python3.12/site-packages/airflow/example_dags/plugins/workday.py
[2026-02-24T18:03:24.604+0000] {processor.py:208} INFO - Processing /home/ubuntu/airflow-venv/lib/python3.12/site-packages/airflow/example_dags/plugins/workday.py took 0.017 seconds
[2026-02-24T18:04:12.995+0000] {processor.py:186} INFO - Started process (PID=44704) to work on /home/ubuntu/airflow-venv/lib/python3.12/site-packages/airflow/example_dags/plugins/workday.py
[2026-02-24T18:04:12.996+0000] {processor.py:914} INFO - Processing file /home/ubuntu/airflow-venv/lib/python3.12/site-packages/airflow/example_dags/plugins/workday.py for tasks to queue
[2026-02-24T18:04:12.998+0000] {logging_mixin.py:190} INFO - [2026-02-24T18:04:12.997+0000] {dagbag.py:588} INFO - Filling up the DagBag from /home/ubuntu/airflow-venv/lib/python3.12/site-packages/airflow/example_dags/plugins/workday.py
[2026-02-24T18:04:13.000+0000] {logging_mixin.py:190} INFO - [2026-02-24T18:04:12.999+0000] {workday.py:41} WARNING - Could not import pandas. Holidays will not be considered.
[2026-02-24T18:04:13.000+0000] {processor.py:927} WARNING - No viable dags retrieved from /home/ubuntu/airflow-venv/lib/python3.12/site-packages/airflow/example_dags/plugins/workday.py
[2026-02-24T18:04:13.008+0000] {processor.py:208} INFO - Processing /home/ubuntu/airflow-venv/lib/python3.12/site-packages/airflow/example_dags/plugins/workday.py took 0.017 seconds
[2026-02-24T18:05:01.909+0000] {processor.py:186} INFO - Started process (PID=44757) to work on /home/ubuntu/airflow-venv/lib/python3.12/site-packages/airflow/example_dags/plugins/workday.py
[2026-02-24T18:05:01.910+0000] {processor.py:914} INFO - Processing file /home/ubuntu/airflow-venv/lib/python3.12/site-packages/airflow/example_dags/plugins/workday.py for tasks to queue
[2026-02-24T18:05:01.912+0000] {logging_mixin.py:190} INFO - [2026-02-24T18:05:01.912+0000] {dagbag.py:588} INFO - Filling up the DagBag from /home/ubuntu/airflow-venv/lib/python3.12/site-packages/airflow/example_dags/plugins/workday.py
[2026-02-24T18:05:01.914+0000] {logging_mixin.py:190} INFO - [2026-02-24T18:05:01.914+0000] {workday.py:41} WARNING - Could not import pandas. Holidays will not be considered.
[2026-02-24T18:05:01.914+0000] {processor.py:927} WARNING - No viable dags retrieved from /home/ubuntu/airflow-venv/lib/python3.12/site-packages/airflow/example_dags/plugins/workday.py
[2026-02-24T18:05:01.923+0000] {processor.py:208} INFO - Processing /home/ubuntu/airflow-venv/lib/python3.12/site-packages/airflow/example_dags/plugins/workday.py took 0.018 seconds
[2026-02-24T18:05:59.685+0000] {processor.py:186} INFO - Started process (PID=44822) to work on /home/ubuntu/airflow-venv/lib/python3.12/site-packages/airflow/example_dags/plugins/workday.py
[2026-02-24T18:05:59.686+0000] {processor.py:914} INFO - Processing file /home/ubuntu/airflow-venv/lib/python3.12/site-packages/airflow/example_dags/plugins/workday.py for tasks to queue
[2026-02-24T18:05:59.688+0000] {logging_mixin.py:190} INFO - [2026-02-24T18:05:59.687+0000] {dagbag.py:588} INFO - Filling up the DagBag from /home/ubuntu/airflow-venv/lib/python3.12/site-packages/airflow/example_dags/plugins/workday.py
[2026-02-24T18:05:59.690+0000] {logging_mixin.py:190} INFO - [2026-02-24T18:05:59.689+0000] {workday.py:41} WARNING - Could not import pandas. Holidays will not be considered.
[2026-02-24T18:05:59.690+0000] {processor.py:927} WARNING - No viable dags retrieved from /home/ubuntu/airflow-venv/lib/python3.12/site-packages/airflow/example_dags/plugins/workday.py
[2026-02-24T18:05:59.698+0000] {processor.py:208} INFO - Processing /home/ubuntu/airflow-venv/lib/python3.12/site-packages/airflow/example_dags/plugins/workday.py took 0.017 seconds
[2026-02-24T18:06:53.338+0000] {processor.py:186} INFO - Started process (PID=44878) to work on /home/ubuntu/airflow-venv/lib/python3.12/site-packages/airflow/example_dags/plugins/workday.py
[2026-02-24T18:06:53.339+0000] {processor.py:914} INFO - Processing file /home/ubuntu/airflow-venv/lib/python3.12/site-packages/airflow/example_dags/plugins/workday.py for tasks to queue
[2026-02-24T18:06:53.341+0000] {logging_mixin.py:190} INFO - [2026-02-24T18:06:53.341+0000] {dagbag.py:588} INFO - Filling up the DagBag from /home/ubuntu/airflow-venv/lib/python3.12/site-packages/airflow/example_dags/plugins/workday.py
[2026-02-24T18:06:53.343+0000] {logging_mixin.py:190} INFO - [2026-02-24T18:06:53.343+0000] {workday.py:41} WARNING - Could not import pandas. Holidays will not be considered.
[2026-02-24T18:06:53.343+0000] {processor.py:927} WARNING - No viable dags retrieved from /home/ubuntu/airflow-venv/lib/python3.12/site-packages/airflow/example_dags/plugins/workday.py
[2026-02-24T18:06:53.351+0000] {processor.py:208} INFO - Processing /home/ubuntu/airflow-venv/lib/python3.12/site-packages/airflow/example_dags/plugins/workday.py took 0.017 seconds
[2026-02-24T18:07:42.447+0000] {processor.py:186} INFO - Started process (PID=44931) to work on /home/ubuntu/airflow-venv/lib/python3.12/site-packages/airflow/example_dags/plugins/workday.py
[2026-02-24T18:07:42.449+0000] {processor.py:914} INFO - Processing file /home/ubuntu/airflow-venv/lib/python3.12/site-packages/airflow/example_dags/plugins/workday.py for tasks to queue
[2026-02-24T18:07:42.450+0000] {logging_mixin.py:190} INFO - [2026-02-24T18:07:42.450+0000] {dagbag.py:588} INFO - Filling up the DagBag from /home/ubuntu/airflow-venv/lib/python3.12/site-packages/airflow/example_dags/plugins/workday.py
[2026-02-24T18:07:42.452+0000] {logging_mixin.py:190} INFO - [2026-02-24T18:07:42.452+0000] {workday.py:41} WARNING - Could not import pandas. Holidays will not be considered.
[2026-02-24T18:07:42.453+0000] {processor.py:927} WARNING - No viable dags retrieved from /home/ubuntu/airflow-venv/lib/python3.12/site-packages/airflow/example_dags/plugins/workday.py
[2026-02-24T18:07:42.461+0000] {processor.py:208} INFO - Processing /home/ubuntu/airflow-venv/lib/python3.12/site-packages/airflow/example_dags/plugins/workday.py took 0.018 seconds
[2026-02-24T18:08:33.921+0000] {processor.py:186} INFO - Started process (PID=44983) to work on /home/ubuntu/airflow-venv/lib/python3.12/site-packages/airflow/example_dags/plugins/workday.py
[2026-02-24T18:08:33.922+0000] {processor.py:914} INFO - Processing file /home/ubuntu/airflow-venv/lib/python3.12/site-packages/airflow/example_dags/plugins/workday.py for tasks to queue
[2026-02-24T18:08:33.924+0000] {logging_mixin.py:190} INFO - [2026-02-24T18:08:33.924+0000] {dagbag.py:588} INFO - Filling up the DagBag from /home/ubuntu/airflow-venv/lib/python3.12/site-packages/airflow/example_dags/plugins/workday.py
[2026-02-24T18:08:33.926+0000] {logging_mixin.py:190} INFO - [2026-02-24T18:08:33.926+0000] {workday.py:41} WARNING - Could not import pandas. Holidays will not be considered.
[2026-02-24T18:08:33.926+0000] {processor.py:927} WARNING - No viable dags retrieved from /home/ubuntu/airflow-venv/lib/python3.12/site-packages/airflow/example_dags/plugins/workday.py
[2026-02-24T18:08:33.935+0000] {processor.py:208} INFO - Processing /home/ubuntu/airflow-venv/lib/python3.12/site-packages/airflow/example_dags/plugins/workday.py took 0.018 seconds
[2026-02-24T18:09:20.343+0000] {processor.py:186} INFO - Started process (PID=45034) to work on /home/ubuntu/airflow-venv/lib/python3.12/site-packages/airflow/example_dags/plugins/workday.py
[2026-02-24T18:09:20.344+0000] {processor.py:914} INFO - Processing file /home/ubuntu/airflow-venv/lib/python3.12/site-packages/airflow/example_dags/plugins/workday.py for tasks to queue
[2026-02-24T18:09:20.346+0000] {logging_mixin.py:190} INFO - [2026-02-24T18:09:20.346+0000] {dagbag.py:588} INFO - Filling up the DagBag from /home/ubuntu/airflow-venv/lib/python3.12/site-packages/airflow/example_dags/plugins/workday.py
[2026-02-24T18:09:20.348+0000] {logging_mixin.py:190} INFO - [2026-02-24T18:09:20.348+0000] {workday.py:41} WARNING - Could not import pandas. Holidays will not be considered.
[2026-02-24T18:09:20.348+0000] {processor.py:927} WARNING - No viable dags retrieved from /home/ubuntu/airflow-venv/lib/python3.12/site-packages/airflow/example_dags/plugins/workday.py
[2026-02-24T18:09:20.356+0000] {processor.py:208} INFO - Processing /home/ubuntu/airflow-venv/lib/python3.12/site-packages/airflow/example_dags/plugins/workday.py took 0.017 seconds
[2026-02-24T18:10:11.757+0000] {processor.py:186} INFO - Started process (PID=45087) to work on /home/ubuntu/airflow-venv/lib/python3.12/site-packages/airflow/example_dags/plugins/workday.py
[2026-02-24T18:10:11.758+0000] {processor.py:914} INFO - Processing file /home/ubuntu/airflow-venv/lib/python3.12/site-packages/airflow/example_dags/plugins/workday.py for tasks to queue
[2026-02-24T18:10:11.760+0000] {logging_mixin.py:190} INFO - [2026-02-24T18:10:11.760+0000] {dagbag.py:588} INFO - Filling up the DagBag from /home/ubuntu/airflow-venv/lib/python3.12/site-packages/airflow/example_dags/plugins/workday.py
[2026-02-24T18:10:11.762+0000] {logging_mixin.py:190} INFO - [2026-02-24T18:10:11.762+0000] {workday.py:41} WARNING - Could not import pandas. Holidays will not be considered.
[2026-02-24T18:10:11.762+0000] {processor.py:927} WARNING - No viable dags retrieved from /home/ubuntu/airflow-venv/lib/python3.12/site-packages/airflow/example_dags/plugins/workday.py
[2026-02-24T18:10:11.770+0000] {processor.py:208} INFO - Processing /home/ubuntu/airflow-venv/lib/python3.12/site-packages/airflow/example_dags/plugins/workday.py took 0.018 seconds
[2026-02-24T18:11:02.443+0000] {processor.py:186} INFO - Started process (PID=45144) to work on /home/ubuntu/airflow-venv/lib/python3.12/site-packages/airflow/example_dags/plugins/workday.py
[2026-02-24T18:11:02.444+0000] {processor.py:914} INFO - Processing file /home/ubuntu/airflow-venv/lib/python3.12/site-packages/airflow/example_dags/plugins/workday.py for tasks to queue
[2026-02-24T18:11:02.446+0000] {logging_mixin.py:190} INFO - [2026-02-24T18:11:02.446+0000] {dagbag.py:588} INFO - Filling up the DagBag from /home/ubuntu/airflow-venv/lib/python3.12/site-packages/airflow/example_dags/plugins/workday.py
[2026-02-24T18:11:02.448+0000] {logging_mixin.py:190} INFO - [2026-02-24T18:11:02.448+0000] {workday.py:41} WARNING - Could not import pandas. Holidays will not be considered.
[2026-02-24T18:11:02.448+0000] {processor.py:927} WARNING - No viable dags retrieved from /home/ubuntu/airflow-venv/lib/python3.12/site-packages/airflow/example_dags/plugins/workday.py
[2026-02-24T18:11:02.457+0000] {processor.py:208} INFO - Processing /home/ubuntu/airflow-venv/lib/python3.12/site-packages/airflow/example_dags/plugins/workday.py took 0.018 seconds
[2026-02-24T18:11:53.924+0000] {processor.py:186} INFO - Started process (PID=45197) to work on /home/ubuntu/airflow-venv/lib/python3.12/site-packages/airflow/example_dags/plugins/workday.py
[2026-02-24T18:11:53.926+0000] {processor.py:914} INFO - Processing file /home/ubuntu/airflow-venv/lib/python3.12/site-packages/airflow/example_dags/plugins/workday.py for tasks to queue
[2026-02-24T18:11:53.928+0000] {logging_mixin.py:190} INFO - [2026-02-24T18:11:53.927+0000] {dagbag.py:588} INFO - Filling up the DagBag from /home/ubuntu/airflow-venv/lib/python3.12/site-packages/airflow/example_dags/plugins/workday.py
[2026-02-24T18:11:53.930+0000] {logging_mixin.py:190} INFO - [2026-02-24T18:11:53.929+0000] {workday.py:41} WARNING - Could not import pandas. Holidays will not be considered.
[2026-02-24T18:11:53.930+0000] {processor.py:927} WARNING - No viable dags retrieved from /home/ubuntu/airflow-venv/lib/python3.12/site-packages/airflow/example_dags/plugins/workday.py
[2026-02-24T18:11:53.938+0000] {processor.py:208} INFO - Processing /home/ubuntu/airflow-venv/lib/python3.12/site-packages/airflow/example_dags/plugins/workday.py took 0.017 seconds
[2026-02-24T18:12:45.034+0000] {processor.py:186} INFO - Started process (PID=45249) to work on /home/ubuntu/airflow-venv/lib/python3.12/site-packages/airflow/example_dags/plugins/workday.py
[2026-02-24T18:12:45.035+0000] {processor.py:914} INFO - Processing file /home/ubuntu/airflow-venv/lib/python3.12/site-packages/airflow/example_dags/plugins/workday.py for tasks to queue
[2026-02-24T18:12:45.036+0000] {logging_mixin.py:190} INFO - [2026-02-24T18:12:45.036+0000] {dagbag.py:588} INFO - Filling up the DagBag from /home/ubuntu/airflow-venv/lib/python3.12/site-packages/airflow/example_dags/plugins/workday.py
[2026-02-24T18:12:45.038+0000] {logging_mixin.py:190} INFO - [2026-02-24T18:12:45.038+0000] {workday.py:41} WARNING - Could not import pandas. Holidays will not be considered.
[2026-02-24T18:12:45.039+0000] {processor.py:927} WARNING - No viable dags retrieved from /home/ubuntu/airflow-venv/lib/python3.12/site-packages/airflow/example_dags/plugins/workday.py
[2026-02-24T18:12:45.047+0000] {processor.py:208} INFO - Processing /home/ubuntu/airflow-venv/lib/python3.12/site-packages/airflow/example_dags/plugins/workday.py took 0.018 seconds
[2026-02-24T18:13:34.256+0000] {processor.py:186} INFO - Started process (PID=45302) to work on /home/ubuntu/airflow-venv/lib/python3.12/site-packages/airflow/example_dags/plugins/workday.py
[2026-02-24T18:13:34.257+0000] {processor.py:914} INFO - Processing file /home/ubuntu/airflow-venv/lib/python3.12/site-packages/airflow/example_dags/plugins/workday.py for tasks to queue
[2026-02-24T18:13:34.259+0000] {logging_mixin.py:190} INFO - [2026-02-24T18:13:34.259+0000] {dagbag.py:588} INFO - Filling up the DagBag from /home/ubuntu/airflow-venv/lib/python3.12/site-packages/airflow/example_dags/plugins/workday.py
[2026-02-24T18:13:34.261+0000] {logging_mixin.py:190} INFO - [2026-02-24T18:13:34.261+0000] {workday.py:41} WARNING - Could not import pandas. Holidays will not be considered.
[2026-02-24T18:13:34.261+0000] {processor.py:927} WARNING - No viable dags retrieved from /home/ubuntu/airflow-venv/lib/python3.12/site-packages/airflow/example_dags/plugins/workday.py
[2026-02-24T18:13:34.269+0000] {processor.py:208} INFO - Processing /home/ubuntu/airflow-venv/lib/python3.12/site-packages/airflow/example_dags/plugins/workday.py took 0.018 seconds
[2026-02-24T18:14:23.574+0000] {processor.py:186} INFO - Started process (PID=45353) to work on /home/ubuntu/airflow-venv/lib/python3.12/site-packages/airflow/example_dags/plugins/workday.py
[2026-02-24T18:14:23.575+0000] {processor.py:914} INFO - Processing file /home/ubuntu/airflow-venv/lib/python3.12/site-packages/airflow/example_dags/plugins/workday.py for tasks to queue
[2026-02-24T18:14:23.577+0000] {logging_mixin.py:190} INFO - [2026-02-24T18:14:23.576+0000] {dagbag.py:588} INFO - Filling up the DagBag from /home/ubuntu/airflow-venv/lib/python3.12/site-packages/airflow/example_dags/plugins/workday.py
[2026-02-24T18:14:23.579+0000] {logging_mixin.py:190} INFO - [2026-02-24T18:14:23.579+0000] {workday.py:41} WARNING - Could not import pandas. Holidays will not be considered.
[2026-02-24T18:14:23.579+0000] {processor.py:927} WARNING - No viable dags retrieved from /home/ubuntu/airflow-venv/lib/python3.12/site-packages/airflow/example_dags/plugins/workday.py
[2026-02-24T18:14:23.587+0000] {processor.py:208} INFO - Processing /home/ubuntu/airflow-venv/lib/python3.12/site-packages/airflow/example_dags/plugins/workday.py took 0.017 seconds
[2026-02-24T18:15:14.408+0000] {processor.py:186} INFO - Started process (PID=45409) to work on /home/ubuntu/airflow-venv/lib/python3.12/site-packages/airflow/example_dags/plugins/workday.py
[2026-02-24T18:15:14.409+0000] {processor.py:914} INFO - Processing file /home/ubuntu/airflow-venv/lib/python3.12/site-packages/airflow/example_dags/plugins/workday.py for tasks to queue
[2026-02-24T18:15:14.411+0000] {logging_mixin.py:190} INFO - [2026-02-24T18:15:14.410+0000] {dagbag.py:588} INFO - Filling up the DagBag from /home/ubuntu/airflow-venv/lib/python3.12/site-packages/airflow/example_dags/plugins/workday.py
[2026-02-24T18:15:14.413+0000] {logging_mixin.py:190} INFO - [2026-02-24T18:15:14.413+0000] {workday.py:41} WARNING - Could not import pandas. Holidays will not be considered.
[2026-02-24T18:15:14.413+0000] {processor.py:927} WARNING - No viable dags retrieved from /home/ubuntu/airflow-venv/lib/python3.12/site-packages/airflow/example_dags/plugins/workday.py
[2026-02-24T18:15:14.421+0000] {processor.py:208} INFO - Processing /home/ubuntu/airflow-venv/lib/python3.12/site-packages/airflow/example_dags/plugins/workday.py took 0.018 seconds
[2026-02-24T18:16:05.080+0000] {processor.py:186} INFO - Started process (PID=45462) to work on /home/ubuntu/airflow-venv/lib/python3.12/site-packages/airflow/example_dags/plugins/workday.py
[2026-02-24T18:16:05.081+0000] {processor.py:914} INFO - Processing file /home/ubuntu/airflow-venv/lib/python3.12/site-packages/airflow/example_dags/plugins/workday.py for tasks to queue
[2026-02-24T18:16:05.082+0000] {logging_mixin.py:190} INFO - [2026-02-24T18:16:05.082+0000] {dagbag.py:588} INFO - Filling up the DagBag from /home/ubuntu/airflow-venv/lib/python3.12/site-packages/airflow/example_dags/plugins/workday.py
[2026-02-24T18:16:05.084+0000] {logging_mixin.py:190} INFO - [2026-02-24T18:16:05.084+0000] {workday.py:41} WARNING - Could not import pandas. Holidays will not be considered.
[2026-02-24T18:16:05.085+0000] {processor.py:927} WARNING - No viable dags retrieved from /home/ubuntu/airflow-venv/lib/python3.12/site-packages/airflow/example_dags/plugins/workday.py
[2026-02-24T18:16:05.093+0000] {processor.py:208} INFO - Processing /home/ubuntu/airflow-venv/lib/python3.12/site-packages/airflow/example_dags/plugins/workday.py took 0.018 seconds
[2026-02-24T18:16:53.456+0000] {processor.py:186} INFO - Started process (PID=45514) to work on /home/ubuntu/airflow-venv/lib/python3.12/site-packages/airflow/example_dags/plugins/workday.py
[2026-02-24T18:16:53.457+0000] {processor.py:914} INFO - Processing file /home/ubuntu/airflow-venv/lib/python3.12/site-packages/airflow/example_dags/plugins/workday.py for tasks to queue
[2026-02-24T18:16:53.459+0000] {logging_mixin.py:190} INFO - [2026-02-24T18:16:53.458+0000] {dagbag.py:588} INFO - Filling up the DagBag from /home/ubuntu/airflow-venv/lib/python3.12/site-packages/airflow/example_dags/plugins/workday.py
[2026-02-24T18:16:53.461+0000] {logging_mixin.py:190} INFO - [2026-02-24T18:16:53.460+0000] {workday.py:41} WARNING - Could not import pandas. Holidays will not be considered.
[2026-02-24T18:16:53.461+0000] {processor.py:927} WARNING - No viable dags retrieved from /home/ubuntu/airflow-venv/lib/python3.12/site-packages/airflow/example_dags/plugins/workday.py
[2026-02-24T18:16:53.469+0000] {processor.py:208} INFO - Processing /home/ubuntu/airflow-venv/lib/python3.12/site-packages/airflow/example_dags/plugins/workday.py took 0.018 seconds
[2026-02-24T18:17:48.523+0000] {processor.py:186} INFO - Started process (PID=45573) to work on /home/ubuntu/airflow-venv/lib/python3.12/site-packages/airflow/example_dags/plugins/workday.py
[2026-02-24T18:17:48.525+0000] {processor.py:914} INFO - Processing file /home/ubuntu/airflow-venv/lib/python3.12/site-packages/airflow/example_dags/plugins/workday.py for tasks to queue
[2026-02-24T18:17:48.526+0000] {logging_mixin.py:190} INFO - [2026-02-24T18:17:48.526+0000] {dagbag.py:588} INFO - Filling up the DagBag from /home/ubuntu/airflow-venv/lib/python3.12/site-packages/airflow/example_dags/plugins/workday.py
[2026-02-24T18:17:48.528+0000] {logging_mixin.py:190} INFO - [2026-02-24T18:17:48.528+0000] {workday.py:41} WARNING - Could not import pandas. Holidays will not be considered.
[2026-02-24T18:17:48.528+0000] {processor.py:927} WARNING - No viable dags retrieved from /home/ubuntu/airflow-venv/lib/python3.12/site-packages/airflow/example_dags/plugins/workday.py
[2026-02-24T18:17:48.537+0000] {processor.py:208} INFO - Processing /home/ubuntu/airflow-venv/lib/python3.12/site-packages/airflow/example_dags/plugins/workday.py took 0.018 seconds
[2026-02-24T18:18:38.179+0000] {processor.py:186} INFO - Started process (PID=45625) to work on /home/ubuntu/airflow-venv/lib/python3.12/site-packages/airflow/example_dags/plugins/workday.py
[2026-02-24T18:18:38.180+0000] {processor.py:914} INFO - Processing file /home/ubuntu/airflow-venv/lib/python3.12/site-packages/airflow/example_dags/plugins/workday.py for tasks to queue
[2026-02-24T18:18:38.182+0000] {logging_mixin.py:190} INFO - [2026-02-24T18:18:38.182+0000] {dagbag.py:588} INFO - Filling up the DagBag from /home/ubuntu/airflow-venv/lib/python3.12/site-packages/airflow/example_dags/plugins/workday.py
[2026-02-24T18:18:38.184+0000] {logging_mixin.py:190} INFO - [2026-02-24T18:18:38.184+0000] {workday.py:41} WARNING - Could not import pandas. Holidays will not be considered.
[2026-02-24T18:18:38.184+0000] {processor.py:927} WARNING - No viable dags retrieved from /home/ubuntu/airflow-venv/lib/python3.12/site-packages/airflow/example_dags/plugins/workday.py
[2026-02-24T18:18:38.192+0000] {processor.py:208} INFO - Processing /home/ubuntu/airflow-venv/lib/python3.12/site-packages/airflow/example_dags/plugins/workday.py took 0.017 seconds
[2026-02-24T18:19:31.105+0000] {processor.py:186} INFO - Started process (PID=45680) to work on /home/ubuntu/airflow-venv/lib/python3.12/site-packages/airflow/example_dags/plugins/workday.py
[2026-02-24T18:19:31.107+0000] {processor.py:914} INFO - Processing file /home/ubuntu/airflow-venv/lib/python3.12/site-packages/airflow/example_dags/plugins/workday.py for tasks to queue
[2026-02-24T18:19:31.108+0000] {logging_mixin.py:190} INFO - [2026-02-24T18:19:31.108+0000] {dagbag.py:588} INFO - Filling up the DagBag from /home/ubuntu/airflow-venv/lib/python3.12/site-packages/airflow/example_dags/plugins/workday.py
[2026-02-24T18:19:31.110+0000] {logging_mixin.py:190} INFO - [2026-02-24T18:19:31.110+0000] {workday.py:41} WARNING - Could not import pandas. Holidays will not be considered.
[2026-02-24T18:19:31.111+0000] {processor.py:927} WARNING - No viable dags retrieved from /home/ubuntu/airflow-venv/lib/python3.12/site-packages/airflow/example_dags/plugins/workday.py
[2026-02-24T18:19:31.119+0000] {processor.py:208} INFO - Processing /home/ubuntu/airflow-venv/lib/python3.12/site-packages/airflow/example_dags/plugins/workday.py took 0.018 seconds
