[2026-02-25T14:08:14.100+0000] {local_task_job_runner.py:123} INFO - ::group::Pre task execution logs
[2026-02-25T14:08:14.107+0000] {taskinstance.py:2612} INFO - Dependencies all met for dep_context=non-requeueable deps ti=<TaskInstance: microservice_spark_dag.check_api_status manual__2026-02-25T13:59:11.868215+00:00 [queued]>
[2026-02-25T14:08:14.110+0000] {taskinstance.py:2612} INFO - Dependencies all met for dep_context=requeueable deps ti=<TaskInstance: microservice_spark_dag.check_api_status manual__2026-02-25T13:59:11.868215+00:00 [queued]>
[2026-02-25T14:08:14.110+0000] {taskinstance.py:2865} INFO - Starting attempt 1 of 1
[2026-02-25T14:08:14.121+0000] {taskinstance.py:2888} INFO - Executing <Task(BranchPythonOperator): check_api_status> on 2026-02-25 13:59:11.868215+00:00
[2026-02-25T14:08:14.124+0000] {standard_task_runner.py:72} INFO - Started process 1672 to run task
[2026-02-25T14:08:14.126+0000] {standard_task_runner.py:104} INFO - Running: ['airflow', 'tasks', 'run', 'microservice_spark_dag', 'check_api_status', 'manual__2026-02-25T13:59:11.868215+00:00', '--job-id', '19', '--raw', '--subdir', 'DAGS_FOLDER/microservice_spark_dag.py', '--cfg-path', '/tmp/tmp_cah8pcc']
[2026-02-25T14:08:14.127+0000] {standard_task_runner.py:105} INFO - Job 19: Subtask check_api_status
[2026-02-25T14:08:14.151+0000] {task_command.py:467} INFO - Running <TaskInstance: microservice_spark_dag.check_api_status manual__2026-02-25T13:59:11.868215+00:00 [running]> on host ip-172-31-43-74.eu-north-1.compute.internal
[2026-02-25T14:08:14.192+0000] {taskinstance.py:3131} INFO - Exporting env vars: AIRFLOW_CTX_DAG_OWNER='airflow' AIRFLOW_CTX_DAG_ID='microservice_spark_dag' AIRFLOW_CTX_TASK_ID='check_api_status' AIRFLOW_CTX_EXECUTION_DATE='2026-02-25T13:59:11.868215+00:00' AIRFLOW_CTX_TRY_NUMBER='1' AIRFLOW_CTX_DAG_RUN_ID='manual__2026-02-25T13:59:11.868215+00:00'
[2026-02-25T14:08:14.193+0000] {logging_mixin.py:190} INFO - Task instance is in running state
[2026-02-25T14:08:14.193+0000] {logging_mixin.py:190} INFO -  Previous state of the Task instance: queued
[2026-02-25T14:08:14.193+0000] {logging_mixin.py:190} INFO - Current task name:check_api_status state:running start_date:2026-02-25 14:08:14.107315+00:00
[2026-02-25T14:08:14.193+0000] {logging_mixin.py:190} INFO - Dag name:microservice_spark_dag and current dag run status:running
[2026-02-25T14:08:14.193+0000] {taskinstance.py:731} INFO - ::endgroup::
[2026-02-25T14:08:14.193+0000] {baseoperator.py:405} WARNING - BranchPythonOperator.execute cannot be called outside TaskInstance!
[2026-02-25T14:08:14.218+0000] {logging_mixin.py:190} INFO - API status code: 404
[2026-02-25T14:08:14.218+0000] {python.py:240} INFO - Done. Returned value was: run_spark_job
[2026-02-25T14:08:14.218+0000] {branch.py:38} INFO - Branch into run_spark_job
[2026-02-25T14:08:14.219+0000] {skipmixin.py:230} INFO - Following branch {'run_spark_job'}
[2026-02-25T14:08:14.222+0000] {skipmixin.py:278} INFO - Skipping tasks [('api_failed', -1)]
[2026-02-25T14:08:14.243+0000] {taskinstance.py:340} INFO - ::group::Post task execution logs
[2026-02-25T14:08:14.244+0000] {taskinstance.py:352} INFO - Marking task as SUCCESS. dag_id=microservice_spark_dag, task_id=check_api_status, run_id=manual__2026-02-25T13:59:11.868215+00:00, execution_date=20260225T135911, start_date=20260225T140814, end_date=20260225T140814
[2026-02-25T14:08:14.252+0000] {logging_mixin.py:190} INFO - Task instance in success state
[2026-02-25T14:08:14.252+0000] {logging_mixin.py:190} INFO -  Previous state of the Task instance: running
[2026-02-25T14:08:14.252+0000] {logging_mixin.py:190} INFO - Dag name:microservice_spark_dag queued_at:2026-02-25 13:59:11.872978+00:00
[2026-02-25T14:08:14.253+0000] {logging_mixin.py:190} INFO - Task hostname:ip-172-31-43-74.eu-north-1.compute.internal operator:BranchPythonOperator
[2026-02-25T14:08:14.259+0000] {local_task_job_runner.py:266} INFO - Task exited with return code 0
[2026-02-25T14:08:14.271+0000] {taskinstance.py:3900} INFO - 1 downstream tasks scheduled from follow-on schedule check
[2026-02-25T14:08:14.277+0000] {local_task_job_runner.py:245} INFO - ::endgroup::
