[2026-02-25T17:29:52.161+0000] {local_task_job_runner.py:123} INFO - ::group::Pre task execution logs
[2026-02-25T17:29:52.167+0000] {taskinstance.py:2612} INFO - Dependencies all met for dep_context=non-requeueable deps ti=<TaskInstance: conditional_spark_trigger.api_failed_task manual__2026-02-25T17:29:47.638512+00:00 [queued]>
[2026-02-25T17:29:52.171+0000] {taskinstance.py:2612} INFO - Dependencies all met for dep_context=requeueable deps ti=<TaskInstance: conditional_spark_trigger.api_failed_task manual__2026-02-25T17:29:47.638512+00:00 [queued]>
[2026-02-25T17:29:52.171+0000] {taskinstance.py:2865} INFO - Starting attempt 1 of 1
[2026-02-25T17:29:52.185+0000] {taskinstance.py:2888} INFO - Executing <Task(PythonOperator): api_failed_task> on 2026-02-25 17:29:47.638512+00:00
[2026-02-25T17:29:52.188+0000] {standard_task_runner.py:72} INFO - Started process 2934 to run task
[2026-02-25T17:29:52.190+0000] {standard_task_runner.py:104} INFO - Running: ['airflow', 'tasks', 'run', 'conditional_spark_trigger', 'api_failed_task', 'manual__2026-02-25T17:29:47.638512+00:00', '--job-id', '38', '--raw', '--subdir', 'DAGS_FOLDER/microservice_spark_dag.py', '--cfg-path', '/tmp/tmphzljkqfh']
[2026-02-25T17:29:52.190+0000] {standard_task_runner.py:105} INFO - Job 38: Subtask api_failed_task
[2026-02-25T17:29:52.212+0000] {task_command.py:467} INFO - Running <TaskInstance: conditional_spark_trigger.api_failed_task manual__2026-02-25T17:29:47.638512+00:00 [running]> on host ip-172-31-43-74.eu-north-1.compute.internal
[2026-02-25T17:29:52.251+0000] {taskinstance.py:3131} INFO - Exporting env vars: AIRFLOW_CTX_DAG_OWNER='airflow' AIRFLOW_CTX_DAG_ID='conditional_spark_trigger' AIRFLOW_CTX_TASK_ID='api_failed_task' AIRFLOW_CTX_EXECUTION_DATE='2026-02-25T17:29:47.638512+00:00' AIRFLOW_CTX_TRY_NUMBER='1' AIRFLOW_CTX_DAG_RUN_ID='manual__2026-02-25T17:29:47.638512+00:00'
[2026-02-25T17:29:52.252+0000] {logging_mixin.py:190} INFO - Task instance is in running state
[2026-02-25T17:29:52.252+0000] {logging_mixin.py:190} INFO -  Previous state of the Task instance: queued
[2026-02-25T17:29:52.252+0000] {logging_mixin.py:190} INFO - Current task name:api_failed_task state:running start_date:2026-02-25 17:29:52.167923+00:00
[2026-02-25T17:29:52.252+0000] {logging_mixin.py:190} INFO - Dag name:conditional_spark_trigger and current dag run status:running
[2026-02-25T17:29:52.252+0000] {taskinstance.py:731} INFO - ::endgroup::
[2026-02-25T17:29:52.252+0000] {logging_mixin.py:190} INFO - API fetching failed
[2026-02-25T17:29:52.252+0000] {python.py:240} INFO - Done. Returned value was: None
[2026-02-25T17:29:52.254+0000] {taskinstance.py:340} INFO - ::group::Post task execution logs
[2026-02-25T17:29:52.255+0000] {taskinstance.py:352} INFO - Marking task as SUCCESS. dag_id=conditional_spark_trigger, task_id=api_failed_task, run_id=manual__2026-02-25T17:29:47.638512+00:00, execution_date=20260225T172947, start_date=20260225T172952, end_date=20260225T172952
[2026-02-25T17:29:52.263+0000] {logging_mixin.py:190} INFO - Task instance in success state
[2026-02-25T17:29:52.264+0000] {logging_mixin.py:190} INFO -  Previous state of the Task instance: running
[2026-02-25T17:29:52.264+0000] {logging_mixin.py:190} INFO - Dag name:conditional_spark_trigger queued_at:2026-02-25 17:29:47.646974+00:00
[2026-02-25T17:29:52.264+0000] {logging_mixin.py:190} INFO - Task hostname:ip-172-31-43-74.eu-north-1.compute.internal operator:PythonOperator
[2026-02-25T17:29:52.282+0000] {local_task_job_runner.py:266} INFO - Task exited with return code 0
[2026-02-25T17:29:52.289+0000] {taskinstance.py:3900} INFO - 0 downstream tasks scheduled from follow-on schedule check
[2026-02-25T17:29:52.290+0000] {local_task_job_runner.py:245} INFO - ::endgroup::
