[2026-02-26T05:22:30.734+0000] {processor.py:186} INFO - Started process (PID=1744) to work on /home/ubuntu/airflow-venv/lib/python3.12/site-packages/airflow/example_dags/subdags/subdag.py
[2026-02-26T05:22:30.734+0000] {processor.py:914} INFO - Processing file /home/ubuntu/airflow-venv/lib/python3.12/site-packages/airflow/example_dags/subdags/subdag.py for tasks to queue
[2026-02-26T05:22:30.736+0000] {logging_mixin.py:190} INFO - [2026-02-26T05:22:30.735+0000] {dagbag.py:588} INFO - Filling up the DagBag from /home/ubuntu/airflow-venv/lib/python3.12/site-packages/airflow/example_dags/subdags/subdag.py
[2026-02-26T05:22:30.737+0000] {processor.py:927} WARNING - No viable dags retrieved from /home/ubuntu/airflow-venv/lib/python3.12/site-packages/airflow/example_dags/subdags/subdag.py
[2026-02-26T05:22:30.743+0000] {processor.py:208} INFO - Processing /home/ubuntu/airflow-venv/lib/python3.12/site-packages/airflow/example_dags/subdags/subdag.py took 0.013 seconds
[2026-02-26T05:23:25.773+0000] {processor.py:186} INFO - Started process (PID=2172) to work on /home/ubuntu/airflow-venv/lib/python3.12/site-packages/airflow/example_dags/subdags/subdag.py
[2026-02-26T05:23:25.774+0000] {processor.py:914} INFO - Processing file /home/ubuntu/airflow-venv/lib/python3.12/site-packages/airflow/example_dags/subdags/subdag.py for tasks to queue
[2026-02-26T05:23:25.775+0000] {logging_mixin.py:190} INFO - [2026-02-26T05:23:25.775+0000] {dagbag.py:588} INFO - Filling up the DagBag from /home/ubuntu/airflow-venv/lib/python3.12/site-packages/airflow/example_dags/subdags/subdag.py
[2026-02-26T05:23:25.776+0000] {processor.py:927} WARNING - No viable dags retrieved from /home/ubuntu/airflow-venv/lib/python3.12/site-packages/airflow/example_dags/subdags/subdag.py
[2026-02-26T05:23:25.783+0000] {processor.py:208} INFO - Processing /home/ubuntu/airflow-venv/lib/python3.12/site-packages/airflow/example_dags/subdags/subdag.py took 0.014 seconds
[2026-02-26T05:24:16.256+0000] {processor.py:186} INFO - Started process (PID=2226) to work on /home/ubuntu/airflow-venv/lib/python3.12/site-packages/airflow/example_dags/subdags/subdag.py
[2026-02-26T05:24:16.257+0000] {processor.py:914} INFO - Processing file /home/ubuntu/airflow-venv/lib/python3.12/site-packages/airflow/example_dags/subdags/subdag.py for tasks to queue
[2026-02-26T05:24:16.259+0000] {logging_mixin.py:190} INFO - [2026-02-26T05:24:16.258+0000] {dagbag.py:588} INFO - Filling up the DagBag from /home/ubuntu/airflow-venv/lib/python3.12/site-packages/airflow/example_dags/subdags/subdag.py
[2026-02-26T05:24:16.260+0000] {processor.py:927} WARNING - No viable dags retrieved from /home/ubuntu/airflow-venv/lib/python3.12/site-packages/airflow/example_dags/subdags/subdag.py
[2026-02-26T05:24:16.266+0000] {processor.py:208} INFO - Processing /home/ubuntu/airflow-venv/lib/python3.12/site-packages/airflow/example_dags/subdags/subdag.py took 0.013 seconds
[2026-02-26T05:25:05.586+0000] {processor.py:186} INFO - Started process (PID=2281) to work on /home/ubuntu/airflow-venv/lib/python3.12/site-packages/airflow/example_dags/subdags/subdag.py
[2026-02-26T05:25:05.588+0000] {processor.py:914} INFO - Processing file /home/ubuntu/airflow-venv/lib/python3.12/site-packages/airflow/example_dags/subdags/subdag.py for tasks to queue
[2026-02-26T05:25:05.589+0000] {logging_mixin.py:190} INFO - [2026-02-26T05:25:05.588+0000] {dagbag.py:588} INFO - Filling up the DagBag from /home/ubuntu/airflow-venv/lib/python3.12/site-packages/airflow/example_dags/subdags/subdag.py
[2026-02-26T05:25:05.590+0000] {processor.py:927} WARNING - No viable dags retrieved from /home/ubuntu/airflow-venv/lib/python3.12/site-packages/airflow/example_dags/subdags/subdag.py
[2026-02-26T05:25:05.597+0000] {processor.py:208} INFO - Processing /home/ubuntu/airflow-venv/lib/python3.12/site-packages/airflow/example_dags/subdags/subdag.py took 0.014 seconds
[2026-02-26T05:25:52.698+0000] {processor.py:186} INFO - Started process (PID=2344) to work on /home/ubuntu/airflow-venv/lib/python3.12/site-packages/airflow/example_dags/subdags/subdag.py
[2026-02-26T05:25:52.699+0000] {processor.py:914} INFO - Processing file /home/ubuntu/airflow-venv/lib/python3.12/site-packages/airflow/example_dags/subdags/subdag.py for tasks to queue
[2026-02-26T05:25:52.701+0000] {logging_mixin.py:190} INFO - [2026-02-26T05:25:52.700+0000] {dagbag.py:588} INFO - Filling up the DagBag from /home/ubuntu/airflow-venv/lib/python3.12/site-packages/airflow/example_dags/subdags/subdag.py
[2026-02-26T05:25:52.702+0000] {processor.py:927} WARNING - No viable dags retrieved from /home/ubuntu/airflow-venv/lib/python3.12/site-packages/airflow/example_dags/subdags/subdag.py
[2026-02-26T05:25:52.708+0000] {processor.py:208} INFO - Processing /home/ubuntu/airflow-venv/lib/python3.12/site-packages/airflow/example_dags/subdags/subdag.py took 0.014 seconds
[2026-02-26T05:26:42.214+0000] {processor.py:186} INFO - Started process (PID=2401) to work on /home/ubuntu/airflow-venv/lib/python3.12/site-packages/airflow/example_dags/subdags/subdag.py
[2026-02-26T05:26:42.215+0000] {processor.py:914} INFO - Processing file /home/ubuntu/airflow-venv/lib/python3.12/site-packages/airflow/example_dags/subdags/subdag.py for tasks to queue
[2026-02-26T05:26:42.216+0000] {logging_mixin.py:190} INFO - [2026-02-26T05:26:42.216+0000] {dagbag.py:588} INFO - Filling up the DagBag from /home/ubuntu/airflow-venv/lib/python3.12/site-packages/airflow/example_dags/subdags/subdag.py
[2026-02-26T05:26:42.217+0000] {processor.py:927} WARNING - No viable dags retrieved from /home/ubuntu/airflow-venv/lib/python3.12/site-packages/airflow/example_dags/subdags/subdag.py
[2026-02-26T05:26:42.224+0000] {processor.py:208} INFO - Processing /home/ubuntu/airflow-venv/lib/python3.12/site-packages/airflow/example_dags/subdags/subdag.py took 0.013 seconds
[2026-02-26T05:27:31.033+0000] {processor.py:186} INFO - Started process (PID=2816) to work on /home/ubuntu/airflow-venv/lib/python3.12/site-packages/airflow/example_dags/subdags/subdag.py
[2026-02-26T05:27:31.034+0000] {processor.py:914} INFO - Processing file /home/ubuntu/airflow-venv/lib/python3.12/site-packages/airflow/example_dags/subdags/subdag.py for tasks to queue
[2026-02-26T05:27:31.036+0000] {logging_mixin.py:190} INFO - [2026-02-26T05:27:31.035+0000] {dagbag.py:588} INFO - Filling up the DagBag from /home/ubuntu/airflow-venv/lib/python3.12/site-packages/airflow/example_dags/subdags/subdag.py
[2026-02-26T05:27:31.037+0000] {processor.py:927} WARNING - No viable dags retrieved from /home/ubuntu/airflow-venv/lib/python3.12/site-packages/airflow/example_dags/subdags/subdag.py
[2026-02-26T05:27:31.043+0000] {processor.py:208} INFO - Processing /home/ubuntu/airflow-venv/lib/python3.12/site-packages/airflow/example_dags/subdags/subdag.py took 0.014 seconds
[2026-02-26T05:28:22.400+0000] {processor.py:186} INFO - Started process (PID=2868) to work on /home/ubuntu/airflow-venv/lib/python3.12/site-packages/airflow/example_dags/subdags/subdag.py
[2026-02-26T05:28:22.401+0000] {processor.py:914} INFO - Processing file /home/ubuntu/airflow-venv/lib/python3.12/site-packages/airflow/example_dags/subdags/subdag.py for tasks to queue
[2026-02-26T05:28:22.403+0000] {logging_mixin.py:190} INFO - [2026-02-26T05:28:22.402+0000] {dagbag.py:588} INFO - Filling up the DagBag from /home/ubuntu/airflow-venv/lib/python3.12/site-packages/airflow/example_dags/subdags/subdag.py
[2026-02-26T05:28:22.404+0000] {processor.py:927} WARNING - No viable dags retrieved from /home/ubuntu/airflow-venv/lib/python3.12/site-packages/airflow/example_dags/subdags/subdag.py
[2026-02-26T05:28:22.411+0000] {processor.py:208} INFO - Processing /home/ubuntu/airflow-venv/lib/python3.12/site-packages/airflow/example_dags/subdags/subdag.py took 0.013 seconds
[2026-02-26T05:29:13.735+0000] {processor.py:186} INFO - Started process (PID=2922) to work on /home/ubuntu/airflow-venv/lib/python3.12/site-packages/airflow/example_dags/subdags/subdag.py
[2026-02-26T05:29:13.736+0000] {processor.py:914} INFO - Processing file /home/ubuntu/airflow-venv/lib/python3.12/site-packages/airflow/example_dags/subdags/subdag.py for tasks to queue
[2026-02-26T05:29:13.738+0000] {logging_mixin.py:190} INFO - [2026-02-26T05:29:13.737+0000] {dagbag.py:588} INFO - Filling up the DagBag from /home/ubuntu/airflow-venv/lib/python3.12/site-packages/airflow/example_dags/subdags/subdag.py
[2026-02-26T05:29:13.739+0000] {processor.py:927} WARNING - No viable dags retrieved from /home/ubuntu/airflow-venv/lib/python3.12/site-packages/airflow/example_dags/subdags/subdag.py
[2026-02-26T05:29:13.745+0000] {processor.py:208} INFO - Processing /home/ubuntu/airflow-venv/lib/python3.12/site-packages/airflow/example_dags/subdags/subdag.py took 0.014 seconds
[2026-02-26T05:30:07.911+0000] {processor.py:186} INFO - Started process (PID=2978) to work on /home/ubuntu/airflow-venv/lib/python3.12/site-packages/airflow/example_dags/subdags/subdag.py
[2026-02-26T05:30:07.912+0000] {processor.py:914} INFO - Processing file /home/ubuntu/airflow-venv/lib/python3.12/site-packages/airflow/example_dags/subdags/subdag.py for tasks to queue
[2026-02-26T05:30:07.914+0000] {logging_mixin.py:190} INFO - [2026-02-26T05:30:07.914+0000] {dagbag.py:588} INFO - Filling up the DagBag from /home/ubuntu/airflow-venv/lib/python3.12/site-packages/airflow/example_dags/subdags/subdag.py
[2026-02-26T05:30:07.915+0000] {processor.py:927} WARNING - No viable dags retrieved from /home/ubuntu/airflow-venv/lib/python3.12/site-packages/airflow/example_dags/subdags/subdag.py
[2026-02-26T05:30:07.922+0000] {processor.py:208} INFO - Processing /home/ubuntu/airflow-venv/lib/python3.12/site-packages/airflow/example_dags/subdags/subdag.py took 0.014 seconds
[2026-02-26T05:30:59.224+0000] {processor.py:186} INFO - Started process (PID=3034) to work on /home/ubuntu/airflow-venv/lib/python3.12/site-packages/airflow/example_dags/subdags/subdag.py
[2026-02-26T05:30:59.225+0000] {processor.py:914} INFO - Processing file /home/ubuntu/airflow-venv/lib/python3.12/site-packages/airflow/example_dags/subdags/subdag.py for tasks to queue
[2026-02-26T05:30:59.226+0000] {logging_mixin.py:190} INFO - [2026-02-26T05:30:59.226+0000] {dagbag.py:588} INFO - Filling up the DagBag from /home/ubuntu/airflow-venv/lib/python3.12/site-packages/airflow/example_dags/subdags/subdag.py
[2026-02-26T05:30:59.227+0000] {processor.py:927} WARNING - No viable dags retrieved from /home/ubuntu/airflow-venv/lib/python3.12/site-packages/airflow/example_dags/subdags/subdag.py
[2026-02-26T05:30:59.234+0000] {processor.py:208} INFO - Processing /home/ubuntu/airflow-venv/lib/python3.12/site-packages/airflow/example_dags/subdags/subdag.py took 0.014 seconds
[2026-02-26T05:31:49.462+0000] {processor.py:186} INFO - Started process (PID=3087) to work on /home/ubuntu/airflow-venv/lib/python3.12/site-packages/airflow/example_dags/subdags/subdag.py
[2026-02-26T05:31:49.463+0000] {processor.py:914} INFO - Processing file /home/ubuntu/airflow-venv/lib/python3.12/site-packages/airflow/example_dags/subdags/subdag.py for tasks to queue
[2026-02-26T05:31:49.465+0000] {logging_mixin.py:190} INFO - [2026-02-26T05:31:49.464+0000] {dagbag.py:588} INFO - Filling up the DagBag from /home/ubuntu/airflow-venv/lib/python3.12/site-packages/airflow/example_dags/subdags/subdag.py
[2026-02-26T05:31:49.466+0000] {processor.py:927} WARNING - No viable dags retrieved from /home/ubuntu/airflow-venv/lib/python3.12/site-packages/airflow/example_dags/subdags/subdag.py
[2026-02-26T05:31:49.473+0000] {processor.py:208} INFO - Processing /home/ubuntu/airflow-venv/lib/python3.12/site-packages/airflow/example_dags/subdags/subdag.py took 0.014 seconds
[2026-02-26T05:32:40.340+0000] {processor.py:186} INFO - Started process (PID=3141) to work on /home/ubuntu/airflow-venv/lib/python3.12/site-packages/airflow/example_dags/subdags/subdag.py
[2026-02-26T05:32:40.341+0000] {processor.py:914} INFO - Processing file /home/ubuntu/airflow-venv/lib/python3.12/site-packages/airflow/example_dags/subdags/subdag.py for tasks to queue
[2026-02-26T05:32:40.343+0000] {logging_mixin.py:190} INFO - [2026-02-26T05:32:40.342+0000] {dagbag.py:588} INFO - Filling up the DagBag from /home/ubuntu/airflow-venv/lib/python3.12/site-packages/airflow/example_dags/subdags/subdag.py
[2026-02-26T05:32:40.344+0000] {processor.py:927} WARNING - No viable dags retrieved from /home/ubuntu/airflow-venv/lib/python3.12/site-packages/airflow/example_dags/subdags/subdag.py
[2026-02-26T05:32:40.350+0000] {processor.py:208} INFO - Processing /home/ubuntu/airflow-venv/lib/python3.12/site-packages/airflow/example_dags/subdags/subdag.py took 0.014 seconds
[2026-02-26T05:33:30.644+0000] {processor.py:186} INFO - Started process (PID=3191) to work on /home/ubuntu/airflow-venv/lib/python3.12/site-packages/airflow/example_dags/subdags/subdag.py
[2026-02-26T05:33:30.645+0000] {processor.py:914} INFO - Processing file /home/ubuntu/airflow-venv/lib/python3.12/site-packages/airflow/example_dags/subdags/subdag.py for tasks to queue
[2026-02-26T05:33:30.647+0000] {logging_mixin.py:190} INFO - [2026-02-26T05:33:30.646+0000] {dagbag.py:588} INFO - Filling up the DagBag from /home/ubuntu/airflow-venv/lib/python3.12/site-packages/airflow/example_dags/subdags/subdag.py
[2026-02-26T05:33:30.648+0000] {processor.py:927} WARNING - No viable dags retrieved from /home/ubuntu/airflow-venv/lib/python3.12/site-packages/airflow/example_dags/subdags/subdag.py
[2026-02-26T05:33:30.654+0000] {processor.py:208} INFO - Processing /home/ubuntu/airflow-venv/lib/python3.12/site-packages/airflow/example_dags/subdags/subdag.py took 0.014 seconds
[2026-02-26T05:34:18.349+0000] {processor.py:186} INFO - Started process (PID=3245) to work on /home/ubuntu/airflow-venv/lib/python3.12/site-packages/airflow/example_dags/subdags/subdag.py
[2026-02-26T05:34:18.350+0000] {processor.py:914} INFO - Processing file /home/ubuntu/airflow-venv/lib/python3.12/site-packages/airflow/example_dags/subdags/subdag.py for tasks to queue
[2026-02-26T05:34:18.351+0000] {logging_mixin.py:190} INFO - [2026-02-26T05:34:18.351+0000] {dagbag.py:588} INFO - Filling up the DagBag from /home/ubuntu/airflow-venv/lib/python3.12/site-packages/airflow/example_dags/subdags/subdag.py
[2026-02-26T05:34:18.352+0000] {processor.py:927} WARNING - No viable dags retrieved from /home/ubuntu/airflow-venv/lib/python3.12/site-packages/airflow/example_dags/subdags/subdag.py
[2026-02-26T05:34:18.359+0000] {processor.py:208} INFO - Processing /home/ubuntu/airflow-venv/lib/python3.12/site-packages/airflow/example_dags/subdags/subdag.py took 0.013 seconds
[2026-02-26T05:35:07.700+0000] {processor.py:186} INFO - Started process (PID=3301) to work on /home/ubuntu/airflow-venv/lib/python3.12/site-packages/airflow/example_dags/subdags/subdag.py
[2026-02-26T05:35:07.702+0000] {processor.py:914} INFO - Processing file /home/ubuntu/airflow-venv/lib/python3.12/site-packages/airflow/example_dags/subdags/subdag.py for tasks to queue
[2026-02-26T05:35:07.703+0000] {logging_mixin.py:190} INFO - [2026-02-26T05:35:07.703+0000] {dagbag.py:588} INFO - Filling up the DagBag from /home/ubuntu/airflow-venv/lib/python3.12/site-packages/airflow/example_dags/subdags/subdag.py
[2026-02-26T05:35:07.704+0000] {processor.py:927} WARNING - No viable dags retrieved from /home/ubuntu/airflow-venv/lib/python3.12/site-packages/airflow/example_dags/subdags/subdag.py
[2026-02-26T05:35:07.711+0000] {processor.py:208} INFO - Processing /home/ubuntu/airflow-venv/lib/python3.12/site-packages/airflow/example_dags/subdags/subdag.py took 0.014 seconds
[2026-02-26T05:36:03.302+0000] {processor.py:186} INFO - Started process (PID=3364) to work on /home/ubuntu/airflow-venv/lib/python3.12/site-packages/airflow/example_dags/subdags/subdag.py
[2026-02-26T05:36:03.304+0000] {processor.py:914} INFO - Processing file /home/ubuntu/airflow-venv/lib/python3.12/site-packages/airflow/example_dags/subdags/subdag.py for tasks to queue
[2026-02-26T05:36:03.305+0000] {logging_mixin.py:190} INFO - [2026-02-26T05:36:03.305+0000] {dagbag.py:588} INFO - Filling up the DagBag from /home/ubuntu/airflow-venv/lib/python3.12/site-packages/airflow/example_dags/subdags/subdag.py
[2026-02-26T05:36:03.306+0000] {processor.py:927} WARNING - No viable dags retrieved from /home/ubuntu/airflow-venv/lib/python3.12/site-packages/airflow/example_dags/subdags/subdag.py
[2026-02-26T05:36:03.313+0000] {processor.py:208} INFO - Processing /home/ubuntu/airflow-venv/lib/python3.12/site-packages/airflow/example_dags/subdags/subdag.py took 0.014 seconds
[2026-02-26T05:36:53.489+0000] {processor.py:186} INFO - Started process (PID=3418) to work on /home/ubuntu/airflow-venv/lib/python3.12/site-packages/airflow/example_dags/subdags/subdag.py
[2026-02-26T05:36:53.490+0000] {processor.py:914} INFO - Processing file /home/ubuntu/airflow-venv/lib/python3.12/site-packages/airflow/example_dags/subdags/subdag.py for tasks to queue
[2026-02-26T05:36:53.491+0000] {logging_mixin.py:190} INFO - [2026-02-26T05:36:53.491+0000] {dagbag.py:588} INFO - Filling up the DagBag from /home/ubuntu/airflow-venv/lib/python3.12/site-packages/airflow/example_dags/subdags/subdag.py
[2026-02-26T05:36:53.493+0000] {processor.py:927} WARNING - No viable dags retrieved from /home/ubuntu/airflow-venv/lib/python3.12/site-packages/airflow/example_dags/subdags/subdag.py
[2026-02-26T05:36:53.499+0000] {processor.py:208} INFO - Processing /home/ubuntu/airflow-venv/lib/python3.12/site-packages/airflow/example_dags/subdags/subdag.py took 0.014 seconds
[2026-02-26T05:37:40.565+0000] {processor.py:186} INFO - Started process (PID=3468) to work on /home/ubuntu/airflow-venv/lib/python3.12/site-packages/airflow/example_dags/subdags/subdag.py
[2026-02-26T05:37:40.566+0000] {processor.py:914} INFO - Processing file /home/ubuntu/airflow-venv/lib/python3.12/site-packages/airflow/example_dags/subdags/subdag.py for tasks to queue
[2026-02-26T05:37:40.567+0000] {logging_mixin.py:190} INFO - [2026-02-26T05:37:40.567+0000] {dagbag.py:588} INFO - Filling up the DagBag from /home/ubuntu/airflow-venv/lib/python3.12/site-packages/airflow/example_dags/subdags/subdag.py
[2026-02-26T05:37:40.568+0000] {processor.py:927} WARNING - No viable dags retrieved from /home/ubuntu/airflow-venv/lib/python3.12/site-packages/airflow/example_dags/subdags/subdag.py
[2026-02-26T05:37:40.575+0000] {processor.py:208} INFO - Processing /home/ubuntu/airflow-venv/lib/python3.12/site-packages/airflow/example_dags/subdags/subdag.py took 0.014 seconds
[2026-02-26T05:38:32.342+0000] {processor.py:186} INFO - Started process (PID=3522) to work on /home/ubuntu/airflow-venv/lib/python3.12/site-packages/airflow/example_dags/subdags/subdag.py
[2026-02-26T05:38:32.343+0000] {processor.py:914} INFO - Processing file /home/ubuntu/airflow-venv/lib/python3.12/site-packages/airflow/example_dags/subdags/subdag.py for tasks to queue
[2026-02-26T05:38:32.344+0000] {logging_mixin.py:190} INFO - [2026-02-26T05:38:32.344+0000] {dagbag.py:588} INFO - Filling up the DagBag from /home/ubuntu/airflow-venv/lib/python3.12/site-packages/airflow/example_dags/subdags/subdag.py
[2026-02-26T05:38:32.345+0000] {processor.py:927} WARNING - No viable dags retrieved from /home/ubuntu/airflow-venv/lib/python3.12/site-packages/airflow/example_dags/subdags/subdag.py
[2026-02-26T05:38:32.353+0000] {processor.py:208} INFO - Processing /home/ubuntu/airflow-venv/lib/python3.12/site-packages/airflow/example_dags/subdags/subdag.py took 0.015 seconds
[2026-02-26T05:39:23.603+0000] {processor.py:186} INFO - Started process (PID=3574) to work on /home/ubuntu/airflow-venv/lib/python3.12/site-packages/airflow/example_dags/subdags/subdag.py
[2026-02-26T05:39:23.604+0000] {processor.py:914} INFO - Processing file /home/ubuntu/airflow-venv/lib/python3.12/site-packages/airflow/example_dags/subdags/subdag.py for tasks to queue
[2026-02-26T05:39:23.605+0000] {logging_mixin.py:190} INFO - [2026-02-26T05:39:23.605+0000] {dagbag.py:588} INFO - Filling up the DagBag from /home/ubuntu/airflow-venv/lib/python3.12/site-packages/airflow/example_dags/subdags/subdag.py
[2026-02-26T05:39:23.606+0000] {processor.py:927} WARNING - No viable dags retrieved from /home/ubuntu/airflow-venv/lib/python3.12/site-packages/airflow/example_dags/subdags/subdag.py
[2026-02-26T05:39:23.613+0000] {processor.py:208} INFO - Processing /home/ubuntu/airflow-venv/lib/python3.12/site-packages/airflow/example_dags/subdags/subdag.py took 0.014 seconds
[2026-02-26T05:40:11.249+0000] {processor.py:186} INFO - Started process (PID=3626) to work on /home/ubuntu/airflow-venv/lib/python3.12/site-packages/airflow/example_dags/subdags/subdag.py
[2026-02-26T05:40:11.250+0000] {processor.py:914} INFO - Processing file /home/ubuntu/airflow-venv/lib/python3.12/site-packages/airflow/example_dags/subdags/subdag.py for tasks to queue
[2026-02-26T05:40:11.252+0000] {logging_mixin.py:190} INFO - [2026-02-26T05:40:11.252+0000] {dagbag.py:588} INFO - Filling up the DagBag from /home/ubuntu/airflow-venv/lib/python3.12/site-packages/airflow/example_dags/subdags/subdag.py
[2026-02-26T05:40:11.253+0000] {processor.py:927} WARNING - No viable dags retrieved from /home/ubuntu/airflow-venv/lib/python3.12/site-packages/airflow/example_dags/subdags/subdag.py
[2026-02-26T05:40:11.260+0000] {processor.py:208} INFO - Processing /home/ubuntu/airflow-venv/lib/python3.12/site-packages/airflow/example_dags/subdags/subdag.py took 0.014 seconds
[2026-02-26T05:40:58.881+0000] {processor.py:186} INFO - Started process (PID=3682) to work on /home/ubuntu/airflow-venv/lib/python3.12/site-packages/airflow/example_dags/subdags/subdag.py
[2026-02-26T05:40:58.882+0000] {processor.py:914} INFO - Processing file /home/ubuntu/airflow-venv/lib/python3.12/site-packages/airflow/example_dags/subdags/subdag.py for tasks to queue
[2026-02-26T05:40:58.884+0000] {logging_mixin.py:190} INFO - [2026-02-26T05:40:58.884+0000] {dagbag.py:588} INFO - Filling up the DagBag from /home/ubuntu/airflow-venv/lib/python3.12/site-packages/airflow/example_dags/subdags/subdag.py
[2026-02-26T05:40:58.885+0000] {processor.py:927} WARNING - No viable dags retrieved from /home/ubuntu/airflow-venv/lib/python3.12/site-packages/airflow/example_dags/subdags/subdag.py
[2026-02-26T05:40:58.892+0000] {processor.py:208} INFO - Processing /home/ubuntu/airflow-venv/lib/python3.12/site-packages/airflow/example_dags/subdags/subdag.py took 0.014 seconds
[2026-02-26T05:41:48.469+0000] {processor.py:186} INFO - Started process (PID=3734) to work on /home/ubuntu/airflow-venv/lib/python3.12/site-packages/airflow/example_dags/subdags/subdag.py
[2026-02-26T05:41:48.470+0000] {processor.py:914} INFO - Processing file /home/ubuntu/airflow-venv/lib/python3.12/site-packages/airflow/example_dags/subdags/subdag.py for tasks to queue
[2026-02-26T05:41:48.471+0000] {logging_mixin.py:190} INFO - [2026-02-26T05:41:48.471+0000] {dagbag.py:588} INFO - Filling up the DagBag from /home/ubuntu/airflow-venv/lib/python3.12/site-packages/airflow/example_dags/subdags/subdag.py
[2026-02-26T05:41:48.472+0000] {processor.py:927} WARNING - No viable dags retrieved from /home/ubuntu/airflow-venv/lib/python3.12/site-packages/airflow/example_dags/subdags/subdag.py
[2026-02-26T05:41:48.479+0000] {processor.py:208} INFO - Processing /home/ubuntu/airflow-venv/lib/python3.12/site-packages/airflow/example_dags/subdags/subdag.py took 0.014 seconds
[2026-02-26T05:42:38.675+0000] {processor.py:186} INFO - Started process (PID=3785) to work on /home/ubuntu/airflow-venv/lib/python3.12/site-packages/airflow/example_dags/subdags/subdag.py
[2026-02-26T05:42:38.677+0000] {processor.py:914} INFO - Processing file /home/ubuntu/airflow-venv/lib/python3.12/site-packages/airflow/example_dags/subdags/subdag.py for tasks to queue
[2026-02-26T05:42:38.678+0000] {logging_mixin.py:190} INFO - [2026-02-26T05:42:38.678+0000] {dagbag.py:588} INFO - Filling up the DagBag from /home/ubuntu/airflow-venv/lib/python3.12/site-packages/airflow/example_dags/subdags/subdag.py
[2026-02-26T05:42:38.679+0000] {processor.py:927} WARNING - No viable dags retrieved from /home/ubuntu/airflow-venv/lib/python3.12/site-packages/airflow/example_dags/subdags/subdag.py
[2026-02-26T05:42:38.686+0000] {processor.py:208} INFO - Processing /home/ubuntu/airflow-venv/lib/python3.12/site-packages/airflow/example_dags/subdags/subdag.py took 0.014 seconds
[2026-02-26T05:43:26.876+0000] {processor.py:186} INFO - Started process (PID=3836) to work on /home/ubuntu/airflow-venv/lib/python3.12/site-packages/airflow/example_dags/subdags/subdag.py
[2026-02-26T05:43:26.877+0000] {processor.py:914} INFO - Processing file /home/ubuntu/airflow-venv/lib/python3.12/site-packages/airflow/example_dags/subdags/subdag.py for tasks to queue
[2026-02-26T05:43:26.878+0000] {logging_mixin.py:190} INFO - [2026-02-26T05:43:26.878+0000] {dagbag.py:588} INFO - Filling up the DagBag from /home/ubuntu/airflow-venv/lib/python3.12/site-packages/airflow/example_dags/subdags/subdag.py
[2026-02-26T05:43:26.879+0000] {processor.py:927} WARNING - No viable dags retrieved from /home/ubuntu/airflow-venv/lib/python3.12/site-packages/airflow/example_dags/subdags/subdag.py
[2026-02-26T05:43:26.886+0000] {processor.py:208} INFO - Processing /home/ubuntu/airflow-venv/lib/python3.12/site-packages/airflow/example_dags/subdags/subdag.py took 0.014 seconds
[2026-02-26T05:44:17.523+0000] {processor.py:186} INFO - Started process (PID=3889) to work on /home/ubuntu/airflow-venv/lib/python3.12/site-packages/airflow/example_dags/subdags/subdag.py
[2026-02-26T05:44:17.524+0000] {processor.py:914} INFO - Processing file /home/ubuntu/airflow-venv/lib/python3.12/site-packages/airflow/example_dags/subdags/subdag.py for tasks to queue
[2026-02-26T05:44:17.525+0000] {logging_mixin.py:190} INFO - [2026-02-26T05:44:17.525+0000] {dagbag.py:588} INFO - Filling up the DagBag from /home/ubuntu/airflow-venv/lib/python3.12/site-packages/airflow/example_dags/subdags/subdag.py
[2026-02-26T05:44:17.526+0000] {processor.py:927} WARNING - No viable dags retrieved from /home/ubuntu/airflow-venv/lib/python3.12/site-packages/airflow/example_dags/subdags/subdag.py
[2026-02-26T05:44:17.533+0000] {processor.py:208} INFO - Processing /home/ubuntu/airflow-venv/lib/python3.12/site-packages/airflow/example_dags/subdags/subdag.py took 0.014 seconds
[2026-02-26T05:45:05.910+0000] {processor.py:186} INFO - Started process (PID=3944) to work on /home/ubuntu/airflow-venv/lib/python3.12/site-packages/airflow/example_dags/subdags/subdag.py
[2026-02-26T05:45:05.911+0000] {processor.py:914} INFO - Processing file /home/ubuntu/airflow-venv/lib/python3.12/site-packages/airflow/example_dags/subdags/subdag.py for tasks to queue
[2026-02-26T05:45:05.912+0000] {logging_mixin.py:190} INFO - [2026-02-26T05:45:05.912+0000] {dagbag.py:588} INFO - Filling up the DagBag from /home/ubuntu/airflow-venv/lib/python3.12/site-packages/airflow/example_dags/subdags/subdag.py
[2026-02-26T05:45:05.913+0000] {processor.py:927} WARNING - No viable dags retrieved from /home/ubuntu/airflow-venv/lib/python3.12/site-packages/airflow/example_dags/subdags/subdag.py
[2026-02-26T05:45:05.920+0000] {processor.py:208} INFO - Processing /home/ubuntu/airflow-venv/lib/python3.12/site-packages/airflow/example_dags/subdags/subdag.py took 0.014 seconds
[2026-02-26T05:58:48.115+0000] {processor.py:186} INFO - Started process (PID=2076) to work on /home/ubuntu/airflow-venv/lib/python3.12/site-packages/airflow/example_dags/subdags/subdag.py
[2026-02-26T05:58:48.117+0000] {processor.py:914} INFO - Processing file /home/ubuntu/airflow-venv/lib/python3.12/site-packages/airflow/example_dags/subdags/subdag.py for tasks to queue
[2026-02-26T05:58:48.118+0000] {logging_mixin.py:190} INFO - [2026-02-26T05:58:48.118+0000] {dagbag.py:588} INFO - Filling up the DagBag from /home/ubuntu/airflow-venv/lib/python3.12/site-packages/airflow/example_dags/subdags/subdag.py
[2026-02-26T05:58:48.119+0000] {processor.py:927} WARNING - No viable dags retrieved from /home/ubuntu/airflow-venv/lib/python3.12/site-packages/airflow/example_dags/subdags/subdag.py
[2026-02-26T05:58:48.126+0000] {processor.py:208} INFO - Processing /home/ubuntu/airflow-venv/lib/python3.12/site-packages/airflow/example_dags/subdags/subdag.py took 0.015 seconds
[2026-02-26T06:03:20.563+0000] {processor.py:186} INFO - Started process (PID=2242) to work on /home/ubuntu/airflow-venv/lib/python3.12/site-packages/airflow/example_dags/subdags/subdag.py
[2026-02-26T06:03:20.564+0000] {processor.py:914} INFO - Processing file /home/ubuntu/airflow-venv/lib/python3.12/site-packages/airflow/example_dags/subdags/subdag.py for tasks to queue
[2026-02-26T06:03:20.565+0000] {logging_mixin.py:190} INFO - [2026-02-26T06:03:20.565+0000] {dagbag.py:588} INFO - Filling up the DagBag from /home/ubuntu/airflow-venv/lib/python3.12/site-packages/airflow/example_dags/subdags/subdag.py
[2026-02-26T06:03:20.567+0000] {processor.py:927} WARNING - No viable dags retrieved from /home/ubuntu/airflow-venv/lib/python3.12/site-packages/airflow/example_dags/subdags/subdag.py
[2026-02-26T06:03:20.575+0000] {processor.py:208} INFO - Processing /home/ubuntu/airflow-venv/lib/python3.12/site-packages/airflow/example_dags/subdags/subdag.py took 0.016 seconds
[2026-02-26T06:13:27.945+0000] {processor.py:186} INFO - Started process (PID=2681) to work on /home/ubuntu/airflow-venv/lib/python3.12/site-packages/airflow/example_dags/subdags/subdag.py
[2026-02-26T06:13:27.946+0000] {processor.py:914} INFO - Processing file /home/ubuntu/airflow-venv/lib/python3.12/site-packages/airflow/example_dags/subdags/subdag.py for tasks to queue
[2026-02-26T06:13:27.947+0000] {logging_mixin.py:190} INFO - [2026-02-26T06:13:27.947+0000] {dagbag.py:588} INFO - Filling up the DagBag from /home/ubuntu/airflow-venv/lib/python3.12/site-packages/airflow/example_dags/subdags/subdag.py
[2026-02-26T06:13:27.949+0000] {processor.py:927} WARNING - No viable dags retrieved from /home/ubuntu/airflow-venv/lib/python3.12/site-packages/airflow/example_dags/subdags/subdag.py
[2026-02-26T06:13:27.955+0000] {processor.py:208} INFO - Processing /home/ubuntu/airflow-venv/lib/python3.12/site-packages/airflow/example_dags/subdags/subdag.py took 0.013 seconds
[2026-02-26T06:14:32.048+0000] {processor.py:186} INFO - Started process (PID=2748) to work on /home/ubuntu/airflow-venv/lib/python3.12/site-packages/airflow/example_dags/subdags/subdag.py
[2026-02-26T06:14:32.050+0000] {processor.py:914} INFO - Processing file /home/ubuntu/airflow-venv/lib/python3.12/site-packages/airflow/example_dags/subdags/subdag.py for tasks to queue
[2026-02-26T06:14:32.051+0000] {logging_mixin.py:190} INFO - [2026-02-26T06:14:32.051+0000] {dagbag.py:588} INFO - Filling up the DagBag from /home/ubuntu/airflow-venv/lib/python3.12/site-packages/airflow/example_dags/subdags/subdag.py
[2026-02-26T06:14:32.053+0000] {processor.py:927} WARNING - No viable dags retrieved from /home/ubuntu/airflow-venv/lib/python3.12/site-packages/airflow/example_dags/subdags/subdag.py
[2026-02-26T06:14:32.060+0000] {processor.py:208} INFO - Processing /home/ubuntu/airflow-venv/lib/python3.12/site-packages/airflow/example_dags/subdags/subdag.py took 0.015 seconds
[2026-02-26T06:15:29.872+0000] {processor.py:186} INFO - Started process (PID=2814) to work on /home/ubuntu/airflow-venv/lib/python3.12/site-packages/airflow/example_dags/subdags/subdag.py
[2026-02-26T06:15:29.873+0000] {processor.py:914} INFO - Processing file /home/ubuntu/airflow-venv/lib/python3.12/site-packages/airflow/example_dags/subdags/subdag.py for tasks to queue
[2026-02-26T06:15:29.875+0000] {logging_mixin.py:190} INFO - [2026-02-26T06:15:29.874+0000] {dagbag.py:588} INFO - Filling up the DagBag from /home/ubuntu/airflow-venv/lib/python3.12/site-packages/airflow/example_dags/subdags/subdag.py
[2026-02-26T06:15:29.876+0000] {processor.py:927} WARNING - No viable dags retrieved from /home/ubuntu/airflow-venv/lib/python3.12/site-packages/airflow/example_dags/subdags/subdag.py
[2026-02-26T06:15:29.883+0000] {processor.py:208} INFO - Processing /home/ubuntu/airflow-venv/lib/python3.12/site-packages/airflow/example_dags/subdags/subdag.py took 0.015 seconds
[2026-02-26T06:16:24.303+0000] {processor.py:186} INFO - Started process (PID=2871) to work on /home/ubuntu/airflow-venv/lib/python3.12/site-packages/airflow/example_dags/subdags/subdag.py
[2026-02-26T06:16:24.304+0000] {processor.py:914} INFO - Processing file /home/ubuntu/airflow-venv/lib/python3.12/site-packages/airflow/example_dags/subdags/subdag.py for tasks to queue
[2026-02-26T06:16:24.305+0000] {logging_mixin.py:190} INFO - [2026-02-26T06:16:24.305+0000] {dagbag.py:588} INFO - Filling up the DagBag from /home/ubuntu/airflow-venv/lib/python3.12/site-packages/airflow/example_dags/subdags/subdag.py
[2026-02-26T06:16:24.307+0000] {processor.py:927} WARNING - No viable dags retrieved from /home/ubuntu/airflow-venv/lib/python3.12/site-packages/airflow/example_dags/subdags/subdag.py
[2026-02-26T06:16:24.314+0000] {processor.py:208} INFO - Processing /home/ubuntu/airflow-venv/lib/python3.12/site-packages/airflow/example_dags/subdags/subdag.py took 0.015 seconds
[2026-02-26T06:17:13.364+0000] {processor.py:186} INFO - Started process (PID=2926) to work on /home/ubuntu/airflow-venv/lib/python3.12/site-packages/airflow/example_dags/subdags/subdag.py
[2026-02-26T06:17:13.365+0000] {processor.py:914} INFO - Processing file /home/ubuntu/airflow-venv/lib/python3.12/site-packages/airflow/example_dags/subdags/subdag.py for tasks to queue
[2026-02-26T06:17:13.367+0000] {logging_mixin.py:190} INFO - [2026-02-26T06:17:13.366+0000] {dagbag.py:588} INFO - Filling up the DagBag from /home/ubuntu/airflow-venv/lib/python3.12/site-packages/airflow/example_dags/subdags/subdag.py
[2026-02-26T06:17:13.368+0000] {processor.py:927} WARNING - No viable dags retrieved from /home/ubuntu/airflow-venv/lib/python3.12/site-packages/airflow/example_dags/subdags/subdag.py
[2026-02-26T06:17:13.375+0000] {processor.py:208} INFO - Processing /home/ubuntu/airflow-venv/lib/python3.12/site-packages/airflow/example_dags/subdags/subdag.py took 0.014 seconds
[2026-02-26T06:18:01.580+0000] {processor.py:186} INFO - Started process (PID=2977) to work on /home/ubuntu/airflow-venv/lib/python3.12/site-packages/airflow/example_dags/subdags/subdag.py
[2026-02-26T06:18:01.582+0000] {processor.py:914} INFO - Processing file /home/ubuntu/airflow-venv/lib/python3.12/site-packages/airflow/example_dags/subdags/subdag.py for tasks to queue
[2026-02-26T06:18:01.583+0000] {logging_mixin.py:190} INFO - [2026-02-26T06:18:01.583+0000] {dagbag.py:588} INFO - Filling up the DagBag from /home/ubuntu/airflow-venv/lib/python3.12/site-packages/airflow/example_dags/subdags/subdag.py
[2026-02-26T06:18:01.584+0000] {processor.py:927} WARNING - No viable dags retrieved from /home/ubuntu/airflow-venv/lib/python3.12/site-packages/airflow/example_dags/subdags/subdag.py
[2026-02-26T06:18:01.591+0000] {processor.py:208} INFO - Processing /home/ubuntu/airflow-venv/lib/python3.12/site-packages/airflow/example_dags/subdags/subdag.py took 0.014 seconds
[2026-02-26T06:18:57.538+0000] {processor.py:186} INFO - Started process (PID=3032) to work on /home/ubuntu/airflow-venv/lib/python3.12/site-packages/airflow/example_dags/subdags/subdag.py
[2026-02-26T06:18:57.540+0000] {processor.py:914} INFO - Processing file /home/ubuntu/airflow-venv/lib/python3.12/site-packages/airflow/example_dags/subdags/subdag.py for tasks to queue
[2026-02-26T06:18:57.541+0000] {logging_mixin.py:190} INFO - [2026-02-26T06:18:57.541+0000] {dagbag.py:588} INFO - Filling up the DagBag from /home/ubuntu/airflow-venv/lib/python3.12/site-packages/airflow/example_dags/subdags/subdag.py
[2026-02-26T06:18:57.542+0000] {processor.py:927} WARNING - No viable dags retrieved from /home/ubuntu/airflow-venv/lib/python3.12/site-packages/airflow/example_dags/subdags/subdag.py
[2026-02-26T06:18:57.549+0000] {processor.py:208} INFO - Processing /home/ubuntu/airflow-venv/lib/python3.12/site-packages/airflow/example_dags/subdags/subdag.py took 0.014 seconds
[2026-02-26T06:19:54.207+0000] {processor.py:186} INFO - Started process (PID=3089) to work on /home/ubuntu/airflow-venv/lib/python3.12/site-packages/airflow/example_dags/subdags/subdag.py
[2026-02-26T06:19:54.208+0000] {processor.py:914} INFO - Processing file /home/ubuntu/airflow-venv/lib/python3.12/site-packages/airflow/example_dags/subdags/subdag.py for tasks to queue
[2026-02-26T06:19:54.209+0000] {logging_mixin.py:190} INFO - [2026-02-26T06:19:54.209+0000] {dagbag.py:588} INFO - Filling up the DagBag from /home/ubuntu/airflow-venv/lib/python3.12/site-packages/airflow/example_dags/subdags/subdag.py
[2026-02-26T06:19:54.211+0000] {processor.py:927} WARNING - No viable dags retrieved from /home/ubuntu/airflow-venv/lib/python3.12/site-packages/airflow/example_dags/subdags/subdag.py
[2026-02-26T06:19:54.218+0000] {processor.py:208} INFO - Processing /home/ubuntu/airflow-venv/lib/python3.12/site-packages/airflow/example_dags/subdags/subdag.py took 0.015 seconds
[2026-02-26T06:20:45.990+0000] {processor.py:186} INFO - Started process (PID=3146) to work on /home/ubuntu/airflow-venv/lib/python3.12/site-packages/airflow/example_dags/subdags/subdag.py
[2026-02-26T06:20:45.991+0000] {processor.py:914} INFO - Processing file /home/ubuntu/airflow-venv/lib/python3.12/site-packages/airflow/example_dags/subdags/subdag.py for tasks to queue
[2026-02-26T06:20:45.993+0000] {logging_mixin.py:190} INFO - [2026-02-26T06:20:45.992+0000] {dagbag.py:588} INFO - Filling up the DagBag from /home/ubuntu/airflow-venv/lib/python3.12/site-packages/airflow/example_dags/subdags/subdag.py
[2026-02-26T06:20:45.994+0000] {processor.py:927} WARNING - No viable dags retrieved from /home/ubuntu/airflow-venv/lib/python3.12/site-packages/airflow/example_dags/subdags/subdag.py
[2026-02-26T06:20:46.001+0000] {processor.py:208} INFO - Processing /home/ubuntu/airflow-venv/lib/python3.12/site-packages/airflow/example_dags/subdags/subdag.py took 0.014 seconds
[2026-02-26T06:21:31.599+0000] {processor.py:186} INFO - Started process (PID=3196) to work on /home/ubuntu/airflow-venv/lib/python3.12/site-packages/airflow/example_dags/subdags/subdag.py
[2026-02-26T06:21:31.601+0000] {processor.py:914} INFO - Processing file /home/ubuntu/airflow-venv/lib/python3.12/site-packages/airflow/example_dags/subdags/subdag.py for tasks to queue
[2026-02-26T06:21:31.602+0000] {logging_mixin.py:190} INFO - [2026-02-26T06:21:31.602+0000] {dagbag.py:588} INFO - Filling up the DagBag from /home/ubuntu/airflow-venv/lib/python3.12/site-packages/airflow/example_dags/subdags/subdag.py
[2026-02-26T06:21:31.603+0000] {processor.py:927} WARNING - No viable dags retrieved from /home/ubuntu/airflow-venv/lib/python3.12/site-packages/airflow/example_dags/subdags/subdag.py
[2026-02-26T06:21:31.610+0000] {processor.py:208} INFO - Processing /home/ubuntu/airflow-venv/lib/python3.12/site-packages/airflow/example_dags/subdags/subdag.py took 0.015 seconds
[2026-02-26T06:22:20.310+0000] {processor.py:186} INFO - Started process (PID=3247) to work on /home/ubuntu/airflow-venv/lib/python3.12/site-packages/airflow/example_dags/subdags/subdag.py
[2026-02-26T06:22:20.311+0000] {processor.py:914} INFO - Processing file /home/ubuntu/airflow-venv/lib/python3.12/site-packages/airflow/example_dags/subdags/subdag.py for tasks to queue
[2026-02-26T06:22:20.313+0000] {logging_mixin.py:190} INFO - [2026-02-26T06:22:20.313+0000] {dagbag.py:588} INFO - Filling up the DagBag from /home/ubuntu/airflow-venv/lib/python3.12/site-packages/airflow/example_dags/subdags/subdag.py
[2026-02-26T06:22:20.314+0000] {processor.py:927} WARNING - No viable dags retrieved from /home/ubuntu/airflow-venv/lib/python3.12/site-packages/airflow/example_dags/subdags/subdag.py
[2026-02-26T06:22:20.321+0000] {processor.py:208} INFO - Processing /home/ubuntu/airflow-venv/lib/python3.12/site-packages/airflow/example_dags/subdags/subdag.py took 0.015 seconds
[2026-02-26T06:23:11.957+0000] {processor.py:186} INFO - Started process (PID=3301) to work on /home/ubuntu/airflow-venv/lib/python3.12/site-packages/airflow/example_dags/subdags/subdag.py
[2026-02-26T06:23:11.959+0000] {processor.py:914} INFO - Processing file /home/ubuntu/airflow-venv/lib/python3.12/site-packages/airflow/example_dags/subdags/subdag.py for tasks to queue
[2026-02-26T06:23:11.960+0000] {logging_mixin.py:190} INFO - [2026-02-26T06:23:11.960+0000] {dagbag.py:588} INFO - Filling up the DagBag from /home/ubuntu/airflow-venv/lib/python3.12/site-packages/airflow/example_dags/subdags/subdag.py
[2026-02-26T06:23:11.962+0000] {processor.py:927} WARNING - No viable dags retrieved from /home/ubuntu/airflow-venv/lib/python3.12/site-packages/airflow/example_dags/subdags/subdag.py
[2026-02-26T06:23:11.969+0000] {processor.py:208} INFO - Processing /home/ubuntu/airflow-venv/lib/python3.12/site-packages/airflow/example_dags/subdags/subdag.py took 0.015 seconds
[2026-02-26T06:24:05.091+0000] {processor.py:186} INFO - Started process (PID=3355) to work on /home/ubuntu/airflow-venv/lib/python3.12/site-packages/airflow/example_dags/subdags/subdag.py
[2026-02-26T06:24:05.092+0000] {processor.py:914} INFO - Processing file /home/ubuntu/airflow-venv/lib/python3.12/site-packages/airflow/example_dags/subdags/subdag.py for tasks to queue
[2026-02-26T06:24:05.094+0000] {logging_mixin.py:190} INFO - [2026-02-26T06:24:05.094+0000] {dagbag.py:588} INFO - Filling up the DagBag from /home/ubuntu/airflow-venv/lib/python3.12/site-packages/airflow/example_dags/subdags/subdag.py
[2026-02-26T06:24:05.095+0000] {processor.py:927} WARNING - No viable dags retrieved from /home/ubuntu/airflow-venv/lib/python3.12/site-packages/airflow/example_dags/subdags/subdag.py
[2026-02-26T06:24:05.102+0000] {processor.py:208} INFO - Processing /home/ubuntu/airflow-venv/lib/python3.12/site-packages/airflow/example_dags/subdags/subdag.py took 0.015 seconds
[2026-02-26T06:24:37.832+0000] {processor.py:186} INFO - Started process (PID=3390) to work on /home/ubuntu/airflow-venv/lib/python3.12/site-packages/airflow/example_dags/subdags/subdag.py
[2026-02-26T06:24:37.834+0000] {processor.py:914} INFO - Processing file /home/ubuntu/airflow-venv/lib/python3.12/site-packages/airflow/example_dags/subdags/subdag.py for tasks to queue
[2026-02-26T06:24:37.835+0000] {logging_mixin.py:190} INFO - [2026-02-26T06:24:37.835+0000] {dagbag.py:588} INFO - Filling up the DagBag from /home/ubuntu/airflow-venv/lib/python3.12/site-packages/airflow/example_dags/subdags/subdag.py
[2026-02-26T06:24:37.836+0000] {processor.py:927} WARNING - No viable dags retrieved from /home/ubuntu/airflow-venv/lib/python3.12/site-packages/airflow/example_dags/subdags/subdag.py
[2026-02-26T06:24:37.844+0000] {processor.py:208} INFO - Processing /home/ubuntu/airflow-venv/lib/python3.12/site-packages/airflow/example_dags/subdags/subdag.py took 0.015 seconds
