[2026-02-26T06:03:21.797+0000] {local_task_job_runner.py:123} INFO - ::group::Pre task execution logs
[2026-02-26T06:03:21.805+0000] {taskinstance.py:2612} INFO - Dependencies all met for dep_context=non-requeueable deps ti=<TaskInstance: conditional_spark_trigger.trigger_spark_task manual__2026-02-26T06:02:01.500556+00:00 [queued]>
[2026-02-26T06:03:21.809+0000] {taskinstance.py:2612} INFO - Dependencies all met for dep_context=requeueable deps ti=<TaskInstance: conditional_spark_trigger.trigger_spark_task manual__2026-02-26T06:02:01.500556+00:00 [queued]>
[2026-02-26T06:03:21.809+0000] {taskinstance.py:2865} INFO - Starting attempt 1 of 1
[2026-02-26T06:03:21.817+0000] {taskinstance.py:2888} INFO - Executing <Task(SimpleHttpOperator): trigger_spark_task> on 2026-02-26 06:02:01.500556+00:00
[2026-02-26T06:03:21.820+0000] {standard_task_runner.py:72} INFO - Started process 2271 to run task
[2026-02-26T06:03:21.823+0000] {standard_task_runner.py:104} INFO - Running: ['airflow', 'tasks', 'run', 'conditional_spark_trigger', 'trigger_spark_task', 'manual__2026-02-26T06:02:01.500556+00:00', '--job-id', '50', '--raw', '--subdir', 'DAGS_FOLDER/microservice_spark_dag.py', '--cfg-path', '/tmp/tmp9xpqw57m']
[2026-02-26T06:03:21.823+0000] {standard_task_runner.py:105} INFO - Job 50: Subtask trigger_spark_task
[2026-02-26T06:03:21.842+0000] {task_command.py:467} INFO - Running <TaskInstance: conditional_spark_trigger.trigger_spark_task manual__2026-02-26T06:02:01.500556+00:00 [running]> on host ip-172-31-43-74.eu-north-1.compute.internal
[2026-02-26T06:03:21.875+0000] {taskinstance.py:3131} INFO - Exporting env vars: AIRFLOW_CTX_DAG_OWNER='airflow' AIRFLOW_CTX_DAG_ID='conditional_spark_trigger' AIRFLOW_CTX_TASK_ID='trigger_spark_task' AIRFLOW_CTX_EXECUTION_DATE='2026-02-26T06:02:01.500556+00:00' AIRFLOW_CTX_TRY_NUMBER='1' AIRFLOW_CTX_DAG_RUN_ID='manual__2026-02-26T06:02:01.500556+00:00'
[2026-02-26T06:03:21.875+0000] {logging_mixin.py:190} INFO - Task instance is in running state
[2026-02-26T06:03:21.875+0000] {logging_mixin.py:190} INFO -  Previous state of the Task instance: queued
[2026-02-26T06:03:21.875+0000] {logging_mixin.py:190} INFO - Current task name:trigger_spark_task state:running start_date:2026-02-26 06:03:21.805627+00:00
[2026-02-26T06:03:21.876+0000] {logging_mixin.py:190} INFO - Dag name:conditional_spark_trigger and current dag run status:running
[2026-02-26T06:03:21.876+0000] {taskinstance.py:731} INFO - ::endgroup::
[2026-02-26T06:03:21.876+0000] {http.py:173} INFO - Calling HTTP method
[2026-02-26T06:03:21.878+0000] {base.py:84} INFO - Retrieving connection 'spark_api'
[2026-02-26T06:03:21.880+0000] {base.py:84} INFO - Retrieving connection 'spark_api'
[2026-02-26T06:05:36.418+0000] {http.py:248} WARNING - HTTPConnectionPool(host='13.51.121.91', port=8080): Max retries exceeded with url: /trigger (Caused by ConnectTimeoutError(<urllib3.connection.HTTPConnection object at 0x757bc83d9910>, 'Connection to 13.51.121.91 timed out. (connect timeout=None)')) Tenacity will retry to execute the operation
[2026-02-26T06:05:36.419+0000] {taskinstance.py:3310} ERROR - Task failed with exception
Traceback (most recent call last):
  File "/home/ubuntu/airflow-venv/lib/python3.12/site-packages/urllib3/connection.py", line 196, in _new_conn
    sock = connection.create_connection(
           ^^^^^^^^^^^^^^^^^^^^^^^^^^^^^
  File "/home/ubuntu/airflow-venv/lib/python3.12/site-packages/urllib3/util/connection.py", line 85, in create_connection
    raise err
  File "/home/ubuntu/airflow-venv/lib/python3.12/site-packages/urllib3/util/connection.py", line 73, in create_connection
    sock.connect(sa)
TimeoutError: [Errno 110] Connection timed out

The above exception was the direct cause of the following exception:

Traceback (most recent call last):
  File "/home/ubuntu/airflow-venv/lib/python3.12/site-packages/urllib3/connectionpool.py", line 789, in urlopen
    response = self._make_request(
               ^^^^^^^^^^^^^^^^^^^
  File "/home/ubuntu/airflow-venv/lib/python3.12/site-packages/urllib3/connectionpool.py", line 495, in _make_request
    conn.request(
  File "/home/ubuntu/airflow-venv/lib/python3.12/site-packages/urllib3/connection.py", line 398, in request
    self.endheaders()
  File "/usr/lib/python3.12/http/client.py", line 1351, in endheaders
    self._send_output(message_body, encode_chunked=encode_chunked)
  File "/usr/lib/python3.12/http/client.py", line 1111, in _send_output
    self.send(msg)
  File "/usr/lib/python3.12/http/client.py", line 1055, in send
    self.connect()
  File "/home/ubuntu/airflow-venv/lib/python3.12/site-packages/urllib3/connection.py", line 236, in connect
    self.sock = self._new_conn()
                ^^^^^^^^^^^^^^^^
  File "/home/ubuntu/airflow-venv/lib/python3.12/site-packages/urllib3/connection.py", line 205, in _new_conn
    raise ConnectTimeoutError(
urllib3.exceptions.ConnectTimeoutError: (<urllib3.connection.HTTPConnection object at 0x757bc83d9910>, 'Connection to 13.51.121.91 timed out. (connect timeout=None)')

The above exception was the direct cause of the following exception:

Traceback (most recent call last):
  File "/home/ubuntu/airflow-venv/lib/python3.12/site-packages/requests/adapters.py", line 667, in send
    resp = conn.urlopen(
           ^^^^^^^^^^^^^
  File "/home/ubuntu/airflow-venv/lib/python3.12/site-packages/urllib3/connectionpool.py", line 843, in urlopen
    retries = retries.increment(
              ^^^^^^^^^^^^^^^^^^
  File "/home/ubuntu/airflow-venv/lib/python3.12/site-packages/urllib3/util/retry.py", line 519, in increment
    raise MaxRetryError(_pool, url, reason) from reason  # type: ignore[arg-type]
    ^^^^^^^^^^^^^^^^^^^^^^^^^^^^^^^^^^^^^^^^^^^^^^^^^^^
urllib3.exceptions.MaxRetryError: HTTPConnectionPool(host='13.51.121.91', port=8080): Max retries exceeded with url: /trigger (Caused by ConnectTimeoutError(<urllib3.connection.HTTPConnection object at 0x757bc83d9910>, 'Connection to 13.51.121.91 timed out. (connect timeout=None)'))

During handling of the above exception, another exception occurred:

Traceback (most recent call last):
  File "/home/ubuntu/airflow-venv/lib/python3.12/site-packages/airflow/models/taskinstance.py", line 767, in _execute_task
    result = _execute_callable(context=context, **execute_callable_kwargs)
             ^^^^^^^^^^^^^^^^^^^^^^^^^^^^^^^^^^^^^^^^^^^^^^^^^^^^^^^^^^^^^
  File "/home/ubuntu/airflow-venv/lib/python3.12/site-packages/airflow/models/taskinstance.py", line 733, in _execute_callable
    return ExecutionCallableRunner(
           ^^^^^^^^^^^^^^^^^^^^^^^^
  File "/home/ubuntu/airflow-venv/lib/python3.12/site-packages/airflow/utils/operator_helpers.py", line 252, in run
    return self.func(*args, **kwargs)
           ^^^^^^^^^^^^^^^^^^^^^^^^^^
  File "/home/ubuntu/airflow-venv/lib/python3.12/site-packages/airflow/models/baseoperator.py", line 406, in wrapper
    return func(self, *args, **kwargs)
           ^^^^^^^^^^^^^^^^^^^^^^^^^^^
  File "/home/ubuntu/airflow-venv/lib/python3.12/site-packages/airflow/providers/http/operators/http.py", line 170, in execute
    return self.execute_sync(context=context)
           ^^^^^^^^^^^^^^^^^^^^^^^^^^^^^^^^^^
  File "/home/ubuntu/airflow-venv/lib/python3.12/site-packages/airflow/providers/http/operators/http.py", line 179, in execute_sync
    response = self.hook.run(self.endpoint, self.data, self.headers, self.extra_options)
               ^^^^^^^^^^^^^^^^^^^^^^^^^^^^^^^^^^^^^^^^^^^^^^^^^^^^^^^^^^^^^^^^^^^^^^^^^
  File "/home/ubuntu/airflow-venv/lib/python3.12/site-packages/airflow/providers/http/hooks/http.py", line 191, in run
    return self.run_and_check(session, prepped_request, extra_options)
           ^^^^^^^^^^^^^^^^^^^^^^^^^^^^^^^^^^^^^^^^^^^^^^^^^^^^^^^^^^^
  File "/home/ubuntu/airflow-venv/lib/python3.12/site-packages/airflow/providers/http/hooks/http.py", line 249, in run_and_check
    raise ex
  File "/home/ubuntu/airflow-venv/lib/python3.12/site-packages/airflow/providers/http/hooks/http.py", line 241, in run_and_check
    response = session.send(prepped_request, **send_kwargs)
               ^^^^^^^^^^^^^^^^^^^^^^^^^^^^^^^^^^^^^^^^^^^^
  File "/home/ubuntu/airflow-venv/lib/python3.12/site-packages/requests/sessions.py", line 703, in send
    r = adapter.send(request, **kwargs)
        ^^^^^^^^^^^^^^^^^^^^^^^^^^^^^^^
  File "/home/ubuntu/airflow-venv/lib/python3.12/site-packages/requests/adapters.py", line 688, in send
    raise ConnectTimeout(e, request=request)
requests.exceptions.ConnectTimeout: HTTPConnectionPool(host='13.51.121.91', port=8080): Max retries exceeded with url: /trigger (Caused by ConnectTimeoutError(<urllib3.connection.HTTPConnection object at 0x757bc83d9910>, 'Connection to 13.51.121.91 timed out. (connect timeout=None)'))
[2026-02-26T06:05:36.424+0000] {logging_mixin.py:190} INFO - Task instance in failure state
[2026-02-26T06:05:36.424+0000] {logging_mixin.py:190} INFO - Task start:2026-02-26 06:03:21.805627+00:00 end:2026-02-26 06:05:36.423713+00:00 duration:134.618086
[2026-02-26T06:05:36.424+0000] {logging_mixin.py:190} INFO - Task:<Task(SimpleHttpOperator): trigger_spark_task> dag:<DAG: conditional_spark_trigger> dagrun:<DagRun conditional_spark_trigger @ 2026-02-26 06:02:01.500556+00:00: manual__2026-02-26T06:02:01.500556+00:00, state:running, queued_at: 2026-02-26 06:02:01.509750+00:00. externally triggered: True>
[2026-02-26T06:05:36.424+0000] {logging_mixin.py:190} INFO - Failure caused by HTTPConnectionPool(host='13.51.121.91', port=8080): Max retries exceeded with url: /trigger (Caused by ConnectTimeoutError(<urllib3.connection.HTTPConnection object at 0x757bc83d9910>, 'Connection to 13.51.121.91 timed out. (connect timeout=None)'))
[2026-02-26T06:05:36.424+0000] {taskinstance.py:1225} INFO - Marking task as FAILED. dag_id=conditional_spark_trigger, task_id=trigger_spark_task, run_id=manual__2026-02-26T06:02:01.500556+00:00, execution_date=20260226T060201, start_date=20260226T060321, end_date=20260226T060536
[2026-02-26T06:05:36.432+0000] {taskinstance.py:340} INFO - ::group::Post task execution logs
[2026-02-26T06:05:36.432+0000] {standard_task_runner.py:124} ERROR - Failed to execute job 50 for task trigger_spark_task (HTTPConnectionPool(host='13.51.121.91', port=8080): Max retries exceeded with url: /trigger (Caused by ConnectTimeoutError(<urllib3.connection.HTTPConnection object at 0x757bc83d9910>, 'Connection to 13.51.121.91 timed out. (connect timeout=None)')); 2271)
Traceback (most recent call last):
  File "/home/ubuntu/airflow-venv/lib/python3.12/site-packages/urllib3/connection.py", line 196, in _new_conn
    sock = connection.create_connection(
           ^^^^^^^^^^^^^^^^^^^^^^^^^^^^^
  File "/home/ubuntu/airflow-venv/lib/python3.12/site-packages/urllib3/util/connection.py", line 85, in create_connection
    raise err
  File "/home/ubuntu/airflow-venv/lib/python3.12/site-packages/urllib3/util/connection.py", line 73, in create_connection
    sock.connect(sa)
TimeoutError: [Errno 110] Connection timed out

The above exception was the direct cause of the following exception:

Traceback (most recent call last):
  File "/home/ubuntu/airflow-venv/lib/python3.12/site-packages/urllib3/connectionpool.py", line 789, in urlopen
    response = self._make_request(
               ^^^^^^^^^^^^^^^^^^^
  File "/home/ubuntu/airflow-venv/lib/python3.12/site-packages/urllib3/connectionpool.py", line 495, in _make_request
    conn.request(
  File "/home/ubuntu/airflow-venv/lib/python3.12/site-packages/urllib3/connection.py", line 398, in request
    self.endheaders()
  File "/usr/lib/python3.12/http/client.py", line 1351, in endheaders
    self._send_output(message_body, encode_chunked=encode_chunked)
  File "/usr/lib/python3.12/http/client.py", line 1111, in _send_output
    self.send(msg)
  File "/usr/lib/python3.12/http/client.py", line 1055, in send
    self.connect()
  File "/home/ubuntu/airflow-venv/lib/python3.12/site-packages/urllib3/connection.py", line 236, in connect
    self.sock = self._new_conn()
                ^^^^^^^^^^^^^^^^
  File "/home/ubuntu/airflow-venv/lib/python3.12/site-packages/urllib3/connection.py", line 205, in _new_conn
    raise ConnectTimeoutError(
urllib3.exceptions.ConnectTimeoutError: (<urllib3.connection.HTTPConnection object at 0x757bc83d9910>, 'Connection to 13.51.121.91 timed out. (connect timeout=None)')

The above exception was the direct cause of the following exception:

Traceback (most recent call last):
  File "/home/ubuntu/airflow-venv/lib/python3.12/site-packages/requests/adapters.py", line 667, in send
    resp = conn.urlopen(
           ^^^^^^^^^^^^^
  File "/home/ubuntu/airflow-venv/lib/python3.12/site-packages/urllib3/connectionpool.py", line 843, in urlopen
    retries = retries.increment(
              ^^^^^^^^^^^^^^^^^^
  File "/home/ubuntu/airflow-venv/lib/python3.12/site-packages/urllib3/util/retry.py", line 519, in increment
    raise MaxRetryError(_pool, url, reason) from reason  # type: ignore[arg-type]
    ^^^^^^^^^^^^^^^^^^^^^^^^^^^^^^^^^^^^^^^^^^^^^^^^^^^
urllib3.exceptions.MaxRetryError: HTTPConnectionPool(host='13.51.121.91', port=8080): Max retries exceeded with url: /trigger (Caused by ConnectTimeoutError(<urllib3.connection.HTTPConnection object at 0x757bc83d9910>, 'Connection to 13.51.121.91 timed out. (connect timeout=None)'))

During handling of the above exception, another exception occurred:

Traceback (most recent call last):
  File "/home/ubuntu/airflow-venv/lib/python3.12/site-packages/airflow/task/task_runner/standard_task_runner.py", line 117, in _start_by_fork
    ret = args.func(args, dag=self.dag)
          ^^^^^^^^^^^^^^^^^^^^^^^^^^^^^
  File "/home/ubuntu/airflow-venv/lib/python3.12/site-packages/airflow/cli/cli_config.py", line 49, in command
    return func(*args, **kwargs)
           ^^^^^^^^^^^^^^^^^^^^^
  File "/home/ubuntu/airflow-venv/lib/python3.12/site-packages/airflow/utils/cli.py", line 115, in wrapper
    return f(*args, **kwargs)
           ^^^^^^^^^^^^^^^^^^
  File "/home/ubuntu/airflow-venv/lib/python3.12/site-packages/airflow/cli/commands/task_command.py", line 483, in task_run
    task_return_code = _run_task_by_selected_method(args, _dag, ti)
                       ^^^^^^^^^^^^^^^^^^^^^^^^^^^^^^^^^^^^^^^^^^^^
  File "/home/ubuntu/airflow-venv/lib/python3.12/site-packages/airflow/cli/commands/task_command.py", line 256, in _run_task_by_selected_method
    return _run_raw_task(args, ti)
           ^^^^^^^^^^^^^^^^^^^^^^^
  File "/home/ubuntu/airflow-venv/lib/python3.12/site-packages/airflow/cli/commands/task_command.py", line 341, in _run_raw_task
    return ti._run_raw_task(
           ^^^^^^^^^^^^^^^^^
  File "/home/ubuntu/airflow-venv/lib/python3.12/site-packages/airflow/utils/session.py", line 97, in wrapper
    return func(*args, session=session, **kwargs)
           ^^^^^^^^^^^^^^^^^^^^^^^^^^^^^^^^^^^^^^
  File "/home/ubuntu/airflow-venv/lib/python3.12/site-packages/airflow/models/taskinstance.py", line 3004, in _run_raw_task
    return _run_raw_task(
           ^^^^^^^^^^^^^^
  File "/home/ubuntu/airflow-venv/lib/python3.12/site-packages/airflow/models/taskinstance.py", line 273, in _run_raw_task
    TaskInstance._execute_task_with_callbacks(
  File "/home/ubuntu/airflow-venv/lib/python3.12/site-packages/airflow/models/taskinstance.py", line 3158, in _execute_task_with_callbacks
    result = self._execute_task(context, task_orig)
             ^^^^^^^^^^^^^^^^^^^^^^^^^^^^^^^^^^^^^^
  File "/home/ubuntu/airflow-venv/lib/python3.12/site-packages/airflow/models/taskinstance.py", line 3182, in _execute_task
    return _execute_task(self, context, task_orig)
           ^^^^^^^^^^^^^^^^^^^^^^^^^^^^^^^^^^^^^^^
  File "/home/ubuntu/airflow-venv/lib/python3.12/site-packages/airflow/models/taskinstance.py", line 767, in _execute_task
    result = _execute_callable(context=context, **execute_callable_kwargs)
             ^^^^^^^^^^^^^^^^^^^^^^^^^^^^^^^^^^^^^^^^^^^^^^^^^^^^^^^^^^^^^
  File "/home/ubuntu/airflow-venv/lib/python3.12/site-packages/airflow/models/taskinstance.py", line 733, in _execute_callable
    return ExecutionCallableRunner(
           ^^^^^^^^^^^^^^^^^^^^^^^^
  File "/home/ubuntu/airflow-venv/lib/python3.12/site-packages/airflow/utils/operator_helpers.py", line 252, in run
    return self.func(*args, **kwargs)
           ^^^^^^^^^^^^^^^^^^^^^^^^^^
  File "/home/ubuntu/airflow-venv/lib/python3.12/site-packages/airflow/models/baseoperator.py", line 406, in wrapper
    return func(self, *args, **kwargs)
           ^^^^^^^^^^^^^^^^^^^^^^^^^^^
  File "/home/ubuntu/airflow-venv/lib/python3.12/site-packages/airflow/providers/http/operators/http.py", line 170, in execute
    return self.execute_sync(context=context)
           ^^^^^^^^^^^^^^^^^^^^^^^^^^^^^^^^^^
  File "/home/ubuntu/airflow-venv/lib/python3.12/site-packages/airflow/providers/http/operators/http.py", line 179, in execute_sync
    response = self.hook.run(self.endpoint, self.data, self.headers, self.extra_options)
               ^^^^^^^^^^^^^^^^^^^^^^^^^^^^^^^^^^^^^^^^^^^^^^^^^^^^^^^^^^^^^^^^^^^^^^^^^
  File "/home/ubuntu/airflow-venv/lib/python3.12/site-packages/airflow/providers/http/hooks/http.py", line 191, in run
    return self.run_and_check(session, prepped_request, extra_options)
           ^^^^^^^^^^^^^^^^^^^^^^^^^^^^^^^^^^^^^^^^^^^^^^^^^^^^^^^^^^^
  File "/home/ubuntu/airflow-venv/lib/python3.12/site-packages/airflow/providers/http/hooks/http.py", line 249, in run_and_check
    raise ex
  File "/home/ubuntu/airflow-venv/lib/python3.12/site-packages/airflow/providers/http/hooks/http.py", line 241, in run_and_check
    response = session.send(prepped_request, **send_kwargs)
               ^^^^^^^^^^^^^^^^^^^^^^^^^^^^^^^^^^^^^^^^^^^^
  File "/home/ubuntu/airflow-venv/lib/python3.12/site-packages/requests/sessions.py", line 703, in send
    r = adapter.send(request, **kwargs)
        ^^^^^^^^^^^^^^^^^^^^^^^^^^^^^^^
  File "/home/ubuntu/airflow-venv/lib/python3.12/site-packages/requests/adapters.py", line 688, in send
    raise ConnectTimeout(e, request=request)
requests.exceptions.ConnectTimeout: HTTPConnectionPool(host='13.51.121.91', port=8080): Max retries exceeded with url: /trigger (Caused by ConnectTimeoutError(<urllib3.connection.HTTPConnection object at 0x757bc83d9910>, 'Connection to 13.51.121.91 timed out. (connect timeout=None)'))
