[2026-02-25T15:56:37.521+0000] {local_task_job_runner.py:123} INFO - ::group::Pre task execution logs
[2026-02-25T15:56:37.528+0000] {taskinstance.py:2612} INFO - Dependencies all met for dep_context=non-requeueable deps ti=<TaskInstance: conditional_spark_trigger.api_failed_task manual__2026-02-25T15:56:33.719274+00:00 [queued]>
[2026-02-25T15:56:37.532+0000] {taskinstance.py:2612} INFO - Dependencies all met for dep_context=requeueable deps ti=<TaskInstance: conditional_spark_trigger.api_failed_task manual__2026-02-25T15:56:33.719274+00:00 [queued]>
[2026-02-25T15:56:37.532+0000] {taskinstance.py:2865} INFO - Starting attempt 1 of 1
[2026-02-25T15:56:37.543+0000] {taskinstance.py:2888} INFO - Executing <Task(PythonOperator): api_failed_task> on 2026-02-25 15:56:33.719274+00:00
[2026-02-25T15:56:37.546+0000] {standard_task_runner.py:72} INFO - Started process 3407 to run task
[2026-02-25T15:56:37.548+0000] {standard_task_runner.py:104} INFO - Running: ['airflow', 'tasks', 'run', 'conditional_spark_trigger', 'api_failed_task', 'manual__2026-02-25T15:56:33.719274+00:00', '--job-id', '35', '--raw', '--subdir', 'DAGS_FOLDER/microservice_spark_dag.py', '--cfg-path', '/tmp/tmpni8m1727']
[2026-02-25T15:56:37.548+0000] {standard_task_runner.py:105} INFO - Job 35: Subtask api_failed_task
[2026-02-25T15:56:37.571+0000] {task_command.py:467} INFO - Running <TaskInstance: conditional_spark_trigger.api_failed_task manual__2026-02-25T15:56:33.719274+00:00 [running]> on host ip-172-31-43-74.eu-north-1.compute.internal
[2026-02-25T15:56:37.608+0000] {taskinstance.py:3131} INFO - Exporting env vars: AIRFLOW_CTX_DAG_OWNER='airflow' AIRFLOW_CTX_DAG_ID='conditional_spark_trigger' AIRFLOW_CTX_TASK_ID='api_failed_task' AIRFLOW_CTX_EXECUTION_DATE='2026-02-25T15:56:33.719274+00:00' AIRFLOW_CTX_TRY_NUMBER='1' AIRFLOW_CTX_DAG_RUN_ID='manual__2026-02-25T15:56:33.719274+00:00'
[2026-02-25T15:56:37.609+0000] {logging_mixin.py:190} INFO - Task instance is in running state
[2026-02-25T15:56:37.609+0000] {logging_mixin.py:190} INFO -  Previous state of the Task instance: queued
[2026-02-25T15:56:37.609+0000] {logging_mixin.py:190} INFO - Current task name:api_failed_task state:running start_date:2026-02-25 15:56:37.528965+00:00
[2026-02-25T15:56:37.609+0000] {logging_mixin.py:190} INFO - Dag name:conditional_spark_trigger and current dag run status:running
[2026-02-25T15:56:37.609+0000] {taskinstance.py:731} INFO - ::endgroup::
[2026-02-25T15:56:37.609+0000] {logging_mixin.py:190} INFO - API fetching failed
[2026-02-25T15:56:37.609+0000] {python.py:240} INFO - Done. Returned value was: None
[2026-02-25T15:56:37.612+0000] {taskinstance.py:340} INFO - ::group::Post task execution logs
[2026-02-25T15:56:37.612+0000] {taskinstance.py:352} INFO - Marking task as SUCCESS. dag_id=conditional_spark_trigger, task_id=api_failed_task, run_id=manual__2026-02-25T15:56:33.719274+00:00, execution_date=20260225T155633, start_date=20260225T155637, end_date=20260225T155637
[2026-02-25T15:56:37.623+0000] {logging_mixin.py:190} INFO - Task instance in success state
[2026-02-25T15:56:37.623+0000] {logging_mixin.py:190} INFO -  Previous state of the Task instance: running
[2026-02-25T15:56:37.623+0000] {logging_mixin.py:190} INFO - Dag name:conditional_spark_trigger queued_at:2026-02-25 15:56:33.726778+00:00
[2026-02-25T15:56:37.623+0000] {logging_mixin.py:190} INFO - Task hostname:ip-172-31-43-74.eu-north-1.compute.internal operator:PythonOperator
[2026-02-25T15:56:37.640+0000] {local_task_job_runner.py:266} INFO - Task exited with return code 0
[2026-02-25T15:56:37.648+0000] {taskinstance.py:3900} INFO - 0 downstream tasks scheduled from follow-on schedule check
[2026-02-25T15:56:37.648+0000] {local_task_job_runner.py:245} INFO - ::endgroup::
