[2026-02-26T05:22:29.583+0000] {processor.py:186} INFO - Started process (PID=1743) to work on /home/ubuntu/airflow/dags/microservice_spark_dag.py
[2026-02-26T05:22:29.583+0000] {processor.py:914} INFO - Processing file /home/ubuntu/airflow/dags/microservice_spark_dag.py for tasks to queue
[2026-02-26T05:22:29.585+0000] {logging_mixin.py:190} INFO - [2026-02-26T05:22:29.584+0000] {dagbag.py:588} INFO - Filling up the DagBag from /home/ubuntu/airflow/dags/microservice_spark_dag.py
[2026-02-26T05:22:29.603+0000] {processor.py:925} INFO - DAG(s) 'conditional_spark_trigger' retrieved from /home/ubuntu/airflow/dags/microservice_spark_dag.py
[2026-02-26T05:22:29.620+0000] {logging_mixin.py:190} INFO - [2026-02-26T05:22:29.620+0000] {dag.py:3239} INFO - Sync 1 DAGs
[2026-02-26T05:22:29.629+0000] {logging_mixin.py:190} INFO - [2026-02-26T05:22:29.629+0000] {dag.py:4180} INFO - Setting next_dagrun for conditional_spark_trigger to None, run_after=None
[2026-02-26T05:22:29.648+0000] {processor.py:208} INFO - Processing /home/ubuntu/airflow/dags/microservice_spark_dag.py took 0.068 seconds
[2026-02-26T05:23:25.159+0000] {processor.py:186} INFO - Started process (PID=2171) to work on /home/ubuntu/airflow/dags/microservice_spark_dag.py
[2026-02-26T05:23:25.161+0000] {processor.py:914} INFO - Processing file /home/ubuntu/airflow/dags/microservice_spark_dag.py for tasks to queue
[2026-02-26T05:23:25.162+0000] {logging_mixin.py:190} INFO - [2026-02-26T05:23:25.161+0000] {dagbag.py:588} INFO - Filling up the DagBag from /home/ubuntu/airflow/dags/microservice_spark_dag.py
[2026-02-26T05:23:25.166+0000] {processor.py:925} INFO - DAG(s) 'conditional_spark_trigger' retrieved from /home/ubuntu/airflow/dags/microservice_spark_dag.py
[2026-02-26T05:23:25.176+0000] {logging_mixin.py:190} INFO - [2026-02-26T05:23:25.175+0000] {dag.py:3239} INFO - Sync 1 DAGs
[2026-02-26T05:23:25.183+0000] {logging_mixin.py:190} INFO - [2026-02-26T05:23:25.183+0000] {dag.py:4180} INFO - Setting next_dagrun for conditional_spark_trigger to None, run_after=None
[2026-02-26T05:23:25.199+0000] {processor.py:208} INFO - Processing /home/ubuntu/airflow/dags/microservice_spark_dag.py took 0.043 seconds
[2026-02-26T05:24:15.126+0000] {processor.py:186} INFO - Started process (PID=2225) to work on /home/ubuntu/airflow/dags/microservice_spark_dag.py
[2026-02-26T05:24:15.128+0000] {processor.py:914} INFO - Processing file /home/ubuntu/airflow/dags/microservice_spark_dag.py for tasks to queue
[2026-02-26T05:24:15.129+0000] {logging_mixin.py:190} INFO - [2026-02-26T05:24:15.129+0000] {dagbag.py:588} INFO - Filling up the DagBag from /home/ubuntu/airflow/dags/microservice_spark_dag.py
[2026-02-26T05:24:15.134+0000] {processor.py:925} INFO - DAG(s) 'conditional_spark_trigger' retrieved from /home/ubuntu/airflow/dags/microservice_spark_dag.py
[2026-02-26T05:24:15.143+0000] {logging_mixin.py:190} INFO - [2026-02-26T05:24:15.143+0000] {dag.py:3239} INFO - Sync 1 DAGs
[2026-02-26T05:24:15.150+0000] {logging_mixin.py:190} INFO - [2026-02-26T05:24:15.150+0000] {dag.py:4180} INFO - Setting next_dagrun for conditional_spark_trigger to None, run_after=None
[2026-02-26T05:24:15.166+0000] {processor.py:208} INFO - Processing /home/ubuntu/airflow/dags/microservice_spark_dag.py took 0.043 seconds
[2026-02-26T05:25:04.458+0000] {processor.py:186} INFO - Started process (PID=2280) to work on /home/ubuntu/airflow/dags/microservice_spark_dag.py
[2026-02-26T05:25:04.459+0000] {processor.py:914} INFO - Processing file /home/ubuntu/airflow/dags/microservice_spark_dag.py for tasks to queue
[2026-02-26T05:25:04.460+0000] {logging_mixin.py:190} INFO - [2026-02-26T05:25:04.460+0000] {dagbag.py:588} INFO - Filling up the DagBag from /home/ubuntu/airflow/dags/microservice_spark_dag.py
[2026-02-26T05:25:04.465+0000] {processor.py:925} INFO - DAG(s) 'conditional_spark_trigger' retrieved from /home/ubuntu/airflow/dags/microservice_spark_dag.py
[2026-02-26T05:25:04.474+0000] {logging_mixin.py:190} INFO - [2026-02-26T05:25:04.474+0000] {dag.py:3239} INFO - Sync 1 DAGs
[2026-02-26T05:25:04.481+0000] {logging_mixin.py:190} INFO - [2026-02-26T05:25:04.481+0000] {dag.py:4180} INFO - Setting next_dagrun for conditional_spark_trigger to None, run_after=None
[2026-02-26T05:25:04.497+0000] {processor.py:208} INFO - Processing /home/ubuntu/airflow/dags/microservice_spark_dag.py took 0.043 seconds
[2026-02-26T05:25:51.568+0000] {processor.py:186} INFO - Started process (PID=2343) to work on /home/ubuntu/airflow/dags/microservice_spark_dag.py
[2026-02-26T05:25:51.570+0000] {processor.py:914} INFO - Processing file /home/ubuntu/airflow/dags/microservice_spark_dag.py for tasks to queue
[2026-02-26T05:25:51.571+0000] {logging_mixin.py:190} INFO - [2026-02-26T05:25:51.571+0000] {dagbag.py:588} INFO - Filling up the DagBag from /home/ubuntu/airflow/dags/microservice_spark_dag.py
[2026-02-26T05:25:51.575+0000] {processor.py:925} INFO - DAG(s) 'conditional_spark_trigger' retrieved from /home/ubuntu/airflow/dags/microservice_spark_dag.py
[2026-02-26T05:25:51.585+0000] {logging_mixin.py:190} INFO - [2026-02-26T05:25:51.585+0000] {dag.py:3239} INFO - Sync 1 DAGs
[2026-02-26T05:25:51.592+0000] {logging_mixin.py:190} INFO - [2026-02-26T05:25:51.592+0000] {dag.py:4180} INFO - Setting next_dagrun for conditional_spark_trigger to None, run_after=None
[2026-02-26T05:25:51.607+0000] {processor.py:208} INFO - Processing /home/ubuntu/airflow/dags/microservice_spark_dag.py took 0.042 seconds
[2026-02-26T05:26:42.035+0000] {processor.py:186} INFO - Started process (PID=2400) to work on /home/ubuntu/airflow/dags/microservice_spark_dag.py
[2026-02-26T05:26:42.036+0000] {processor.py:914} INFO - Processing file /home/ubuntu/airflow/dags/microservice_spark_dag.py for tasks to queue
[2026-02-26T05:26:42.037+0000] {logging_mixin.py:190} INFO - [2026-02-26T05:26:42.037+0000] {dagbag.py:588} INFO - Filling up the DagBag from /home/ubuntu/airflow/dags/microservice_spark_dag.py
[2026-02-26T05:26:42.042+0000] {processor.py:925} INFO - DAG(s) 'conditional_spark_trigger' retrieved from /home/ubuntu/airflow/dags/microservice_spark_dag.py
[2026-02-26T05:26:42.051+0000] {logging_mixin.py:190} INFO - [2026-02-26T05:26:42.051+0000] {dag.py:3239} INFO - Sync 1 DAGs
[2026-02-26T05:26:42.058+0000] {logging_mixin.py:190} INFO - [2026-02-26T05:26:42.058+0000] {dag.py:4180} INFO - Setting next_dagrun for conditional_spark_trigger to None, run_after=None
[2026-02-26T05:26:42.073+0000] {processor.py:208} INFO - Processing /home/ubuntu/airflow/dags/microservice_spark_dag.py took 0.042 seconds
[2026-02-26T05:27:29.904+0000] {processor.py:186} INFO - Started process (PID=2815) to work on /home/ubuntu/airflow/dags/microservice_spark_dag.py
[2026-02-26T05:27:29.905+0000] {processor.py:914} INFO - Processing file /home/ubuntu/airflow/dags/microservice_spark_dag.py for tasks to queue
[2026-02-26T05:27:29.906+0000] {logging_mixin.py:190} INFO - [2026-02-26T05:27:29.906+0000] {dagbag.py:588} INFO - Filling up the DagBag from /home/ubuntu/airflow/dags/microservice_spark_dag.py
[2026-02-26T05:27:29.910+0000] {processor.py:925} INFO - DAG(s) 'conditional_spark_trigger' retrieved from /home/ubuntu/airflow/dags/microservice_spark_dag.py
[2026-02-26T05:27:29.919+0000] {logging_mixin.py:190} INFO - [2026-02-26T05:27:29.919+0000] {dag.py:3239} INFO - Sync 1 DAGs
[2026-02-26T05:27:29.926+0000] {logging_mixin.py:190} INFO - [2026-02-26T05:27:29.925+0000] {dag.py:4180} INFO - Setting next_dagrun for conditional_spark_trigger to None, run_after=None
[2026-02-26T05:27:29.941+0000] {processor.py:208} INFO - Processing /home/ubuntu/airflow/dags/microservice_spark_dag.py took 0.040 seconds
[2026-02-26T05:28:21.172+0000] {processor.py:186} INFO - Started process (PID=2867) to work on /home/ubuntu/airflow/dags/microservice_spark_dag.py
[2026-02-26T05:28:21.173+0000] {processor.py:914} INFO - Processing file /home/ubuntu/airflow/dags/microservice_spark_dag.py for tasks to queue
[2026-02-26T05:28:21.174+0000] {logging_mixin.py:190} INFO - [2026-02-26T05:28:21.174+0000] {dagbag.py:588} INFO - Filling up the DagBag from /home/ubuntu/airflow/dags/microservice_spark_dag.py
[2026-02-26T05:28:21.179+0000] {processor.py:925} INFO - DAG(s) 'conditional_spark_trigger' retrieved from /home/ubuntu/airflow/dags/microservice_spark_dag.py
[2026-02-26T05:28:21.189+0000] {logging_mixin.py:190} INFO - [2026-02-26T05:28:21.188+0000] {dag.py:3239} INFO - Sync 1 DAGs
[2026-02-26T05:28:21.261+0000] {logging_mixin.py:190} INFO - [2026-02-26T05:28:21.261+0000] {dag.py:4180} INFO - Setting next_dagrun for conditional_spark_trigger to None, run_after=None
[2026-02-26T05:28:21.275+0000] {processor.py:208} INFO - Processing /home/ubuntu/airflow/dags/microservice_spark_dag.py took 0.107 seconds
[2026-02-26T05:29:12.606+0000] {processor.py:186} INFO - Started process (PID=2921) to work on /home/ubuntu/airflow/dags/microservice_spark_dag.py
[2026-02-26T05:29:12.608+0000] {processor.py:914} INFO - Processing file /home/ubuntu/airflow/dags/microservice_spark_dag.py for tasks to queue
[2026-02-26T05:29:12.609+0000] {logging_mixin.py:190} INFO - [2026-02-26T05:29:12.609+0000] {dagbag.py:588} INFO - Filling up the DagBag from /home/ubuntu/airflow/dags/microservice_spark_dag.py
[2026-02-26T05:29:12.614+0000] {processor.py:925} INFO - DAG(s) 'conditional_spark_trigger' retrieved from /home/ubuntu/airflow/dags/microservice_spark_dag.py
[2026-02-26T05:29:12.623+0000] {logging_mixin.py:190} INFO - [2026-02-26T05:29:12.623+0000] {dag.py:3239} INFO - Sync 1 DAGs
[2026-02-26T05:29:12.631+0000] {logging_mixin.py:190} INFO - [2026-02-26T05:29:12.631+0000] {dag.py:4180} INFO - Setting next_dagrun for conditional_spark_trigger to None, run_after=None
[2026-02-26T05:29:12.647+0000] {processor.py:208} INFO - Processing /home/ubuntu/airflow/dags/microservice_spark_dag.py took 0.044 seconds
[2026-02-26T05:30:06.773+0000] {processor.py:186} INFO - Started process (PID=2977) to work on /home/ubuntu/airflow/dags/microservice_spark_dag.py
[2026-02-26T05:30:06.774+0000] {processor.py:914} INFO - Processing file /home/ubuntu/airflow/dags/microservice_spark_dag.py for tasks to queue
[2026-02-26T05:30:06.775+0000] {logging_mixin.py:190} INFO - [2026-02-26T05:30:06.775+0000] {dagbag.py:588} INFO - Filling up the DagBag from /home/ubuntu/airflow/dags/microservice_spark_dag.py
[2026-02-26T05:30:06.780+0000] {processor.py:925} INFO - DAG(s) 'conditional_spark_trigger' retrieved from /home/ubuntu/airflow/dags/microservice_spark_dag.py
[2026-02-26T05:30:06.789+0000] {logging_mixin.py:190} INFO - [2026-02-26T05:30:06.789+0000] {dag.py:3239} INFO - Sync 1 DAGs
[2026-02-26T05:30:06.796+0000] {logging_mixin.py:190} INFO - [2026-02-26T05:30:06.796+0000] {dag.py:4180} INFO - Setting next_dagrun for conditional_spark_trigger to None, run_after=None
[2026-02-26T05:30:06.813+0000] {processor.py:208} INFO - Processing /home/ubuntu/airflow/dags/microservice_spark_dag.py took 0.043 seconds
[2026-02-26T05:30:58.086+0000] {processor.py:186} INFO - Started process (PID=3033) to work on /home/ubuntu/airflow/dags/microservice_spark_dag.py
[2026-02-26T05:30:58.087+0000] {processor.py:914} INFO - Processing file /home/ubuntu/airflow/dags/microservice_spark_dag.py for tasks to queue
[2026-02-26T05:30:58.089+0000] {logging_mixin.py:190} INFO - [2026-02-26T05:30:58.089+0000] {dagbag.py:588} INFO - Filling up the DagBag from /home/ubuntu/airflow/dags/microservice_spark_dag.py
[2026-02-26T05:30:58.094+0000] {processor.py:925} INFO - DAG(s) 'conditional_spark_trigger' retrieved from /home/ubuntu/airflow/dags/microservice_spark_dag.py
[2026-02-26T05:30:58.103+0000] {logging_mixin.py:190} INFO - [2026-02-26T05:30:58.103+0000] {dag.py:3239} INFO - Sync 1 DAGs
[2026-02-26T05:30:58.111+0000] {logging_mixin.py:190} INFO - [2026-02-26T05:30:58.110+0000] {dag.py:4180} INFO - Setting next_dagrun for conditional_spark_trigger to None, run_after=None
[2026-02-26T05:30:58.126+0000] {processor.py:208} INFO - Processing /home/ubuntu/airflow/dags/microservice_spark_dag.py took 0.044 seconds
[2026-02-26T05:31:48.908+0000] {processor.py:186} INFO - Started process (PID=3086) to work on /home/ubuntu/airflow/dags/microservice_spark_dag.py
[2026-02-26T05:31:48.909+0000] {processor.py:914} INFO - Processing file /home/ubuntu/airflow/dags/microservice_spark_dag.py for tasks to queue
[2026-02-26T05:31:48.910+0000] {logging_mixin.py:190} INFO - [2026-02-26T05:31:48.910+0000] {dagbag.py:588} INFO - Filling up the DagBag from /home/ubuntu/airflow/dags/microservice_spark_dag.py
[2026-02-26T05:31:48.915+0000] {processor.py:925} INFO - DAG(s) 'conditional_spark_trigger' retrieved from /home/ubuntu/airflow/dags/microservice_spark_dag.py
[2026-02-26T05:31:48.924+0000] {logging_mixin.py:190} INFO - [2026-02-26T05:31:48.924+0000] {dag.py:3239} INFO - Sync 1 DAGs
[2026-02-26T05:31:48.931+0000] {logging_mixin.py:190} INFO - [2026-02-26T05:31:48.931+0000] {dag.py:4180} INFO - Setting next_dagrun for conditional_spark_trigger to None, run_after=None
[2026-02-26T05:31:48.947+0000] {processor.py:208} INFO - Processing /home/ubuntu/airflow/dags/microservice_spark_dag.py took 0.042 seconds
[2026-02-26T05:32:39.212+0000] {processor.py:186} INFO - Started process (PID=3140) to work on /home/ubuntu/airflow/dags/microservice_spark_dag.py
[2026-02-26T05:32:39.213+0000] {processor.py:914} INFO - Processing file /home/ubuntu/airflow/dags/microservice_spark_dag.py for tasks to queue
[2026-02-26T05:32:39.214+0000] {logging_mixin.py:190} INFO - [2026-02-26T05:32:39.214+0000] {dagbag.py:588} INFO - Filling up the DagBag from /home/ubuntu/airflow/dags/microservice_spark_dag.py
[2026-02-26T05:32:39.219+0000] {processor.py:925} INFO - DAG(s) 'conditional_spark_trigger' retrieved from /home/ubuntu/airflow/dags/microservice_spark_dag.py
[2026-02-26T05:32:39.229+0000] {logging_mixin.py:190} INFO - [2026-02-26T05:32:39.229+0000] {dag.py:3239} INFO - Sync 1 DAGs
[2026-02-26T05:32:39.237+0000] {logging_mixin.py:190} INFO - [2026-02-26T05:32:39.237+0000] {dag.py:4180} INFO - Setting next_dagrun for conditional_spark_trigger to None, run_after=None
[2026-02-26T05:32:39.253+0000] {processor.py:208} INFO - Processing /home/ubuntu/airflow/dags/microservice_spark_dag.py took 0.044 seconds
[2026-02-26T05:33:29.838+0000] {processor.py:186} INFO - Started process (PID=3190) to work on /home/ubuntu/airflow/dags/microservice_spark_dag.py
[2026-02-26T05:33:29.839+0000] {processor.py:914} INFO - Processing file /home/ubuntu/airflow/dags/microservice_spark_dag.py for tasks to queue
[2026-02-26T05:33:29.841+0000] {logging_mixin.py:190} INFO - [2026-02-26T05:33:29.840+0000] {dagbag.py:588} INFO - Filling up the DagBag from /home/ubuntu/airflow/dags/microservice_spark_dag.py
[2026-02-26T05:33:29.845+0000] {processor.py:925} INFO - DAG(s) 'conditional_spark_trigger' retrieved from /home/ubuntu/airflow/dags/microservice_spark_dag.py
[2026-02-26T05:33:29.854+0000] {logging_mixin.py:190} INFO - [2026-02-26T05:33:29.854+0000] {dag.py:3239} INFO - Sync 1 DAGs
[2026-02-26T05:33:29.861+0000] {logging_mixin.py:190} INFO - [2026-02-26T05:33:29.861+0000] {dag.py:4180} INFO - Setting next_dagrun for conditional_spark_trigger to None, run_after=None
[2026-02-26T05:33:29.878+0000] {processor.py:208} INFO - Processing /home/ubuntu/airflow/dags/microservice_spark_dag.py took 0.043 seconds
[2026-02-26T05:34:18.214+0000] {processor.py:186} INFO - Started process (PID=3244) to work on /home/ubuntu/airflow/dags/microservice_spark_dag.py
[2026-02-26T05:34:18.215+0000] {processor.py:914} INFO - Processing file /home/ubuntu/airflow/dags/microservice_spark_dag.py for tasks to queue
[2026-02-26T05:34:18.216+0000] {logging_mixin.py:190} INFO - [2026-02-26T05:34:18.216+0000] {dagbag.py:588} INFO - Filling up the DagBag from /home/ubuntu/airflow/dags/microservice_spark_dag.py
[2026-02-26T05:34:18.221+0000] {processor.py:925} INFO - DAG(s) 'conditional_spark_trigger' retrieved from /home/ubuntu/airflow/dags/microservice_spark_dag.py
[2026-02-26T05:34:18.230+0000] {logging_mixin.py:190} INFO - [2026-02-26T05:34:18.230+0000] {dag.py:3239} INFO - Sync 1 DAGs
[2026-02-26T05:34:18.238+0000] {logging_mixin.py:190} INFO - [2026-02-26T05:34:18.238+0000] {dag.py:4180} INFO - Setting next_dagrun for conditional_spark_trigger to None, run_after=None
[2026-02-26T05:34:18.253+0000] {processor.py:208} INFO - Processing /home/ubuntu/airflow/dags/microservice_spark_dag.py took 0.043 seconds
[2026-02-26T05:35:06.572+0000] {processor.py:186} INFO - Started process (PID=3300) to work on /home/ubuntu/airflow/dags/microservice_spark_dag.py
[2026-02-26T05:35:06.573+0000] {processor.py:914} INFO - Processing file /home/ubuntu/airflow/dags/microservice_spark_dag.py for tasks to queue
[2026-02-26T05:35:06.575+0000] {logging_mixin.py:190} INFO - [2026-02-26T05:35:06.574+0000] {dagbag.py:588} INFO - Filling up the DagBag from /home/ubuntu/airflow/dags/microservice_spark_dag.py
[2026-02-26T05:35:06.579+0000] {processor.py:925} INFO - DAG(s) 'conditional_spark_trigger' retrieved from /home/ubuntu/airflow/dags/microservice_spark_dag.py
[2026-02-26T05:35:06.589+0000] {logging_mixin.py:190} INFO - [2026-02-26T05:35:06.589+0000] {dag.py:3239} INFO - Sync 1 DAGs
[2026-02-26T05:35:06.597+0000] {logging_mixin.py:190} INFO - [2026-02-26T05:35:06.596+0000] {dag.py:4180} INFO - Setting next_dagrun for conditional_spark_trigger to None, run_after=None
[2026-02-26T05:35:06.612+0000] {processor.py:208} INFO - Processing /home/ubuntu/airflow/dags/microservice_spark_dag.py took 0.044 seconds
[2026-02-26T05:36:02.174+0000] {processor.py:186} INFO - Started process (PID=3362) to work on /home/ubuntu/airflow/dags/microservice_spark_dag.py
[2026-02-26T05:36:02.175+0000] {processor.py:914} INFO - Processing file /home/ubuntu/airflow/dags/microservice_spark_dag.py for tasks to queue
[2026-02-26T05:36:02.177+0000] {logging_mixin.py:190} INFO - [2026-02-26T05:36:02.176+0000] {dagbag.py:588} INFO - Filling up the DagBag from /home/ubuntu/airflow/dags/microservice_spark_dag.py
[2026-02-26T05:36:02.181+0000] {processor.py:925} INFO - DAG(s) 'conditional_spark_trigger' retrieved from /home/ubuntu/airflow/dags/microservice_spark_dag.py
[2026-02-26T05:36:02.191+0000] {logging_mixin.py:190} INFO - [2026-02-26T05:36:02.191+0000] {dag.py:3239} INFO - Sync 1 DAGs
[2026-02-26T05:36:02.198+0000] {logging_mixin.py:190} INFO - [2026-02-26T05:36:02.198+0000] {dag.py:4180} INFO - Setting next_dagrun for conditional_spark_trigger to None, run_after=None
[2026-02-26T05:36:02.214+0000] {processor.py:208} INFO - Processing /home/ubuntu/airflow/dags/microservice_spark_dag.py took 0.044 seconds
[2026-02-26T05:36:52.350+0000] {processor.py:186} INFO - Started process (PID=3417) to work on /home/ubuntu/airflow/dags/microservice_spark_dag.py
[2026-02-26T05:36:52.351+0000] {processor.py:914} INFO - Processing file /home/ubuntu/airflow/dags/microservice_spark_dag.py for tasks to queue
[2026-02-26T05:36:52.352+0000] {logging_mixin.py:190} INFO - [2026-02-26T05:36:52.352+0000] {dagbag.py:588} INFO - Filling up the DagBag from /home/ubuntu/airflow/dags/microservice_spark_dag.py
[2026-02-26T05:36:52.357+0000] {processor.py:925} INFO - DAG(s) 'conditional_spark_trigger' retrieved from /home/ubuntu/airflow/dags/microservice_spark_dag.py
[2026-02-26T05:36:52.366+0000] {logging_mixin.py:190} INFO - [2026-02-26T05:36:52.366+0000] {dag.py:3239} INFO - Sync 1 DAGs
[2026-02-26T05:36:52.373+0000] {logging_mixin.py:190} INFO - [2026-02-26T05:36:52.373+0000] {dag.py:4180} INFO - Setting next_dagrun for conditional_spark_trigger to None, run_after=None
[2026-02-26T05:36:52.390+0000] {processor.py:208} INFO - Processing /home/ubuntu/airflow/dags/microservice_spark_dag.py took 0.043 seconds
[2026-02-26T05:37:39.701+0000] {processor.py:186} INFO - Started process (PID=3467) to work on /home/ubuntu/airflow/dags/microservice_spark_dag.py
[2026-02-26T05:37:39.702+0000] {processor.py:914} INFO - Processing file /home/ubuntu/airflow/dags/microservice_spark_dag.py for tasks to queue
[2026-02-26T05:37:39.704+0000] {logging_mixin.py:190} INFO - [2026-02-26T05:37:39.703+0000] {dagbag.py:588} INFO - Filling up the DagBag from /home/ubuntu/airflow/dags/microservice_spark_dag.py
[2026-02-26T05:37:39.708+0000] {processor.py:925} INFO - DAG(s) 'conditional_spark_trigger' retrieved from /home/ubuntu/airflow/dags/microservice_spark_dag.py
[2026-02-26T05:37:39.718+0000] {logging_mixin.py:190} INFO - [2026-02-26T05:37:39.718+0000] {dag.py:3239} INFO - Sync 1 DAGs
[2026-02-26T05:37:39.725+0000] {logging_mixin.py:190} INFO - [2026-02-26T05:37:39.725+0000] {dag.py:4180} INFO - Setting next_dagrun for conditional_spark_trigger to None, run_after=None
[2026-02-26T05:37:39.742+0000] {processor.py:208} INFO - Processing /home/ubuntu/airflow/dags/microservice_spark_dag.py took 0.045 seconds
[2026-02-26T05:38:31.208+0000] {processor.py:186} INFO - Started process (PID=3521) to work on /home/ubuntu/airflow/dags/microservice_spark_dag.py
[2026-02-26T05:38:31.209+0000] {processor.py:914} INFO - Processing file /home/ubuntu/airflow/dags/microservice_spark_dag.py for tasks to queue
[2026-02-26T05:38:31.211+0000] {logging_mixin.py:190} INFO - [2026-02-26T05:38:31.210+0000] {dagbag.py:588} INFO - Filling up the DagBag from /home/ubuntu/airflow/dags/microservice_spark_dag.py
[2026-02-26T05:38:31.215+0000] {processor.py:925} INFO - DAG(s) 'conditional_spark_trigger' retrieved from /home/ubuntu/airflow/dags/microservice_spark_dag.py
[2026-02-26T05:38:31.224+0000] {logging_mixin.py:190} INFO - [2026-02-26T05:38:31.224+0000] {dag.py:3239} INFO - Sync 1 DAGs
[2026-02-26T05:38:31.231+0000] {logging_mixin.py:190} INFO - [2026-02-26T05:38:31.231+0000] {dag.py:4180} INFO - Setting next_dagrun for conditional_spark_trigger to None, run_after=None
[2026-02-26T05:38:31.247+0000] {processor.py:208} INFO - Processing /home/ubuntu/airflow/dags/microservice_spark_dag.py took 0.042 seconds
[2026-02-26T05:39:22.472+0000] {processor.py:186} INFO - Started process (PID=3573) to work on /home/ubuntu/airflow/dags/microservice_spark_dag.py
[2026-02-26T05:39:22.473+0000] {processor.py:914} INFO - Processing file /home/ubuntu/airflow/dags/microservice_spark_dag.py for tasks to queue
[2026-02-26T05:39:22.474+0000] {logging_mixin.py:190} INFO - [2026-02-26T05:39:22.474+0000] {dagbag.py:588} INFO - Filling up the DagBag from /home/ubuntu/airflow/dags/microservice_spark_dag.py
[2026-02-26T05:39:22.479+0000] {processor.py:925} INFO - DAG(s) 'conditional_spark_trigger' retrieved from /home/ubuntu/airflow/dags/microservice_spark_dag.py
[2026-02-26T05:39:22.488+0000] {logging_mixin.py:190} INFO - [2026-02-26T05:39:22.488+0000] {dag.py:3239} INFO - Sync 1 DAGs
[2026-02-26T05:39:22.495+0000] {logging_mixin.py:190} INFO - [2026-02-26T05:39:22.495+0000] {dag.py:4180} INFO - Setting next_dagrun for conditional_spark_trigger to None, run_after=None
[2026-02-26T05:39:22.512+0000] {processor.py:208} INFO - Processing /home/ubuntu/airflow/dags/microservice_spark_dag.py took 0.044 seconds
[2026-02-26T05:40:10.121+0000] {processor.py:186} INFO - Started process (PID=3625) to work on /home/ubuntu/airflow/dags/microservice_spark_dag.py
[2026-02-26T05:40:10.122+0000] {processor.py:914} INFO - Processing file /home/ubuntu/airflow/dags/microservice_spark_dag.py for tasks to queue
[2026-02-26T05:40:10.123+0000] {logging_mixin.py:190} INFO - [2026-02-26T05:40:10.123+0000] {dagbag.py:588} INFO - Filling up the DagBag from /home/ubuntu/airflow/dags/microservice_spark_dag.py
[2026-02-26T05:40:10.128+0000] {processor.py:925} INFO - DAG(s) 'conditional_spark_trigger' retrieved from /home/ubuntu/airflow/dags/microservice_spark_dag.py
[2026-02-26T05:40:10.137+0000] {logging_mixin.py:190} INFO - [2026-02-26T05:40:10.137+0000] {dag.py:3239} INFO - Sync 1 DAGs
[2026-02-26T05:40:10.145+0000] {logging_mixin.py:190} INFO - [2026-02-26T05:40:10.144+0000] {dag.py:4180} INFO - Setting next_dagrun for conditional_spark_trigger to None, run_after=None
[2026-02-26T05:40:10.161+0000] {processor.py:208} INFO - Processing /home/ubuntu/airflow/dags/microservice_spark_dag.py took 0.043 seconds
[2026-02-26T05:40:34.335+0000] {processor.py:186} INFO - Started process (PID=3656) to work on /home/ubuntu/airflow/dags/microservice_spark_dag.py
[2026-02-26T05:40:34.335+0000] {processor.py:914} INFO - Processing file /home/ubuntu/airflow/dags/microservice_spark_dag.py for tasks to queue
[2026-02-26T05:40:34.336+0000] {logging_mixin.py:190} INFO - [2026-02-26T05:40:34.336+0000] {dagbag.py:588} INFO - Filling up the DagBag from /home/ubuntu/airflow/dags/microservice_spark_dag.py
[2026-02-26T05:40:34.342+0000] {processor.py:925} INFO - DAG(s) 'conditional_spark_trigger' retrieved from /home/ubuntu/airflow/dags/microservice_spark_dag.py
[2026-02-26T05:40:34.351+0000] {logging_mixin.py:190} INFO - [2026-02-26T05:40:34.351+0000] {dag.py:3239} INFO - Sync 1 DAGs
[2026-02-26T05:40:34.359+0000] {logging_mixin.py:190} INFO - [2026-02-26T05:40:34.358+0000] {dag.py:4180} INFO - Setting next_dagrun for conditional_spark_trigger to None, run_after=None
[2026-02-26T05:40:34.376+0000] {processor.py:208} INFO - Processing /home/ubuntu/airflow/dags/microservice_spark_dag.py took 0.045 seconds
[2026-02-26T05:41:23.445+0000] {processor.py:186} INFO - Started process (PID=3707) to work on /home/ubuntu/airflow/dags/microservice_spark_dag.py
[2026-02-26T05:41:23.446+0000] {processor.py:914} INFO - Processing file /home/ubuntu/airflow/dags/microservice_spark_dag.py for tasks to queue
[2026-02-26T05:41:23.447+0000] {logging_mixin.py:190} INFO - [2026-02-26T05:41:23.447+0000] {dagbag.py:588} INFO - Filling up the DagBag from /home/ubuntu/airflow/dags/microservice_spark_dag.py
[2026-02-26T05:41:23.451+0000] {processor.py:925} INFO - DAG(s) 'conditional_spark_trigger' retrieved from /home/ubuntu/airflow/dags/microservice_spark_dag.py
[2026-02-26T05:41:23.461+0000] {logging_mixin.py:190} INFO - [2026-02-26T05:41:23.461+0000] {dag.py:3239} INFO - Sync 1 DAGs
[2026-02-26T05:41:23.468+0000] {logging_mixin.py:190} INFO - [2026-02-26T05:41:23.468+0000] {dag.py:4180} INFO - Setting next_dagrun for conditional_spark_trigger to None, run_after=None
[2026-02-26T05:41:23.484+0000] {processor.py:208} INFO - Processing /home/ubuntu/airflow/dags/microservice_spark_dag.py took 0.043 seconds
[2026-02-26T05:42:13.028+0000] {processor.py:186} INFO - Started process (PID=3758) to work on /home/ubuntu/airflow/dags/microservice_spark_dag.py
[2026-02-26T05:42:13.029+0000] {processor.py:914} INFO - Processing file /home/ubuntu/airflow/dags/microservice_spark_dag.py for tasks to queue
[2026-02-26T05:42:13.030+0000] {logging_mixin.py:190} INFO - [2026-02-26T05:42:13.030+0000] {dagbag.py:588} INFO - Filling up the DagBag from /home/ubuntu/airflow/dags/microservice_spark_dag.py
[2026-02-26T05:42:13.035+0000] {processor.py:925} INFO - DAG(s) 'conditional_spark_trigger' retrieved from /home/ubuntu/airflow/dags/microservice_spark_dag.py
[2026-02-26T05:42:13.045+0000] {logging_mixin.py:190} INFO - [2026-02-26T05:42:13.045+0000] {dag.py:3239} INFO - Sync 1 DAGs
[2026-02-26T05:42:13.053+0000] {logging_mixin.py:190} INFO - [2026-02-26T05:42:13.053+0000] {dag.py:4180} INFO - Setting next_dagrun for conditional_spark_trigger to None, run_after=None
[2026-02-26T05:42:13.069+0000] {processor.py:208} INFO - Processing /home/ubuntu/airflow/dags/microservice_spark_dag.py took 0.045 seconds
[2026-02-26T05:43:02.092+0000] {processor.py:186} INFO - Started process (PID=3811) to work on /home/ubuntu/airflow/dags/microservice_spark_dag.py
[2026-02-26T05:43:02.093+0000] {processor.py:914} INFO - Processing file /home/ubuntu/airflow/dags/microservice_spark_dag.py for tasks to queue
[2026-02-26T05:43:02.094+0000] {logging_mixin.py:190} INFO - [2026-02-26T05:43:02.094+0000] {dagbag.py:588} INFO - Filling up the DagBag from /home/ubuntu/airflow/dags/microservice_spark_dag.py
[2026-02-26T05:43:02.099+0000] {processor.py:925} INFO - DAG(s) 'conditional_spark_trigger' retrieved from /home/ubuntu/airflow/dags/microservice_spark_dag.py
[2026-02-26T05:43:02.108+0000] {logging_mixin.py:190} INFO - [2026-02-26T05:43:02.108+0000] {dag.py:3239} INFO - Sync 1 DAGs
[2026-02-26T05:43:02.115+0000] {logging_mixin.py:190} INFO - [2026-02-26T05:43:02.115+0000] {dag.py:4180} INFO - Setting next_dagrun for conditional_spark_trigger to None, run_after=None
[2026-02-26T05:43:02.131+0000] {processor.py:208} INFO - Processing /home/ubuntu/airflow/dags/microservice_spark_dag.py took 0.043 seconds
[2026-02-26T05:43:53.400+0000] {processor.py:186} INFO - Started process (PID=3863) to work on /home/ubuntu/airflow/dags/microservice_spark_dag.py
[2026-02-26T05:43:53.401+0000] {processor.py:914} INFO - Processing file /home/ubuntu/airflow/dags/microservice_spark_dag.py for tasks to queue
[2026-02-26T05:43:53.402+0000] {logging_mixin.py:190} INFO - [2026-02-26T05:43:53.402+0000] {dagbag.py:588} INFO - Filling up the DagBag from /home/ubuntu/airflow/dags/microservice_spark_dag.py
[2026-02-26T05:43:53.407+0000] {processor.py:925} INFO - DAG(s) 'conditional_spark_trigger' retrieved from /home/ubuntu/airflow/dags/microservice_spark_dag.py
[2026-02-26T05:43:53.417+0000] {logging_mixin.py:190} INFO - [2026-02-26T05:43:53.416+0000] {dag.py:3239} INFO - Sync 1 DAGs
[2026-02-26T05:43:53.424+0000] {logging_mixin.py:190} INFO - [2026-02-26T05:43:53.424+0000] {dag.py:4180} INFO - Setting next_dagrun for conditional_spark_trigger to None, run_after=None
[2026-02-26T05:43:53.439+0000] {processor.py:208} INFO - Processing /home/ubuntu/airflow/dags/microservice_spark_dag.py took 0.043 seconds
[2026-02-26T05:44:41.060+0000] {processor.py:186} INFO - Started process (PID=3916) to work on /home/ubuntu/airflow/dags/microservice_spark_dag.py
[2026-02-26T05:44:41.061+0000] {processor.py:914} INFO - Processing file /home/ubuntu/airflow/dags/microservice_spark_dag.py for tasks to queue
[2026-02-26T05:44:41.063+0000] {logging_mixin.py:190} INFO - [2026-02-26T05:44:41.062+0000] {dagbag.py:588} INFO - Filling up the DagBag from /home/ubuntu/airflow/dags/microservice_spark_dag.py
[2026-02-26T05:44:41.067+0000] {processor.py:925} INFO - DAG(s) 'conditional_spark_trigger' retrieved from /home/ubuntu/airflow/dags/microservice_spark_dag.py
[2026-02-26T05:44:41.077+0000] {logging_mixin.py:190} INFO - [2026-02-26T05:44:41.077+0000] {dag.py:3239} INFO - Sync 1 DAGs
[2026-02-26T05:44:41.084+0000] {logging_mixin.py:190} INFO - [2026-02-26T05:44:41.084+0000] {dag.py:4180} INFO - Setting next_dagrun for conditional_spark_trigger to None, run_after=None
[2026-02-26T05:44:41.100+0000] {processor.py:208} INFO - Processing /home/ubuntu/airflow/dags/microservice_spark_dag.py took 0.044 seconds
[2026-02-26T05:58:44.280+0000] {processor.py:186} INFO - Started process (PID=2069) to work on /home/ubuntu/airflow/dags/microservice_spark_dag.py
[2026-02-26T05:58:44.283+0000] {processor.py:914} INFO - Processing file /home/ubuntu/airflow/dags/microservice_spark_dag.py for tasks to queue
[2026-02-26T05:58:44.284+0000] {logging_mixin.py:190} INFO - [2026-02-26T05:58:44.284+0000] {dagbag.py:588} INFO - Filling up the DagBag from /home/ubuntu/airflow/dags/microservice_spark_dag.py
[2026-02-26T05:58:44.303+0000] {processor.py:925} INFO - DAG(s) 'conditional_spark_trigger' retrieved from /home/ubuntu/airflow/dags/microservice_spark_dag.py
[2026-02-26T05:58:44.322+0000] {logging_mixin.py:190} INFO - [2026-02-26T05:58:44.321+0000] {dag.py:3239} INFO - Sync 1 DAGs
[2026-02-26T05:58:44.332+0000] {logging_mixin.py:190} INFO - [2026-02-26T05:58:44.332+0000] {dag.py:4180} INFO - Setting next_dagrun for conditional_spark_trigger to None, run_after=None
[2026-02-26T05:58:44.351+0000] {processor.py:208} INFO - Processing /home/ubuntu/airflow/dags/microservice_spark_dag.py took 0.074 seconds
[2026-02-26T06:03:18.187+0000] {processor.py:186} INFO - Started process (PID=2211) to work on /home/ubuntu/airflow/dags/microservice_spark_dag.py
[2026-02-26T06:03:18.189+0000] {processor.py:914} INFO - Processing file /home/ubuntu/airflow/dags/microservice_spark_dag.py for tasks to queue
[2026-02-26T06:03:18.189+0000] {logging_mixin.py:190} INFO - [2026-02-26T06:03:18.189+0000] {dagbag.py:588} INFO - Filling up the DagBag from /home/ubuntu/airflow/dags/microservice_spark_dag.py
[2026-02-26T06:03:18.192+0000] {processor.py:925} INFO - DAG(s) 'conditional_spark_trigger' retrieved from /home/ubuntu/airflow/dags/microservice_spark_dag.py
[2026-02-26T06:03:18.204+0000] {logging_mixin.py:190} INFO - [2026-02-26T06:03:18.204+0000] {dag.py:3239} INFO - Sync 1 DAGs
[2026-02-26T06:03:18.213+0000] {logging_mixin.py:190} INFO - [2026-02-26T06:03:18.213+0000] {dag.py:4180} INFO - Setting next_dagrun for conditional_spark_trigger to None, run_after=None
[2026-02-26T06:03:18.228+0000] {processor.py:208} INFO - Processing /home/ubuntu/airflow/dags/microservice_spark_dag.py took 0.044 seconds
[2026-02-26T06:13:26.036+0000] {processor.py:186} INFO - Started process (PID=2677) to work on /home/ubuntu/airflow/dags/microservice_spark_dag.py
[2026-02-26T06:13:26.037+0000] {processor.py:914} INFO - Processing file /home/ubuntu/airflow/dags/microservice_spark_dag.py for tasks to queue
[2026-02-26T06:13:26.038+0000] {logging_mixin.py:190} INFO - [2026-02-26T06:13:26.038+0000] {dagbag.py:588} INFO - Filling up the DagBag from /home/ubuntu/airflow/dags/microservice_spark_dag.py
[2026-02-26T06:13:26.044+0000] {processor.py:925} INFO - DAG(s) 'conditional_spark_trigger' retrieved from /home/ubuntu/airflow/dags/microservice_spark_dag.py
[2026-02-26T06:13:26.055+0000] {logging_mixin.py:190} INFO - [2026-02-26T06:13:26.055+0000] {dag.py:3239} INFO - Sync 1 DAGs
[2026-02-26T06:13:26.062+0000] {logging_mixin.py:190} INFO - [2026-02-26T06:13:26.062+0000] {dag.py:4180} INFO - Setting next_dagrun for conditional_spark_trigger to None, run_after=None
[2026-02-26T06:13:26.078+0000] {processor.py:208} INFO - Processing /home/ubuntu/airflow/dags/microservice_spark_dag.py took 0.045 seconds
[2026-02-26T06:14:30.919+0000] {processor.py:186} INFO - Started process (PID=2747) to work on /home/ubuntu/airflow/dags/microservice_spark_dag.py
[2026-02-26T06:14:30.920+0000] {processor.py:914} INFO - Processing file /home/ubuntu/airflow/dags/microservice_spark_dag.py for tasks to queue
[2026-02-26T06:14:30.921+0000] {logging_mixin.py:190} INFO - [2026-02-26T06:14:30.921+0000] {dagbag.py:588} INFO - Filling up the DagBag from /home/ubuntu/airflow/dags/microservice_spark_dag.py
[2026-02-26T06:14:30.926+0000] {processor.py:925} INFO - DAG(s) 'conditional_spark_trigger' retrieved from /home/ubuntu/airflow/dags/microservice_spark_dag.py
[2026-02-26T06:14:30.936+0000] {logging_mixin.py:190} INFO - [2026-02-26T06:14:30.936+0000] {dag.py:3239} INFO - Sync 1 DAGs
[2026-02-26T06:14:30.944+0000] {logging_mixin.py:190} INFO - [2026-02-26T06:14:30.944+0000] {dag.py:4180} INFO - Setting next_dagrun for conditional_spark_trigger to None, run_after=None
[2026-02-26T06:14:30.961+0000] {processor.py:208} INFO - Processing /home/ubuntu/airflow/dags/microservice_spark_dag.py took 0.046 seconds
[2026-02-26T06:15:01.737+0000] {processor.py:186} INFO - Started process (PID=2778) to work on /home/ubuntu/airflow/dags/microservice_spark_dag.py
[2026-02-26T06:15:01.738+0000] {processor.py:914} INFO - Processing file /home/ubuntu/airflow/dags/microservice_spark_dag.py for tasks to queue
[2026-02-26T06:15:01.739+0000] {logging_mixin.py:190} INFO - [2026-02-26T06:15:01.739+0000] {dagbag.py:588} INFO - Filling up the DagBag from /home/ubuntu/airflow/dags/microservice_spark_dag.py
[2026-02-26T06:15:01.744+0000] {processor.py:925} INFO - DAG(s) 'conditional_spark_trigger' retrieved from /home/ubuntu/airflow/dags/microservice_spark_dag.py
[2026-02-26T06:15:01.755+0000] {logging_mixin.py:190} INFO - [2026-02-26T06:15:01.755+0000] {dag.py:3239} INFO - Sync 1 DAGs
[2026-02-26T06:15:01.763+0000] {logging_mixin.py:190} INFO - [2026-02-26T06:15:01.763+0000] {dag.py:4180} INFO - Setting next_dagrun for conditional_spark_trigger to None, run_after=None
[2026-02-26T06:15:01.782+0000] {processor.py:208} INFO - Processing /home/ubuntu/airflow/dags/microservice_spark_dag.py took 0.049 seconds
[2026-02-26T06:15:58.606+0000] {processor.py:186} INFO - Started process (PID=2844) to work on /home/ubuntu/airflow/dags/microservice_spark_dag.py
[2026-02-26T06:15:58.607+0000] {processor.py:914} INFO - Processing file /home/ubuntu/airflow/dags/microservice_spark_dag.py for tasks to queue
[2026-02-26T06:15:58.609+0000] {logging_mixin.py:190} INFO - [2026-02-26T06:15:58.608+0000] {dagbag.py:588} INFO - Filling up the DagBag from /home/ubuntu/airflow/dags/microservice_spark_dag.py
[2026-02-26T06:15:58.614+0000] {processor.py:925} INFO - DAG(s) 'conditional_spark_trigger' retrieved from /home/ubuntu/airflow/dags/microservice_spark_dag.py
[2026-02-26T06:15:58.624+0000] {logging_mixin.py:190} INFO - [2026-02-26T06:15:58.623+0000] {dag.py:3239} INFO - Sync 1 DAGs
[2026-02-26T06:15:58.631+0000] {logging_mixin.py:190} INFO - [2026-02-26T06:15:58.631+0000] {dag.py:4180} INFO - Setting next_dagrun for conditional_spark_trigger to None, run_after=None
[2026-02-26T06:15:58.647+0000] {processor.py:208} INFO - Processing /home/ubuntu/airflow/dags/microservice_spark_dag.py took 0.045 seconds
[2026-02-26T06:16:48.817+0000] {processor.py:186} INFO - Started process (PID=2897) to work on /home/ubuntu/airflow/dags/microservice_spark_dag.py
[2026-02-26T06:16:48.818+0000] {processor.py:914} INFO - Processing file /home/ubuntu/airflow/dags/microservice_spark_dag.py for tasks to queue
[2026-02-26T06:16:48.820+0000] {logging_mixin.py:190} INFO - [2026-02-26T06:16:48.819+0000] {dagbag.py:588} INFO - Filling up the DagBag from /home/ubuntu/airflow/dags/microservice_spark_dag.py
[2026-02-26T06:16:48.824+0000] {processor.py:925} INFO - DAG(s) 'conditional_spark_trigger' retrieved from /home/ubuntu/airflow/dags/microservice_spark_dag.py
[2026-02-26T06:16:48.834+0000] {logging_mixin.py:190} INFO - [2026-02-26T06:16:48.834+0000] {dag.py:3239} INFO - Sync 1 DAGs
[2026-02-26T06:16:48.842+0000] {logging_mixin.py:190} INFO - [2026-02-26T06:16:48.842+0000] {dag.py:4180} INFO - Setting next_dagrun for conditional_spark_trigger to None, run_after=None
[2026-02-26T06:16:48.858+0000] {processor.py:208} INFO - Processing /home/ubuntu/airflow/dags/microservice_spark_dag.py took 0.045 seconds
[2026-02-26T06:17:37.307+0000] {processor.py:186} INFO - Started process (PID=2952) to work on /home/ubuntu/airflow/dags/microservice_spark_dag.py
[2026-02-26T06:17:37.309+0000] {processor.py:914} INFO - Processing file /home/ubuntu/airflow/dags/microservice_spark_dag.py for tasks to queue
[2026-02-26T06:17:37.310+0000] {logging_mixin.py:190} INFO - [2026-02-26T06:17:37.310+0000] {dagbag.py:588} INFO - Filling up the DagBag from /home/ubuntu/airflow/dags/microservice_spark_dag.py
[2026-02-26T06:17:37.315+0000] {processor.py:925} INFO - DAG(s) 'conditional_spark_trigger' retrieved from /home/ubuntu/airflow/dags/microservice_spark_dag.py
[2026-02-26T06:17:37.325+0000] {logging_mixin.py:190} INFO - [2026-02-26T06:17:37.325+0000] {dag.py:3239} INFO - Sync 1 DAGs
[2026-02-26T06:17:37.333+0000] {logging_mixin.py:190} INFO - [2026-02-26T06:17:37.333+0000] {dag.py:4180} INFO - Setting next_dagrun for conditional_spark_trigger to None, run_after=None
[2026-02-26T06:17:37.349+0000] {processor.py:208} INFO - Processing /home/ubuntu/airflow/dags/microservice_spark_dag.py took 0.046 seconds
[2026-02-26T06:18:29.242+0000] {processor.py:186} INFO - Started process (PID=3005) to work on /home/ubuntu/airflow/dags/microservice_spark_dag.py
[2026-02-26T06:18:29.244+0000] {processor.py:914} INFO - Processing file /home/ubuntu/airflow/dags/microservice_spark_dag.py for tasks to queue
[2026-02-26T06:18:29.245+0000] {logging_mixin.py:190} INFO - [2026-02-26T06:18:29.245+0000] {dagbag.py:588} INFO - Filling up the DagBag from /home/ubuntu/airflow/dags/microservice_spark_dag.py
[2026-02-26T06:18:29.249+0000] {processor.py:925} INFO - DAG(s) 'conditional_spark_trigger' retrieved from /home/ubuntu/airflow/dags/microservice_spark_dag.py
[2026-02-26T06:18:29.259+0000] {logging_mixin.py:190} INFO - [2026-02-26T06:18:29.259+0000] {dag.py:3239} INFO - Sync 1 DAGs
[2026-02-26T06:18:29.267+0000] {logging_mixin.py:190} INFO - [2026-02-26T06:18:29.267+0000] {dag.py:4180} INFO - Setting next_dagrun for conditional_spark_trigger to None, run_after=None
[2026-02-26T06:18:29.284+0000] {processor.py:208} INFO - Processing /home/ubuntu/airflow/dags/microservice_spark_dag.py took 0.045 seconds
[2026-02-26T06:19:27.599+0000] {processor.py:186} INFO - Started process (PID=3061) to work on /home/ubuntu/airflow/dags/microservice_spark_dag.py
[2026-02-26T06:19:27.600+0000] {processor.py:914} INFO - Processing file /home/ubuntu/airflow/dags/microservice_spark_dag.py for tasks to queue
[2026-02-26T06:19:27.602+0000] {logging_mixin.py:190} INFO - [2026-02-26T06:19:27.601+0000] {dagbag.py:588} INFO - Filling up the DagBag from /home/ubuntu/airflow/dags/microservice_spark_dag.py
[2026-02-26T06:19:27.681+0000] {processor.py:925} INFO - DAG(s) 'conditional_spark_trigger' retrieved from /home/ubuntu/airflow/dags/microservice_spark_dag.py
[2026-02-26T06:19:27.688+0000] {logging_mixin.py:190} INFO - [2026-02-26T06:19:27.688+0000] {dag.py:3239} INFO - Sync 1 DAGs
[2026-02-26T06:19:27.694+0000] {logging_mixin.py:190} INFO - [2026-02-26T06:19:27.694+0000] {dag.py:4180} INFO - Setting next_dagrun for conditional_spark_trigger to None, run_after=None
[2026-02-26T06:19:27.710+0000] {processor.py:208} INFO - Processing /home/ubuntu/airflow/dags/microservice_spark_dag.py took 0.114 seconds
[2026-02-26T06:20:21.327+0000] {processor.py:186} INFO - Started process (PID=3116) to work on /home/ubuntu/airflow/dags/microservice_spark_dag.py
[2026-02-26T06:20:21.329+0000] {processor.py:914} INFO - Processing file /home/ubuntu/airflow/dags/microservice_spark_dag.py for tasks to queue
[2026-02-26T06:20:21.330+0000] {logging_mixin.py:190} INFO - [2026-02-26T06:20:21.330+0000] {dagbag.py:588} INFO - Filling up the DagBag from /home/ubuntu/airflow/dags/microservice_spark_dag.py
[2026-02-26T06:20:21.335+0000] {processor.py:925} INFO - DAG(s) 'conditional_spark_trigger' retrieved from /home/ubuntu/airflow/dags/microservice_spark_dag.py
[2026-02-26T06:20:21.346+0000] {logging_mixin.py:190} INFO - [2026-02-26T06:20:21.346+0000] {dag.py:3239} INFO - Sync 1 DAGs
[2026-02-26T06:20:21.354+0000] {logging_mixin.py:190} INFO - [2026-02-26T06:20:21.354+0000] {dag.py:4180} INFO - Setting next_dagrun for conditional_spark_trigger to None, run_after=None
[2026-02-26T06:20:21.372+0000] {processor.py:208} INFO - Processing /home/ubuntu/airflow/dags/microservice_spark_dag.py took 0.048 seconds
[2026-02-26T06:21:09.269+0000] {processor.py:186} INFO - Started process (PID=3171) to work on /home/ubuntu/airflow/dags/microservice_spark_dag.py
[2026-02-26T06:21:09.270+0000] {processor.py:914} INFO - Processing file /home/ubuntu/airflow/dags/microservice_spark_dag.py for tasks to queue
[2026-02-26T06:21:09.271+0000] {logging_mixin.py:190} INFO - [2026-02-26T06:21:09.271+0000] {dagbag.py:588} INFO - Filling up the DagBag from /home/ubuntu/airflow/dags/microservice_spark_dag.py
[2026-02-26T06:21:09.276+0000] {processor.py:925} INFO - DAG(s) 'conditional_spark_trigger' retrieved from /home/ubuntu/airflow/dags/microservice_spark_dag.py
[2026-02-26T06:21:09.286+0000] {logging_mixin.py:190} INFO - [2026-02-26T06:21:09.286+0000] {dag.py:3239} INFO - Sync 1 DAGs
[2026-02-26T06:21:09.294+0000] {logging_mixin.py:190} INFO - [2026-02-26T06:21:09.294+0000] {dag.py:4180} INFO - Setting next_dagrun for conditional_spark_trigger to None, run_after=None
[2026-02-26T06:21:09.311+0000] {processor.py:208} INFO - Processing /home/ubuntu/airflow/dags/microservice_spark_dag.py took 0.046 seconds
[2026-02-26T06:21:54.647+0000] {processor.py:186} INFO - Started process (PID=3220) to work on /home/ubuntu/airflow/dags/microservice_spark_dag.py
[2026-02-26T06:21:54.648+0000] {processor.py:914} INFO - Processing file /home/ubuntu/airflow/dags/microservice_spark_dag.py for tasks to queue
[2026-02-26T06:21:54.650+0000] {logging_mixin.py:190} INFO - [2026-02-26T06:21:54.649+0000] {dagbag.py:588} INFO - Filling up the DagBag from /home/ubuntu/airflow/dags/microservice_spark_dag.py
[2026-02-26T06:21:54.655+0000] {processor.py:925} INFO - DAG(s) 'conditional_spark_trigger' retrieved from /home/ubuntu/airflow/dags/microservice_spark_dag.py
[2026-02-26T06:21:54.665+0000] {logging_mixin.py:190} INFO - [2026-02-26T06:21:54.665+0000] {dag.py:3239} INFO - Sync 1 DAGs
[2026-02-26T06:21:54.673+0000] {logging_mixin.py:190} INFO - [2026-02-26T06:21:54.673+0000] {dag.py:4180} INFO - Setting next_dagrun for conditional_spark_trigger to None, run_after=None
[2026-02-26T06:21:54.690+0000] {processor.py:208} INFO - Processing /home/ubuntu/airflow/dags/microservice_spark_dag.py took 0.047 seconds
[2026-02-26T06:22:46.431+0000] {processor.py:186} INFO - Started process (PID=3275) to work on /home/ubuntu/airflow/dags/microservice_spark_dag.py
[2026-02-26T06:22:46.433+0000] {processor.py:914} INFO - Processing file /home/ubuntu/airflow/dags/microservice_spark_dag.py for tasks to queue
[2026-02-26T06:22:46.434+0000] {logging_mixin.py:190} INFO - [2026-02-26T06:22:46.434+0000] {dagbag.py:588} INFO - Filling up the DagBag from /home/ubuntu/airflow/dags/microservice_spark_dag.py
[2026-02-26T06:22:46.439+0000] {processor.py:925} INFO - DAG(s) 'conditional_spark_trigger' retrieved from /home/ubuntu/airflow/dags/microservice_spark_dag.py
[2026-02-26T06:22:46.449+0000] {logging_mixin.py:190} INFO - [2026-02-26T06:22:46.449+0000] {dag.py:3239} INFO - Sync 1 DAGs
[2026-02-26T06:22:46.457+0000] {logging_mixin.py:190} INFO - [2026-02-26T06:22:46.457+0000] {dag.py:4180} INFO - Setting next_dagrun for conditional_spark_trigger to None, run_after=None
[2026-02-26T06:22:46.474+0000] {processor.py:208} INFO - Processing /home/ubuntu/airflow/dags/microservice_spark_dag.py took 0.047 seconds
[2026-02-26T06:23:38.130+0000] {processor.py:186} INFO - Started process (PID=3328) to work on /home/ubuntu/airflow/dags/microservice_spark_dag.py
[2026-02-26T06:23:38.131+0000] {processor.py:914} INFO - Processing file /home/ubuntu/airflow/dags/microservice_spark_dag.py for tasks to queue
[2026-02-26T06:23:38.132+0000] {logging_mixin.py:190} INFO - [2026-02-26T06:23:38.132+0000] {dagbag.py:588} INFO - Filling up the DagBag from /home/ubuntu/airflow/dags/microservice_spark_dag.py
[2026-02-26T06:23:38.137+0000] {processor.py:925} INFO - DAG(s) 'conditional_spark_trigger' retrieved from /home/ubuntu/airflow/dags/microservice_spark_dag.py
[2026-02-26T06:23:38.148+0000] {logging_mixin.py:190} INFO - [2026-02-26T06:23:38.147+0000] {dag.py:3239} INFO - Sync 1 DAGs
[2026-02-26T06:23:38.156+0000] {logging_mixin.py:190} INFO - [2026-02-26T06:23:38.155+0000] {dag.py:4180} INFO - Setting next_dagrun for conditional_spark_trigger to None, run_after=None
[2026-02-26T06:23:38.172+0000] {processor.py:208} INFO - Processing /home/ubuntu/airflow/dags/microservice_spark_dag.py took 0.046 seconds
[2026-02-26T06:24:36.692+0000] {processor.py:186} INFO - Started process (PID=3389) to work on /home/ubuntu/airflow/dags/microservice_spark_dag.py
[2026-02-26T06:24:36.693+0000] {processor.py:914} INFO - Processing file /home/ubuntu/airflow/dags/microservice_spark_dag.py for tasks to queue
[2026-02-26T06:24:36.694+0000] {logging_mixin.py:190} INFO - [2026-02-26T06:24:36.694+0000] {dagbag.py:588} INFO - Filling up the DagBag from /home/ubuntu/airflow/dags/microservice_spark_dag.py
[2026-02-26T06:24:36.699+0000] {processor.py:925} INFO - DAG(s) 'conditional_spark_trigger' retrieved from /home/ubuntu/airflow/dags/microservice_spark_dag.py
[2026-02-26T06:24:36.709+0000] {logging_mixin.py:190} INFO - [2026-02-26T06:24:36.709+0000] {dag.py:3239} INFO - Sync 1 DAGs
[2026-02-26T06:24:36.718+0000] {logging_mixin.py:190} INFO - [2026-02-26T06:24:36.718+0000] {dag.py:4180} INFO - Setting next_dagrun for conditional_spark_trigger to None, run_after=None
[2026-02-26T06:24:36.734+0000] {processor.py:208} INFO - Processing /home/ubuntu/airflow/dags/microservice_spark_dag.py took 0.047 seconds
