[2026-02-26T05:23:21.774+0000] {processor.py:186} INFO - Started process (PID=2168) to work on /home/ubuntu/airflow-venv/lib/python3.12/site-packages/airflow/example_dags/example_branch_datetime_operator.py
[2026-02-26T05:23:21.774+0000] {processor.py:914} INFO - Processing file /home/ubuntu/airflow-venv/lib/python3.12/site-packages/airflow/example_dags/example_branch_datetime_operator.py for tasks to queue
[2026-02-26T05:23:21.776+0000] {logging_mixin.py:190} INFO - [2026-02-26T05:23:21.775+0000] {dagbag.py:588} INFO - Filling up the DagBag from /home/ubuntu/airflow-venv/lib/python3.12/site-packages/airflow/example_dags/example_branch_datetime_operator.py
[2026-02-26T05:23:21.783+0000] {processor.py:925} INFO - DAG(s) 'example_branch_datetime_operator_2', 'example_branch_datetime_operator_3', 'example_branch_datetime_operator' retrieved from /home/ubuntu/airflow-venv/lib/python3.12/site-packages/airflow/example_dags/example_branch_datetime_operator.py
[2026-02-26T05:23:21.795+0000] {logging_mixin.py:190} INFO - [2026-02-26T05:23:21.795+0000] {dag.py:3239} INFO - Sync 3 DAGs
[2026-02-26T05:23:21.808+0000] {logging_mixin.py:190} INFO - [2026-02-26T05:23:21.808+0000] {dag.py:4180} INFO - Setting next_dagrun for example_branch_datetime_operator to 2026-02-25 00:00:00+00:00, run_after=2026-02-26 00:00:00+00:00
[2026-02-26T05:23:21.810+0000] {logging_mixin.py:190} INFO - [2026-02-26T05:23:21.810+0000] {dag.py:4180} INFO - Setting next_dagrun for example_branch_datetime_operator_2 to 2026-02-25 00:00:00+00:00, run_after=2026-02-26 00:00:00+00:00
[2026-02-26T05:23:21.811+0000] {logging_mixin.py:190} INFO - [2026-02-26T05:23:21.811+0000] {dag.py:4180} INFO - Setting next_dagrun for example_branch_datetime_operator_3 to 2026-02-25 00:00:00+00:00, run_after=2026-02-26 00:00:00+00:00
[2026-02-26T05:23:21.826+0000] {processor.py:208} INFO - Processing /home/ubuntu/airflow-venv/lib/python3.12/site-packages/airflow/example_dags/example_branch_datetime_operator.py took 0.055 seconds
[2026-02-26T05:24:37.088+0000] {processor.py:186} INFO - Started process (PID=2248) to work on /home/ubuntu/airflow-venv/lib/python3.12/site-packages/airflow/example_dags/example_branch_datetime_operator.py
[2026-02-26T05:24:37.089+0000] {processor.py:914} INFO - Processing file /home/ubuntu/airflow-venv/lib/python3.12/site-packages/airflow/example_dags/example_branch_datetime_operator.py for tasks to queue
[2026-02-26T05:24:37.090+0000] {logging_mixin.py:190} INFO - [2026-02-26T05:24:37.090+0000] {dagbag.py:588} INFO - Filling up the DagBag from /home/ubuntu/airflow-venv/lib/python3.12/site-packages/airflow/example_dags/example_branch_datetime_operator.py
[2026-02-26T05:24:37.098+0000] {processor.py:925} INFO - DAG(s) 'example_branch_datetime_operator', 'example_branch_datetime_operator_2', 'example_branch_datetime_operator_3' retrieved from /home/ubuntu/airflow-venv/lib/python3.12/site-packages/airflow/example_dags/example_branch_datetime_operator.py
[2026-02-26T05:24:37.110+0000] {logging_mixin.py:190} INFO - [2026-02-26T05:24:37.110+0000] {dag.py:3239} INFO - Sync 3 DAGs
[2026-02-26T05:24:37.122+0000] {logging_mixin.py:190} INFO - [2026-02-26T05:24:37.122+0000] {dag.py:4180} INFO - Setting next_dagrun for example_branch_datetime_operator to 2026-02-25 00:00:00+00:00, run_after=2026-02-26 00:00:00+00:00
[2026-02-26T05:24:37.125+0000] {logging_mixin.py:190} INFO - [2026-02-26T05:24:37.125+0000] {dag.py:4180} INFO - Setting next_dagrun for example_branch_datetime_operator_2 to 2026-02-25 00:00:00+00:00, run_after=2026-02-26 00:00:00+00:00
[2026-02-26T05:24:37.126+0000] {logging_mixin.py:190} INFO - [2026-02-26T05:24:37.126+0000] {dag.py:4180} INFO - Setting next_dagrun for example_branch_datetime_operator_3 to 2026-02-25 00:00:00+00:00, run_after=2026-02-26 00:00:00+00:00
[2026-02-26T05:24:37.141+0000] {processor.py:208} INFO - Processing /home/ubuntu/airflow-venv/lib/python3.12/site-packages/airflow/example_dags/example_branch_datetime_operator.py took 0.057 seconds
[2026-02-26T05:25:49.286+0000] {processor.py:186} INFO - Started process (PID=2340) to work on /home/ubuntu/airflow-venv/lib/python3.12/site-packages/airflow/example_dags/example_branch_datetime_operator.py
[2026-02-26T05:25:49.288+0000] {processor.py:914} INFO - Processing file /home/ubuntu/airflow-venv/lib/python3.12/site-packages/airflow/example_dags/example_branch_datetime_operator.py for tasks to queue
[2026-02-26T05:25:49.289+0000] {logging_mixin.py:190} INFO - [2026-02-26T05:25:49.289+0000] {dagbag.py:588} INFO - Filling up the DagBag from /home/ubuntu/airflow-venv/lib/python3.12/site-packages/airflow/example_dags/example_branch_datetime_operator.py
[2026-02-26T05:25:49.296+0000] {processor.py:925} INFO - DAG(s) 'example_branch_datetime_operator_2', 'example_branch_datetime_operator', 'example_branch_datetime_operator_3' retrieved from /home/ubuntu/airflow-venv/lib/python3.12/site-packages/airflow/example_dags/example_branch_datetime_operator.py
[2026-02-26T05:25:49.308+0000] {logging_mixin.py:190} INFO - [2026-02-26T05:25:49.308+0000] {dag.py:3239} INFO - Sync 3 DAGs
[2026-02-26T05:25:49.320+0000] {logging_mixin.py:190} INFO - [2026-02-26T05:25:49.320+0000] {dag.py:4180} INFO - Setting next_dagrun for example_branch_datetime_operator to 2026-02-25 00:00:00+00:00, run_after=2026-02-26 00:00:00+00:00
[2026-02-26T05:25:49.323+0000] {logging_mixin.py:190} INFO - [2026-02-26T05:25:49.322+0000] {dag.py:4180} INFO - Setting next_dagrun for example_branch_datetime_operator_2 to 2026-02-25 00:00:00+00:00, run_after=2026-02-26 00:00:00+00:00
[2026-02-26T05:25:49.324+0000] {logging_mixin.py:190} INFO - [2026-02-26T05:25:49.324+0000] {dag.py:4180} INFO - Setting next_dagrun for example_branch_datetime_operator_3 to 2026-02-25 00:00:00+00:00, run_after=2026-02-26 00:00:00+00:00
[2026-02-26T05:25:49.338+0000] {processor.py:208} INFO - Processing /home/ubuntu/airflow-venv/lib/python3.12/site-packages/airflow/example_dags/example_branch_datetime_operator.py took 0.055 seconds
[2026-02-26T05:27:02.435+0000] {processor.py:186} INFO - Started process (PID=2422) to work on /home/ubuntu/airflow-venv/lib/python3.12/site-packages/airflow/example_dags/example_branch_datetime_operator.py
[2026-02-26T05:27:02.436+0000] {processor.py:914} INFO - Processing file /home/ubuntu/airflow-venv/lib/python3.12/site-packages/airflow/example_dags/example_branch_datetime_operator.py for tasks to queue
[2026-02-26T05:27:02.437+0000] {logging_mixin.py:190} INFO - [2026-02-26T05:27:02.437+0000] {dagbag.py:588} INFO - Filling up the DagBag from /home/ubuntu/airflow-venv/lib/python3.12/site-packages/airflow/example_dags/example_branch_datetime_operator.py
[2026-02-26T05:27:02.444+0000] {processor.py:925} INFO - DAG(s) 'example_branch_datetime_operator_3', 'example_branch_datetime_operator', 'example_branch_datetime_operator_2' retrieved from /home/ubuntu/airflow-venv/lib/python3.12/site-packages/airflow/example_dags/example_branch_datetime_operator.py
[2026-02-26T05:27:02.456+0000] {logging_mixin.py:190} INFO - [2026-02-26T05:27:02.456+0000] {dag.py:3239} INFO - Sync 3 DAGs
[2026-02-26T05:27:02.468+0000] {logging_mixin.py:190} INFO - [2026-02-26T05:27:02.468+0000] {dag.py:4180} INFO - Setting next_dagrun for example_branch_datetime_operator to 2026-02-25 00:00:00+00:00, run_after=2026-02-26 00:00:00+00:00
[2026-02-26T05:27:02.470+0000] {logging_mixin.py:190} INFO - [2026-02-26T05:27:02.470+0000] {dag.py:4180} INFO - Setting next_dagrun for example_branch_datetime_operator_2 to 2026-02-25 00:00:00+00:00, run_after=2026-02-26 00:00:00+00:00
[2026-02-26T05:27:02.471+0000] {logging_mixin.py:190} INFO - [2026-02-26T05:27:02.471+0000] {dag.py:4180} INFO - Setting next_dagrun for example_branch_datetime_operator_3 to 2026-02-25 00:00:00+00:00, run_after=2026-02-26 00:00:00+00:00
[2026-02-26T05:27:02.486+0000] {processor.py:208} INFO - Processing /home/ubuntu/airflow-venv/lib/python3.12/site-packages/airflow/example_dags/example_branch_datetime_operator.py took 0.054 seconds
[2026-02-26T05:28:18.296+0000] {processor.py:186} INFO - Started process (PID=2864) to work on /home/ubuntu/airflow-venv/lib/python3.12/site-packages/airflow/example_dags/example_branch_datetime_operator.py
[2026-02-26T05:28:18.297+0000] {processor.py:914} INFO - Processing file /home/ubuntu/airflow-venv/lib/python3.12/site-packages/airflow/example_dags/example_branch_datetime_operator.py for tasks to queue
[2026-02-26T05:28:18.298+0000] {logging_mixin.py:190} INFO - [2026-02-26T05:28:18.298+0000] {dagbag.py:588} INFO - Filling up the DagBag from /home/ubuntu/airflow-venv/lib/python3.12/site-packages/airflow/example_dags/example_branch_datetime_operator.py
[2026-02-26T05:28:18.305+0000] {processor.py:925} INFO - DAG(s) 'example_branch_datetime_operator_2', 'example_branch_datetime_operator', 'example_branch_datetime_operator_3' retrieved from /home/ubuntu/airflow-venv/lib/python3.12/site-packages/airflow/example_dags/example_branch_datetime_operator.py
[2026-02-26T05:28:18.318+0000] {logging_mixin.py:190} INFO - [2026-02-26T05:28:18.318+0000] {dag.py:3239} INFO - Sync 3 DAGs
[2026-02-26T05:28:18.393+0000] {logging_mixin.py:190} INFO - [2026-02-26T05:28:18.393+0000] {dag.py:4180} INFO - Setting next_dagrun for example_branch_datetime_operator to 2026-02-25 00:00:00+00:00, run_after=2026-02-26 00:00:00+00:00
[2026-02-26T05:28:18.395+0000] {logging_mixin.py:190} INFO - [2026-02-26T05:28:18.395+0000] {dag.py:4180} INFO - Setting next_dagrun for example_branch_datetime_operator_2 to 2026-02-25 00:00:00+00:00, run_after=2026-02-26 00:00:00+00:00
[2026-02-26T05:28:18.396+0000] {logging_mixin.py:190} INFO - [2026-02-26T05:28:18.396+0000] {dag.py:4180} INFO - Setting next_dagrun for example_branch_datetime_operator_3 to 2026-02-25 00:00:00+00:00, run_after=2026-02-26 00:00:00+00:00
[2026-02-26T05:28:18.410+0000] {processor.py:208} INFO - Processing /home/ubuntu/airflow-venv/lib/python3.12/site-packages/airflow/example_dags/example_branch_datetime_operator.py took 0.118 seconds
[2026-02-26T05:29:37.085+0000] {processor.py:186} INFO - Started process (PID=2945) to work on /home/ubuntu/airflow-venv/lib/python3.12/site-packages/airflow/example_dags/example_branch_datetime_operator.py
[2026-02-26T05:29:37.086+0000] {processor.py:914} INFO - Processing file /home/ubuntu/airflow-venv/lib/python3.12/site-packages/airflow/example_dags/example_branch_datetime_operator.py for tasks to queue
[2026-02-26T05:29:37.088+0000] {logging_mixin.py:190} INFO - [2026-02-26T05:29:37.087+0000] {dagbag.py:588} INFO - Filling up the DagBag from /home/ubuntu/airflow-venv/lib/python3.12/site-packages/airflow/example_dags/example_branch_datetime_operator.py
[2026-02-26T05:29:37.095+0000] {processor.py:925} INFO - DAG(s) 'example_branch_datetime_operator_3', 'example_branch_datetime_operator', 'example_branch_datetime_operator_2' retrieved from /home/ubuntu/airflow-venv/lib/python3.12/site-packages/airflow/example_dags/example_branch_datetime_operator.py
[2026-02-26T05:29:37.107+0000] {logging_mixin.py:190} INFO - [2026-02-26T05:29:37.107+0000] {dag.py:3239} INFO - Sync 3 DAGs
[2026-02-26T05:29:37.120+0000] {logging_mixin.py:190} INFO - [2026-02-26T05:29:37.120+0000] {dag.py:4180} INFO - Setting next_dagrun for example_branch_datetime_operator to 2026-02-25 00:00:00+00:00, run_after=2026-02-26 00:00:00+00:00
[2026-02-26T05:29:37.123+0000] {logging_mixin.py:190} INFO - [2026-02-26T05:29:37.122+0000] {dag.py:4180} INFO - Setting next_dagrun for example_branch_datetime_operator_2 to 2026-02-25 00:00:00+00:00, run_after=2026-02-26 00:00:00+00:00
[2026-02-26T05:29:37.124+0000] {logging_mixin.py:190} INFO - [2026-02-26T05:29:37.124+0000] {dag.py:4180} INFO - Setting next_dagrun for example_branch_datetime_operator_3 to 2026-02-25 00:00:00+00:00, run_after=2026-02-26 00:00:00+00:00
[2026-02-26T05:29:37.139+0000] {processor.py:208} INFO - Processing /home/ubuntu/airflow-venv/lib/python3.12/site-packages/airflow/example_dags/example_branch_datetime_operator.py took 0.057 seconds
[2026-02-26T05:30:55.234+0000] {processor.py:186} INFO - Started process (PID=3030) to work on /home/ubuntu/airflow-venv/lib/python3.12/site-packages/airflow/example_dags/example_branch_datetime_operator.py
[2026-02-26T05:30:55.235+0000] {processor.py:914} INFO - Processing file /home/ubuntu/airflow-venv/lib/python3.12/site-packages/airflow/example_dags/example_branch_datetime_operator.py for tasks to queue
[2026-02-26T05:30:55.236+0000] {logging_mixin.py:190} INFO - [2026-02-26T05:30:55.236+0000] {dagbag.py:588} INFO - Filling up the DagBag from /home/ubuntu/airflow-venv/lib/python3.12/site-packages/airflow/example_dags/example_branch_datetime_operator.py
[2026-02-26T05:30:55.244+0000] {processor.py:925} INFO - DAG(s) 'example_branch_datetime_operator_2', 'example_branch_datetime_operator_3', 'example_branch_datetime_operator' retrieved from /home/ubuntu/airflow-venv/lib/python3.12/site-packages/airflow/example_dags/example_branch_datetime_operator.py
[2026-02-26T05:30:55.256+0000] {logging_mixin.py:190} INFO - [2026-02-26T05:30:55.256+0000] {dag.py:3239} INFO - Sync 3 DAGs
[2026-02-26T05:30:55.269+0000] {logging_mixin.py:190} INFO - [2026-02-26T05:30:55.269+0000] {dag.py:4180} INFO - Setting next_dagrun for example_branch_datetime_operator to 2026-02-25 00:00:00+00:00, run_after=2026-02-26 00:00:00+00:00
[2026-02-26T05:30:55.272+0000] {logging_mixin.py:190} INFO - [2026-02-26T05:30:55.272+0000] {dag.py:4180} INFO - Setting next_dagrun for example_branch_datetime_operator_2 to 2026-02-25 00:00:00+00:00, run_after=2026-02-26 00:00:00+00:00
[2026-02-26T05:30:55.273+0000] {logging_mixin.py:190} INFO - [2026-02-26T05:30:55.273+0000] {dag.py:4180} INFO - Setting next_dagrun for example_branch_datetime_operator_3 to 2026-02-25 00:00:00+00:00, run_after=2026-02-26 00:00:00+00:00
[2026-02-26T05:30:55.288+0000] {processor.py:208} INFO - Processing /home/ubuntu/airflow-venv/lib/python3.12/site-packages/airflow/example_dags/example_branch_datetime_operator.py took 0.058 seconds
[2026-02-26T05:32:13.349+0000] {processor.py:186} INFO - Started process (PID=3110) to work on /home/ubuntu/airflow-venv/lib/python3.12/site-packages/airflow/example_dags/example_branch_datetime_operator.py
[2026-02-26T05:32:13.350+0000] {processor.py:914} INFO - Processing file /home/ubuntu/airflow-venv/lib/python3.12/site-packages/airflow/example_dags/example_branch_datetime_operator.py for tasks to queue
[2026-02-26T05:32:13.351+0000] {logging_mixin.py:190} INFO - [2026-02-26T05:32:13.351+0000] {dagbag.py:588} INFO - Filling up the DagBag from /home/ubuntu/airflow-venv/lib/python3.12/site-packages/airflow/example_dags/example_branch_datetime_operator.py
[2026-02-26T05:32:13.358+0000] {processor.py:925} INFO - DAG(s) 'example_branch_datetime_operator_2', 'example_branch_datetime_operator', 'example_branch_datetime_operator_3' retrieved from /home/ubuntu/airflow-venv/lib/python3.12/site-packages/airflow/example_dags/example_branch_datetime_operator.py
[2026-02-26T05:32:13.371+0000] {logging_mixin.py:190} INFO - [2026-02-26T05:32:13.371+0000] {dag.py:3239} INFO - Sync 3 DAGs
[2026-02-26T05:32:13.384+0000] {logging_mixin.py:190} INFO - [2026-02-26T05:32:13.384+0000] {dag.py:4180} INFO - Setting next_dagrun for example_branch_datetime_operator to 2026-02-25 00:00:00+00:00, run_after=2026-02-26 00:00:00+00:00
[2026-02-26T05:32:13.387+0000] {logging_mixin.py:190} INFO - [2026-02-26T05:32:13.387+0000] {dag.py:4180} INFO - Setting next_dagrun for example_branch_datetime_operator_2 to 2026-02-25 00:00:00+00:00, run_after=2026-02-26 00:00:00+00:00
[2026-02-26T05:32:13.388+0000] {logging_mixin.py:190} INFO - [2026-02-26T05:32:13.388+0000] {dag.py:4180} INFO - Setting next_dagrun for example_branch_datetime_operator_3 to 2026-02-25 00:00:00+00:00, run_after=2026-02-26 00:00:00+00:00
[2026-02-26T05:32:13.403+0000] {processor.py:208} INFO - Processing /home/ubuntu/airflow-venv/lib/python3.12/site-packages/airflow/example_dags/example_branch_datetime_operator.py took 0.058 seconds
[2026-02-26T05:33:26.973+0000] {processor.py:186} INFO - Started process (PID=3187) to work on /home/ubuntu/airflow-venv/lib/python3.12/site-packages/airflow/example_dags/example_branch_datetime_operator.py
[2026-02-26T05:33:26.974+0000] {processor.py:914} INFO - Processing file /home/ubuntu/airflow-venv/lib/python3.12/site-packages/airflow/example_dags/example_branch_datetime_operator.py for tasks to queue
[2026-02-26T05:33:26.975+0000] {logging_mixin.py:190} INFO - [2026-02-26T05:33:26.975+0000] {dagbag.py:588} INFO - Filling up the DagBag from /home/ubuntu/airflow-venv/lib/python3.12/site-packages/airflow/example_dags/example_branch_datetime_operator.py
[2026-02-26T05:33:26.982+0000] {processor.py:925} INFO - DAG(s) 'example_branch_datetime_operator_2', 'example_branch_datetime_operator_3', 'example_branch_datetime_operator' retrieved from /home/ubuntu/airflow-venv/lib/python3.12/site-packages/airflow/example_dags/example_branch_datetime_operator.py
[2026-02-26T05:33:26.995+0000] {logging_mixin.py:190} INFO - [2026-02-26T05:33:26.995+0000] {dag.py:3239} INFO - Sync 3 DAGs
[2026-02-26T05:33:27.008+0000] {logging_mixin.py:190} INFO - [2026-02-26T05:33:27.008+0000] {dag.py:4180} INFO - Setting next_dagrun for example_branch_datetime_operator to 2026-02-25 00:00:00+00:00, run_after=2026-02-26 00:00:00+00:00
[2026-02-26T05:33:27.010+0000] {logging_mixin.py:190} INFO - [2026-02-26T05:33:27.010+0000] {dag.py:4180} INFO - Setting next_dagrun for example_branch_datetime_operator_2 to 2026-02-25 00:00:00+00:00, run_after=2026-02-26 00:00:00+00:00
[2026-02-26T05:33:27.011+0000] {logging_mixin.py:190} INFO - [2026-02-26T05:33:27.011+0000] {dag.py:4180} INFO - Setting next_dagrun for example_branch_datetime_operator_3 to 2026-02-25 00:00:00+00:00, run_after=2026-02-26 00:00:00+00:00
[2026-02-26T05:33:27.026+0000] {processor.py:208} INFO - Processing /home/ubuntu/airflow-venv/lib/python3.12/site-packages/airflow/example_dags/example_branch_datetime_operator.py took 0.056 seconds
[2026-02-26T05:34:38.897+0000] {processor.py:186} INFO - Started process (PID=3270) to work on /home/ubuntu/airflow-venv/lib/python3.12/site-packages/airflow/example_dags/example_branch_datetime_operator.py
[2026-02-26T05:34:38.898+0000] {processor.py:914} INFO - Processing file /home/ubuntu/airflow-venv/lib/python3.12/site-packages/airflow/example_dags/example_branch_datetime_operator.py for tasks to queue
[2026-02-26T05:34:38.900+0000] {logging_mixin.py:190} INFO - [2026-02-26T05:34:38.899+0000] {dagbag.py:588} INFO - Filling up the DagBag from /home/ubuntu/airflow-venv/lib/python3.12/site-packages/airflow/example_dags/example_branch_datetime_operator.py
[2026-02-26T05:34:38.907+0000] {processor.py:925} INFO - DAG(s) 'example_branch_datetime_operator_3', 'example_branch_datetime_operator_2', 'example_branch_datetime_operator' retrieved from /home/ubuntu/airflow-venv/lib/python3.12/site-packages/airflow/example_dags/example_branch_datetime_operator.py
[2026-02-26T05:34:38.919+0000] {logging_mixin.py:190} INFO - [2026-02-26T05:34:38.919+0000] {dag.py:3239} INFO - Sync 3 DAGs
[2026-02-26T05:34:38.932+0000] {logging_mixin.py:190} INFO - [2026-02-26T05:34:38.931+0000] {dag.py:4180} INFO - Setting next_dagrun for example_branch_datetime_operator to 2026-02-25 00:00:00+00:00, run_after=2026-02-26 00:00:00+00:00
[2026-02-26T05:34:38.935+0000] {logging_mixin.py:190} INFO - [2026-02-26T05:34:38.935+0000] {dag.py:4180} INFO - Setting next_dagrun for example_branch_datetime_operator_2 to 2026-02-25 00:00:00+00:00, run_after=2026-02-26 00:00:00+00:00
[2026-02-26T05:34:38.936+0000] {logging_mixin.py:190} INFO - [2026-02-26T05:34:38.936+0000] {dag.py:4180} INFO - Setting next_dagrun for example_branch_datetime_operator_3 to 2026-02-25 00:00:00+00:00, run_after=2026-02-26 00:00:00+00:00
[2026-02-26T05:34:38.950+0000] {processor.py:208} INFO - Processing /home/ubuntu/airflow-venv/lib/python3.12/site-packages/airflow/example_dags/example_branch_datetime_operator.py took 0.056 seconds
[2026-02-26T05:35:59.295+0000] {processor.py:186} INFO - Started process (PID=3359) to work on /home/ubuntu/airflow-venv/lib/python3.12/site-packages/airflow/example_dags/example_branch_datetime_operator.py
[2026-02-26T05:35:59.296+0000] {processor.py:914} INFO - Processing file /home/ubuntu/airflow-venv/lib/python3.12/site-packages/airflow/example_dags/example_branch_datetime_operator.py for tasks to queue
[2026-02-26T05:35:59.297+0000] {logging_mixin.py:190} INFO - [2026-02-26T05:35:59.297+0000] {dagbag.py:588} INFO - Filling up the DagBag from /home/ubuntu/airflow-venv/lib/python3.12/site-packages/airflow/example_dags/example_branch_datetime_operator.py
[2026-02-26T05:35:59.305+0000] {processor.py:925} INFO - DAG(s) 'example_branch_datetime_operator', 'example_branch_datetime_operator_2', 'example_branch_datetime_operator_3' retrieved from /home/ubuntu/airflow-venv/lib/python3.12/site-packages/airflow/example_dags/example_branch_datetime_operator.py
[2026-02-26T05:35:59.317+0000] {logging_mixin.py:190} INFO - [2026-02-26T05:35:59.317+0000] {dag.py:3239} INFO - Sync 3 DAGs
[2026-02-26T05:35:59.330+0000] {logging_mixin.py:190} INFO - [2026-02-26T05:35:59.330+0000] {dag.py:4180} INFO - Setting next_dagrun for example_branch_datetime_operator to 2026-02-25 00:00:00+00:00, run_after=2026-02-26 00:00:00+00:00
[2026-02-26T05:35:59.333+0000] {logging_mixin.py:190} INFO - [2026-02-26T05:35:59.333+0000] {dag.py:4180} INFO - Setting next_dagrun for example_branch_datetime_operator_2 to 2026-02-25 00:00:00+00:00, run_after=2026-02-26 00:00:00+00:00
[2026-02-26T05:35:59.334+0000] {logging_mixin.py:190} INFO - [2026-02-26T05:35:59.334+0000] {dag.py:4180} INFO - Setting next_dagrun for example_branch_datetime_operator_3 to 2026-02-25 00:00:00+00:00, run_after=2026-02-26 00:00:00+00:00
[2026-02-26T05:35:59.349+0000] {processor.py:208} INFO - Processing /home/ubuntu/airflow-venv/lib/python3.12/site-packages/airflow/example_dags/example_branch_datetime_operator.py took 0.058 seconds
[2026-02-26T05:37:12.898+0000] {processor.py:186} INFO - Started process (PID=3440) to work on /home/ubuntu/airflow-venv/lib/python3.12/site-packages/airflow/example_dags/example_branch_datetime_operator.py
[2026-02-26T05:37:12.899+0000] {processor.py:914} INFO - Processing file /home/ubuntu/airflow-venv/lib/python3.12/site-packages/airflow/example_dags/example_branch_datetime_operator.py for tasks to queue
[2026-02-26T05:37:12.900+0000] {logging_mixin.py:190} INFO - [2026-02-26T05:37:12.900+0000] {dagbag.py:588} INFO - Filling up the DagBag from /home/ubuntu/airflow-venv/lib/python3.12/site-packages/airflow/example_dags/example_branch_datetime_operator.py
[2026-02-26T05:37:12.908+0000] {processor.py:925} INFO - DAG(s) 'example_branch_datetime_operator_3', 'example_branch_datetime_operator_2', 'example_branch_datetime_operator' retrieved from /home/ubuntu/airflow-venv/lib/python3.12/site-packages/airflow/example_dags/example_branch_datetime_operator.py
[2026-02-26T05:37:12.921+0000] {logging_mixin.py:190} INFO - [2026-02-26T05:37:12.920+0000] {dag.py:3239} INFO - Sync 3 DAGs
[2026-02-26T05:37:12.933+0000] {logging_mixin.py:190} INFO - [2026-02-26T05:37:12.933+0000] {dag.py:4180} INFO - Setting next_dagrun for example_branch_datetime_operator to 2026-02-25 00:00:00+00:00, run_after=2026-02-26 00:00:00+00:00
[2026-02-26T05:37:12.936+0000] {logging_mixin.py:190} INFO - [2026-02-26T05:37:12.936+0000] {dag.py:4180} INFO - Setting next_dagrun for example_branch_datetime_operator_2 to 2026-02-25 00:00:00+00:00, run_after=2026-02-26 00:00:00+00:00
[2026-02-26T05:37:12.937+0000] {logging_mixin.py:190} INFO - [2026-02-26T05:37:12.937+0000] {dag.py:4180} INFO - Setting next_dagrun for example_branch_datetime_operator_3 to 2026-02-25 00:00:00+00:00, run_after=2026-02-26 00:00:00+00:00
[2026-02-26T05:37:12.952+0000] {processor.py:208} INFO - Processing /home/ubuntu/airflow-venv/lib/python3.12/site-packages/airflow/example_dags/example_branch_datetime_operator.py took 0.058 seconds
[2026-02-26T05:38:29.284+0000] {processor.py:186} INFO - Started process (PID=3518) to work on /home/ubuntu/airflow-venv/lib/python3.12/site-packages/airflow/example_dags/example_branch_datetime_operator.py
[2026-02-26T05:38:29.286+0000] {processor.py:914} INFO - Processing file /home/ubuntu/airflow-venv/lib/python3.12/site-packages/airflow/example_dags/example_branch_datetime_operator.py for tasks to queue
[2026-02-26T05:38:29.287+0000] {logging_mixin.py:190} INFO - [2026-02-26T05:38:29.287+0000] {dagbag.py:588} INFO - Filling up the DagBag from /home/ubuntu/airflow-venv/lib/python3.12/site-packages/airflow/example_dags/example_branch_datetime_operator.py
[2026-02-26T05:38:29.295+0000] {processor.py:925} INFO - DAG(s) 'example_branch_datetime_operator', 'example_branch_datetime_operator_3', 'example_branch_datetime_operator_2' retrieved from /home/ubuntu/airflow-venv/lib/python3.12/site-packages/airflow/example_dags/example_branch_datetime_operator.py
[2026-02-26T05:38:29.307+0000] {logging_mixin.py:190} INFO - [2026-02-26T05:38:29.307+0000] {dag.py:3239} INFO - Sync 3 DAGs
[2026-02-26T05:38:29.320+0000] {logging_mixin.py:190} INFO - [2026-02-26T05:38:29.320+0000] {dag.py:4180} INFO - Setting next_dagrun for example_branch_datetime_operator to 2026-02-25 00:00:00+00:00, run_after=2026-02-26 00:00:00+00:00
[2026-02-26T05:38:29.322+0000] {logging_mixin.py:190} INFO - [2026-02-26T05:38:29.322+0000] {dag.py:4180} INFO - Setting next_dagrun for example_branch_datetime_operator_2 to 2026-02-25 00:00:00+00:00, run_after=2026-02-26 00:00:00+00:00
[2026-02-26T05:38:29.324+0000] {logging_mixin.py:190} INFO - [2026-02-26T05:38:29.323+0000] {dag.py:4180} INFO - Setting next_dagrun for example_branch_datetime_operator_3 to 2026-02-25 00:00:00+00:00, run_after=2026-02-26 00:00:00+00:00
[2026-02-26T05:38:29.339+0000] {processor.py:208} INFO - Processing /home/ubuntu/airflow-venv/lib/python3.12/site-packages/airflow/example_dags/example_branch_datetime_operator.py took 0.058 seconds
[2026-02-26T05:39:44.353+0000] {processor.py:186} INFO - Started process (PID=3597) to work on /home/ubuntu/airflow-venv/lib/python3.12/site-packages/airflow/example_dags/example_branch_datetime_operator.py
[2026-02-26T05:39:44.354+0000] {processor.py:914} INFO - Processing file /home/ubuntu/airflow-venv/lib/python3.12/site-packages/airflow/example_dags/example_branch_datetime_operator.py for tasks to queue
[2026-02-26T05:39:44.356+0000] {logging_mixin.py:190} INFO - [2026-02-26T05:39:44.356+0000] {dagbag.py:588} INFO - Filling up the DagBag from /home/ubuntu/airflow-venv/lib/python3.12/site-packages/airflow/example_dags/example_branch_datetime_operator.py
[2026-02-26T05:39:44.363+0000] {processor.py:925} INFO - DAG(s) 'example_branch_datetime_operator', 'example_branch_datetime_operator_2', 'example_branch_datetime_operator_3' retrieved from /home/ubuntu/airflow-venv/lib/python3.12/site-packages/airflow/example_dags/example_branch_datetime_operator.py
[2026-02-26T05:39:44.376+0000] {logging_mixin.py:190} INFO - [2026-02-26T05:39:44.376+0000] {dag.py:3239} INFO - Sync 3 DAGs
[2026-02-26T05:39:44.389+0000] {logging_mixin.py:190} INFO - [2026-02-26T05:39:44.388+0000] {dag.py:4180} INFO - Setting next_dagrun for example_branch_datetime_operator to 2026-02-25 00:00:00+00:00, run_after=2026-02-26 00:00:00+00:00
[2026-02-26T05:39:44.391+0000] {logging_mixin.py:190} INFO - [2026-02-26T05:39:44.391+0000] {dag.py:4180} INFO - Setting next_dagrun for example_branch_datetime_operator_2 to 2026-02-25 00:00:00+00:00, run_after=2026-02-26 00:00:00+00:00
[2026-02-26T05:39:44.392+0000] {logging_mixin.py:190} INFO - [2026-02-26T05:39:44.392+0000] {dag.py:4180} INFO - Setting next_dagrun for example_branch_datetime_operator_3 to 2026-02-25 00:00:00+00:00, run_after=2026-02-26 00:00:00+00:00
[2026-02-26T05:39:44.407+0000] {processor.py:208} INFO - Processing /home/ubuntu/airflow-venv/lib/python3.12/site-packages/airflow/example_dags/example_branch_datetime_operator.py took 0.058 seconds
[2026-02-26T05:40:56.011+0000] {processor.py:186} INFO - Started process (PID=3679) to work on /home/ubuntu/airflow-venv/lib/python3.12/site-packages/airflow/example_dags/example_branch_datetime_operator.py
[2026-02-26T05:40:56.012+0000] {processor.py:914} INFO - Processing file /home/ubuntu/airflow-venv/lib/python3.12/site-packages/airflow/example_dags/example_branch_datetime_operator.py for tasks to queue
[2026-02-26T05:40:56.013+0000] {logging_mixin.py:190} INFO - [2026-02-26T05:40:56.013+0000] {dagbag.py:588} INFO - Filling up the DagBag from /home/ubuntu/airflow-venv/lib/python3.12/site-packages/airflow/example_dags/example_branch_datetime_operator.py
[2026-02-26T05:40:56.021+0000] {processor.py:925} INFO - DAG(s) 'example_branch_datetime_operator_2', 'example_branch_datetime_operator_3', 'example_branch_datetime_operator' retrieved from /home/ubuntu/airflow-venv/lib/python3.12/site-packages/airflow/example_dags/example_branch_datetime_operator.py
[2026-02-26T05:40:56.033+0000] {logging_mixin.py:190} INFO - [2026-02-26T05:40:56.033+0000] {dag.py:3239} INFO - Sync 3 DAGs
[2026-02-26T05:40:56.046+0000] {logging_mixin.py:190} INFO - [2026-02-26T05:40:56.046+0000] {dag.py:4180} INFO - Setting next_dagrun for example_branch_datetime_operator to 2026-02-25 00:00:00+00:00, run_after=2026-02-26 00:00:00+00:00
[2026-02-26T05:40:56.049+0000] {logging_mixin.py:190} INFO - [2026-02-26T05:40:56.049+0000] {dag.py:4180} INFO - Setting next_dagrun for example_branch_datetime_operator_2 to 2026-02-25 00:00:00+00:00, run_after=2026-02-26 00:00:00+00:00
[2026-02-26T05:40:56.050+0000] {logging_mixin.py:190} INFO - [2026-02-26T05:40:56.050+0000] {dag.py:4180} INFO - Setting next_dagrun for example_branch_datetime_operator_3 to 2026-02-25 00:00:00+00:00, run_after=2026-02-26 00:00:00+00:00
[2026-02-26T05:40:56.065+0000] {processor.py:208} INFO - Processing /home/ubuntu/airflow-venv/lib/python3.12/site-packages/airflow/example_dags/example_branch_datetime_operator.py took 0.058 seconds
[2026-02-26T05:42:09.869+0000] {processor.py:186} INFO - Started process (PID=3755) to work on /home/ubuntu/airflow-venv/lib/python3.12/site-packages/airflow/example_dags/example_branch_datetime_operator.py
[2026-02-26T05:42:09.870+0000] {processor.py:914} INFO - Processing file /home/ubuntu/airflow-venv/lib/python3.12/site-packages/airflow/example_dags/example_branch_datetime_operator.py for tasks to queue
[2026-02-26T05:42:09.872+0000] {logging_mixin.py:190} INFO - [2026-02-26T05:42:09.872+0000] {dagbag.py:588} INFO - Filling up the DagBag from /home/ubuntu/airflow-venv/lib/python3.12/site-packages/airflow/example_dags/example_branch_datetime_operator.py
[2026-02-26T05:42:09.879+0000] {processor.py:925} INFO - DAG(s) 'example_branch_datetime_operator_3', 'example_branch_datetime_operator_2', 'example_branch_datetime_operator' retrieved from /home/ubuntu/airflow-venv/lib/python3.12/site-packages/airflow/example_dags/example_branch_datetime_operator.py
[2026-02-26T05:42:09.891+0000] {logging_mixin.py:190} INFO - [2026-02-26T05:42:09.891+0000] {dag.py:3239} INFO - Sync 3 DAGs
[2026-02-26T05:42:09.904+0000] {logging_mixin.py:190} INFO - [2026-02-26T05:42:09.904+0000] {dag.py:4180} INFO - Setting next_dagrun for example_branch_datetime_operator to 2026-02-25 00:00:00+00:00, run_after=2026-02-26 00:00:00+00:00
[2026-02-26T05:42:09.907+0000] {logging_mixin.py:190} INFO - [2026-02-26T05:42:09.906+0000] {dag.py:4180} INFO - Setting next_dagrun for example_branch_datetime_operator_2 to 2026-02-25 00:00:00+00:00, run_after=2026-02-26 00:00:00+00:00
[2026-02-26T05:42:09.908+0000] {logging_mixin.py:190} INFO - [2026-02-26T05:42:09.908+0000] {dag.py:4180} INFO - Setting next_dagrun for example_branch_datetime_operator_3 to 2026-02-25 00:00:00+00:00, run_after=2026-02-26 00:00:00+00:00
[2026-02-26T05:42:09.922+0000] {processor.py:208} INFO - Processing /home/ubuntu/airflow-venv/lib/python3.12/site-packages/airflow/example_dags/example_branch_datetime_operator.py took 0.057 seconds
[2026-02-26T05:43:24.346+0000] {processor.py:186} INFO - Started process (PID=3833) to work on /home/ubuntu/airflow-venv/lib/python3.12/site-packages/airflow/example_dags/example_branch_datetime_operator.py
[2026-02-26T05:43:24.347+0000] {processor.py:914} INFO - Processing file /home/ubuntu/airflow-venv/lib/python3.12/site-packages/airflow/example_dags/example_branch_datetime_operator.py for tasks to queue
[2026-02-26T05:43:24.349+0000] {logging_mixin.py:190} INFO - [2026-02-26T05:43:24.348+0000] {dagbag.py:588} INFO - Filling up the DagBag from /home/ubuntu/airflow-venv/lib/python3.12/site-packages/airflow/example_dags/example_branch_datetime_operator.py
[2026-02-26T05:43:24.356+0000] {processor.py:925} INFO - DAG(s) 'example_branch_datetime_operator', 'example_branch_datetime_operator_2', 'example_branch_datetime_operator_3' retrieved from /home/ubuntu/airflow-venv/lib/python3.12/site-packages/airflow/example_dags/example_branch_datetime_operator.py
[2026-02-26T05:43:24.369+0000] {logging_mixin.py:190} INFO - [2026-02-26T05:43:24.369+0000] {dag.py:3239} INFO - Sync 3 DAGs
[2026-02-26T05:43:24.382+0000] {logging_mixin.py:190} INFO - [2026-02-26T05:43:24.382+0000] {dag.py:4180} INFO - Setting next_dagrun for example_branch_datetime_operator to 2026-02-25 00:00:00+00:00, run_after=2026-02-26 00:00:00+00:00
[2026-02-26T05:43:24.385+0000] {logging_mixin.py:190} INFO - [2026-02-26T05:43:24.385+0000] {dag.py:4180} INFO - Setting next_dagrun for example_branch_datetime_operator_2 to 2026-02-25 00:00:00+00:00, run_after=2026-02-26 00:00:00+00:00
[2026-02-26T05:43:24.386+0000] {logging_mixin.py:190} INFO - [2026-02-26T05:43:24.386+0000] {dag.py:4180} INFO - Setting next_dagrun for example_branch_datetime_operator_3 to 2026-02-25 00:00:00+00:00, run_after=2026-02-26 00:00:00+00:00
[2026-02-26T05:43:24.401+0000] {processor.py:208} INFO - Processing /home/ubuntu/airflow-venv/lib/python3.12/site-packages/airflow/example_dags/example_branch_datetime_operator.py took 0.058 seconds
[2026-02-26T05:44:38.909+0000] {processor.py:186} INFO - Started process (PID=3913) to work on /home/ubuntu/airflow-venv/lib/python3.12/site-packages/airflow/example_dags/example_branch_datetime_operator.py
[2026-02-26T05:44:38.910+0000] {processor.py:914} INFO - Processing file /home/ubuntu/airflow-venv/lib/python3.12/site-packages/airflow/example_dags/example_branch_datetime_operator.py for tasks to queue
[2026-02-26T05:44:38.911+0000] {logging_mixin.py:190} INFO - [2026-02-26T05:44:38.911+0000] {dagbag.py:588} INFO - Filling up the DagBag from /home/ubuntu/airflow-venv/lib/python3.12/site-packages/airflow/example_dags/example_branch_datetime_operator.py
[2026-02-26T05:44:38.919+0000] {processor.py:925} INFO - DAG(s) 'example_branch_datetime_operator_3', 'example_branch_datetime_operator', 'example_branch_datetime_operator_2' retrieved from /home/ubuntu/airflow-venv/lib/python3.12/site-packages/airflow/example_dags/example_branch_datetime_operator.py
[2026-02-26T05:44:38.931+0000] {logging_mixin.py:190} INFO - [2026-02-26T05:44:38.931+0000] {dag.py:3239} INFO - Sync 3 DAGs
[2026-02-26T05:44:38.943+0000] {logging_mixin.py:190} INFO - [2026-02-26T05:44:38.943+0000] {dag.py:4180} INFO - Setting next_dagrun for example_branch_datetime_operator to 2026-02-25 00:00:00+00:00, run_after=2026-02-26 00:00:00+00:00
[2026-02-26T05:44:38.947+0000] {logging_mixin.py:190} INFO - [2026-02-26T05:44:38.947+0000] {dag.py:4180} INFO - Setting next_dagrun for example_branch_datetime_operator_2 to 2026-02-25 00:00:00+00:00, run_after=2026-02-26 00:00:00+00:00
[2026-02-26T05:44:38.948+0000] {logging_mixin.py:190} INFO - [2026-02-26T05:44:38.948+0000] {dag.py:4180} INFO - Setting next_dagrun for example_branch_datetime_operator_3 to 2026-02-25 00:00:00+00:00, run_after=2026-02-26 00:00:00+00:00
[2026-02-26T05:44:38.962+0000] {processor.py:208} INFO - Processing /home/ubuntu/airflow-venv/lib/python3.12/site-packages/airflow/example_dags/example_branch_datetime_operator.py took 0.057 seconds
[2026-02-26T06:14:28.929+0000] {processor.py:186} INFO - Started process (PID=2744) to work on /home/ubuntu/airflow-venv/lib/python3.12/site-packages/airflow/example_dags/example_branch_datetime_operator.py
[2026-02-26T06:14:28.931+0000] {processor.py:914} INFO - Processing file /home/ubuntu/airflow-venv/lib/python3.12/site-packages/airflow/example_dags/example_branch_datetime_operator.py for tasks to queue
[2026-02-26T06:14:28.932+0000] {logging_mixin.py:190} INFO - [2026-02-26T06:14:28.932+0000] {dagbag.py:588} INFO - Filling up the DagBag from /home/ubuntu/airflow-venv/lib/python3.12/site-packages/airflow/example_dags/example_branch_datetime_operator.py
[2026-02-26T06:14:28.939+0000] {processor.py:925} INFO - DAG(s) 'example_branch_datetime_operator', 'example_branch_datetime_operator_3', 'example_branch_datetime_operator_2' retrieved from /home/ubuntu/airflow-venv/lib/python3.12/site-packages/airflow/example_dags/example_branch_datetime_operator.py
[2026-02-26T06:14:28.953+0000] {logging_mixin.py:190} INFO - [2026-02-26T06:14:28.952+0000] {dag.py:3239} INFO - Sync 3 DAGs
[2026-02-26T06:14:28.966+0000] {logging_mixin.py:190} INFO - [2026-02-26T06:14:28.966+0000] {dag.py:4180} INFO - Setting next_dagrun for example_branch_datetime_operator to 2026-02-25 00:00:00+00:00, run_after=2026-02-26 00:00:00+00:00
[2026-02-26T06:14:28.968+0000] {logging_mixin.py:190} INFO - [2026-02-26T06:14:28.968+0000] {dag.py:4180} INFO - Setting next_dagrun for example_branch_datetime_operator_2 to 2026-02-25 00:00:00+00:00, run_after=2026-02-26 00:00:00+00:00
[2026-02-26T06:14:28.970+0000] {logging_mixin.py:190} INFO - [2026-02-26T06:14:28.970+0000] {dag.py:4180} INFO - Setting next_dagrun for example_branch_datetime_operator_3 to 2026-02-25 00:00:00+00:00, run_after=2026-02-26 00:00:00+00:00
[2026-02-26T06:14:28.984+0000] {processor.py:208} INFO - Processing /home/ubuntu/airflow-venv/lib/python3.12/site-packages/airflow/example_dags/example_branch_datetime_operator.py took 0.059 seconds
[2026-02-26T06:15:23.428+0000] {processor.py:186} INFO - Started process (PID=2805) to work on /home/ubuntu/airflow-venv/lib/python3.12/site-packages/airflow/example_dags/example_branch_datetime_operator.py
[2026-02-26T06:15:23.429+0000] {processor.py:914} INFO - Processing file /home/ubuntu/airflow-venv/lib/python3.12/site-packages/airflow/example_dags/example_branch_datetime_operator.py for tasks to queue
[2026-02-26T06:15:23.431+0000] {logging_mixin.py:190} INFO - [2026-02-26T06:15:23.430+0000] {dagbag.py:588} INFO - Filling up the DagBag from /home/ubuntu/airflow-venv/lib/python3.12/site-packages/airflow/example_dags/example_branch_datetime_operator.py
[2026-02-26T06:15:23.438+0000] {processor.py:925} INFO - DAG(s) 'example_branch_datetime_operator_2', 'example_branch_datetime_operator', 'example_branch_datetime_operator_3' retrieved from /home/ubuntu/airflow-venv/lib/python3.12/site-packages/airflow/example_dags/example_branch_datetime_operator.py
[2026-02-26T06:15:23.451+0000] {logging_mixin.py:190} INFO - [2026-02-26T06:15:23.451+0000] {dag.py:3239} INFO - Sync 3 DAGs
[2026-02-26T06:15:23.465+0000] {logging_mixin.py:190} INFO - [2026-02-26T06:15:23.465+0000] {dag.py:4180} INFO - Setting next_dagrun for example_branch_datetime_operator to 2026-02-25 00:00:00+00:00, run_after=2026-02-26 00:00:00+00:00
[2026-02-26T06:15:23.467+0000] {logging_mixin.py:190} INFO - [2026-02-26T06:15:23.467+0000] {dag.py:4180} INFO - Setting next_dagrun for example_branch_datetime_operator_2 to 2026-02-25 00:00:00+00:00, run_after=2026-02-26 00:00:00+00:00
[2026-02-26T06:15:23.469+0000] {logging_mixin.py:190} INFO - [2026-02-26T06:15:23.469+0000] {dag.py:4180} INFO - Setting next_dagrun for example_branch_datetime_operator_3 to 2026-02-25 00:00:00+00:00, run_after=2026-02-26 00:00:00+00:00
[2026-02-26T06:15:23.485+0000] {processor.py:208} INFO - Processing /home/ubuntu/airflow-venv/lib/python3.12/site-packages/airflow/example_dags/example_branch_datetime_operator.py took 0.060 seconds
[2026-02-26T06:16:22.045+0000] {processor.py:186} INFO - Started process (PID=2869) to work on /home/ubuntu/airflow-venv/lib/python3.12/site-packages/airflow/example_dags/example_branch_datetime_operator.py
[2026-02-26T06:16:22.046+0000] {processor.py:914} INFO - Processing file /home/ubuntu/airflow-venv/lib/python3.12/site-packages/airflow/example_dags/example_branch_datetime_operator.py for tasks to queue
[2026-02-26T06:16:22.047+0000] {logging_mixin.py:190} INFO - [2026-02-26T06:16:22.047+0000] {dagbag.py:588} INFO - Filling up the DagBag from /home/ubuntu/airflow-venv/lib/python3.12/site-packages/airflow/example_dags/example_branch_datetime_operator.py
[2026-02-26T06:16:22.055+0000] {processor.py:925} INFO - DAG(s) 'example_branch_datetime_operator', 'example_branch_datetime_operator_2', 'example_branch_datetime_operator_3' retrieved from /home/ubuntu/airflow-venv/lib/python3.12/site-packages/airflow/example_dags/example_branch_datetime_operator.py
[2026-02-26T06:16:22.068+0000] {logging_mixin.py:190} INFO - [2026-02-26T06:16:22.068+0000] {dag.py:3239} INFO - Sync 3 DAGs
[2026-02-26T06:16:22.082+0000] {logging_mixin.py:190} INFO - [2026-02-26T06:16:22.082+0000] {dag.py:4180} INFO - Setting next_dagrun for example_branch_datetime_operator to 2026-02-25 00:00:00+00:00, run_after=2026-02-26 00:00:00+00:00
[2026-02-26T06:16:22.085+0000] {logging_mixin.py:190} INFO - [2026-02-26T06:16:22.085+0000] {dag.py:4180} INFO - Setting next_dagrun for example_branch_datetime_operator_2 to 2026-02-25 00:00:00+00:00, run_after=2026-02-26 00:00:00+00:00
[2026-02-26T06:16:22.086+0000] {logging_mixin.py:190} INFO - [2026-02-26T06:16:22.086+0000] {dag.py:4180} INFO - Setting next_dagrun for example_branch_datetime_operator_3 to 2026-02-25 00:00:00+00:00, run_after=2026-02-26 00:00:00+00:00
[2026-02-26T06:16:22.101+0000] {processor.py:208} INFO - Processing /home/ubuntu/airflow-venv/lib/python3.12/site-packages/airflow/example_dags/example_branch_datetime_operator.py took 0.060 seconds
[2026-02-26T06:17:35.049+0000] {processor.py:186} INFO - Started process (PID=2950) to work on /home/ubuntu/airflow-venv/lib/python3.12/site-packages/airflow/example_dags/example_branch_datetime_operator.py
[2026-02-26T06:17:35.051+0000] {processor.py:914} INFO - Processing file /home/ubuntu/airflow-venv/lib/python3.12/site-packages/airflow/example_dags/example_branch_datetime_operator.py for tasks to queue
[2026-02-26T06:17:35.052+0000] {logging_mixin.py:190} INFO - [2026-02-26T06:17:35.052+0000] {dagbag.py:588} INFO - Filling up the DagBag from /home/ubuntu/airflow-venv/lib/python3.12/site-packages/airflow/example_dags/example_branch_datetime_operator.py
[2026-02-26T06:17:35.059+0000] {processor.py:925} INFO - DAG(s) 'example_branch_datetime_operator_2', 'example_branch_datetime_operator', 'example_branch_datetime_operator_3' retrieved from /home/ubuntu/airflow-venv/lib/python3.12/site-packages/airflow/example_dags/example_branch_datetime_operator.py
[2026-02-26T06:17:35.072+0000] {logging_mixin.py:190} INFO - [2026-02-26T06:17:35.072+0000] {dag.py:3239} INFO - Sync 3 DAGs
[2026-02-26T06:17:35.086+0000] {logging_mixin.py:190} INFO - [2026-02-26T06:17:35.086+0000] {dag.py:4180} INFO - Setting next_dagrun for example_branch_datetime_operator to 2026-02-25 00:00:00+00:00, run_after=2026-02-26 00:00:00+00:00
[2026-02-26T06:17:35.089+0000] {logging_mixin.py:190} INFO - [2026-02-26T06:17:35.089+0000] {dag.py:4180} INFO - Setting next_dagrun for example_branch_datetime_operator_2 to 2026-02-25 00:00:00+00:00, run_after=2026-02-26 00:00:00+00:00
[2026-02-26T06:17:35.090+0000] {logging_mixin.py:190} INFO - [2026-02-26T06:17:35.090+0000] {dag.py:4180} INFO - Setting next_dagrun for example_branch_datetime_operator_3 to 2026-02-25 00:00:00+00:00, run_after=2026-02-26 00:00:00+00:00
[2026-02-26T06:17:35.105+0000] {processor.py:208} INFO - Processing /home/ubuntu/airflow-venv/lib/python3.12/site-packages/airflow/example_dags/example_branch_datetime_operator.py took 0.059 seconds
[2026-02-26T06:18:55.069+0000] {processor.py:186} INFO - Started process (PID=3030) to work on /home/ubuntu/airflow-venv/lib/python3.12/site-packages/airflow/example_dags/example_branch_datetime_operator.py
[2026-02-26T06:18:55.070+0000] {processor.py:914} INFO - Processing file /home/ubuntu/airflow-venv/lib/python3.12/site-packages/airflow/example_dags/example_branch_datetime_operator.py for tasks to queue
[2026-02-26T06:18:55.071+0000] {logging_mixin.py:190} INFO - [2026-02-26T06:18:55.071+0000] {dagbag.py:588} INFO - Filling up the DagBag from /home/ubuntu/airflow-venv/lib/python3.12/site-packages/airflow/example_dags/example_branch_datetime_operator.py
[2026-02-26T06:18:55.079+0000] {processor.py:925} INFO - DAG(s) 'example_branch_datetime_operator_3', 'example_branch_datetime_operator_2', 'example_branch_datetime_operator' retrieved from /home/ubuntu/airflow-venv/lib/python3.12/site-packages/airflow/example_dags/example_branch_datetime_operator.py
[2026-02-26T06:18:55.092+0000] {logging_mixin.py:190} INFO - [2026-02-26T06:18:55.092+0000] {dag.py:3239} INFO - Sync 3 DAGs
[2026-02-26T06:18:55.176+0000] {logging_mixin.py:190} INFO - [2026-02-26T06:18:55.176+0000] {dag.py:4180} INFO - Setting next_dagrun for example_branch_datetime_operator to 2026-02-25 00:00:00+00:00, run_after=2026-02-26 00:00:00+00:00
[2026-02-26T06:18:55.179+0000] {logging_mixin.py:190} INFO - [2026-02-26T06:18:55.178+0000] {dag.py:4180} INFO - Setting next_dagrun for example_branch_datetime_operator_2 to 2026-02-25 00:00:00+00:00, run_after=2026-02-26 00:00:00+00:00
[2026-02-26T06:18:55.180+0000] {logging_mixin.py:190} INFO - [2026-02-26T06:18:55.180+0000] {dag.py:4180} INFO - Setting next_dagrun for example_branch_datetime_operator_3 to 2026-02-25 00:00:00+00:00, run_after=2026-02-26 00:00:00+00:00
[2026-02-26T06:18:55.194+0000] {processor.py:208} INFO - Processing /home/ubuntu/airflow-venv/lib/python3.12/site-packages/airflow/example_dags/example_branch_datetime_operator.py took 0.129 seconds
[2026-02-26T06:19:52.229+0000] {processor.py:186} INFO - Started process (PID=3087) to work on /home/ubuntu/airflow-venv/lib/python3.12/site-packages/airflow/example_dags/example_branch_datetime_operator.py
[2026-02-26T06:19:52.230+0000] {processor.py:914} INFO - Processing file /home/ubuntu/airflow-venv/lib/python3.12/site-packages/airflow/example_dags/example_branch_datetime_operator.py for tasks to queue
[2026-02-26T06:19:52.232+0000] {logging_mixin.py:190} INFO - [2026-02-26T06:19:52.232+0000] {dagbag.py:588} INFO - Filling up the DagBag from /home/ubuntu/airflow-venv/lib/python3.12/site-packages/airflow/example_dags/example_branch_datetime_operator.py
[2026-02-26T06:19:52.240+0000] {processor.py:925} INFO - DAG(s) 'example_branch_datetime_operator', 'example_branch_datetime_operator_2', 'example_branch_datetime_operator_3' retrieved from /home/ubuntu/airflow-venv/lib/python3.12/site-packages/airflow/example_dags/example_branch_datetime_operator.py
[2026-02-26T06:19:52.253+0000] {logging_mixin.py:190} INFO - [2026-02-26T06:19:52.253+0000] {dag.py:3239} INFO - Sync 3 DAGs
[2026-02-26T06:19:52.266+0000] {logging_mixin.py:190} INFO - [2026-02-26T06:19:52.266+0000] {dag.py:4180} INFO - Setting next_dagrun for example_branch_datetime_operator to 2026-02-25 00:00:00+00:00, run_after=2026-02-26 00:00:00+00:00
[2026-02-26T06:19:52.270+0000] {logging_mixin.py:190} INFO - [2026-02-26T06:19:52.270+0000] {dag.py:4180} INFO - Setting next_dagrun for example_branch_datetime_operator_2 to 2026-02-25 00:00:00+00:00, run_after=2026-02-26 00:00:00+00:00
[2026-02-26T06:19:52.271+0000] {logging_mixin.py:190} INFO - [2026-02-26T06:19:52.271+0000] {dag.py:4180} INFO - Setting next_dagrun for example_branch_datetime_operator_3 to 2026-02-25 00:00:00+00:00, run_after=2026-02-26 00:00:00+00:00
[2026-02-26T06:19:52.286+0000] {processor.py:208} INFO - Processing /home/ubuntu/airflow-venv/lib/python3.12/site-packages/airflow/example_dags/example_branch_datetime_operator.py took 0.060 seconds
[2026-02-26T06:21:07.526+0000] {processor.py:186} INFO - Started process (PID=3169) to work on /home/ubuntu/airflow-venv/lib/python3.12/site-packages/airflow/example_dags/example_branch_datetime_operator.py
[2026-02-26T06:21:07.527+0000] {processor.py:914} INFO - Processing file /home/ubuntu/airflow-venv/lib/python3.12/site-packages/airflow/example_dags/example_branch_datetime_operator.py for tasks to queue
[2026-02-26T06:21:07.529+0000] {logging_mixin.py:190} INFO - [2026-02-26T06:21:07.528+0000] {dagbag.py:588} INFO - Filling up the DagBag from /home/ubuntu/airflow-venv/lib/python3.12/site-packages/airflow/example_dags/example_branch_datetime_operator.py
[2026-02-26T06:21:07.536+0000] {processor.py:925} INFO - DAG(s) 'example_branch_datetime_operator_3', 'example_branch_datetime_operator_2', 'example_branch_datetime_operator' retrieved from /home/ubuntu/airflow-venv/lib/python3.12/site-packages/airflow/example_dags/example_branch_datetime_operator.py
[2026-02-26T06:21:07.550+0000] {logging_mixin.py:190} INFO - [2026-02-26T06:21:07.550+0000] {dag.py:3239} INFO - Sync 3 DAGs
[2026-02-26T06:21:07.564+0000] {logging_mixin.py:190} INFO - [2026-02-26T06:21:07.564+0000] {dag.py:4180} INFO - Setting next_dagrun for example_branch_datetime_operator to 2026-02-25 00:00:00+00:00, run_after=2026-02-26 00:00:00+00:00
[2026-02-26T06:21:07.567+0000] {logging_mixin.py:190} INFO - [2026-02-26T06:21:07.567+0000] {dag.py:4180} INFO - Setting next_dagrun for example_branch_datetime_operator_2 to 2026-02-25 00:00:00+00:00, run_after=2026-02-26 00:00:00+00:00
[2026-02-26T06:21:07.568+0000] {logging_mixin.py:190} INFO - [2026-02-26T06:21:07.568+0000] {dag.py:4180} INFO - Setting next_dagrun for example_branch_datetime_operator_3 to 2026-02-25 00:00:00+00:00, run_after=2026-02-26 00:00:00+00:00
[2026-02-26T06:21:07.584+0000] {processor.py:208} INFO - Processing /home/ubuntu/airflow-venv/lib/python3.12/site-packages/airflow/example_dags/example_branch_datetime_operator.py took 0.061 seconds
[2026-02-26T06:22:18.050+0000] {processor.py:186} INFO - Started process (PID=3245) to work on /home/ubuntu/airflow-venv/lib/python3.12/site-packages/airflow/example_dags/example_branch_datetime_operator.py
[2026-02-26T06:22:18.051+0000] {processor.py:914} INFO - Processing file /home/ubuntu/airflow-venv/lib/python3.12/site-packages/airflow/example_dags/example_branch_datetime_operator.py for tasks to queue
[2026-02-26T06:22:18.053+0000] {logging_mixin.py:190} INFO - [2026-02-26T06:22:18.052+0000] {dagbag.py:588} INFO - Filling up the DagBag from /home/ubuntu/airflow-venv/lib/python3.12/site-packages/airflow/example_dags/example_branch_datetime_operator.py
[2026-02-26T06:22:18.061+0000] {processor.py:925} INFO - DAG(s) 'example_branch_datetime_operator_3', 'example_branch_datetime_operator', 'example_branch_datetime_operator_2' retrieved from /home/ubuntu/airflow-venv/lib/python3.12/site-packages/airflow/example_dags/example_branch_datetime_operator.py
[2026-02-26T06:22:18.074+0000] {logging_mixin.py:190} INFO - [2026-02-26T06:22:18.074+0000] {dag.py:3239} INFO - Sync 3 DAGs
[2026-02-26T06:22:18.087+0000] {logging_mixin.py:190} INFO - [2026-02-26T06:22:18.087+0000] {dag.py:4180} INFO - Setting next_dagrun for example_branch_datetime_operator to 2026-02-25 00:00:00+00:00, run_after=2026-02-26 00:00:00+00:00
[2026-02-26T06:22:18.090+0000] {logging_mixin.py:190} INFO - [2026-02-26T06:22:18.090+0000] {dag.py:4180} INFO - Setting next_dagrun for example_branch_datetime_operator_2 to 2026-02-25 00:00:00+00:00, run_after=2026-02-26 00:00:00+00:00
[2026-02-26T06:22:18.091+0000] {logging_mixin.py:190} INFO - [2026-02-26T06:22:18.091+0000] {dag.py:4180} INFO - Setting next_dagrun for example_branch_datetime_operator_3 to 2026-02-25 00:00:00+00:00, run_after=2026-02-26 00:00:00+00:00
[2026-02-26T06:22:18.107+0000] {processor.py:208} INFO - Processing /home/ubuntu/airflow-venv/lib/python3.12/site-packages/airflow/example_dags/example_branch_datetime_operator.py took 0.061 seconds
[2026-02-26T06:23:35.933+0000] {processor.py:186} INFO - Started process (PID=3326) to work on /home/ubuntu/airflow-venv/lib/python3.12/site-packages/airflow/example_dags/example_branch_datetime_operator.py
[2026-02-26T06:23:35.935+0000] {processor.py:914} INFO - Processing file /home/ubuntu/airflow-venv/lib/python3.12/site-packages/airflow/example_dags/example_branch_datetime_operator.py for tasks to queue
[2026-02-26T06:23:35.936+0000] {logging_mixin.py:190} INFO - [2026-02-26T06:23:35.936+0000] {dagbag.py:588} INFO - Filling up the DagBag from /home/ubuntu/airflow-venv/lib/python3.12/site-packages/airflow/example_dags/example_branch_datetime_operator.py
[2026-02-26T06:23:35.944+0000] {processor.py:925} INFO - DAG(s) 'example_branch_datetime_operator_2', 'example_branch_datetime_operator_3', 'example_branch_datetime_operator' retrieved from /home/ubuntu/airflow-venv/lib/python3.12/site-packages/airflow/example_dags/example_branch_datetime_operator.py
[2026-02-26T06:23:35.958+0000] {logging_mixin.py:190} INFO - [2026-02-26T06:23:35.958+0000] {dag.py:3239} INFO - Sync 3 DAGs
[2026-02-26T06:23:35.972+0000] {logging_mixin.py:190} INFO - [2026-02-26T06:23:35.972+0000] {dag.py:4180} INFO - Setting next_dagrun for example_branch_datetime_operator to 2026-02-25 00:00:00+00:00, run_after=2026-02-26 00:00:00+00:00
[2026-02-26T06:23:35.975+0000] {logging_mixin.py:190} INFO - [2026-02-26T06:23:35.975+0000] {dag.py:4180} INFO - Setting next_dagrun for example_branch_datetime_operator_2 to 2026-02-25 00:00:00+00:00, run_after=2026-02-26 00:00:00+00:00
[2026-02-26T06:23:35.976+0000] {logging_mixin.py:190} INFO - [2026-02-26T06:23:35.976+0000] {dag.py:4180} INFO - Setting next_dagrun for example_branch_datetime_operator_3 to 2026-02-25 00:00:00+00:00, run_after=2026-02-26 00:00:00+00:00
[2026-02-26T06:23:35.991+0000] {processor.py:208} INFO - Processing /home/ubuntu/airflow-venv/lib/python3.12/site-packages/airflow/example_dags/example_branch_datetime_operator.py took 0.062 seconds
