[2026-02-26T05:22:48.054+0000] {processor.py:186} INFO - Started process (PID=2127) to work on /home/ubuntu/airflow-venv/lib/python3.12/site-packages/airflow/example_dags/example_sla_dag.py
[2026-02-26T05:22:48.055+0000] {processor.py:914} INFO - Processing file /home/ubuntu/airflow-venv/lib/python3.12/site-packages/airflow/example_dags/example_sla_dag.py for tasks to queue
[2026-02-26T05:22:48.056+0000] {logging_mixin.py:190} INFO - [2026-02-26T05:22:48.056+0000] {dagbag.py:588} INFO - Filling up the DagBag from /home/ubuntu/airflow-venv/lib/python3.12/site-packages/airflow/example_dags/example_sla_dag.py
[2026-02-26T05:22:48.062+0000] {processor.py:925} INFO - DAG(s) 'example_sla_dag' retrieved from /home/ubuntu/airflow-venv/lib/python3.12/site-packages/airflow/example_dags/example_sla_dag.py
[2026-02-26T05:22:48.072+0000] {logging_mixin.py:190} INFO - [2026-02-26T05:22:48.072+0000] {dag.py:3239} INFO - Sync 1 DAGs
[2026-02-26T05:22:48.086+0000] {logging_mixin.py:190} INFO - [2026-02-26T05:22:48.086+0000] {dag.py:4180} INFO - Setting next_dagrun for example_sla_dag to 2026-02-26 05:20:00+00:00, run_after=2026-02-26 05:22:00+00:00
[2026-02-26T05:22:48.102+0000] {processor.py:208} INFO - Processing /home/ubuntu/airflow-venv/lib/python3.12/site-packages/airflow/example_dags/example_sla_dag.py took 0.051 seconds
[2026-02-26T05:23:43.453+0000] {processor.py:186} INFO - Started process (PID=2191) to work on /home/ubuntu/airflow-venv/lib/python3.12/site-packages/airflow/example_dags/example_sla_dag.py
[2026-02-26T05:23:43.455+0000] {processor.py:914} INFO - Processing file /home/ubuntu/airflow-venv/lib/python3.12/site-packages/airflow/example_dags/example_sla_dag.py for tasks to queue
[2026-02-26T05:23:43.456+0000] {logging_mixin.py:190} INFO - [2026-02-26T05:23:43.456+0000] {dagbag.py:588} INFO - Filling up the DagBag from /home/ubuntu/airflow-venv/lib/python3.12/site-packages/airflow/example_dags/example_sla_dag.py
[2026-02-26T05:23:43.462+0000] {processor.py:925} INFO - DAG(s) 'example_sla_dag' retrieved from /home/ubuntu/airflow-venv/lib/python3.12/site-packages/airflow/example_dags/example_sla_dag.py
[2026-02-26T05:23:43.471+0000] {logging_mixin.py:190} INFO - [2026-02-26T05:23:43.470+0000] {dag.py:3239} INFO - Sync 1 DAGs
[2026-02-26T05:23:43.483+0000] {logging_mixin.py:190} INFO - [2026-02-26T05:23:43.483+0000] {dag.py:4180} INFO - Setting next_dagrun for example_sla_dag to 2026-02-26 05:20:00+00:00, run_after=2026-02-26 05:22:00+00:00
[2026-02-26T05:23:43.498+0000] {processor.py:208} INFO - Processing /home/ubuntu/airflow-venv/lib/python3.12/site-packages/airflow/example_dags/example_sla_dag.py took 0.048 seconds
[2026-02-26T05:24:33.703+0000] {processor.py:186} INFO - Started process (PID=2245) to work on /home/ubuntu/airflow-venv/lib/python3.12/site-packages/airflow/example_dags/example_sla_dag.py
[2026-02-26T05:24:33.704+0000] {processor.py:914} INFO - Processing file /home/ubuntu/airflow-venv/lib/python3.12/site-packages/airflow/example_dags/example_sla_dag.py for tasks to queue
[2026-02-26T05:24:33.705+0000] {logging_mixin.py:190} INFO - [2026-02-26T05:24:33.705+0000] {dagbag.py:588} INFO - Filling up the DagBag from /home/ubuntu/airflow-venv/lib/python3.12/site-packages/airflow/example_dags/example_sla_dag.py
[2026-02-26T05:24:33.711+0000] {processor.py:925} INFO - DAG(s) 'example_sla_dag' retrieved from /home/ubuntu/airflow-venv/lib/python3.12/site-packages/airflow/example_dags/example_sla_dag.py
[2026-02-26T05:24:33.720+0000] {logging_mixin.py:190} INFO - [2026-02-26T05:24:33.720+0000] {dag.py:3239} INFO - Sync 1 DAGs
[2026-02-26T05:24:33.732+0000] {logging_mixin.py:190} INFO - [2026-02-26T05:24:33.732+0000] {dag.py:4180} INFO - Setting next_dagrun for example_sla_dag to 2026-02-26 05:22:00+00:00, run_after=2026-02-26 05:24:00+00:00
[2026-02-26T05:24:33.747+0000] {processor.py:208} INFO - Processing /home/ubuntu/airflow-venv/lib/python3.12/site-packages/airflow/example_dags/example_sla_dag.py took 0.048 seconds
[2026-02-26T05:25:23.437+0000] {processor.py:186} INFO - Started process (PID=2306) to work on /home/ubuntu/airflow-venv/lib/python3.12/site-packages/airflow/example_dags/example_sla_dag.py
[2026-02-26T05:25:23.438+0000] {processor.py:914} INFO - Processing file /home/ubuntu/airflow-venv/lib/python3.12/site-packages/airflow/example_dags/example_sla_dag.py for tasks to queue
[2026-02-26T05:25:23.440+0000] {logging_mixin.py:190} INFO - [2026-02-26T05:25:23.439+0000] {dagbag.py:588} INFO - Filling up the DagBag from /home/ubuntu/airflow-venv/lib/python3.12/site-packages/airflow/example_dags/example_sla_dag.py
[2026-02-26T05:25:23.446+0000] {processor.py:925} INFO - DAG(s) 'example_sla_dag' retrieved from /home/ubuntu/airflow-venv/lib/python3.12/site-packages/airflow/example_dags/example_sla_dag.py
[2026-02-26T05:25:23.455+0000] {logging_mixin.py:190} INFO - [2026-02-26T05:25:23.455+0000] {dag.py:3239} INFO - Sync 1 DAGs
[2026-02-26T05:25:23.468+0000] {logging_mixin.py:190} INFO - [2026-02-26T05:25:23.467+0000] {dag.py:4180} INFO - Setting next_dagrun for example_sla_dag to 2026-02-26 05:22:00+00:00, run_after=2026-02-26 05:24:00+00:00
[2026-02-26T05:25:23.483+0000] {processor.py:208} INFO - Processing /home/ubuntu/airflow-venv/lib/python3.12/site-packages/airflow/example_dags/example_sla_dag.py took 0.049 seconds
[2026-02-26T05:26:18.361+0000] {processor.py:186} INFO - Started process (PID=2369) to work on /home/ubuntu/airflow-venv/lib/python3.12/site-packages/airflow/example_dags/example_sla_dag.py
[2026-02-26T05:26:18.362+0000] {processor.py:914} INFO - Processing file /home/ubuntu/airflow-venv/lib/python3.12/site-packages/airflow/example_dags/example_sla_dag.py for tasks to queue
[2026-02-26T05:26:18.363+0000] {logging_mixin.py:190} INFO - [2026-02-26T05:26:18.363+0000] {dagbag.py:588} INFO - Filling up the DagBag from /home/ubuntu/airflow-venv/lib/python3.12/site-packages/airflow/example_dags/example_sla_dag.py
[2026-02-26T05:26:18.370+0000] {processor.py:925} INFO - DAG(s) 'example_sla_dag' retrieved from /home/ubuntu/airflow-venv/lib/python3.12/site-packages/airflow/example_dags/example_sla_dag.py
[2026-02-26T05:26:18.379+0000] {logging_mixin.py:190} INFO - [2026-02-26T05:26:18.378+0000] {dag.py:3239} INFO - Sync 1 DAGs
[2026-02-26T05:26:18.391+0000] {logging_mixin.py:190} INFO - [2026-02-26T05:26:18.391+0000] {dag.py:4180} INFO - Setting next_dagrun for example_sla_dag to 2026-02-26 05:24:00+00:00, run_after=2026-02-26 05:26:00+00:00
[2026-02-26T05:26:18.407+0000] {processor.py:208} INFO - Processing /home/ubuntu/airflow-venv/lib/python3.12/site-packages/airflow/example_dags/example_sla_dag.py took 0.050 seconds
[2026-02-26T05:27:06.579+0000] {processor.py:186} INFO - Started process (PID=2680) to work on /home/ubuntu/airflow-venv/lib/python3.12/site-packages/airflow/example_dags/example_sla_dag.py
[2026-02-26T05:27:06.580+0000] {processor.py:914} INFO - Processing file /home/ubuntu/airflow-venv/lib/python3.12/site-packages/airflow/example_dags/example_sla_dag.py for tasks to queue
[2026-02-26T05:27:06.581+0000] {logging_mixin.py:190} INFO - [2026-02-26T05:27:06.581+0000] {dagbag.py:588} INFO - Filling up the DagBag from /home/ubuntu/airflow-venv/lib/python3.12/site-packages/airflow/example_dags/example_sla_dag.py
[2026-02-26T05:27:06.588+0000] {processor.py:925} INFO - DAG(s) 'example_sla_dag' retrieved from /home/ubuntu/airflow-venv/lib/python3.12/site-packages/airflow/example_dags/example_sla_dag.py
[2026-02-26T05:27:06.596+0000] {logging_mixin.py:190} INFO - [2026-02-26T05:27:06.596+0000] {dag.py:3239} INFO - Sync 1 DAGs
[2026-02-26T05:27:06.609+0000] {logging_mixin.py:190} INFO - [2026-02-26T05:27:06.609+0000] {dag.py:4180} INFO - Setting next_dagrun for example_sla_dag to 2026-02-26 05:24:00+00:00, run_after=2026-02-26 05:26:00+00:00
[2026-02-26T05:27:06.624+0000] {processor.py:208} INFO - Processing /home/ubuntu/airflow-venv/lib/python3.12/site-packages/airflow/example_dags/example_sla_dag.py took 0.048 seconds
[2026-02-26T05:27:55.542+0000] {processor.py:186} INFO - Started process (PID=2842) to work on /home/ubuntu/airflow-venv/lib/python3.12/site-packages/airflow/example_dags/example_sla_dag.py
[2026-02-26T05:27:55.543+0000] {processor.py:914} INFO - Processing file /home/ubuntu/airflow-venv/lib/python3.12/site-packages/airflow/example_dags/example_sla_dag.py for tasks to queue
[2026-02-26T05:27:55.544+0000] {logging_mixin.py:190} INFO - [2026-02-26T05:27:55.544+0000] {dagbag.py:588} INFO - Filling up the DagBag from /home/ubuntu/airflow-venv/lib/python3.12/site-packages/airflow/example_dags/example_sla_dag.py
[2026-02-26T05:27:55.551+0000] {processor.py:925} INFO - DAG(s) 'example_sla_dag' retrieved from /home/ubuntu/airflow-venv/lib/python3.12/site-packages/airflow/example_dags/example_sla_dag.py
[2026-02-26T05:27:55.560+0000] {logging_mixin.py:190} INFO - [2026-02-26T05:27:55.560+0000] {dag.py:3239} INFO - Sync 1 DAGs
[2026-02-26T05:27:55.572+0000] {logging_mixin.py:190} INFO - [2026-02-26T05:27:55.572+0000] {dag.py:4180} INFO - Setting next_dagrun for example_sla_dag to 2026-02-26 05:24:00+00:00, run_after=2026-02-26 05:26:00+00:00
[2026-02-26T05:27:55.657+0000] {processor.py:208} INFO - Processing /home/ubuntu/airflow-venv/lib/python3.12/site-packages/airflow/example_dags/example_sla_dag.py took 0.119 seconds
[2026-02-26T05:28:48.657+0000] {processor.py:186} INFO - Started process (PID=2897) to work on /home/ubuntu/airflow-venv/lib/python3.12/site-packages/airflow/example_dags/example_sla_dag.py
[2026-02-26T05:28:48.658+0000] {processor.py:914} INFO - Processing file /home/ubuntu/airflow-venv/lib/python3.12/site-packages/airflow/example_dags/example_sla_dag.py for tasks to queue
[2026-02-26T05:28:48.660+0000] {logging_mixin.py:190} INFO - [2026-02-26T05:28:48.659+0000] {dagbag.py:588} INFO - Filling up the DagBag from /home/ubuntu/airflow-venv/lib/python3.12/site-packages/airflow/example_dags/example_sla_dag.py
[2026-02-26T05:28:48.666+0000] {processor.py:925} INFO - DAG(s) 'example_sla_dag' retrieved from /home/ubuntu/airflow-venv/lib/python3.12/site-packages/airflow/example_dags/example_sla_dag.py
[2026-02-26T05:28:48.675+0000] {logging_mixin.py:190} INFO - [2026-02-26T05:28:48.675+0000] {dag.py:3239} INFO - Sync 1 DAGs
[2026-02-26T05:28:48.688+0000] {logging_mixin.py:190} INFO - [2026-02-26T05:28:48.688+0000] {dag.py:4180} INFO - Setting next_dagrun for example_sla_dag to 2026-02-26 05:26:00+00:00, run_after=2026-02-26 05:28:00+00:00
[2026-02-26T05:28:48.704+0000] {processor.py:208} INFO - Processing /home/ubuntu/airflow-venv/lib/python3.12/site-packages/airflow/example_dags/example_sla_dag.py took 0.051 seconds
[2026-02-26T05:29:41.084+0000] {processor.py:186} INFO - Started process (PID=2949) to work on /home/ubuntu/airflow-venv/lib/python3.12/site-packages/airflow/example_dags/example_sla_dag.py
[2026-02-26T05:29:41.085+0000] {processor.py:914} INFO - Processing file /home/ubuntu/airflow-venv/lib/python3.12/site-packages/airflow/example_dags/example_sla_dag.py for tasks to queue
[2026-02-26T05:29:41.087+0000] {logging_mixin.py:190} INFO - [2026-02-26T05:29:41.087+0000] {dagbag.py:588} INFO - Filling up the DagBag from /home/ubuntu/airflow-venv/lib/python3.12/site-packages/airflow/example_dags/example_sla_dag.py
[2026-02-26T05:29:41.093+0000] {processor.py:925} INFO - DAG(s) 'example_sla_dag' retrieved from /home/ubuntu/airflow-venv/lib/python3.12/site-packages/airflow/example_dags/example_sla_dag.py
[2026-02-26T05:29:41.102+0000] {logging_mixin.py:190} INFO - [2026-02-26T05:29:41.102+0000] {dag.py:3239} INFO - Sync 1 DAGs
[2026-02-26T05:29:41.115+0000] {logging_mixin.py:190} INFO - [2026-02-26T05:29:41.115+0000] {dag.py:4180} INFO - Setting next_dagrun for example_sla_dag to 2026-02-26 05:26:00+00:00, run_after=2026-02-26 05:28:00+00:00
[2026-02-26T05:29:41.131+0000] {processor.py:208} INFO - Processing /home/ubuntu/airflow-venv/lib/python3.12/site-packages/airflow/example_dags/example_sla_dag.py took 0.050 seconds
[2026-02-26T05:30:32.463+0000] {processor.py:186} INFO - Started process (PID=3008) to work on /home/ubuntu/airflow-venv/lib/python3.12/site-packages/airflow/example_dags/example_sla_dag.py
[2026-02-26T05:30:32.464+0000] {processor.py:914} INFO - Processing file /home/ubuntu/airflow-venv/lib/python3.12/site-packages/airflow/example_dags/example_sla_dag.py for tasks to queue
[2026-02-26T05:30:32.465+0000] {logging_mixin.py:190} INFO - [2026-02-26T05:30:32.465+0000] {dagbag.py:588} INFO - Filling up the DagBag from /home/ubuntu/airflow-venv/lib/python3.12/site-packages/airflow/example_dags/example_sla_dag.py
[2026-02-26T05:30:32.472+0000] {processor.py:925} INFO - DAG(s) 'example_sla_dag' retrieved from /home/ubuntu/airflow-venv/lib/python3.12/site-packages/airflow/example_dags/example_sla_dag.py
[2026-02-26T05:30:32.481+0000] {logging_mixin.py:190} INFO - [2026-02-26T05:30:32.481+0000] {dag.py:3239} INFO - Sync 1 DAGs
[2026-02-26T05:30:32.494+0000] {logging_mixin.py:190} INFO - [2026-02-26T05:30:32.494+0000] {dag.py:4180} INFO - Setting next_dagrun for example_sla_dag to 2026-02-26 05:28:00+00:00, run_after=2026-02-26 05:30:00+00:00
[2026-02-26T05:30:32.511+0000] {processor.py:208} INFO - Processing /home/ubuntu/airflow-venv/lib/python3.12/site-packages/airflow/example_dags/example_sla_dag.py took 0.052 seconds
[2026-02-26T05:31:24.912+0000] {processor.py:186} INFO - Started process (PID=3061) to work on /home/ubuntu/airflow-venv/lib/python3.12/site-packages/airflow/example_dags/example_sla_dag.py
[2026-02-26T05:31:24.913+0000] {processor.py:914} INFO - Processing file /home/ubuntu/airflow-venv/lib/python3.12/site-packages/airflow/example_dags/example_sla_dag.py for tasks to queue
[2026-02-26T05:31:24.915+0000] {logging_mixin.py:190} INFO - [2026-02-26T05:31:24.915+0000] {dagbag.py:588} INFO - Filling up the DagBag from /home/ubuntu/airflow-venv/lib/python3.12/site-packages/airflow/example_dags/example_sla_dag.py
[2026-02-26T05:31:24.921+0000] {processor.py:925} INFO - DAG(s) 'example_sla_dag' retrieved from /home/ubuntu/airflow-venv/lib/python3.12/site-packages/airflow/example_dags/example_sla_dag.py
[2026-02-26T05:31:24.930+0000] {logging_mixin.py:190} INFO - [2026-02-26T05:31:24.930+0000] {dag.py:3239} INFO - Sync 1 DAGs
[2026-02-26T05:31:24.943+0000] {logging_mixin.py:190} INFO - [2026-02-26T05:31:24.943+0000] {dag.py:4180} INFO - Setting next_dagrun for example_sla_dag to 2026-02-26 05:28:00+00:00, run_after=2026-02-26 05:30:00+00:00
[2026-02-26T05:31:24.959+0000] {processor.py:208} INFO - Processing /home/ubuntu/airflow-venv/lib/python3.12/site-packages/airflow/example_dags/example_sla_dag.py took 0.050 seconds
[2026-02-26T05:32:16.692+0000] {processor.py:186} INFO - Started process (PID=3114) to work on /home/ubuntu/airflow-venv/lib/python3.12/site-packages/airflow/example_dags/example_sla_dag.py
[2026-02-26T05:32:16.693+0000] {processor.py:914} INFO - Processing file /home/ubuntu/airflow-venv/lib/python3.12/site-packages/airflow/example_dags/example_sla_dag.py for tasks to queue
[2026-02-26T05:32:16.694+0000] {logging_mixin.py:190} INFO - [2026-02-26T05:32:16.694+0000] {dagbag.py:588} INFO - Filling up the DagBag from /home/ubuntu/airflow-venv/lib/python3.12/site-packages/airflow/example_dags/example_sla_dag.py
[2026-02-26T05:32:16.701+0000] {processor.py:925} INFO - DAG(s) 'example_sla_dag' retrieved from /home/ubuntu/airflow-venv/lib/python3.12/site-packages/airflow/example_dags/example_sla_dag.py
[2026-02-26T05:32:16.710+0000] {logging_mixin.py:190} INFO - [2026-02-26T05:32:16.709+0000] {dag.py:3239} INFO - Sync 1 DAGs
[2026-02-26T05:32:16.723+0000] {logging_mixin.py:190} INFO - [2026-02-26T05:32:16.723+0000] {dag.py:4180} INFO - Setting next_dagrun for example_sla_dag to 2026-02-26 05:30:00+00:00, run_after=2026-02-26 05:32:00+00:00
[2026-02-26T05:32:16.738+0000] {processor.py:208} INFO - Processing /home/ubuntu/airflow-venv/lib/python3.12/site-packages/airflow/example_dags/example_sla_dag.py took 0.050 seconds
[2026-02-26T05:33:04.448+0000] {processor.py:186} INFO - Started process (PID=3165) to work on /home/ubuntu/airflow-venv/lib/python3.12/site-packages/airflow/example_dags/example_sla_dag.py
[2026-02-26T05:33:04.449+0000] {processor.py:914} INFO - Processing file /home/ubuntu/airflow-venv/lib/python3.12/site-packages/airflow/example_dags/example_sla_dag.py for tasks to queue
[2026-02-26T05:33:04.450+0000] {logging_mixin.py:190} INFO - [2026-02-26T05:33:04.450+0000] {dagbag.py:588} INFO - Filling up the DagBag from /home/ubuntu/airflow-venv/lib/python3.12/site-packages/airflow/example_dags/example_sla_dag.py
[2026-02-26T05:33:04.456+0000] {processor.py:925} INFO - DAG(s) 'example_sla_dag' retrieved from /home/ubuntu/airflow-venv/lib/python3.12/site-packages/airflow/example_dags/example_sla_dag.py
[2026-02-26T05:33:04.465+0000] {logging_mixin.py:190} INFO - [2026-02-26T05:33:04.465+0000] {dag.py:3239} INFO - Sync 1 DAGs
[2026-02-26T05:33:04.478+0000] {logging_mixin.py:190} INFO - [2026-02-26T05:33:04.478+0000] {dag.py:4180} INFO - Setting next_dagrun for example_sla_dag to 2026-02-26 05:30:00+00:00, run_after=2026-02-26 05:32:00+00:00
[2026-02-26T05:33:04.493+0000] {processor.py:208} INFO - Processing /home/ubuntu/airflow-venv/lib/python3.12/site-packages/airflow/example_dags/example_sla_dag.py took 0.050 seconds
[2026-02-26T05:33:56.055+0000] {processor.py:186} INFO - Started process (PID=3221) to work on /home/ubuntu/airflow-venv/lib/python3.12/site-packages/airflow/example_dags/example_sla_dag.py
[2026-02-26T05:33:56.056+0000] {processor.py:914} INFO - Processing file /home/ubuntu/airflow-venv/lib/python3.12/site-packages/airflow/example_dags/example_sla_dag.py for tasks to queue
[2026-02-26T05:33:56.058+0000] {logging_mixin.py:190} INFO - [2026-02-26T05:33:56.057+0000] {dagbag.py:588} INFO - Filling up the DagBag from /home/ubuntu/airflow-venv/lib/python3.12/site-packages/airflow/example_dags/example_sla_dag.py
[2026-02-26T05:33:56.064+0000] {processor.py:925} INFO - DAG(s) 'example_sla_dag' retrieved from /home/ubuntu/airflow-venv/lib/python3.12/site-packages/airflow/example_dags/example_sla_dag.py
[2026-02-26T05:33:56.073+0000] {logging_mixin.py:190} INFO - [2026-02-26T05:33:56.073+0000] {dag.py:3239} INFO - Sync 1 DAGs
[2026-02-26T05:33:56.086+0000] {logging_mixin.py:190} INFO - [2026-02-26T05:33:56.086+0000] {dag.py:4180} INFO - Setting next_dagrun for example_sla_dag to 2026-02-26 05:30:00+00:00, run_after=2026-02-26 05:32:00+00:00
[2026-02-26T05:33:56.102+0000] {processor.py:208} INFO - Processing /home/ubuntu/airflow-venv/lib/python3.12/site-packages/airflow/example_dags/example_sla_dag.py took 0.050 seconds
[2026-02-26T05:34:43.422+0000] {processor.py:186} INFO - Started process (PID=3274) to work on /home/ubuntu/airflow-venv/lib/python3.12/site-packages/airflow/example_dags/example_sla_dag.py
[2026-02-26T05:34:43.423+0000] {processor.py:914} INFO - Processing file /home/ubuntu/airflow-venv/lib/python3.12/site-packages/airflow/example_dags/example_sla_dag.py for tasks to queue
[2026-02-26T05:34:43.425+0000] {logging_mixin.py:190} INFO - [2026-02-26T05:34:43.424+0000] {dagbag.py:588} INFO - Filling up the DagBag from /home/ubuntu/airflow-venv/lib/python3.12/site-packages/airflow/example_dags/example_sla_dag.py
[2026-02-26T05:34:43.431+0000] {processor.py:925} INFO - DAG(s) 'example_sla_dag' retrieved from /home/ubuntu/airflow-venv/lib/python3.12/site-packages/airflow/example_dags/example_sla_dag.py
[2026-02-26T05:34:43.440+0000] {logging_mixin.py:190} INFO - [2026-02-26T05:34:43.440+0000] {dag.py:3239} INFO - Sync 1 DAGs
[2026-02-26T05:34:43.453+0000] {logging_mixin.py:190} INFO - [2026-02-26T05:34:43.453+0000] {dag.py:4180} INFO - Setting next_dagrun for example_sla_dag to 2026-02-26 05:32:00+00:00, run_after=2026-02-26 05:34:00+00:00
[2026-02-26T05:34:43.470+0000] {processor.py:208} INFO - Processing /home/ubuntu/airflow-venv/lib/python3.12/site-packages/airflow/example_dags/example_sla_dag.py took 0.052 seconds
[2026-02-26T05:35:35.701+0000] {processor.py:186} INFO - Started process (PID=3334) to work on /home/ubuntu/airflow-venv/lib/python3.12/site-packages/airflow/example_dags/example_sla_dag.py
[2026-02-26T05:35:35.702+0000] {processor.py:914} INFO - Processing file /home/ubuntu/airflow-venv/lib/python3.12/site-packages/airflow/example_dags/example_sla_dag.py for tasks to queue
[2026-02-26T05:35:35.704+0000] {logging_mixin.py:190} INFO - [2026-02-26T05:35:35.703+0000] {dagbag.py:588} INFO - Filling up the DagBag from /home/ubuntu/airflow-venv/lib/python3.12/site-packages/airflow/example_dags/example_sla_dag.py
[2026-02-26T05:35:35.710+0000] {processor.py:925} INFO - DAG(s) 'example_sla_dag' retrieved from /home/ubuntu/airflow-venv/lib/python3.12/site-packages/airflow/example_dags/example_sla_dag.py
[2026-02-26T05:35:35.719+0000] {logging_mixin.py:190} INFO - [2026-02-26T05:35:35.719+0000] {dag.py:3239} INFO - Sync 1 DAGs
[2026-02-26T05:35:35.733+0000] {logging_mixin.py:190} INFO - [2026-02-26T05:35:35.733+0000] {dag.py:4180} INFO - Setting next_dagrun for example_sla_dag to 2026-02-26 05:32:00+00:00, run_after=2026-02-26 05:34:00+00:00
[2026-02-26T05:35:35.749+0000] {processor.py:208} INFO - Processing /home/ubuntu/airflow-venv/lib/python3.12/site-packages/airflow/example_dags/example_sla_dag.py took 0.051 seconds
[2026-02-26T05:36:28.989+0000] {processor.py:186} INFO - Started process (PID=3392) to work on /home/ubuntu/airflow-venv/lib/python3.12/site-packages/airflow/example_dags/example_sla_dag.py
[2026-02-26T05:36:28.990+0000] {processor.py:914} INFO - Processing file /home/ubuntu/airflow-venv/lib/python3.12/site-packages/airflow/example_dags/example_sla_dag.py for tasks to queue
[2026-02-26T05:36:28.991+0000] {logging_mixin.py:190} INFO - [2026-02-26T05:36:28.991+0000] {dagbag.py:588} INFO - Filling up the DagBag from /home/ubuntu/airflow-venv/lib/python3.12/site-packages/airflow/example_dags/example_sla_dag.py
[2026-02-26T05:36:28.998+0000] {processor.py:925} INFO - DAG(s) 'example_sla_dag' retrieved from /home/ubuntu/airflow-venv/lib/python3.12/site-packages/airflow/example_dags/example_sla_dag.py
[2026-02-26T05:36:29.007+0000] {logging_mixin.py:190} INFO - [2026-02-26T05:36:29.007+0000] {dag.py:3239} INFO - Sync 1 DAGs
[2026-02-26T05:36:29.020+0000] {logging_mixin.py:190} INFO - [2026-02-26T05:36:29.020+0000] {dag.py:4180} INFO - Setting next_dagrun for example_sla_dag to 2026-02-26 05:34:00+00:00, run_after=2026-02-26 05:36:00+00:00
[2026-02-26T05:36:29.035+0000] {processor.py:208} INFO - Processing /home/ubuntu/airflow-venv/lib/python3.12/site-packages/airflow/example_dags/example_sla_dag.py took 0.050 seconds
[2026-02-26T05:37:17.422+0000] {processor.py:186} INFO - Started process (PID=3444) to work on /home/ubuntu/airflow-venv/lib/python3.12/site-packages/airflow/example_dags/example_sla_dag.py
[2026-02-26T05:37:17.424+0000] {processor.py:914} INFO - Processing file /home/ubuntu/airflow-venv/lib/python3.12/site-packages/airflow/example_dags/example_sla_dag.py for tasks to queue
[2026-02-26T05:37:17.425+0000] {logging_mixin.py:190} INFO - [2026-02-26T05:37:17.425+0000] {dagbag.py:588} INFO - Filling up the DagBag from /home/ubuntu/airflow-venv/lib/python3.12/site-packages/airflow/example_dags/example_sla_dag.py
[2026-02-26T05:37:17.431+0000] {processor.py:925} INFO - DAG(s) 'example_sla_dag' retrieved from /home/ubuntu/airflow-venv/lib/python3.12/site-packages/airflow/example_dags/example_sla_dag.py
[2026-02-26T05:37:17.440+0000] {logging_mixin.py:190} INFO - [2026-02-26T05:37:17.440+0000] {dag.py:3239} INFO - Sync 1 DAGs
[2026-02-26T05:37:17.453+0000] {logging_mixin.py:190} INFO - [2026-02-26T05:37:17.453+0000] {dag.py:4180} INFO - Setting next_dagrun for example_sla_dag to 2026-02-26 05:34:00+00:00, run_after=2026-02-26 05:36:00+00:00
[2026-02-26T05:37:17.469+0000] {processor.py:208} INFO - Processing /home/ubuntu/airflow-venv/lib/python3.12/site-packages/airflow/example_dags/example_sla_dag.py took 0.050 seconds
[2026-02-26T05:38:06.826+0000] {processor.py:186} INFO - Started process (PID=3494) to work on /home/ubuntu/airflow-venv/lib/python3.12/site-packages/airflow/example_dags/example_sla_dag.py
[2026-02-26T05:38:06.827+0000] {processor.py:914} INFO - Processing file /home/ubuntu/airflow-venv/lib/python3.12/site-packages/airflow/example_dags/example_sla_dag.py for tasks to queue
[2026-02-26T05:38:06.828+0000] {logging_mixin.py:190} INFO - [2026-02-26T05:38:06.828+0000] {dagbag.py:588} INFO - Filling up the DagBag from /home/ubuntu/airflow-venv/lib/python3.12/site-packages/airflow/example_dags/example_sla_dag.py
[2026-02-26T05:38:06.834+0000] {processor.py:925} INFO - DAG(s) 'example_sla_dag' retrieved from /home/ubuntu/airflow-venv/lib/python3.12/site-packages/airflow/example_dags/example_sla_dag.py
[2026-02-26T05:38:06.844+0000] {logging_mixin.py:190} INFO - [2026-02-26T05:38:06.843+0000] {dag.py:3239} INFO - Sync 1 DAGs
[2026-02-26T05:38:06.856+0000] {logging_mixin.py:190} INFO - [2026-02-26T05:38:06.856+0000] {dag.py:4180} INFO - Setting next_dagrun for example_sla_dag to 2026-02-26 05:36:00+00:00, run_after=2026-02-26 05:38:00+00:00
[2026-02-26T05:38:06.871+0000] {processor.py:208} INFO - Processing /home/ubuntu/airflow-venv/lib/python3.12/site-packages/airflow/example_dags/example_sla_dag.py took 0.049 seconds
[2026-02-26T05:38:57.853+0000] {processor.py:186} INFO - Started process (PID=3547) to work on /home/ubuntu/airflow-venv/lib/python3.12/site-packages/airflow/example_dags/example_sla_dag.py
[2026-02-26T05:38:57.854+0000] {processor.py:914} INFO - Processing file /home/ubuntu/airflow-venv/lib/python3.12/site-packages/airflow/example_dags/example_sla_dag.py for tasks to queue
[2026-02-26T05:38:57.856+0000] {logging_mixin.py:190} INFO - [2026-02-26T05:38:57.855+0000] {dagbag.py:588} INFO - Filling up the DagBag from /home/ubuntu/airflow-venv/lib/python3.12/site-packages/airflow/example_dags/example_sla_dag.py
[2026-02-26T05:38:57.862+0000] {processor.py:925} INFO - DAG(s) 'example_sla_dag' retrieved from /home/ubuntu/airflow-venv/lib/python3.12/site-packages/airflow/example_dags/example_sla_dag.py
[2026-02-26T05:38:57.871+0000] {logging_mixin.py:190} INFO - [2026-02-26T05:38:57.871+0000] {dag.py:3239} INFO - Sync 1 DAGs
[2026-02-26T05:38:57.884+0000] {logging_mixin.py:190} INFO - [2026-02-26T05:38:57.884+0000] {dag.py:4180} INFO - Setting next_dagrun for example_sla_dag to 2026-02-26 05:36:00+00:00, run_after=2026-02-26 05:38:00+00:00
[2026-02-26T05:38:57.900+0000] {processor.py:208} INFO - Processing /home/ubuntu/airflow-venv/lib/python3.12/site-packages/airflow/example_dags/example_sla_dag.py took 0.051 seconds
[2026-02-26T05:39:48.097+0000] {processor.py:186} INFO - Started process (PID=3602) to work on /home/ubuntu/airflow-venv/lib/python3.12/site-packages/airflow/example_dags/example_sla_dag.py
[2026-02-26T05:39:48.098+0000] {processor.py:914} INFO - Processing file /home/ubuntu/airflow-venv/lib/python3.12/site-packages/airflow/example_dags/example_sla_dag.py for tasks to queue
[2026-02-26T05:39:48.099+0000] {logging_mixin.py:190} INFO - [2026-02-26T05:39:48.099+0000] {dagbag.py:588} INFO - Filling up the DagBag from /home/ubuntu/airflow-venv/lib/python3.12/site-packages/airflow/example_dags/example_sla_dag.py
[2026-02-26T05:39:48.106+0000] {processor.py:925} INFO - DAG(s) 'example_sla_dag' retrieved from /home/ubuntu/airflow-venv/lib/python3.12/site-packages/airflow/example_dags/example_sla_dag.py
[2026-02-26T05:39:48.115+0000] {logging_mixin.py:190} INFO - [2026-02-26T05:39:48.115+0000] {dag.py:3239} INFO - Sync 1 DAGs
[2026-02-26T05:39:48.128+0000] {logging_mixin.py:190} INFO - [2026-02-26T05:39:48.128+0000] {dag.py:4180} INFO - Setting next_dagrun for example_sla_dag to 2026-02-26 05:36:00+00:00, run_after=2026-02-26 05:38:00+00:00
[2026-02-26T05:39:48.144+0000] {processor.py:208} INFO - Processing /home/ubuntu/airflow-venv/lib/python3.12/site-packages/airflow/example_dags/example_sla_dag.py took 0.051 seconds
[2026-02-26T05:40:36.591+0000] {processor.py:186} INFO - Started process (PID=3658) to work on /home/ubuntu/airflow-venv/lib/python3.12/site-packages/airflow/example_dags/example_sla_dag.py
[2026-02-26T05:40:36.593+0000] {processor.py:914} INFO - Processing file /home/ubuntu/airflow-venv/lib/python3.12/site-packages/airflow/example_dags/example_sla_dag.py for tasks to queue
[2026-02-26T05:40:36.594+0000] {logging_mixin.py:190} INFO - [2026-02-26T05:40:36.594+0000] {dagbag.py:588} INFO - Filling up the DagBag from /home/ubuntu/airflow-venv/lib/python3.12/site-packages/airflow/example_dags/example_sla_dag.py
[2026-02-26T05:40:36.600+0000] {processor.py:925} INFO - DAG(s) 'example_sla_dag' retrieved from /home/ubuntu/airflow-venv/lib/python3.12/site-packages/airflow/example_dags/example_sla_dag.py
[2026-02-26T05:40:36.609+0000] {logging_mixin.py:190} INFO - [2026-02-26T05:40:36.609+0000] {dag.py:3239} INFO - Sync 1 DAGs
[2026-02-26T05:40:36.622+0000] {logging_mixin.py:190} INFO - [2026-02-26T05:40:36.622+0000] {dag.py:4180} INFO - Setting next_dagrun for example_sla_dag to 2026-02-26 05:38:00+00:00, run_after=2026-02-26 05:40:00+00:00
[2026-02-26T05:40:36.638+0000] {processor.py:208} INFO - Processing /home/ubuntu/airflow-venv/lib/python3.12/site-packages/airflow/example_dags/example_sla_dag.py took 0.050 seconds
[2026-02-26T05:41:25.666+0000] {processor.py:186} INFO - Started process (PID=3709) to work on /home/ubuntu/airflow-venv/lib/python3.12/site-packages/airflow/example_dags/example_sla_dag.py
[2026-02-26T05:41:25.667+0000] {processor.py:914} INFO - Processing file /home/ubuntu/airflow-venv/lib/python3.12/site-packages/airflow/example_dags/example_sla_dag.py for tasks to queue
[2026-02-26T05:41:25.669+0000] {logging_mixin.py:190} INFO - [2026-02-26T05:41:25.668+0000] {dagbag.py:588} INFO - Filling up the DagBag from /home/ubuntu/airflow-venv/lib/python3.12/site-packages/airflow/example_dags/example_sla_dag.py
[2026-02-26T05:41:25.676+0000] {processor.py:925} INFO - DAG(s) 'example_sla_dag' retrieved from /home/ubuntu/airflow-venv/lib/python3.12/site-packages/airflow/example_dags/example_sla_dag.py
[2026-02-26T05:41:25.685+0000] {logging_mixin.py:190} INFO - [2026-02-26T05:41:25.685+0000] {dag.py:3239} INFO - Sync 1 DAGs
[2026-02-26T05:41:25.698+0000] {logging_mixin.py:190} INFO - [2026-02-26T05:41:25.697+0000] {dag.py:4180} INFO - Setting next_dagrun for example_sla_dag to 2026-02-26 05:38:00+00:00, run_after=2026-02-26 05:40:00+00:00
[2026-02-26T05:41:25.714+0000] {processor.py:208} INFO - Processing /home/ubuntu/airflow-venv/lib/python3.12/site-packages/airflow/example_dags/example_sla_dag.py took 0.052 seconds
[2026-02-26T05:42:14.996+0000] {processor.py:186} INFO - Started process (PID=3760) to work on /home/ubuntu/airflow-venv/lib/python3.12/site-packages/airflow/example_dags/example_sla_dag.py
[2026-02-26T05:42:14.997+0000] {processor.py:914} INFO - Processing file /home/ubuntu/airflow-venv/lib/python3.12/site-packages/airflow/example_dags/example_sla_dag.py for tasks to queue
[2026-02-26T05:42:14.999+0000] {logging_mixin.py:190} INFO - [2026-02-26T05:42:14.999+0000] {dagbag.py:588} INFO - Filling up the DagBag from /home/ubuntu/airflow-venv/lib/python3.12/site-packages/airflow/example_dags/example_sla_dag.py
[2026-02-26T05:42:15.005+0000] {processor.py:925} INFO - DAG(s) 'example_sla_dag' retrieved from /home/ubuntu/airflow-venv/lib/python3.12/site-packages/airflow/example_dags/example_sla_dag.py
[2026-02-26T05:42:15.015+0000] {logging_mixin.py:190} INFO - [2026-02-26T05:42:15.014+0000] {dag.py:3239} INFO - Sync 1 DAGs
[2026-02-26T05:42:15.028+0000] {logging_mixin.py:190} INFO - [2026-02-26T05:42:15.028+0000] {dag.py:4180} INFO - Setting next_dagrun for example_sla_dag to 2026-02-26 05:40:00+00:00, run_after=2026-02-26 05:42:00+00:00
[2026-02-26T05:42:15.044+0000] {processor.py:208} INFO - Processing /home/ubuntu/airflow-venv/lib/python3.12/site-packages/airflow/example_dags/example_sla_dag.py took 0.051 seconds
[2026-02-26T05:43:04.358+0000] {processor.py:186} INFO - Started process (PID=3813) to work on /home/ubuntu/airflow-venv/lib/python3.12/site-packages/airflow/example_dags/example_sla_dag.py
[2026-02-26T05:43:04.359+0000] {processor.py:914} INFO - Processing file /home/ubuntu/airflow-venv/lib/python3.12/site-packages/airflow/example_dags/example_sla_dag.py for tasks to queue
[2026-02-26T05:43:04.361+0000] {logging_mixin.py:190} INFO - [2026-02-26T05:43:04.361+0000] {dagbag.py:588} INFO - Filling up the DagBag from /home/ubuntu/airflow-venv/lib/python3.12/site-packages/airflow/example_dags/example_sla_dag.py
[2026-02-26T05:43:04.367+0000] {processor.py:925} INFO - DAG(s) 'example_sla_dag' retrieved from /home/ubuntu/airflow-venv/lib/python3.12/site-packages/airflow/example_dags/example_sla_dag.py
[2026-02-26T05:43:04.377+0000] {logging_mixin.py:190} INFO - [2026-02-26T05:43:04.376+0000] {dag.py:3239} INFO - Sync 1 DAGs
[2026-02-26T05:43:04.390+0000] {logging_mixin.py:190} INFO - [2026-02-26T05:43:04.389+0000] {dag.py:4180} INFO - Setting next_dagrun for example_sla_dag to 2026-02-26 05:40:00+00:00, run_after=2026-02-26 05:42:00+00:00
[2026-02-26T05:43:04.406+0000] {processor.py:208} INFO - Processing /home/ubuntu/airflow-venv/lib/python3.12/site-packages/airflow/example_dags/example_sla_dag.py took 0.052 seconds
[2026-02-26T05:43:55.006+0000] {processor.py:186} INFO - Started process (PID=3865) to work on /home/ubuntu/airflow-venv/lib/python3.12/site-packages/airflow/example_dags/example_sla_dag.py
[2026-02-26T05:43:55.007+0000] {processor.py:914} INFO - Processing file /home/ubuntu/airflow-venv/lib/python3.12/site-packages/airflow/example_dags/example_sla_dag.py for tasks to queue
[2026-02-26T05:43:55.008+0000] {logging_mixin.py:190} INFO - [2026-02-26T05:43:55.008+0000] {dagbag.py:588} INFO - Filling up the DagBag from /home/ubuntu/airflow-venv/lib/python3.12/site-packages/airflow/example_dags/example_sla_dag.py
[2026-02-26T05:43:55.015+0000] {processor.py:925} INFO - DAG(s) 'example_sla_dag' retrieved from /home/ubuntu/airflow-venv/lib/python3.12/site-packages/airflow/example_dags/example_sla_dag.py
[2026-02-26T05:43:55.024+0000] {logging_mixin.py:190} INFO - [2026-02-26T05:43:55.023+0000] {dag.py:3239} INFO - Sync 1 DAGs
[2026-02-26T05:43:55.036+0000] {logging_mixin.py:190} INFO - [2026-02-26T05:43:55.036+0000] {dag.py:4180} INFO - Setting next_dagrun for example_sla_dag to 2026-02-26 05:40:00+00:00, run_after=2026-02-26 05:42:00+00:00
[2026-02-26T05:43:55.052+0000] {processor.py:208} INFO - Processing /home/ubuntu/airflow-venv/lib/python3.12/site-packages/airflow/example_dags/example_sla_dag.py took 0.050 seconds
[2026-02-26T05:44:43.317+0000] {processor.py:186} INFO - Started process (PID=3918) to work on /home/ubuntu/airflow-venv/lib/python3.12/site-packages/airflow/example_dags/example_sla_dag.py
[2026-02-26T05:44:43.318+0000] {processor.py:914} INFO - Processing file /home/ubuntu/airflow-venv/lib/python3.12/site-packages/airflow/example_dags/example_sla_dag.py for tasks to queue
[2026-02-26T05:44:43.319+0000] {logging_mixin.py:190} INFO - [2026-02-26T05:44:43.319+0000] {dagbag.py:588} INFO - Filling up the DagBag from /home/ubuntu/airflow-venv/lib/python3.12/site-packages/airflow/example_dags/example_sla_dag.py
[2026-02-26T05:44:43.326+0000] {processor.py:925} INFO - DAG(s) 'example_sla_dag' retrieved from /home/ubuntu/airflow-venv/lib/python3.12/site-packages/airflow/example_dags/example_sla_dag.py
[2026-02-26T05:44:43.335+0000] {logging_mixin.py:190} INFO - [2026-02-26T05:44:43.335+0000] {dag.py:3239} INFO - Sync 1 DAGs
[2026-02-26T05:44:43.348+0000] {logging_mixin.py:190} INFO - [2026-02-26T05:44:43.347+0000] {dag.py:4180} INFO - Setting next_dagrun for example_sla_dag to 2026-02-26 05:42:00+00:00, run_after=2026-02-26 05:44:00+00:00
[2026-02-26T05:44:43.364+0000] {processor.py:208} INFO - Processing /home/ubuntu/airflow-venv/lib/python3.12/site-packages/airflow/example_dags/example_sla_dag.py took 0.051 seconds
[2026-02-26T06:13:51.666+0000] {processor.py:186} INFO - Started process (PID=2703) to work on /home/ubuntu/airflow-venv/lib/python3.12/site-packages/airflow/example_dags/example_sla_dag.py
[2026-02-26T06:13:51.668+0000] {processor.py:914} INFO - Processing file /home/ubuntu/airflow-venv/lib/python3.12/site-packages/airflow/example_dags/example_sla_dag.py for tasks to queue
[2026-02-26T06:13:51.669+0000] {logging_mixin.py:190} INFO - [2026-02-26T06:13:51.669+0000] {dagbag.py:588} INFO - Filling up the DagBag from /home/ubuntu/airflow-venv/lib/python3.12/site-packages/airflow/example_dags/example_sla_dag.py
[2026-02-26T06:13:51.676+0000] {processor.py:925} INFO - DAG(s) 'example_sla_dag' retrieved from /home/ubuntu/airflow-venv/lib/python3.12/site-packages/airflow/example_dags/example_sla_dag.py
[2026-02-26T06:13:51.686+0000] {logging_mixin.py:190} INFO - [2026-02-26T06:13:51.686+0000] {dag.py:3239} INFO - Sync 1 DAGs
[2026-02-26T06:13:51.701+0000] {logging_mixin.py:190} INFO - [2026-02-26T06:13:51.701+0000] {dag.py:4180} INFO - Setting next_dagrun for example_sla_dag to 2026-02-26 06:10:00+00:00, run_after=2026-02-26 06:12:00+00:00
[2026-02-26T06:13:51.718+0000] {processor.py:208} INFO - Processing /home/ubuntu/airflow-venv/lib/python3.12/site-packages/airflow/example_dags/example_sla_dag.py took 0.055 seconds
[2026-02-26T06:14:51.457+0000] {processor.py:186} INFO - Started process (PID=2767) to work on /home/ubuntu/airflow-venv/lib/python3.12/site-packages/airflow/example_dags/example_sla_dag.py
[2026-02-26T06:14:51.459+0000] {processor.py:914} INFO - Processing file /home/ubuntu/airflow-venv/lib/python3.12/site-packages/airflow/example_dags/example_sla_dag.py for tasks to queue
[2026-02-26T06:14:51.460+0000] {logging_mixin.py:190} INFO - [2026-02-26T06:14:51.460+0000] {dagbag.py:588} INFO - Filling up the DagBag from /home/ubuntu/airflow-venv/lib/python3.12/site-packages/airflow/example_dags/example_sla_dag.py
[2026-02-26T06:14:51.466+0000] {processor.py:925} INFO - DAG(s) 'example_sla_dag' retrieved from /home/ubuntu/airflow-venv/lib/python3.12/site-packages/airflow/example_dags/example_sla_dag.py
[2026-02-26T06:14:51.476+0000] {logging_mixin.py:190} INFO - [2026-02-26T06:14:51.476+0000] {dag.py:3239} INFO - Sync 1 DAGs
[2026-02-26T06:14:51.489+0000] {logging_mixin.py:190} INFO - [2026-02-26T06:14:51.489+0000] {dag.py:4180} INFO - Setting next_dagrun for example_sla_dag to 2026-02-26 06:12:00+00:00, run_after=2026-02-26 06:14:00+00:00
[2026-02-26T06:14:51.506+0000] {processor.py:208} INFO - Processing /home/ubuntu/airflow-venv/lib/python3.12/site-packages/airflow/example_dags/example_sla_dag.py took 0.053 seconds
[2026-02-26T06:15:49.458+0000] {processor.py:186} INFO - Started process (PID=2834) to work on /home/ubuntu/airflow-venv/lib/python3.12/site-packages/airflow/example_dags/example_sla_dag.py
[2026-02-26T06:15:49.460+0000] {processor.py:914} INFO - Processing file /home/ubuntu/airflow-venv/lib/python3.12/site-packages/airflow/example_dags/example_sla_dag.py for tasks to queue
[2026-02-26T06:15:49.461+0000] {logging_mixin.py:190} INFO - [2026-02-26T06:15:49.461+0000] {dagbag.py:588} INFO - Filling up the DagBag from /home/ubuntu/airflow-venv/lib/python3.12/site-packages/airflow/example_dags/example_sla_dag.py
[2026-02-26T06:15:49.467+0000] {processor.py:925} INFO - DAG(s) 'example_sla_dag' retrieved from /home/ubuntu/airflow-venv/lib/python3.12/site-packages/airflow/example_dags/example_sla_dag.py
[2026-02-26T06:15:49.477+0000] {logging_mixin.py:190} INFO - [2026-02-26T06:15:49.477+0000] {dag.py:3239} INFO - Sync 1 DAGs
[2026-02-26T06:15:49.490+0000] {logging_mixin.py:190} INFO - [2026-02-26T06:15:49.490+0000] {dag.py:4180} INFO - Setting next_dagrun for example_sla_dag to 2026-02-26 06:12:00+00:00, run_after=2026-02-26 06:14:00+00:00
[2026-02-26T06:15:49.507+0000] {processor.py:208} INFO - Processing /home/ubuntu/airflow-venv/lib/python3.12/site-packages/airflow/example_dags/example_sla_dag.py took 0.052 seconds
[2026-02-26T06:16:41.459+0000] {processor.py:186} INFO - Started process (PID=2890) to work on /home/ubuntu/airflow-venv/lib/python3.12/site-packages/airflow/example_dags/example_sla_dag.py
[2026-02-26T06:16:41.460+0000] {processor.py:914} INFO - Processing file /home/ubuntu/airflow-venv/lib/python3.12/site-packages/airflow/example_dags/example_sla_dag.py for tasks to queue
[2026-02-26T06:16:41.462+0000] {logging_mixin.py:190} INFO - [2026-02-26T06:16:41.461+0000] {dagbag.py:588} INFO - Filling up the DagBag from /home/ubuntu/airflow-venv/lib/python3.12/site-packages/airflow/example_dags/example_sla_dag.py
[2026-02-26T06:16:41.468+0000] {processor.py:925} INFO - DAG(s) 'example_sla_dag' retrieved from /home/ubuntu/airflow-venv/lib/python3.12/site-packages/airflow/example_dags/example_sla_dag.py
[2026-02-26T06:16:41.477+0000] {logging_mixin.py:190} INFO - [2026-02-26T06:16:41.477+0000] {dag.py:3239} INFO - Sync 1 DAGs
[2026-02-26T06:16:41.491+0000] {logging_mixin.py:190} INFO - [2026-02-26T06:16:41.491+0000] {dag.py:4180} INFO - Setting next_dagrun for example_sla_dag to 2026-02-26 06:14:00+00:00, run_after=2026-02-26 06:16:00+00:00
[2026-02-26T06:16:41.507+0000] {processor.py:208} INFO - Processing /home/ubuntu/airflow-venv/lib/python3.12/site-packages/airflow/example_dags/example_sla_dag.py took 0.052 seconds
[2026-02-26T06:17:30.755+0000] {processor.py:186} INFO - Started process (PID=2945) to work on /home/ubuntu/airflow-venv/lib/python3.12/site-packages/airflow/example_dags/example_sla_dag.py
[2026-02-26T06:17:30.756+0000] {processor.py:914} INFO - Processing file /home/ubuntu/airflow-venv/lib/python3.12/site-packages/airflow/example_dags/example_sla_dag.py for tasks to queue
[2026-02-26T06:17:30.757+0000] {logging_mixin.py:190} INFO - [2026-02-26T06:17:30.757+0000] {dagbag.py:588} INFO - Filling up the DagBag from /home/ubuntu/airflow-venv/lib/python3.12/site-packages/airflow/example_dags/example_sla_dag.py
[2026-02-26T06:17:30.764+0000] {processor.py:925} INFO - DAG(s) 'example_sla_dag' retrieved from /home/ubuntu/airflow-venv/lib/python3.12/site-packages/airflow/example_dags/example_sla_dag.py
[2026-02-26T06:17:30.774+0000] {logging_mixin.py:190} INFO - [2026-02-26T06:17:30.774+0000] {dag.py:3239} INFO - Sync 1 DAGs
[2026-02-26T06:17:30.788+0000] {logging_mixin.py:190} INFO - [2026-02-26T06:17:30.787+0000] {dag.py:4180} INFO - Setting next_dagrun for example_sla_dag to 2026-02-26 06:14:00+00:00, run_after=2026-02-26 06:16:00+00:00
[2026-02-26T06:17:30.803+0000] {processor.py:208} INFO - Processing /home/ubuntu/airflow-venv/lib/python3.12/site-packages/airflow/example_dags/example_sla_dag.py took 0.053 seconds
[2026-02-26T06:18:21.246+0000] {processor.py:186} INFO - Started process (PID=2997) to work on /home/ubuntu/airflow-venv/lib/python3.12/site-packages/airflow/example_dags/example_sla_dag.py
[2026-02-26T06:18:21.248+0000] {processor.py:914} INFO - Processing file /home/ubuntu/airflow-venv/lib/python3.12/site-packages/airflow/example_dags/example_sla_dag.py for tasks to queue
[2026-02-26T06:18:21.249+0000] {logging_mixin.py:190} INFO - [2026-02-26T06:18:21.249+0000] {dagbag.py:588} INFO - Filling up the DagBag from /home/ubuntu/airflow-venv/lib/python3.12/site-packages/airflow/example_dags/example_sla_dag.py
[2026-02-26T06:18:21.255+0000] {processor.py:925} INFO - DAG(s) 'example_sla_dag' retrieved from /home/ubuntu/airflow-venv/lib/python3.12/site-packages/airflow/example_dags/example_sla_dag.py
[2026-02-26T06:18:21.265+0000] {logging_mixin.py:190} INFO - [2026-02-26T06:18:21.264+0000] {dag.py:3239} INFO - Sync 1 DAGs
[2026-02-26T06:18:21.278+0000] {logging_mixin.py:190} INFO - [2026-02-26T06:18:21.278+0000] {dag.py:4180} INFO - Setting next_dagrun for example_sla_dag to 2026-02-26 06:16:00+00:00, run_after=2026-02-26 06:18:00+00:00
[2026-02-26T06:18:21.295+0000] {processor.py:208} INFO - Processing /home/ubuntu/airflow-venv/lib/python3.12/site-packages/airflow/example_dags/example_sla_dag.py took 0.053 seconds
[2026-02-26T06:19:16.504+0000] {processor.py:186} INFO - Started process (PID=3051) to work on /home/ubuntu/airflow-venv/lib/python3.12/site-packages/airflow/example_dags/example_sla_dag.py
[2026-02-26T06:19:16.505+0000] {processor.py:914} INFO - Processing file /home/ubuntu/airflow-venv/lib/python3.12/site-packages/airflow/example_dags/example_sla_dag.py for tasks to queue
[2026-02-26T06:19:16.507+0000] {logging_mixin.py:190} INFO - [2026-02-26T06:19:16.507+0000] {dagbag.py:588} INFO - Filling up the DagBag from /home/ubuntu/airflow-venv/lib/python3.12/site-packages/airflow/example_dags/example_sla_dag.py
[2026-02-26T06:19:16.513+0000] {processor.py:925} INFO - DAG(s) 'example_sla_dag' retrieved from /home/ubuntu/airflow-venv/lib/python3.12/site-packages/airflow/example_dags/example_sla_dag.py
[2026-02-26T06:19:16.604+0000] {logging_mixin.py:190} INFO - [2026-02-26T06:19:16.603+0000] {dag.py:3239} INFO - Sync 1 DAGs
[2026-02-26T06:19:16.615+0000] {logging_mixin.py:190} INFO - [2026-02-26T06:19:16.615+0000] {dag.py:4180} INFO - Setting next_dagrun for example_sla_dag to 2026-02-26 06:16:00+00:00, run_after=2026-02-26 06:18:00+00:00
[2026-02-26T06:19:16.631+0000] {processor.py:208} INFO - Processing /home/ubuntu/airflow-venv/lib/python3.12/site-packages/airflow/example_dags/example_sla_dag.py took 0.130 seconds
[2026-02-26T06:20:13.337+0000] {processor.py:186} INFO - Started process (PID=3108) to work on /home/ubuntu/airflow-venv/lib/python3.12/site-packages/airflow/example_dags/example_sla_dag.py
[2026-02-26T06:20:13.339+0000] {processor.py:914} INFO - Processing file /home/ubuntu/airflow-venv/lib/python3.12/site-packages/airflow/example_dags/example_sla_dag.py for tasks to queue
[2026-02-26T06:20:13.341+0000] {logging_mixin.py:190} INFO - [2026-02-26T06:20:13.340+0000] {dagbag.py:588} INFO - Filling up the DagBag from /home/ubuntu/airflow-venv/lib/python3.12/site-packages/airflow/example_dags/example_sla_dag.py
[2026-02-26T06:20:13.347+0000] {processor.py:925} INFO - DAG(s) 'example_sla_dag' retrieved from /home/ubuntu/airflow-venv/lib/python3.12/site-packages/airflow/example_dags/example_sla_dag.py
[2026-02-26T06:20:13.357+0000] {logging_mixin.py:190} INFO - [2026-02-26T06:20:13.357+0000] {dag.py:3239} INFO - Sync 1 DAGs
[2026-02-26T06:20:13.372+0000] {logging_mixin.py:190} INFO - [2026-02-26T06:20:13.372+0000] {dag.py:4180} INFO - Setting next_dagrun for example_sla_dag to 2026-02-26 06:18:00+00:00, run_after=2026-02-26 06:20:00+00:00
[2026-02-26T06:20:13.388+0000] {processor.py:208} INFO - Processing /home/ubuntu/airflow-venv/lib/python3.12/site-packages/airflow/example_dags/example_sla_dag.py took 0.055 seconds
[2026-02-26T06:21:03.993+0000] {processor.py:186} INFO - Started process (PID=3165) to work on /home/ubuntu/airflow-venv/lib/python3.12/site-packages/airflow/example_dags/example_sla_dag.py
[2026-02-26T06:21:03.994+0000] {processor.py:914} INFO - Processing file /home/ubuntu/airflow-venv/lib/python3.12/site-packages/airflow/example_dags/example_sla_dag.py for tasks to queue
[2026-02-26T06:21:03.996+0000] {logging_mixin.py:190} INFO - [2026-02-26T06:21:03.996+0000] {dagbag.py:588} INFO - Filling up the DagBag from /home/ubuntu/airflow-venv/lib/python3.12/site-packages/airflow/example_dags/example_sla_dag.py
[2026-02-26T06:21:04.002+0000] {processor.py:925} INFO - DAG(s) 'example_sla_dag' retrieved from /home/ubuntu/airflow-venv/lib/python3.12/site-packages/airflow/example_dags/example_sla_dag.py
[2026-02-26T06:21:04.012+0000] {logging_mixin.py:190} INFO - [2026-02-26T06:21:04.011+0000] {dag.py:3239} INFO - Sync 1 DAGs
[2026-02-26T06:21:04.025+0000] {logging_mixin.py:190} INFO - [2026-02-26T06:21:04.025+0000] {dag.py:4180} INFO - Setting next_dagrun for example_sla_dag to 2026-02-26 06:18:00+00:00, run_after=2026-02-26 06:20:00+00:00
[2026-02-26T06:21:04.042+0000] {processor.py:208} INFO - Processing /home/ubuntu/airflow-venv/lib/python3.12/site-packages/airflow/example_dags/example_sla_dag.py took 0.053 seconds
[2026-02-26T06:21:57.790+0000] {processor.py:186} INFO - Started process (PID=3223) to work on /home/ubuntu/airflow-venv/lib/python3.12/site-packages/airflow/example_dags/example_sla_dag.py
[2026-02-26T06:21:57.791+0000] {processor.py:914} INFO - Processing file /home/ubuntu/airflow-venv/lib/python3.12/site-packages/airflow/example_dags/example_sla_dag.py for tasks to queue
[2026-02-26T06:21:57.793+0000] {logging_mixin.py:190} INFO - [2026-02-26T06:21:57.792+0000] {dagbag.py:588} INFO - Filling up the DagBag from /home/ubuntu/airflow-venv/lib/python3.12/site-packages/airflow/example_dags/example_sla_dag.py
[2026-02-26T06:21:57.800+0000] {processor.py:925} INFO - DAG(s) 'example_sla_dag' retrieved from /home/ubuntu/airflow-venv/lib/python3.12/site-packages/airflow/example_dags/example_sla_dag.py
[2026-02-26T06:21:57.809+0000] {logging_mixin.py:190} INFO - [2026-02-26T06:21:57.809+0000] {dag.py:3239} INFO - Sync 1 DAGs
[2026-02-26T06:21:57.823+0000] {logging_mixin.py:190} INFO - [2026-02-26T06:21:57.823+0000] {dag.py:4180} INFO - Setting next_dagrun for example_sla_dag to 2026-02-26 06:18:00+00:00, run_after=2026-02-26 06:20:00+00:00
[2026-02-26T06:21:57.839+0000] {processor.py:208} INFO - Processing /home/ubuntu/airflow-venv/lib/python3.12/site-packages/airflow/example_dags/example_sla_dag.py took 0.052 seconds
[2026-02-26T06:22:48.313+0000] {processor.py:186} INFO - Started process (PID=3278) to work on /home/ubuntu/airflow-venv/lib/python3.12/site-packages/airflow/example_dags/example_sla_dag.py
[2026-02-26T06:22:48.314+0000] {processor.py:914} INFO - Processing file /home/ubuntu/airflow-venv/lib/python3.12/site-packages/airflow/example_dags/example_sla_dag.py for tasks to queue
[2026-02-26T06:22:48.315+0000] {logging_mixin.py:190} INFO - [2026-02-26T06:22:48.315+0000] {dagbag.py:588} INFO - Filling up the DagBag from /home/ubuntu/airflow-venv/lib/python3.12/site-packages/airflow/example_dags/example_sla_dag.py
[2026-02-26T06:22:48.322+0000] {processor.py:925} INFO - DAG(s) 'example_sla_dag' retrieved from /home/ubuntu/airflow-venv/lib/python3.12/site-packages/airflow/example_dags/example_sla_dag.py
[2026-02-26T06:22:48.332+0000] {logging_mixin.py:190} INFO - [2026-02-26T06:22:48.332+0000] {dag.py:3239} INFO - Sync 1 DAGs
[2026-02-26T06:22:48.346+0000] {logging_mixin.py:190} INFO - [2026-02-26T06:22:48.346+0000] {dag.py:4180} INFO - Setting next_dagrun for example_sla_dag to 2026-02-26 06:20:00+00:00, run_after=2026-02-26 06:22:00+00:00
[2026-02-26T06:22:48.363+0000] {processor.py:208} INFO - Processing /home/ubuntu/airflow-venv/lib/python3.12/site-packages/airflow/example_dags/example_sla_dag.py took 0.054 seconds
[2026-02-26T06:23:41.528+0000] {processor.py:186} INFO - Started process (PID=3331) to work on /home/ubuntu/airflow-venv/lib/python3.12/site-packages/airflow/example_dags/example_sla_dag.py
[2026-02-26T06:23:41.529+0000] {processor.py:914} INFO - Processing file /home/ubuntu/airflow-venv/lib/python3.12/site-packages/airflow/example_dags/example_sla_dag.py for tasks to queue
[2026-02-26T06:23:41.531+0000] {logging_mixin.py:190} INFO - [2026-02-26T06:23:41.530+0000] {dagbag.py:588} INFO - Filling up the DagBag from /home/ubuntu/airflow-venv/lib/python3.12/site-packages/airflow/example_dags/example_sla_dag.py
[2026-02-26T06:23:41.538+0000] {processor.py:925} INFO - DAG(s) 'example_sla_dag' retrieved from /home/ubuntu/airflow-venv/lib/python3.12/site-packages/airflow/example_dags/example_sla_dag.py
[2026-02-26T06:23:41.547+0000] {logging_mixin.py:190} INFO - [2026-02-26T06:23:41.547+0000] {dag.py:3239} INFO - Sync 1 DAGs
[2026-02-26T06:23:41.561+0000] {logging_mixin.py:190} INFO - [2026-02-26T06:23:41.561+0000] {dag.py:4180} INFO - Setting next_dagrun for example_sla_dag to 2026-02-26 06:20:00+00:00, run_after=2026-02-26 06:22:00+00:00
[2026-02-26T06:23:41.577+0000] {processor.py:208} INFO - Processing /home/ubuntu/airflow-venv/lib/python3.12/site-packages/airflow/example_dags/example_sla_dag.py took 0.053 seconds
