[2026-02-26T05:22:50.938+0000] {processor.py:186} INFO - Started process (PID=2132) to work on /home/ubuntu/airflow-venv/lib/python3.12/site-packages/airflow/example_dags/example_setup_teardown_taskflow.py
[2026-02-26T05:22:50.938+0000] {processor.py:914} INFO - Processing file /home/ubuntu/airflow-venv/lib/python3.12/site-packages/airflow/example_dags/example_setup_teardown_taskflow.py for tasks to queue
[2026-02-26T05:22:50.940+0000] {logging_mixin.py:190} INFO - [2026-02-26T05:22:50.940+0000] {dagbag.py:588} INFO - Filling up the DagBag from /home/ubuntu/airflow-venv/lib/python3.12/site-packages/airflow/example_dags/example_setup_teardown_taskflow.py
[2026-02-26T05:22:50.948+0000] {processor.py:925} INFO - DAG(s) 'example_setup_teardown_taskflow' retrieved from /home/ubuntu/airflow-venv/lib/python3.12/site-packages/airflow/example_dags/example_setup_teardown_taskflow.py
[2026-02-26T05:22:50.964+0000] {logging_mixin.py:190} INFO - [2026-02-26T05:22:50.964+0000] {dag.py:3239} INFO - Sync 1 DAGs
[2026-02-26T05:22:50.975+0000] {logging_mixin.py:190} INFO - [2026-02-26T05:22:50.975+0000] {dag.py:4180} INFO - Setting next_dagrun for example_setup_teardown_taskflow to None, run_after=None
[2026-02-26T05:22:50.995+0000] {processor.py:208} INFO - Processing /home/ubuntu/airflow-venv/lib/python3.12/site-packages/airflow/example_dags/example_setup_teardown_taskflow.py took 0.061 seconds
[2026-02-26T05:23:46.326+0000] {processor.py:186} INFO - Started process (PID=2195) to work on /home/ubuntu/airflow-venv/lib/python3.12/site-packages/airflow/example_dags/example_setup_teardown_taskflow.py
[2026-02-26T05:23:46.327+0000] {processor.py:914} INFO - Processing file /home/ubuntu/airflow-venv/lib/python3.12/site-packages/airflow/example_dags/example_setup_teardown_taskflow.py for tasks to queue
[2026-02-26T05:23:46.328+0000] {logging_mixin.py:190} INFO - [2026-02-26T05:23:46.328+0000] {dagbag.py:588} INFO - Filling up the DagBag from /home/ubuntu/airflow-venv/lib/python3.12/site-packages/airflow/example_dags/example_setup_teardown_taskflow.py
[2026-02-26T05:23:46.335+0000] {processor.py:925} INFO - DAG(s) 'example_setup_teardown_taskflow' retrieved from /home/ubuntu/airflow-venv/lib/python3.12/site-packages/airflow/example_dags/example_setup_teardown_taskflow.py
[2026-02-26T05:23:46.345+0000] {logging_mixin.py:190} INFO - [2026-02-26T05:23:46.344+0000] {dag.py:3239} INFO - Sync 1 DAGs
[2026-02-26T05:23:46.352+0000] {logging_mixin.py:190} INFO - [2026-02-26T05:23:46.351+0000] {dag.py:4180} INFO - Setting next_dagrun for example_setup_teardown_taskflow to None, run_after=None
[2026-02-26T05:23:46.368+0000] {processor.py:208} INFO - Processing /home/ubuntu/airflow-venv/lib/python3.12/site-packages/airflow/example_dags/example_setup_teardown_taskflow.py took 0.046 seconds
[2026-02-26T05:24:40.660+0000] {processor.py:186} INFO - Started process (PID=2252) to work on /home/ubuntu/airflow-venv/lib/python3.12/site-packages/airflow/example_dags/example_setup_teardown_taskflow.py
[2026-02-26T05:24:40.661+0000] {processor.py:914} INFO - Processing file /home/ubuntu/airflow-venv/lib/python3.12/site-packages/airflow/example_dags/example_setup_teardown_taskflow.py for tasks to queue
[2026-02-26T05:24:40.663+0000] {logging_mixin.py:190} INFO - [2026-02-26T05:24:40.662+0000] {dagbag.py:588} INFO - Filling up the DagBag from /home/ubuntu/airflow-venv/lib/python3.12/site-packages/airflow/example_dags/example_setup_teardown_taskflow.py
[2026-02-26T05:24:40.669+0000] {processor.py:925} INFO - DAG(s) 'example_setup_teardown_taskflow' retrieved from /home/ubuntu/airflow-venv/lib/python3.12/site-packages/airflow/example_dags/example_setup_teardown_taskflow.py
[2026-02-26T05:24:40.679+0000] {logging_mixin.py:190} INFO - [2026-02-26T05:24:40.679+0000] {dag.py:3239} INFO - Sync 1 DAGs
[2026-02-26T05:24:40.686+0000] {logging_mixin.py:190} INFO - [2026-02-26T05:24:40.686+0000] {dag.py:4180} INFO - Setting next_dagrun for example_setup_teardown_taskflow to None, run_after=None
[2026-02-26T05:24:40.703+0000] {processor.py:208} INFO - Processing /home/ubuntu/airflow-venv/lib/python3.12/site-packages/airflow/example_dags/example_setup_teardown_taskflow.py took 0.046 seconds
[2026-02-26T05:25:30.772+0000] {processor.py:186} INFO - Started process (PID=2317) to work on /home/ubuntu/airflow-venv/lib/python3.12/site-packages/airflow/example_dags/example_setup_teardown_taskflow.py
[2026-02-26T05:25:30.774+0000] {processor.py:914} INFO - Processing file /home/ubuntu/airflow-venv/lib/python3.12/site-packages/airflow/example_dags/example_setup_teardown_taskflow.py for tasks to queue
[2026-02-26T05:25:30.775+0000] {logging_mixin.py:190} INFO - [2026-02-26T05:25:30.774+0000] {dagbag.py:588} INFO - Filling up the DagBag from /home/ubuntu/airflow-venv/lib/python3.12/site-packages/airflow/example_dags/example_setup_teardown_taskflow.py
[2026-02-26T05:25:30.781+0000] {processor.py:925} INFO - DAG(s) 'example_setup_teardown_taskflow' retrieved from /home/ubuntu/airflow-venv/lib/python3.12/site-packages/airflow/example_dags/example_setup_teardown_taskflow.py
[2026-02-26T05:25:30.791+0000] {logging_mixin.py:190} INFO - [2026-02-26T05:25:30.791+0000] {dag.py:3239} INFO - Sync 1 DAGs
[2026-02-26T05:25:30.798+0000] {logging_mixin.py:190} INFO - [2026-02-26T05:25:30.798+0000] {dag.py:4180} INFO - Setting next_dagrun for example_setup_teardown_taskflow to None, run_after=None
[2026-02-26T05:25:30.814+0000] {processor.py:208} INFO - Processing /home/ubuntu/airflow-venv/lib/python3.12/site-packages/airflow/example_dags/example_setup_teardown_taskflow.py took 0.045 seconds
[2026-02-26T05:26:21.958+0000] {processor.py:186} INFO - Started process (PID=2377) to work on /home/ubuntu/airflow-venv/lib/python3.12/site-packages/airflow/example_dags/example_setup_teardown_taskflow.py
[2026-02-26T05:26:21.960+0000] {processor.py:914} INFO - Processing file /home/ubuntu/airflow-venv/lib/python3.12/site-packages/airflow/example_dags/example_setup_teardown_taskflow.py for tasks to queue
[2026-02-26T05:26:21.961+0000] {logging_mixin.py:190} INFO - [2026-02-26T05:26:21.961+0000] {dagbag.py:588} INFO - Filling up the DagBag from /home/ubuntu/airflow-venv/lib/python3.12/site-packages/airflow/example_dags/example_setup_teardown_taskflow.py
[2026-02-26T05:26:21.967+0000] {processor.py:925} INFO - DAG(s) 'example_setup_teardown_taskflow' retrieved from /home/ubuntu/airflow-venv/lib/python3.12/site-packages/airflow/example_dags/example_setup_teardown_taskflow.py
[2026-02-26T05:26:21.977+0000] {logging_mixin.py:190} INFO - [2026-02-26T05:26:21.977+0000] {dag.py:3239} INFO - Sync 1 DAGs
[2026-02-26T05:26:21.984+0000] {logging_mixin.py:190} INFO - [2026-02-26T05:26:21.984+0000] {dag.py:4180} INFO - Setting next_dagrun for example_setup_teardown_taskflow to None, run_after=None
[2026-02-26T05:26:22.000+0000] {processor.py:208} INFO - Processing /home/ubuntu/airflow-venv/lib/python3.12/site-packages/airflow/example_dags/example_setup_teardown_taskflow.py took 0.044 seconds
[2026-02-26T05:27:11.103+0000] {processor.py:186} INFO - Started process (PID=2794) to work on /home/ubuntu/airflow-venv/lib/python3.12/site-packages/airflow/example_dags/example_setup_teardown_taskflow.py
[2026-02-26T05:27:11.104+0000] {processor.py:914} INFO - Processing file /home/ubuntu/airflow-venv/lib/python3.12/site-packages/airflow/example_dags/example_setup_teardown_taskflow.py for tasks to queue
[2026-02-26T05:27:11.106+0000] {logging_mixin.py:190} INFO - [2026-02-26T05:27:11.105+0000] {dagbag.py:588} INFO - Filling up the DagBag from /home/ubuntu/airflow-venv/lib/python3.12/site-packages/airflow/example_dags/example_setup_teardown_taskflow.py
[2026-02-26T05:27:11.112+0000] {processor.py:925} INFO - DAG(s) 'example_setup_teardown_taskflow' retrieved from /home/ubuntu/airflow-venv/lib/python3.12/site-packages/airflow/example_dags/example_setup_teardown_taskflow.py
[2026-02-26T05:27:11.122+0000] {logging_mixin.py:190} INFO - [2026-02-26T05:27:11.122+0000] {dag.py:3239} INFO - Sync 1 DAGs
[2026-02-26T05:27:11.129+0000] {logging_mixin.py:190} INFO - [2026-02-26T05:27:11.129+0000] {dag.py:4180} INFO - Setting next_dagrun for example_setup_teardown_taskflow to None, run_after=None
[2026-02-26T05:27:11.145+0000] {processor.py:208} INFO - Processing /home/ubuntu/airflow-venv/lib/python3.12/site-packages/airflow/example_dags/example_setup_teardown_taskflow.py took 0.045 seconds
[2026-02-26T05:28:00.257+0000] {processor.py:186} INFO - Started process (PID=2846) to work on /home/ubuntu/airflow-venv/lib/python3.12/site-packages/airflow/example_dags/example_setup_teardown_taskflow.py
[2026-02-26T05:28:00.259+0000] {processor.py:914} INFO - Processing file /home/ubuntu/airflow-venv/lib/python3.12/site-packages/airflow/example_dags/example_setup_teardown_taskflow.py for tasks to queue
[2026-02-26T05:28:00.260+0000] {logging_mixin.py:190} INFO - [2026-02-26T05:28:00.260+0000] {dagbag.py:588} INFO - Filling up the DagBag from /home/ubuntu/airflow-venv/lib/python3.12/site-packages/airflow/example_dags/example_setup_teardown_taskflow.py
[2026-02-26T05:28:00.266+0000] {processor.py:925} INFO - DAG(s) 'example_setup_teardown_taskflow' retrieved from /home/ubuntu/airflow-venv/lib/python3.12/site-packages/airflow/example_dags/example_setup_teardown_taskflow.py
[2026-02-26T05:28:00.276+0000] {logging_mixin.py:190} INFO - [2026-02-26T05:28:00.276+0000] {dag.py:3239} INFO - Sync 1 DAGs
[2026-02-26T05:28:00.283+0000] {logging_mixin.py:190} INFO - [2026-02-26T05:28:00.283+0000] {dag.py:4180} INFO - Setting next_dagrun for example_setup_teardown_taskflow to None, run_after=None
[2026-02-26T05:28:00.300+0000] {processor.py:208} INFO - Processing /home/ubuntu/airflow-venv/lib/python3.12/site-packages/airflow/example_dags/example_setup_teardown_taskflow.py took 0.046 seconds
[2026-02-26T05:28:53.182+0000] {processor.py:186} INFO - Started process (PID=2901) to work on /home/ubuntu/airflow-venv/lib/python3.12/site-packages/airflow/example_dags/example_setup_teardown_taskflow.py
[2026-02-26T05:28:53.183+0000] {processor.py:914} INFO - Processing file /home/ubuntu/airflow-venv/lib/python3.12/site-packages/airflow/example_dags/example_setup_teardown_taskflow.py for tasks to queue
[2026-02-26T05:28:53.184+0000] {logging_mixin.py:190} INFO - [2026-02-26T05:28:53.184+0000] {dagbag.py:588} INFO - Filling up the DagBag from /home/ubuntu/airflow-venv/lib/python3.12/site-packages/airflow/example_dags/example_setup_teardown_taskflow.py
[2026-02-26T05:28:53.191+0000] {processor.py:925} INFO - DAG(s) 'example_setup_teardown_taskflow' retrieved from /home/ubuntu/airflow-venv/lib/python3.12/site-packages/airflow/example_dags/example_setup_teardown_taskflow.py
[2026-02-26T05:28:53.201+0000] {logging_mixin.py:190} INFO - [2026-02-26T05:28:53.201+0000] {dag.py:3239} INFO - Sync 1 DAGs
[2026-02-26T05:28:53.209+0000] {logging_mixin.py:190} INFO - [2026-02-26T05:28:53.208+0000] {dag.py:4180} INFO - Setting next_dagrun for example_setup_teardown_taskflow to None, run_after=None
[2026-02-26T05:28:53.225+0000] {processor.py:208} INFO - Processing /home/ubuntu/airflow-venv/lib/python3.12/site-packages/airflow/example_dags/example_setup_teardown_taskflow.py took 0.047 seconds
[2026-02-26T05:29:44.946+0000] {processor.py:186} INFO - Started process (PID=2953) to work on /home/ubuntu/airflow-venv/lib/python3.12/site-packages/airflow/example_dags/example_setup_teardown_taskflow.py
[2026-02-26T05:29:44.947+0000] {processor.py:914} INFO - Processing file /home/ubuntu/airflow-venv/lib/python3.12/site-packages/airflow/example_dags/example_setup_teardown_taskflow.py for tasks to queue
[2026-02-26T05:29:44.949+0000] {logging_mixin.py:190} INFO - [2026-02-26T05:29:44.949+0000] {dagbag.py:588} INFO - Filling up the DagBag from /home/ubuntu/airflow-venv/lib/python3.12/site-packages/airflow/example_dags/example_setup_teardown_taskflow.py
[2026-02-26T05:29:44.956+0000] {processor.py:925} INFO - DAG(s) 'example_setup_teardown_taskflow' retrieved from /home/ubuntu/airflow-venv/lib/python3.12/site-packages/airflow/example_dags/example_setup_teardown_taskflow.py
[2026-02-26T05:29:44.966+0000] {logging_mixin.py:190} INFO - [2026-02-26T05:29:44.966+0000] {dag.py:3239} INFO - Sync 1 DAGs
[2026-02-26T05:29:44.974+0000] {logging_mixin.py:190} INFO - [2026-02-26T05:29:44.974+0000] {dag.py:4180} INFO - Setting next_dagrun for example_setup_teardown_taskflow to None, run_after=None
[2026-02-26T05:29:44.990+0000] {processor.py:208} INFO - Processing /home/ubuntu/airflow-venv/lib/python3.12/site-packages/airflow/example_dags/example_setup_teardown_taskflow.py took 0.048 seconds
[2026-02-26T05:30:36.698+0000] {processor.py:186} INFO - Started process (PID=3012) to work on /home/ubuntu/airflow-venv/lib/python3.12/site-packages/airflow/example_dags/example_setup_teardown_taskflow.py
[2026-02-26T05:30:36.699+0000] {processor.py:914} INFO - Processing file /home/ubuntu/airflow-venv/lib/python3.12/site-packages/airflow/example_dags/example_setup_teardown_taskflow.py for tasks to queue
[2026-02-26T05:30:36.701+0000] {logging_mixin.py:190} INFO - [2026-02-26T05:30:36.701+0000] {dagbag.py:588} INFO - Filling up the DagBag from /home/ubuntu/airflow-venv/lib/python3.12/site-packages/airflow/example_dags/example_setup_teardown_taskflow.py
[2026-02-26T05:30:36.707+0000] {processor.py:925} INFO - DAG(s) 'example_setup_teardown_taskflow' retrieved from /home/ubuntu/airflow-venv/lib/python3.12/site-packages/airflow/example_dags/example_setup_teardown_taskflow.py
[2026-02-26T05:30:36.718+0000] {logging_mixin.py:190} INFO - [2026-02-26T05:30:36.718+0000] {dag.py:3239} INFO - Sync 1 DAGs
[2026-02-26T05:30:36.725+0000] {logging_mixin.py:190} INFO - [2026-02-26T05:30:36.725+0000] {dag.py:4180} INFO - Setting next_dagrun for example_setup_teardown_taskflow to None, run_after=None
[2026-02-26T05:30:36.742+0000] {processor.py:208} INFO - Processing /home/ubuntu/airflow-venv/lib/python3.12/site-packages/airflow/example_dags/example_setup_teardown_taskflow.py took 0.047 seconds
[2026-02-26T05:31:28.914+0000] {processor.py:186} INFO - Started process (PID=3065) to work on /home/ubuntu/airflow-venv/lib/python3.12/site-packages/airflow/example_dags/example_setup_teardown_taskflow.py
[2026-02-26T05:31:28.915+0000] {processor.py:914} INFO - Processing file /home/ubuntu/airflow-venv/lib/python3.12/site-packages/airflow/example_dags/example_setup_teardown_taskflow.py for tasks to queue
[2026-02-26T05:31:28.916+0000] {logging_mixin.py:190} INFO - [2026-02-26T05:31:28.916+0000] {dagbag.py:588} INFO - Filling up the DagBag from /home/ubuntu/airflow-venv/lib/python3.12/site-packages/airflow/example_dags/example_setup_teardown_taskflow.py
[2026-02-26T05:31:28.923+0000] {processor.py:925} INFO - DAG(s) 'example_setup_teardown_taskflow' retrieved from /home/ubuntu/airflow-venv/lib/python3.12/site-packages/airflow/example_dags/example_setup_teardown_taskflow.py
[2026-02-26T05:31:28.933+0000] {logging_mixin.py:190} INFO - [2026-02-26T05:31:28.933+0000] {dag.py:3239} INFO - Sync 1 DAGs
[2026-02-26T05:31:28.940+0000] {logging_mixin.py:190} INFO - [2026-02-26T05:31:28.940+0000] {dag.py:4180} INFO - Setting next_dagrun for example_setup_teardown_taskflow to None, run_after=None
[2026-02-26T05:31:28.956+0000] {processor.py:208} INFO - Processing /home/ubuntu/airflow-venv/lib/python3.12/site-packages/airflow/example_dags/example_setup_teardown_taskflow.py took 0.047 seconds
[2026-02-26T05:32:20.227+0000] {processor.py:186} INFO - Started process (PID=3118) to work on /home/ubuntu/airflow-venv/lib/python3.12/site-packages/airflow/example_dags/example_setup_teardown_taskflow.py
[2026-02-26T05:32:20.229+0000] {processor.py:914} INFO - Processing file /home/ubuntu/airflow-venv/lib/python3.12/site-packages/airflow/example_dags/example_setup_teardown_taskflow.py for tasks to queue
[2026-02-26T05:32:20.230+0000] {logging_mixin.py:190} INFO - [2026-02-26T05:32:20.230+0000] {dagbag.py:588} INFO - Filling up the DagBag from /home/ubuntu/airflow-venv/lib/python3.12/site-packages/airflow/example_dags/example_setup_teardown_taskflow.py
[2026-02-26T05:32:20.237+0000] {processor.py:925} INFO - DAG(s) 'example_setup_teardown_taskflow' retrieved from /home/ubuntu/airflow-venv/lib/python3.12/site-packages/airflow/example_dags/example_setup_teardown_taskflow.py
[2026-02-26T05:32:20.247+0000] {logging_mixin.py:190} INFO - [2026-02-26T05:32:20.247+0000] {dag.py:3239} INFO - Sync 1 DAGs
[2026-02-26T05:32:20.255+0000] {logging_mixin.py:190} INFO - [2026-02-26T05:32:20.254+0000] {dag.py:4180} INFO - Setting next_dagrun for example_setup_teardown_taskflow to None, run_after=None
[2026-02-26T05:32:20.271+0000] {processor.py:208} INFO - Processing /home/ubuntu/airflow-venv/lib/python3.12/site-packages/airflow/example_dags/example_setup_teardown_taskflow.py took 0.047 seconds
[2026-02-26T05:33:08.449+0000] {processor.py:186} INFO - Started process (PID=3169) to work on /home/ubuntu/airflow-venv/lib/python3.12/site-packages/airflow/example_dags/example_setup_teardown_taskflow.py
[2026-02-26T05:33:08.450+0000] {processor.py:914} INFO - Processing file /home/ubuntu/airflow-venv/lib/python3.12/site-packages/airflow/example_dags/example_setup_teardown_taskflow.py for tasks to queue
[2026-02-26T05:33:08.451+0000] {logging_mixin.py:190} INFO - [2026-02-26T05:33:08.451+0000] {dagbag.py:588} INFO - Filling up the DagBag from /home/ubuntu/airflow-venv/lib/python3.12/site-packages/airflow/example_dags/example_setup_teardown_taskflow.py
[2026-02-26T05:33:08.458+0000] {processor.py:925} INFO - DAG(s) 'example_setup_teardown_taskflow' retrieved from /home/ubuntu/airflow-venv/lib/python3.12/site-packages/airflow/example_dags/example_setup_teardown_taskflow.py
[2026-02-26T05:33:08.468+0000] {logging_mixin.py:190} INFO - [2026-02-26T05:33:08.468+0000] {dag.py:3239} INFO - Sync 1 DAGs
[2026-02-26T05:33:08.475+0000] {logging_mixin.py:190} INFO - [2026-02-26T05:33:08.475+0000] {dag.py:4180} INFO - Setting next_dagrun for example_setup_teardown_taskflow to None, run_after=None
[2026-02-26T05:33:08.491+0000] {processor.py:208} INFO - Processing /home/ubuntu/airflow-venv/lib/python3.12/site-packages/airflow/example_dags/example_setup_teardown_taskflow.py took 0.046 seconds
[2026-02-26T05:33:59.097+0000] {processor.py:186} INFO - Started process (PID=3225) to work on /home/ubuntu/airflow-venv/lib/python3.12/site-packages/airflow/example_dags/example_setup_teardown_taskflow.py
[2026-02-26T05:33:59.098+0000] {processor.py:914} INFO - Processing file /home/ubuntu/airflow-venv/lib/python3.12/site-packages/airflow/example_dags/example_setup_teardown_taskflow.py for tasks to queue
[2026-02-26T05:33:59.100+0000] {logging_mixin.py:190} INFO - [2026-02-26T05:33:59.099+0000] {dagbag.py:588} INFO - Filling up the DagBag from /home/ubuntu/airflow-venv/lib/python3.12/site-packages/airflow/example_dags/example_setup_teardown_taskflow.py
[2026-02-26T05:33:59.106+0000] {processor.py:925} INFO - DAG(s) 'example_setup_teardown_taskflow' retrieved from /home/ubuntu/airflow-venv/lib/python3.12/site-packages/airflow/example_dags/example_setup_teardown_taskflow.py
[2026-02-26T05:33:59.117+0000] {logging_mixin.py:190} INFO - [2026-02-26T05:33:59.117+0000] {dag.py:3239} INFO - Sync 1 DAGs
[2026-02-26T05:33:59.125+0000] {logging_mixin.py:190} INFO - [2026-02-26T05:33:59.125+0000] {dag.py:4180} INFO - Setting next_dagrun for example_setup_teardown_taskflow to None, run_after=None
[2026-02-26T05:33:59.141+0000] {processor.py:208} INFO - Processing /home/ubuntu/airflow-venv/lib/python3.12/site-packages/airflow/example_dags/example_setup_teardown_taskflow.py took 0.048 seconds
[2026-02-26T05:34:47.433+0000] {processor.py:186} INFO - Started process (PID=3278) to work on /home/ubuntu/airflow-venv/lib/python3.12/site-packages/airflow/example_dags/example_setup_teardown_taskflow.py
[2026-02-26T05:34:47.435+0000] {processor.py:914} INFO - Processing file /home/ubuntu/airflow-venv/lib/python3.12/site-packages/airflow/example_dags/example_setup_teardown_taskflow.py for tasks to queue
[2026-02-26T05:34:47.436+0000] {logging_mixin.py:190} INFO - [2026-02-26T05:34:47.436+0000] {dagbag.py:588} INFO - Filling up the DagBag from /home/ubuntu/airflow-venv/lib/python3.12/site-packages/airflow/example_dags/example_setup_teardown_taskflow.py
[2026-02-26T05:34:47.443+0000] {processor.py:925} INFO - DAG(s) 'example_setup_teardown_taskflow' retrieved from /home/ubuntu/airflow-venv/lib/python3.12/site-packages/airflow/example_dags/example_setup_teardown_taskflow.py
[2026-02-26T05:34:47.453+0000] {logging_mixin.py:190} INFO - [2026-02-26T05:34:47.453+0000] {dag.py:3239} INFO - Sync 1 DAGs
[2026-02-26T05:34:47.460+0000] {logging_mixin.py:190} INFO - [2026-02-26T05:34:47.460+0000] {dag.py:4180} INFO - Setting next_dagrun for example_setup_teardown_taskflow to None, run_after=None
[2026-02-26T05:34:47.477+0000] {processor.py:208} INFO - Processing /home/ubuntu/airflow-venv/lib/python3.12/site-packages/airflow/example_dags/example_setup_teardown_taskflow.py took 0.047 seconds
[2026-02-26T05:35:40.220+0000] {processor.py:186} INFO - Started process (PID=3338) to work on /home/ubuntu/airflow-venv/lib/python3.12/site-packages/airflow/example_dags/example_setup_teardown_taskflow.py
[2026-02-26T05:35:40.221+0000] {processor.py:914} INFO - Processing file /home/ubuntu/airflow-venv/lib/python3.12/site-packages/airflow/example_dags/example_setup_teardown_taskflow.py for tasks to queue
[2026-02-26T05:35:40.222+0000] {logging_mixin.py:190} INFO - [2026-02-26T05:35:40.222+0000] {dagbag.py:588} INFO - Filling up the DagBag from /home/ubuntu/airflow-venv/lib/python3.12/site-packages/airflow/example_dags/example_setup_teardown_taskflow.py
[2026-02-26T05:35:40.229+0000] {processor.py:925} INFO - DAG(s) 'example_setup_teardown_taskflow' retrieved from /home/ubuntu/airflow-venv/lib/python3.12/site-packages/airflow/example_dags/example_setup_teardown_taskflow.py
[2026-02-26T05:35:40.239+0000] {logging_mixin.py:190} INFO - [2026-02-26T05:35:40.239+0000] {dag.py:3239} INFO - Sync 1 DAGs
[2026-02-26T05:35:40.246+0000] {logging_mixin.py:190} INFO - [2026-02-26T05:35:40.246+0000] {dag.py:4180} INFO - Setting next_dagrun for example_setup_teardown_taskflow to None, run_after=None
[2026-02-26T05:35:40.262+0000] {processor.py:208} INFO - Processing /home/ubuntu/airflow-venv/lib/python3.12/site-packages/airflow/example_dags/example_setup_teardown_taskflow.py took 0.046 seconds
[2026-02-26T05:36:31.859+0000] {processor.py:186} INFO - Started process (PID=3396) to work on /home/ubuntu/airflow-venv/lib/python3.12/site-packages/airflow/example_dags/example_setup_teardown_taskflow.py
[2026-02-26T05:36:31.861+0000] {processor.py:914} INFO - Processing file /home/ubuntu/airflow-venv/lib/python3.12/site-packages/airflow/example_dags/example_setup_teardown_taskflow.py for tasks to queue
[2026-02-26T05:36:31.862+0000] {logging_mixin.py:190} INFO - [2026-02-26T05:36:31.862+0000] {dagbag.py:588} INFO - Filling up the DagBag from /home/ubuntu/airflow-venv/lib/python3.12/site-packages/airflow/example_dags/example_setup_teardown_taskflow.py
[2026-02-26T05:36:31.869+0000] {processor.py:925} INFO - DAG(s) 'example_setup_teardown_taskflow' retrieved from /home/ubuntu/airflow-venv/lib/python3.12/site-packages/airflow/example_dags/example_setup_teardown_taskflow.py
[2026-02-26T05:36:31.879+0000] {logging_mixin.py:190} INFO - [2026-02-26T05:36:31.879+0000] {dag.py:3239} INFO - Sync 1 DAGs
[2026-02-26T05:36:31.887+0000] {logging_mixin.py:190} INFO - [2026-02-26T05:36:31.886+0000] {dag.py:4180} INFO - Setting next_dagrun for example_setup_teardown_taskflow to None, run_after=None
[2026-02-26T05:36:31.902+0000] {processor.py:208} INFO - Processing /home/ubuntu/airflow-venv/lib/python3.12/site-packages/airflow/example_dags/example_setup_teardown_taskflow.py took 0.046 seconds
[2026-02-26T05:37:21.435+0000] {processor.py:186} INFO - Started process (PID=3448) to work on /home/ubuntu/airflow-venv/lib/python3.12/site-packages/airflow/example_dags/example_setup_teardown_taskflow.py
[2026-02-26T05:37:21.436+0000] {processor.py:914} INFO - Processing file /home/ubuntu/airflow-venv/lib/python3.12/site-packages/airflow/example_dags/example_setup_teardown_taskflow.py for tasks to queue
[2026-02-26T05:37:21.438+0000] {logging_mixin.py:190} INFO - [2026-02-26T05:37:21.438+0000] {dagbag.py:588} INFO - Filling up the DagBag from /home/ubuntu/airflow-venv/lib/python3.12/site-packages/airflow/example_dags/example_setup_teardown_taskflow.py
[2026-02-26T05:37:21.444+0000] {processor.py:925} INFO - DAG(s) 'example_setup_teardown_taskflow' retrieved from /home/ubuntu/airflow-venv/lib/python3.12/site-packages/airflow/example_dags/example_setup_teardown_taskflow.py
[2026-02-26T05:37:21.455+0000] {logging_mixin.py:190} INFO - [2026-02-26T05:37:21.455+0000] {dag.py:3239} INFO - Sync 1 DAGs
[2026-02-26T05:37:21.462+0000] {logging_mixin.py:190} INFO - [2026-02-26T05:37:21.462+0000] {dag.py:4180} INFO - Setting next_dagrun for example_setup_teardown_taskflow to None, run_after=None
[2026-02-26T05:37:21.478+0000] {processor.py:208} INFO - Processing /home/ubuntu/airflow-venv/lib/python3.12/site-packages/airflow/example_dags/example_setup_teardown_taskflow.py took 0.047 seconds
[2026-02-26T05:38:10.488+0000] {processor.py:186} INFO - Started process (PID=3498) to work on /home/ubuntu/airflow-venv/lib/python3.12/site-packages/airflow/example_dags/example_setup_teardown_taskflow.py
[2026-02-26T05:38:10.489+0000] {processor.py:914} INFO - Processing file /home/ubuntu/airflow-venv/lib/python3.12/site-packages/airflow/example_dags/example_setup_teardown_taskflow.py for tasks to queue
[2026-02-26T05:38:10.491+0000] {logging_mixin.py:190} INFO - [2026-02-26T05:38:10.490+0000] {dagbag.py:588} INFO - Filling up the DagBag from /home/ubuntu/airflow-venv/lib/python3.12/site-packages/airflow/example_dags/example_setup_teardown_taskflow.py
[2026-02-26T05:38:10.497+0000] {processor.py:925} INFO - DAG(s) 'example_setup_teardown_taskflow' retrieved from /home/ubuntu/airflow-venv/lib/python3.12/site-packages/airflow/example_dags/example_setup_teardown_taskflow.py
[2026-02-26T05:38:10.508+0000] {logging_mixin.py:190} INFO - [2026-02-26T05:38:10.508+0000] {dag.py:3239} INFO - Sync 1 DAGs
[2026-02-26T05:38:10.515+0000] {logging_mixin.py:190} INFO - [2026-02-26T05:38:10.515+0000] {dag.py:4180} INFO - Setting next_dagrun for example_setup_teardown_taskflow to None, run_after=None
[2026-02-26T05:38:10.532+0000] {processor.py:208} INFO - Processing /home/ubuntu/airflow-venv/lib/python3.12/site-packages/airflow/example_dags/example_setup_teardown_taskflow.py took 0.047 seconds
[2026-02-26T05:39:01.575+0000] {processor.py:186} INFO - Started process (PID=3551) to work on /home/ubuntu/airflow-venv/lib/python3.12/site-packages/airflow/example_dags/example_setup_teardown_taskflow.py
[2026-02-26T05:39:01.576+0000] {processor.py:914} INFO - Processing file /home/ubuntu/airflow-venv/lib/python3.12/site-packages/airflow/example_dags/example_setup_teardown_taskflow.py for tasks to queue
[2026-02-26T05:39:01.577+0000] {logging_mixin.py:190} INFO - [2026-02-26T05:39:01.577+0000] {dagbag.py:588} INFO - Filling up the DagBag from /home/ubuntu/airflow-venv/lib/python3.12/site-packages/airflow/example_dags/example_setup_teardown_taskflow.py
[2026-02-26T05:39:01.584+0000] {processor.py:925} INFO - DAG(s) 'example_setup_teardown_taskflow' retrieved from /home/ubuntu/airflow-venv/lib/python3.12/site-packages/airflow/example_dags/example_setup_teardown_taskflow.py
[2026-02-26T05:39:01.594+0000] {logging_mixin.py:190} INFO - [2026-02-26T05:39:01.594+0000] {dag.py:3239} INFO - Sync 1 DAGs
[2026-02-26T05:39:01.601+0000] {logging_mixin.py:190} INFO - [2026-02-26T05:39:01.601+0000] {dag.py:4180} INFO - Setting next_dagrun for example_setup_teardown_taskflow to None, run_after=None
[2026-02-26T05:39:01.617+0000] {processor.py:208} INFO - Processing /home/ubuntu/airflow-venv/lib/python3.12/site-packages/airflow/example_dags/example_setup_teardown_taskflow.py took 0.046 seconds
[2026-02-26T05:39:52.096+0000] {processor.py:186} INFO - Started process (PID=3606) to work on /home/ubuntu/airflow-venv/lib/python3.12/site-packages/airflow/example_dags/example_setup_teardown_taskflow.py
[2026-02-26T05:39:52.098+0000] {processor.py:914} INFO - Processing file /home/ubuntu/airflow-venv/lib/python3.12/site-packages/airflow/example_dags/example_setup_teardown_taskflow.py for tasks to queue
[2026-02-26T05:39:52.099+0000] {logging_mixin.py:190} INFO - [2026-02-26T05:39:52.099+0000] {dagbag.py:588} INFO - Filling up the DagBag from /home/ubuntu/airflow-venv/lib/python3.12/site-packages/airflow/example_dags/example_setup_teardown_taskflow.py
[2026-02-26T05:39:52.106+0000] {processor.py:925} INFO - DAG(s) 'example_setup_teardown_taskflow' retrieved from /home/ubuntu/airflow-venv/lib/python3.12/site-packages/airflow/example_dags/example_setup_teardown_taskflow.py
[2026-02-26T05:39:52.116+0000] {logging_mixin.py:190} INFO - [2026-02-26T05:39:52.116+0000] {dag.py:3239} INFO - Sync 1 DAGs
[2026-02-26T05:39:52.123+0000] {logging_mixin.py:190} INFO - [2026-02-26T05:39:52.123+0000] {dag.py:4180} INFO - Setting next_dagrun for example_setup_teardown_taskflow to None, run_after=None
[2026-02-26T05:39:52.139+0000] {processor.py:208} INFO - Processing /home/ubuntu/airflow-venv/lib/python3.12/site-packages/airflow/example_dags/example_setup_teardown_taskflow.py took 0.046 seconds
[2026-02-26T05:40:39.471+0000] {processor.py:186} INFO - Started process (PID=3662) to work on /home/ubuntu/airflow-venv/lib/python3.12/site-packages/airflow/example_dags/example_setup_teardown_taskflow.py
[2026-02-26T05:40:39.472+0000] {processor.py:914} INFO - Processing file /home/ubuntu/airflow-venv/lib/python3.12/site-packages/airflow/example_dags/example_setup_teardown_taskflow.py for tasks to queue
[2026-02-26T05:40:39.473+0000] {logging_mixin.py:190} INFO - [2026-02-26T05:40:39.473+0000] {dagbag.py:588} INFO - Filling up the DagBag from /home/ubuntu/airflow-venv/lib/python3.12/site-packages/airflow/example_dags/example_setup_teardown_taskflow.py
[2026-02-26T05:40:39.480+0000] {processor.py:925} INFO - DAG(s) 'example_setup_teardown_taskflow' retrieved from /home/ubuntu/airflow-venv/lib/python3.12/site-packages/airflow/example_dags/example_setup_teardown_taskflow.py
[2026-02-26T05:40:39.490+0000] {logging_mixin.py:190} INFO - [2026-02-26T05:40:39.490+0000] {dag.py:3239} INFO - Sync 1 DAGs
[2026-02-26T05:40:39.498+0000] {logging_mixin.py:190} INFO - [2026-02-26T05:40:39.498+0000] {dag.py:4180} INFO - Setting next_dagrun for example_setup_teardown_taskflow to None, run_after=None
[2026-02-26T05:40:39.515+0000] {processor.py:208} INFO - Processing /home/ubuntu/airflow-venv/lib/python3.12/site-packages/airflow/example_dags/example_setup_teardown_taskflow.py took 0.048 seconds
[2026-02-26T05:41:29.665+0000] {processor.py:186} INFO - Started process (PID=3713) to work on /home/ubuntu/airflow-venv/lib/python3.12/site-packages/airflow/example_dags/example_setup_teardown_taskflow.py
[2026-02-26T05:41:29.666+0000] {processor.py:914} INFO - Processing file /home/ubuntu/airflow-venv/lib/python3.12/site-packages/airflow/example_dags/example_setup_teardown_taskflow.py for tasks to queue
[2026-02-26T05:41:29.668+0000] {logging_mixin.py:190} INFO - [2026-02-26T05:41:29.668+0000] {dagbag.py:588} INFO - Filling up the DagBag from /home/ubuntu/airflow-venv/lib/python3.12/site-packages/airflow/example_dags/example_setup_teardown_taskflow.py
[2026-02-26T05:41:29.674+0000] {processor.py:925} INFO - DAG(s) 'example_setup_teardown_taskflow' retrieved from /home/ubuntu/airflow-venv/lib/python3.12/site-packages/airflow/example_dags/example_setup_teardown_taskflow.py
[2026-02-26T05:41:29.684+0000] {logging_mixin.py:190} INFO - [2026-02-26T05:41:29.684+0000] {dag.py:3239} INFO - Sync 1 DAGs
[2026-02-26T05:41:29.692+0000] {logging_mixin.py:190} INFO - [2026-02-26T05:41:29.692+0000] {dag.py:4180} INFO - Setting next_dagrun for example_setup_teardown_taskflow to None, run_after=None
[2026-02-26T05:41:29.708+0000] {processor.py:208} INFO - Processing /home/ubuntu/airflow-venv/lib/python3.12/site-packages/airflow/example_dags/example_setup_teardown_taskflow.py took 0.046 seconds
[2026-02-26T05:42:19.295+0000] {processor.py:186} INFO - Started process (PID=3764) to work on /home/ubuntu/airflow-venv/lib/python3.12/site-packages/airflow/example_dags/example_setup_teardown_taskflow.py
[2026-02-26T05:42:19.296+0000] {processor.py:914} INFO - Processing file /home/ubuntu/airflow-venv/lib/python3.12/site-packages/airflow/example_dags/example_setup_teardown_taskflow.py for tasks to queue
[2026-02-26T05:42:19.298+0000] {logging_mixin.py:190} INFO - [2026-02-26T05:42:19.298+0000] {dagbag.py:588} INFO - Filling up the DagBag from /home/ubuntu/airflow-venv/lib/python3.12/site-packages/airflow/example_dags/example_setup_teardown_taskflow.py
[2026-02-26T05:42:19.305+0000] {processor.py:925} INFO - DAG(s) 'example_setup_teardown_taskflow' retrieved from /home/ubuntu/airflow-venv/lib/python3.12/site-packages/airflow/example_dags/example_setup_teardown_taskflow.py
[2026-02-26T05:42:19.316+0000] {logging_mixin.py:190} INFO - [2026-02-26T05:42:19.315+0000] {dag.py:3239} INFO - Sync 1 DAGs
[2026-02-26T05:42:19.323+0000] {logging_mixin.py:190} INFO - [2026-02-26T05:42:19.323+0000] {dag.py:4180} INFO - Setting next_dagrun for example_setup_teardown_taskflow to None, run_after=None
[2026-02-26T05:42:19.341+0000] {processor.py:208} INFO - Processing /home/ubuntu/airflow-venv/lib/python3.12/site-packages/airflow/example_dags/example_setup_teardown_taskflow.py took 0.049 seconds
[2026-02-26T05:43:08.367+0000] {processor.py:186} INFO - Started process (PID=3817) to work on /home/ubuntu/airflow-venv/lib/python3.12/site-packages/airflow/example_dags/example_setup_teardown_taskflow.py
[2026-02-26T05:43:08.368+0000] {processor.py:914} INFO - Processing file /home/ubuntu/airflow-venv/lib/python3.12/site-packages/airflow/example_dags/example_setup_teardown_taskflow.py for tasks to queue
[2026-02-26T05:43:08.370+0000] {logging_mixin.py:190} INFO - [2026-02-26T05:43:08.369+0000] {dagbag.py:588} INFO - Filling up the DagBag from /home/ubuntu/airflow-venv/lib/python3.12/site-packages/airflow/example_dags/example_setup_teardown_taskflow.py
[2026-02-26T05:43:08.376+0000] {processor.py:925} INFO - DAG(s) 'example_setup_teardown_taskflow' retrieved from /home/ubuntu/airflow-venv/lib/python3.12/site-packages/airflow/example_dags/example_setup_teardown_taskflow.py
[2026-02-26T05:43:08.386+0000] {logging_mixin.py:190} INFO - [2026-02-26T05:43:08.386+0000] {dag.py:3239} INFO - Sync 1 DAGs
[2026-02-26T05:43:08.393+0000] {logging_mixin.py:190} INFO - [2026-02-26T05:43:08.393+0000] {dag.py:4180} INFO - Setting next_dagrun for example_setup_teardown_taskflow to None, run_after=None
[2026-02-26T05:43:08.410+0000] {processor.py:208} INFO - Processing /home/ubuntu/airflow-venv/lib/python3.12/site-packages/airflow/example_dags/example_setup_teardown_taskflow.py took 0.046 seconds
[2026-02-26T05:43:58.536+0000] {processor.py:186} INFO - Started process (PID=3869) to work on /home/ubuntu/airflow-venv/lib/python3.12/site-packages/airflow/example_dags/example_setup_teardown_taskflow.py
[2026-02-26T05:43:58.537+0000] {processor.py:914} INFO - Processing file /home/ubuntu/airflow-venv/lib/python3.12/site-packages/airflow/example_dags/example_setup_teardown_taskflow.py for tasks to queue
[2026-02-26T05:43:58.538+0000] {logging_mixin.py:190} INFO - [2026-02-26T05:43:58.538+0000] {dagbag.py:588} INFO - Filling up the DagBag from /home/ubuntu/airflow-venv/lib/python3.12/site-packages/airflow/example_dags/example_setup_teardown_taskflow.py
[2026-02-26T05:43:58.544+0000] {processor.py:925} INFO - DAG(s) 'example_setup_teardown_taskflow' retrieved from /home/ubuntu/airflow-venv/lib/python3.12/site-packages/airflow/example_dags/example_setup_teardown_taskflow.py
[2026-02-26T05:43:58.554+0000] {logging_mixin.py:190} INFO - [2026-02-26T05:43:58.554+0000] {dag.py:3239} INFO - Sync 1 DAGs
[2026-02-26T05:43:58.561+0000] {logging_mixin.py:190} INFO - [2026-02-26T05:43:58.561+0000] {dag.py:4180} INFO - Setting next_dagrun for example_setup_teardown_taskflow to None, run_after=None
[2026-02-26T05:43:58.576+0000] {processor.py:208} INFO - Processing /home/ubuntu/airflow-venv/lib/python3.12/site-packages/airflow/example_dags/example_setup_teardown_taskflow.py took 0.044 seconds
[2026-02-26T05:44:46.781+0000] {processor.py:186} INFO - Started process (PID=3922) to work on /home/ubuntu/airflow-venv/lib/python3.12/site-packages/airflow/example_dags/example_setup_teardown_taskflow.py
[2026-02-26T05:44:46.782+0000] {processor.py:914} INFO - Processing file /home/ubuntu/airflow-venv/lib/python3.12/site-packages/airflow/example_dags/example_setup_teardown_taskflow.py for tasks to queue
[2026-02-26T05:44:46.783+0000] {logging_mixin.py:190} INFO - [2026-02-26T05:44:46.783+0000] {dagbag.py:588} INFO - Filling up the DagBag from /home/ubuntu/airflow-venv/lib/python3.12/site-packages/airflow/example_dags/example_setup_teardown_taskflow.py
[2026-02-26T05:44:46.790+0000] {processor.py:925} INFO - DAG(s) 'example_setup_teardown_taskflow' retrieved from /home/ubuntu/airflow-venv/lib/python3.12/site-packages/airflow/example_dags/example_setup_teardown_taskflow.py
[2026-02-26T05:44:46.801+0000] {logging_mixin.py:190} INFO - [2026-02-26T05:44:46.801+0000] {dag.py:3239} INFO - Sync 1 DAGs
[2026-02-26T05:44:46.808+0000] {logging_mixin.py:190} INFO - [2026-02-26T05:44:46.808+0000] {dag.py:4180} INFO - Setting next_dagrun for example_setup_teardown_taskflow to None, run_after=None
[2026-02-26T05:44:46.824+0000] {processor.py:208} INFO - Processing /home/ubuntu/airflow-venv/lib/python3.12/site-packages/airflow/example_dags/example_setup_teardown_taskflow.py took 0.047 seconds
[2026-02-26T06:13:55.669+0000] {processor.py:186} INFO - Started process (PID=2707) to work on /home/ubuntu/airflow-venv/lib/python3.12/site-packages/airflow/example_dags/example_setup_teardown_taskflow.py
[2026-02-26T06:13:55.671+0000] {processor.py:914} INFO - Processing file /home/ubuntu/airflow-venv/lib/python3.12/site-packages/airflow/example_dags/example_setup_teardown_taskflow.py for tasks to queue
[2026-02-26T06:13:55.672+0000] {logging_mixin.py:190} INFO - [2026-02-26T06:13:55.672+0000] {dagbag.py:588} INFO - Filling up the DagBag from /home/ubuntu/airflow-venv/lib/python3.12/site-packages/airflow/example_dags/example_setup_teardown_taskflow.py
[2026-02-26T06:13:55.679+0000] {processor.py:925} INFO - DAG(s) 'example_setup_teardown_taskflow' retrieved from /home/ubuntu/airflow-venv/lib/python3.12/site-packages/airflow/example_dags/example_setup_teardown_taskflow.py
[2026-02-26T06:13:55.691+0000] {logging_mixin.py:190} INFO - [2026-02-26T06:13:55.691+0000] {dag.py:3239} INFO - Sync 1 DAGs
[2026-02-26T06:13:55.699+0000] {logging_mixin.py:190} INFO - [2026-02-26T06:13:55.699+0000] {dag.py:4180} INFO - Setting next_dagrun for example_setup_teardown_taskflow to None, run_after=None
[2026-02-26T06:13:55.715+0000] {processor.py:208} INFO - Processing /home/ubuntu/airflow-venv/lib/python3.12/site-packages/airflow/example_dags/example_setup_teardown_taskflow.py took 0.050 seconds
[2026-02-26T06:14:55.457+0000] {processor.py:186} INFO - Started process (PID=2771) to work on /home/ubuntu/airflow-venv/lib/python3.12/site-packages/airflow/example_dags/example_setup_teardown_taskflow.py
[2026-02-26T06:14:55.459+0000] {processor.py:914} INFO - Processing file /home/ubuntu/airflow-venv/lib/python3.12/site-packages/airflow/example_dags/example_setup_teardown_taskflow.py for tasks to queue
[2026-02-26T06:14:55.460+0000] {logging_mixin.py:190} INFO - [2026-02-26T06:14:55.460+0000] {dagbag.py:588} INFO - Filling up the DagBag from /home/ubuntu/airflow-venv/lib/python3.12/site-packages/airflow/example_dags/example_setup_teardown_taskflow.py
[2026-02-26T06:14:55.467+0000] {processor.py:925} INFO - DAG(s) 'example_setup_teardown_taskflow' retrieved from /home/ubuntu/airflow-venv/lib/python3.12/site-packages/airflow/example_dags/example_setup_teardown_taskflow.py
[2026-02-26T06:14:55.477+0000] {logging_mixin.py:190} INFO - [2026-02-26T06:14:55.477+0000] {dag.py:3239} INFO - Sync 1 DAGs
[2026-02-26T06:14:55.485+0000] {logging_mixin.py:190} INFO - [2026-02-26T06:14:55.485+0000] {dag.py:4180} INFO - Setting next_dagrun for example_setup_teardown_taskflow to None, run_after=None
[2026-02-26T06:14:55.502+0000] {processor.py:208} INFO - Processing /home/ubuntu/airflow-venv/lib/python3.12/site-packages/airflow/example_dags/example_setup_teardown_taskflow.py took 0.048 seconds
[2026-02-26T06:15:52.337+0000] {processor.py:186} INFO - Started process (PID=2838) to work on /home/ubuntu/airflow-venv/lib/python3.12/site-packages/airflow/example_dags/example_setup_teardown_taskflow.py
[2026-02-26T06:15:52.338+0000] {processor.py:914} INFO - Processing file /home/ubuntu/airflow-venv/lib/python3.12/site-packages/airflow/example_dags/example_setup_teardown_taskflow.py for tasks to queue
[2026-02-26T06:15:52.339+0000] {logging_mixin.py:190} INFO - [2026-02-26T06:15:52.339+0000] {dagbag.py:588} INFO - Filling up the DagBag from /home/ubuntu/airflow-venv/lib/python3.12/site-packages/airflow/example_dags/example_setup_teardown_taskflow.py
[2026-02-26T06:15:52.346+0000] {processor.py:925} INFO - DAG(s) 'example_setup_teardown_taskflow' retrieved from /home/ubuntu/airflow-venv/lib/python3.12/site-packages/airflow/example_dags/example_setup_teardown_taskflow.py
[2026-02-26T06:15:52.357+0000] {logging_mixin.py:190} INFO - [2026-02-26T06:15:52.356+0000] {dag.py:3239} INFO - Sync 1 DAGs
[2026-02-26T06:15:52.364+0000] {logging_mixin.py:190} INFO - [2026-02-26T06:15:52.364+0000] {dag.py:4180} INFO - Setting next_dagrun for example_setup_teardown_taskflow to None, run_after=None
[2026-02-26T06:15:52.380+0000] {processor.py:208} INFO - Processing /home/ubuntu/airflow-venv/lib/python3.12/site-packages/airflow/example_dags/example_setup_teardown_taskflow.py took 0.047 seconds
[2026-02-26T06:16:45.418+0000] {processor.py:186} INFO - Started process (PID=2894) to work on /home/ubuntu/airflow-venv/lib/python3.12/site-packages/airflow/example_dags/example_setup_teardown_taskflow.py
[2026-02-26T06:16:45.419+0000] {processor.py:914} INFO - Processing file /home/ubuntu/airflow-venv/lib/python3.12/site-packages/airflow/example_dags/example_setup_teardown_taskflow.py for tasks to queue
[2026-02-26T06:16:45.420+0000] {logging_mixin.py:190} INFO - [2026-02-26T06:16:45.420+0000] {dagbag.py:588} INFO - Filling up the DagBag from /home/ubuntu/airflow-venv/lib/python3.12/site-packages/airflow/example_dags/example_setup_teardown_taskflow.py
[2026-02-26T06:16:45.427+0000] {processor.py:925} INFO - DAG(s) 'example_setup_teardown_taskflow' retrieved from /home/ubuntu/airflow-venv/lib/python3.12/site-packages/airflow/example_dags/example_setup_teardown_taskflow.py
[2026-02-26T06:16:45.439+0000] {logging_mixin.py:190} INFO - [2026-02-26T06:16:45.439+0000] {dag.py:3239} INFO - Sync 1 DAGs
[2026-02-26T06:16:45.447+0000] {logging_mixin.py:190} INFO - [2026-02-26T06:16:45.447+0000] {dag.py:4180} INFO - Setting next_dagrun for example_setup_teardown_taskflow to None, run_after=None
[2026-02-26T06:16:45.464+0000] {processor.py:208} INFO - Processing /home/ubuntu/airflow-venv/lib/python3.12/site-packages/airflow/example_dags/example_setup_teardown_taskflow.py took 0.050 seconds
[2026-02-26T06:17:40.190+0000] {processor.py:186} INFO - Started process (PID=2955) to work on /home/ubuntu/airflow-venv/lib/python3.12/site-packages/airflow/example_dags/example_setup_teardown_taskflow.py
[2026-02-26T06:17:40.191+0000] {processor.py:914} INFO - Processing file /home/ubuntu/airflow-venv/lib/python3.12/site-packages/airflow/example_dags/example_setup_teardown_taskflow.py for tasks to queue
[2026-02-26T06:17:40.193+0000] {logging_mixin.py:190} INFO - [2026-02-26T06:17:40.192+0000] {dagbag.py:588} INFO - Filling up the DagBag from /home/ubuntu/airflow-venv/lib/python3.12/site-packages/airflow/example_dags/example_setup_teardown_taskflow.py
[2026-02-26T06:17:40.199+0000] {processor.py:925} INFO - DAG(s) 'example_setup_teardown_taskflow' retrieved from /home/ubuntu/airflow-venv/lib/python3.12/site-packages/airflow/example_dags/example_setup_teardown_taskflow.py
[2026-02-26T06:17:40.211+0000] {logging_mixin.py:190} INFO - [2026-02-26T06:17:40.211+0000] {dag.py:3239} INFO - Sync 1 DAGs
[2026-02-26T06:17:40.219+0000] {logging_mixin.py:190} INFO - [2026-02-26T06:17:40.219+0000] {dag.py:4180} INFO - Setting next_dagrun for example_setup_teardown_taskflow to None, run_after=None
[2026-02-26T06:17:40.236+0000] {processor.py:208} INFO - Processing /home/ubuntu/airflow-venv/lib/python3.12/site-packages/airflow/example_dags/example_setup_teardown_taskflow.py took 0.050 seconds
[2026-02-26T06:18:31.974+0000] {processor.py:186} INFO - Started process (PID=3008) to work on /home/ubuntu/airflow-venv/lib/python3.12/site-packages/airflow/example_dags/example_setup_teardown_taskflow.py
[2026-02-26T06:18:31.975+0000] {processor.py:914} INFO - Processing file /home/ubuntu/airflow-venv/lib/python3.12/site-packages/airflow/example_dags/example_setup_teardown_taskflow.py for tasks to queue
[2026-02-26T06:18:31.977+0000] {logging_mixin.py:190} INFO - [2026-02-26T06:18:31.977+0000] {dagbag.py:588} INFO - Filling up the DagBag from /home/ubuntu/airflow-venv/lib/python3.12/site-packages/airflow/example_dags/example_setup_teardown_taskflow.py
[2026-02-26T06:18:31.984+0000] {processor.py:925} INFO - DAG(s) 'example_setup_teardown_taskflow' retrieved from /home/ubuntu/airflow-venv/lib/python3.12/site-packages/airflow/example_dags/example_setup_teardown_taskflow.py
[2026-02-26T06:18:31.995+0000] {logging_mixin.py:190} INFO - [2026-02-26T06:18:31.995+0000] {dag.py:3239} INFO - Sync 1 DAGs
[2026-02-26T06:18:32.003+0000] {logging_mixin.py:190} INFO - [2026-02-26T06:18:32.003+0000] {dag.py:4180} INFO - Setting next_dagrun for example_setup_teardown_taskflow to None, run_after=None
[2026-02-26T06:18:32.020+0000] {processor.py:208} INFO - Processing /home/ubuntu/airflow-venv/lib/python3.12/site-packages/airflow/example_dags/example_setup_teardown_taskflow.py took 0.050 seconds
[2026-02-26T06:19:30.102+0000] {processor.py:186} INFO - Started process (PID=3064) to work on /home/ubuntu/airflow-venv/lib/python3.12/site-packages/airflow/example_dags/example_setup_teardown_taskflow.py
[2026-02-26T06:19:30.103+0000] {processor.py:914} INFO - Processing file /home/ubuntu/airflow-venv/lib/python3.12/site-packages/airflow/example_dags/example_setup_teardown_taskflow.py for tasks to queue
[2026-02-26T06:19:30.105+0000] {logging_mixin.py:190} INFO - [2026-02-26T06:19:30.104+0000] {dagbag.py:588} INFO - Filling up the DagBag from /home/ubuntu/airflow-venv/lib/python3.12/site-packages/airflow/example_dags/example_setup_teardown_taskflow.py
[2026-02-26T06:19:30.194+0000] {processor.py:925} INFO - DAG(s) 'example_setup_teardown_taskflow' retrieved from /home/ubuntu/airflow-venv/lib/python3.12/site-packages/airflow/example_dags/example_setup_teardown_taskflow.py
[2026-02-26T06:19:30.202+0000] {logging_mixin.py:190} INFO - [2026-02-26T06:19:30.202+0000] {dag.py:3239} INFO - Sync 1 DAGs
[2026-02-26T06:19:30.209+0000] {logging_mixin.py:190} INFO - [2026-02-26T06:19:30.208+0000] {dag.py:4180} INFO - Setting next_dagrun for example_setup_teardown_taskflow to None, run_after=None
[2026-02-26T06:19:30.225+0000] {processor.py:208} INFO - Processing /home/ubuntu/airflow-venv/lib/python3.12/site-packages/airflow/example_dags/example_setup_teardown_taskflow.py took 0.126 seconds
[2026-02-26T06:20:23.469+0000] {processor.py:186} INFO - Started process (PID=3119) to work on /home/ubuntu/airflow-venv/lib/python3.12/site-packages/airflow/example_dags/example_setup_teardown_taskflow.py
[2026-02-26T06:20:23.470+0000] {processor.py:914} INFO - Processing file /home/ubuntu/airflow-venv/lib/python3.12/site-packages/airflow/example_dags/example_setup_teardown_taskflow.py for tasks to queue
[2026-02-26T06:20:23.471+0000] {logging_mixin.py:190} INFO - [2026-02-26T06:20:23.471+0000] {dagbag.py:588} INFO - Filling up the DagBag from /home/ubuntu/airflow-venv/lib/python3.12/site-packages/airflow/example_dags/example_setup_teardown_taskflow.py
[2026-02-26T06:20:23.478+0000] {processor.py:925} INFO - DAG(s) 'example_setup_teardown_taskflow' retrieved from /home/ubuntu/airflow-venv/lib/python3.12/site-packages/airflow/example_dags/example_setup_teardown_taskflow.py
[2026-02-26T06:20:23.490+0000] {logging_mixin.py:190} INFO - [2026-02-26T06:20:23.490+0000] {dag.py:3239} INFO - Sync 1 DAGs
[2026-02-26T06:20:23.498+0000] {logging_mixin.py:190} INFO - [2026-02-26T06:20:23.498+0000] {dag.py:4180} INFO - Setting next_dagrun for example_setup_teardown_taskflow to None, run_after=None
[2026-02-26T06:20:23.515+0000] {processor.py:208} INFO - Processing /home/ubuntu/airflow-venv/lib/python3.12/site-packages/airflow/example_dags/example_setup_teardown_taskflow.py took 0.050 seconds
[2026-02-26T06:21:12.666+0000] {processor.py:186} INFO - Started process (PID=3174) to work on /home/ubuntu/airflow-venv/lib/python3.12/site-packages/airflow/example_dags/example_setup_teardown_taskflow.py
[2026-02-26T06:21:12.668+0000] {processor.py:914} INFO - Processing file /home/ubuntu/airflow-venv/lib/python3.12/site-packages/airflow/example_dags/example_setup_teardown_taskflow.py for tasks to queue
[2026-02-26T06:21:12.669+0000] {logging_mixin.py:190} INFO - [2026-02-26T06:21:12.669+0000] {dagbag.py:588} INFO - Filling up the DagBag from /home/ubuntu/airflow-venv/lib/python3.12/site-packages/airflow/example_dags/example_setup_teardown_taskflow.py
[2026-02-26T06:21:12.676+0000] {processor.py:925} INFO - DAG(s) 'example_setup_teardown_taskflow' retrieved from /home/ubuntu/airflow-venv/lib/python3.12/site-packages/airflow/example_dags/example_setup_teardown_taskflow.py
[2026-02-26T06:21:12.688+0000] {logging_mixin.py:190} INFO - [2026-02-26T06:21:12.688+0000] {dag.py:3239} INFO - Sync 1 DAGs
[2026-02-26T06:21:12.696+0000] {logging_mixin.py:190} INFO - [2026-02-26T06:21:12.696+0000] {dag.py:4180} INFO - Setting next_dagrun for example_setup_teardown_taskflow to None, run_after=None
[2026-02-26T06:21:12.713+0000] {processor.py:208} INFO - Processing /home/ubuntu/airflow-venv/lib/python3.12/site-packages/airflow/example_dags/example_setup_teardown_taskflow.py took 0.051 seconds
[2026-02-26T06:22:01.800+0000] {processor.py:186} INFO - Started process (PID=3227) to work on /home/ubuntu/airflow-venv/lib/python3.12/site-packages/airflow/example_dags/example_setup_teardown_taskflow.py
[2026-02-26T06:22:01.802+0000] {processor.py:914} INFO - Processing file /home/ubuntu/airflow-venv/lib/python3.12/site-packages/airflow/example_dags/example_setup_teardown_taskflow.py for tasks to queue
[2026-02-26T06:22:01.803+0000] {logging_mixin.py:190} INFO - [2026-02-26T06:22:01.803+0000] {dagbag.py:588} INFO - Filling up the DagBag from /home/ubuntu/airflow-venv/lib/python3.12/site-packages/airflow/example_dags/example_setup_teardown_taskflow.py
[2026-02-26T06:22:01.810+0000] {processor.py:925} INFO - DAG(s) 'example_setup_teardown_taskflow' retrieved from /home/ubuntu/airflow-venv/lib/python3.12/site-packages/airflow/example_dags/example_setup_teardown_taskflow.py
[2026-02-26T06:22:01.821+0000] {logging_mixin.py:190} INFO - [2026-02-26T06:22:01.821+0000] {dag.py:3239} INFO - Sync 1 DAGs
[2026-02-26T06:22:01.829+0000] {logging_mixin.py:190} INFO - [2026-02-26T06:22:01.829+0000] {dag.py:4180} INFO - Setting next_dagrun for example_setup_teardown_taskflow to None, run_after=None
[2026-02-26T06:22:01.847+0000] {processor.py:208} INFO - Processing /home/ubuntu/airflow-venv/lib/python3.12/site-packages/airflow/example_dags/example_setup_teardown_taskflow.py took 0.050 seconds
[2026-02-26T06:22:52.012+0000] {processor.py:186} INFO - Started process (PID=3282) to work on /home/ubuntu/airflow-venv/lib/python3.12/site-packages/airflow/example_dags/example_setup_teardown_taskflow.py
[2026-02-26T06:22:52.014+0000] {processor.py:914} INFO - Processing file /home/ubuntu/airflow-venv/lib/python3.12/site-packages/airflow/example_dags/example_setup_teardown_taskflow.py for tasks to queue
[2026-02-26T06:22:52.015+0000] {logging_mixin.py:190} INFO - [2026-02-26T06:22:52.015+0000] {dagbag.py:588} INFO - Filling up the DagBag from /home/ubuntu/airflow-venv/lib/python3.12/site-packages/airflow/example_dags/example_setup_teardown_taskflow.py
[2026-02-26T06:22:52.022+0000] {processor.py:925} INFO - DAG(s) 'example_setup_teardown_taskflow' retrieved from /home/ubuntu/airflow-venv/lib/python3.12/site-packages/airflow/example_dags/example_setup_teardown_taskflow.py
[2026-02-26T06:22:52.033+0000] {logging_mixin.py:190} INFO - [2026-02-26T06:22:52.033+0000] {dag.py:3239} INFO - Sync 1 DAGs
[2026-02-26T06:22:52.042+0000] {logging_mixin.py:190} INFO - [2026-02-26T06:22:52.042+0000] {dag.py:4180} INFO - Setting next_dagrun for example_setup_teardown_taskflow to None, run_after=None
[2026-02-26T06:22:52.059+0000] {processor.py:208} INFO - Processing /home/ubuntu/airflow-venv/lib/python3.12/site-packages/airflow/example_dags/example_setup_teardown_taskflow.py took 0.050 seconds
[2026-02-26T06:23:45.539+0000] {processor.py:186} INFO - Started process (PID=3335) to work on /home/ubuntu/airflow-venv/lib/python3.12/site-packages/airflow/example_dags/example_setup_teardown_taskflow.py
[2026-02-26T06:23:45.540+0000] {processor.py:914} INFO - Processing file /home/ubuntu/airflow-venv/lib/python3.12/site-packages/airflow/example_dags/example_setup_teardown_taskflow.py for tasks to queue
[2026-02-26T06:23:45.542+0000] {logging_mixin.py:190} INFO - [2026-02-26T06:23:45.541+0000] {dagbag.py:588} INFO - Filling up the DagBag from /home/ubuntu/airflow-venv/lib/python3.12/site-packages/airflow/example_dags/example_setup_teardown_taskflow.py
[2026-02-26T06:23:45.549+0000] {processor.py:925} INFO - DAG(s) 'example_setup_teardown_taskflow' retrieved from /home/ubuntu/airflow-venv/lib/python3.12/site-packages/airflow/example_dags/example_setup_teardown_taskflow.py
[2026-02-26T06:23:45.560+0000] {logging_mixin.py:190} INFO - [2026-02-26T06:23:45.560+0000] {dag.py:3239} INFO - Sync 1 DAGs
[2026-02-26T06:23:45.568+0000] {logging_mixin.py:190} INFO - [2026-02-26T06:23:45.568+0000] {dag.py:4180} INFO - Setting next_dagrun for example_setup_teardown_taskflow to None, run_after=None
[2026-02-26T06:23:45.587+0000] {processor.py:208} INFO - Processing /home/ubuntu/airflow-venv/lib/python3.12/site-packages/airflow/example_dags/example_setup_teardown_taskflow.py took 0.052 seconds
