[2026-02-26T05:23:08.605+0000] {processor.py:186} INFO - Started process (PID=2155) to work on /home/ubuntu/airflow-venv/lib/python3.12/site-packages/airflow/example_dags/example_dynamic_task_mapping_with_no_taskflow_operators.py
[2026-02-26T05:23:08.606+0000] {processor.py:914} INFO - Processing file /home/ubuntu/airflow-venv/lib/python3.12/site-packages/airflow/example_dags/example_dynamic_task_mapping_with_no_taskflow_operators.py for tasks to queue
[2026-02-26T05:23:08.607+0000] {logging_mixin.py:190} INFO - [2026-02-26T05:23:08.607+0000] {dagbag.py:588} INFO - Filling up the DagBag from /home/ubuntu/airflow-venv/lib/python3.12/site-packages/airflow/example_dags/example_dynamic_task_mapping_with_no_taskflow_operators.py
[2026-02-26T05:23:08.612+0000] {processor.py:925} INFO - DAG(s) 'example_dynamic_task_mapping_with_no_taskflow_operators' retrieved from /home/ubuntu/airflow-venv/lib/python3.12/site-packages/airflow/example_dags/example_dynamic_task_mapping_with_no_taskflow_operators.py
[2026-02-26T05:23:08.622+0000] {logging_mixin.py:190} INFO - [2026-02-26T05:23:08.622+0000] {dag.py:3239} INFO - Sync 1 DAGs
[2026-02-26T05:23:08.629+0000] {logging_mixin.py:190} INFO - [2026-02-26T05:23:08.629+0000] {dag.py:4180} INFO - Setting next_dagrun for example_dynamic_task_mapping_with_no_taskflow_operators to None, run_after=None
[2026-02-26T05:23:08.644+0000] {processor.py:208} INFO - Processing /home/ubuntu/airflow-venv/lib/python3.12/site-packages/airflow/example_dags/example_dynamic_task_mapping_with_no_taskflow_operators.py took 0.042 seconds
[2026-02-26T05:24:01.738+0000] {processor.py:186} INFO - Started process (PID=2212) to work on /home/ubuntu/airflow-venv/lib/python3.12/site-packages/airflow/example_dags/example_dynamic_task_mapping_with_no_taskflow_operators.py
[2026-02-26T05:24:01.740+0000] {processor.py:914} INFO - Processing file /home/ubuntu/airflow-venv/lib/python3.12/site-packages/airflow/example_dags/example_dynamic_task_mapping_with_no_taskflow_operators.py for tasks to queue
[2026-02-26T05:24:01.741+0000] {logging_mixin.py:190} INFO - [2026-02-26T05:24:01.741+0000] {dagbag.py:588} INFO - Filling up the DagBag from /home/ubuntu/airflow-venv/lib/python3.12/site-packages/airflow/example_dags/example_dynamic_task_mapping_with_no_taskflow_operators.py
[2026-02-26T05:24:01.746+0000] {processor.py:925} INFO - DAG(s) 'example_dynamic_task_mapping_with_no_taskflow_operators' retrieved from /home/ubuntu/airflow-venv/lib/python3.12/site-packages/airflow/example_dags/example_dynamic_task_mapping_with_no_taskflow_operators.py
[2026-02-26T05:24:01.755+0000] {logging_mixin.py:190} INFO - [2026-02-26T05:24:01.754+0000] {dag.py:3239} INFO - Sync 1 DAGs
[2026-02-26T05:24:01.762+0000] {logging_mixin.py:190} INFO - [2026-02-26T05:24:01.762+0000] {dag.py:4180} INFO - Setting next_dagrun for example_dynamic_task_mapping_with_no_taskflow_operators to None, run_after=None
[2026-02-26T05:24:01.778+0000] {processor.py:208} INFO - Processing /home/ubuntu/airflow-venv/lib/python3.12/site-packages/airflow/example_dags/example_dynamic_task_mapping_with_no_taskflow_operators.py took 0.043 seconds
[2026-02-26T05:24:57.569+0000] {processor.py:186} INFO - Started process (PID=2269) to work on /home/ubuntu/airflow-venv/lib/python3.12/site-packages/airflow/example_dags/example_dynamic_task_mapping_with_no_taskflow_operators.py
[2026-02-26T05:24:57.571+0000] {processor.py:914} INFO - Processing file /home/ubuntu/airflow-venv/lib/python3.12/site-packages/airflow/example_dags/example_dynamic_task_mapping_with_no_taskflow_operators.py for tasks to queue
[2026-02-26T05:24:57.572+0000] {logging_mixin.py:190} INFO - [2026-02-26T05:24:57.572+0000] {dagbag.py:588} INFO - Filling up the DagBag from /home/ubuntu/airflow-venv/lib/python3.12/site-packages/airflow/example_dags/example_dynamic_task_mapping_with_no_taskflow_operators.py
[2026-02-26T05:24:57.577+0000] {processor.py:925} INFO - DAG(s) 'example_dynamic_task_mapping_with_no_taskflow_operators' retrieved from /home/ubuntu/airflow-venv/lib/python3.12/site-packages/airflow/example_dags/example_dynamic_task_mapping_with_no_taskflow_operators.py
[2026-02-26T05:24:57.586+0000] {logging_mixin.py:190} INFO - [2026-02-26T05:24:57.586+0000] {dag.py:3239} INFO - Sync 1 DAGs
[2026-02-26T05:24:57.593+0000] {logging_mixin.py:190} INFO - [2026-02-26T05:24:57.593+0000] {dag.py:4180} INFO - Setting next_dagrun for example_dynamic_task_mapping_with_no_taskflow_operators to None, run_after=None
[2026-02-26T05:24:57.608+0000] {processor.py:208} INFO - Processing /home/ubuntu/airflow-venv/lib/python3.12/site-packages/airflow/example_dags/example_dynamic_task_mapping_with_no_taskflow_operators.py took 0.042 seconds
[2026-02-26T05:25:47.030+0000] {processor.py:186} INFO - Started process (PID=2338) to work on /home/ubuntu/airflow-venv/lib/python3.12/site-packages/airflow/example_dags/example_dynamic_task_mapping_with_no_taskflow_operators.py
[2026-02-26T05:25:47.031+0000] {processor.py:914} INFO - Processing file /home/ubuntu/airflow-venv/lib/python3.12/site-packages/airflow/example_dags/example_dynamic_task_mapping_with_no_taskflow_operators.py for tasks to queue
[2026-02-26T05:25:47.032+0000] {logging_mixin.py:190} INFO - [2026-02-26T05:25:47.032+0000] {dagbag.py:588} INFO - Filling up the DagBag from /home/ubuntu/airflow-venv/lib/python3.12/site-packages/airflow/example_dags/example_dynamic_task_mapping_with_no_taskflow_operators.py
[2026-02-26T05:25:47.037+0000] {processor.py:925} INFO - DAG(s) 'example_dynamic_task_mapping_with_no_taskflow_operators' retrieved from /home/ubuntu/airflow-venv/lib/python3.12/site-packages/airflow/example_dags/example_dynamic_task_mapping_with_no_taskflow_operators.py
[2026-02-26T05:25:47.046+0000] {logging_mixin.py:190} INFO - [2026-02-26T05:25:47.046+0000] {dag.py:3239} INFO - Sync 1 DAGs
[2026-02-26T05:25:47.053+0000] {logging_mixin.py:190} INFO - [2026-02-26T05:25:47.053+0000] {dag.py:4180} INFO - Setting next_dagrun for example_dynamic_task_mapping_with_no_taskflow_operators to None, run_after=None
[2026-02-26T05:25:47.068+0000] {processor.py:208} INFO - Processing /home/ubuntu/airflow-venv/lib/python3.12/site-packages/airflow/example_dags/example_dynamic_task_mapping_with_no_taskflow_operators.py took 0.042 seconds
[2026-02-26T05:26:35.763+0000] {processor.py:186} INFO - Started process (PID=2394) to work on /home/ubuntu/airflow-venv/lib/python3.12/site-packages/airflow/example_dags/example_dynamic_task_mapping_with_no_taskflow_operators.py
[2026-02-26T05:26:35.764+0000] {processor.py:914} INFO - Processing file /home/ubuntu/airflow-venv/lib/python3.12/site-packages/airflow/example_dags/example_dynamic_task_mapping_with_no_taskflow_operators.py for tasks to queue
[2026-02-26T05:26:35.765+0000] {logging_mixin.py:190} INFO - [2026-02-26T05:26:35.765+0000] {dagbag.py:588} INFO - Filling up the DagBag from /home/ubuntu/airflow-venv/lib/python3.12/site-packages/airflow/example_dags/example_dynamic_task_mapping_with_no_taskflow_operators.py
[2026-02-26T05:26:35.770+0000] {processor.py:925} INFO - DAG(s) 'example_dynamic_task_mapping_with_no_taskflow_operators' retrieved from /home/ubuntu/airflow-venv/lib/python3.12/site-packages/airflow/example_dags/example_dynamic_task_mapping_with_no_taskflow_operators.py
[2026-02-26T05:26:35.779+0000] {logging_mixin.py:190} INFO - [2026-02-26T05:26:35.779+0000] {dag.py:3239} INFO - Sync 1 DAGs
[2026-02-26T05:26:35.786+0000] {logging_mixin.py:190} INFO - [2026-02-26T05:26:35.786+0000] {dag.py:4180} INFO - Setting next_dagrun for example_dynamic_task_mapping_with_no_taskflow_operators to None, run_after=None
[2026-02-26T05:26:35.801+0000] {processor.py:208} INFO - Processing /home/ubuntu/airflow-venv/lib/python3.12/site-packages/airflow/example_dags/example_dynamic_task_mapping_with_no_taskflow_operators.py took 0.042 seconds
[2026-02-26T05:27:47.615+0000] {processor.py:186} INFO - Started process (PID=2834) to work on /home/ubuntu/airflow-venv/lib/python3.12/site-packages/airflow/example_dags/example_dynamic_task_mapping_with_no_taskflow_operators.py
[2026-02-26T05:27:47.616+0000] {processor.py:914} INFO - Processing file /home/ubuntu/airflow-venv/lib/python3.12/site-packages/airflow/example_dags/example_dynamic_task_mapping_with_no_taskflow_operators.py for tasks to queue
[2026-02-26T05:27:47.618+0000] {logging_mixin.py:190} INFO - [2026-02-26T05:27:47.618+0000] {dagbag.py:588} INFO - Filling up the DagBag from /home/ubuntu/airflow-venv/lib/python3.12/site-packages/airflow/example_dags/example_dynamic_task_mapping_with_no_taskflow_operators.py
[2026-02-26T05:27:47.623+0000] {processor.py:925} INFO - DAG(s) 'example_dynamic_task_mapping_with_no_taskflow_operators' retrieved from /home/ubuntu/airflow-venv/lib/python3.12/site-packages/airflow/example_dags/example_dynamic_task_mapping_with_no_taskflow_operators.py
[2026-02-26T05:27:47.631+0000] {logging_mixin.py:190} INFO - [2026-02-26T05:27:47.631+0000] {dag.py:3239} INFO - Sync 1 DAGs
[2026-02-26T05:27:47.638+0000] {logging_mixin.py:190} INFO - [2026-02-26T05:27:47.638+0000] {dag.py:4180} INFO - Setting next_dagrun for example_dynamic_task_mapping_with_no_taskflow_operators to None, run_after=None
[2026-02-26T05:27:47.654+0000] {processor.py:208} INFO - Processing /home/ubuntu/airflow-venv/lib/python3.12/site-packages/airflow/example_dags/example_dynamic_task_mapping_with_no_taskflow_operators.py took 0.043 seconds
[2026-02-26T05:28:39.555+0000] {processor.py:186} INFO - Started process (PID=2888) to work on /home/ubuntu/airflow-venv/lib/python3.12/site-packages/airflow/example_dags/example_dynamic_task_mapping_with_no_taskflow_operators.py
[2026-02-26T05:28:39.556+0000] {processor.py:914} INFO - Processing file /home/ubuntu/airflow-venv/lib/python3.12/site-packages/airflow/example_dags/example_dynamic_task_mapping_with_no_taskflow_operators.py for tasks to queue
[2026-02-26T05:28:39.557+0000] {logging_mixin.py:190} INFO - [2026-02-26T05:28:39.557+0000] {dagbag.py:588} INFO - Filling up the DagBag from /home/ubuntu/airflow-venv/lib/python3.12/site-packages/airflow/example_dags/example_dynamic_task_mapping_with_no_taskflow_operators.py
[2026-02-26T05:28:39.624+0000] {processor.py:925} INFO - DAG(s) 'example_dynamic_task_mapping_with_no_taskflow_operators' retrieved from /home/ubuntu/airflow-venv/lib/python3.12/site-packages/airflow/example_dags/example_dynamic_task_mapping_with_no_taskflow_operators.py
[2026-02-26T05:28:39.629+0000] {logging_mixin.py:190} INFO - [2026-02-26T05:28:39.629+0000] {dag.py:3239} INFO - Sync 1 DAGs
[2026-02-26T05:28:39.635+0000] {logging_mixin.py:190} INFO - [2026-02-26T05:28:39.635+0000] {dag.py:4180} INFO - Setting next_dagrun for example_dynamic_task_mapping_with_no_taskflow_operators to None, run_after=None
[2026-02-26T05:28:39.649+0000] {processor.py:208} INFO - Processing /home/ubuntu/airflow-venv/lib/python3.12/site-packages/airflow/example_dags/example_dynamic_task_mapping_with_no_taskflow_operators.py took 0.098 seconds
[2026-02-26T05:29:34.008+0000] {processor.py:186} INFO - Started process (PID=2942) to work on /home/ubuntu/airflow-venv/lib/python3.12/site-packages/airflow/example_dags/example_dynamic_task_mapping_with_no_taskflow_operators.py
[2026-02-26T05:29:34.009+0000] {processor.py:914} INFO - Processing file /home/ubuntu/airflow-venv/lib/python3.12/site-packages/airflow/example_dags/example_dynamic_task_mapping_with_no_taskflow_operators.py for tasks to queue
[2026-02-26T05:29:34.011+0000] {logging_mixin.py:190} INFO - [2026-02-26T05:29:34.010+0000] {dagbag.py:588} INFO - Filling up the DagBag from /home/ubuntu/airflow-venv/lib/python3.12/site-packages/airflow/example_dags/example_dynamic_task_mapping_with_no_taskflow_operators.py
[2026-02-26T05:29:34.016+0000] {processor.py:925} INFO - DAG(s) 'example_dynamic_task_mapping_with_no_taskflow_operators' retrieved from /home/ubuntu/airflow-venv/lib/python3.12/site-packages/airflow/example_dags/example_dynamic_task_mapping_with_no_taskflow_operators.py
[2026-02-26T05:29:34.025+0000] {logging_mixin.py:190} INFO - [2026-02-26T05:29:34.025+0000] {dag.py:3239} INFO - Sync 1 DAGs
[2026-02-26T05:29:34.033+0000] {logging_mixin.py:190} INFO - [2026-02-26T05:29:34.033+0000] {dag.py:4180} INFO - Setting next_dagrun for example_dynamic_task_mapping_with_no_taskflow_operators to None, run_after=None
[2026-02-26T05:29:34.049+0000] {processor.py:208} INFO - Processing /home/ubuntu/airflow-venv/lib/python3.12/site-packages/airflow/example_dags/example_dynamic_task_mapping_with_no_taskflow_operators.py took 0.045 seconds
[2026-02-26T05:30:28.463+0000] {processor.py:186} INFO - Started process (PID=3003) to work on /home/ubuntu/airflow-venv/lib/python3.12/site-packages/airflow/example_dags/example_dynamic_task_mapping_with_no_taskflow_operators.py
[2026-02-26T05:30:28.465+0000] {processor.py:914} INFO - Processing file /home/ubuntu/airflow-venv/lib/python3.12/site-packages/airflow/example_dags/example_dynamic_task_mapping_with_no_taskflow_operators.py for tasks to queue
[2026-02-26T05:30:28.466+0000] {logging_mixin.py:190} INFO - [2026-02-26T05:30:28.466+0000] {dagbag.py:588} INFO - Filling up the DagBag from /home/ubuntu/airflow-venv/lib/python3.12/site-packages/airflow/example_dags/example_dynamic_task_mapping_with_no_taskflow_operators.py
[2026-02-26T05:30:28.471+0000] {processor.py:925} INFO - DAG(s) 'example_dynamic_task_mapping_with_no_taskflow_operators' retrieved from /home/ubuntu/airflow-venv/lib/python3.12/site-packages/airflow/example_dags/example_dynamic_task_mapping_with_no_taskflow_operators.py
[2026-02-26T05:30:28.481+0000] {logging_mixin.py:190} INFO - [2026-02-26T05:30:28.480+0000] {dag.py:3239} INFO - Sync 1 DAGs
[2026-02-26T05:30:28.488+0000] {logging_mixin.py:190} INFO - [2026-02-26T05:30:28.488+0000] {dag.py:4180} INFO - Setting next_dagrun for example_dynamic_task_mapping_with_no_taskflow_operators to None, run_after=None
[2026-02-26T05:30:28.504+0000] {processor.py:208} INFO - Processing /home/ubuntu/airflow-venv/lib/python3.12/site-packages/airflow/example_dags/example_dynamic_task_mapping_with_no_taskflow_operators.py took 0.045 seconds
[2026-02-26T05:31:43.714+0000] {processor.py:186} INFO - Started process (PID=3080) to work on /home/ubuntu/airflow-venv/lib/python3.12/site-packages/airflow/example_dags/example_dynamic_task_mapping_with_no_taskflow_operators.py
[2026-02-26T05:31:43.716+0000] {processor.py:914} INFO - Processing file /home/ubuntu/airflow-venv/lib/python3.12/site-packages/airflow/example_dags/example_dynamic_task_mapping_with_no_taskflow_operators.py for tasks to queue
[2026-02-26T05:31:43.717+0000] {logging_mixin.py:190} INFO - [2026-02-26T05:31:43.717+0000] {dagbag.py:588} INFO - Filling up the DagBag from /home/ubuntu/airflow-venv/lib/python3.12/site-packages/airflow/example_dags/example_dynamic_task_mapping_with_no_taskflow_operators.py
[2026-02-26T05:31:43.722+0000] {processor.py:925} INFO - DAG(s) 'example_dynamic_task_mapping_with_no_taskflow_operators' retrieved from /home/ubuntu/airflow-venv/lib/python3.12/site-packages/airflow/example_dags/example_dynamic_task_mapping_with_no_taskflow_operators.py
[2026-02-26T05:31:43.731+0000] {logging_mixin.py:190} INFO - [2026-02-26T05:31:43.731+0000] {dag.py:3239} INFO - Sync 1 DAGs
[2026-02-26T05:31:43.738+0000] {logging_mixin.py:190} INFO - [2026-02-26T05:31:43.738+0000] {dag.py:4180} INFO - Setting next_dagrun for example_dynamic_task_mapping_with_no_taskflow_operators to None, run_after=None
[2026-02-26T05:31:43.754+0000] {processor.py:208} INFO - Processing /home/ubuntu/airflow-venv/lib/python3.12/site-packages/airflow/example_dags/example_dynamic_task_mapping_with_no_taskflow_operators.py took 0.043 seconds
[2026-02-26T05:32:33.904+0000] {processor.py:186} INFO - Started process (PID=3133) to work on /home/ubuntu/airflow-venv/lib/python3.12/site-packages/airflow/example_dags/example_dynamic_task_mapping_with_no_taskflow_operators.py
[2026-02-26T05:32:33.905+0000] {processor.py:914} INFO - Processing file /home/ubuntu/airflow-venv/lib/python3.12/site-packages/airflow/example_dags/example_dynamic_task_mapping_with_no_taskflow_operators.py for tasks to queue
[2026-02-26T05:32:33.907+0000] {logging_mixin.py:190} INFO - [2026-02-26T05:32:33.906+0000] {dagbag.py:588} INFO - Filling up the DagBag from /home/ubuntu/airflow-venv/lib/python3.12/site-packages/airflow/example_dags/example_dynamic_task_mapping_with_no_taskflow_operators.py
[2026-02-26T05:32:33.912+0000] {processor.py:925} INFO - DAG(s) 'example_dynamic_task_mapping_with_no_taskflow_operators' retrieved from /home/ubuntu/airflow-venv/lib/python3.12/site-packages/airflow/example_dags/example_dynamic_task_mapping_with_no_taskflow_operators.py
[2026-02-26T05:32:33.921+0000] {logging_mixin.py:190} INFO - [2026-02-26T05:32:33.920+0000] {dag.py:3239} INFO - Sync 1 DAGs
[2026-02-26T05:32:33.928+0000] {logging_mixin.py:190} INFO - [2026-02-26T05:32:33.928+0000] {dag.py:4180} INFO - Setting next_dagrun for example_dynamic_task_mapping_with_no_taskflow_operators to None, run_after=None
[2026-02-26T05:32:33.944+0000] {processor.py:208} INFO - Processing /home/ubuntu/airflow-venv/lib/python3.12/site-packages/airflow/example_dags/example_dynamic_task_mapping_with_no_taskflow_operators.py took 0.043 seconds
[2026-02-26T05:33:47.838+0000] {processor.py:186} INFO - Started process (PID=3213) to work on /home/ubuntu/airflow-venv/lib/python3.12/site-packages/airflow/example_dags/example_dynamic_task_mapping_with_no_taskflow_operators.py
[2026-02-26T05:33:47.839+0000] {processor.py:914} INFO - Processing file /home/ubuntu/airflow-venv/lib/python3.12/site-packages/airflow/example_dags/example_dynamic_task_mapping_with_no_taskflow_operators.py for tasks to queue
[2026-02-26T05:33:47.840+0000] {logging_mixin.py:190} INFO - [2026-02-26T05:33:47.840+0000] {dagbag.py:588} INFO - Filling up the DagBag from /home/ubuntu/airflow-venv/lib/python3.12/site-packages/airflow/example_dags/example_dynamic_task_mapping_with_no_taskflow_operators.py
[2026-02-26T05:33:47.845+0000] {processor.py:925} INFO - DAG(s) 'example_dynamic_task_mapping_with_no_taskflow_operators' retrieved from /home/ubuntu/airflow-venv/lib/python3.12/site-packages/airflow/example_dags/example_dynamic_task_mapping_with_no_taskflow_operators.py
[2026-02-26T05:33:47.854+0000] {logging_mixin.py:190} INFO - [2026-02-26T05:33:47.854+0000] {dag.py:3239} INFO - Sync 1 DAGs
[2026-02-26T05:33:47.861+0000] {logging_mixin.py:190} INFO - [2026-02-26T05:33:47.861+0000] {dag.py:4180} INFO - Setting next_dagrun for example_dynamic_task_mapping_with_no_taskflow_operators to None, run_after=None
[2026-02-26T05:33:47.876+0000] {processor.py:208} INFO - Processing /home/ubuntu/airflow-venv/lib/python3.12/site-packages/airflow/example_dags/example_dynamic_task_mapping_with_no_taskflow_operators.py took 0.042 seconds
[2026-02-26T05:34:36.358+0000] {processor.py:186} INFO - Started process (PID=3265) to work on /home/ubuntu/airflow-venv/lib/python3.12/site-packages/airflow/example_dags/example_dynamic_task_mapping_with_no_taskflow_operators.py
[2026-02-26T05:34:36.359+0000] {processor.py:914} INFO - Processing file /home/ubuntu/airflow-venv/lib/python3.12/site-packages/airflow/example_dags/example_dynamic_task_mapping_with_no_taskflow_operators.py for tasks to queue
[2026-02-26T05:34:36.360+0000] {logging_mixin.py:190} INFO - [2026-02-26T05:34:36.360+0000] {dagbag.py:588} INFO - Filling up the DagBag from /home/ubuntu/airflow-venv/lib/python3.12/site-packages/airflow/example_dags/example_dynamic_task_mapping_with_no_taskflow_operators.py
[2026-02-26T05:34:36.365+0000] {processor.py:925} INFO - DAG(s) 'example_dynamic_task_mapping_with_no_taskflow_operators' retrieved from /home/ubuntu/airflow-venv/lib/python3.12/site-packages/airflow/example_dags/example_dynamic_task_mapping_with_no_taskflow_operators.py
[2026-02-26T05:34:36.375+0000] {logging_mixin.py:190} INFO - [2026-02-26T05:34:36.374+0000] {dag.py:3239} INFO - Sync 1 DAGs
[2026-02-26T05:34:36.382+0000] {logging_mixin.py:190} INFO - [2026-02-26T05:34:36.382+0000] {dag.py:4180} INFO - Setting next_dagrun for example_dynamic_task_mapping_with_no_taskflow_operators to None, run_after=None
[2026-02-26T05:34:36.398+0000] {processor.py:208} INFO - Processing /home/ubuntu/airflow-venv/lib/python3.12/site-packages/airflow/example_dags/example_dynamic_task_mapping_with_no_taskflow_operators.py took 0.044 seconds
[2026-02-26T05:35:30.213+0000] {processor.py:186} INFO - Started process (PID=3328) to work on /home/ubuntu/airflow-venv/lib/python3.12/site-packages/airflow/example_dags/example_dynamic_task_mapping_with_no_taskflow_operators.py
[2026-02-26T05:35:30.214+0000] {processor.py:914} INFO - Processing file /home/ubuntu/airflow-venv/lib/python3.12/site-packages/airflow/example_dags/example_dynamic_task_mapping_with_no_taskflow_operators.py for tasks to queue
[2026-02-26T05:35:30.215+0000] {logging_mixin.py:190} INFO - [2026-02-26T05:35:30.215+0000] {dagbag.py:588} INFO - Filling up the DagBag from /home/ubuntu/airflow-venv/lib/python3.12/site-packages/airflow/example_dags/example_dynamic_task_mapping_with_no_taskflow_operators.py
[2026-02-26T05:35:30.220+0000] {processor.py:925} INFO - DAG(s) 'example_dynamic_task_mapping_with_no_taskflow_operators' retrieved from /home/ubuntu/airflow-venv/lib/python3.12/site-packages/airflow/example_dags/example_dynamic_task_mapping_with_no_taskflow_operators.py
[2026-02-26T05:35:30.229+0000] {logging_mixin.py:190} INFO - [2026-02-26T05:35:30.229+0000] {dag.py:3239} INFO - Sync 1 DAGs
[2026-02-26T05:35:30.237+0000] {logging_mixin.py:190} INFO - [2026-02-26T05:35:30.236+0000] {dag.py:4180} INFO - Setting next_dagrun for example_dynamic_task_mapping_with_no_taskflow_operators to None, run_after=None
[2026-02-26T05:35:30.253+0000] {processor.py:208} INFO - Processing /home/ubuntu/airflow-venv/lib/python3.12/site-packages/airflow/example_dags/example_dynamic_task_mapping_with_no_taskflow_operators.py took 0.044 seconds
[2026-02-26T05:36:23.851+0000] {processor.py:186} INFO - Started process (PID=3386) to work on /home/ubuntu/airflow-venv/lib/python3.12/site-packages/airflow/example_dags/example_dynamic_task_mapping_with_no_taskflow_operators.py
[2026-02-26T05:36:23.852+0000] {processor.py:914} INFO - Processing file /home/ubuntu/airflow-venv/lib/python3.12/site-packages/airflow/example_dags/example_dynamic_task_mapping_with_no_taskflow_operators.py for tasks to queue
[2026-02-26T05:36:23.854+0000] {logging_mixin.py:190} INFO - [2026-02-26T05:36:23.853+0000] {dagbag.py:588} INFO - Filling up the DagBag from /home/ubuntu/airflow-venv/lib/python3.12/site-packages/airflow/example_dags/example_dynamic_task_mapping_with_no_taskflow_operators.py
[2026-02-26T05:36:23.859+0000] {processor.py:925} INFO - DAG(s) 'example_dynamic_task_mapping_with_no_taskflow_operators' retrieved from /home/ubuntu/airflow-venv/lib/python3.12/site-packages/airflow/example_dags/example_dynamic_task_mapping_with_no_taskflow_operators.py
[2026-02-26T05:36:23.868+0000] {logging_mixin.py:190} INFO - [2026-02-26T05:36:23.868+0000] {dag.py:3239} INFO - Sync 1 DAGs
[2026-02-26T05:36:23.876+0000] {logging_mixin.py:190} INFO - [2026-02-26T05:36:23.876+0000] {dag.py:4180} INFO - Setting next_dagrun for example_dynamic_task_mapping_with_no_taskflow_operators to None, run_after=None
[2026-02-26T05:36:23.891+0000] {processor.py:208} INFO - Processing /home/ubuntu/airflow-venv/lib/python3.12/site-packages/airflow/example_dags/example_dynamic_task_mapping_with_no_taskflow_operators.py took 0.044 seconds
[2026-02-26T05:37:34.562+0000] {processor.py:186} INFO - Started process (PID=3462) to work on /home/ubuntu/airflow-venv/lib/python3.12/site-packages/airflow/example_dags/example_dynamic_task_mapping_with_no_taskflow_operators.py
[2026-02-26T05:37:34.563+0000] {processor.py:914} INFO - Processing file /home/ubuntu/airflow-venv/lib/python3.12/site-packages/airflow/example_dags/example_dynamic_task_mapping_with_no_taskflow_operators.py for tasks to queue
[2026-02-26T05:37:34.564+0000] {logging_mixin.py:190} INFO - [2026-02-26T05:37:34.564+0000] {dagbag.py:588} INFO - Filling up the DagBag from /home/ubuntu/airflow-venv/lib/python3.12/site-packages/airflow/example_dags/example_dynamic_task_mapping_with_no_taskflow_operators.py
[2026-02-26T05:37:34.569+0000] {processor.py:925} INFO - DAG(s) 'example_dynamic_task_mapping_with_no_taskflow_operators' retrieved from /home/ubuntu/airflow-venv/lib/python3.12/site-packages/airflow/example_dags/example_dynamic_task_mapping_with_no_taskflow_operators.py
[2026-02-26T05:37:34.578+0000] {logging_mixin.py:190} INFO - [2026-02-26T05:37:34.578+0000] {dag.py:3239} INFO - Sync 1 DAGs
[2026-02-26T05:37:34.586+0000] {logging_mixin.py:190} INFO - [2026-02-26T05:37:34.586+0000] {dag.py:4180} INFO - Setting next_dagrun for example_dynamic_task_mapping_with_no_taskflow_operators to None, run_after=None
[2026-02-26T05:37:34.601+0000] {processor.py:208} INFO - Processing /home/ubuntu/airflow-venv/lib/python3.12/site-packages/airflow/example_dags/example_dynamic_task_mapping_with_no_taskflow_operators.py took 0.043 seconds
[2026-02-26T05:38:25.898+0000] {processor.py:186} INFO - Started process (PID=3515) to work on /home/ubuntu/airflow-venv/lib/python3.12/site-packages/airflow/example_dags/example_dynamic_task_mapping_with_no_taskflow_operators.py
[2026-02-26T05:38:25.899+0000] {processor.py:914} INFO - Processing file /home/ubuntu/airflow-venv/lib/python3.12/site-packages/airflow/example_dags/example_dynamic_task_mapping_with_no_taskflow_operators.py for tasks to queue
[2026-02-26T05:38:25.900+0000] {logging_mixin.py:190} INFO - [2026-02-26T05:38:25.900+0000] {dagbag.py:588} INFO - Filling up the DagBag from /home/ubuntu/airflow-venv/lib/python3.12/site-packages/airflow/example_dags/example_dynamic_task_mapping_with_no_taskflow_operators.py
[2026-02-26T05:38:25.906+0000] {processor.py:925} INFO - DAG(s) 'example_dynamic_task_mapping_with_no_taskflow_operators' retrieved from /home/ubuntu/airflow-venv/lib/python3.12/site-packages/airflow/example_dags/example_dynamic_task_mapping_with_no_taskflow_operators.py
[2026-02-26T05:38:25.915+0000] {logging_mixin.py:190} INFO - [2026-02-26T05:38:25.915+0000] {dag.py:3239} INFO - Sync 1 DAGs
[2026-02-26T05:38:25.922+0000] {logging_mixin.py:190} INFO - [2026-02-26T05:38:25.922+0000] {dag.py:4180} INFO - Setting next_dagrun for example_dynamic_task_mapping_with_no_taskflow_operators to None, run_after=None
[2026-02-26T05:38:25.938+0000] {processor.py:208} INFO - Processing /home/ubuntu/airflow-venv/lib/python3.12/site-packages/airflow/example_dags/example_dynamic_task_mapping_with_no_taskflow_operators.py took 0.044 seconds
[2026-02-26T05:39:18.404+0000] {processor.py:186} INFO - Started process (PID=3568) to work on /home/ubuntu/airflow-venv/lib/python3.12/site-packages/airflow/example_dags/example_dynamic_task_mapping_with_no_taskflow_operators.py
[2026-02-26T05:39:18.405+0000] {processor.py:914} INFO - Processing file /home/ubuntu/airflow-venv/lib/python3.12/site-packages/airflow/example_dags/example_dynamic_task_mapping_with_no_taskflow_operators.py for tasks to queue
[2026-02-26T05:39:18.406+0000] {logging_mixin.py:190} INFO - [2026-02-26T05:39:18.406+0000] {dagbag.py:588} INFO - Filling up the DagBag from /home/ubuntu/airflow-venv/lib/python3.12/site-packages/airflow/example_dags/example_dynamic_task_mapping_with_no_taskflow_operators.py
[2026-02-26T05:39:18.411+0000] {processor.py:925} INFO - DAG(s) 'example_dynamic_task_mapping_with_no_taskflow_operators' retrieved from /home/ubuntu/airflow-venv/lib/python3.12/site-packages/airflow/example_dags/example_dynamic_task_mapping_with_no_taskflow_operators.py
[2026-02-26T05:39:18.421+0000] {logging_mixin.py:190} INFO - [2026-02-26T05:39:18.420+0000] {dag.py:3239} INFO - Sync 1 DAGs
[2026-02-26T05:39:18.428+0000] {logging_mixin.py:190} INFO - [2026-02-26T05:39:18.428+0000] {dag.py:4180} INFO - Setting next_dagrun for example_dynamic_task_mapping_with_no_taskflow_operators to None, run_after=None
[2026-02-26T05:39:18.444+0000] {processor.py:208} INFO - Processing /home/ubuntu/airflow-venv/lib/python3.12/site-packages/airflow/example_dags/example_dynamic_task_mapping_with_no_taskflow_operators.py took 0.044 seconds
[2026-02-26T05:40:29.196+0000] {processor.py:186} INFO - Started process (PID=3650) to work on /home/ubuntu/airflow-venv/lib/python3.12/site-packages/airflow/example_dags/example_dynamic_task_mapping_with_no_taskflow_operators.py
[2026-02-26T05:40:29.198+0000] {processor.py:914} INFO - Processing file /home/ubuntu/airflow-venv/lib/python3.12/site-packages/airflow/example_dags/example_dynamic_task_mapping_with_no_taskflow_operators.py for tasks to queue
[2026-02-26T05:40:29.199+0000] {logging_mixin.py:190} INFO - [2026-02-26T05:40:29.199+0000] {dagbag.py:588} INFO - Filling up the DagBag from /home/ubuntu/airflow-venv/lib/python3.12/site-packages/airflow/example_dags/example_dynamic_task_mapping_with_no_taskflow_operators.py
[2026-02-26T05:40:29.204+0000] {processor.py:925} INFO - DAG(s) 'example_dynamic_task_mapping_with_no_taskflow_operators' retrieved from /home/ubuntu/airflow-venv/lib/python3.12/site-packages/airflow/example_dags/example_dynamic_task_mapping_with_no_taskflow_operators.py
[2026-02-26T05:40:29.213+0000] {logging_mixin.py:190} INFO - [2026-02-26T05:40:29.213+0000] {dag.py:3239} INFO - Sync 1 DAGs
[2026-02-26T05:40:29.220+0000] {logging_mixin.py:190} INFO - [2026-02-26T05:40:29.220+0000] {dag.py:4180} INFO - Setting next_dagrun for example_dynamic_task_mapping_with_no_taskflow_operators to None, run_after=None
[2026-02-26T05:40:29.236+0000] {processor.py:208} INFO - Processing /home/ubuntu/airflow-venv/lib/python3.12/site-packages/airflow/example_dags/example_dynamic_task_mapping_with_no_taskflow_operators.py took 0.043 seconds
[2026-02-26T05:41:41.075+0000] {processor.py:186} INFO - Started process (PID=3726) to work on /home/ubuntu/airflow-venv/lib/python3.12/site-packages/airflow/example_dags/example_dynamic_task_mapping_with_no_taskflow_operators.py
[2026-02-26T05:41:41.076+0000] {processor.py:914} INFO - Processing file /home/ubuntu/airflow-venv/lib/python3.12/site-packages/airflow/example_dags/example_dynamic_task_mapping_with_no_taskflow_operators.py for tasks to queue
[2026-02-26T05:41:41.077+0000] {logging_mixin.py:190} INFO - [2026-02-26T05:41:41.077+0000] {dagbag.py:588} INFO - Filling up the DagBag from /home/ubuntu/airflow-venv/lib/python3.12/site-packages/airflow/example_dags/example_dynamic_task_mapping_with_no_taskflow_operators.py
[2026-02-26T05:41:41.083+0000] {processor.py:925} INFO - DAG(s) 'example_dynamic_task_mapping_with_no_taskflow_operators' retrieved from /home/ubuntu/airflow-venv/lib/python3.12/site-packages/airflow/example_dags/example_dynamic_task_mapping_with_no_taskflow_operators.py
[2026-02-26T05:41:41.092+0000] {logging_mixin.py:190} INFO - [2026-02-26T05:41:41.092+0000] {dag.py:3239} INFO - Sync 1 DAGs
[2026-02-26T05:41:41.099+0000] {logging_mixin.py:190} INFO - [2026-02-26T05:41:41.099+0000] {dag.py:4180} INFO - Setting next_dagrun for example_dynamic_task_mapping_with_no_taskflow_operators to None, run_after=None
[2026-02-26T05:41:41.115+0000] {processor.py:208} INFO - Processing /home/ubuntu/airflow-venv/lib/python3.12/site-packages/airflow/example_dags/example_dynamic_task_mapping_with_no_taskflow_operators.py took 0.044 seconds
[2026-02-26T05:42:33.990+0000] {processor.py:186} INFO - Started process (PID=3780) to work on /home/ubuntu/airflow-venv/lib/python3.12/site-packages/airflow/example_dags/example_dynamic_task_mapping_with_no_taskflow_operators.py
[2026-02-26T05:42:33.991+0000] {processor.py:914} INFO - Processing file /home/ubuntu/airflow-venv/lib/python3.12/site-packages/airflow/example_dags/example_dynamic_task_mapping_with_no_taskflow_operators.py for tasks to queue
[2026-02-26T05:42:33.992+0000] {logging_mixin.py:190} INFO - [2026-02-26T05:42:33.992+0000] {dagbag.py:588} INFO - Filling up the DagBag from /home/ubuntu/airflow-venv/lib/python3.12/site-packages/airflow/example_dags/example_dynamic_task_mapping_with_no_taskflow_operators.py
[2026-02-26T05:42:33.998+0000] {processor.py:925} INFO - DAG(s) 'example_dynamic_task_mapping_with_no_taskflow_operators' retrieved from /home/ubuntu/airflow-venv/lib/python3.12/site-packages/airflow/example_dags/example_dynamic_task_mapping_with_no_taskflow_operators.py
[2026-02-26T05:42:34.007+0000] {logging_mixin.py:190} INFO - [2026-02-26T05:42:34.007+0000] {dag.py:3239} INFO - Sync 1 DAGs
[2026-02-26T05:42:34.014+0000] {logging_mixin.py:190} INFO - [2026-02-26T05:42:34.014+0000] {dag.py:4180} INFO - Setting next_dagrun for example_dynamic_task_mapping_with_no_taskflow_operators to None, run_after=None
[2026-02-26T05:42:34.031+0000] {processor.py:208} INFO - Processing /home/ubuntu/airflow-venv/lib/python3.12/site-packages/airflow/example_dags/example_dynamic_task_mapping_with_no_taskflow_operators.py took 0.044 seconds
[2026-02-26T05:43:46.006+0000] {processor.py:186} INFO - Started process (PID=3856) to work on /home/ubuntu/airflow-venv/lib/python3.12/site-packages/airflow/example_dags/example_dynamic_task_mapping_with_no_taskflow_operators.py
[2026-02-26T05:43:46.007+0000] {processor.py:914} INFO - Processing file /home/ubuntu/airflow-venv/lib/python3.12/site-packages/airflow/example_dags/example_dynamic_task_mapping_with_no_taskflow_operators.py for tasks to queue
[2026-02-26T05:43:46.009+0000] {logging_mixin.py:190} INFO - [2026-02-26T05:43:46.008+0000] {dagbag.py:588} INFO - Filling up the DagBag from /home/ubuntu/airflow-venv/lib/python3.12/site-packages/airflow/example_dags/example_dynamic_task_mapping_with_no_taskflow_operators.py
[2026-02-26T05:43:46.013+0000] {processor.py:925} INFO - DAG(s) 'example_dynamic_task_mapping_with_no_taskflow_operators' retrieved from /home/ubuntu/airflow-venv/lib/python3.12/site-packages/airflow/example_dags/example_dynamic_task_mapping_with_no_taskflow_operators.py
[2026-02-26T05:43:46.022+0000] {logging_mixin.py:190} INFO - [2026-02-26T05:43:46.022+0000] {dag.py:3239} INFO - Sync 1 DAGs
[2026-02-26T05:43:46.029+0000] {logging_mixin.py:190} INFO - [2026-02-26T05:43:46.029+0000] {dag.py:4180} INFO - Setting next_dagrun for example_dynamic_task_mapping_with_no_taskflow_operators to None, run_after=None
[2026-02-26T05:43:46.045+0000] {processor.py:208} INFO - Processing /home/ubuntu/airflow-venv/lib/python3.12/site-packages/airflow/example_dags/example_dynamic_task_mapping_with_no_taskflow_operators.py took 0.043 seconds
[2026-02-26T05:44:35.521+0000] {processor.py:186} INFO - Started process (PID=3910) to work on /home/ubuntu/airflow-venv/lib/python3.12/site-packages/airflow/example_dags/example_dynamic_task_mapping_with_no_taskflow_operators.py
[2026-02-26T05:44:35.523+0000] {processor.py:914} INFO - Processing file /home/ubuntu/airflow-venv/lib/python3.12/site-packages/airflow/example_dags/example_dynamic_task_mapping_with_no_taskflow_operators.py for tasks to queue
[2026-02-26T05:44:35.525+0000] {logging_mixin.py:190} INFO - [2026-02-26T05:44:35.524+0000] {dagbag.py:588} INFO - Filling up the DagBag from /home/ubuntu/airflow-venv/lib/python3.12/site-packages/airflow/example_dags/example_dynamic_task_mapping_with_no_taskflow_operators.py
[2026-02-26T05:44:35.530+0000] {processor.py:925} INFO - DAG(s) 'example_dynamic_task_mapping_with_no_taskflow_operators' retrieved from /home/ubuntu/airflow-venv/lib/python3.12/site-packages/airflow/example_dags/example_dynamic_task_mapping_with_no_taskflow_operators.py
[2026-02-26T05:44:35.539+0000] {logging_mixin.py:190} INFO - [2026-02-26T05:44:35.539+0000] {dag.py:3239} INFO - Sync 1 DAGs
[2026-02-26T05:44:35.546+0000] {logging_mixin.py:190} INFO - [2026-02-26T05:44:35.546+0000] {dag.py:4180} INFO - Setting next_dagrun for example_dynamic_task_mapping_with_no_taskflow_operators to None, run_after=None
[2026-02-26T05:44:35.561+0000] {processor.py:208} INFO - Processing /home/ubuntu/airflow-venv/lib/python3.12/site-packages/airflow/example_dags/example_dynamic_task_mapping_with_no_taskflow_operators.py took 0.044 seconds
[2026-02-26T06:14:16.534+0000] {processor.py:186} INFO - Started process (PID=2730) to work on /home/ubuntu/airflow-venv/lib/python3.12/site-packages/airflow/example_dags/example_dynamic_task_mapping_with_no_taskflow_operators.py
[2026-02-26T06:14:16.536+0000] {processor.py:914} INFO - Processing file /home/ubuntu/airflow-venv/lib/python3.12/site-packages/airflow/example_dags/example_dynamic_task_mapping_with_no_taskflow_operators.py for tasks to queue
[2026-02-26T06:14:16.538+0000] {logging_mixin.py:190} INFO - [2026-02-26T06:14:16.538+0000] {dagbag.py:588} INFO - Filling up the DagBag from /home/ubuntu/airflow-venv/lib/python3.12/site-packages/airflow/example_dags/example_dynamic_task_mapping_with_no_taskflow_operators.py
[2026-02-26T06:14:16.543+0000] {processor.py:925} INFO - DAG(s) 'example_dynamic_task_mapping_with_no_taskflow_operators' retrieved from /home/ubuntu/airflow-venv/lib/python3.12/site-packages/airflow/example_dags/example_dynamic_task_mapping_with_no_taskflow_operators.py
[2026-02-26T06:14:16.554+0000] {logging_mixin.py:190} INFO - [2026-02-26T06:14:16.554+0000] {dag.py:3239} INFO - Sync 1 DAGs
[2026-02-26T06:14:16.562+0000] {logging_mixin.py:190} INFO - [2026-02-26T06:14:16.562+0000] {dag.py:4180} INFO - Setting next_dagrun for example_dynamic_task_mapping_with_no_taskflow_operators to None, run_after=None
[2026-02-26T06:14:16.579+0000] {processor.py:208} INFO - Processing /home/ubuntu/airflow-venv/lib/python3.12/site-packages/airflow/example_dags/example_dynamic_task_mapping_with_no_taskflow_operators.py took 0.049 seconds
[2026-02-26T06:15:12.012+0000] {processor.py:186} INFO - Started process (PID=2792) to work on /home/ubuntu/airflow-venv/lib/python3.12/site-packages/airflow/example_dags/example_dynamic_task_mapping_with_no_taskflow_operators.py
[2026-02-26T06:15:12.014+0000] {processor.py:914} INFO - Processing file /home/ubuntu/airflow-venv/lib/python3.12/site-packages/airflow/example_dags/example_dynamic_task_mapping_with_no_taskflow_operators.py for tasks to queue
[2026-02-26T06:15:12.015+0000] {logging_mixin.py:190} INFO - [2026-02-26T06:15:12.015+0000] {dagbag.py:588} INFO - Filling up the DagBag from /home/ubuntu/airflow-venv/lib/python3.12/site-packages/airflow/example_dags/example_dynamic_task_mapping_with_no_taskflow_operators.py
[2026-02-26T06:15:12.020+0000] {processor.py:925} INFO - DAG(s) 'example_dynamic_task_mapping_with_no_taskflow_operators' retrieved from /home/ubuntu/airflow-venv/lib/python3.12/site-packages/airflow/example_dags/example_dynamic_task_mapping_with_no_taskflow_operators.py
[2026-02-26T06:15:12.030+0000] {logging_mixin.py:190} INFO - [2026-02-26T06:15:12.030+0000] {dag.py:3239} INFO - Sync 1 DAGs
[2026-02-26T06:15:12.038+0000] {logging_mixin.py:190} INFO - [2026-02-26T06:15:12.038+0000] {dag.py:4180} INFO - Setting next_dagrun for example_dynamic_task_mapping_with_no_taskflow_operators to None, run_after=None
[2026-02-26T06:15:12.055+0000] {processor.py:208} INFO - Processing /home/ubuntu/airflow-venv/lib/python3.12/site-packages/airflow/example_dags/example_dynamic_task_mapping_with_no_taskflow_operators.py took 0.046 seconds
[2026-02-26T06:16:10.015+0000] {processor.py:186} INFO - Started process (PID=2856) to work on /home/ubuntu/airflow-venv/lib/python3.12/site-packages/airflow/example_dags/example_dynamic_task_mapping_with_no_taskflow_operators.py
[2026-02-26T06:16:10.016+0000] {processor.py:914} INFO - Processing file /home/ubuntu/airflow-venv/lib/python3.12/site-packages/airflow/example_dags/example_dynamic_task_mapping_with_no_taskflow_operators.py for tasks to queue
[2026-02-26T06:16:10.017+0000] {logging_mixin.py:190} INFO - [2026-02-26T06:16:10.017+0000] {dagbag.py:588} INFO - Filling up the DagBag from /home/ubuntu/airflow-venv/lib/python3.12/site-packages/airflow/example_dags/example_dynamic_task_mapping_with_no_taskflow_operators.py
[2026-02-26T06:16:10.023+0000] {processor.py:925} INFO - DAG(s) 'example_dynamic_task_mapping_with_no_taskflow_operators' retrieved from /home/ubuntu/airflow-venv/lib/python3.12/site-packages/airflow/example_dags/example_dynamic_task_mapping_with_no_taskflow_operators.py
[2026-02-26T06:16:10.032+0000] {logging_mixin.py:190} INFO - [2026-02-26T06:16:10.032+0000] {dag.py:3239} INFO - Sync 1 DAGs
[2026-02-26T06:16:10.039+0000] {logging_mixin.py:190} INFO - [2026-02-26T06:16:10.039+0000] {dag.py:4180} INFO - Setting next_dagrun for example_dynamic_task_mapping_with_no_taskflow_operators to None, run_after=None
[2026-02-26T06:16:10.056+0000] {processor.py:208} INFO - Processing /home/ubuntu/airflow-venv/lib/python3.12/site-packages/airflow/example_dags/example_dynamic_task_mapping_with_no_taskflow_operators.py took 0.045 seconds
[2026-02-26T06:17:04.213+0000] {processor.py:186} INFO - Started process (PID=2916) to work on /home/ubuntu/airflow-venv/lib/python3.12/site-packages/airflow/example_dags/example_dynamic_task_mapping_with_no_taskflow_operators.py
[2026-02-26T06:17:04.215+0000] {processor.py:914} INFO - Processing file /home/ubuntu/airflow-venv/lib/python3.12/site-packages/airflow/example_dags/example_dynamic_task_mapping_with_no_taskflow_operators.py for tasks to queue
[2026-02-26T06:17:04.216+0000] {logging_mixin.py:190} INFO - [2026-02-26T06:17:04.216+0000] {dagbag.py:588} INFO - Filling up the DagBag from /home/ubuntu/airflow-venv/lib/python3.12/site-packages/airflow/example_dags/example_dynamic_task_mapping_with_no_taskflow_operators.py
[2026-02-26T06:17:04.222+0000] {processor.py:925} INFO - DAG(s) 'example_dynamic_task_mapping_with_no_taskflow_operators' retrieved from /home/ubuntu/airflow-venv/lib/python3.12/site-packages/airflow/example_dags/example_dynamic_task_mapping_with_no_taskflow_operators.py
[2026-02-26T06:17:04.232+0000] {logging_mixin.py:190} INFO - [2026-02-26T06:17:04.232+0000] {dag.py:3239} INFO - Sync 1 DAGs
[2026-02-26T06:17:04.240+0000] {logging_mixin.py:190} INFO - [2026-02-26T06:17:04.240+0000] {dag.py:4180} INFO - Setting next_dagrun for example_dynamic_task_mapping_with_no_taskflow_operators to None, run_after=None
[2026-02-26T06:17:04.256+0000] {processor.py:208} INFO - Processing /home/ubuntu/airflow-venv/lib/python3.12/site-packages/airflow/example_dags/example_dynamic_task_mapping_with_no_taskflow_operators.py took 0.047 seconds
[2026-02-26T06:17:57.813+0000] {processor.py:186} INFO - Started process (PID=2972) to work on /home/ubuntu/airflow-venv/lib/python3.12/site-packages/airflow/example_dags/example_dynamic_task_mapping_with_no_taskflow_operators.py
[2026-02-26T06:17:57.814+0000] {processor.py:914} INFO - Processing file /home/ubuntu/airflow-venv/lib/python3.12/site-packages/airflow/example_dags/example_dynamic_task_mapping_with_no_taskflow_operators.py for tasks to queue
[2026-02-26T06:17:57.815+0000] {logging_mixin.py:190} INFO - [2026-02-26T06:17:57.815+0000] {dagbag.py:588} INFO - Filling up the DagBag from /home/ubuntu/airflow-venv/lib/python3.12/site-packages/airflow/example_dags/example_dynamic_task_mapping_with_no_taskflow_operators.py
[2026-02-26T06:17:57.821+0000] {processor.py:925} INFO - DAG(s) 'example_dynamic_task_mapping_with_no_taskflow_operators' retrieved from /home/ubuntu/airflow-venv/lib/python3.12/site-packages/airflow/example_dags/example_dynamic_task_mapping_with_no_taskflow_operators.py
[2026-02-26T06:17:57.831+0000] {logging_mixin.py:190} INFO - [2026-02-26T06:17:57.830+0000] {dag.py:3239} INFO - Sync 1 DAGs
[2026-02-26T06:17:57.838+0000] {logging_mixin.py:190} INFO - [2026-02-26T06:17:57.838+0000] {dag.py:4180} INFO - Setting next_dagrun for example_dynamic_task_mapping_with_no_taskflow_operators to None, run_after=None
[2026-02-26T06:17:57.855+0000] {processor.py:208} INFO - Processing /home/ubuntu/airflow-venv/lib/python3.12/site-packages/airflow/example_dags/example_dynamic_task_mapping_with_no_taskflow_operators.py took 0.045 seconds
[2026-02-26T06:18:49.831+0000] {processor.py:186} INFO - Started process (PID=3025) to work on /home/ubuntu/airflow-venv/lib/python3.12/site-packages/airflow/example_dags/example_dynamic_task_mapping_with_no_taskflow_operators.py
[2026-02-26T06:18:49.832+0000] {processor.py:914} INFO - Processing file /home/ubuntu/airflow-venv/lib/python3.12/site-packages/airflow/example_dags/example_dynamic_task_mapping_with_no_taskflow_operators.py for tasks to queue
[2026-02-26T06:18:49.833+0000] {logging_mixin.py:190} INFO - [2026-02-26T06:18:49.833+0000] {dagbag.py:588} INFO - Filling up the DagBag from /home/ubuntu/airflow-venv/lib/python3.12/site-packages/airflow/example_dags/example_dynamic_task_mapping_with_no_taskflow_operators.py
[2026-02-26T06:18:49.838+0000] {processor.py:925} INFO - DAG(s) 'example_dynamic_task_mapping_with_no_taskflow_operators' retrieved from /home/ubuntu/airflow-venv/lib/python3.12/site-packages/airflow/example_dags/example_dynamic_task_mapping_with_no_taskflow_operators.py
[2026-02-26T06:18:49.848+0000] {logging_mixin.py:190} INFO - [2026-02-26T06:18:49.848+0000] {dag.py:3239} INFO - Sync 1 DAGs
[2026-02-26T06:18:49.929+0000] {logging_mixin.py:190} INFO - [2026-02-26T06:18:49.928+0000] {dag.py:4180} INFO - Setting next_dagrun for example_dynamic_task_mapping_with_no_taskflow_operators to None, run_after=None
[2026-02-26T06:18:49.945+0000] {processor.py:208} INFO - Processing /home/ubuntu/airflow-venv/lib/python3.12/site-packages/airflow/example_dags/example_dynamic_task_mapping_with_no_taskflow_operators.py took 0.118 seconds
[2026-02-26T06:19:46.815+0000] {processor.py:186} INFO - Started process (PID=3081) to work on /home/ubuntu/airflow-venv/lib/python3.12/site-packages/airflow/example_dags/example_dynamic_task_mapping_with_no_taskflow_operators.py
[2026-02-26T06:19:46.816+0000] {processor.py:914} INFO - Processing file /home/ubuntu/airflow-venv/lib/python3.12/site-packages/airflow/example_dags/example_dynamic_task_mapping_with_no_taskflow_operators.py for tasks to queue
[2026-02-26T06:19:46.818+0000] {logging_mixin.py:190} INFO - [2026-02-26T06:19:46.817+0000] {dagbag.py:588} INFO - Filling up the DagBag from /home/ubuntu/airflow-venv/lib/python3.12/site-packages/airflow/example_dags/example_dynamic_task_mapping_with_no_taskflow_operators.py
[2026-02-26T06:19:46.823+0000] {processor.py:925} INFO - DAG(s) 'example_dynamic_task_mapping_with_no_taskflow_operators' retrieved from /home/ubuntu/airflow-venv/lib/python3.12/site-packages/airflow/example_dags/example_dynamic_task_mapping_with_no_taskflow_operators.py
[2026-02-26T06:19:46.833+0000] {logging_mixin.py:190} INFO - [2026-02-26T06:19:46.833+0000] {dag.py:3239} INFO - Sync 1 DAGs
[2026-02-26T06:19:46.841+0000] {logging_mixin.py:190} INFO - [2026-02-26T06:19:46.841+0000] {dag.py:4180} INFO - Setting next_dagrun for example_dynamic_task_mapping_with_no_taskflow_operators to None, run_after=None
[2026-02-26T06:19:46.858+0000] {processor.py:208} INFO - Processing /home/ubuntu/airflow-venv/lib/python3.12/site-packages/airflow/example_dags/example_dynamic_task_mapping_with_no_taskflow_operators.py took 0.047 seconds
[2026-02-26T06:20:39.575+0000] {processor.py:186} INFO - Started process (PID=3139) to work on /home/ubuntu/airflow-venv/lib/python3.12/site-packages/airflow/example_dags/example_dynamic_task_mapping_with_no_taskflow_operators.py
[2026-02-26T06:20:39.576+0000] {processor.py:914} INFO - Processing file /home/ubuntu/airflow-venv/lib/python3.12/site-packages/airflow/example_dags/example_dynamic_task_mapping_with_no_taskflow_operators.py for tasks to queue
[2026-02-26T06:20:39.578+0000] {logging_mixin.py:190} INFO - [2026-02-26T06:20:39.577+0000] {dagbag.py:588} INFO - Filling up the DagBag from /home/ubuntu/airflow-venv/lib/python3.12/site-packages/airflow/example_dags/example_dynamic_task_mapping_with_no_taskflow_operators.py
[2026-02-26T06:20:39.583+0000] {processor.py:925} INFO - DAG(s) 'example_dynamic_task_mapping_with_no_taskflow_operators' retrieved from /home/ubuntu/airflow-venv/lib/python3.12/site-packages/airflow/example_dags/example_dynamic_task_mapping_with_no_taskflow_operators.py
[2026-02-26T06:20:39.593+0000] {logging_mixin.py:190} INFO - [2026-02-26T06:20:39.593+0000] {dag.py:3239} INFO - Sync 1 DAGs
[2026-02-26T06:20:39.601+0000] {logging_mixin.py:190} INFO - [2026-02-26T06:20:39.601+0000] {dag.py:4180} INFO - Setting next_dagrun for example_dynamic_task_mapping_with_no_taskflow_operators to None, run_after=None
[2026-02-26T06:20:39.619+0000] {processor.py:208} INFO - Processing /home/ubuntu/airflow-venv/lib/python3.12/site-packages/airflow/example_dags/example_dynamic_task_mapping_with_no_taskflow_operators.py took 0.048 seconds
[2026-02-26T06:21:47.785+0000] {processor.py:186} INFO - Started process (PID=3213) to work on /home/ubuntu/airflow-venv/lib/python3.12/site-packages/airflow/example_dags/example_dynamic_task_mapping_with_no_taskflow_operators.py
[2026-02-26T06:21:47.787+0000] {processor.py:914} INFO - Processing file /home/ubuntu/airflow-venv/lib/python3.12/site-packages/airflow/example_dags/example_dynamic_task_mapping_with_no_taskflow_operators.py for tasks to queue
[2026-02-26T06:21:47.788+0000] {logging_mixin.py:190} INFO - [2026-02-26T06:21:47.788+0000] {dagbag.py:588} INFO - Filling up the DagBag from /home/ubuntu/airflow-venv/lib/python3.12/site-packages/airflow/example_dags/example_dynamic_task_mapping_with_no_taskflow_operators.py
[2026-02-26T06:21:47.794+0000] {processor.py:925} INFO - DAG(s) 'example_dynamic_task_mapping_with_no_taskflow_operators' retrieved from /home/ubuntu/airflow-venv/lib/python3.12/site-packages/airflow/example_dags/example_dynamic_task_mapping_with_no_taskflow_operators.py
[2026-02-26T06:21:47.803+0000] {logging_mixin.py:190} INFO - [2026-02-26T06:21:47.803+0000] {dag.py:3239} INFO - Sync 1 DAGs
[2026-02-26T06:21:47.811+0000] {logging_mixin.py:190} INFO - [2026-02-26T06:21:47.811+0000] {dag.py:4180} INFO - Setting next_dagrun for example_dynamic_task_mapping_with_no_taskflow_operators to None, run_after=None
[2026-02-26T06:21:47.828+0000] {processor.py:208} INFO - Processing /home/ubuntu/airflow-venv/lib/python3.12/site-packages/airflow/example_dags/example_dynamic_task_mapping_with_no_taskflow_operators.py took 0.046 seconds
[2026-02-26T06:22:38.865+0000] {processor.py:186} INFO - Started process (PID=3267) to work on /home/ubuntu/airflow-venv/lib/python3.12/site-packages/airflow/example_dags/example_dynamic_task_mapping_with_no_taskflow_operators.py
[2026-02-26T06:22:38.866+0000] {processor.py:914} INFO - Processing file /home/ubuntu/airflow-venv/lib/python3.12/site-packages/airflow/example_dags/example_dynamic_task_mapping_with_no_taskflow_operators.py for tasks to queue
[2026-02-26T06:22:38.867+0000] {logging_mixin.py:190} INFO - [2026-02-26T06:22:38.867+0000] {dagbag.py:588} INFO - Filling up the DagBag from /home/ubuntu/airflow-venv/lib/python3.12/site-packages/airflow/example_dags/example_dynamic_task_mapping_with_no_taskflow_operators.py
[2026-02-26T06:22:38.873+0000] {processor.py:925} INFO - DAG(s) 'example_dynamic_task_mapping_with_no_taskflow_operators' retrieved from /home/ubuntu/airflow-venv/lib/python3.12/site-packages/airflow/example_dags/example_dynamic_task_mapping_with_no_taskflow_operators.py
[2026-02-26T06:22:38.883+0000] {logging_mixin.py:190} INFO - [2026-02-26T06:22:38.883+0000] {dag.py:3239} INFO - Sync 1 DAGs
[2026-02-26T06:22:38.891+0000] {logging_mixin.py:190} INFO - [2026-02-26T06:22:38.891+0000] {dag.py:4180} INFO - Setting next_dagrun for example_dynamic_task_mapping_with_no_taskflow_operators to None, run_after=None
[2026-02-26T06:22:38.907+0000] {processor.py:208} INFO - Processing /home/ubuntu/airflow-venv/lib/python3.12/site-packages/airflow/example_dags/example_dynamic_task_mapping_with_no_taskflow_operators.py took 0.046 seconds
[2026-02-26T06:23:30.727+0000] {processor.py:186} INFO - Started process (PID=3321) to work on /home/ubuntu/airflow-venv/lib/python3.12/site-packages/airflow/example_dags/example_dynamic_task_mapping_with_no_taskflow_operators.py
[2026-02-26T06:23:30.729+0000] {processor.py:914} INFO - Processing file /home/ubuntu/airflow-venv/lib/python3.12/site-packages/airflow/example_dags/example_dynamic_task_mapping_with_no_taskflow_operators.py for tasks to queue
[2026-02-26T06:23:30.730+0000] {logging_mixin.py:190} INFO - [2026-02-26T06:23:30.730+0000] {dagbag.py:588} INFO - Filling up the DagBag from /home/ubuntu/airflow-venv/lib/python3.12/site-packages/airflow/example_dags/example_dynamic_task_mapping_with_no_taskflow_operators.py
[2026-02-26T06:23:30.736+0000] {processor.py:925} INFO - DAG(s) 'example_dynamic_task_mapping_with_no_taskflow_operators' retrieved from /home/ubuntu/airflow-venv/lib/python3.12/site-packages/airflow/example_dags/example_dynamic_task_mapping_with_no_taskflow_operators.py
[2026-02-26T06:23:30.746+0000] {logging_mixin.py:190} INFO - [2026-02-26T06:23:30.746+0000] {dag.py:3239} INFO - Sync 1 DAGs
[2026-02-26T06:23:30.754+0000] {logging_mixin.py:190} INFO - [2026-02-26T06:23:30.754+0000] {dag.py:4180} INFO - Setting next_dagrun for example_dynamic_task_mapping_with_no_taskflow_operators to None, run_after=None
[2026-02-26T06:23:30.771+0000] {processor.py:208} INFO - Processing /home/ubuntu/airflow-venv/lib/python3.12/site-packages/airflow/example_dags/example_dynamic_task_mapping_with_no_taskflow_operators.py took 0.048 seconds
[2026-02-26T06:24:24.148+0000] {processor.py:186} INFO - Started process (PID=3375) to work on /home/ubuntu/airflow-venv/lib/python3.12/site-packages/airflow/example_dags/example_dynamic_task_mapping_with_no_taskflow_operators.py
[2026-02-26T06:24:24.149+0000] {processor.py:914} INFO - Processing file /home/ubuntu/airflow-venv/lib/python3.12/site-packages/airflow/example_dags/example_dynamic_task_mapping_with_no_taskflow_operators.py for tasks to queue
[2026-02-26T06:24:24.151+0000] {logging_mixin.py:190} INFO - [2026-02-26T06:24:24.150+0000] {dagbag.py:588} INFO - Filling up the DagBag from /home/ubuntu/airflow-venv/lib/python3.12/site-packages/airflow/example_dags/example_dynamic_task_mapping_with_no_taskflow_operators.py
[2026-02-26T06:24:24.156+0000] {processor.py:925} INFO - DAG(s) 'example_dynamic_task_mapping_with_no_taskflow_operators' retrieved from /home/ubuntu/airflow-venv/lib/python3.12/site-packages/airflow/example_dags/example_dynamic_task_mapping_with_no_taskflow_operators.py
[2026-02-26T06:24:24.166+0000] {logging_mixin.py:190} INFO - [2026-02-26T06:24:24.166+0000] {dag.py:3239} INFO - Sync 1 DAGs
[2026-02-26T06:24:24.174+0000] {logging_mixin.py:190} INFO - [2026-02-26T06:24:24.174+0000] {dag.py:4180} INFO - Setting next_dagrun for example_dynamic_task_mapping_with_no_taskflow_operators to None, run_after=None
[2026-02-26T06:24:24.190+0000] {processor.py:208} INFO - Processing /home/ubuntu/airflow-venv/lib/python3.12/site-packages/airflow/example_dags/example_dynamic_task_mapping_with_no_taskflow_operators.py took 0.045 seconds
