[2026-02-26T05:22:58.328+0000] {processor.py:186} INFO - Started process (PID=2145) to work on /home/ubuntu/airflow-venv/lib/python3.12/site-packages/airflow/example_dags/example_params_ui_tutorial.py
[2026-02-26T05:22:58.329+0000] {processor.py:914} INFO - Processing file /home/ubuntu/airflow-venv/lib/python3.12/site-packages/airflow/example_dags/example_params_ui_tutorial.py for tasks to queue
[2026-02-26T05:22:58.330+0000] {logging_mixin.py:190} INFO - [2026-02-26T05:22:58.330+0000] {dagbag.py:588} INFO - Filling up the DagBag from /home/ubuntu/airflow-venv/lib/python3.12/site-packages/airflow/example_dags/example_params_ui_tutorial.py
[2026-02-26T05:22:58.335+0000] {processor.py:925} INFO - DAG(s) 'example_params_ui_tutorial' retrieved from /home/ubuntu/airflow-venv/lib/python3.12/site-packages/airflow/example_dags/example_params_ui_tutorial.py
[2026-02-26T05:22:58.414+0000] {logging_mixin.py:190} INFO - [2026-02-26T05:22:58.413+0000] {dag.py:3239} INFO - Sync 1 DAGs
[2026-02-26T05:22:58.419+0000] {logging_mixin.py:190} INFO - [2026-02-26T05:22:58.419+0000] {dag.py:4180} INFO - Setting next_dagrun for example_params_ui_tutorial to None, run_after=None
[2026-02-26T05:22:58.435+0000] {processor.py:208} INFO - Processing /home/ubuntu/airflow-venv/lib/python3.12/site-packages/airflow/example_dags/example_params_ui_tutorial.py took 0.110 seconds
[2026-02-26T05:23:52.603+0000] {processor.py:186} INFO - Started process (PID=2202) to work on /home/ubuntu/airflow-venv/lib/python3.12/site-packages/airflow/example_dags/example_params_ui_tutorial.py
[2026-02-26T05:23:52.604+0000] {processor.py:914} INFO - Processing file /home/ubuntu/airflow-venv/lib/python3.12/site-packages/airflow/example_dags/example_params_ui_tutorial.py for tasks to queue
[2026-02-26T05:23:52.605+0000] {logging_mixin.py:190} INFO - [2026-02-26T05:23:52.605+0000] {dagbag.py:588} INFO - Filling up the DagBag from /home/ubuntu/airflow-venv/lib/python3.12/site-packages/airflow/example_dags/example_params_ui_tutorial.py
[2026-02-26T05:23:52.611+0000] {processor.py:925} INFO - DAG(s) 'example_params_ui_tutorial' retrieved from /home/ubuntu/airflow-venv/lib/python3.12/site-packages/airflow/example_dags/example_params_ui_tutorial.py
[2026-02-26T05:23:52.633+0000] {logging_mixin.py:190} INFO - [2026-02-26T05:23:52.632+0000] {dag.py:3239} INFO - Sync 1 DAGs
[2026-02-26T05:23:52.640+0000] {logging_mixin.py:190} INFO - [2026-02-26T05:23:52.640+0000] {dag.py:4180} INFO - Setting next_dagrun for example_params_ui_tutorial to None, run_after=None
[2026-02-26T05:23:52.656+0000] {processor.py:208} INFO - Processing /home/ubuntu/airflow-venv/lib/python3.12/site-packages/airflow/example_dags/example_params_ui_tutorial.py took 0.056 seconds
[2026-02-26T05:24:47.643+0000] {processor.py:186} INFO - Started process (PID=2259) to work on /home/ubuntu/airflow-venv/lib/python3.12/site-packages/airflow/example_dags/example_params_ui_tutorial.py
[2026-02-26T05:24:47.644+0000] {processor.py:914} INFO - Processing file /home/ubuntu/airflow-venv/lib/python3.12/site-packages/airflow/example_dags/example_params_ui_tutorial.py for tasks to queue
[2026-02-26T05:24:47.645+0000] {logging_mixin.py:190} INFO - [2026-02-26T05:24:47.645+0000] {dagbag.py:588} INFO - Filling up the DagBag from /home/ubuntu/airflow-venv/lib/python3.12/site-packages/airflow/example_dags/example_params_ui_tutorial.py
[2026-02-26T05:24:47.651+0000] {processor.py:925} INFO - DAG(s) 'example_params_ui_tutorial' retrieved from /home/ubuntu/airflow-venv/lib/python3.12/site-packages/airflow/example_dags/example_params_ui_tutorial.py
[2026-02-26T05:24:47.673+0000] {logging_mixin.py:190} INFO - [2026-02-26T05:24:47.672+0000] {dag.py:3239} INFO - Sync 1 DAGs
[2026-02-26T05:24:47.679+0000] {logging_mixin.py:190} INFO - [2026-02-26T05:24:47.679+0000] {dag.py:4180} INFO - Setting next_dagrun for example_params_ui_tutorial to None, run_after=None
[2026-02-26T05:24:47.695+0000] {processor.py:208} INFO - Processing /home/ubuntu/airflow-venv/lib/python3.12/site-packages/airflow/example_dags/example_params_ui_tutorial.py took 0.055 seconds
[2026-02-26T05:25:37.544+0000] {processor.py:186} INFO - Started process (PID=2324) to work on /home/ubuntu/airflow-venv/lib/python3.12/site-packages/airflow/example_dags/example_params_ui_tutorial.py
[2026-02-26T05:25:37.545+0000] {processor.py:914} INFO - Processing file /home/ubuntu/airflow-venv/lib/python3.12/site-packages/airflow/example_dags/example_params_ui_tutorial.py for tasks to queue
[2026-02-26T05:25:37.546+0000] {logging_mixin.py:190} INFO - [2026-02-26T05:25:37.546+0000] {dagbag.py:588} INFO - Filling up the DagBag from /home/ubuntu/airflow-venv/lib/python3.12/site-packages/airflow/example_dags/example_params_ui_tutorial.py
[2026-02-26T05:25:37.551+0000] {processor.py:925} INFO - DAG(s) 'example_params_ui_tutorial' retrieved from /home/ubuntu/airflow-venv/lib/python3.12/site-packages/airflow/example_dags/example_params_ui_tutorial.py
[2026-02-26T05:25:37.573+0000] {logging_mixin.py:190} INFO - [2026-02-26T05:25:37.573+0000] {dag.py:3239} INFO - Sync 1 DAGs
[2026-02-26T05:25:37.580+0000] {logging_mixin.py:190} INFO - [2026-02-26T05:25:37.580+0000] {dag.py:4180} INFO - Setting next_dagrun for example_params_ui_tutorial to None, run_after=None
[2026-02-26T05:25:37.596+0000] {processor.py:208} INFO - Processing /home/ubuntu/airflow-venv/lib/python3.12/site-packages/airflow/example_dags/example_params_ui_tutorial.py took 0.055 seconds
[2026-02-26T05:26:28.883+0000] {processor.py:186} INFO - Started process (PID=2384) to work on /home/ubuntu/airflow-venv/lib/python3.12/site-packages/airflow/example_dags/example_params_ui_tutorial.py
[2026-02-26T05:26:28.884+0000] {processor.py:914} INFO - Processing file /home/ubuntu/airflow-venv/lib/python3.12/site-packages/airflow/example_dags/example_params_ui_tutorial.py for tasks to queue
[2026-02-26T05:26:28.885+0000] {logging_mixin.py:190} INFO - [2026-02-26T05:26:28.885+0000] {dagbag.py:588} INFO - Filling up the DagBag from /home/ubuntu/airflow-venv/lib/python3.12/site-packages/airflow/example_dags/example_params_ui_tutorial.py
[2026-02-26T05:26:28.891+0000] {processor.py:925} INFO - DAG(s) 'example_params_ui_tutorial' retrieved from /home/ubuntu/airflow-venv/lib/python3.12/site-packages/airflow/example_dags/example_params_ui_tutorial.py
[2026-02-26T05:26:28.912+0000] {logging_mixin.py:190} INFO - [2026-02-26T05:26:28.912+0000] {dag.py:3239} INFO - Sync 1 DAGs
[2026-02-26T05:26:28.919+0000] {logging_mixin.py:190} INFO - [2026-02-26T05:26:28.919+0000] {dag.py:4180} INFO - Setting next_dagrun for example_params_ui_tutorial to None, run_after=None
[2026-02-26T05:26:28.936+0000] {processor.py:208} INFO - Processing /home/ubuntu/airflow-venv/lib/python3.12/site-packages/airflow/example_dags/example_params_ui_tutorial.py took 0.057 seconds
[2026-02-26T05:27:16.854+0000] {processor.py:186} INFO - Started process (PID=2801) to work on /home/ubuntu/airflow-venv/lib/python3.12/site-packages/airflow/example_dags/example_params_ui_tutorial.py
[2026-02-26T05:27:16.856+0000] {processor.py:914} INFO - Processing file /home/ubuntu/airflow-venv/lib/python3.12/site-packages/airflow/example_dags/example_params_ui_tutorial.py for tasks to queue
[2026-02-26T05:27:16.857+0000] {logging_mixin.py:190} INFO - [2026-02-26T05:27:16.857+0000] {dagbag.py:588} INFO - Filling up the DagBag from /home/ubuntu/airflow-venv/lib/python3.12/site-packages/airflow/example_dags/example_params_ui_tutorial.py
[2026-02-26T05:27:16.862+0000] {processor.py:925} INFO - DAG(s) 'example_params_ui_tutorial' retrieved from /home/ubuntu/airflow-venv/lib/python3.12/site-packages/airflow/example_dags/example_params_ui_tutorial.py
[2026-02-26T05:27:16.883+0000] {logging_mixin.py:190} INFO - [2026-02-26T05:27:16.883+0000] {dag.py:3239} INFO - Sync 1 DAGs
[2026-02-26T05:27:16.890+0000] {logging_mixin.py:190} INFO - [2026-02-26T05:27:16.890+0000] {dag.py:4180} INFO - Setting next_dagrun for example_params_ui_tutorial to None, run_after=None
[2026-02-26T05:27:16.905+0000] {processor.py:208} INFO - Processing /home/ubuntu/airflow-venv/lib/python3.12/site-packages/airflow/example_dags/example_params_ui_tutorial.py took 0.054 seconds
[2026-02-26T05:28:07.002+0000] {processor.py:186} INFO - Started process (PID=2853) to work on /home/ubuntu/airflow-venv/lib/python3.12/site-packages/airflow/example_dags/example_params_ui_tutorial.py
[2026-02-26T05:28:07.004+0000] {processor.py:914} INFO - Processing file /home/ubuntu/airflow-venv/lib/python3.12/site-packages/airflow/example_dags/example_params_ui_tutorial.py for tasks to queue
[2026-02-26T05:28:07.005+0000] {logging_mixin.py:190} INFO - [2026-02-26T05:28:07.005+0000] {dagbag.py:588} INFO - Filling up the DagBag from /home/ubuntu/airflow-venv/lib/python3.12/site-packages/airflow/example_dags/example_params_ui_tutorial.py
[2026-02-26T05:28:07.010+0000] {processor.py:925} INFO - DAG(s) 'example_params_ui_tutorial' retrieved from /home/ubuntu/airflow-venv/lib/python3.12/site-packages/airflow/example_dags/example_params_ui_tutorial.py
[2026-02-26T05:28:07.033+0000] {logging_mixin.py:190} INFO - [2026-02-26T05:28:07.033+0000] {dag.py:3239} INFO - Sync 1 DAGs
[2026-02-26T05:28:07.111+0000] {logging_mixin.py:190} INFO - [2026-02-26T05:28:07.110+0000] {dag.py:4180} INFO - Setting next_dagrun for example_params_ui_tutorial to None, run_after=None
[2026-02-26T05:28:07.126+0000] {processor.py:208} INFO - Processing /home/ubuntu/airflow-venv/lib/python3.12/site-packages/airflow/example_dags/example_params_ui_tutorial.py took 0.127 seconds
[2026-02-26T05:29:00.063+0000] {processor.py:186} INFO - Started process (PID=2908) to work on /home/ubuntu/airflow-venv/lib/python3.12/site-packages/airflow/example_dags/example_params_ui_tutorial.py
[2026-02-26T05:29:00.064+0000] {processor.py:914} INFO - Processing file /home/ubuntu/airflow-venv/lib/python3.12/site-packages/airflow/example_dags/example_params_ui_tutorial.py for tasks to queue
[2026-02-26T05:29:00.065+0000] {logging_mixin.py:190} INFO - [2026-02-26T05:29:00.065+0000] {dagbag.py:588} INFO - Filling up the DagBag from /home/ubuntu/airflow-venv/lib/python3.12/site-packages/airflow/example_dags/example_params_ui_tutorial.py
[2026-02-26T05:29:00.071+0000] {processor.py:925} INFO - DAG(s) 'example_params_ui_tutorial' retrieved from /home/ubuntu/airflow-venv/lib/python3.12/site-packages/airflow/example_dags/example_params_ui_tutorial.py
[2026-02-26T05:29:00.093+0000] {logging_mixin.py:190} INFO - [2026-02-26T05:29:00.093+0000] {dag.py:3239} INFO - Sync 1 DAGs
[2026-02-26T05:29:00.100+0000] {logging_mixin.py:190} INFO - [2026-02-26T05:29:00.100+0000] {dag.py:4180} INFO - Setting next_dagrun for example_params_ui_tutorial to None, run_after=None
[2026-02-26T05:29:00.117+0000] {processor.py:208} INFO - Processing /home/ubuntu/airflow-venv/lib/python3.12/site-packages/airflow/example_dags/example_params_ui_tutorial.py took 0.058 seconds
[2026-02-26T05:29:51.360+0000] {processor.py:186} INFO - Started process (PID=2960) to work on /home/ubuntu/airflow-venv/lib/python3.12/site-packages/airflow/example_dags/example_params_ui_tutorial.py
[2026-02-26T05:29:51.361+0000] {processor.py:914} INFO - Processing file /home/ubuntu/airflow-venv/lib/python3.12/site-packages/airflow/example_dags/example_params_ui_tutorial.py for tasks to queue
[2026-02-26T05:29:51.363+0000] {logging_mixin.py:190} INFO - [2026-02-26T05:29:51.363+0000] {dagbag.py:588} INFO - Filling up the DagBag from /home/ubuntu/airflow-venv/lib/python3.12/site-packages/airflow/example_dags/example_params_ui_tutorial.py
[2026-02-26T05:29:51.369+0000] {processor.py:925} INFO - DAG(s) 'example_params_ui_tutorial' retrieved from /home/ubuntu/airflow-venv/lib/python3.12/site-packages/airflow/example_dags/example_params_ui_tutorial.py
[2026-02-26T05:29:51.391+0000] {logging_mixin.py:190} INFO - [2026-02-26T05:29:51.391+0000] {dag.py:3239} INFO - Sync 1 DAGs
[2026-02-26T05:29:51.399+0000] {logging_mixin.py:190} INFO - [2026-02-26T05:29:51.399+0000] {dag.py:4180} INFO - Setting next_dagrun for example_params_ui_tutorial to None, run_after=None
[2026-02-26T05:29:51.415+0000] {processor.py:208} INFO - Processing /home/ubuntu/airflow-venv/lib/python3.12/site-packages/airflow/example_dags/example_params_ui_tutorial.py took 0.059 seconds
[2026-02-26T05:30:43.879+0000] {processor.py:186} INFO - Started process (PID=3019) to work on /home/ubuntu/airflow-venv/lib/python3.12/site-packages/airflow/example_dags/example_params_ui_tutorial.py
[2026-02-26T05:30:43.880+0000] {processor.py:914} INFO - Processing file /home/ubuntu/airflow-venv/lib/python3.12/site-packages/airflow/example_dags/example_params_ui_tutorial.py for tasks to queue
[2026-02-26T05:30:43.881+0000] {logging_mixin.py:190} INFO - [2026-02-26T05:30:43.881+0000] {dagbag.py:588} INFO - Filling up the DagBag from /home/ubuntu/airflow-venv/lib/python3.12/site-packages/airflow/example_dags/example_params_ui_tutorial.py
[2026-02-26T05:30:43.887+0000] {processor.py:925} INFO - DAG(s) 'example_params_ui_tutorial' retrieved from /home/ubuntu/airflow-venv/lib/python3.12/site-packages/airflow/example_dags/example_params_ui_tutorial.py
[2026-02-26T05:30:43.909+0000] {logging_mixin.py:190} INFO - [2026-02-26T05:30:43.909+0000] {dag.py:3239} INFO - Sync 1 DAGs
[2026-02-26T05:30:43.917+0000] {logging_mixin.py:190} INFO - [2026-02-26T05:30:43.917+0000] {dag.py:4180} INFO - Setting next_dagrun for example_params_ui_tutorial to None, run_after=None
[2026-02-26T05:30:43.933+0000] {processor.py:208} INFO - Processing /home/ubuntu/airflow-venv/lib/python3.12/site-packages/airflow/example_dags/example_params_ui_tutorial.py took 0.058 seconds
[2026-02-26T05:31:35.187+0000] {processor.py:186} INFO - Started process (PID=3072) to work on /home/ubuntu/airflow-venv/lib/python3.12/site-packages/airflow/example_dags/example_params_ui_tutorial.py
[2026-02-26T05:31:35.189+0000] {processor.py:914} INFO - Processing file /home/ubuntu/airflow-venv/lib/python3.12/site-packages/airflow/example_dags/example_params_ui_tutorial.py for tasks to queue
[2026-02-26T05:31:35.190+0000] {logging_mixin.py:190} INFO - [2026-02-26T05:31:35.190+0000] {dagbag.py:588} INFO - Filling up the DagBag from /home/ubuntu/airflow-venv/lib/python3.12/site-packages/airflow/example_dags/example_params_ui_tutorial.py
[2026-02-26T05:31:35.196+0000] {processor.py:925} INFO - DAG(s) 'example_params_ui_tutorial' retrieved from /home/ubuntu/airflow-venv/lib/python3.12/site-packages/airflow/example_dags/example_params_ui_tutorial.py
[2026-02-26T05:31:35.218+0000] {logging_mixin.py:190} INFO - [2026-02-26T05:31:35.218+0000] {dag.py:3239} INFO - Sync 1 DAGs
[2026-02-26T05:31:35.225+0000] {logging_mixin.py:190} INFO - [2026-02-26T05:31:35.225+0000] {dag.py:4180} INFO - Setting next_dagrun for example_params_ui_tutorial to None, run_after=None
[2026-02-26T05:31:35.241+0000] {processor.py:208} INFO - Processing /home/ubuntu/airflow-venv/lib/python3.12/site-packages/airflow/example_dags/example_params_ui_tutorial.py took 0.057 seconds
[2026-02-26T05:32:26.823+0000] {processor.py:186} INFO - Started process (PID=3125) to work on /home/ubuntu/airflow-venv/lib/python3.12/site-packages/airflow/example_dags/example_params_ui_tutorial.py
[2026-02-26T05:32:26.824+0000] {processor.py:914} INFO - Processing file /home/ubuntu/airflow-venv/lib/python3.12/site-packages/airflow/example_dags/example_params_ui_tutorial.py for tasks to queue
[2026-02-26T05:32:26.825+0000] {logging_mixin.py:190} INFO - [2026-02-26T05:32:26.825+0000] {dagbag.py:588} INFO - Filling up the DagBag from /home/ubuntu/airflow-venv/lib/python3.12/site-packages/airflow/example_dags/example_params_ui_tutorial.py
[2026-02-26T05:32:26.831+0000] {processor.py:925} INFO - DAG(s) 'example_params_ui_tutorial' retrieved from /home/ubuntu/airflow-venv/lib/python3.12/site-packages/airflow/example_dags/example_params_ui_tutorial.py
[2026-02-26T05:32:26.854+0000] {logging_mixin.py:190} INFO - [2026-02-26T05:32:26.854+0000] {dag.py:3239} INFO - Sync 1 DAGs
[2026-02-26T05:32:26.861+0000] {logging_mixin.py:190} INFO - [2026-02-26T05:32:26.861+0000] {dag.py:4180} INFO - Setting next_dagrun for example_params_ui_tutorial to None, run_after=None
[2026-02-26T05:32:26.878+0000] {processor.py:208} INFO - Processing /home/ubuntu/airflow-venv/lib/python3.12/site-packages/airflow/example_dags/example_params_ui_tutorial.py took 0.058 seconds
[2026-02-26T05:33:16.138+0000] {processor.py:186} INFO - Started process (PID=3176) to work on /home/ubuntu/airflow-venv/lib/python3.12/site-packages/airflow/example_dags/example_params_ui_tutorial.py
[2026-02-26T05:33:16.139+0000] {processor.py:914} INFO - Processing file /home/ubuntu/airflow-venv/lib/python3.12/site-packages/airflow/example_dags/example_params_ui_tutorial.py for tasks to queue
[2026-02-26T05:33:16.141+0000] {logging_mixin.py:190} INFO - [2026-02-26T05:33:16.140+0000] {dagbag.py:588} INFO - Filling up the DagBag from /home/ubuntu/airflow-venv/lib/python3.12/site-packages/airflow/example_dags/example_params_ui_tutorial.py
[2026-02-26T05:33:16.146+0000] {processor.py:925} INFO - DAG(s) 'example_params_ui_tutorial' retrieved from /home/ubuntu/airflow-venv/lib/python3.12/site-packages/airflow/example_dags/example_params_ui_tutorial.py
[2026-02-26T05:33:16.168+0000] {logging_mixin.py:190} INFO - [2026-02-26T05:33:16.168+0000] {dag.py:3239} INFO - Sync 1 DAGs
[2026-02-26T05:33:16.175+0000] {logging_mixin.py:190} INFO - [2026-02-26T05:33:16.175+0000] {dag.py:4180} INFO - Setting next_dagrun for example_params_ui_tutorial to None, run_after=None
[2026-02-26T05:33:16.191+0000] {processor.py:208} INFO - Processing /home/ubuntu/airflow-venv/lib/python3.12/site-packages/airflow/example_dags/example_params_ui_tutorial.py took 0.056 seconds
[2026-02-26T05:34:06.099+0000] {processor.py:186} INFO - Started process (PID=3232) to work on /home/ubuntu/airflow-venv/lib/python3.12/site-packages/airflow/example_dags/example_params_ui_tutorial.py
[2026-02-26T05:34:06.100+0000] {processor.py:914} INFO - Processing file /home/ubuntu/airflow-venv/lib/python3.12/site-packages/airflow/example_dags/example_params_ui_tutorial.py for tasks to queue
[2026-02-26T05:34:06.101+0000] {logging_mixin.py:190} INFO - [2026-02-26T05:34:06.101+0000] {dagbag.py:588} INFO - Filling up the DagBag from /home/ubuntu/airflow-venv/lib/python3.12/site-packages/airflow/example_dags/example_params_ui_tutorial.py
[2026-02-26T05:34:06.107+0000] {processor.py:925} INFO - DAG(s) 'example_params_ui_tutorial' retrieved from /home/ubuntu/airflow-venv/lib/python3.12/site-packages/airflow/example_dags/example_params_ui_tutorial.py
[2026-02-26T05:34:06.130+0000] {logging_mixin.py:190} INFO - [2026-02-26T05:34:06.130+0000] {dag.py:3239} INFO - Sync 1 DAGs
[2026-02-26T05:34:06.137+0000] {logging_mixin.py:190} INFO - [2026-02-26T05:34:06.137+0000] {dag.py:4180} INFO - Setting next_dagrun for example_params_ui_tutorial to None, run_after=None
[2026-02-26T05:34:06.154+0000] {processor.py:208} INFO - Processing /home/ubuntu/airflow-venv/lib/python3.12/site-packages/airflow/example_dags/example_params_ui_tutorial.py took 0.059 seconds
[2026-02-26T05:34:54.311+0000] {processor.py:186} INFO - Started process (PID=3285) to work on /home/ubuntu/airflow-venv/lib/python3.12/site-packages/airflow/example_dags/example_params_ui_tutorial.py
[2026-02-26T05:34:54.312+0000] {processor.py:914} INFO - Processing file /home/ubuntu/airflow-venv/lib/python3.12/site-packages/airflow/example_dags/example_params_ui_tutorial.py for tasks to queue
[2026-02-26T05:34:54.314+0000] {logging_mixin.py:190} INFO - [2026-02-26T05:34:54.314+0000] {dagbag.py:588} INFO - Filling up the DagBag from /home/ubuntu/airflow-venv/lib/python3.12/site-packages/airflow/example_dags/example_params_ui_tutorial.py
[2026-02-26T05:34:54.319+0000] {processor.py:925} INFO - DAG(s) 'example_params_ui_tutorial' retrieved from /home/ubuntu/airflow-venv/lib/python3.12/site-packages/airflow/example_dags/example_params_ui_tutorial.py
[2026-02-26T05:34:54.342+0000] {logging_mixin.py:190} INFO - [2026-02-26T05:34:54.341+0000] {dag.py:3239} INFO - Sync 1 DAGs
[2026-02-26T05:34:54.349+0000] {logging_mixin.py:190} INFO - [2026-02-26T05:34:54.349+0000] {dag.py:4180} INFO - Setting next_dagrun for example_params_ui_tutorial to None, run_after=None
[2026-02-26T05:34:54.365+0000] {processor.py:208} INFO - Processing /home/ubuntu/airflow-venv/lib/python3.12/site-packages/airflow/example_dags/example_params_ui_tutorial.py took 0.057 seconds
[2026-02-26T05:35:46.763+0000] {processor.py:186} INFO - Started process (PID=3345) to work on /home/ubuntu/airflow-venv/lib/python3.12/site-packages/airflow/example_dags/example_params_ui_tutorial.py
[2026-02-26T05:35:46.764+0000] {processor.py:914} INFO - Processing file /home/ubuntu/airflow-venv/lib/python3.12/site-packages/airflow/example_dags/example_params_ui_tutorial.py for tasks to queue
[2026-02-26T05:35:46.765+0000] {logging_mixin.py:190} INFO - [2026-02-26T05:35:46.765+0000] {dagbag.py:588} INFO - Filling up the DagBag from /home/ubuntu/airflow-venv/lib/python3.12/site-packages/airflow/example_dags/example_params_ui_tutorial.py
[2026-02-26T05:35:46.772+0000] {processor.py:925} INFO - DAG(s) 'example_params_ui_tutorial' retrieved from /home/ubuntu/airflow-venv/lib/python3.12/site-packages/airflow/example_dags/example_params_ui_tutorial.py
[2026-02-26T05:35:46.794+0000] {logging_mixin.py:190} INFO - [2026-02-26T05:35:46.794+0000] {dag.py:3239} INFO - Sync 1 DAGs
[2026-02-26T05:35:46.801+0000] {logging_mixin.py:190} INFO - [2026-02-26T05:35:46.801+0000] {dag.py:4180} INFO - Setting next_dagrun for example_params_ui_tutorial to None, run_after=None
[2026-02-26T05:35:46.816+0000] {processor.py:208} INFO - Processing /home/ubuntu/airflow-venv/lib/python3.12/site-packages/airflow/example_dags/example_params_ui_tutorial.py took 0.057 seconds
[2026-02-26T05:36:39.265+0000] {processor.py:186} INFO - Started process (PID=3403) to work on /home/ubuntu/airflow-venv/lib/python3.12/site-packages/airflow/example_dags/example_params_ui_tutorial.py
[2026-02-26T05:36:39.266+0000] {processor.py:914} INFO - Processing file /home/ubuntu/airflow-venv/lib/python3.12/site-packages/airflow/example_dags/example_params_ui_tutorial.py for tasks to queue
[2026-02-26T05:36:39.268+0000] {logging_mixin.py:190} INFO - [2026-02-26T05:36:39.268+0000] {dagbag.py:588} INFO - Filling up the DagBag from /home/ubuntu/airflow-venv/lib/python3.12/site-packages/airflow/example_dags/example_params_ui_tutorial.py
[2026-02-26T05:36:39.274+0000] {processor.py:925} INFO - DAG(s) 'example_params_ui_tutorial' retrieved from /home/ubuntu/airflow-venv/lib/python3.12/site-packages/airflow/example_dags/example_params_ui_tutorial.py
[2026-02-26T05:36:39.296+0000] {logging_mixin.py:190} INFO - [2026-02-26T05:36:39.296+0000] {dag.py:3239} INFO - Sync 1 DAGs
[2026-02-26T05:36:39.304+0000] {logging_mixin.py:190} INFO - [2026-02-26T05:36:39.304+0000] {dag.py:4180} INFO - Setting next_dagrun for example_params_ui_tutorial to None, run_after=None
[2026-02-26T05:36:39.320+0000] {processor.py:208} INFO - Processing /home/ubuntu/airflow-venv/lib/python3.12/site-packages/airflow/example_dags/example_params_ui_tutorial.py took 0.058 seconds
[2026-02-26T05:37:28.310+0000] {processor.py:186} INFO - Started process (PID=3455) to work on /home/ubuntu/airflow-venv/lib/python3.12/site-packages/airflow/example_dags/example_params_ui_tutorial.py
[2026-02-26T05:37:28.311+0000] {processor.py:914} INFO - Processing file /home/ubuntu/airflow-venv/lib/python3.12/site-packages/airflow/example_dags/example_params_ui_tutorial.py for tasks to queue
[2026-02-26T05:37:28.313+0000] {logging_mixin.py:190} INFO - [2026-02-26T05:37:28.312+0000] {dagbag.py:588} INFO - Filling up the DagBag from /home/ubuntu/airflow-venv/lib/python3.12/site-packages/airflow/example_dags/example_params_ui_tutorial.py
[2026-02-26T05:37:28.318+0000] {processor.py:925} INFO - DAG(s) 'example_params_ui_tutorial' retrieved from /home/ubuntu/airflow-venv/lib/python3.12/site-packages/airflow/example_dags/example_params_ui_tutorial.py
[2026-02-26T05:37:28.341+0000] {logging_mixin.py:190} INFO - [2026-02-26T05:37:28.340+0000] {dag.py:3239} INFO - Sync 1 DAGs
[2026-02-26T05:37:28.348+0000] {logging_mixin.py:190} INFO - [2026-02-26T05:37:28.348+0000] {dag.py:4180} INFO - Setting next_dagrun for example_params_ui_tutorial to None, run_after=None
[2026-02-26T05:37:28.364+0000] {processor.py:208} INFO - Processing /home/ubuntu/airflow-venv/lib/python3.12/site-packages/airflow/example_dags/example_params_ui_tutorial.py took 0.058 seconds
[2026-02-26T05:38:16.753+0000] {processor.py:186} INFO - Started process (PID=3505) to work on /home/ubuntu/airflow-venv/lib/python3.12/site-packages/airflow/example_dags/example_params_ui_tutorial.py
[2026-02-26T05:38:16.754+0000] {processor.py:914} INFO - Processing file /home/ubuntu/airflow-venv/lib/python3.12/site-packages/airflow/example_dags/example_params_ui_tutorial.py for tasks to queue
[2026-02-26T05:38:16.755+0000] {logging_mixin.py:190} INFO - [2026-02-26T05:38:16.755+0000] {dagbag.py:588} INFO - Filling up the DagBag from /home/ubuntu/airflow-venv/lib/python3.12/site-packages/airflow/example_dags/example_params_ui_tutorial.py
[2026-02-26T05:38:16.761+0000] {processor.py:925} INFO - DAG(s) 'example_params_ui_tutorial' retrieved from /home/ubuntu/airflow-venv/lib/python3.12/site-packages/airflow/example_dags/example_params_ui_tutorial.py
[2026-02-26T05:38:16.783+0000] {logging_mixin.py:190} INFO - [2026-02-26T05:38:16.783+0000] {dag.py:3239} INFO - Sync 1 DAGs
[2026-02-26T05:38:16.791+0000] {logging_mixin.py:190} INFO - [2026-02-26T05:38:16.791+0000] {dag.py:4180} INFO - Setting next_dagrun for example_params_ui_tutorial to None, run_after=None
[2026-02-26T05:38:16.807+0000] {processor.py:208} INFO - Processing /home/ubuntu/airflow-venv/lib/python3.12/site-packages/airflow/example_dags/example_params_ui_tutorial.py took 0.058 seconds
[2026-02-26T05:39:08.473+0000] {processor.py:186} INFO - Started process (PID=3558) to work on /home/ubuntu/airflow-venv/lib/python3.12/site-packages/airflow/example_dags/example_params_ui_tutorial.py
[2026-02-26T05:39:08.474+0000] {processor.py:914} INFO - Processing file /home/ubuntu/airflow-venv/lib/python3.12/site-packages/airflow/example_dags/example_params_ui_tutorial.py for tasks to queue
[2026-02-26T05:39:08.475+0000] {logging_mixin.py:190} INFO - [2026-02-26T05:39:08.475+0000] {dagbag.py:588} INFO - Filling up the DagBag from /home/ubuntu/airflow-venv/lib/python3.12/site-packages/airflow/example_dags/example_params_ui_tutorial.py
[2026-02-26T05:39:08.481+0000] {processor.py:925} INFO - DAG(s) 'example_params_ui_tutorial' retrieved from /home/ubuntu/airflow-venv/lib/python3.12/site-packages/airflow/example_dags/example_params_ui_tutorial.py
[2026-02-26T05:39:08.504+0000] {logging_mixin.py:190} INFO - [2026-02-26T05:39:08.504+0000] {dag.py:3239} INFO - Sync 1 DAGs
[2026-02-26T05:39:08.512+0000] {logging_mixin.py:190} INFO - [2026-02-26T05:39:08.511+0000] {dag.py:4180} INFO - Setting next_dagrun for example_params_ui_tutorial to None, run_after=None
[2026-02-26T05:39:08.528+0000] {processor.py:208} INFO - Processing /home/ubuntu/airflow-venv/lib/python3.12/site-packages/airflow/example_dags/example_params_ui_tutorial.py took 0.059 seconds
[2026-02-26T05:39:59.506+0000] {processor.py:186} INFO - Started process (PID=3613) to work on /home/ubuntu/airflow-venv/lib/python3.12/site-packages/airflow/example_dags/example_params_ui_tutorial.py
[2026-02-26T05:39:59.507+0000] {processor.py:914} INFO - Processing file /home/ubuntu/airflow-venv/lib/python3.12/site-packages/airflow/example_dags/example_params_ui_tutorial.py for tasks to queue
[2026-02-26T05:39:59.508+0000] {logging_mixin.py:190} INFO - [2026-02-26T05:39:59.508+0000] {dagbag.py:588} INFO - Filling up the DagBag from /home/ubuntu/airflow-venv/lib/python3.12/site-packages/airflow/example_dags/example_params_ui_tutorial.py
[2026-02-26T05:39:59.514+0000] {processor.py:925} INFO - DAG(s) 'example_params_ui_tutorial' retrieved from /home/ubuntu/airflow-venv/lib/python3.12/site-packages/airflow/example_dags/example_params_ui_tutorial.py
[2026-02-26T05:39:59.537+0000] {logging_mixin.py:190} INFO - [2026-02-26T05:39:59.536+0000] {dag.py:3239} INFO - Sync 1 DAGs
[2026-02-26T05:39:59.544+0000] {logging_mixin.py:190} INFO - [2026-02-26T05:39:59.544+0000] {dag.py:4180} INFO - Setting next_dagrun for example_params_ui_tutorial to None, run_after=None
[2026-02-26T05:39:59.560+0000] {processor.py:208} INFO - Processing /home/ubuntu/airflow-venv/lib/python3.12/site-packages/airflow/example_dags/example_params_ui_tutorial.py took 0.058 seconds
[2026-02-26T05:40:46.867+0000] {processor.py:186} INFO - Started process (PID=3669) to work on /home/ubuntu/airflow-venv/lib/python3.12/site-packages/airflow/example_dags/example_params_ui_tutorial.py
[2026-02-26T05:40:46.868+0000] {processor.py:914} INFO - Processing file /home/ubuntu/airflow-venv/lib/python3.12/site-packages/airflow/example_dags/example_params_ui_tutorial.py for tasks to queue
[2026-02-26T05:40:46.869+0000] {logging_mixin.py:190} INFO - [2026-02-26T05:40:46.869+0000] {dagbag.py:588} INFO - Filling up the DagBag from /home/ubuntu/airflow-venv/lib/python3.12/site-packages/airflow/example_dags/example_params_ui_tutorial.py
[2026-02-26T05:40:46.875+0000] {processor.py:925} INFO - DAG(s) 'example_params_ui_tutorial' retrieved from /home/ubuntu/airflow-venv/lib/python3.12/site-packages/airflow/example_dags/example_params_ui_tutorial.py
[2026-02-26T05:40:46.897+0000] {logging_mixin.py:190} INFO - [2026-02-26T05:40:46.897+0000] {dag.py:3239} INFO - Sync 1 DAGs
[2026-02-26T05:40:46.905+0000] {logging_mixin.py:190} INFO - [2026-02-26T05:40:46.905+0000] {dag.py:4180} INFO - Setting next_dagrun for example_params_ui_tutorial to None, run_after=None
[2026-02-26T05:40:46.920+0000] {processor.py:208} INFO - Processing /home/ubuntu/airflow-venv/lib/python3.12/site-packages/airflow/example_dags/example_params_ui_tutorial.py took 0.057 seconds
[2026-02-26T05:41:35.940+0000] {processor.py:186} INFO - Started process (PID=3720) to work on /home/ubuntu/airflow-venv/lib/python3.12/site-packages/airflow/example_dags/example_params_ui_tutorial.py
[2026-02-26T05:41:35.941+0000] {processor.py:914} INFO - Processing file /home/ubuntu/airflow-venv/lib/python3.12/site-packages/airflow/example_dags/example_params_ui_tutorial.py for tasks to queue
[2026-02-26T05:41:35.943+0000] {logging_mixin.py:190} INFO - [2026-02-26T05:41:35.943+0000] {dagbag.py:588} INFO - Filling up the DagBag from /home/ubuntu/airflow-venv/lib/python3.12/site-packages/airflow/example_dags/example_params_ui_tutorial.py
[2026-02-26T05:41:35.949+0000] {processor.py:925} INFO - DAG(s) 'example_params_ui_tutorial' retrieved from /home/ubuntu/airflow-venv/lib/python3.12/site-packages/airflow/example_dags/example_params_ui_tutorial.py
[2026-02-26T05:41:35.971+0000] {logging_mixin.py:190} INFO - [2026-02-26T05:41:35.971+0000] {dag.py:3239} INFO - Sync 1 DAGs
[2026-02-26T05:41:35.978+0000] {logging_mixin.py:190} INFO - [2026-02-26T05:41:35.978+0000] {dag.py:4180} INFO - Setting next_dagrun for example_params_ui_tutorial to None, run_after=None
[2026-02-26T05:41:35.993+0000] {processor.py:208} INFO - Processing /home/ubuntu/airflow-venv/lib/python3.12/site-packages/airflow/example_dags/example_params_ui_tutorial.py took 0.057 seconds
[2026-02-26T05:42:26.133+0000] {processor.py:186} INFO - Started process (PID=3771) to work on /home/ubuntu/airflow-venv/lib/python3.12/site-packages/airflow/example_dags/example_params_ui_tutorial.py
[2026-02-26T05:42:26.134+0000] {processor.py:914} INFO - Processing file /home/ubuntu/airflow-venv/lib/python3.12/site-packages/airflow/example_dags/example_params_ui_tutorial.py for tasks to queue
[2026-02-26T05:42:26.135+0000] {logging_mixin.py:190} INFO - [2026-02-26T05:42:26.135+0000] {dagbag.py:588} INFO - Filling up the DagBag from /home/ubuntu/airflow-venv/lib/python3.12/site-packages/airflow/example_dags/example_params_ui_tutorial.py
[2026-02-26T05:42:26.141+0000] {processor.py:925} INFO - DAG(s) 'example_params_ui_tutorial' retrieved from /home/ubuntu/airflow-venv/lib/python3.12/site-packages/airflow/example_dags/example_params_ui_tutorial.py
[2026-02-26T05:42:26.163+0000] {logging_mixin.py:190} INFO - [2026-02-26T05:42:26.163+0000] {dag.py:3239} INFO - Sync 1 DAGs
[2026-02-26T05:42:26.170+0000] {logging_mixin.py:190} INFO - [2026-02-26T05:42:26.170+0000] {dag.py:4180} INFO - Setting next_dagrun for example_params_ui_tutorial to None, run_after=None
[2026-02-26T05:42:26.186+0000] {processor.py:208} INFO - Processing /home/ubuntu/airflow-venv/lib/python3.12/site-packages/airflow/example_dags/example_params_ui_tutorial.py took 0.056 seconds
[2026-02-26T05:43:15.619+0000] {processor.py:186} INFO - Started process (PID=3824) to work on /home/ubuntu/airflow-venv/lib/python3.12/site-packages/airflow/example_dags/example_params_ui_tutorial.py
[2026-02-26T05:43:15.620+0000] {processor.py:914} INFO - Processing file /home/ubuntu/airflow-venv/lib/python3.12/site-packages/airflow/example_dags/example_params_ui_tutorial.py for tasks to queue
[2026-02-26T05:43:15.622+0000] {logging_mixin.py:190} INFO - [2026-02-26T05:43:15.622+0000] {dagbag.py:588} INFO - Filling up the DagBag from /home/ubuntu/airflow-venv/lib/python3.12/site-packages/airflow/example_dags/example_params_ui_tutorial.py
[2026-02-26T05:43:15.627+0000] {processor.py:925} INFO - DAG(s) 'example_params_ui_tutorial' retrieved from /home/ubuntu/airflow-venv/lib/python3.12/site-packages/airflow/example_dags/example_params_ui_tutorial.py
[2026-02-26T05:43:15.650+0000] {logging_mixin.py:190} INFO - [2026-02-26T05:43:15.650+0000] {dag.py:3239} INFO - Sync 1 DAGs
[2026-02-26T05:43:15.658+0000] {logging_mixin.py:190} INFO - [2026-02-26T05:43:15.658+0000] {dag.py:4180} INFO - Setting next_dagrun for example_params_ui_tutorial to None, run_after=None
[2026-02-26T05:43:15.674+0000] {processor.py:208} INFO - Processing /home/ubuntu/airflow-venv/lib/python3.12/site-packages/airflow/example_dags/example_params_ui_tutorial.py took 0.058 seconds
[2026-02-26T05:44:05.135+0000] {processor.py:186} INFO - Started process (PID=3876) to work on /home/ubuntu/airflow-venv/lib/python3.12/site-packages/airflow/example_dags/example_params_ui_tutorial.py
[2026-02-26T05:44:05.137+0000] {processor.py:914} INFO - Processing file /home/ubuntu/airflow-venv/lib/python3.12/site-packages/airflow/example_dags/example_params_ui_tutorial.py for tasks to queue
[2026-02-26T05:44:05.138+0000] {logging_mixin.py:190} INFO - [2026-02-26T05:44:05.138+0000] {dagbag.py:588} INFO - Filling up the DagBag from /home/ubuntu/airflow-venv/lib/python3.12/site-packages/airflow/example_dags/example_params_ui_tutorial.py
[2026-02-26T05:44:05.143+0000] {processor.py:925} INFO - DAG(s) 'example_params_ui_tutorial' retrieved from /home/ubuntu/airflow-venv/lib/python3.12/site-packages/airflow/example_dags/example_params_ui_tutorial.py
[2026-02-26T05:44:05.165+0000] {logging_mixin.py:190} INFO - [2026-02-26T05:44:05.165+0000] {dag.py:3239} INFO - Sync 1 DAGs
[2026-02-26T05:44:05.172+0000] {logging_mixin.py:190} INFO - [2026-02-26T05:44:05.172+0000] {dag.py:4180} INFO - Setting next_dagrun for example_params_ui_tutorial to None, run_after=None
[2026-02-26T05:44:05.188+0000] {processor.py:208} INFO - Processing /home/ubuntu/airflow-venv/lib/python3.12/site-packages/airflow/example_dags/example_params_ui_tutorial.py took 0.056 seconds
[2026-02-26T05:44:54.428+0000] {processor.py:186} INFO - Started process (PID=3929) to work on /home/ubuntu/airflow-venv/lib/python3.12/site-packages/airflow/example_dags/example_params_ui_tutorial.py
[2026-02-26T05:44:54.429+0000] {processor.py:914} INFO - Processing file /home/ubuntu/airflow-venv/lib/python3.12/site-packages/airflow/example_dags/example_params_ui_tutorial.py for tasks to queue
[2026-02-26T05:44:54.431+0000] {logging_mixin.py:190} INFO - [2026-02-26T05:44:54.430+0000] {dagbag.py:588} INFO - Filling up the DagBag from /home/ubuntu/airflow-venv/lib/python3.12/site-packages/airflow/example_dags/example_params_ui_tutorial.py
[2026-02-26T05:44:54.436+0000] {processor.py:925} INFO - DAG(s) 'example_params_ui_tutorial' retrieved from /home/ubuntu/airflow-venv/lib/python3.12/site-packages/airflow/example_dags/example_params_ui_tutorial.py
[2026-02-26T05:44:54.458+0000] {logging_mixin.py:190} INFO - [2026-02-26T05:44:54.458+0000] {dag.py:3239} INFO - Sync 1 DAGs
[2026-02-26T05:44:54.466+0000] {logging_mixin.py:190} INFO - [2026-02-26T05:44:54.466+0000] {dag.py:4180} INFO - Setting next_dagrun for example_params_ui_tutorial to None, run_after=None
[2026-02-26T05:44:54.482+0000] {processor.py:208} INFO - Processing /home/ubuntu/airflow-venv/lib/python3.12/site-packages/airflow/example_dags/example_params_ui_tutorial.py took 0.057 seconds
[2026-02-26T06:14:01.931+0000] {processor.py:186} INFO - Started process (PID=2714) to work on /home/ubuntu/airflow-venv/lib/python3.12/site-packages/airflow/example_dags/example_params_ui_tutorial.py
[2026-02-26T06:14:01.933+0000] {processor.py:914} INFO - Processing file /home/ubuntu/airflow-venv/lib/python3.12/site-packages/airflow/example_dags/example_params_ui_tutorial.py for tasks to queue
[2026-02-26T06:14:01.934+0000] {logging_mixin.py:190} INFO - [2026-02-26T06:14:01.934+0000] {dagbag.py:588} INFO - Filling up the DagBag from /home/ubuntu/airflow-venv/lib/python3.12/site-packages/airflow/example_dags/example_params_ui_tutorial.py
[2026-02-26T06:14:01.940+0000] {processor.py:925} INFO - DAG(s) 'example_params_ui_tutorial' retrieved from /home/ubuntu/airflow-venv/lib/python3.12/site-packages/airflow/example_dags/example_params_ui_tutorial.py
[2026-02-26T06:14:01.968+0000] {logging_mixin.py:190} INFO - [2026-02-26T06:14:01.967+0000] {dag.py:3239} INFO - Sync 1 DAGs
[2026-02-26T06:14:01.976+0000] {logging_mixin.py:190} INFO - [2026-02-26T06:14:01.975+0000] {dag.py:4180} INFO - Setting next_dagrun for example_params_ui_tutorial to None, run_after=None
[2026-02-26T06:14:01.993+0000] {processor.py:208} INFO - Processing /home/ubuntu/airflow-venv/lib/python3.12/site-packages/airflow/example_dags/example_params_ui_tutorial.py took 0.066 seconds
[2026-02-26T06:15:02.867+0000] {processor.py:186} INFO - Started process (PID=2782) to work on /home/ubuntu/airflow-venv/lib/python3.12/site-packages/airflow/example_dags/example_params_ui_tutorial.py
[2026-02-26T06:15:02.868+0000] {processor.py:914} INFO - Processing file /home/ubuntu/airflow-venv/lib/python3.12/site-packages/airflow/example_dags/example_params_ui_tutorial.py for tasks to queue
[2026-02-26T06:15:02.869+0000] {logging_mixin.py:190} INFO - [2026-02-26T06:15:02.869+0000] {dagbag.py:588} INFO - Filling up the DagBag from /home/ubuntu/airflow-venv/lib/python3.12/site-packages/airflow/example_dags/example_params_ui_tutorial.py
[2026-02-26T06:15:02.875+0000] {processor.py:925} INFO - DAG(s) 'example_params_ui_tutorial' retrieved from /home/ubuntu/airflow-venv/lib/python3.12/site-packages/airflow/example_dags/example_params_ui_tutorial.py
[2026-02-26T06:15:02.898+0000] {logging_mixin.py:190} INFO - [2026-02-26T06:15:02.898+0000] {dag.py:3239} INFO - Sync 1 DAGs
[2026-02-26T06:15:02.906+0000] {logging_mixin.py:190} INFO - [2026-02-26T06:15:02.906+0000] {dag.py:4180} INFO - Setting next_dagrun for example_params_ui_tutorial to None, run_after=None
[2026-02-26T06:15:02.923+0000] {processor.py:208} INFO - Processing /home/ubuntu/airflow-venv/lib/python3.12/site-packages/airflow/example_dags/example_params_ui_tutorial.py took 0.060 seconds
[2026-02-26T06:16:00.060+0000] {processor.py:186} INFO - Started process (PID=2846) to work on /home/ubuntu/airflow-venv/lib/python3.12/site-packages/airflow/example_dags/example_params_ui_tutorial.py
[2026-02-26T06:16:00.061+0000] {processor.py:914} INFO - Processing file /home/ubuntu/airflow-venv/lib/python3.12/site-packages/airflow/example_dags/example_params_ui_tutorial.py for tasks to queue
[2026-02-26T06:16:00.063+0000] {logging_mixin.py:190} INFO - [2026-02-26T06:16:00.063+0000] {dagbag.py:588} INFO - Filling up the DagBag from /home/ubuntu/airflow-venv/lib/python3.12/site-packages/airflow/example_dags/example_params_ui_tutorial.py
[2026-02-26T06:16:00.069+0000] {processor.py:925} INFO - DAG(s) 'example_params_ui_tutorial' retrieved from /home/ubuntu/airflow-venv/lib/python3.12/site-packages/airflow/example_dags/example_params_ui_tutorial.py
[2026-02-26T06:16:00.093+0000] {logging_mixin.py:190} INFO - [2026-02-26T06:16:00.092+0000] {dag.py:3239} INFO - Sync 1 DAGs
[2026-02-26T06:16:00.100+0000] {logging_mixin.py:190} INFO - [2026-02-26T06:16:00.100+0000] {dag.py:4180} INFO - Setting next_dagrun for example_params_ui_tutorial to None, run_after=None
[2026-02-26T06:16:00.117+0000] {processor.py:208} INFO - Processing /home/ubuntu/airflow-venv/lib/python3.12/site-packages/airflow/example_dags/example_params_ui_tutorial.py took 0.060 seconds
[2026-02-26T06:16:55.084+0000] {processor.py:186} INFO - Started process (PID=2903) to work on /home/ubuntu/airflow-venv/lib/python3.12/site-packages/airflow/example_dags/example_params_ui_tutorial.py
[2026-02-26T06:16:55.085+0000] {processor.py:914} INFO - Processing file /home/ubuntu/airflow-venv/lib/python3.12/site-packages/airflow/example_dags/example_params_ui_tutorial.py for tasks to queue
[2026-02-26T06:16:55.087+0000] {logging_mixin.py:190} INFO - [2026-02-26T06:16:55.087+0000] {dagbag.py:588} INFO - Filling up the DagBag from /home/ubuntu/airflow-venv/lib/python3.12/site-packages/airflow/example_dags/example_params_ui_tutorial.py
[2026-02-26T06:16:55.093+0000] {processor.py:925} INFO - DAG(s) 'example_params_ui_tutorial' retrieved from /home/ubuntu/airflow-venv/lib/python3.12/site-packages/airflow/example_dags/example_params_ui_tutorial.py
[2026-02-26T06:16:55.117+0000] {logging_mixin.py:190} INFO - [2026-02-26T06:16:55.117+0000] {dag.py:3239} INFO - Sync 1 DAGs
[2026-02-26T06:16:55.125+0000] {logging_mixin.py:190} INFO - [2026-02-26T06:16:55.124+0000] {dag.py:4180} INFO - Setting next_dagrun for example_params_ui_tutorial to None, run_after=None
[2026-02-26T06:16:55.142+0000] {processor.py:208} INFO - Processing /home/ubuntu/airflow-venv/lib/python3.12/site-packages/airflow/example_dags/example_params_ui_tutorial.py took 0.061 seconds
[2026-02-26T06:17:47.018+0000] {processor.py:186} INFO - Started process (PID=2962) to work on /home/ubuntu/airflow-venv/lib/python3.12/site-packages/airflow/example_dags/example_params_ui_tutorial.py
[2026-02-26T06:17:47.020+0000] {processor.py:914} INFO - Processing file /home/ubuntu/airflow-venv/lib/python3.12/site-packages/airflow/example_dags/example_params_ui_tutorial.py for tasks to queue
[2026-02-26T06:17:47.021+0000] {logging_mixin.py:190} INFO - [2026-02-26T06:17:47.021+0000] {dagbag.py:588} INFO - Filling up the DagBag from /home/ubuntu/airflow-venv/lib/python3.12/site-packages/airflow/example_dags/example_params_ui_tutorial.py
[2026-02-26T06:17:47.027+0000] {processor.py:925} INFO - DAG(s) 'example_params_ui_tutorial' retrieved from /home/ubuntu/airflow-venv/lib/python3.12/site-packages/airflow/example_dags/example_params_ui_tutorial.py
[2026-02-26T06:17:47.051+0000] {logging_mixin.py:190} INFO - [2026-02-26T06:17:47.051+0000] {dag.py:3239} INFO - Sync 1 DAGs
[2026-02-26T06:17:47.059+0000] {logging_mixin.py:190} INFO - [2026-02-26T06:17:47.059+0000] {dag.py:4180} INFO - Setting next_dagrun for example_params_ui_tutorial to None, run_after=None
[2026-02-26T06:17:47.075+0000] {processor.py:208} INFO - Processing /home/ubuntu/airflow-venv/lib/python3.12/site-packages/airflow/example_dags/example_params_ui_tutorial.py took 0.060 seconds
[2026-02-26T06:18:39.475+0000] {processor.py:186} INFO - Started process (PID=3015) to work on /home/ubuntu/airflow-venv/lib/python3.12/site-packages/airflow/example_dags/example_params_ui_tutorial.py
[2026-02-26T06:18:39.477+0000] {processor.py:914} INFO - Processing file /home/ubuntu/airflow-venv/lib/python3.12/site-packages/airflow/example_dags/example_params_ui_tutorial.py for tasks to queue
[2026-02-26T06:18:39.478+0000] {logging_mixin.py:190} INFO - [2026-02-26T06:18:39.478+0000] {dagbag.py:588} INFO - Filling up the DagBag from /home/ubuntu/airflow-venv/lib/python3.12/site-packages/airflow/example_dags/example_params_ui_tutorial.py
[2026-02-26T06:18:39.484+0000] {processor.py:925} INFO - DAG(s) 'example_params_ui_tutorial' retrieved from /home/ubuntu/airflow-venv/lib/python3.12/site-packages/airflow/example_dags/example_params_ui_tutorial.py
[2026-02-26T06:18:39.507+0000] {logging_mixin.py:190} INFO - [2026-02-26T06:18:39.507+0000] {dag.py:3239} INFO - Sync 1 DAGs
[2026-02-26T06:18:39.516+0000] {logging_mixin.py:190} INFO - [2026-02-26T06:18:39.516+0000] {dag.py:4180} INFO - Setting next_dagrun for example_params_ui_tutorial to None, run_after=None
[2026-02-26T06:18:39.605+0000] {processor.py:208} INFO - Processing /home/ubuntu/airflow-venv/lib/python3.12/site-packages/airflow/example_dags/example_params_ui_tutorial.py took 0.133 seconds
[2026-02-26T06:19:36.814+0000] {processor.py:186} INFO - Started process (PID=3071) to work on /home/ubuntu/airflow-venv/lib/python3.12/site-packages/airflow/example_dags/example_params_ui_tutorial.py
[2026-02-26T06:19:36.815+0000] {processor.py:914} INFO - Processing file /home/ubuntu/airflow-venv/lib/python3.12/site-packages/airflow/example_dags/example_params_ui_tutorial.py for tasks to queue
[2026-02-26T06:19:36.817+0000] {logging_mixin.py:190} INFO - [2026-02-26T06:19:36.817+0000] {dagbag.py:588} INFO - Filling up the DagBag from /home/ubuntu/airflow-venv/lib/python3.12/site-packages/airflow/example_dags/example_params_ui_tutorial.py
[2026-02-26T06:19:36.823+0000] {processor.py:925} INFO - DAG(s) 'example_params_ui_tutorial' retrieved from /home/ubuntu/airflow-venv/lib/python3.12/site-packages/airflow/example_dags/example_params_ui_tutorial.py
[2026-02-26T06:19:36.847+0000] {logging_mixin.py:190} INFO - [2026-02-26T06:19:36.847+0000] {dag.py:3239} INFO - Sync 1 DAGs
[2026-02-26T06:19:36.855+0000] {logging_mixin.py:190} INFO - [2026-02-26T06:19:36.855+0000] {dag.py:4180} INFO - Setting next_dagrun for example_params_ui_tutorial to None, run_after=None
[2026-02-26T06:19:36.872+0000] {processor.py:208} INFO - Processing /home/ubuntu/airflow-venv/lib/python3.12/site-packages/airflow/example_dags/example_params_ui_tutorial.py took 0.062 seconds
[2026-02-26T06:20:30.333+0000] {processor.py:186} INFO - Started process (PID=3126) to work on /home/ubuntu/airflow-venv/lib/python3.12/site-packages/airflow/example_dags/example_params_ui_tutorial.py
[2026-02-26T06:20:30.335+0000] {processor.py:914} INFO - Processing file /home/ubuntu/airflow-venv/lib/python3.12/site-packages/airflow/example_dags/example_params_ui_tutorial.py for tasks to queue
[2026-02-26T06:20:30.336+0000] {logging_mixin.py:190} INFO - [2026-02-26T06:20:30.336+0000] {dagbag.py:588} INFO - Filling up the DagBag from /home/ubuntu/airflow-venv/lib/python3.12/site-packages/airflow/example_dags/example_params_ui_tutorial.py
[2026-02-26T06:20:30.342+0000] {processor.py:925} INFO - DAG(s) 'example_params_ui_tutorial' retrieved from /home/ubuntu/airflow-venv/lib/python3.12/site-packages/airflow/example_dags/example_params_ui_tutorial.py
[2026-02-26T06:20:30.365+0000] {logging_mixin.py:190} INFO - [2026-02-26T06:20:30.365+0000] {dag.py:3239} INFO - Sync 1 DAGs
[2026-02-26T06:20:30.373+0000] {logging_mixin.py:190} INFO - [2026-02-26T06:20:30.373+0000] {dag.py:4180} INFO - Setting next_dagrun for example_params_ui_tutorial to None, run_after=None
[2026-02-26T06:20:30.390+0000] {processor.py:208} INFO - Processing /home/ubuntu/airflow-venv/lib/python3.12/site-packages/airflow/example_dags/example_params_ui_tutorial.py took 0.061 seconds
[2026-02-26T06:21:18.653+0000] {processor.py:186} INFO - Started process (PID=3181) to work on /home/ubuntu/airflow-venv/lib/python3.12/site-packages/airflow/example_dags/example_params_ui_tutorial.py
[2026-02-26T06:21:18.654+0000] {processor.py:914} INFO - Processing file /home/ubuntu/airflow-venv/lib/python3.12/site-packages/airflow/example_dags/example_params_ui_tutorial.py for tasks to queue
[2026-02-26T06:21:18.655+0000] {logging_mixin.py:190} INFO - [2026-02-26T06:21:18.655+0000] {dagbag.py:588} INFO - Filling up the DagBag from /home/ubuntu/airflow-venv/lib/python3.12/site-packages/airflow/example_dags/example_params_ui_tutorial.py
[2026-02-26T06:21:18.662+0000] {processor.py:925} INFO - DAG(s) 'example_params_ui_tutorial' retrieved from /home/ubuntu/airflow-venv/lib/python3.12/site-packages/airflow/example_dags/example_params_ui_tutorial.py
[2026-02-26T06:21:18.685+0000] {logging_mixin.py:190} INFO - [2026-02-26T06:21:18.685+0000] {dag.py:3239} INFO - Sync 1 DAGs
[2026-02-26T06:21:18.693+0000] {logging_mixin.py:190} INFO - [2026-02-26T06:21:18.693+0000] {dag.py:4180} INFO - Setting next_dagrun for example_params_ui_tutorial to None, run_after=None
[2026-02-26T06:21:18.710+0000] {processor.py:208} INFO - Processing /home/ubuntu/airflow-venv/lib/python3.12/site-packages/airflow/example_dags/example_params_ui_tutorial.py took 0.061 seconds
[2026-02-26T06:22:09.200+0000] {processor.py:186} INFO - Started process (PID=3236) to work on /home/ubuntu/airflow-venv/lib/python3.12/site-packages/airflow/example_dags/example_params_ui_tutorial.py
[2026-02-26T06:22:09.201+0000] {processor.py:914} INFO - Processing file /home/ubuntu/airflow-venv/lib/python3.12/site-packages/airflow/example_dags/example_params_ui_tutorial.py for tasks to queue
[2026-02-26T06:22:09.203+0000] {logging_mixin.py:190} INFO - [2026-02-26T06:22:09.202+0000] {dagbag.py:588} INFO - Filling up the DagBag from /home/ubuntu/airflow-venv/lib/python3.12/site-packages/airflow/example_dags/example_params_ui_tutorial.py
[2026-02-26T06:22:09.209+0000] {processor.py:925} INFO - DAG(s) 'example_params_ui_tutorial' retrieved from /home/ubuntu/airflow-venv/lib/python3.12/site-packages/airflow/example_dags/example_params_ui_tutorial.py
[2026-02-26T06:22:09.233+0000] {logging_mixin.py:190} INFO - [2026-02-26T06:22:09.233+0000] {dag.py:3239} INFO - Sync 1 DAGs
[2026-02-26T06:22:09.242+0000] {logging_mixin.py:190} INFO - [2026-02-26T06:22:09.241+0000] {dag.py:4180} INFO - Setting next_dagrun for example_params_ui_tutorial to None, run_after=None
[2026-02-26T06:22:09.258+0000] {processor.py:208} INFO - Processing /home/ubuntu/airflow-venv/lib/python3.12/site-packages/airflow/example_dags/example_params_ui_tutorial.py took 0.062 seconds
[2026-02-26T06:22:59.420+0000] {processor.py:186} INFO - Started process (PID=3289) to work on /home/ubuntu/airflow-venv/lib/python3.12/site-packages/airflow/example_dags/example_params_ui_tutorial.py
[2026-02-26T06:22:59.421+0000] {processor.py:914} INFO - Processing file /home/ubuntu/airflow-venv/lib/python3.12/site-packages/airflow/example_dags/example_params_ui_tutorial.py for tasks to queue
[2026-02-26T06:22:59.422+0000] {logging_mixin.py:190} INFO - [2026-02-26T06:22:59.422+0000] {dagbag.py:588} INFO - Filling up the DagBag from /home/ubuntu/airflow-venv/lib/python3.12/site-packages/airflow/example_dags/example_params_ui_tutorial.py
[2026-02-26T06:22:59.429+0000] {processor.py:925} INFO - DAG(s) 'example_params_ui_tutorial' retrieved from /home/ubuntu/airflow-venv/lib/python3.12/site-packages/airflow/example_dags/example_params_ui_tutorial.py
[2026-02-26T06:22:59.453+0000] {logging_mixin.py:190} INFO - [2026-02-26T06:22:59.453+0000] {dag.py:3239} INFO - Sync 1 DAGs
[2026-02-26T06:22:59.461+0000] {logging_mixin.py:190} INFO - [2026-02-26T06:22:59.461+0000] {dag.py:4180} INFO - Setting next_dagrun for example_params_ui_tutorial to None, run_after=None
[2026-02-26T06:22:59.479+0000] {processor.py:208} INFO - Processing /home/ubuntu/airflow-venv/lib/python3.12/site-packages/airflow/example_dags/example_params_ui_tutorial.py took 0.063 seconds
[2026-02-26T06:23:52.217+0000] {processor.py:186} INFO - Started process (PID=3342) to work on /home/ubuntu/airflow-venv/lib/python3.12/site-packages/airflow/example_dags/example_params_ui_tutorial.py
[2026-02-26T06:23:52.218+0000] {processor.py:914} INFO - Processing file /home/ubuntu/airflow-venv/lib/python3.12/site-packages/airflow/example_dags/example_params_ui_tutorial.py for tasks to queue
[2026-02-26T06:23:52.219+0000] {logging_mixin.py:190} INFO - [2026-02-26T06:23:52.219+0000] {dagbag.py:588} INFO - Filling up the DagBag from /home/ubuntu/airflow-venv/lib/python3.12/site-packages/airflow/example_dags/example_params_ui_tutorial.py
[2026-02-26T06:23:52.226+0000] {processor.py:925} INFO - DAG(s) 'example_params_ui_tutorial' retrieved from /home/ubuntu/airflow-venv/lib/python3.12/site-packages/airflow/example_dags/example_params_ui_tutorial.py
[2026-02-26T06:23:52.249+0000] {logging_mixin.py:190} INFO - [2026-02-26T06:23:52.249+0000] {dag.py:3239} INFO - Sync 1 DAGs
[2026-02-26T06:23:52.257+0000] {logging_mixin.py:190} INFO - [2026-02-26T06:23:52.257+0000] {dag.py:4180} INFO - Setting next_dagrun for example_params_ui_tutorial to None, run_after=None
[2026-02-26T06:23:52.273+0000] {processor.py:208} INFO - Processing /home/ubuntu/airflow-venv/lib/python3.12/site-packages/airflow/example_dags/example_params_ui_tutorial.py took 0.060 seconds
