[2026-02-26T05:22:49.182+0000] {processor.py:186} INFO - Started process (PID=2128) to work on /home/ubuntu/airflow-venv/lib/python3.12/site-packages/airflow/example_dags/example_skip_dag.py
[2026-02-26T05:22:49.182+0000] {processor.py:914} INFO - Processing file /home/ubuntu/airflow-venv/lib/python3.12/site-packages/airflow/example_dags/example_skip_dag.py for tasks to queue
[2026-02-26T05:22:49.184+0000] {logging_mixin.py:190} INFO - [2026-02-26T05:22:49.183+0000] {dagbag.py:588} INFO - Filling up the DagBag from /home/ubuntu/airflow-venv/lib/python3.12/site-packages/airflow/example_dags/example_skip_dag.py
[2026-02-26T05:22:49.188+0000] {processor.py:925} INFO - DAG(s) 'example_skip_dag' retrieved from /home/ubuntu/airflow-venv/lib/python3.12/site-packages/airflow/example_dags/example_skip_dag.py
[2026-02-26T05:22:49.199+0000] {logging_mixin.py:190} INFO - [2026-02-26T05:22:49.199+0000] {dag.py:3239} INFO - Sync 1 DAGs
[2026-02-26T05:22:49.211+0000] {logging_mixin.py:190} INFO - [2026-02-26T05:22:49.211+0000] {dag.py:4180} INFO - Setting next_dagrun for example_skip_dag to 2026-02-25 00:00:00+00:00, run_after=2026-02-26 00:00:00+00:00
[2026-02-26T05:22:49.227+0000] {processor.py:208} INFO - Processing /home/ubuntu/airflow-venv/lib/python3.12/site-packages/airflow/example_dags/example_skip_dag.py took 0.048 seconds
[2026-02-26T05:23:44.582+0000] {processor.py:186} INFO - Started process (PID=2192) to work on /home/ubuntu/airflow-venv/lib/python3.12/site-packages/airflow/example_dags/example_skip_dag.py
[2026-02-26T05:23:44.583+0000] {processor.py:914} INFO - Processing file /home/ubuntu/airflow-venv/lib/python3.12/site-packages/airflow/example_dags/example_skip_dag.py for tasks to queue
[2026-02-26T05:23:44.584+0000] {logging_mixin.py:190} INFO - [2026-02-26T05:23:44.584+0000] {dagbag.py:588} INFO - Filling up the DagBag from /home/ubuntu/airflow-venv/lib/python3.12/site-packages/airflow/example_dags/example_skip_dag.py
[2026-02-26T05:23:44.589+0000] {processor.py:925} INFO - DAG(s) 'example_skip_dag' retrieved from /home/ubuntu/airflow-venv/lib/python3.12/site-packages/airflow/example_dags/example_skip_dag.py
[2026-02-26T05:23:44.599+0000] {logging_mixin.py:190} INFO - [2026-02-26T05:23:44.599+0000] {dag.py:3239} INFO - Sync 1 DAGs
[2026-02-26T05:23:44.610+0000] {logging_mixin.py:190} INFO - [2026-02-26T05:23:44.610+0000] {dag.py:4180} INFO - Setting next_dagrun for example_skip_dag to 2026-02-25 00:00:00+00:00, run_after=2026-02-26 00:00:00+00:00
[2026-02-26T05:23:44.626+0000] {processor.py:208} INFO - Processing /home/ubuntu/airflow-venv/lib/python3.12/site-packages/airflow/example_dags/example_skip_dag.py took 0.047 seconds
[2026-02-26T05:24:34.831+0000] {processor.py:186} INFO - Started process (PID=2246) to work on /home/ubuntu/airflow-venv/lib/python3.12/site-packages/airflow/example_dags/example_skip_dag.py
[2026-02-26T05:24:34.832+0000] {processor.py:914} INFO - Processing file /home/ubuntu/airflow-venv/lib/python3.12/site-packages/airflow/example_dags/example_skip_dag.py for tasks to queue
[2026-02-26T05:24:34.833+0000] {logging_mixin.py:190} INFO - [2026-02-26T05:24:34.833+0000] {dagbag.py:588} INFO - Filling up the DagBag from /home/ubuntu/airflow-venv/lib/python3.12/site-packages/airflow/example_dags/example_skip_dag.py
[2026-02-26T05:24:34.838+0000] {processor.py:925} INFO - DAG(s) 'example_skip_dag' retrieved from /home/ubuntu/airflow-venv/lib/python3.12/site-packages/airflow/example_dags/example_skip_dag.py
[2026-02-26T05:24:34.848+0000] {logging_mixin.py:190} INFO - [2026-02-26T05:24:34.847+0000] {dag.py:3239} INFO - Sync 1 DAGs
[2026-02-26T05:24:34.859+0000] {logging_mixin.py:190} INFO - [2026-02-26T05:24:34.859+0000] {dag.py:4180} INFO - Setting next_dagrun for example_skip_dag to 2026-02-25 00:00:00+00:00, run_after=2026-02-26 00:00:00+00:00
[2026-02-26T05:24:34.875+0000] {processor.py:208} INFO - Processing /home/ubuntu/airflow-venv/lib/python3.12/site-packages/airflow/example_dags/example_skip_dag.py took 0.047 seconds
[2026-02-26T05:25:29.010+0000] {processor.py:186} INFO - Started process (PID=2314) to work on /home/ubuntu/airflow-venv/lib/python3.12/site-packages/airflow/example_dags/example_skip_dag.py
[2026-02-26T05:25:29.011+0000] {processor.py:914} INFO - Processing file /home/ubuntu/airflow-venv/lib/python3.12/site-packages/airflow/example_dags/example_skip_dag.py for tasks to queue
[2026-02-26T05:25:29.012+0000] {logging_mixin.py:190} INFO - [2026-02-26T05:25:29.012+0000] {dagbag.py:588} INFO - Filling up the DagBag from /home/ubuntu/airflow-venv/lib/python3.12/site-packages/airflow/example_dags/example_skip_dag.py
[2026-02-26T05:25:29.017+0000] {processor.py:925} INFO - DAG(s) 'example_skip_dag' retrieved from /home/ubuntu/airflow-venv/lib/python3.12/site-packages/airflow/example_dags/example_skip_dag.py
[2026-02-26T05:25:29.027+0000] {logging_mixin.py:190} INFO - [2026-02-26T05:25:29.027+0000] {dag.py:3239} INFO - Sync 1 DAGs
[2026-02-26T05:25:29.038+0000] {logging_mixin.py:190} INFO - [2026-02-26T05:25:29.038+0000] {dag.py:4180} INFO - Setting next_dagrun for example_skip_dag to 2026-02-25 00:00:00+00:00, run_after=2026-02-26 00:00:00+00:00
[2026-02-26T05:25:29.054+0000] {processor.py:208} INFO - Processing /home/ubuntu/airflow-venv/lib/python3.12/site-packages/airflow/example_dags/example_skip_dag.py took 0.047 seconds
[2026-02-26T05:26:19.489+0000] {processor.py:186} INFO - Started process (PID=2370) to work on /home/ubuntu/airflow-venv/lib/python3.12/site-packages/airflow/example_dags/example_skip_dag.py
[2026-02-26T05:26:19.490+0000] {processor.py:914} INFO - Processing file /home/ubuntu/airflow-venv/lib/python3.12/site-packages/airflow/example_dags/example_skip_dag.py for tasks to queue
[2026-02-26T05:26:19.491+0000] {logging_mixin.py:190} INFO - [2026-02-26T05:26:19.491+0000] {dagbag.py:588} INFO - Filling up the DagBag from /home/ubuntu/airflow-venv/lib/python3.12/site-packages/airflow/example_dags/example_skip_dag.py
[2026-02-26T05:26:19.496+0000] {processor.py:925} INFO - DAG(s) 'example_skip_dag' retrieved from /home/ubuntu/airflow-venv/lib/python3.12/site-packages/airflow/example_dags/example_skip_dag.py
[2026-02-26T05:26:19.506+0000] {logging_mixin.py:190} INFO - [2026-02-26T05:26:19.506+0000] {dag.py:3239} INFO - Sync 1 DAGs
[2026-02-26T05:26:19.518+0000] {logging_mixin.py:190} INFO - [2026-02-26T05:26:19.518+0000] {dag.py:4180} INFO - Setting next_dagrun for example_skip_dag to 2026-02-25 00:00:00+00:00, run_after=2026-02-26 00:00:00+00:00
[2026-02-26T05:26:19.534+0000] {processor.py:208} INFO - Processing /home/ubuntu/airflow-venv/lib/python3.12/site-packages/airflow/example_dags/example_skip_dag.py took 0.048 seconds
[2026-02-26T05:27:07.718+0000] {processor.py:186} INFO - Started process (PID=2791) to work on /home/ubuntu/airflow-venv/lib/python3.12/site-packages/airflow/example_dags/example_skip_dag.py
[2026-02-26T05:27:07.719+0000] {processor.py:914} INFO - Processing file /home/ubuntu/airflow-venv/lib/python3.12/site-packages/airflow/example_dags/example_skip_dag.py for tasks to queue
[2026-02-26T05:27:07.720+0000] {logging_mixin.py:190} INFO - [2026-02-26T05:27:07.720+0000] {dagbag.py:588} INFO - Filling up the DagBag from /home/ubuntu/airflow-venv/lib/python3.12/site-packages/airflow/example_dags/example_skip_dag.py
[2026-02-26T05:27:07.725+0000] {processor.py:925} INFO - DAG(s) 'example_skip_dag' retrieved from /home/ubuntu/airflow-venv/lib/python3.12/site-packages/airflow/example_dags/example_skip_dag.py
[2026-02-26T05:27:07.735+0000] {logging_mixin.py:190} INFO - [2026-02-26T05:27:07.735+0000] {dag.py:3239} INFO - Sync 1 DAGs
[2026-02-26T05:27:07.746+0000] {logging_mixin.py:190} INFO - [2026-02-26T05:27:07.746+0000] {dag.py:4180} INFO - Setting next_dagrun for example_skip_dag to 2026-02-25 00:00:00+00:00, run_after=2026-02-26 00:00:00+00:00
[2026-02-26T05:27:07.762+0000] {processor.py:208} INFO - Processing /home/ubuntu/airflow-venv/lib/python3.12/site-packages/airflow/example_dags/example_skip_dag.py took 0.047 seconds
[2026-02-26T05:27:56.771+0000] {processor.py:186} INFO - Started process (PID=2843) to work on /home/ubuntu/airflow-venv/lib/python3.12/site-packages/airflow/example_dags/example_skip_dag.py
[2026-02-26T05:27:56.772+0000] {processor.py:914} INFO - Processing file /home/ubuntu/airflow-venv/lib/python3.12/site-packages/airflow/example_dags/example_skip_dag.py for tasks to queue
[2026-02-26T05:27:56.773+0000] {logging_mixin.py:190} INFO - [2026-02-26T05:27:56.773+0000] {dagbag.py:588} INFO - Filling up the DagBag from /home/ubuntu/airflow-venv/lib/python3.12/site-packages/airflow/example_dags/example_skip_dag.py
[2026-02-26T05:27:56.778+0000] {processor.py:925} INFO - DAG(s) 'example_skip_dag' retrieved from /home/ubuntu/airflow-venv/lib/python3.12/site-packages/airflow/example_dags/example_skip_dag.py
[2026-02-26T05:27:56.788+0000] {logging_mixin.py:190} INFO - [2026-02-26T05:27:56.788+0000] {dag.py:3239} INFO - Sync 1 DAGs
[2026-02-26T05:27:56.799+0000] {logging_mixin.py:190} INFO - [2026-02-26T05:27:56.799+0000] {dag.py:4180} INFO - Setting next_dagrun for example_skip_dag to 2026-02-25 00:00:00+00:00, run_after=2026-02-26 00:00:00+00:00
[2026-02-26T05:27:56.886+0000] {processor.py:208} INFO - Processing /home/ubuntu/airflow-venv/lib/python3.12/site-packages/airflow/example_dags/example_skip_dag.py took 0.119 seconds
[2026-02-26T05:28:49.786+0000] {processor.py:186} INFO - Started process (PID=2898) to work on /home/ubuntu/airflow-venv/lib/python3.12/site-packages/airflow/example_dags/example_skip_dag.py
[2026-02-26T05:28:49.787+0000] {processor.py:914} INFO - Processing file /home/ubuntu/airflow-venv/lib/python3.12/site-packages/airflow/example_dags/example_skip_dag.py for tasks to queue
[2026-02-26T05:28:49.788+0000] {logging_mixin.py:190} INFO - [2026-02-26T05:28:49.788+0000] {dagbag.py:588} INFO - Filling up the DagBag from /home/ubuntu/airflow-venv/lib/python3.12/site-packages/airflow/example_dags/example_skip_dag.py
[2026-02-26T05:28:49.793+0000] {processor.py:925} INFO - DAG(s) 'example_skip_dag' retrieved from /home/ubuntu/airflow-venv/lib/python3.12/site-packages/airflow/example_dags/example_skip_dag.py
[2026-02-26T05:28:49.803+0000] {logging_mixin.py:190} INFO - [2026-02-26T05:28:49.803+0000] {dag.py:3239} INFO - Sync 1 DAGs
[2026-02-26T05:28:49.815+0000] {logging_mixin.py:190} INFO - [2026-02-26T05:28:49.815+0000] {dag.py:4180} INFO - Setting next_dagrun for example_skip_dag to 2026-02-25 00:00:00+00:00, run_after=2026-02-26 00:00:00+00:00
[2026-02-26T05:28:49.831+0000] {processor.py:208} INFO - Processing /home/ubuntu/airflow-venv/lib/python3.12/site-packages/airflow/example_dags/example_skip_dag.py took 0.049 seconds
[2026-02-26T05:29:42.223+0000] {processor.py:186} INFO - Started process (PID=2950) to work on /home/ubuntu/airflow-venv/lib/python3.12/site-packages/airflow/example_dags/example_skip_dag.py
[2026-02-26T05:29:42.224+0000] {processor.py:914} INFO - Processing file /home/ubuntu/airflow-venv/lib/python3.12/site-packages/airflow/example_dags/example_skip_dag.py for tasks to queue
[2026-02-26T05:29:42.226+0000] {logging_mixin.py:190} INFO - [2026-02-26T05:29:42.226+0000] {dagbag.py:588} INFO - Filling up the DagBag from /home/ubuntu/airflow-venv/lib/python3.12/site-packages/airflow/example_dags/example_skip_dag.py
[2026-02-26T05:29:42.231+0000] {processor.py:925} INFO - DAG(s) 'example_skip_dag' retrieved from /home/ubuntu/airflow-venv/lib/python3.12/site-packages/airflow/example_dags/example_skip_dag.py
[2026-02-26T05:29:42.241+0000] {logging_mixin.py:190} INFO - [2026-02-26T05:29:42.240+0000] {dag.py:3239} INFO - Sync 1 DAGs
[2026-02-26T05:29:42.252+0000] {logging_mixin.py:190} INFO - [2026-02-26T05:29:42.252+0000] {dag.py:4180} INFO - Setting next_dagrun for example_skip_dag to 2026-02-25 00:00:00+00:00, run_after=2026-02-26 00:00:00+00:00
[2026-02-26T05:29:42.268+0000] {processor.py:208} INFO - Processing /home/ubuntu/airflow-venv/lib/python3.12/site-packages/airflow/example_dags/example_skip_dag.py took 0.048 seconds
[2026-02-26T05:30:33.318+0000] {processor.py:186} INFO - Started process (PID=3009) to work on /home/ubuntu/airflow-venv/lib/python3.12/site-packages/airflow/example_dags/example_skip_dag.py
[2026-02-26T05:30:33.319+0000] {processor.py:914} INFO - Processing file /home/ubuntu/airflow-venv/lib/python3.12/site-packages/airflow/example_dags/example_skip_dag.py for tasks to queue
[2026-02-26T05:30:33.321+0000] {logging_mixin.py:190} INFO - [2026-02-26T05:30:33.320+0000] {dagbag.py:588} INFO - Filling up the DagBag from /home/ubuntu/airflow-venv/lib/python3.12/site-packages/airflow/example_dags/example_skip_dag.py
[2026-02-26T05:30:33.326+0000] {processor.py:925} INFO - DAG(s) 'example_skip_dag' retrieved from /home/ubuntu/airflow-venv/lib/python3.12/site-packages/airflow/example_dags/example_skip_dag.py
[2026-02-26T05:30:33.335+0000] {logging_mixin.py:190} INFO - [2026-02-26T05:30:33.335+0000] {dag.py:3239} INFO - Sync 1 DAGs
[2026-02-26T05:30:33.347+0000] {logging_mixin.py:190} INFO - [2026-02-26T05:30:33.347+0000] {dag.py:4180} INFO - Setting next_dagrun for example_skip_dag to 2026-02-25 00:00:00+00:00, run_after=2026-02-26 00:00:00+00:00
[2026-02-26T05:30:33.364+0000] {processor.py:208} INFO - Processing /home/ubuntu/airflow-venv/lib/python3.12/site-packages/airflow/example_dags/example_skip_dag.py took 0.049 seconds
[2026-02-26T05:31:26.041+0000] {processor.py:186} INFO - Started process (PID=3062) to work on /home/ubuntu/airflow-venv/lib/python3.12/site-packages/airflow/example_dags/example_skip_dag.py
[2026-02-26T05:31:26.042+0000] {processor.py:914} INFO - Processing file /home/ubuntu/airflow-venv/lib/python3.12/site-packages/airflow/example_dags/example_skip_dag.py for tasks to queue
[2026-02-26T05:31:26.043+0000] {logging_mixin.py:190} INFO - [2026-02-26T05:31:26.043+0000] {dagbag.py:588} INFO - Filling up the DagBag from /home/ubuntu/airflow-venv/lib/python3.12/site-packages/airflow/example_dags/example_skip_dag.py
[2026-02-26T05:31:26.048+0000] {processor.py:925} INFO - DAG(s) 'example_skip_dag' retrieved from /home/ubuntu/airflow-venv/lib/python3.12/site-packages/airflow/example_dags/example_skip_dag.py
[2026-02-26T05:31:26.058+0000] {logging_mixin.py:190} INFO - [2026-02-26T05:31:26.058+0000] {dag.py:3239} INFO - Sync 1 DAGs
[2026-02-26T05:31:26.070+0000] {logging_mixin.py:190} INFO - [2026-02-26T05:31:26.070+0000] {dag.py:4180} INFO - Setting next_dagrun for example_skip_dag to 2026-02-25 00:00:00+00:00, run_after=2026-02-26 00:00:00+00:00
[2026-02-26T05:31:26.086+0000] {processor.py:208} INFO - Processing /home/ubuntu/airflow-venv/lib/python3.12/site-packages/airflow/example_dags/example_skip_dag.py took 0.049 seconds
[2026-02-26T05:32:17.822+0000] {processor.py:186} INFO - Started process (PID=3115) to work on /home/ubuntu/airflow-venv/lib/python3.12/site-packages/airflow/example_dags/example_skip_dag.py
[2026-02-26T05:32:17.823+0000] {processor.py:914} INFO - Processing file /home/ubuntu/airflow-venv/lib/python3.12/site-packages/airflow/example_dags/example_skip_dag.py for tasks to queue
[2026-02-26T05:32:17.825+0000] {logging_mixin.py:190} INFO - [2026-02-26T05:32:17.824+0000] {dagbag.py:588} INFO - Filling up the DagBag from /home/ubuntu/airflow-venv/lib/python3.12/site-packages/airflow/example_dags/example_skip_dag.py
[2026-02-26T05:32:17.830+0000] {processor.py:925} INFO - DAG(s) 'example_skip_dag' retrieved from /home/ubuntu/airflow-venv/lib/python3.12/site-packages/airflow/example_dags/example_skip_dag.py
[2026-02-26T05:32:17.840+0000] {logging_mixin.py:190} INFO - [2026-02-26T05:32:17.839+0000] {dag.py:3239} INFO - Sync 1 DAGs
[2026-02-26T05:32:17.852+0000] {logging_mixin.py:190} INFO - [2026-02-26T05:32:17.852+0000] {dag.py:4180} INFO - Setting next_dagrun for example_skip_dag to 2026-02-25 00:00:00+00:00, run_after=2026-02-26 00:00:00+00:00
[2026-02-26T05:32:17.867+0000] {processor.py:208} INFO - Processing /home/ubuntu/airflow-venv/lib/python3.12/site-packages/airflow/example_dags/example_skip_dag.py took 0.049 seconds
[2026-02-26T05:33:05.578+0000] {processor.py:186} INFO - Started process (PID=3166) to work on /home/ubuntu/airflow-venv/lib/python3.12/site-packages/airflow/example_dags/example_skip_dag.py
[2026-02-26T05:33:05.579+0000] {processor.py:914} INFO - Processing file /home/ubuntu/airflow-venv/lib/python3.12/site-packages/airflow/example_dags/example_skip_dag.py for tasks to queue
[2026-02-26T05:33:05.580+0000] {logging_mixin.py:190} INFO - [2026-02-26T05:33:05.580+0000] {dagbag.py:588} INFO - Filling up the DagBag from /home/ubuntu/airflow-venv/lib/python3.12/site-packages/airflow/example_dags/example_skip_dag.py
[2026-02-26T05:33:05.585+0000] {processor.py:925} INFO - DAG(s) 'example_skip_dag' retrieved from /home/ubuntu/airflow-venv/lib/python3.12/site-packages/airflow/example_dags/example_skip_dag.py
[2026-02-26T05:33:05.596+0000] {logging_mixin.py:190} INFO - [2026-02-26T05:33:05.595+0000] {dag.py:3239} INFO - Sync 1 DAGs
[2026-02-26T05:33:05.607+0000] {logging_mixin.py:190} INFO - [2026-02-26T05:33:05.607+0000] {dag.py:4180} INFO - Setting next_dagrun for example_skip_dag to 2026-02-25 00:00:00+00:00, run_after=2026-02-26 00:00:00+00:00
[2026-02-26T05:33:05.624+0000] {processor.py:208} INFO - Processing /home/ubuntu/airflow-venv/lib/python3.12/site-packages/airflow/example_dags/example_skip_dag.py took 0.049 seconds
[2026-02-26T05:33:57.184+0000] {processor.py:186} INFO - Started process (PID=3222) to work on /home/ubuntu/airflow-venv/lib/python3.12/site-packages/airflow/example_dags/example_skip_dag.py
[2026-02-26T05:33:57.185+0000] {processor.py:914} INFO - Processing file /home/ubuntu/airflow-venv/lib/python3.12/site-packages/airflow/example_dags/example_skip_dag.py for tasks to queue
[2026-02-26T05:33:57.186+0000] {logging_mixin.py:190} INFO - [2026-02-26T05:33:57.186+0000] {dagbag.py:588} INFO - Filling up the DagBag from /home/ubuntu/airflow-venv/lib/python3.12/site-packages/airflow/example_dags/example_skip_dag.py
[2026-02-26T05:33:57.192+0000] {processor.py:925} INFO - DAG(s) 'example_skip_dag' retrieved from /home/ubuntu/airflow-venv/lib/python3.12/site-packages/airflow/example_dags/example_skip_dag.py
[2026-02-26T05:33:57.202+0000] {logging_mixin.py:190} INFO - [2026-02-26T05:33:57.202+0000] {dag.py:3239} INFO - Sync 1 DAGs
[2026-02-26T05:33:57.214+0000] {logging_mixin.py:190} INFO - [2026-02-26T05:33:57.214+0000] {dag.py:4180} INFO - Setting next_dagrun for example_skip_dag to 2026-02-25 00:00:00+00:00, run_after=2026-02-26 00:00:00+00:00
[2026-02-26T05:33:57.230+0000] {processor.py:208} INFO - Processing /home/ubuntu/airflow-venv/lib/python3.12/site-packages/airflow/example_dags/example_skip_dag.py took 0.050 seconds
[2026-02-26T05:34:44.036+0000] {processor.py:186} INFO - Started process (PID=3275) to work on /home/ubuntu/airflow-venv/lib/python3.12/site-packages/airflow/example_dags/example_skip_dag.py
[2026-02-26T05:34:44.037+0000] {processor.py:914} INFO - Processing file /home/ubuntu/airflow-venv/lib/python3.12/site-packages/airflow/example_dags/example_skip_dag.py for tasks to queue
[2026-02-26T05:34:44.038+0000] {logging_mixin.py:190} INFO - [2026-02-26T05:34:44.038+0000] {dagbag.py:588} INFO - Filling up the DagBag from /home/ubuntu/airflow-venv/lib/python3.12/site-packages/airflow/example_dags/example_skip_dag.py
[2026-02-26T05:34:44.043+0000] {processor.py:925} INFO - DAG(s) 'example_skip_dag' retrieved from /home/ubuntu/airflow-venv/lib/python3.12/site-packages/airflow/example_dags/example_skip_dag.py
[2026-02-26T05:34:44.054+0000] {logging_mixin.py:190} INFO - [2026-02-26T05:34:44.053+0000] {dag.py:3239} INFO - Sync 1 DAGs
[2026-02-26T05:34:44.065+0000] {logging_mixin.py:190} INFO - [2026-02-26T05:34:44.065+0000] {dag.py:4180} INFO - Setting next_dagrun for example_skip_dag to 2026-02-25 00:00:00+00:00, run_after=2026-02-26 00:00:00+00:00
[2026-02-26T05:34:44.082+0000] {processor.py:208} INFO - Processing /home/ubuntu/airflow-venv/lib/python3.12/site-packages/airflow/example_dags/example_skip_dag.py took 0.050 seconds
[2026-02-26T05:35:36.831+0000] {processor.py:186} INFO - Started process (PID=3335) to work on /home/ubuntu/airflow-venv/lib/python3.12/site-packages/airflow/example_dags/example_skip_dag.py
[2026-02-26T05:35:36.832+0000] {processor.py:914} INFO - Processing file /home/ubuntu/airflow-venv/lib/python3.12/site-packages/airflow/example_dags/example_skip_dag.py for tasks to queue
[2026-02-26T05:35:36.834+0000] {logging_mixin.py:190} INFO - [2026-02-26T05:35:36.834+0000] {dagbag.py:588} INFO - Filling up the DagBag from /home/ubuntu/airflow-venv/lib/python3.12/site-packages/airflow/example_dags/example_skip_dag.py
[2026-02-26T05:35:36.839+0000] {processor.py:925} INFO - DAG(s) 'example_skip_dag' retrieved from /home/ubuntu/airflow-venv/lib/python3.12/site-packages/airflow/example_dags/example_skip_dag.py
[2026-02-26T05:35:36.849+0000] {logging_mixin.py:190} INFO - [2026-02-26T05:35:36.849+0000] {dag.py:3239} INFO - Sync 1 DAGs
[2026-02-26T05:35:36.860+0000] {logging_mixin.py:190} INFO - [2026-02-26T05:35:36.860+0000] {dag.py:4180} INFO - Setting next_dagrun for example_skip_dag to 2026-02-25 00:00:00+00:00, run_after=2026-02-26 00:00:00+00:00
[2026-02-26T05:35:36.876+0000] {processor.py:208} INFO - Processing /home/ubuntu/airflow-venv/lib/python3.12/site-packages/airflow/example_dags/example_skip_dag.py took 0.048 seconds
[2026-02-26T05:36:29.685+0000] {processor.py:186} INFO - Started process (PID=3393) to work on /home/ubuntu/airflow-venv/lib/python3.12/site-packages/airflow/example_dags/example_skip_dag.py
[2026-02-26T05:36:29.686+0000] {processor.py:914} INFO - Processing file /home/ubuntu/airflow-venv/lib/python3.12/site-packages/airflow/example_dags/example_skip_dag.py for tasks to queue
[2026-02-26T05:36:29.687+0000] {logging_mixin.py:190} INFO - [2026-02-26T05:36:29.687+0000] {dagbag.py:588} INFO - Filling up the DagBag from /home/ubuntu/airflow-venv/lib/python3.12/site-packages/airflow/example_dags/example_skip_dag.py
[2026-02-26T05:36:29.692+0000] {processor.py:925} INFO - DAG(s) 'example_skip_dag' retrieved from /home/ubuntu/airflow-venv/lib/python3.12/site-packages/airflow/example_dags/example_skip_dag.py
[2026-02-26T05:36:29.703+0000] {logging_mixin.py:190} INFO - [2026-02-26T05:36:29.703+0000] {dag.py:3239} INFO - Sync 1 DAGs
[2026-02-26T05:36:29.714+0000] {logging_mixin.py:190} INFO - [2026-02-26T05:36:29.714+0000] {dag.py:4180} INFO - Setting next_dagrun for example_skip_dag to 2026-02-25 00:00:00+00:00, run_after=2026-02-26 00:00:00+00:00
[2026-02-26T05:36:29.730+0000] {processor.py:208} INFO - Processing /home/ubuntu/airflow-venv/lib/python3.12/site-packages/airflow/example_dags/example_skip_dag.py took 0.049 seconds
[2026-02-26T05:37:18.035+0000] {processor.py:186} INFO - Started process (PID=3445) to work on /home/ubuntu/airflow-venv/lib/python3.12/site-packages/airflow/example_dags/example_skip_dag.py
[2026-02-26T05:37:18.036+0000] {processor.py:914} INFO - Processing file /home/ubuntu/airflow-venv/lib/python3.12/site-packages/airflow/example_dags/example_skip_dag.py for tasks to queue
[2026-02-26T05:37:18.037+0000] {logging_mixin.py:190} INFO - [2026-02-26T05:37:18.037+0000] {dagbag.py:588} INFO - Filling up the DagBag from /home/ubuntu/airflow-venv/lib/python3.12/site-packages/airflow/example_dags/example_skip_dag.py
[2026-02-26T05:37:18.042+0000] {processor.py:925} INFO - DAG(s) 'example_skip_dag' retrieved from /home/ubuntu/airflow-venv/lib/python3.12/site-packages/airflow/example_dags/example_skip_dag.py
[2026-02-26T05:37:18.052+0000] {logging_mixin.py:190} INFO - [2026-02-26T05:37:18.052+0000] {dag.py:3239} INFO - Sync 1 DAGs
[2026-02-26T05:37:18.063+0000] {logging_mixin.py:190} INFO - [2026-02-26T05:37:18.063+0000] {dag.py:4180} INFO - Setting next_dagrun for example_skip_dag to 2026-02-25 00:00:00+00:00, run_after=2026-02-26 00:00:00+00:00
[2026-02-26T05:37:18.079+0000] {processor.py:208} INFO - Processing /home/ubuntu/airflow-venv/lib/python3.12/site-packages/airflow/example_dags/example_skip_dag.py took 0.047 seconds
[2026-02-26T05:38:07.955+0000] {processor.py:186} INFO - Started process (PID=3495) to work on /home/ubuntu/airflow-venv/lib/python3.12/site-packages/airflow/example_dags/example_skip_dag.py
[2026-02-26T05:38:07.956+0000] {processor.py:914} INFO - Processing file /home/ubuntu/airflow-venv/lib/python3.12/site-packages/airflow/example_dags/example_skip_dag.py for tasks to queue
[2026-02-26T05:38:07.958+0000] {logging_mixin.py:190} INFO - [2026-02-26T05:38:07.958+0000] {dagbag.py:588} INFO - Filling up the DagBag from /home/ubuntu/airflow-venv/lib/python3.12/site-packages/airflow/example_dags/example_skip_dag.py
[2026-02-26T05:38:07.963+0000] {processor.py:925} INFO - DAG(s) 'example_skip_dag' retrieved from /home/ubuntu/airflow-venv/lib/python3.12/site-packages/airflow/example_dags/example_skip_dag.py
[2026-02-26T05:38:07.973+0000] {logging_mixin.py:190} INFO - [2026-02-26T05:38:07.973+0000] {dag.py:3239} INFO - Sync 1 DAGs
[2026-02-26T05:38:07.985+0000] {logging_mixin.py:190} INFO - [2026-02-26T05:38:07.985+0000] {dag.py:4180} INFO - Setting next_dagrun for example_skip_dag to 2026-02-25 00:00:00+00:00, run_after=2026-02-26 00:00:00+00:00
[2026-02-26T05:38:08.001+0000] {processor.py:208} INFO - Processing /home/ubuntu/airflow-venv/lib/python3.12/site-packages/airflow/example_dags/example_skip_dag.py took 0.049 seconds
[2026-02-26T05:38:58.981+0000] {processor.py:186} INFO - Started process (PID=3548) to work on /home/ubuntu/airflow-venv/lib/python3.12/site-packages/airflow/example_dags/example_skip_dag.py
[2026-02-26T05:38:58.982+0000] {processor.py:914} INFO - Processing file /home/ubuntu/airflow-venv/lib/python3.12/site-packages/airflow/example_dags/example_skip_dag.py for tasks to queue
[2026-02-26T05:38:58.984+0000] {logging_mixin.py:190} INFO - [2026-02-26T05:38:58.984+0000] {dagbag.py:588} INFO - Filling up the DagBag from /home/ubuntu/airflow-venv/lib/python3.12/site-packages/airflow/example_dags/example_skip_dag.py
[2026-02-26T05:38:58.989+0000] {processor.py:925} INFO - DAG(s) 'example_skip_dag' retrieved from /home/ubuntu/airflow-venv/lib/python3.12/site-packages/airflow/example_dags/example_skip_dag.py
[2026-02-26T05:38:58.999+0000] {logging_mixin.py:190} INFO - [2026-02-26T05:38:58.999+0000] {dag.py:3239} INFO - Sync 1 DAGs
[2026-02-26T05:38:59.011+0000] {logging_mixin.py:190} INFO - [2026-02-26T05:38:59.011+0000] {dag.py:4180} INFO - Setting next_dagrun for example_skip_dag to 2026-02-25 00:00:00+00:00, run_after=2026-02-26 00:00:00+00:00
[2026-02-26T05:38:59.027+0000] {processor.py:208} INFO - Processing /home/ubuntu/airflow-venv/lib/python3.12/site-packages/airflow/example_dags/example_skip_dag.py took 0.049 seconds
[2026-02-26T05:39:49.225+0000] {processor.py:186} INFO - Started process (PID=3603) to work on /home/ubuntu/airflow-venv/lib/python3.12/site-packages/airflow/example_dags/example_skip_dag.py
[2026-02-26T05:39:49.226+0000] {processor.py:914} INFO - Processing file /home/ubuntu/airflow-venv/lib/python3.12/site-packages/airflow/example_dags/example_skip_dag.py for tasks to queue
[2026-02-26T05:39:49.227+0000] {logging_mixin.py:190} INFO - [2026-02-26T05:39:49.227+0000] {dagbag.py:588} INFO - Filling up the DagBag from /home/ubuntu/airflow-venv/lib/python3.12/site-packages/airflow/example_dags/example_skip_dag.py
[2026-02-26T05:39:49.232+0000] {processor.py:925} INFO - DAG(s) 'example_skip_dag' retrieved from /home/ubuntu/airflow-venv/lib/python3.12/site-packages/airflow/example_dags/example_skip_dag.py
[2026-02-26T05:39:49.242+0000] {logging_mixin.py:190} INFO - [2026-02-26T05:39:49.242+0000] {dag.py:3239} INFO - Sync 1 DAGs
[2026-02-26T05:39:49.254+0000] {logging_mixin.py:190} INFO - [2026-02-26T05:39:49.254+0000] {dag.py:4180} INFO - Setting next_dagrun for example_skip_dag to 2026-02-25 00:00:00+00:00, run_after=2026-02-26 00:00:00+00:00
[2026-02-26T05:39:49.270+0000] {processor.py:208} INFO - Processing /home/ubuntu/airflow-venv/lib/python3.12/site-packages/airflow/example_dags/example_skip_dag.py took 0.049 seconds
[2026-02-26T05:40:37.722+0000] {processor.py:186} INFO - Started process (PID=3659) to work on /home/ubuntu/airflow-venv/lib/python3.12/site-packages/airflow/example_dags/example_skip_dag.py
[2026-02-26T05:40:37.723+0000] {processor.py:914} INFO - Processing file /home/ubuntu/airflow-venv/lib/python3.12/site-packages/airflow/example_dags/example_skip_dag.py for tasks to queue
[2026-02-26T05:40:37.725+0000] {logging_mixin.py:190} INFO - [2026-02-26T05:40:37.724+0000] {dagbag.py:588} INFO - Filling up the DagBag from /home/ubuntu/airflow-venv/lib/python3.12/site-packages/airflow/example_dags/example_skip_dag.py
[2026-02-26T05:40:37.730+0000] {processor.py:925} INFO - DAG(s) 'example_skip_dag' retrieved from /home/ubuntu/airflow-venv/lib/python3.12/site-packages/airflow/example_dags/example_skip_dag.py
[2026-02-26T05:40:37.740+0000] {logging_mixin.py:190} INFO - [2026-02-26T05:40:37.740+0000] {dag.py:3239} INFO - Sync 1 DAGs
[2026-02-26T05:40:37.752+0000] {logging_mixin.py:190} INFO - [2026-02-26T05:40:37.752+0000] {dag.py:4180} INFO - Setting next_dagrun for example_skip_dag to 2026-02-25 00:00:00+00:00, run_after=2026-02-26 00:00:00+00:00
[2026-02-26T05:40:37.768+0000] {processor.py:208} INFO - Processing /home/ubuntu/airflow-venv/lib/python3.12/site-packages/airflow/example_dags/example_skip_dag.py took 0.050 seconds
[2026-02-26T05:41:26.794+0000] {processor.py:186} INFO - Started process (PID=3710) to work on /home/ubuntu/airflow-venv/lib/python3.12/site-packages/airflow/example_dags/example_skip_dag.py
[2026-02-26T05:41:26.795+0000] {processor.py:914} INFO - Processing file /home/ubuntu/airflow-venv/lib/python3.12/site-packages/airflow/example_dags/example_skip_dag.py for tasks to queue
[2026-02-26T05:41:26.797+0000] {logging_mixin.py:190} INFO - [2026-02-26T05:41:26.797+0000] {dagbag.py:588} INFO - Filling up the DagBag from /home/ubuntu/airflow-venv/lib/python3.12/site-packages/airflow/example_dags/example_skip_dag.py
[2026-02-26T05:41:26.802+0000] {processor.py:925} INFO - DAG(s) 'example_skip_dag' retrieved from /home/ubuntu/airflow-venv/lib/python3.12/site-packages/airflow/example_dags/example_skip_dag.py
[2026-02-26T05:41:26.812+0000] {logging_mixin.py:190} INFO - [2026-02-26T05:41:26.812+0000] {dag.py:3239} INFO - Sync 1 DAGs
[2026-02-26T05:41:26.823+0000] {logging_mixin.py:190} INFO - [2026-02-26T05:41:26.823+0000] {dag.py:4180} INFO - Setting next_dagrun for example_skip_dag to 2026-02-25 00:00:00+00:00, run_after=2026-02-26 00:00:00+00:00
[2026-02-26T05:41:26.839+0000] {processor.py:208} INFO - Processing /home/ubuntu/airflow-venv/lib/python3.12/site-packages/airflow/example_dags/example_skip_dag.py took 0.048 seconds
[2026-02-26T05:42:15.899+0000] {processor.py:186} INFO - Started process (PID=3761) to work on /home/ubuntu/airflow-venv/lib/python3.12/site-packages/airflow/example_dags/example_skip_dag.py
[2026-02-26T05:42:15.900+0000] {processor.py:914} INFO - Processing file /home/ubuntu/airflow-venv/lib/python3.12/site-packages/airflow/example_dags/example_skip_dag.py for tasks to queue
[2026-02-26T05:42:15.901+0000] {logging_mixin.py:190} INFO - [2026-02-26T05:42:15.901+0000] {dagbag.py:588} INFO - Filling up the DagBag from /home/ubuntu/airflow-venv/lib/python3.12/site-packages/airflow/example_dags/example_skip_dag.py
[2026-02-26T05:42:15.906+0000] {processor.py:925} INFO - DAG(s) 'example_skip_dag' retrieved from /home/ubuntu/airflow-venv/lib/python3.12/site-packages/airflow/example_dags/example_skip_dag.py
[2026-02-26T05:42:15.916+0000] {logging_mixin.py:190} INFO - [2026-02-26T05:42:15.916+0000] {dag.py:3239} INFO - Sync 1 DAGs
[2026-02-26T05:42:15.928+0000] {logging_mixin.py:190} INFO - [2026-02-26T05:42:15.928+0000] {dag.py:4180} INFO - Setting next_dagrun for example_skip_dag to 2026-02-25 00:00:00+00:00, run_after=2026-02-26 00:00:00+00:00
[2026-02-26T05:42:15.944+0000] {processor.py:208} INFO - Processing /home/ubuntu/airflow-venv/lib/python3.12/site-packages/airflow/example_dags/example_skip_dag.py took 0.049 seconds
[2026-02-26T05:43:05.489+0000] {processor.py:186} INFO - Started process (PID=3814) to work on /home/ubuntu/airflow-venv/lib/python3.12/site-packages/airflow/example_dags/example_skip_dag.py
[2026-02-26T05:43:05.490+0000] {processor.py:914} INFO - Processing file /home/ubuntu/airflow-venv/lib/python3.12/site-packages/airflow/example_dags/example_skip_dag.py for tasks to queue
[2026-02-26T05:43:05.491+0000] {logging_mixin.py:190} INFO - [2026-02-26T05:43:05.491+0000] {dagbag.py:588} INFO - Filling up the DagBag from /home/ubuntu/airflow-venv/lib/python3.12/site-packages/airflow/example_dags/example_skip_dag.py
[2026-02-26T05:43:05.496+0000] {processor.py:925} INFO - DAG(s) 'example_skip_dag' retrieved from /home/ubuntu/airflow-venv/lib/python3.12/site-packages/airflow/example_dags/example_skip_dag.py
[2026-02-26T05:43:05.506+0000] {logging_mixin.py:190} INFO - [2026-02-26T05:43:05.506+0000] {dag.py:3239} INFO - Sync 1 DAGs
[2026-02-26T05:43:05.518+0000] {logging_mixin.py:190} INFO - [2026-02-26T05:43:05.518+0000] {dag.py:4180} INFO - Setting next_dagrun for example_skip_dag to 2026-02-25 00:00:00+00:00, run_after=2026-02-26 00:00:00+00:00
[2026-02-26T05:43:05.534+0000] {processor.py:208} INFO - Processing /home/ubuntu/airflow-venv/lib/python3.12/site-packages/airflow/example_dags/example_skip_dag.py took 0.049 seconds
[2026-02-26T05:43:56.136+0000] {processor.py:186} INFO - Started process (PID=3866) to work on /home/ubuntu/airflow-venv/lib/python3.12/site-packages/airflow/example_dags/example_skip_dag.py
[2026-02-26T05:43:56.137+0000] {processor.py:914} INFO - Processing file /home/ubuntu/airflow-venv/lib/python3.12/site-packages/airflow/example_dags/example_skip_dag.py for tasks to queue
[2026-02-26T05:43:56.138+0000] {logging_mixin.py:190} INFO - [2026-02-26T05:43:56.138+0000] {dagbag.py:588} INFO - Filling up the DagBag from /home/ubuntu/airflow-venv/lib/python3.12/site-packages/airflow/example_dags/example_skip_dag.py
[2026-02-26T05:43:56.144+0000] {processor.py:925} INFO - DAG(s) 'example_skip_dag' retrieved from /home/ubuntu/airflow-venv/lib/python3.12/site-packages/airflow/example_dags/example_skip_dag.py
[2026-02-26T05:43:56.154+0000] {logging_mixin.py:190} INFO - [2026-02-26T05:43:56.154+0000] {dag.py:3239} INFO - Sync 1 DAGs
[2026-02-26T05:43:56.165+0000] {logging_mixin.py:190} INFO - [2026-02-26T05:43:56.165+0000] {dag.py:4180} INFO - Setting next_dagrun for example_skip_dag to 2026-02-25 00:00:00+00:00, run_after=2026-02-26 00:00:00+00:00
[2026-02-26T05:43:56.181+0000] {processor.py:208} INFO - Processing /home/ubuntu/airflow-venv/lib/python3.12/site-packages/airflow/example_dags/example_skip_dag.py took 0.049 seconds
[2026-02-26T05:44:44.445+0000] {processor.py:186} INFO - Started process (PID=3919) to work on /home/ubuntu/airflow-venv/lib/python3.12/site-packages/airflow/example_dags/example_skip_dag.py
[2026-02-26T05:44:44.446+0000] {processor.py:914} INFO - Processing file /home/ubuntu/airflow-venv/lib/python3.12/site-packages/airflow/example_dags/example_skip_dag.py for tasks to queue
[2026-02-26T05:44:44.448+0000] {logging_mixin.py:190} INFO - [2026-02-26T05:44:44.447+0000] {dagbag.py:588} INFO - Filling up the DagBag from /home/ubuntu/airflow-venv/lib/python3.12/site-packages/airflow/example_dags/example_skip_dag.py
[2026-02-26T05:44:44.453+0000] {processor.py:925} INFO - DAG(s) 'example_skip_dag' retrieved from /home/ubuntu/airflow-venv/lib/python3.12/site-packages/airflow/example_dags/example_skip_dag.py
[2026-02-26T05:44:44.463+0000] {logging_mixin.py:190} INFO - [2026-02-26T05:44:44.463+0000] {dag.py:3239} INFO - Sync 1 DAGs
[2026-02-26T05:44:44.475+0000] {logging_mixin.py:190} INFO - [2026-02-26T05:44:44.475+0000] {dag.py:4180} INFO - Setting next_dagrun for example_skip_dag to 2026-02-25 00:00:00+00:00, run_after=2026-02-26 00:00:00+00:00
[2026-02-26T05:44:44.491+0000] {processor.py:208} INFO - Processing /home/ubuntu/airflow-venv/lib/python3.12/site-packages/airflow/example_dags/example_skip_dag.py took 0.049 seconds
[2026-02-26T06:13:52.794+0000] {processor.py:186} INFO - Started process (PID=2704) to work on /home/ubuntu/airflow-venv/lib/python3.12/site-packages/airflow/example_dags/example_skip_dag.py
[2026-02-26T06:13:52.797+0000] {processor.py:914} INFO - Processing file /home/ubuntu/airflow-venv/lib/python3.12/site-packages/airflow/example_dags/example_skip_dag.py for tasks to queue
[2026-02-26T06:13:52.798+0000] {logging_mixin.py:190} INFO - [2026-02-26T06:13:52.798+0000] {dagbag.py:588} INFO - Filling up the DagBag from /home/ubuntu/airflow-venv/lib/python3.12/site-packages/airflow/example_dags/example_skip_dag.py
[2026-02-26T06:13:52.803+0000] {processor.py:925} INFO - DAG(s) 'example_skip_dag' retrieved from /home/ubuntu/airflow-venv/lib/python3.12/site-packages/airflow/example_dags/example_skip_dag.py
[2026-02-26T06:13:52.815+0000] {logging_mixin.py:190} INFO - [2026-02-26T06:13:52.814+0000] {dag.py:3239} INFO - Sync 1 DAGs
[2026-02-26T06:13:52.827+0000] {logging_mixin.py:190} INFO - [2026-02-26T06:13:52.827+0000] {dag.py:4180} INFO - Setting next_dagrun for example_skip_dag to 2026-02-25 00:00:00+00:00, run_after=2026-02-26 00:00:00+00:00
[2026-02-26T06:13:52.844+0000] {processor.py:208} INFO - Processing /home/ubuntu/airflow-venv/lib/python3.12/site-packages/airflow/example_dags/example_skip_dag.py took 0.053 seconds
[2026-02-26T06:14:52.586+0000] {processor.py:186} INFO - Started process (PID=2768) to work on /home/ubuntu/airflow-venv/lib/python3.12/site-packages/airflow/example_dags/example_skip_dag.py
[2026-02-26T06:14:52.587+0000] {processor.py:914} INFO - Processing file /home/ubuntu/airflow-venv/lib/python3.12/site-packages/airflow/example_dags/example_skip_dag.py for tasks to queue
[2026-02-26T06:14:52.589+0000] {logging_mixin.py:190} INFO - [2026-02-26T06:14:52.588+0000] {dagbag.py:588} INFO - Filling up the DagBag from /home/ubuntu/airflow-venv/lib/python3.12/site-packages/airflow/example_dags/example_skip_dag.py
[2026-02-26T06:14:52.594+0000] {processor.py:925} INFO - DAG(s) 'example_skip_dag' retrieved from /home/ubuntu/airflow-venv/lib/python3.12/site-packages/airflow/example_dags/example_skip_dag.py
[2026-02-26T06:14:52.605+0000] {logging_mixin.py:190} INFO - [2026-02-26T06:14:52.605+0000] {dag.py:3239} INFO - Sync 1 DAGs
[2026-02-26T06:14:52.618+0000] {logging_mixin.py:190} INFO - [2026-02-26T06:14:52.618+0000] {dag.py:4180} INFO - Setting next_dagrun for example_skip_dag to 2026-02-25 00:00:00+00:00, run_after=2026-02-26 00:00:00+00:00
[2026-02-26T06:14:52.634+0000] {processor.py:208} INFO - Processing /home/ubuntu/airflow-venv/lib/python3.12/site-packages/airflow/example_dags/example_skip_dag.py took 0.052 seconds
[2026-02-26T06:15:49.930+0000] {processor.py:186} INFO - Started process (PID=2835) to work on /home/ubuntu/airflow-venv/lib/python3.12/site-packages/airflow/example_dags/example_skip_dag.py
[2026-02-26T06:15:49.931+0000] {processor.py:914} INFO - Processing file /home/ubuntu/airflow-venv/lib/python3.12/site-packages/airflow/example_dags/example_skip_dag.py for tasks to queue
[2026-02-26T06:15:49.932+0000] {logging_mixin.py:190} INFO - [2026-02-26T06:15:49.932+0000] {dagbag.py:588} INFO - Filling up the DagBag from /home/ubuntu/airflow-venv/lib/python3.12/site-packages/airflow/example_dags/example_skip_dag.py
[2026-02-26T06:15:49.937+0000] {processor.py:925} INFO - DAG(s) 'example_skip_dag' retrieved from /home/ubuntu/airflow-venv/lib/python3.12/site-packages/airflow/example_dags/example_skip_dag.py
[2026-02-26T06:15:49.948+0000] {logging_mixin.py:190} INFO - [2026-02-26T06:15:49.948+0000] {dag.py:3239} INFO - Sync 1 DAGs
[2026-02-26T06:15:49.960+0000] {logging_mixin.py:190} INFO - [2026-02-26T06:15:49.960+0000] {dag.py:4180} INFO - Setting next_dagrun for example_skip_dag to 2026-02-25 00:00:00+00:00, run_after=2026-02-26 00:00:00+00:00
[2026-02-26T06:15:49.976+0000] {processor.py:208} INFO - Processing /home/ubuntu/airflow-venv/lib/python3.12/site-packages/airflow/example_dags/example_skip_dag.py took 0.050 seconds
[2026-02-26T06:16:42.599+0000] {processor.py:186} INFO - Started process (PID=2891) to work on /home/ubuntu/airflow-venv/lib/python3.12/site-packages/airflow/example_dags/example_skip_dag.py
[2026-02-26T06:16:42.600+0000] {processor.py:914} INFO - Processing file /home/ubuntu/airflow-venv/lib/python3.12/site-packages/airflow/example_dags/example_skip_dag.py for tasks to queue
[2026-02-26T06:16:42.601+0000] {logging_mixin.py:190} INFO - [2026-02-26T06:16:42.601+0000] {dagbag.py:588} INFO - Filling up the DagBag from /home/ubuntu/airflow-venv/lib/python3.12/site-packages/airflow/example_dags/example_skip_dag.py
[2026-02-26T06:16:42.607+0000] {processor.py:925} INFO - DAG(s) 'example_skip_dag' retrieved from /home/ubuntu/airflow-venv/lib/python3.12/site-packages/airflow/example_dags/example_skip_dag.py
[2026-02-26T06:16:42.617+0000] {logging_mixin.py:190} INFO - [2026-02-26T06:16:42.617+0000] {dag.py:3239} INFO - Sync 1 DAGs
[2026-02-26T06:16:42.630+0000] {logging_mixin.py:190} INFO - [2026-02-26T06:16:42.630+0000] {dag.py:4180} INFO - Setting next_dagrun for example_skip_dag to 2026-02-25 00:00:00+00:00, run_after=2026-02-26 00:00:00+00:00
[2026-02-26T06:16:42.647+0000] {processor.py:208} INFO - Processing /home/ubuntu/airflow-venv/lib/python3.12/site-packages/airflow/example_dags/example_skip_dag.py took 0.052 seconds
[2026-02-26T06:17:31.208+0000] {processor.py:186} INFO - Started process (PID=2946) to work on /home/ubuntu/airflow-venv/lib/python3.12/site-packages/airflow/example_dags/example_skip_dag.py
[2026-02-26T06:17:31.209+0000] {processor.py:914} INFO - Processing file /home/ubuntu/airflow-venv/lib/python3.12/site-packages/airflow/example_dags/example_skip_dag.py for tasks to queue
[2026-02-26T06:17:31.211+0000] {logging_mixin.py:190} INFO - [2026-02-26T06:17:31.210+0000] {dagbag.py:588} INFO - Filling up the DagBag from /home/ubuntu/airflow-venv/lib/python3.12/site-packages/airflow/example_dags/example_skip_dag.py
[2026-02-26T06:17:31.216+0000] {processor.py:925} INFO - DAG(s) 'example_skip_dag' retrieved from /home/ubuntu/airflow-venv/lib/python3.12/site-packages/airflow/example_dags/example_skip_dag.py
[2026-02-26T06:17:31.227+0000] {logging_mixin.py:190} INFO - [2026-02-26T06:17:31.227+0000] {dag.py:3239} INFO - Sync 1 DAGs
[2026-02-26T06:17:31.240+0000] {logging_mixin.py:190} INFO - [2026-02-26T06:17:31.239+0000] {dag.py:4180} INFO - Setting next_dagrun for example_skip_dag to 2026-02-25 00:00:00+00:00, run_after=2026-02-26 00:00:00+00:00
[2026-02-26T06:17:31.256+0000] {processor.py:208} INFO - Processing /home/ubuntu/airflow-venv/lib/python3.12/site-packages/airflow/example_dags/example_skip_dag.py took 0.052 seconds
[2026-02-26T06:18:21.844+0000] {processor.py:186} INFO - Started process (PID=2998) to work on /home/ubuntu/airflow-venv/lib/python3.12/site-packages/airflow/example_dags/example_skip_dag.py
[2026-02-26T06:18:21.845+0000] {processor.py:914} INFO - Processing file /home/ubuntu/airflow-venv/lib/python3.12/site-packages/airflow/example_dags/example_skip_dag.py for tasks to queue
[2026-02-26T06:18:21.847+0000] {logging_mixin.py:190} INFO - [2026-02-26T06:18:21.846+0000] {dagbag.py:588} INFO - Filling up the DagBag from /home/ubuntu/airflow-venv/lib/python3.12/site-packages/airflow/example_dags/example_skip_dag.py
[2026-02-26T06:18:21.852+0000] {processor.py:925} INFO - DAG(s) 'example_skip_dag' retrieved from /home/ubuntu/airflow-venv/lib/python3.12/site-packages/airflow/example_dags/example_skip_dag.py
[2026-02-26T06:18:21.862+0000] {logging_mixin.py:190} INFO - [2026-02-26T06:18:21.862+0000] {dag.py:3239} INFO - Sync 1 DAGs
[2026-02-26T06:18:21.874+0000] {logging_mixin.py:190} INFO - [2026-02-26T06:18:21.874+0000] {dag.py:4180} INFO - Setting next_dagrun for example_skip_dag to 2026-02-25 00:00:00+00:00, run_after=2026-02-26 00:00:00+00:00
[2026-02-26T06:18:21.890+0000] {processor.py:208} INFO - Processing /home/ubuntu/airflow-venv/lib/python3.12/site-packages/airflow/example_dags/example_skip_dag.py took 0.050 seconds
[2026-02-26T06:19:17.735+0000] {processor.py:186} INFO - Started process (PID=3052) to work on /home/ubuntu/airflow-venv/lib/python3.12/site-packages/airflow/example_dags/example_skip_dag.py
[2026-02-26T06:19:17.736+0000] {processor.py:914} INFO - Processing file /home/ubuntu/airflow-venv/lib/python3.12/site-packages/airflow/example_dags/example_skip_dag.py for tasks to queue
[2026-02-26T06:19:17.738+0000] {logging_mixin.py:190} INFO - [2026-02-26T06:19:17.737+0000] {dagbag.py:588} INFO - Filling up the DagBag from /home/ubuntu/airflow-venv/lib/python3.12/site-packages/airflow/example_dags/example_skip_dag.py
[2026-02-26T06:19:17.743+0000] {processor.py:925} INFO - DAG(s) 'example_skip_dag' retrieved from /home/ubuntu/airflow-venv/lib/python3.12/site-packages/airflow/example_dags/example_skip_dag.py
[2026-02-26T06:19:17.826+0000] {logging_mixin.py:190} INFO - [2026-02-26T06:19:17.826+0000] {dag.py:3239} INFO - Sync 1 DAGs
[2026-02-26T06:19:17.836+0000] {logging_mixin.py:190} INFO - [2026-02-26T06:19:17.836+0000] {dag.py:4180} INFO - Setting next_dagrun for example_skip_dag to 2026-02-25 00:00:00+00:00, run_after=2026-02-26 00:00:00+00:00
[2026-02-26T06:19:17.852+0000] {processor.py:208} INFO - Processing /home/ubuntu/airflow-venv/lib/python3.12/site-packages/airflow/example_dags/example_skip_dag.py took 0.121 seconds
[2026-02-26T06:20:14.468+0000] {processor.py:186} INFO - Started process (PID=3109) to work on /home/ubuntu/airflow-venv/lib/python3.12/site-packages/airflow/example_dags/example_skip_dag.py
[2026-02-26T06:20:14.470+0000] {processor.py:914} INFO - Processing file /home/ubuntu/airflow-venv/lib/python3.12/site-packages/airflow/example_dags/example_skip_dag.py for tasks to queue
[2026-02-26T06:20:14.471+0000] {logging_mixin.py:190} INFO - [2026-02-26T06:20:14.471+0000] {dagbag.py:588} INFO - Filling up the DagBag from /home/ubuntu/airflow-venv/lib/python3.12/site-packages/airflow/example_dags/example_skip_dag.py
[2026-02-26T06:20:14.477+0000] {processor.py:925} INFO - DAG(s) 'example_skip_dag' retrieved from /home/ubuntu/airflow-venv/lib/python3.12/site-packages/airflow/example_dags/example_skip_dag.py
[2026-02-26T06:20:14.488+0000] {logging_mixin.py:190} INFO - [2026-02-26T06:20:14.488+0000] {dag.py:3239} INFO - Sync 1 DAGs
[2026-02-26T06:20:14.501+0000] {logging_mixin.py:190} INFO - [2026-02-26T06:20:14.501+0000] {dag.py:4180} INFO - Setting next_dagrun for example_skip_dag to 2026-02-25 00:00:00+00:00, run_after=2026-02-26 00:00:00+00:00
[2026-02-26T06:20:14.518+0000] {processor.py:208} INFO - Processing /home/ubuntu/airflow-venv/lib/python3.12/site-packages/airflow/example_dags/example_skip_dag.py took 0.053 seconds
[2026-02-26T06:21:04.130+0000] {processor.py:186} INFO - Started process (PID=3166) to work on /home/ubuntu/airflow-venv/lib/python3.12/site-packages/airflow/example_dags/example_skip_dag.py
[2026-02-26T06:21:04.131+0000] {processor.py:914} INFO - Processing file /home/ubuntu/airflow-venv/lib/python3.12/site-packages/airflow/example_dags/example_skip_dag.py for tasks to queue
[2026-02-26T06:21:04.133+0000] {logging_mixin.py:190} INFO - [2026-02-26T06:21:04.132+0000] {dagbag.py:588} INFO - Filling up the DagBag from /home/ubuntu/airflow-venv/lib/python3.12/site-packages/airflow/example_dags/example_skip_dag.py
[2026-02-26T06:21:04.138+0000] {processor.py:925} INFO - DAG(s) 'example_skip_dag' retrieved from /home/ubuntu/airflow-venv/lib/python3.12/site-packages/airflow/example_dags/example_skip_dag.py
[2026-02-26T06:21:04.149+0000] {logging_mixin.py:190} INFO - [2026-02-26T06:21:04.149+0000] {dag.py:3239} INFO - Sync 1 DAGs
[2026-02-26T06:21:04.162+0000] {logging_mixin.py:190} INFO - [2026-02-26T06:21:04.162+0000] {dag.py:4180} INFO - Setting next_dagrun for example_skip_dag to 2026-02-25 00:00:00+00:00, run_after=2026-02-26 00:00:00+00:00
[2026-02-26T06:21:04.179+0000] {processor.py:208} INFO - Processing /home/ubuntu/airflow-venv/lib/python3.12/site-packages/airflow/example_dags/example_skip_dag.py took 0.053 seconds
[2026-02-26T06:21:58.919+0000] {processor.py:186} INFO - Started process (PID=3224) to work on /home/ubuntu/airflow-venv/lib/python3.12/site-packages/airflow/example_dags/example_skip_dag.py
[2026-02-26T06:21:58.921+0000] {processor.py:914} INFO - Processing file /home/ubuntu/airflow-venv/lib/python3.12/site-packages/airflow/example_dags/example_skip_dag.py for tasks to queue
[2026-02-26T06:21:58.922+0000] {logging_mixin.py:190} INFO - [2026-02-26T06:21:58.922+0000] {dagbag.py:588} INFO - Filling up the DagBag from /home/ubuntu/airflow-venv/lib/python3.12/site-packages/airflow/example_dags/example_skip_dag.py
[2026-02-26T06:21:58.927+0000] {processor.py:925} INFO - DAG(s) 'example_skip_dag' retrieved from /home/ubuntu/airflow-venv/lib/python3.12/site-packages/airflow/example_dags/example_skip_dag.py
[2026-02-26T06:21:58.939+0000] {logging_mixin.py:190} INFO - [2026-02-26T06:21:58.938+0000] {dag.py:3239} INFO - Sync 1 DAGs
[2026-02-26T06:21:58.951+0000] {logging_mixin.py:190} INFO - [2026-02-26T06:21:58.951+0000] {dag.py:4180} INFO - Setting next_dagrun for example_skip_dag to 2026-02-25 00:00:00+00:00, run_after=2026-02-26 00:00:00+00:00
[2026-02-26T06:21:58.968+0000] {processor.py:208} INFO - Processing /home/ubuntu/airflow-venv/lib/python3.12/site-packages/airflow/example_dags/example_skip_dag.py took 0.053 seconds
[2026-02-26T06:22:49.444+0000] {processor.py:186} INFO - Started process (PID=3279) to work on /home/ubuntu/airflow-venv/lib/python3.12/site-packages/airflow/example_dags/example_skip_dag.py
[2026-02-26T06:22:49.445+0000] {processor.py:914} INFO - Processing file /home/ubuntu/airflow-venv/lib/python3.12/site-packages/airflow/example_dags/example_skip_dag.py for tasks to queue
[2026-02-26T06:22:49.447+0000] {logging_mixin.py:190} INFO - [2026-02-26T06:22:49.446+0000] {dagbag.py:588} INFO - Filling up the DagBag from /home/ubuntu/airflow-venv/lib/python3.12/site-packages/airflow/example_dags/example_skip_dag.py
[2026-02-26T06:22:49.452+0000] {processor.py:925} INFO - DAG(s) 'example_skip_dag' retrieved from /home/ubuntu/airflow-venv/lib/python3.12/site-packages/airflow/example_dags/example_skip_dag.py
[2026-02-26T06:22:49.463+0000] {logging_mixin.py:190} INFO - [2026-02-26T06:22:49.463+0000] {dag.py:3239} INFO - Sync 1 DAGs
[2026-02-26T06:22:49.476+0000] {logging_mixin.py:190} INFO - [2026-02-26T06:22:49.476+0000] {dag.py:4180} INFO - Setting next_dagrun for example_skip_dag to 2026-02-25 00:00:00+00:00, run_after=2026-02-26 00:00:00+00:00
[2026-02-26T06:22:49.493+0000] {processor.py:208} INFO - Processing /home/ubuntu/airflow-venv/lib/python3.12/site-packages/airflow/example_dags/example_skip_dag.py took 0.053 seconds
[2026-02-26T06:23:42.657+0000] {processor.py:186} INFO - Started process (PID=3332) to work on /home/ubuntu/airflow-venv/lib/python3.12/site-packages/airflow/example_dags/example_skip_dag.py
[2026-02-26T06:23:42.658+0000] {processor.py:914} INFO - Processing file /home/ubuntu/airflow-venv/lib/python3.12/site-packages/airflow/example_dags/example_skip_dag.py for tasks to queue
[2026-02-26T06:23:42.660+0000] {logging_mixin.py:190} INFO - [2026-02-26T06:23:42.659+0000] {dagbag.py:588} INFO - Filling up the DagBag from /home/ubuntu/airflow-venv/lib/python3.12/site-packages/airflow/example_dags/example_skip_dag.py
[2026-02-26T06:23:42.665+0000] {processor.py:925} INFO - DAG(s) 'example_skip_dag' retrieved from /home/ubuntu/airflow-venv/lib/python3.12/site-packages/airflow/example_dags/example_skip_dag.py
[2026-02-26T06:23:42.676+0000] {logging_mixin.py:190} INFO - [2026-02-26T06:23:42.676+0000] {dag.py:3239} INFO - Sync 1 DAGs
[2026-02-26T06:23:42.688+0000] {logging_mixin.py:190} INFO - [2026-02-26T06:23:42.688+0000] {dag.py:4180} INFO - Setting next_dagrun for example_skip_dag to 2026-02-25 00:00:00+00:00, run_after=2026-02-26 00:00:00+00:00
[2026-02-26T06:23:42.705+0000] {processor.py:208} INFO - Processing /home/ubuntu/airflow-venv/lib/python3.12/site-packages/airflow/example_dags/example_skip_dag.py took 0.052 seconds
