[2026-02-26T05:22:44.047+0000] {processor.py:186} INFO - Started process (PID=2122) to work on /home/ubuntu/airflow-venv/lib/python3.12/site-packages/airflow/example_dags/example_trigger_controller_dag.py
[2026-02-26T05:22:44.047+0000] {processor.py:914} INFO - Processing file /home/ubuntu/airflow-venv/lib/python3.12/site-packages/airflow/example_dags/example_trigger_controller_dag.py for tasks to queue
[2026-02-26T05:22:44.049+0000] {logging_mixin.py:190} INFO - [2026-02-26T05:22:44.048+0000] {dagbag.py:588} INFO - Filling up the DagBag from /home/ubuntu/airflow-venv/lib/python3.12/site-packages/airflow/example_dags/example_trigger_controller_dag.py
[2026-02-26T05:22:44.053+0000] {processor.py:925} INFO - DAG(s) 'example_trigger_controller_dag' retrieved from /home/ubuntu/airflow-venv/lib/python3.12/site-packages/airflow/example_dags/example_trigger_controller_dag.py
[2026-02-26T05:22:44.063+0000] {logging_mixin.py:190} INFO - [2026-02-26T05:22:44.063+0000] {dag.py:3239} INFO - Sync 1 DAGs
[2026-02-26T05:22:44.075+0000] {logging_mixin.py:190} INFO - [2026-02-26T05:22:44.075+0000] {dag.py:4180} INFO - Setting next_dagrun for example_trigger_controller_dag to 2021-01-01 00:00:00+00:00, run_after=2021-01-01 00:00:00+00:00
[2026-02-26T05:22:44.091+0000] {processor.py:208} INFO - Processing /home/ubuntu/airflow-venv/lib/python3.12/site-packages/airflow/example_dags/example_trigger_controller_dag.py took 0.048 seconds
[2026-02-26T05:23:39.443+0000] {processor.py:186} INFO - Started process (PID=2186) to work on /home/ubuntu/airflow-venv/lib/python3.12/site-packages/airflow/example_dags/example_trigger_controller_dag.py
[2026-02-26T05:23:39.444+0000] {processor.py:914} INFO - Processing file /home/ubuntu/airflow-venv/lib/python3.12/site-packages/airflow/example_dags/example_trigger_controller_dag.py for tasks to queue
[2026-02-26T05:23:39.445+0000] {logging_mixin.py:190} INFO - [2026-02-26T05:23:39.445+0000] {dagbag.py:588} INFO - Filling up the DagBag from /home/ubuntu/airflow-venv/lib/python3.12/site-packages/airflow/example_dags/example_trigger_controller_dag.py
[2026-02-26T05:23:39.449+0000] {processor.py:925} INFO - DAG(s) 'example_trigger_controller_dag' retrieved from /home/ubuntu/airflow-venv/lib/python3.12/site-packages/airflow/example_dags/example_trigger_controller_dag.py
[2026-02-26T05:23:39.458+0000] {logging_mixin.py:190} INFO - [2026-02-26T05:23:39.458+0000] {dag.py:3239} INFO - Sync 1 DAGs
[2026-02-26T05:23:39.469+0000] {logging_mixin.py:190} INFO - [2026-02-26T05:23:39.469+0000] {dag.py:4180} INFO - Setting next_dagrun for example_trigger_controller_dag to 2021-01-01 00:00:00+00:00, run_after=2021-01-01 00:00:00+00:00
[2026-02-26T05:23:39.485+0000] {processor.py:208} INFO - Processing /home/ubuntu/airflow-venv/lib/python3.12/site-packages/airflow/example_dags/example_trigger_controller_dag.py took 0.046 seconds
[2026-02-26T05:24:29.519+0000] {processor.py:186} INFO - Started process (PID=2240) to work on /home/ubuntu/airflow-venv/lib/python3.12/site-packages/airflow/example_dags/example_trigger_controller_dag.py
[2026-02-26T05:24:29.520+0000] {processor.py:914} INFO - Processing file /home/ubuntu/airflow-venv/lib/python3.12/site-packages/airflow/example_dags/example_trigger_controller_dag.py for tasks to queue
[2026-02-26T05:24:29.521+0000] {logging_mixin.py:190} INFO - [2026-02-26T05:24:29.521+0000] {dagbag.py:588} INFO - Filling up the DagBag from /home/ubuntu/airflow-venv/lib/python3.12/site-packages/airflow/example_dags/example_trigger_controller_dag.py
[2026-02-26T05:24:29.525+0000] {processor.py:925} INFO - DAG(s) 'example_trigger_controller_dag' retrieved from /home/ubuntu/airflow-venv/lib/python3.12/site-packages/airflow/example_dags/example_trigger_controller_dag.py
[2026-02-26T05:24:29.534+0000] {logging_mixin.py:190} INFO - [2026-02-26T05:24:29.534+0000] {dag.py:3239} INFO - Sync 1 DAGs
[2026-02-26T05:24:29.545+0000] {logging_mixin.py:190} INFO - [2026-02-26T05:24:29.545+0000] {dag.py:4180} INFO - Setting next_dagrun for example_trigger_controller_dag to 2021-01-01 00:00:00+00:00, run_after=2021-01-01 00:00:00+00:00
[2026-02-26T05:24:29.560+0000] {processor.py:208} INFO - Processing /home/ubuntu/airflow-venv/lib/python3.12/site-packages/airflow/example_dags/example_trigger_controller_dag.py took 0.045 seconds
[2026-02-26T05:25:18.733+0000] {processor.py:186} INFO - Started process (PID=2301) to work on /home/ubuntu/airflow-venv/lib/python3.12/site-packages/airflow/example_dags/example_trigger_controller_dag.py
[2026-02-26T05:25:18.734+0000] {processor.py:914} INFO - Processing file /home/ubuntu/airflow-venv/lib/python3.12/site-packages/airflow/example_dags/example_trigger_controller_dag.py for tasks to queue
[2026-02-26T05:25:18.735+0000] {logging_mixin.py:190} INFO - [2026-02-26T05:25:18.735+0000] {dagbag.py:588} INFO - Filling up the DagBag from /home/ubuntu/airflow-venv/lib/python3.12/site-packages/airflow/example_dags/example_trigger_controller_dag.py
[2026-02-26T05:25:18.740+0000] {processor.py:925} INFO - DAG(s) 'example_trigger_controller_dag' retrieved from /home/ubuntu/airflow-venv/lib/python3.12/site-packages/airflow/example_dags/example_trigger_controller_dag.py
[2026-02-26T05:25:18.748+0000] {logging_mixin.py:190} INFO - [2026-02-26T05:25:18.748+0000] {dag.py:3239} INFO - Sync 1 DAGs
[2026-02-26T05:25:18.760+0000] {logging_mixin.py:190} INFO - [2026-02-26T05:25:18.760+0000] {dag.py:4180} INFO - Setting next_dagrun for example_trigger_controller_dag to 2021-01-01 00:00:00+00:00, run_after=2021-01-01 00:00:00+00:00
[2026-02-26T05:25:18.776+0000] {processor.py:208} INFO - Processing /home/ubuntu/airflow-venv/lib/python3.12/site-packages/airflow/example_dags/example_trigger_controller_dag.py took 0.046 seconds
[2026-02-26T05:26:07.239+0000] {processor.py:186} INFO - Started process (PID=2358) to work on /home/ubuntu/airflow-venv/lib/python3.12/site-packages/airflow/example_dags/example_trigger_controller_dag.py
[2026-02-26T05:26:07.240+0000] {processor.py:914} INFO - Processing file /home/ubuntu/airflow-venv/lib/python3.12/site-packages/airflow/example_dags/example_trigger_controller_dag.py for tasks to queue
[2026-02-26T05:26:07.241+0000] {logging_mixin.py:190} INFO - [2026-02-26T05:26:07.241+0000] {dagbag.py:588} INFO - Filling up the DagBag from /home/ubuntu/airflow-venv/lib/python3.12/site-packages/airflow/example_dags/example_trigger_controller_dag.py
[2026-02-26T05:26:07.245+0000] {processor.py:925} INFO - DAG(s) 'example_trigger_controller_dag' retrieved from /home/ubuntu/airflow-venv/lib/python3.12/site-packages/airflow/example_dags/example_trigger_controller_dag.py
[2026-02-26T05:26:07.254+0000] {logging_mixin.py:190} INFO - [2026-02-26T05:26:07.254+0000] {dag.py:3239} INFO - Sync 1 DAGs
[2026-02-26T05:26:07.265+0000] {logging_mixin.py:190} INFO - [2026-02-26T05:26:07.265+0000] {dag.py:4180} INFO - Setting next_dagrun for example_trigger_controller_dag to 2021-01-01 00:00:00+00:00, run_after=2021-01-01 00:00:00+00:00
[2026-02-26T05:26:07.281+0000] {processor.py:208} INFO - Processing /home/ubuntu/airflow-venv/lib/python3.12/site-packages/airflow/example_dags/example_trigger_controller_dag.py took 0.046 seconds
[2026-02-26T05:26:55.690+0000] {processor.py:186} INFO - Started process (PID=2415) to work on /home/ubuntu/airflow-venv/lib/python3.12/site-packages/airflow/example_dags/example_trigger_controller_dag.py
[2026-02-26T05:26:55.691+0000] {processor.py:914} INFO - Processing file /home/ubuntu/airflow-venv/lib/python3.12/site-packages/airflow/example_dags/example_trigger_controller_dag.py for tasks to queue
[2026-02-26T05:26:55.693+0000] {logging_mixin.py:190} INFO - [2026-02-26T05:26:55.693+0000] {dagbag.py:588} INFO - Filling up the DagBag from /home/ubuntu/airflow-venv/lib/python3.12/site-packages/airflow/example_dags/example_trigger_controller_dag.py
[2026-02-26T05:26:55.697+0000] {processor.py:925} INFO - DAG(s) 'example_trigger_controller_dag' retrieved from /home/ubuntu/airflow-venv/lib/python3.12/site-packages/airflow/example_dags/example_trigger_controller_dag.py
[2026-02-26T05:26:55.706+0000] {logging_mixin.py:190} INFO - [2026-02-26T05:26:55.705+0000] {dag.py:3239} INFO - Sync 1 DAGs
[2026-02-26T05:26:55.717+0000] {logging_mixin.py:190} INFO - [2026-02-26T05:26:55.716+0000] {dag.py:4180} INFO - Setting next_dagrun for example_trigger_controller_dag to 2021-01-01 00:00:00+00:00, run_after=2021-01-01 00:00:00+00:00
[2026-02-26T05:26:55.732+0000] {processor.py:208} INFO - Processing /home/ubuntu/airflow-venv/lib/python3.12/site-packages/airflow/example_dags/example_trigger_controller_dag.py took 0.044 seconds
[2026-02-26T05:27:44.083+0000] {processor.py:186} INFO - Started process (PID=2830) to work on /home/ubuntu/airflow-venv/lib/python3.12/site-packages/airflow/example_dags/example_trigger_controller_dag.py
[2026-02-26T05:27:44.084+0000] {processor.py:914} INFO - Processing file /home/ubuntu/airflow-venv/lib/python3.12/site-packages/airflow/example_dags/example_trigger_controller_dag.py for tasks to queue
[2026-02-26T05:27:44.086+0000] {logging_mixin.py:190} INFO - [2026-02-26T05:27:44.085+0000] {dagbag.py:588} INFO - Filling up the DagBag from /home/ubuntu/airflow-venv/lib/python3.12/site-packages/airflow/example_dags/example_trigger_controller_dag.py
[2026-02-26T05:27:44.090+0000] {processor.py:925} INFO - DAG(s) 'example_trigger_controller_dag' retrieved from /home/ubuntu/airflow-venv/lib/python3.12/site-packages/airflow/example_dags/example_trigger_controller_dag.py
[2026-02-26T05:27:44.099+0000] {logging_mixin.py:190} INFO - [2026-02-26T05:27:44.098+0000] {dag.py:3239} INFO - Sync 1 DAGs
[2026-02-26T05:27:44.110+0000] {logging_mixin.py:190} INFO - [2026-02-26T05:27:44.110+0000] {dag.py:4180} INFO - Setting next_dagrun for example_trigger_controller_dag to 2021-01-01 00:00:00+00:00, run_after=2021-01-01 00:00:00+00:00
[2026-02-26T05:27:44.126+0000] {processor.py:208} INFO - Processing /home/ubuntu/airflow-venv/lib/python3.12/site-packages/airflow/example_dags/example_trigger_controller_dag.py took 0.047 seconds
[2026-02-26T05:28:33.833+0000] {processor.py:186} INFO - Started process (PID=2882) to work on /home/ubuntu/airflow-venv/lib/python3.12/site-packages/airflow/example_dags/example_trigger_controller_dag.py
[2026-02-26T05:28:33.834+0000] {processor.py:914} INFO - Processing file /home/ubuntu/airflow-venv/lib/python3.12/site-packages/airflow/example_dags/example_trigger_controller_dag.py for tasks to queue
[2026-02-26T05:28:33.836+0000] {logging_mixin.py:190} INFO - [2026-02-26T05:28:33.835+0000] {dagbag.py:588} INFO - Filling up the DagBag from /home/ubuntu/airflow-venv/lib/python3.12/site-packages/airflow/example_dags/example_trigger_controller_dag.py
[2026-02-26T05:28:33.840+0000] {processor.py:925} INFO - DAG(s) 'example_trigger_controller_dag' retrieved from /home/ubuntu/airflow-venv/lib/python3.12/site-packages/airflow/example_dags/example_trigger_controller_dag.py
[2026-02-26T05:28:33.909+0000] {logging_mixin.py:190} INFO - [2026-02-26T05:28:33.909+0000] {dag.py:3239} INFO - Sync 1 DAGs
[2026-02-26T05:28:33.918+0000] {logging_mixin.py:190} INFO - [2026-02-26T05:28:33.918+0000] {dag.py:4180} INFO - Setting next_dagrun for example_trigger_controller_dag to 2021-01-01 00:00:00+00:00, run_after=2021-01-01 00:00:00+00:00
[2026-02-26T05:28:33.932+0000] {processor.py:208} INFO - Processing /home/ubuntu/airflow-venv/lib/python3.12/site-packages/airflow/example_dags/example_trigger_controller_dag.py took 0.102 seconds
[2026-02-26T05:29:28.022+0000] {processor.py:186} INFO - Started process (PID=2936) to work on /home/ubuntu/airflow-venv/lib/python3.12/site-packages/airflow/example_dags/example_trigger_controller_dag.py
[2026-02-26T05:29:28.023+0000] {processor.py:914} INFO - Processing file /home/ubuntu/airflow-venv/lib/python3.12/site-packages/airflow/example_dags/example_trigger_controller_dag.py for tasks to queue
[2026-02-26T05:29:28.025+0000] {logging_mixin.py:190} INFO - [2026-02-26T05:29:28.025+0000] {dagbag.py:588} INFO - Filling up the DagBag from /home/ubuntu/airflow-venv/lib/python3.12/site-packages/airflow/example_dags/example_trigger_controller_dag.py
[2026-02-26T05:29:28.030+0000] {processor.py:925} INFO - DAG(s) 'example_trigger_controller_dag' retrieved from /home/ubuntu/airflow-venv/lib/python3.12/site-packages/airflow/example_dags/example_trigger_controller_dag.py
[2026-02-26T05:29:28.039+0000] {logging_mixin.py:190} INFO - [2026-02-26T05:29:28.038+0000] {dag.py:3239} INFO - Sync 1 DAGs
[2026-02-26T05:29:28.051+0000] {logging_mixin.py:190} INFO - [2026-02-26T05:29:28.051+0000] {dag.py:4180} INFO - Setting next_dagrun for example_trigger_controller_dag to 2021-01-01 00:00:00+00:00, run_after=2021-01-01 00:00:00+00:00
[2026-02-26T05:29:28.067+0000] {processor.py:208} INFO - Processing /home/ubuntu/airflow-venv/lib/python3.12/site-packages/airflow/example_dags/example_trigger_controller_dag.py took 0.049 seconds
[2026-02-26T05:30:22.186+0000] {processor.py:186} INFO - Started process (PID=2997) to work on /home/ubuntu/airflow-venv/lib/python3.12/site-packages/airflow/example_dags/example_trigger_controller_dag.py
[2026-02-26T05:30:22.187+0000] {processor.py:914} INFO - Processing file /home/ubuntu/airflow-venv/lib/python3.12/site-packages/airflow/example_dags/example_trigger_controller_dag.py for tasks to queue
[2026-02-26T05:30:22.189+0000] {logging_mixin.py:190} INFO - [2026-02-26T05:30:22.189+0000] {dagbag.py:588} INFO - Filling up the DagBag from /home/ubuntu/airflow-venv/lib/python3.12/site-packages/airflow/example_dags/example_trigger_controller_dag.py
[2026-02-26T05:30:22.194+0000] {processor.py:925} INFO - DAG(s) 'example_trigger_controller_dag' retrieved from /home/ubuntu/airflow-venv/lib/python3.12/site-packages/airflow/example_dags/example_trigger_controller_dag.py
[2026-02-26T05:30:22.203+0000] {logging_mixin.py:190} INFO - [2026-02-26T05:30:22.203+0000] {dag.py:3239} INFO - Sync 1 DAGs
[2026-02-26T05:30:22.214+0000] {logging_mixin.py:190} INFO - [2026-02-26T05:30:22.214+0000] {dag.py:4180} INFO - Setting next_dagrun for example_trigger_controller_dag to 2021-01-01 00:00:00+00:00, run_after=2021-01-01 00:00:00+00:00
[2026-02-26T05:30:22.231+0000] {processor.py:208} INFO - Processing /home/ubuntu/airflow-venv/lib/python3.12/site-packages/airflow/example_dags/example_trigger_controller_dag.py took 0.049 seconds
[2026-02-26T05:31:12.887+0000] {processor.py:186} INFO - Started process (PID=3048) to work on /home/ubuntu/airflow-venv/lib/python3.12/site-packages/airflow/example_dags/example_trigger_controller_dag.py
[2026-02-26T05:31:12.888+0000] {processor.py:914} INFO - Processing file /home/ubuntu/airflow-venv/lib/python3.12/site-packages/airflow/example_dags/example_trigger_controller_dag.py for tasks to queue
[2026-02-26T05:31:12.890+0000] {logging_mixin.py:190} INFO - [2026-02-26T05:31:12.889+0000] {dagbag.py:588} INFO - Filling up the DagBag from /home/ubuntu/airflow-venv/lib/python3.12/site-packages/airflow/example_dags/example_trigger_controller_dag.py
[2026-02-26T05:31:12.894+0000] {processor.py:925} INFO - DAG(s) 'example_trigger_controller_dag' retrieved from /home/ubuntu/airflow-venv/lib/python3.12/site-packages/airflow/example_dags/example_trigger_controller_dag.py
[2026-02-26T05:31:12.903+0000] {logging_mixin.py:190} INFO - [2026-02-26T05:31:12.902+0000] {dag.py:3239} INFO - Sync 1 DAGs
[2026-02-26T05:31:12.914+0000] {logging_mixin.py:190} INFO - [2026-02-26T05:31:12.914+0000] {dag.py:4180} INFO - Setting next_dagrun for example_trigger_controller_dag to 2021-01-01 00:00:00+00:00, run_after=2021-01-01 00:00:00+00:00
[2026-02-26T05:31:12.930+0000] {processor.py:208} INFO - Processing /home/ubuntu/airflow-venv/lib/python3.12/site-packages/airflow/example_dags/example_trigger_controller_dag.py took 0.046 seconds
[2026-02-26T05:32:04.039+0000] {processor.py:186} INFO - Started process (PID=3101) to work on /home/ubuntu/airflow-venv/lib/python3.12/site-packages/airflow/example_dags/example_trigger_controller_dag.py
[2026-02-26T05:32:04.040+0000] {processor.py:914} INFO - Processing file /home/ubuntu/airflow-venv/lib/python3.12/site-packages/airflow/example_dags/example_trigger_controller_dag.py for tasks to queue
[2026-02-26T05:32:04.042+0000] {logging_mixin.py:190} INFO - [2026-02-26T05:32:04.042+0000] {dagbag.py:588} INFO - Filling up the DagBag from /home/ubuntu/airflow-venv/lib/python3.12/site-packages/airflow/example_dags/example_trigger_controller_dag.py
[2026-02-26T05:32:04.047+0000] {processor.py:925} INFO - DAG(s) 'example_trigger_controller_dag' retrieved from /home/ubuntu/airflow-venv/lib/python3.12/site-packages/airflow/example_dags/example_trigger_controller_dag.py
[2026-02-26T05:32:04.056+0000] {logging_mixin.py:190} INFO - [2026-02-26T05:32:04.055+0000] {dag.py:3239} INFO - Sync 1 DAGs
[2026-02-26T05:32:04.068+0000] {logging_mixin.py:190} INFO - [2026-02-26T05:32:04.068+0000] {dag.py:4180} INFO - Setting next_dagrun for example_trigger_controller_dag to 2021-01-01 00:00:00+00:00, run_after=2021-01-01 00:00:00+00:00
[2026-02-26T05:32:04.084+0000] {processor.py:208} INFO - Processing /home/ubuntu/airflow-venv/lib/python3.12/site-packages/airflow/example_dags/example_trigger_controller_dag.py took 0.048 seconds
[2026-02-26T05:32:54.455+0000] {processor.py:186} INFO - Started process (PID=3155) to work on /home/ubuntu/airflow-venv/lib/python3.12/site-packages/airflow/example_dags/example_trigger_controller_dag.py
[2026-02-26T05:32:54.456+0000] {processor.py:914} INFO - Processing file /home/ubuntu/airflow-venv/lib/python3.12/site-packages/airflow/example_dags/example_trigger_controller_dag.py for tasks to queue
[2026-02-26T05:32:54.458+0000] {logging_mixin.py:190} INFO - [2026-02-26T05:32:54.457+0000] {dagbag.py:588} INFO - Filling up the DagBag from /home/ubuntu/airflow-venv/lib/python3.12/site-packages/airflow/example_dags/example_trigger_controller_dag.py
[2026-02-26T05:32:54.462+0000] {processor.py:925} INFO - DAG(s) 'example_trigger_controller_dag' retrieved from /home/ubuntu/airflow-venv/lib/python3.12/site-packages/airflow/example_dags/example_trigger_controller_dag.py
[2026-02-26T05:32:54.471+0000] {logging_mixin.py:190} INFO - [2026-02-26T05:32:54.471+0000] {dag.py:3239} INFO - Sync 1 DAGs
[2026-02-26T05:32:54.482+0000] {logging_mixin.py:190} INFO - [2026-02-26T05:32:54.482+0000] {dag.py:4180} INFO - Setting next_dagrun for example_trigger_controller_dag to 2021-01-01 00:00:00+00:00, run_after=2021-01-01 00:00:00+00:00
[2026-02-26T05:32:54.498+0000] {processor.py:208} INFO - Processing /home/ubuntu/airflow-venv/lib/python3.12/site-packages/airflow/example_dags/example_trigger_controller_dag.py took 0.046 seconds
[2026-02-26T05:33:42.383+0000] {processor.py:186} INFO - Started process (PID=3205) to work on /home/ubuntu/airflow-venv/lib/python3.12/site-packages/airflow/example_dags/example_trigger_controller_dag.py
[2026-02-26T05:33:42.384+0000] {processor.py:914} INFO - Processing file /home/ubuntu/airflow-venv/lib/python3.12/site-packages/airflow/example_dags/example_trigger_controller_dag.py for tasks to queue
[2026-02-26T05:33:42.386+0000] {logging_mixin.py:190} INFO - [2026-02-26T05:33:42.386+0000] {dagbag.py:588} INFO - Filling up the DagBag from /home/ubuntu/airflow-venv/lib/python3.12/site-packages/airflow/example_dags/example_trigger_controller_dag.py
[2026-02-26T05:33:42.390+0000] {processor.py:925} INFO - DAG(s) 'example_trigger_controller_dag' retrieved from /home/ubuntu/airflow-venv/lib/python3.12/site-packages/airflow/example_dags/example_trigger_controller_dag.py
[2026-02-26T05:33:42.399+0000] {logging_mixin.py:190} INFO - [2026-02-26T05:33:42.398+0000] {dag.py:3239} INFO - Sync 1 DAGs
[2026-02-26T05:33:42.410+0000] {logging_mixin.py:190} INFO - [2026-02-26T05:33:42.410+0000] {dag.py:4180} INFO - Setting next_dagrun for example_trigger_controller_dag to 2021-01-01 00:00:00+00:00, run_after=2021-01-01 00:00:00+00:00
[2026-02-26T05:33:42.426+0000] {processor.py:208} INFO - Processing /home/ubuntu/airflow-venv/lib/python3.12/site-packages/airflow/example_dags/example_trigger_controller_dag.py took 0.046 seconds
[2026-02-26T05:34:30.774+0000] {processor.py:186} INFO - Started process (PID=3259) to work on /home/ubuntu/airflow-venv/lib/python3.12/site-packages/airflow/example_dags/example_trigger_controller_dag.py
[2026-02-26T05:34:30.775+0000] {processor.py:914} INFO - Processing file /home/ubuntu/airflow-venv/lib/python3.12/site-packages/airflow/example_dags/example_trigger_controller_dag.py for tasks to queue
[2026-02-26T05:34:30.777+0000] {logging_mixin.py:190} INFO - [2026-02-26T05:34:30.777+0000] {dagbag.py:588} INFO - Filling up the DagBag from /home/ubuntu/airflow-venv/lib/python3.12/site-packages/airflow/example_dags/example_trigger_controller_dag.py
[2026-02-26T05:34:30.782+0000] {processor.py:925} INFO - DAG(s) 'example_trigger_controller_dag' retrieved from /home/ubuntu/airflow-venv/lib/python3.12/site-packages/airflow/example_dags/example_trigger_controller_dag.py
[2026-02-26T05:34:30.791+0000] {logging_mixin.py:190} INFO - [2026-02-26T05:34:30.790+0000] {dag.py:3239} INFO - Sync 1 DAGs
[2026-02-26T05:34:30.802+0000] {logging_mixin.py:190} INFO - [2026-02-26T05:34:30.802+0000] {dag.py:4180} INFO - Setting next_dagrun for example_trigger_controller_dag to 2021-01-01 00:00:00+00:00, run_after=2021-01-01 00:00:00+00:00
[2026-02-26T05:34:30.818+0000] {processor.py:208} INFO - Processing /home/ubuntu/airflow-venv/lib/python3.12/site-packages/airflow/example_dags/example_trigger_controller_dag.py took 0.048 seconds
[2026-02-26T05:35:21.701+0000] {processor.py:186} INFO - Started process (PID=3320) to work on /home/ubuntu/airflow-venv/lib/python3.12/site-packages/airflow/example_dags/example_trigger_controller_dag.py
[2026-02-26T05:35:21.703+0000] {processor.py:914} INFO - Processing file /home/ubuntu/airflow-venv/lib/python3.12/site-packages/airflow/example_dags/example_trigger_controller_dag.py for tasks to queue
[2026-02-26T05:35:21.704+0000] {logging_mixin.py:190} INFO - [2026-02-26T05:35:21.704+0000] {dagbag.py:588} INFO - Filling up the DagBag from /home/ubuntu/airflow-venv/lib/python3.12/site-packages/airflow/example_dags/example_trigger_controller_dag.py
[2026-02-26T05:35:21.709+0000] {processor.py:925} INFO - DAG(s) 'example_trigger_controller_dag' retrieved from /home/ubuntu/airflow-venv/lib/python3.12/site-packages/airflow/example_dags/example_trigger_controller_dag.py
[2026-02-26T05:35:21.718+0000] {logging_mixin.py:190} INFO - [2026-02-26T05:35:21.718+0000] {dag.py:3239} INFO - Sync 1 DAGs
[2026-02-26T05:35:21.729+0000] {logging_mixin.py:190} INFO - [2026-02-26T05:35:21.729+0000] {dag.py:4180} INFO - Setting next_dagrun for example_trigger_controller_dag to 2021-01-01 00:00:00+00:00, run_after=2021-01-01 00:00:00+00:00
[2026-02-26T05:35:21.746+0000] {processor.py:208} INFO - Processing /home/ubuntu/airflow-venv/lib/python3.12/site-packages/airflow/example_dags/example_trigger_controller_dag.py took 0.048 seconds
[2026-02-26T05:36:16.448+0000] {processor.py:186} INFO - Started process (PID=3378) to work on /home/ubuntu/airflow-venv/lib/python3.12/site-packages/airflow/example_dags/example_trigger_controller_dag.py
[2026-02-26T05:36:16.449+0000] {processor.py:914} INFO - Processing file /home/ubuntu/airflow-venv/lib/python3.12/site-packages/airflow/example_dags/example_trigger_controller_dag.py for tasks to queue
[2026-02-26T05:36:16.450+0000] {logging_mixin.py:190} INFO - [2026-02-26T05:36:16.450+0000] {dagbag.py:588} INFO - Filling up the DagBag from /home/ubuntu/airflow-venv/lib/python3.12/site-packages/airflow/example_dags/example_trigger_controller_dag.py
[2026-02-26T05:36:16.454+0000] {processor.py:925} INFO - DAG(s) 'example_trigger_controller_dag' retrieved from /home/ubuntu/airflow-venv/lib/python3.12/site-packages/airflow/example_dags/example_trigger_controller_dag.py
[2026-02-26T05:36:16.463+0000] {logging_mixin.py:190} INFO - [2026-02-26T05:36:16.463+0000] {dag.py:3239} INFO - Sync 1 DAGs
[2026-02-26T05:36:16.475+0000] {logging_mixin.py:190} INFO - [2026-02-26T05:36:16.475+0000] {dag.py:4180} INFO - Setting next_dagrun for example_trigger_controller_dag to 2021-01-01 00:00:00+00:00, run_after=2021-01-01 00:00:00+00:00
[2026-02-26T05:36:16.491+0000] {processor.py:208} INFO - Processing /home/ubuntu/airflow-venv/lib/python3.12/site-packages/airflow/example_dags/example_trigger_controller_dag.py took 0.046 seconds
[2026-02-26T05:37:06.420+0000] {processor.py:186} INFO - Started process (PID=3432) to work on /home/ubuntu/airflow-venv/lib/python3.12/site-packages/airflow/example_dags/example_trigger_controller_dag.py
[2026-02-26T05:37:06.421+0000] {processor.py:914} INFO - Processing file /home/ubuntu/airflow-venv/lib/python3.12/site-packages/airflow/example_dags/example_trigger_controller_dag.py for tasks to queue
[2026-02-26T05:37:06.423+0000] {logging_mixin.py:190} INFO - [2026-02-26T05:37:06.423+0000] {dagbag.py:588} INFO - Filling up the DagBag from /home/ubuntu/airflow-venv/lib/python3.12/site-packages/airflow/example_dags/example_trigger_controller_dag.py
[2026-02-26T05:37:06.427+0000] {processor.py:925} INFO - DAG(s) 'example_trigger_controller_dag' retrieved from /home/ubuntu/airflow-venv/lib/python3.12/site-packages/airflow/example_dags/example_trigger_controller_dag.py
[2026-02-26T05:37:06.436+0000] {logging_mixin.py:190} INFO - [2026-02-26T05:37:06.436+0000] {dag.py:3239} INFO - Sync 1 DAGs
[2026-02-26T05:37:06.448+0000] {logging_mixin.py:190} INFO - [2026-02-26T05:37:06.448+0000] {dag.py:4180} INFO - Setting next_dagrun for example_trigger_controller_dag to 2021-01-01 00:00:00+00:00, run_after=2021-01-01 00:00:00+00:00
[2026-02-26T05:37:06.464+0000] {processor.py:208} INFO - Processing /home/ubuntu/airflow-venv/lib/python3.12/site-packages/airflow/example_dags/example_trigger_controller_dag.py took 0.047 seconds
[2026-02-26T05:37:55.094+0000] {processor.py:186} INFO - Started process (PID=3482) to work on /home/ubuntu/airflow-venv/lib/python3.12/site-packages/airflow/example_dags/example_trigger_controller_dag.py
[2026-02-26T05:37:55.095+0000] {processor.py:914} INFO - Processing file /home/ubuntu/airflow-venv/lib/python3.12/site-packages/airflow/example_dags/example_trigger_controller_dag.py for tasks to queue
[2026-02-26T05:37:55.097+0000] {logging_mixin.py:190} INFO - [2026-02-26T05:37:55.097+0000] {dagbag.py:588} INFO - Filling up the DagBag from /home/ubuntu/airflow-venv/lib/python3.12/site-packages/airflow/example_dags/example_trigger_controller_dag.py
[2026-02-26T05:37:55.101+0000] {processor.py:925} INFO - DAG(s) 'example_trigger_controller_dag' retrieved from /home/ubuntu/airflow-venv/lib/python3.12/site-packages/airflow/example_dags/example_trigger_controller_dag.py
[2026-02-26T05:37:55.110+0000] {logging_mixin.py:190} INFO - [2026-02-26T05:37:55.110+0000] {dag.py:3239} INFO - Sync 1 DAGs
[2026-02-26T05:37:55.122+0000] {logging_mixin.py:190} INFO - [2026-02-26T05:37:55.122+0000] {dag.py:4180} INFO - Setting next_dagrun for example_trigger_controller_dag to 2021-01-01 00:00:00+00:00, run_after=2021-01-01 00:00:00+00:00
[2026-02-26T05:37:55.138+0000] {processor.py:208} INFO - Processing /home/ubuntu/airflow-venv/lib/python3.12/site-packages/airflow/example_dags/example_trigger_controller_dag.py took 0.048 seconds
[2026-02-26T05:38:46.448+0000] {processor.py:186} INFO - Started process (PID=3536) to work on /home/ubuntu/airflow-venv/lib/python3.12/site-packages/airflow/example_dags/example_trigger_controller_dag.py
[2026-02-26T05:38:46.449+0000] {processor.py:914} INFO - Processing file /home/ubuntu/airflow-venv/lib/python3.12/site-packages/airflow/example_dags/example_trigger_controller_dag.py for tasks to queue
[2026-02-26T05:38:46.451+0000] {logging_mixin.py:190} INFO - [2026-02-26T05:38:46.451+0000] {dagbag.py:588} INFO - Filling up the DagBag from /home/ubuntu/airflow-venv/lib/python3.12/site-packages/airflow/example_dags/example_trigger_controller_dag.py
[2026-02-26T05:38:46.455+0000] {processor.py:925} INFO - DAG(s) 'example_trigger_controller_dag' retrieved from /home/ubuntu/airflow-venv/lib/python3.12/site-packages/airflow/example_dags/example_trigger_controller_dag.py
[2026-02-26T05:38:46.464+0000] {logging_mixin.py:190} INFO - [2026-02-26T05:38:46.464+0000] {dag.py:3239} INFO - Sync 1 DAGs
[2026-02-26T05:38:46.476+0000] {logging_mixin.py:190} INFO - [2026-02-26T05:38:46.476+0000] {dag.py:4180} INFO - Setting next_dagrun for example_trigger_controller_dag to 2021-01-01 00:00:00+00:00, run_after=2021-01-01 00:00:00+00:00
[2026-02-26T05:38:46.492+0000] {processor.py:208} INFO - Processing /home/ubuntu/airflow-venv/lib/python3.12/site-packages/airflow/example_dags/example_trigger_controller_dag.py took 0.048 seconds
[2026-02-26T05:39:36.480+0000] {processor.py:186} INFO - Started process (PID=3588) to work on /home/ubuntu/airflow-venv/lib/python3.12/site-packages/airflow/example_dags/example_trigger_controller_dag.py
[2026-02-26T05:39:36.481+0000] {processor.py:914} INFO - Processing file /home/ubuntu/airflow-venv/lib/python3.12/site-packages/airflow/example_dags/example_trigger_controller_dag.py for tasks to queue
[2026-02-26T05:39:36.483+0000] {logging_mixin.py:190} INFO - [2026-02-26T05:39:36.482+0000] {dagbag.py:588} INFO - Filling up the DagBag from /home/ubuntu/airflow-venv/lib/python3.12/site-packages/airflow/example_dags/example_trigger_controller_dag.py
[2026-02-26T05:39:36.487+0000] {processor.py:925} INFO - DAG(s) 'example_trigger_controller_dag' retrieved from /home/ubuntu/airflow-venv/lib/python3.12/site-packages/airflow/example_dags/example_trigger_controller_dag.py
[2026-02-26T05:39:36.496+0000] {logging_mixin.py:190} INFO - [2026-02-26T05:39:36.496+0000] {dag.py:3239} INFO - Sync 1 DAGs
[2026-02-26T05:39:36.508+0000] {logging_mixin.py:190} INFO - [2026-02-26T05:39:36.508+0000] {dag.py:4180} INFO - Setting next_dagrun for example_trigger_controller_dag to 2021-01-01 00:00:00+00:00, run_after=2021-01-01 00:00:00+00:00
[2026-02-26T05:39:36.523+0000] {processor.py:208} INFO - Processing /home/ubuntu/airflow-venv/lib/python3.12/site-packages/airflow/example_dags/example_trigger_controller_dag.py took 0.047 seconds
[2026-02-26T05:40:24.061+0000] {processor.py:186} INFO - Started process (PID=3645) to work on /home/ubuntu/airflow-venv/lib/python3.12/site-packages/airflow/example_dags/example_trigger_controller_dag.py
[2026-02-26T05:40:24.062+0000] {processor.py:914} INFO - Processing file /home/ubuntu/airflow-venv/lib/python3.12/site-packages/airflow/example_dags/example_trigger_controller_dag.py for tasks to queue
[2026-02-26T05:40:24.064+0000] {logging_mixin.py:190} INFO - [2026-02-26T05:40:24.063+0000] {dagbag.py:588} INFO - Filling up the DagBag from /home/ubuntu/airflow-venv/lib/python3.12/site-packages/airflow/example_dags/example_trigger_controller_dag.py
[2026-02-26T05:40:24.068+0000] {processor.py:925} INFO - DAG(s) 'example_trigger_controller_dag' retrieved from /home/ubuntu/airflow-venv/lib/python3.12/site-packages/airflow/example_dags/example_trigger_controller_dag.py
[2026-02-26T05:40:24.077+0000] {logging_mixin.py:190} INFO - [2026-02-26T05:40:24.077+0000] {dag.py:3239} INFO - Sync 1 DAGs
[2026-02-26T05:40:24.088+0000] {logging_mixin.py:190} INFO - [2026-02-26T05:40:24.088+0000] {dag.py:4180} INFO - Setting next_dagrun for example_trigger_controller_dag to 2021-01-01 00:00:00+00:00, run_after=2021-01-01 00:00:00+00:00
[2026-02-26T05:40:24.105+0000] {processor.py:208} INFO - Processing /home/ubuntu/airflow-venv/lib/python3.12/site-packages/airflow/example_dags/example_trigger_controller_dag.py took 0.048 seconds
[2026-02-26T05:41:13.122+0000] {processor.py:186} INFO - Started process (PID=3696) to work on /home/ubuntu/airflow-venv/lib/python3.12/site-packages/airflow/example_dags/example_trigger_controller_dag.py
[2026-02-26T05:41:13.123+0000] {processor.py:914} INFO - Processing file /home/ubuntu/airflow-venv/lib/python3.12/site-packages/airflow/example_dags/example_trigger_controller_dag.py for tasks to queue
[2026-02-26T05:41:13.125+0000] {logging_mixin.py:190} INFO - [2026-02-26T05:41:13.125+0000] {dagbag.py:588} INFO - Filling up the DagBag from /home/ubuntu/airflow-venv/lib/python3.12/site-packages/airflow/example_dags/example_trigger_controller_dag.py
[2026-02-26T05:41:13.129+0000] {processor.py:925} INFO - DAG(s) 'example_trigger_controller_dag' retrieved from /home/ubuntu/airflow-venv/lib/python3.12/site-packages/airflow/example_dags/example_trigger_controller_dag.py
[2026-02-26T05:41:13.138+0000] {logging_mixin.py:190} INFO - [2026-02-26T05:41:13.138+0000] {dag.py:3239} INFO - Sync 1 DAGs
[2026-02-26T05:41:13.149+0000] {logging_mixin.py:190} INFO - [2026-02-26T05:41:13.149+0000] {dag.py:4180} INFO - Setting next_dagrun for example_trigger_controller_dag to 2021-01-01 00:00:00+00:00, run_after=2021-01-01 00:00:00+00:00
[2026-02-26T05:41:13.165+0000] {processor.py:208} INFO - Processing /home/ubuntu/airflow-venv/lib/python3.12/site-packages/airflow/example_dags/example_trigger_controller_dag.py took 0.046 seconds
[2026-02-26T05:42:02.751+0000] {processor.py:186} INFO - Started process (PID=3748) to work on /home/ubuntu/airflow-venv/lib/python3.12/site-packages/airflow/example_dags/example_trigger_controller_dag.py
[2026-02-26T05:42:02.753+0000] {processor.py:914} INFO - Processing file /home/ubuntu/airflow-venv/lib/python3.12/site-packages/airflow/example_dags/example_trigger_controller_dag.py for tasks to queue
[2026-02-26T05:42:02.754+0000] {logging_mixin.py:190} INFO - [2026-02-26T05:42:02.754+0000] {dagbag.py:588} INFO - Filling up the DagBag from /home/ubuntu/airflow-venv/lib/python3.12/site-packages/airflow/example_dags/example_trigger_controller_dag.py
[2026-02-26T05:42:02.759+0000] {processor.py:925} INFO - DAG(s) 'example_trigger_controller_dag' retrieved from /home/ubuntu/airflow-venv/lib/python3.12/site-packages/airflow/example_dags/example_trigger_controller_dag.py
[2026-02-26T05:42:02.768+0000] {logging_mixin.py:190} INFO - [2026-02-26T05:42:02.768+0000] {dag.py:3239} INFO - Sync 1 DAGs
[2026-02-26T05:42:02.780+0000] {logging_mixin.py:190} INFO - [2026-02-26T05:42:02.780+0000] {dag.py:4180} INFO - Setting next_dagrun for example_trigger_controller_dag to 2021-01-01 00:00:00+00:00, run_after=2021-01-01 00:00:00+00:00
[2026-02-26T05:42:02.796+0000] {processor.py:208} INFO - Processing /home/ubuntu/airflow-venv/lib/python3.12/site-packages/airflow/example_dags/example_trigger_controller_dag.py took 0.048 seconds
[2026-02-26T05:42:51.205+0000] {processor.py:186} INFO - Started process (PID=3799) to work on /home/ubuntu/airflow-venv/lib/python3.12/site-packages/airflow/example_dags/example_trigger_controller_dag.py
[2026-02-26T05:42:51.206+0000] {processor.py:914} INFO - Processing file /home/ubuntu/airflow-venv/lib/python3.12/site-packages/airflow/example_dags/example_trigger_controller_dag.py for tasks to queue
[2026-02-26T05:42:51.208+0000] {logging_mixin.py:190} INFO - [2026-02-26T05:42:51.208+0000] {dagbag.py:588} INFO - Filling up the DagBag from /home/ubuntu/airflow-venv/lib/python3.12/site-packages/airflow/example_dags/example_trigger_controller_dag.py
[2026-02-26T05:42:51.212+0000] {processor.py:925} INFO - DAG(s) 'example_trigger_controller_dag' retrieved from /home/ubuntu/airflow-venv/lib/python3.12/site-packages/airflow/example_dags/example_trigger_controller_dag.py
[2026-02-26T05:42:51.221+0000] {logging_mixin.py:190} INFO - [2026-02-26T05:42:51.221+0000] {dag.py:3239} INFO - Sync 1 DAGs
[2026-02-26T05:42:51.233+0000] {logging_mixin.py:190} INFO - [2026-02-26T05:42:51.233+0000] {dag.py:4180} INFO - Setting next_dagrun for example_trigger_controller_dag to 2021-01-01 00:00:00+00:00, run_after=2021-01-01 00:00:00+00:00
[2026-02-26T05:42:51.249+0000] {processor.py:208} INFO - Processing /home/ubuntu/airflow-venv/lib/python3.12/site-packages/airflow/example_dags/example_trigger_controller_dag.py took 0.047 seconds
[2026-02-26T05:43:40.605+0000] {processor.py:186} INFO - Started process (PID=3850) to work on /home/ubuntu/airflow-venv/lib/python3.12/site-packages/airflow/example_dags/example_trigger_controller_dag.py
[2026-02-26T05:43:40.606+0000] {processor.py:914} INFO - Processing file /home/ubuntu/airflow-venv/lib/python3.12/site-packages/airflow/example_dags/example_trigger_controller_dag.py for tasks to queue
[2026-02-26T05:43:40.608+0000] {logging_mixin.py:190} INFO - [2026-02-26T05:43:40.608+0000] {dagbag.py:588} INFO - Filling up the DagBag from /home/ubuntu/airflow-venv/lib/python3.12/site-packages/airflow/example_dags/example_trigger_controller_dag.py
[2026-02-26T05:43:40.613+0000] {processor.py:925} INFO - DAG(s) 'example_trigger_controller_dag' retrieved from /home/ubuntu/airflow-venv/lib/python3.12/site-packages/airflow/example_dags/example_trigger_controller_dag.py
[2026-02-26T05:43:40.622+0000] {logging_mixin.py:190} INFO - [2026-02-26T05:43:40.622+0000] {dag.py:3239} INFO - Sync 1 DAGs
[2026-02-26T05:43:40.633+0000] {logging_mixin.py:190} INFO - [2026-02-26T05:43:40.633+0000] {dag.py:4180} INFO - Setting next_dagrun for example_trigger_controller_dag to 2021-01-01 00:00:00+00:00, run_after=2021-01-01 00:00:00+00:00
[2026-02-26T05:43:40.649+0000] {processor.py:208} INFO - Processing /home/ubuntu/airflow-venv/lib/python3.12/site-packages/airflow/example_dags/example_trigger_controller_dag.py took 0.047 seconds
[2026-02-26T05:44:30.493+0000] {processor.py:186} INFO - Started process (PID=3903) to work on /home/ubuntu/airflow-venv/lib/python3.12/site-packages/airflow/example_dags/example_trigger_controller_dag.py
[2026-02-26T05:44:30.495+0000] {processor.py:914} INFO - Processing file /home/ubuntu/airflow-venv/lib/python3.12/site-packages/airflow/example_dags/example_trigger_controller_dag.py for tasks to queue
[2026-02-26T05:44:30.496+0000] {logging_mixin.py:190} INFO - [2026-02-26T05:44:30.496+0000] {dagbag.py:588} INFO - Filling up the DagBag from /home/ubuntu/airflow-venv/lib/python3.12/site-packages/airflow/example_dags/example_trigger_controller_dag.py
[2026-02-26T05:44:30.501+0000] {processor.py:925} INFO - DAG(s) 'example_trigger_controller_dag' retrieved from /home/ubuntu/airflow-venv/lib/python3.12/site-packages/airflow/example_dags/example_trigger_controller_dag.py
[2026-02-26T05:44:30.509+0000] {logging_mixin.py:190} INFO - [2026-02-26T05:44:30.509+0000] {dag.py:3239} INFO - Sync 1 DAGs
[2026-02-26T05:44:30.521+0000] {logging_mixin.py:190} INFO - [2026-02-26T05:44:30.521+0000] {dag.py:4180} INFO - Setting next_dagrun for example_trigger_controller_dag to 2021-01-01 00:00:00+00:00, run_after=2021-01-01 00:00:00+00:00
[2026-02-26T05:44:30.537+0000] {processor.py:208} INFO - Processing /home/ubuntu/airflow-venv/lib/python3.12/site-packages/airflow/example_dags/example_trigger_controller_dag.py took 0.047 seconds
[2026-02-26T06:13:46.140+0000] {processor.py:186} INFO - Started process (PID=2698) to work on /home/ubuntu/airflow-venv/lib/python3.12/site-packages/airflow/example_dags/example_trigger_controller_dag.py
[2026-02-26T06:13:46.142+0000] {processor.py:914} INFO - Processing file /home/ubuntu/airflow-venv/lib/python3.12/site-packages/airflow/example_dags/example_trigger_controller_dag.py for tasks to queue
[2026-02-26T06:13:46.144+0000] {logging_mixin.py:190} INFO - [2026-02-26T06:13:46.143+0000] {dagbag.py:588} INFO - Filling up the DagBag from /home/ubuntu/airflow-venv/lib/python3.12/site-packages/airflow/example_dags/example_trigger_controller_dag.py
[2026-02-26T06:13:46.148+0000] {processor.py:925} INFO - DAG(s) 'example_trigger_controller_dag' retrieved from /home/ubuntu/airflow-venv/lib/python3.12/site-packages/airflow/example_dags/example_trigger_controller_dag.py
[2026-02-26T06:13:46.158+0000] {logging_mixin.py:190} INFO - [2026-02-26T06:13:46.158+0000] {dag.py:3239} INFO - Sync 1 DAGs
[2026-02-26T06:13:46.171+0000] {logging_mixin.py:190} INFO - [2026-02-26T06:13:46.171+0000] {dag.py:4180} INFO - Setting next_dagrun for example_trigger_controller_dag to 2021-01-01 00:00:00+00:00, run_after=2021-01-01 00:00:00+00:00
[2026-02-26T06:13:46.187+0000] {processor.py:208} INFO - Processing /home/ubuntu/airflow-venv/lib/python3.12/site-packages/airflow/example_dags/example_trigger_controller_dag.py took 0.051 seconds
[2026-02-26T06:14:46.335+0000] {processor.py:186} INFO - Started process (PID=2762) to work on /home/ubuntu/airflow-venv/lib/python3.12/site-packages/airflow/example_dags/example_trigger_controller_dag.py
[2026-02-26T06:14:46.337+0000] {processor.py:914} INFO - Processing file /home/ubuntu/airflow-venv/lib/python3.12/site-packages/airflow/example_dags/example_trigger_controller_dag.py for tasks to queue
[2026-02-26T06:14:46.338+0000] {logging_mixin.py:190} INFO - [2026-02-26T06:14:46.338+0000] {dagbag.py:588} INFO - Filling up the DagBag from /home/ubuntu/airflow-venv/lib/python3.12/site-packages/airflow/example_dags/example_trigger_controller_dag.py
[2026-02-26T06:14:46.342+0000] {processor.py:925} INFO - DAG(s) 'example_trigger_controller_dag' retrieved from /home/ubuntu/airflow-venv/lib/python3.12/site-packages/airflow/example_dags/example_trigger_controller_dag.py
[2026-02-26T06:14:46.352+0000] {logging_mixin.py:190} INFO - [2026-02-26T06:14:46.352+0000] {dag.py:3239} INFO - Sync 1 DAGs
[2026-02-26T06:14:46.364+0000] {logging_mixin.py:190} INFO - [2026-02-26T06:14:46.364+0000] {dag.py:4180} INFO - Setting next_dagrun for example_trigger_controller_dag to 2021-01-01 00:00:00+00:00, run_after=2021-01-01 00:00:00+00:00
[2026-02-26T06:14:46.382+0000] {processor.py:208} INFO - Processing /home/ubuntu/airflow-venv/lib/python3.12/site-packages/airflow/example_dags/example_trigger_controller_dag.py took 0.050 seconds
[2026-02-26T06:15:44.318+0000] {processor.py:186} INFO - Started process (PID=2829) to work on /home/ubuntu/airflow-venv/lib/python3.12/site-packages/airflow/example_dags/example_trigger_controller_dag.py
[2026-02-26T06:15:44.319+0000] {processor.py:914} INFO - Processing file /home/ubuntu/airflow-venv/lib/python3.12/site-packages/airflow/example_dags/example_trigger_controller_dag.py for tasks to queue
[2026-02-26T06:15:44.321+0000] {logging_mixin.py:190} INFO - [2026-02-26T06:15:44.320+0000] {dagbag.py:588} INFO - Filling up the DagBag from /home/ubuntu/airflow-venv/lib/python3.12/site-packages/airflow/example_dags/example_trigger_controller_dag.py
[2026-02-26T06:15:44.325+0000] {processor.py:925} INFO - DAG(s) 'example_trigger_controller_dag' retrieved from /home/ubuntu/airflow-venv/lib/python3.12/site-packages/airflow/example_dags/example_trigger_controller_dag.py
[2026-02-26T06:15:44.334+0000] {logging_mixin.py:190} INFO - [2026-02-26T06:15:44.334+0000] {dag.py:3239} INFO - Sync 1 DAGs
[2026-02-26T06:15:44.346+0000] {logging_mixin.py:190} INFO - [2026-02-26T06:15:44.346+0000] {dag.py:4180} INFO - Setting next_dagrun for example_trigger_controller_dag to 2021-01-01 00:00:00+00:00, run_after=2021-01-01 00:00:00+00:00
[2026-02-26T06:15:44.362+0000] {processor.py:208} INFO - Processing /home/ubuntu/airflow-venv/lib/python3.12/site-packages/airflow/example_dags/example_trigger_controller_dag.py took 0.048 seconds
[2026-02-26T06:16:36.323+0000] {processor.py:186} INFO - Started process (PID=2885) to work on /home/ubuntu/airflow-venv/lib/python3.12/site-packages/airflow/example_dags/example_trigger_controller_dag.py
[2026-02-26T06:16:36.324+0000] {processor.py:914} INFO - Processing file /home/ubuntu/airflow-venv/lib/python3.12/site-packages/airflow/example_dags/example_trigger_controller_dag.py for tasks to queue
[2026-02-26T06:16:36.325+0000] {logging_mixin.py:190} INFO - [2026-02-26T06:16:36.325+0000] {dagbag.py:588} INFO - Filling up the DagBag from /home/ubuntu/airflow-venv/lib/python3.12/site-packages/airflow/example_dags/example_trigger_controller_dag.py
[2026-02-26T06:16:36.330+0000] {processor.py:925} INFO - DAG(s) 'example_trigger_controller_dag' retrieved from /home/ubuntu/airflow-venv/lib/python3.12/site-packages/airflow/example_dags/example_trigger_controller_dag.py
[2026-02-26T06:16:36.339+0000] {logging_mixin.py:190} INFO - [2026-02-26T06:16:36.339+0000] {dag.py:3239} INFO - Sync 1 DAGs
[2026-02-26T06:16:36.351+0000] {logging_mixin.py:190} INFO - [2026-02-26T06:16:36.351+0000] {dag.py:4180} INFO - Setting next_dagrun for example_trigger_controller_dag to 2021-01-01 00:00:00+00:00, run_after=2021-01-01 00:00:00+00:00
[2026-02-26T06:16:36.367+0000] {processor.py:208} INFO - Processing /home/ubuntu/airflow-venv/lib/python3.12/site-packages/airflow/example_dags/example_trigger_controller_dag.py took 0.048 seconds
[2026-02-26T06:17:27.030+0000] {processor.py:186} INFO - Started process (PID=2940) to work on /home/ubuntu/airflow-venv/lib/python3.12/site-packages/airflow/example_dags/example_trigger_controller_dag.py
[2026-02-26T06:17:27.032+0000] {processor.py:914} INFO - Processing file /home/ubuntu/airflow-venv/lib/python3.12/site-packages/airflow/example_dags/example_trigger_controller_dag.py for tasks to queue
[2026-02-26T06:17:27.033+0000] {logging_mixin.py:190} INFO - [2026-02-26T06:17:27.033+0000] {dagbag.py:588} INFO - Filling up the DagBag from /home/ubuntu/airflow-venv/lib/python3.12/site-packages/airflow/example_dags/example_trigger_controller_dag.py
[2026-02-26T06:17:27.038+0000] {processor.py:925} INFO - DAG(s) 'example_trigger_controller_dag' retrieved from /home/ubuntu/airflow-venv/lib/python3.12/site-packages/airflow/example_dags/example_trigger_controller_dag.py
[2026-02-26T06:17:27.047+0000] {logging_mixin.py:190} INFO - [2026-02-26T06:17:27.047+0000] {dag.py:3239} INFO - Sync 1 DAGs
[2026-02-26T06:17:27.059+0000] {logging_mixin.py:190} INFO - [2026-02-26T06:17:27.059+0000] {dag.py:4180} INFO - Setting next_dagrun for example_trigger_controller_dag to 2021-01-01 00:00:00+00:00, run_after=2021-01-01 00:00:00+00:00
[2026-02-26T06:17:27.075+0000] {processor.py:208} INFO - Processing /home/ubuntu/airflow-venv/lib/python3.12/site-packages/airflow/example_dags/example_trigger_controller_dag.py took 0.048 seconds
[2026-02-26T06:18:16.107+0000] {processor.py:186} INFO - Started process (PID=2992) to work on /home/ubuntu/airflow-venv/lib/python3.12/site-packages/airflow/example_dags/example_trigger_controller_dag.py
[2026-02-26T06:18:16.108+0000] {processor.py:914} INFO - Processing file /home/ubuntu/airflow-venv/lib/python3.12/site-packages/airflow/example_dags/example_trigger_controller_dag.py for tasks to queue
[2026-02-26T06:18:16.110+0000] {logging_mixin.py:190} INFO - [2026-02-26T06:18:16.110+0000] {dagbag.py:588} INFO - Filling up the DagBag from /home/ubuntu/airflow-venv/lib/python3.12/site-packages/airflow/example_dags/example_trigger_controller_dag.py
[2026-02-26T06:18:16.115+0000] {processor.py:925} INFO - DAG(s) 'example_trigger_controller_dag' retrieved from /home/ubuntu/airflow-venv/lib/python3.12/site-packages/airflow/example_dags/example_trigger_controller_dag.py
[2026-02-26T06:18:16.124+0000] {logging_mixin.py:190} INFO - [2026-02-26T06:18:16.124+0000] {dag.py:3239} INFO - Sync 1 DAGs
[2026-02-26T06:18:16.136+0000] {logging_mixin.py:190} INFO - [2026-02-26T06:18:16.136+0000] {dag.py:4180} INFO - Setting next_dagrun for example_trigger_controller_dag to 2021-01-01 00:00:00+00:00, run_after=2021-01-01 00:00:00+00:00
[2026-02-26T06:18:16.152+0000] {processor.py:208} INFO - Processing /home/ubuntu/airflow-venv/lib/python3.12/site-packages/airflow/example_dags/example_trigger_controller_dag.py took 0.048 seconds
[2026-02-26T06:19:11.924+0000] {processor.py:186} INFO - Started process (PID=3046) to work on /home/ubuntu/airflow-venv/lib/python3.12/site-packages/airflow/example_dags/example_trigger_controller_dag.py
[2026-02-26T06:19:11.926+0000] {processor.py:914} INFO - Processing file /home/ubuntu/airflow-venv/lib/python3.12/site-packages/airflow/example_dags/example_trigger_controller_dag.py for tasks to queue
[2026-02-26T06:19:11.927+0000] {logging_mixin.py:190} INFO - [2026-02-26T06:19:11.927+0000] {dagbag.py:588} INFO - Filling up the DagBag from /home/ubuntu/airflow-venv/lib/python3.12/site-packages/airflow/example_dags/example_trigger_controller_dag.py
[2026-02-26T06:19:11.931+0000] {processor.py:925} INFO - DAG(s) 'example_trigger_controller_dag' retrieved from /home/ubuntu/airflow-venv/lib/python3.12/site-packages/airflow/example_dags/example_trigger_controller_dag.py
[2026-02-26T06:19:12.013+0000] {logging_mixin.py:190} INFO - [2026-02-26T06:19:12.013+0000] {dag.py:3239} INFO - Sync 1 DAGs
[2026-02-26T06:19:12.023+0000] {logging_mixin.py:190} INFO - [2026-02-26T06:19:12.023+0000] {dag.py:4180} INFO - Setting next_dagrun for example_trigger_controller_dag to 2021-01-01 00:00:00+00:00, run_after=2021-01-01 00:00:00+00:00
[2026-02-26T06:19:12.038+0000] {processor.py:208} INFO - Processing /home/ubuntu/airflow-venv/lib/python3.12/site-packages/airflow/example_dags/example_trigger_controller_dag.py took 0.117 seconds
[2026-02-26T06:20:08.787+0000] {processor.py:186} INFO - Started process (PID=3103) to work on /home/ubuntu/airflow-venv/lib/python3.12/site-packages/airflow/example_dags/example_trigger_controller_dag.py
[2026-02-26T06:20:08.789+0000] {processor.py:914} INFO - Processing file /home/ubuntu/airflow-venv/lib/python3.12/site-packages/airflow/example_dags/example_trigger_controller_dag.py for tasks to queue
[2026-02-26T06:20:08.790+0000] {logging_mixin.py:190} INFO - [2026-02-26T06:20:08.790+0000] {dagbag.py:588} INFO - Filling up the DagBag from /home/ubuntu/airflow-venv/lib/python3.12/site-packages/airflow/example_dags/example_trigger_controller_dag.py
[2026-02-26T06:20:08.795+0000] {processor.py:925} INFO - DAG(s) 'example_trigger_controller_dag' retrieved from /home/ubuntu/airflow-venv/lib/python3.12/site-packages/airflow/example_dags/example_trigger_controller_dag.py
[2026-02-26T06:20:08.804+0000] {logging_mixin.py:190} INFO - [2026-02-26T06:20:08.804+0000] {dag.py:3239} INFO - Sync 1 DAGs
[2026-02-26T06:20:08.817+0000] {logging_mixin.py:190} INFO - [2026-02-26T06:20:08.817+0000] {dag.py:4180} INFO - Setting next_dagrun for example_trigger_controller_dag to 2021-01-01 00:00:00+00:00, run_after=2021-01-01 00:00:00+00:00
[2026-02-26T06:20:08.834+0000] {processor.py:208} INFO - Processing /home/ubuntu/airflow-venv/lib/python3.12/site-packages/airflow/example_dags/example_trigger_controller_dag.py took 0.051 seconds
[2026-02-26T06:20:58.991+0000] {processor.py:186} INFO - Started process (PID=3160) to work on /home/ubuntu/airflow-venv/lib/python3.12/site-packages/airflow/example_dags/example_trigger_controller_dag.py
[2026-02-26T06:20:58.992+0000] {processor.py:914} INFO - Processing file /home/ubuntu/airflow-venv/lib/python3.12/site-packages/airflow/example_dags/example_trigger_controller_dag.py for tasks to queue
[2026-02-26T06:20:58.994+0000] {logging_mixin.py:190} INFO - [2026-02-26T06:20:58.994+0000] {dagbag.py:588} INFO - Filling up the DagBag from /home/ubuntu/airflow-venv/lib/python3.12/site-packages/airflow/example_dags/example_trigger_controller_dag.py
[2026-02-26T06:20:58.999+0000] {processor.py:925} INFO - DAG(s) 'example_trigger_controller_dag' retrieved from /home/ubuntu/airflow-venv/lib/python3.12/site-packages/airflow/example_dags/example_trigger_controller_dag.py
[2026-02-26T06:20:59.008+0000] {logging_mixin.py:190} INFO - [2026-02-26T06:20:59.008+0000] {dag.py:3239} INFO - Sync 1 DAGs
[2026-02-26T06:20:59.020+0000] {logging_mixin.py:190} INFO - [2026-02-26T06:20:59.020+0000] {dag.py:4180} INFO - Setting next_dagrun for example_trigger_controller_dag to 2021-01-01 00:00:00+00:00, run_after=2021-01-01 00:00:00+00:00
[2026-02-26T06:20:59.038+0000] {processor.py:208} INFO - Processing /home/ubuntu/airflow-venv/lib/python3.12/site-packages/airflow/example_dags/example_trigger_controller_dag.py took 0.050 seconds
[2026-02-26T06:21:45.242+0000] {processor.py:186} INFO - Started process (PID=3210) to work on /home/ubuntu/airflow-venv/lib/python3.12/site-packages/airflow/example_dags/example_trigger_controller_dag.py
[2026-02-26T06:21:45.243+0000] {processor.py:914} INFO - Processing file /home/ubuntu/airflow-venv/lib/python3.12/site-packages/airflow/example_dags/example_trigger_controller_dag.py for tasks to queue
[2026-02-26T06:21:45.245+0000] {logging_mixin.py:190} INFO - [2026-02-26T06:21:45.245+0000] {dagbag.py:588} INFO - Filling up the DagBag from /home/ubuntu/airflow-venv/lib/python3.12/site-packages/airflow/example_dags/example_trigger_controller_dag.py
[2026-02-26T06:21:45.250+0000] {processor.py:925} INFO - DAG(s) 'example_trigger_controller_dag' retrieved from /home/ubuntu/airflow-venv/lib/python3.12/site-packages/airflow/example_dags/example_trigger_controller_dag.py
[2026-02-26T06:21:45.259+0000] {logging_mixin.py:190} INFO - [2026-02-26T06:21:45.259+0000] {dag.py:3239} INFO - Sync 1 DAGs
[2026-02-26T06:21:45.272+0000] {logging_mixin.py:190} INFO - [2026-02-26T06:21:45.272+0000] {dag.py:4180} INFO - Setting next_dagrun for example_trigger_controller_dag to 2021-01-01 00:00:00+00:00, run_after=2021-01-01 00:00:00+00:00
[2026-02-26T06:21:45.290+0000] {processor.py:208} INFO - Processing /home/ubuntu/airflow-venv/lib/python3.12/site-packages/airflow/example_dags/example_trigger_controller_dag.py took 0.051 seconds
[2026-02-26T06:22:33.180+0000] {processor.py:186} INFO - Started process (PID=3261) to work on /home/ubuntu/airflow-venv/lib/python3.12/site-packages/airflow/example_dags/example_trigger_controller_dag.py
[2026-02-26T06:22:33.181+0000] {processor.py:914} INFO - Processing file /home/ubuntu/airflow-venv/lib/python3.12/site-packages/airflow/example_dags/example_trigger_controller_dag.py for tasks to queue
[2026-02-26T06:22:33.183+0000] {logging_mixin.py:190} INFO - [2026-02-26T06:22:33.183+0000] {dagbag.py:588} INFO - Filling up the DagBag from /home/ubuntu/airflow-venv/lib/python3.12/site-packages/airflow/example_dags/example_trigger_controller_dag.py
[2026-02-26T06:22:33.187+0000] {processor.py:925} INFO - DAG(s) 'example_trigger_controller_dag' retrieved from /home/ubuntu/airflow-venv/lib/python3.12/site-packages/airflow/example_dags/example_trigger_controller_dag.py
[2026-02-26T06:22:33.197+0000] {logging_mixin.py:190} INFO - [2026-02-26T06:22:33.196+0000] {dag.py:3239} INFO - Sync 1 DAGs
[2026-02-26T06:22:33.209+0000] {logging_mixin.py:190} INFO - [2026-02-26T06:22:33.209+0000] {dag.py:4180} INFO - Setting next_dagrun for example_trigger_controller_dag to 2021-01-01 00:00:00+00:00, run_after=2021-01-01 00:00:00+00:00
[2026-02-26T06:22:33.227+0000] {processor.py:208} INFO - Processing /home/ubuntu/airflow-venv/lib/python3.12/site-packages/airflow/example_dags/example_trigger_controller_dag.py took 0.051 seconds
[2026-02-26T06:23:25.803+0000] {processor.py:186} INFO - Started process (PID=3315) to work on /home/ubuntu/airflow-venv/lib/python3.12/site-packages/airflow/example_dags/example_trigger_controller_dag.py
[2026-02-26T06:23:25.804+0000] {processor.py:914} INFO - Processing file /home/ubuntu/airflow-venv/lib/python3.12/site-packages/airflow/example_dags/example_trigger_controller_dag.py for tasks to queue
[2026-02-26T06:23:25.806+0000] {logging_mixin.py:190} INFO - [2026-02-26T06:23:25.805+0000] {dagbag.py:588} INFO - Filling up the DagBag from /home/ubuntu/airflow-venv/lib/python3.12/site-packages/airflow/example_dags/example_trigger_controller_dag.py
[2026-02-26T06:23:25.810+0000] {processor.py:925} INFO - DAG(s) 'example_trigger_controller_dag' retrieved from /home/ubuntu/airflow-venv/lib/python3.12/site-packages/airflow/example_dags/example_trigger_controller_dag.py
[2026-02-26T06:23:25.820+0000] {logging_mixin.py:190} INFO - [2026-02-26T06:23:25.820+0000] {dag.py:3239} INFO - Sync 1 DAGs
[2026-02-26T06:23:25.833+0000] {logging_mixin.py:190} INFO - [2026-02-26T06:23:25.833+0000] {dag.py:4180} INFO - Setting next_dagrun for example_trigger_controller_dag to 2021-01-01 00:00:00+00:00, run_after=2021-01-01 00:00:00+00:00
[2026-02-26T06:23:25.850+0000] {processor.py:208} INFO - Processing /home/ubuntu/airflow-venv/lib/python3.12/site-packages/airflow/example_dags/example_trigger_controller_dag.py took 0.051 seconds
[2026-02-26T06:24:18.610+0000] {processor.py:186} INFO - Started process (PID=3369) to work on /home/ubuntu/airflow-venv/lib/python3.12/site-packages/airflow/example_dags/example_trigger_controller_dag.py
[2026-02-26T06:24:18.611+0000] {processor.py:914} INFO - Processing file /home/ubuntu/airflow-venv/lib/python3.12/site-packages/airflow/example_dags/example_trigger_controller_dag.py for tasks to queue
[2026-02-26T06:24:18.612+0000] {logging_mixin.py:190} INFO - [2026-02-26T06:24:18.612+0000] {dagbag.py:588} INFO - Filling up the DagBag from /home/ubuntu/airflow-venv/lib/python3.12/site-packages/airflow/example_dags/example_trigger_controller_dag.py
[2026-02-26T06:24:18.617+0000] {processor.py:925} INFO - DAG(s) 'example_trigger_controller_dag' retrieved from /home/ubuntu/airflow-venv/lib/python3.12/site-packages/airflow/example_dags/example_trigger_controller_dag.py
[2026-02-26T06:24:18.627+0000] {logging_mixin.py:190} INFO - [2026-02-26T06:24:18.627+0000] {dag.py:3239} INFO - Sync 1 DAGs
[2026-02-26T06:24:18.640+0000] {logging_mixin.py:190} INFO - [2026-02-26T06:24:18.640+0000] {dag.py:4180} INFO - Setting next_dagrun for example_trigger_controller_dag to 2021-01-01 00:00:00+00:00, run_after=2021-01-01 00:00:00+00:00
[2026-02-26T06:24:18.656+0000] {processor.py:208} INFO - Processing /home/ubuntu/airflow-venv/lib/python3.12/site-packages/airflow/example_dags/example_trigger_controller_dag.py took 0.050 seconds
