[2026-02-26T05:22:45.798+0000] {processor.py:186} INFO - Started process (PID=2125) to work on /home/ubuntu/airflow-venv/lib/python3.12/site-packages/airflow/example_dags/example_task_group.py
[2026-02-26T05:22:45.798+0000] {processor.py:914} INFO - Processing file /home/ubuntu/airflow-venv/lib/python3.12/site-packages/airflow/example_dags/example_task_group.py for tasks to queue
[2026-02-26T05:22:45.800+0000] {logging_mixin.py:190} INFO - [2026-02-26T05:22:45.799+0000] {dagbag.py:588} INFO - Filling up the DagBag from /home/ubuntu/airflow-venv/lib/python3.12/site-packages/airflow/example_dags/example_task_group.py
[2026-02-26T05:22:45.805+0000] {processor.py:925} INFO - DAG(s) 'example_task_group' retrieved from /home/ubuntu/airflow-venv/lib/python3.12/site-packages/airflow/example_dags/example_task_group.py
[2026-02-26T05:22:45.816+0000] {logging_mixin.py:190} INFO - [2026-02-26T05:22:45.816+0000] {dag.py:3239} INFO - Sync 1 DAGs
[2026-02-26T05:22:45.824+0000] {logging_mixin.py:190} INFO - [2026-02-26T05:22:45.824+0000] {dag.py:4180} INFO - Setting next_dagrun for example_task_group to None, run_after=None
[2026-02-26T05:22:45.840+0000] {processor.py:208} INFO - Processing /home/ubuntu/airflow-venv/lib/python3.12/site-packages/airflow/example_dags/example_task_group.py took 0.045 seconds
[2026-02-26T05:23:41.187+0000] {processor.py:186} INFO - Started process (PID=2189) to work on /home/ubuntu/airflow-venv/lib/python3.12/site-packages/airflow/example_dags/example_task_group.py
[2026-02-26T05:23:41.189+0000] {processor.py:914} INFO - Processing file /home/ubuntu/airflow-venv/lib/python3.12/site-packages/airflow/example_dags/example_task_group.py for tasks to queue
[2026-02-26T05:23:41.190+0000] {logging_mixin.py:190} INFO - [2026-02-26T05:23:41.190+0000] {dagbag.py:588} INFO - Filling up the DagBag from /home/ubuntu/airflow-venv/lib/python3.12/site-packages/airflow/example_dags/example_task_group.py
[2026-02-26T05:23:41.195+0000] {processor.py:925} INFO - DAG(s) 'example_task_group' retrieved from /home/ubuntu/airflow-venv/lib/python3.12/site-packages/airflow/example_dags/example_task_group.py
[2026-02-26T05:23:41.206+0000] {logging_mixin.py:190} INFO - [2026-02-26T05:23:41.206+0000] {dag.py:3239} INFO - Sync 1 DAGs
[2026-02-26T05:23:41.213+0000] {logging_mixin.py:190} INFO - [2026-02-26T05:23:41.213+0000] {dag.py:4180} INFO - Setting next_dagrun for example_task_group to None, run_after=None
[2026-02-26T05:23:41.229+0000] {processor.py:208} INFO - Processing /home/ubuntu/airflow-venv/lib/python3.12/site-packages/airflow/example_dags/example_task_group.py took 0.045 seconds
[2026-02-26T05:24:31.660+0000] {processor.py:186} INFO - Started process (PID=2243) to work on /home/ubuntu/airflow-venv/lib/python3.12/site-packages/airflow/example_dags/example_task_group.py
[2026-02-26T05:24:31.661+0000] {processor.py:914} INFO - Processing file /home/ubuntu/airflow-venv/lib/python3.12/site-packages/airflow/example_dags/example_task_group.py for tasks to queue
[2026-02-26T05:24:31.662+0000] {logging_mixin.py:190} INFO - [2026-02-26T05:24:31.662+0000] {dagbag.py:588} INFO - Filling up the DagBag from /home/ubuntu/airflow-venv/lib/python3.12/site-packages/airflow/example_dags/example_task_group.py
[2026-02-26T05:24:31.667+0000] {processor.py:925} INFO - DAG(s) 'example_task_group' retrieved from /home/ubuntu/airflow-venv/lib/python3.12/site-packages/airflow/example_dags/example_task_group.py
[2026-02-26T05:24:31.677+0000] {logging_mixin.py:190} INFO - [2026-02-26T05:24:31.677+0000] {dag.py:3239} INFO - Sync 1 DAGs
[2026-02-26T05:24:31.684+0000] {logging_mixin.py:190} INFO - [2026-02-26T05:24:31.684+0000] {dag.py:4180} INFO - Setting next_dagrun for example_task_group to None, run_after=None
[2026-02-26T05:24:31.699+0000] {processor.py:208} INFO - Processing /home/ubuntu/airflow-venv/lib/python3.12/site-packages/airflow/example_dags/example_task_group.py took 0.043 seconds
[2026-02-26T05:25:21.179+0000] {processor.py:186} INFO - Started process (PID=2304) to work on /home/ubuntu/airflow-venv/lib/python3.12/site-packages/airflow/example_dags/example_task_group.py
[2026-02-26T05:25:21.180+0000] {processor.py:914} INFO - Processing file /home/ubuntu/airflow-venv/lib/python3.12/site-packages/airflow/example_dags/example_task_group.py for tasks to queue
[2026-02-26T05:25:21.182+0000] {logging_mixin.py:190} INFO - [2026-02-26T05:25:21.181+0000] {dagbag.py:588} INFO - Filling up the DagBag from /home/ubuntu/airflow-venv/lib/python3.12/site-packages/airflow/example_dags/example_task_group.py
[2026-02-26T05:25:21.186+0000] {processor.py:925} INFO - DAG(s) 'example_task_group' retrieved from /home/ubuntu/airflow-venv/lib/python3.12/site-packages/airflow/example_dags/example_task_group.py
[2026-02-26T05:25:21.196+0000] {logging_mixin.py:190} INFO - [2026-02-26T05:25:21.196+0000] {dag.py:3239} INFO - Sync 1 DAGs
[2026-02-26T05:25:21.203+0000] {logging_mixin.py:190} INFO - [2026-02-26T05:25:21.203+0000] {dag.py:4180} INFO - Setting next_dagrun for example_task_group to None, run_after=None
[2026-02-26T05:25:21.219+0000] {processor.py:208} INFO - Processing /home/ubuntu/airflow-venv/lib/python3.12/site-packages/airflow/example_dags/example_task_group.py took 0.044 seconds
[2026-02-26T05:26:10.110+0000] {processor.py:186} INFO - Started process (PID=2361) to work on /home/ubuntu/airflow-venv/lib/python3.12/site-packages/airflow/example_dags/example_task_group.py
[2026-02-26T05:26:10.111+0000] {processor.py:914} INFO - Processing file /home/ubuntu/airflow-venv/lib/python3.12/site-packages/airflow/example_dags/example_task_group.py for tasks to queue
[2026-02-26T05:26:10.112+0000] {logging_mixin.py:190} INFO - [2026-02-26T05:26:10.112+0000] {dagbag.py:588} INFO - Filling up the DagBag from /home/ubuntu/airflow-venv/lib/python3.12/site-packages/airflow/example_dags/example_task_group.py
[2026-02-26T05:26:10.118+0000] {processor.py:925} INFO - DAG(s) 'example_task_group' retrieved from /home/ubuntu/airflow-venv/lib/python3.12/site-packages/airflow/example_dags/example_task_group.py
[2026-02-26T05:26:10.128+0000] {logging_mixin.py:190} INFO - [2026-02-26T05:26:10.128+0000] {dag.py:3239} INFO - Sync 1 DAGs
[2026-02-26T05:26:10.135+0000] {logging_mixin.py:190} INFO - [2026-02-26T05:26:10.135+0000] {dag.py:4180} INFO - Setting next_dagrun for example_task_group to None, run_after=None
[2026-02-26T05:26:10.150+0000] {processor.py:208} INFO - Processing /home/ubuntu/airflow-venv/lib/python3.12/site-packages/airflow/example_dags/example_task_group.py took 0.044 seconds
[2026-02-26T05:26:58.571+0000] {processor.py:186} INFO - Started process (PID=2418) to work on /home/ubuntu/airflow-venv/lib/python3.12/site-packages/airflow/example_dags/example_task_group.py
[2026-02-26T05:26:58.572+0000] {processor.py:914} INFO - Processing file /home/ubuntu/airflow-venv/lib/python3.12/site-packages/airflow/example_dags/example_task_group.py for tasks to queue
[2026-02-26T05:26:58.574+0000] {logging_mixin.py:190} INFO - [2026-02-26T05:26:58.574+0000] {dagbag.py:588} INFO - Filling up the DagBag from /home/ubuntu/airflow-venv/lib/python3.12/site-packages/airflow/example_dags/example_task_group.py
[2026-02-26T05:26:58.579+0000] {processor.py:925} INFO - DAG(s) 'example_task_group' retrieved from /home/ubuntu/airflow-venv/lib/python3.12/site-packages/airflow/example_dags/example_task_group.py
[2026-02-26T05:26:58.589+0000] {logging_mixin.py:190} INFO - [2026-02-26T05:26:58.589+0000] {dag.py:3239} INFO - Sync 1 DAGs
[2026-02-26T05:26:58.596+0000] {logging_mixin.py:190} INFO - [2026-02-26T05:26:58.596+0000] {dag.py:4180} INFO - Setting next_dagrun for example_task_group to None, run_after=None
[2026-02-26T05:26:58.613+0000] {processor.py:208} INFO - Processing /home/ubuntu/airflow-venv/lib/python3.12/site-packages/airflow/example_dags/example_task_group.py took 0.045 seconds
[2026-02-26T05:27:46.840+0000] {processor.py:186} INFO - Started process (PID=2833) to work on /home/ubuntu/airflow-venv/lib/python3.12/site-packages/airflow/example_dags/example_task_group.py
[2026-02-26T05:27:46.841+0000] {processor.py:914} INFO - Processing file /home/ubuntu/airflow-venv/lib/python3.12/site-packages/airflow/example_dags/example_task_group.py for tasks to queue
[2026-02-26T05:27:46.843+0000] {logging_mixin.py:190} INFO - [2026-02-26T05:27:46.843+0000] {dagbag.py:588} INFO - Filling up the DagBag from /home/ubuntu/airflow-venv/lib/python3.12/site-packages/airflow/example_dags/example_task_group.py
[2026-02-26T05:27:46.848+0000] {processor.py:925} INFO - DAG(s) 'example_task_group' retrieved from /home/ubuntu/airflow-venv/lib/python3.12/site-packages/airflow/example_dags/example_task_group.py
[2026-02-26T05:27:46.858+0000] {logging_mixin.py:190} INFO - [2026-02-26T05:27:46.858+0000] {dag.py:3239} INFO - Sync 1 DAGs
[2026-02-26T05:27:46.865+0000] {logging_mixin.py:190} INFO - [2026-02-26T05:27:46.865+0000] {dag.py:4180} INFO - Setting next_dagrun for example_task_group to None, run_after=None
[2026-02-26T05:27:46.881+0000] {processor.py:208} INFO - Processing /home/ubuntu/airflow-venv/lib/python3.12/site-packages/airflow/example_dags/example_task_group.py took 0.044 seconds
[2026-02-26T05:28:36.787+0000] {processor.py:186} INFO - Started process (PID=2885) to work on /home/ubuntu/airflow-venv/lib/python3.12/site-packages/airflow/example_dags/example_task_group.py
[2026-02-26T05:28:36.788+0000] {processor.py:914} INFO - Processing file /home/ubuntu/airflow-venv/lib/python3.12/site-packages/airflow/example_dags/example_task_group.py for tasks to queue
[2026-02-26T05:28:36.789+0000] {logging_mixin.py:190} INFO - [2026-02-26T05:28:36.789+0000] {dagbag.py:588} INFO - Filling up the DagBag from /home/ubuntu/airflow-venv/lib/python3.12/site-packages/airflow/example_dags/example_task_group.py
[2026-02-26T05:28:36.861+0000] {processor.py:925} INFO - DAG(s) 'example_task_group' retrieved from /home/ubuntu/airflow-venv/lib/python3.12/site-packages/airflow/example_dags/example_task_group.py
[2026-02-26T05:28:36.868+0000] {logging_mixin.py:190} INFO - [2026-02-26T05:28:36.868+0000] {dag.py:3239} INFO - Sync 1 DAGs
[2026-02-26T05:28:36.874+0000] {logging_mixin.py:190} INFO - [2026-02-26T05:28:36.873+0000] {dag.py:4180} INFO - Setting next_dagrun for example_task_group to None, run_after=None
[2026-02-26T05:28:36.888+0000] {processor.py:208} INFO - Processing /home/ubuntu/airflow-venv/lib/python3.12/site-packages/airflow/example_dags/example_task_group.py took 0.105 seconds
[2026-02-26T05:29:30.894+0000] {processor.py:186} INFO - Started process (PID=2939) to work on /home/ubuntu/airflow-venv/lib/python3.12/site-packages/airflow/example_dags/example_task_group.py
[2026-02-26T05:29:30.895+0000] {processor.py:914} INFO - Processing file /home/ubuntu/airflow-venv/lib/python3.12/site-packages/airflow/example_dags/example_task_group.py for tasks to queue
[2026-02-26T05:29:30.896+0000] {logging_mixin.py:190} INFO - [2026-02-26T05:29:30.896+0000] {dagbag.py:588} INFO - Filling up the DagBag from /home/ubuntu/airflow-venv/lib/python3.12/site-packages/airflow/example_dags/example_task_group.py
[2026-02-26T05:29:30.902+0000] {processor.py:925} INFO - DAG(s) 'example_task_group' retrieved from /home/ubuntu/airflow-venv/lib/python3.12/site-packages/airflow/example_dags/example_task_group.py
[2026-02-26T05:29:30.912+0000] {logging_mixin.py:190} INFO - [2026-02-26T05:29:30.912+0000] {dag.py:3239} INFO - Sync 1 DAGs
[2026-02-26T05:29:30.920+0000] {logging_mixin.py:190} INFO - [2026-02-26T05:29:30.920+0000] {dag.py:4180} INFO - Setting next_dagrun for example_task_group to None, run_after=None
[2026-02-26T05:29:30.937+0000] {processor.py:208} INFO - Processing /home/ubuntu/airflow-venv/lib/python3.12/site-packages/airflow/example_dags/example_task_group.py took 0.047 seconds
[2026-02-26T05:30:25.437+0000] {processor.py:186} INFO - Started process (PID=3000) to work on /home/ubuntu/airflow-venv/lib/python3.12/site-packages/airflow/example_dags/example_task_group.py
[2026-02-26T05:30:25.438+0000] {processor.py:914} INFO - Processing file /home/ubuntu/airflow-venv/lib/python3.12/site-packages/airflow/example_dags/example_task_group.py for tasks to queue
[2026-02-26T05:30:25.440+0000] {logging_mixin.py:190} INFO - [2026-02-26T05:30:25.440+0000] {dagbag.py:588} INFO - Filling up the DagBag from /home/ubuntu/airflow-venv/lib/python3.12/site-packages/airflow/example_dags/example_task_group.py
[2026-02-26T05:30:25.445+0000] {processor.py:925} INFO - DAG(s) 'example_task_group' retrieved from /home/ubuntu/airflow-venv/lib/python3.12/site-packages/airflow/example_dags/example_task_group.py
[2026-02-26T05:30:25.455+0000] {logging_mixin.py:190} INFO - [2026-02-26T05:30:25.455+0000] {dag.py:3239} INFO - Sync 1 DAGs
[2026-02-26T05:30:25.462+0000] {logging_mixin.py:190} INFO - [2026-02-26T05:30:25.462+0000] {dag.py:4180} INFO - Setting next_dagrun for example_task_group to None, run_after=None
[2026-02-26T05:30:25.479+0000] {processor.py:208} INFO - Processing /home/ubuntu/airflow-venv/lib/python3.12/site-packages/airflow/example_dags/example_task_group.py took 0.045 seconds
[2026-02-26T05:31:15.767+0000] {processor.py:186} INFO - Started process (PID=3051) to work on /home/ubuntu/airflow-venv/lib/python3.12/site-packages/airflow/example_dags/example_task_group.py
[2026-02-26T05:31:15.768+0000] {processor.py:914} INFO - Processing file /home/ubuntu/airflow-venv/lib/python3.12/site-packages/airflow/example_dags/example_task_group.py for tasks to queue
[2026-02-26T05:31:15.770+0000] {logging_mixin.py:190} INFO - [2026-02-26T05:31:15.769+0000] {dagbag.py:588} INFO - Filling up the DagBag from /home/ubuntu/airflow-venv/lib/python3.12/site-packages/airflow/example_dags/example_task_group.py
[2026-02-26T05:31:15.775+0000] {processor.py:925} INFO - DAG(s) 'example_task_group' retrieved from /home/ubuntu/airflow-venv/lib/python3.12/site-packages/airflow/example_dags/example_task_group.py
[2026-02-26T05:31:15.786+0000] {logging_mixin.py:190} INFO - [2026-02-26T05:31:15.786+0000] {dag.py:3239} INFO - Sync 1 DAGs
[2026-02-26T05:31:15.793+0000] {logging_mixin.py:190} INFO - [2026-02-26T05:31:15.793+0000] {dag.py:4180} INFO - Setting next_dagrun for example_task_group to None, run_after=None
[2026-02-26T05:31:15.810+0000] {processor.py:208} INFO - Processing /home/ubuntu/airflow-venv/lib/python3.12/site-packages/airflow/example_dags/example_task_group.py took 0.047 seconds
[2026-02-26T05:32:06.562+0000] {processor.py:186} INFO - Started process (PID=3104) to work on /home/ubuntu/airflow-venv/lib/python3.12/site-packages/airflow/example_dags/example_task_group.py
[2026-02-26T05:32:06.563+0000] {processor.py:914} INFO - Processing file /home/ubuntu/airflow-venv/lib/python3.12/site-packages/airflow/example_dags/example_task_group.py for tasks to queue
[2026-02-26T05:32:06.565+0000] {logging_mixin.py:190} INFO - [2026-02-26T05:32:06.565+0000] {dagbag.py:588} INFO - Filling up the DagBag from /home/ubuntu/airflow-venv/lib/python3.12/site-packages/airflow/example_dags/example_task_group.py
[2026-02-26T05:32:06.570+0000] {processor.py:925} INFO - DAG(s) 'example_task_group' retrieved from /home/ubuntu/airflow-venv/lib/python3.12/site-packages/airflow/example_dags/example_task_group.py
[2026-02-26T05:32:06.580+0000] {logging_mixin.py:190} INFO - [2026-02-26T05:32:06.580+0000] {dag.py:3239} INFO - Sync 1 DAGs
[2026-02-26T05:32:06.587+0000] {logging_mixin.py:190} INFO - [2026-02-26T05:32:06.587+0000] {dag.py:4180} INFO - Setting next_dagrun for example_task_group to None, run_after=None
[2026-02-26T05:32:06.603+0000] {processor.py:208} INFO - Processing /home/ubuntu/airflow-venv/lib/python3.12/site-packages/airflow/example_dags/example_task_group.py took 0.045 seconds
[2026-02-26T05:32:57.189+0000] {processor.py:186} INFO - Started process (PID=3158) to work on /home/ubuntu/airflow-venv/lib/python3.12/site-packages/airflow/example_dags/example_task_group.py
[2026-02-26T05:32:57.190+0000] {processor.py:914} INFO - Processing file /home/ubuntu/airflow-venv/lib/python3.12/site-packages/airflow/example_dags/example_task_group.py for tasks to queue
[2026-02-26T05:32:57.192+0000] {logging_mixin.py:190} INFO - [2026-02-26T05:32:57.191+0000] {dagbag.py:588} INFO - Filling up the DagBag from /home/ubuntu/airflow-venv/lib/python3.12/site-packages/airflow/example_dags/example_task_group.py
[2026-02-26T05:32:57.197+0000] {processor.py:925} INFO - DAG(s) 'example_task_group' retrieved from /home/ubuntu/airflow-venv/lib/python3.12/site-packages/airflow/example_dags/example_task_group.py
[2026-02-26T05:32:57.207+0000] {logging_mixin.py:190} INFO - [2026-02-26T05:32:57.207+0000] {dag.py:3239} INFO - Sync 1 DAGs
[2026-02-26T05:32:57.214+0000] {logging_mixin.py:190} INFO - [2026-02-26T05:32:57.214+0000] {dag.py:4180} INFO - Setting next_dagrun for example_task_group to None, run_after=None
[2026-02-26T05:32:57.230+0000] {processor.py:208} INFO - Processing /home/ubuntu/airflow-venv/lib/python3.12/site-packages/airflow/example_dags/example_task_group.py took 0.045 seconds
[2026-02-26T05:33:45.781+0000] {processor.py:186} INFO - Started process (PID=3208) to work on /home/ubuntu/airflow-venv/lib/python3.12/site-packages/airflow/example_dags/example_task_group.py
[2026-02-26T05:33:45.782+0000] {processor.py:914} INFO - Processing file /home/ubuntu/airflow-venv/lib/python3.12/site-packages/airflow/example_dags/example_task_group.py for tasks to queue
[2026-02-26T05:33:45.784+0000] {logging_mixin.py:190} INFO - [2026-02-26T05:33:45.784+0000] {dagbag.py:588} INFO - Filling up the DagBag from /home/ubuntu/airflow-venv/lib/python3.12/site-packages/airflow/example_dags/example_task_group.py
[2026-02-26T05:33:45.789+0000] {processor.py:925} INFO - DAG(s) 'example_task_group' retrieved from /home/ubuntu/airflow-venv/lib/python3.12/site-packages/airflow/example_dags/example_task_group.py
[2026-02-26T05:33:45.799+0000] {logging_mixin.py:190} INFO - [2026-02-26T05:33:45.799+0000] {dag.py:3239} INFO - Sync 1 DAGs
[2026-02-26T05:33:45.807+0000] {logging_mixin.py:190} INFO - [2026-02-26T05:33:45.807+0000] {dag.py:4180} INFO - Setting next_dagrun for example_task_group to None, run_after=None
[2026-02-26T05:33:45.823+0000] {processor.py:208} INFO - Processing /home/ubuntu/airflow-venv/lib/python3.12/site-packages/airflow/example_dags/example_task_group.py took 0.046 seconds
[2026-02-26T05:34:33.760+0000] {processor.py:186} INFO - Started process (PID=3262) to work on /home/ubuntu/airflow-venv/lib/python3.12/site-packages/airflow/example_dags/example_task_group.py
[2026-02-26T05:34:33.761+0000] {processor.py:914} INFO - Processing file /home/ubuntu/airflow-venv/lib/python3.12/site-packages/airflow/example_dags/example_task_group.py for tasks to queue
[2026-02-26T05:34:33.763+0000] {logging_mixin.py:190} INFO - [2026-02-26T05:34:33.763+0000] {dagbag.py:588} INFO - Filling up the DagBag from /home/ubuntu/airflow-venv/lib/python3.12/site-packages/airflow/example_dags/example_task_group.py
[2026-02-26T05:34:33.768+0000] {processor.py:925} INFO - DAG(s) 'example_task_group' retrieved from /home/ubuntu/airflow-venv/lib/python3.12/site-packages/airflow/example_dags/example_task_group.py
[2026-02-26T05:34:33.778+0000] {logging_mixin.py:190} INFO - [2026-02-26T05:34:33.778+0000] {dag.py:3239} INFO - Sync 1 DAGs
[2026-02-26T05:34:33.786+0000] {logging_mixin.py:190} INFO - [2026-02-26T05:34:33.785+0000] {dag.py:4180} INFO - Setting next_dagrun for example_task_group to None, run_after=None
[2026-02-26T05:34:33.801+0000] {processor.py:208} INFO - Processing /home/ubuntu/airflow-venv/lib/python3.12/site-packages/airflow/example_dags/example_task_group.py took 0.045 seconds
[2026-02-26T05:35:25.087+0000] {processor.py:186} INFO - Started process (PID=3323) to work on /home/ubuntu/airflow-venv/lib/python3.12/site-packages/airflow/example_dags/example_task_group.py
[2026-02-26T05:35:25.088+0000] {processor.py:914} INFO - Processing file /home/ubuntu/airflow-venv/lib/python3.12/site-packages/airflow/example_dags/example_task_group.py for tasks to queue
[2026-02-26T05:35:25.090+0000] {logging_mixin.py:190} INFO - [2026-02-26T05:35:25.090+0000] {dagbag.py:588} INFO - Filling up the DagBag from /home/ubuntu/airflow-venv/lib/python3.12/site-packages/airflow/example_dags/example_task_group.py
[2026-02-26T05:35:25.095+0000] {processor.py:925} INFO - DAG(s) 'example_task_group' retrieved from /home/ubuntu/airflow-venv/lib/python3.12/site-packages/airflow/example_dags/example_task_group.py
[2026-02-26T05:35:25.105+0000] {logging_mixin.py:190} INFO - [2026-02-26T05:35:25.105+0000] {dag.py:3239} INFO - Sync 1 DAGs
[2026-02-26T05:35:25.112+0000] {logging_mixin.py:190} INFO - [2026-02-26T05:35:25.112+0000] {dag.py:4180} INFO - Setting next_dagrun for example_task_group to None, run_after=None
[2026-02-26T05:35:25.128+0000] {processor.py:208} INFO - Processing /home/ubuntu/airflow-venv/lib/python3.12/site-packages/airflow/example_dags/example_task_group.py took 0.044 seconds
[2026-02-26T05:36:19.555+0000] {processor.py:186} INFO - Started process (PID=3381) to work on /home/ubuntu/airflow-venv/lib/python3.12/site-packages/airflow/example_dags/example_task_group.py
[2026-02-26T05:36:19.557+0000] {processor.py:914} INFO - Processing file /home/ubuntu/airflow-venv/lib/python3.12/site-packages/airflow/example_dags/example_task_group.py for tasks to queue
[2026-02-26T05:36:19.558+0000] {logging_mixin.py:190} INFO - [2026-02-26T05:36:19.558+0000] {dagbag.py:588} INFO - Filling up the DagBag from /home/ubuntu/airflow-venv/lib/python3.12/site-packages/airflow/example_dags/example_task_group.py
[2026-02-26T05:36:19.564+0000] {processor.py:925} INFO - DAG(s) 'example_task_group' retrieved from /home/ubuntu/airflow-venv/lib/python3.12/site-packages/airflow/example_dags/example_task_group.py
[2026-02-26T05:36:19.574+0000] {logging_mixin.py:190} INFO - [2026-02-26T05:36:19.574+0000] {dag.py:3239} INFO - Sync 1 DAGs
[2026-02-26T05:36:19.581+0000] {logging_mixin.py:190} INFO - [2026-02-26T05:36:19.581+0000] {dag.py:4180} INFO - Setting next_dagrun for example_task_group to None, run_after=None
[2026-02-26T05:36:19.597+0000] {processor.py:208} INFO - Processing /home/ubuntu/airflow-venv/lib/python3.12/site-packages/airflow/example_dags/example_task_group.py took 0.046 seconds
[2026-02-26T05:37:08.898+0000] {processor.py:186} INFO - Started process (PID=3435) to work on /home/ubuntu/airflow-venv/lib/python3.12/site-packages/airflow/example_dags/example_task_group.py
[2026-02-26T05:37:08.899+0000] {processor.py:914} INFO - Processing file /home/ubuntu/airflow-venv/lib/python3.12/site-packages/airflow/example_dags/example_task_group.py for tasks to queue
[2026-02-26T05:37:08.901+0000] {logging_mixin.py:190} INFO - [2026-02-26T05:37:08.901+0000] {dagbag.py:588} INFO - Filling up the DagBag from /home/ubuntu/airflow-venv/lib/python3.12/site-packages/airflow/example_dags/example_task_group.py
[2026-02-26T05:37:08.906+0000] {processor.py:925} INFO - DAG(s) 'example_task_group' retrieved from /home/ubuntu/airflow-venv/lib/python3.12/site-packages/airflow/example_dags/example_task_group.py
[2026-02-26T05:37:08.916+0000] {logging_mixin.py:190} INFO - [2026-02-26T05:37:08.916+0000] {dag.py:3239} INFO - Sync 1 DAGs
[2026-02-26T05:37:08.923+0000] {logging_mixin.py:190} INFO - [2026-02-26T05:37:08.923+0000] {dag.py:4180} INFO - Setting next_dagrun for example_task_group to None, run_after=None
[2026-02-26T05:37:08.940+0000] {processor.py:208} INFO - Processing /home/ubuntu/airflow-venv/lib/python3.12/site-packages/airflow/example_dags/example_task_group.py took 0.045 seconds
[2026-02-26T05:37:58.480+0000] {processor.py:186} INFO - Started process (PID=3485) to work on /home/ubuntu/airflow-venv/lib/python3.12/site-packages/airflow/example_dags/example_task_group.py
[2026-02-26T05:37:58.481+0000] {processor.py:914} INFO - Processing file /home/ubuntu/airflow-venv/lib/python3.12/site-packages/airflow/example_dags/example_task_group.py for tasks to queue
[2026-02-26T05:37:58.483+0000] {logging_mixin.py:190} INFO - [2026-02-26T05:37:58.483+0000] {dagbag.py:588} INFO - Filling up the DagBag from /home/ubuntu/airflow-venv/lib/python3.12/site-packages/airflow/example_dags/example_task_group.py
[2026-02-26T05:37:58.488+0000] {processor.py:925} INFO - DAG(s) 'example_task_group' retrieved from /home/ubuntu/airflow-venv/lib/python3.12/site-packages/airflow/example_dags/example_task_group.py
[2026-02-26T05:37:58.498+0000] {logging_mixin.py:190} INFO - [2026-02-26T05:37:58.498+0000] {dag.py:3239} INFO - Sync 1 DAGs
[2026-02-26T05:37:58.506+0000] {logging_mixin.py:190} INFO - [2026-02-26T05:37:58.506+0000] {dag.py:4180} INFO - Setting next_dagrun for example_task_group to None, run_after=None
[2026-02-26T05:37:58.523+0000] {processor.py:208} INFO - Processing /home/ubuntu/airflow-venv/lib/python3.12/site-packages/airflow/example_dags/example_task_group.py took 0.046 seconds
[2026-02-26T05:38:49.833+0000] {processor.py:186} INFO - Started process (PID=3539) to work on /home/ubuntu/airflow-venv/lib/python3.12/site-packages/airflow/example_dags/example_task_group.py
[2026-02-26T05:38:49.834+0000] {processor.py:914} INFO - Processing file /home/ubuntu/airflow-venv/lib/python3.12/site-packages/airflow/example_dags/example_task_group.py for tasks to queue
[2026-02-26T05:38:49.836+0000] {logging_mixin.py:190} INFO - [2026-02-26T05:38:49.836+0000] {dagbag.py:588} INFO - Filling up the DagBag from /home/ubuntu/airflow-venv/lib/python3.12/site-packages/airflow/example_dags/example_task_group.py
[2026-02-26T05:38:49.842+0000] {processor.py:925} INFO - DAG(s) 'example_task_group' retrieved from /home/ubuntu/airflow-venv/lib/python3.12/site-packages/airflow/example_dags/example_task_group.py
[2026-02-26T05:38:49.852+0000] {logging_mixin.py:190} INFO - [2026-02-26T05:38:49.852+0000] {dag.py:3239} INFO - Sync 1 DAGs
[2026-02-26T05:38:49.859+0000] {logging_mixin.py:190} INFO - [2026-02-26T05:38:49.859+0000] {dag.py:4180} INFO - Setting next_dagrun for example_task_group to None, run_after=None
[2026-02-26T05:38:49.876+0000] {processor.py:208} INFO - Processing /home/ubuntu/airflow-venv/lib/python3.12/site-packages/airflow/example_dags/example_task_group.py took 0.046 seconds
[2026-02-26T05:39:38.733+0000] {processor.py:186} INFO - Started process (PID=3591) to work on /home/ubuntu/airflow-venv/lib/python3.12/site-packages/airflow/example_dags/example_task_group.py
[2026-02-26T05:39:38.734+0000] {processor.py:914} INFO - Processing file /home/ubuntu/airflow-venv/lib/python3.12/site-packages/airflow/example_dags/example_task_group.py for tasks to queue
[2026-02-26T05:39:38.736+0000] {logging_mixin.py:190} INFO - [2026-02-26T05:39:38.736+0000] {dagbag.py:588} INFO - Filling up the DagBag from /home/ubuntu/airflow-venv/lib/python3.12/site-packages/airflow/example_dags/example_task_group.py
[2026-02-26T05:39:38.741+0000] {processor.py:925} INFO - DAG(s) 'example_task_group' retrieved from /home/ubuntu/airflow-venv/lib/python3.12/site-packages/airflow/example_dags/example_task_group.py
[2026-02-26T05:39:38.751+0000] {logging_mixin.py:190} INFO - [2026-02-26T05:39:38.751+0000] {dag.py:3239} INFO - Sync 1 DAGs
[2026-02-26T05:39:38.759+0000] {logging_mixin.py:190} INFO - [2026-02-26T05:39:38.758+0000] {dag.py:4180} INFO - Setting next_dagrun for example_task_group to None, run_after=None
[2026-02-26T05:39:38.775+0000] {processor.py:208} INFO - Processing /home/ubuntu/airflow-venv/lib/python3.12/site-packages/airflow/example_dags/example_task_group.py took 0.046 seconds
[2026-02-26T05:40:27.446+0000] {processor.py:186} INFO - Started process (PID=3648) to work on /home/ubuntu/airflow-venv/lib/python3.12/site-packages/airflow/example_dags/example_task_group.py
[2026-02-26T05:40:27.448+0000] {processor.py:914} INFO - Processing file /home/ubuntu/airflow-venv/lib/python3.12/site-packages/airflow/example_dags/example_task_group.py for tasks to queue
[2026-02-26T05:40:27.449+0000] {logging_mixin.py:190} INFO - [2026-02-26T05:40:27.449+0000] {dagbag.py:588} INFO - Filling up the DagBag from /home/ubuntu/airflow-venv/lib/python3.12/site-packages/airflow/example_dags/example_task_group.py
[2026-02-26T05:40:27.455+0000] {processor.py:925} INFO - DAG(s) 'example_task_group' retrieved from /home/ubuntu/airflow-venv/lib/python3.12/site-packages/airflow/example_dags/example_task_group.py
[2026-02-26T05:40:27.465+0000] {logging_mixin.py:190} INFO - [2026-02-26T05:40:27.465+0000] {dag.py:3239} INFO - Sync 1 DAGs
[2026-02-26T05:40:27.472+0000] {logging_mixin.py:190} INFO - [2026-02-26T05:40:27.472+0000] {dag.py:4180} INFO - Setting next_dagrun for example_task_group to None, run_after=None
[2026-02-26T05:40:27.488+0000] {processor.py:208} INFO - Processing /home/ubuntu/airflow-venv/lib/python3.12/site-packages/airflow/example_dags/example_task_group.py took 0.045 seconds
[2026-02-26T05:41:16.519+0000] {processor.py:186} INFO - Started process (PID=3699) to work on /home/ubuntu/airflow-venv/lib/python3.12/site-packages/airflow/example_dags/example_task_group.py
[2026-02-26T05:41:16.520+0000] {processor.py:914} INFO - Processing file /home/ubuntu/airflow-venv/lib/python3.12/site-packages/airflow/example_dags/example_task_group.py for tasks to queue
[2026-02-26T05:41:16.522+0000] {logging_mixin.py:190} INFO - [2026-02-26T05:41:16.522+0000] {dagbag.py:588} INFO - Filling up the DagBag from /home/ubuntu/airflow-venv/lib/python3.12/site-packages/airflow/example_dags/example_task_group.py
[2026-02-26T05:41:16.527+0000] {processor.py:925} INFO - DAG(s) 'example_task_group' retrieved from /home/ubuntu/airflow-venv/lib/python3.12/site-packages/airflow/example_dags/example_task_group.py
[2026-02-26T05:41:16.537+0000] {logging_mixin.py:190} INFO - [2026-02-26T05:41:16.537+0000] {dag.py:3239} INFO - Sync 1 DAGs
[2026-02-26T05:41:16.544+0000] {logging_mixin.py:190} INFO - [2026-02-26T05:41:16.544+0000] {dag.py:4180} INFO - Setting next_dagrun for example_task_group to None, run_after=None
[2026-02-26T05:41:16.561+0000] {processor.py:208} INFO - Processing /home/ubuntu/airflow-venv/lib/python3.12/site-packages/airflow/example_dags/example_task_group.py took 0.045 seconds
[2026-02-26T05:42:05.622+0000] {processor.py:186} INFO - Started process (PID=3751) to work on /home/ubuntu/airflow-venv/lib/python3.12/site-packages/airflow/example_dags/example_task_group.py
[2026-02-26T05:42:05.623+0000] {processor.py:914} INFO - Processing file /home/ubuntu/airflow-venv/lib/python3.12/site-packages/airflow/example_dags/example_task_group.py for tasks to queue
[2026-02-26T05:42:05.625+0000] {logging_mixin.py:190} INFO - [2026-02-26T05:42:05.625+0000] {dagbag.py:588} INFO - Filling up the DagBag from /home/ubuntu/airflow-venv/lib/python3.12/site-packages/airflow/example_dags/example_task_group.py
[2026-02-26T05:42:05.631+0000] {processor.py:925} INFO - DAG(s) 'example_task_group' retrieved from /home/ubuntu/airflow-venv/lib/python3.12/site-packages/airflow/example_dags/example_task_group.py
[2026-02-26T05:42:05.641+0000] {logging_mixin.py:190} INFO - [2026-02-26T05:42:05.641+0000] {dag.py:3239} INFO - Sync 1 DAGs
[2026-02-26T05:42:05.649+0000] {logging_mixin.py:190} INFO - [2026-02-26T05:42:05.649+0000] {dag.py:4180} INFO - Setting next_dagrun for example_task_group to None, run_after=None
[2026-02-26T05:42:05.665+0000] {processor.py:208} INFO - Processing /home/ubuntu/airflow-venv/lib/python3.12/site-packages/airflow/example_dags/example_task_group.py took 0.046 seconds
[2026-02-26T05:42:54.084+0000] {processor.py:186} INFO - Started process (PID=3802) to work on /home/ubuntu/airflow-venv/lib/python3.12/site-packages/airflow/example_dags/example_task_group.py
[2026-02-26T05:42:54.085+0000] {processor.py:914} INFO - Processing file /home/ubuntu/airflow-venv/lib/python3.12/site-packages/airflow/example_dags/example_task_group.py for tasks to queue
[2026-02-26T05:42:54.087+0000] {logging_mixin.py:190} INFO - [2026-02-26T05:42:54.086+0000] {dagbag.py:588} INFO - Filling up the DagBag from /home/ubuntu/airflow-venv/lib/python3.12/site-packages/airflow/example_dags/example_task_group.py
[2026-02-26T05:42:54.092+0000] {processor.py:925} INFO - DAG(s) 'example_task_group' retrieved from /home/ubuntu/airflow-venv/lib/python3.12/site-packages/airflow/example_dags/example_task_group.py
[2026-02-26T05:42:54.102+0000] {logging_mixin.py:190} INFO - [2026-02-26T05:42:54.102+0000] {dag.py:3239} INFO - Sync 1 DAGs
[2026-02-26T05:42:54.110+0000] {logging_mixin.py:190} INFO - [2026-02-26T05:42:54.109+0000] {dag.py:4180} INFO - Setting next_dagrun for example_task_group to None, run_after=None
[2026-02-26T05:42:54.126+0000] {processor.py:208} INFO - Processing /home/ubuntu/airflow-venv/lib/python3.12/site-packages/airflow/example_dags/example_task_group.py took 0.046 seconds
[2026-02-26T05:43:43.194+0000] {processor.py:186} INFO - Started process (PID=3853) to work on /home/ubuntu/airflow-venv/lib/python3.12/site-packages/airflow/example_dags/example_task_group.py
[2026-02-26T05:43:43.195+0000] {processor.py:914} INFO - Processing file /home/ubuntu/airflow-venv/lib/python3.12/site-packages/airflow/example_dags/example_task_group.py for tasks to queue
[2026-02-26T05:43:43.196+0000] {logging_mixin.py:190} INFO - [2026-02-26T05:43:43.196+0000] {dagbag.py:588} INFO - Filling up the DagBag from /home/ubuntu/airflow-venv/lib/python3.12/site-packages/airflow/example_dags/example_task_group.py
[2026-02-26T05:43:43.202+0000] {processor.py:925} INFO - DAG(s) 'example_task_group' retrieved from /home/ubuntu/airflow-venv/lib/python3.12/site-packages/airflow/example_dags/example_task_group.py
[2026-02-26T05:43:43.211+0000] {logging_mixin.py:190} INFO - [2026-02-26T05:43:43.211+0000] {dag.py:3239} INFO - Sync 1 DAGs
[2026-02-26T05:43:43.218+0000] {logging_mixin.py:190} INFO - [2026-02-26T05:43:43.218+0000] {dag.py:4180} INFO - Setting next_dagrun for example_task_group to None, run_after=None
[2026-02-26T05:43:43.233+0000] {processor.py:208} INFO - Processing /home/ubuntu/airflow-venv/lib/python3.12/site-packages/airflow/example_dags/example_task_group.py took 0.043 seconds
[2026-02-26T05:44:33.050+0000] {processor.py:186} INFO - Started process (PID=3907) to work on /home/ubuntu/airflow-venv/lib/python3.12/site-packages/airflow/example_dags/example_task_group.py
[2026-02-26T05:44:33.051+0000] {processor.py:914} INFO - Processing file /home/ubuntu/airflow-venv/lib/python3.12/site-packages/airflow/example_dags/example_task_group.py for tasks to queue
[2026-02-26T05:44:33.053+0000] {logging_mixin.py:190} INFO - [2026-02-26T05:44:33.053+0000] {dagbag.py:588} INFO - Filling up the DagBag from /home/ubuntu/airflow-venv/lib/python3.12/site-packages/airflow/example_dags/example_task_group.py
[2026-02-26T05:44:33.058+0000] {processor.py:925} INFO - DAG(s) 'example_task_group' retrieved from /home/ubuntu/airflow-venv/lib/python3.12/site-packages/airflow/example_dags/example_task_group.py
[2026-02-26T05:44:33.068+0000] {logging_mixin.py:190} INFO - [2026-02-26T05:44:33.068+0000] {dag.py:3239} INFO - Sync 1 DAGs
[2026-02-26T05:44:33.075+0000] {logging_mixin.py:190} INFO - [2026-02-26T05:44:33.075+0000] {dag.py:4180} INFO - Setting next_dagrun for example_task_group to None, run_after=None
[2026-02-26T05:44:33.091+0000] {processor.py:208} INFO - Processing /home/ubuntu/airflow-venv/lib/python3.12/site-packages/airflow/example_dags/example_task_group.py took 0.044 seconds
[2026-02-26T06:13:49.400+0000] {processor.py:186} INFO - Started process (PID=2701) to work on /home/ubuntu/airflow-venv/lib/python3.12/site-packages/airflow/example_dags/example_task_group.py
[2026-02-26T06:13:49.402+0000] {processor.py:914} INFO - Processing file /home/ubuntu/airflow-venv/lib/python3.12/site-packages/airflow/example_dags/example_task_group.py for tasks to queue
[2026-02-26T06:13:49.404+0000] {logging_mixin.py:190} INFO - [2026-02-26T06:13:49.403+0000] {dagbag.py:588} INFO - Filling up the DagBag from /home/ubuntu/airflow-venv/lib/python3.12/site-packages/airflow/example_dags/example_task_group.py
[2026-02-26T06:13:49.409+0000] {processor.py:925} INFO - DAG(s) 'example_task_group' retrieved from /home/ubuntu/airflow-venv/lib/python3.12/site-packages/airflow/example_dags/example_task_group.py
[2026-02-26T06:13:49.421+0000] {logging_mixin.py:190} INFO - [2026-02-26T06:13:49.421+0000] {dag.py:3239} INFO - Sync 1 DAGs
[2026-02-26T06:13:49.429+0000] {logging_mixin.py:190} INFO - [2026-02-26T06:13:49.429+0000] {dag.py:4180} INFO - Setting next_dagrun for example_task_group to None, run_after=None
[2026-02-26T06:13:49.446+0000] {processor.py:208} INFO - Processing /home/ubuntu/airflow-venv/lib/python3.12/site-packages/airflow/example_dags/example_task_group.py took 0.049 seconds
[2026-02-26T06:14:49.190+0000] {processor.py:186} INFO - Started process (PID=2765) to work on /home/ubuntu/airflow-venv/lib/python3.12/site-packages/airflow/example_dags/example_task_group.py
[2026-02-26T06:14:49.191+0000] {processor.py:914} INFO - Processing file /home/ubuntu/airflow-venv/lib/python3.12/site-packages/airflow/example_dags/example_task_group.py for tasks to queue
[2026-02-26T06:14:49.193+0000] {logging_mixin.py:190} INFO - [2026-02-26T06:14:49.193+0000] {dagbag.py:588} INFO - Filling up the DagBag from /home/ubuntu/airflow-venv/lib/python3.12/site-packages/airflow/example_dags/example_task_group.py
[2026-02-26T06:14:49.198+0000] {processor.py:925} INFO - DAG(s) 'example_task_group' retrieved from /home/ubuntu/airflow-venv/lib/python3.12/site-packages/airflow/example_dags/example_task_group.py
[2026-02-26T06:14:49.209+0000] {logging_mixin.py:190} INFO - [2026-02-26T06:14:49.209+0000] {dag.py:3239} INFO - Sync 1 DAGs
[2026-02-26T06:14:49.217+0000] {logging_mixin.py:190} INFO - [2026-02-26T06:14:49.217+0000] {dag.py:4180} INFO - Setting next_dagrun for example_task_group to None, run_after=None
[2026-02-26T06:14:49.234+0000] {processor.py:208} INFO - Processing /home/ubuntu/airflow-venv/lib/python3.12/site-packages/airflow/example_dags/example_task_group.py took 0.047 seconds
[2026-02-26T06:15:47.199+0000] {processor.py:186} INFO - Started process (PID=2832) to work on /home/ubuntu/airflow-venv/lib/python3.12/site-packages/airflow/example_dags/example_task_group.py
[2026-02-26T06:15:47.201+0000] {processor.py:914} INFO - Processing file /home/ubuntu/airflow-venv/lib/python3.12/site-packages/airflow/example_dags/example_task_group.py for tasks to queue
[2026-02-26T06:15:47.203+0000] {logging_mixin.py:190} INFO - [2026-02-26T06:15:47.202+0000] {dagbag.py:588} INFO - Filling up the DagBag from /home/ubuntu/airflow-venv/lib/python3.12/site-packages/airflow/example_dags/example_task_group.py
[2026-02-26T06:15:47.208+0000] {processor.py:925} INFO - DAG(s) 'example_task_group' retrieved from /home/ubuntu/airflow-venv/lib/python3.12/site-packages/airflow/example_dags/example_task_group.py
[2026-02-26T06:15:47.220+0000] {logging_mixin.py:190} INFO - [2026-02-26T06:15:47.219+0000] {dag.py:3239} INFO - Sync 1 DAGs
[2026-02-26T06:15:47.227+0000] {logging_mixin.py:190} INFO - [2026-02-26T06:15:47.227+0000] {dag.py:4180} INFO - Setting next_dagrun for example_task_group to None, run_after=None
[2026-02-26T06:15:47.243+0000] {processor.py:208} INFO - Processing /home/ubuntu/airflow-venv/lib/python3.12/site-packages/airflow/example_dags/example_task_group.py took 0.048 seconds
[2026-02-26T06:16:39.717+0000] {processor.py:186} INFO - Started process (PID=2888) to work on /home/ubuntu/airflow-venv/lib/python3.12/site-packages/airflow/example_dags/example_task_group.py
[2026-02-26T06:16:39.718+0000] {processor.py:914} INFO - Processing file /home/ubuntu/airflow-venv/lib/python3.12/site-packages/airflow/example_dags/example_task_group.py for tasks to queue
[2026-02-26T06:16:39.720+0000] {logging_mixin.py:190} INFO - [2026-02-26T06:16:39.720+0000] {dagbag.py:588} INFO - Filling up the DagBag from /home/ubuntu/airflow-venv/lib/python3.12/site-packages/airflow/example_dags/example_task_group.py
[2026-02-26T06:16:39.725+0000] {processor.py:925} INFO - DAG(s) 'example_task_group' retrieved from /home/ubuntu/airflow-venv/lib/python3.12/site-packages/airflow/example_dags/example_task_group.py
[2026-02-26T06:16:39.736+0000] {logging_mixin.py:190} INFO - [2026-02-26T06:16:39.736+0000] {dag.py:3239} INFO - Sync 1 DAGs
[2026-02-26T06:16:39.743+0000] {logging_mixin.py:190} INFO - [2026-02-26T06:16:39.743+0000] {dag.py:4180} INFO - Setting next_dagrun for example_task_group to None, run_after=None
[2026-02-26T06:16:39.760+0000] {processor.py:208} INFO - Processing /home/ubuntu/airflow-venv/lib/python3.12/site-packages/airflow/example_dags/example_task_group.py took 0.046 seconds
[2026-02-26T06:17:29.709+0000] {processor.py:186} INFO - Started process (PID=2943) to work on /home/ubuntu/airflow-venv/lib/python3.12/site-packages/airflow/example_dags/example_task_group.py
[2026-02-26T06:17:29.710+0000] {processor.py:914} INFO - Processing file /home/ubuntu/airflow-venv/lib/python3.12/site-packages/airflow/example_dags/example_task_group.py for tasks to queue
[2026-02-26T06:17:29.712+0000] {logging_mixin.py:190} INFO - [2026-02-26T06:17:29.712+0000] {dagbag.py:588} INFO - Filling up the DagBag from /home/ubuntu/airflow-venv/lib/python3.12/site-packages/airflow/example_dags/example_task_group.py
[2026-02-26T06:17:29.718+0000] {processor.py:925} INFO - DAG(s) 'example_task_group' retrieved from /home/ubuntu/airflow-venv/lib/python3.12/site-packages/airflow/example_dags/example_task_group.py
[2026-02-26T06:17:29.729+0000] {logging_mixin.py:190} INFO - [2026-02-26T06:17:29.729+0000] {dag.py:3239} INFO - Sync 1 DAGs
[2026-02-26T06:17:29.737+0000] {logging_mixin.py:190} INFO - [2026-02-26T06:17:29.737+0000] {dag.py:4180} INFO - Setting next_dagrun for example_task_group to None, run_after=None
[2026-02-26T06:17:29.754+0000] {processor.py:208} INFO - Processing /home/ubuntu/airflow-venv/lib/python3.12/site-packages/airflow/example_dags/example_task_group.py took 0.048 seconds
[2026-02-26T06:18:18.978+0000] {processor.py:186} INFO - Started process (PID=2995) to work on /home/ubuntu/airflow-venv/lib/python3.12/site-packages/airflow/example_dags/example_task_group.py
[2026-02-26T06:18:18.980+0000] {processor.py:914} INFO - Processing file /home/ubuntu/airflow-venv/lib/python3.12/site-packages/airflow/example_dags/example_task_group.py for tasks to queue
[2026-02-26T06:18:18.981+0000] {logging_mixin.py:190} INFO - [2026-02-26T06:18:18.981+0000] {dagbag.py:588} INFO - Filling up the DagBag from /home/ubuntu/airflow-venv/lib/python3.12/site-packages/airflow/example_dags/example_task_group.py
[2026-02-26T06:18:18.987+0000] {processor.py:925} INFO - DAG(s) 'example_task_group' retrieved from /home/ubuntu/airflow-venv/lib/python3.12/site-packages/airflow/example_dags/example_task_group.py
[2026-02-26T06:18:18.997+0000] {logging_mixin.py:190} INFO - [2026-02-26T06:18:18.997+0000] {dag.py:3239} INFO - Sync 1 DAGs
[2026-02-26T06:18:19.005+0000] {logging_mixin.py:190} INFO - [2026-02-26T06:18:19.005+0000] {dag.py:4180} INFO - Setting next_dagrun for example_task_group to None, run_after=None
[2026-02-26T06:18:19.022+0000] {processor.py:208} INFO - Processing /home/ubuntu/airflow-venv/lib/python3.12/site-packages/airflow/example_dags/example_task_group.py took 0.047 seconds
[2026-02-26T06:19:14.900+0000] {processor.py:186} INFO - Started process (PID=3049) to work on /home/ubuntu/airflow-venv/lib/python3.12/site-packages/airflow/example_dags/example_task_group.py
[2026-02-26T06:19:14.901+0000] {processor.py:914} INFO - Processing file /home/ubuntu/airflow-venv/lib/python3.12/site-packages/airflow/example_dags/example_task_group.py for tasks to queue
[2026-02-26T06:19:14.903+0000] {logging_mixin.py:190} INFO - [2026-02-26T06:19:14.903+0000] {dagbag.py:588} INFO - Filling up the DagBag from /home/ubuntu/airflow-venv/lib/python3.12/site-packages/airflow/example_dags/example_task_group.py
[2026-02-26T06:19:14.908+0000] {processor.py:925} INFO - DAG(s) 'example_task_group' retrieved from /home/ubuntu/airflow-venv/lib/python3.12/site-packages/airflow/example_dags/example_task_group.py
[2026-02-26T06:19:14.996+0000] {logging_mixin.py:190} INFO - [2026-02-26T06:19:14.996+0000] {dag.py:3239} INFO - Sync 1 DAGs
[2026-02-26T06:19:15.002+0000] {logging_mixin.py:190} INFO - [2026-02-26T06:19:15.002+0000] {dag.py:4180} INFO - Setting next_dagrun for example_task_group to None, run_after=None
[2026-02-26T06:19:15.018+0000] {processor.py:208} INFO - Processing /home/ubuntu/airflow-venv/lib/python3.12/site-packages/airflow/example_dags/example_task_group.py took 0.122 seconds
[2026-02-26T06:20:12.175+0000] {processor.py:186} INFO - Started process (PID=3106) to work on /home/ubuntu/airflow-venv/lib/python3.12/site-packages/airflow/example_dags/example_task_group.py
[2026-02-26T06:20:12.177+0000] {processor.py:914} INFO - Processing file /home/ubuntu/airflow-venv/lib/python3.12/site-packages/airflow/example_dags/example_task_group.py for tasks to queue
[2026-02-26T06:20:12.178+0000] {logging_mixin.py:190} INFO - [2026-02-26T06:20:12.178+0000] {dagbag.py:588} INFO - Filling up the DagBag from /home/ubuntu/airflow-venv/lib/python3.12/site-packages/airflow/example_dags/example_task_group.py
[2026-02-26T06:20:12.184+0000] {processor.py:925} INFO - DAG(s) 'example_task_group' retrieved from /home/ubuntu/airflow-venv/lib/python3.12/site-packages/airflow/example_dags/example_task_group.py
[2026-02-26T06:20:12.195+0000] {logging_mixin.py:190} INFO - [2026-02-26T06:20:12.195+0000] {dag.py:3239} INFO - Sync 1 DAGs
[2026-02-26T06:20:12.203+0000] {logging_mixin.py:190} INFO - [2026-02-26T06:20:12.203+0000] {dag.py:4180} INFO - Setting next_dagrun for example_task_group to None, run_after=None
[2026-02-26T06:20:12.221+0000] {processor.py:208} INFO - Processing /home/ubuntu/airflow-venv/lib/python3.12/site-packages/airflow/example_dags/example_task_group.py took 0.049 seconds
[2026-02-26T06:21:02.389+0000] {processor.py:186} INFO - Started process (PID=3163) to work on /home/ubuntu/airflow-venv/lib/python3.12/site-packages/airflow/example_dags/example_task_group.py
[2026-02-26T06:21:02.390+0000] {processor.py:914} INFO - Processing file /home/ubuntu/airflow-venv/lib/python3.12/site-packages/airflow/example_dags/example_task_group.py for tasks to queue
[2026-02-26T06:21:02.392+0000] {logging_mixin.py:190} INFO - [2026-02-26T06:21:02.392+0000] {dagbag.py:588} INFO - Filling up the DagBag from /home/ubuntu/airflow-venv/lib/python3.12/site-packages/airflow/example_dags/example_task_group.py
[2026-02-26T06:21:02.398+0000] {processor.py:925} INFO - DAG(s) 'example_task_group' retrieved from /home/ubuntu/airflow-venv/lib/python3.12/site-packages/airflow/example_dags/example_task_group.py
[2026-02-26T06:21:02.409+0000] {logging_mixin.py:190} INFO - [2026-02-26T06:21:02.409+0000] {dag.py:3239} INFO - Sync 1 DAGs
[2026-02-26T06:21:02.417+0000] {logging_mixin.py:190} INFO - [2026-02-26T06:21:02.417+0000] {dag.py:4180} INFO - Setting next_dagrun for example_task_group to None, run_after=None
[2026-02-26T06:21:02.435+0000] {processor.py:208} INFO - Processing /home/ubuntu/airflow-venv/lib/python3.12/site-packages/airflow/example_dags/example_task_group.py took 0.050 seconds
[2026-02-26T06:21:55.521+0000] {processor.py:186} INFO - Started process (PID=3221) to work on /home/ubuntu/airflow-venv/lib/python3.12/site-packages/airflow/example_dags/example_task_group.py
[2026-02-26T06:21:55.523+0000] {processor.py:914} INFO - Processing file /home/ubuntu/airflow-venv/lib/python3.12/site-packages/airflow/example_dags/example_task_group.py for tasks to queue
[2026-02-26T06:21:55.524+0000] {logging_mixin.py:190} INFO - [2026-02-26T06:21:55.524+0000] {dagbag.py:588} INFO - Filling up the DagBag from /home/ubuntu/airflow-venv/lib/python3.12/site-packages/airflow/example_dags/example_task_group.py
[2026-02-26T06:21:55.530+0000] {processor.py:925} INFO - DAG(s) 'example_task_group' retrieved from /home/ubuntu/airflow-venv/lib/python3.12/site-packages/airflow/example_dags/example_task_group.py
[2026-02-26T06:21:55.540+0000] {logging_mixin.py:190} INFO - [2026-02-26T06:21:55.540+0000] {dag.py:3239} INFO - Sync 1 DAGs
[2026-02-26T06:21:55.548+0000] {logging_mixin.py:190} INFO - [2026-02-26T06:21:55.548+0000] {dag.py:4180} INFO - Setting next_dagrun for example_task_group to None, run_after=None
[2026-02-26T06:21:55.565+0000] {processor.py:208} INFO - Processing /home/ubuntu/airflow-venv/lib/python3.12/site-packages/airflow/example_dags/example_task_group.py took 0.048 seconds
[2026-02-26T06:22:46.874+0000] {processor.py:186} INFO - Started process (PID=3276) to work on /home/ubuntu/airflow-venv/lib/python3.12/site-packages/airflow/example_dags/example_task_group.py
[2026-02-26T06:22:46.875+0000] {processor.py:914} INFO - Processing file /home/ubuntu/airflow-venv/lib/python3.12/site-packages/airflow/example_dags/example_task_group.py for tasks to queue
[2026-02-26T06:22:46.876+0000] {logging_mixin.py:190} INFO - [2026-02-26T06:22:46.876+0000] {dagbag.py:588} INFO - Filling up the DagBag from /home/ubuntu/airflow-venv/lib/python3.12/site-packages/airflow/example_dags/example_task_group.py
[2026-02-26T06:22:46.882+0000] {processor.py:925} INFO - DAG(s) 'example_task_group' retrieved from /home/ubuntu/airflow-venv/lib/python3.12/site-packages/airflow/example_dags/example_task_group.py
[2026-02-26T06:22:46.893+0000] {logging_mixin.py:190} INFO - [2026-02-26T06:22:46.893+0000] {dag.py:3239} INFO - Sync 1 DAGs
[2026-02-26T06:22:46.902+0000] {logging_mixin.py:190} INFO - [2026-02-26T06:22:46.902+0000] {dag.py:4180} INFO - Setting next_dagrun for example_task_group to None, run_after=None
[2026-02-26T06:22:46.919+0000] {processor.py:208} INFO - Processing /home/ubuntu/airflow-venv/lib/python3.12/site-packages/airflow/example_dags/example_task_group.py took 0.049 seconds
[2026-02-26T06:23:39.269+0000] {processor.py:186} INFO - Started process (PID=3329) to work on /home/ubuntu/airflow-venv/lib/python3.12/site-packages/airflow/example_dags/example_task_group.py
[2026-02-26T06:23:39.271+0000] {processor.py:914} INFO - Processing file /home/ubuntu/airflow-venv/lib/python3.12/site-packages/airflow/example_dags/example_task_group.py for tasks to queue
[2026-02-26T06:23:39.272+0000] {logging_mixin.py:190} INFO - [2026-02-26T06:23:39.272+0000] {dagbag.py:588} INFO - Filling up the DagBag from /home/ubuntu/airflow-venv/lib/python3.12/site-packages/airflow/example_dags/example_task_group.py
[2026-02-26T06:23:39.279+0000] {processor.py:925} INFO - DAG(s) 'example_task_group' retrieved from /home/ubuntu/airflow-venv/lib/python3.12/site-packages/airflow/example_dags/example_task_group.py
[2026-02-26T06:23:39.290+0000] {logging_mixin.py:190} INFO - [2026-02-26T06:23:39.290+0000] {dag.py:3239} INFO - Sync 1 DAGs
[2026-02-26T06:23:39.298+0000] {logging_mixin.py:190} INFO - [2026-02-26T06:23:39.298+0000] {dag.py:4180} INFO - Setting next_dagrun for example_task_group to None, run_after=None
[2026-02-26T06:23:39.316+0000] {processor.py:208} INFO - Processing /home/ubuntu/airflow-venv/lib/python3.12/site-packages/airflow/example_dags/example_task_group.py took 0.050 seconds
