[2026-02-26T05:22:54.932+0000] {processor.py:186} INFO - Started process (PID=2142) to work on /home/ubuntu/airflow-venv/lib/python3.12/site-packages/airflow/example_dags/example_python_operator.py
[2026-02-26T05:22:54.933+0000] {processor.py:914} INFO - Processing file /home/ubuntu/airflow-venv/lib/python3.12/site-packages/airflow/example_dags/example_python_operator.py for tasks to queue
[2026-02-26T05:22:54.934+0000] {logging_mixin.py:190} INFO - [2026-02-26T05:22:54.934+0000] {dagbag.py:588} INFO - Filling up the DagBag from /home/ubuntu/airflow-venv/lib/python3.12/site-packages/airflow/example_dags/example_python_operator.py
[2026-02-26T05:22:54.938+0000] {logging_mixin.py:190} INFO - [2026-02-26T05:22:54.938+0000] {example_python_operator.py:93} WARNING - The virtalenv_python example task requires virtualenv, please install it.
[2026-02-26T05:22:54.939+0000] {processor.py:925} INFO - DAG(s) 'example_python_operator' retrieved from /home/ubuntu/airflow-venv/lib/python3.12/site-packages/airflow/example_dags/example_python_operator.py
[2026-02-26T05:22:54.950+0000] {logging_mixin.py:190} INFO - [2026-02-26T05:22:54.950+0000] {dag.py:3239} INFO - Sync 1 DAGs
[2026-02-26T05:22:54.958+0000] {logging_mixin.py:190} INFO - [2026-02-26T05:22:54.957+0000] {dag.py:4180} INFO - Setting next_dagrun for example_python_operator to None, run_after=None
[2026-02-26T05:22:54.973+0000] {processor.py:208} INFO - Processing /home/ubuntu/airflow-venv/lib/python3.12/site-packages/airflow/example_dags/example_python_operator.py took 0.044 seconds
[2026-02-26T05:23:50.040+0000] {processor.py:186} INFO - Started process (PID=2199) to work on /home/ubuntu/airflow-venv/lib/python3.12/site-packages/airflow/example_dags/example_python_operator.py
[2026-02-26T05:23:50.041+0000] {processor.py:914} INFO - Processing file /home/ubuntu/airflow-venv/lib/python3.12/site-packages/airflow/example_dags/example_python_operator.py for tasks to queue
[2026-02-26T05:23:50.042+0000] {logging_mixin.py:190} INFO - [2026-02-26T05:23:50.042+0000] {dagbag.py:588} INFO - Filling up the DagBag from /home/ubuntu/airflow-venv/lib/python3.12/site-packages/airflow/example_dags/example_python_operator.py
[2026-02-26T05:23:50.046+0000] {logging_mixin.py:190} INFO - [2026-02-26T05:23:50.046+0000] {example_python_operator.py:93} WARNING - The virtalenv_python example task requires virtualenv, please install it.
[2026-02-26T05:23:50.048+0000] {processor.py:925} INFO - DAG(s) 'example_python_operator' retrieved from /home/ubuntu/airflow-venv/lib/python3.12/site-packages/airflow/example_dags/example_python_operator.py
[2026-02-26T05:23:50.057+0000] {logging_mixin.py:190} INFO - [2026-02-26T05:23:50.057+0000] {dag.py:3239} INFO - Sync 1 DAGs
[2026-02-26T05:23:50.064+0000] {logging_mixin.py:190} INFO - [2026-02-26T05:23:50.064+0000] {dag.py:4180} INFO - Setting next_dagrun for example_python_operator to None, run_after=None
[2026-02-26T05:23:50.081+0000] {processor.py:208} INFO - Processing /home/ubuntu/airflow-venv/lib/python3.12/site-packages/airflow/example_dags/example_python_operator.py took 0.044 seconds
[2026-02-26T05:24:45.107+0000] {processor.py:186} INFO - Started process (PID=2256) to work on /home/ubuntu/airflow-venv/lib/python3.12/site-packages/airflow/example_dags/example_python_operator.py
[2026-02-26T05:24:45.108+0000] {processor.py:914} INFO - Processing file /home/ubuntu/airflow-venv/lib/python3.12/site-packages/airflow/example_dags/example_python_operator.py for tasks to queue
[2026-02-26T05:24:45.109+0000] {logging_mixin.py:190} INFO - [2026-02-26T05:24:45.109+0000] {dagbag.py:588} INFO - Filling up the DagBag from /home/ubuntu/airflow-venv/lib/python3.12/site-packages/airflow/example_dags/example_python_operator.py
[2026-02-26T05:24:45.113+0000] {logging_mixin.py:190} INFO - [2026-02-26T05:24:45.113+0000] {example_python_operator.py:93} WARNING - The virtalenv_python example task requires virtualenv, please install it.
[2026-02-26T05:24:45.115+0000] {processor.py:925} INFO - DAG(s) 'example_python_operator' retrieved from /home/ubuntu/airflow-venv/lib/python3.12/site-packages/airflow/example_dags/example_python_operator.py
[2026-02-26T05:24:45.125+0000] {logging_mixin.py:190} INFO - [2026-02-26T05:24:45.124+0000] {dag.py:3239} INFO - Sync 1 DAGs
[2026-02-26T05:24:45.132+0000] {logging_mixin.py:190} INFO - [2026-02-26T05:24:45.132+0000] {dag.py:4180} INFO - Setting next_dagrun for example_python_operator to None, run_after=None
[2026-02-26T05:24:45.147+0000] {processor.py:208} INFO - Processing /home/ubuntu/airflow-venv/lib/python3.12/site-packages/airflow/example_dags/example_python_operator.py took 0.044 seconds
[2026-02-26T05:25:34.148+0000] {processor.py:186} INFO - Started process (PID=2321) to work on /home/ubuntu/airflow-venv/lib/python3.12/site-packages/airflow/example_dags/example_python_operator.py
[2026-02-26T05:25:34.149+0000] {processor.py:914} INFO - Processing file /home/ubuntu/airflow-venv/lib/python3.12/site-packages/airflow/example_dags/example_python_operator.py for tasks to queue
[2026-02-26T05:25:34.151+0000] {logging_mixin.py:190} INFO - [2026-02-26T05:25:34.151+0000] {dagbag.py:588} INFO - Filling up the DagBag from /home/ubuntu/airflow-venv/lib/python3.12/site-packages/airflow/example_dags/example_python_operator.py
[2026-02-26T05:25:34.155+0000] {logging_mixin.py:190} INFO - [2026-02-26T05:25:34.155+0000] {example_python_operator.py:93} WARNING - The virtalenv_python example task requires virtualenv, please install it.
[2026-02-26T05:25:34.156+0000] {processor.py:925} INFO - DAG(s) 'example_python_operator' retrieved from /home/ubuntu/airflow-venv/lib/python3.12/site-packages/airflow/example_dags/example_python_operator.py
[2026-02-26T05:25:34.166+0000] {logging_mixin.py:190} INFO - [2026-02-26T05:25:34.166+0000] {dag.py:3239} INFO - Sync 1 DAGs
[2026-02-26T05:25:34.174+0000] {logging_mixin.py:190} INFO - [2026-02-26T05:25:34.173+0000] {dag.py:4180} INFO - Setting next_dagrun for example_python_operator to None, run_after=None
[2026-02-26T05:25:34.189+0000] {processor.py:208} INFO - Processing /home/ubuntu/airflow-venv/lib/python3.12/site-packages/airflow/example_dags/example_python_operator.py took 0.044 seconds
[2026-02-26T05:26:25.490+0000] {processor.py:186} INFO - Started process (PID=2381) to work on /home/ubuntu/airflow-venv/lib/python3.12/site-packages/airflow/example_dags/example_python_operator.py
[2026-02-26T05:26:25.491+0000] {processor.py:914} INFO - Processing file /home/ubuntu/airflow-venv/lib/python3.12/site-packages/airflow/example_dags/example_python_operator.py for tasks to queue
[2026-02-26T05:26:25.492+0000] {logging_mixin.py:190} INFO - [2026-02-26T05:26:25.492+0000] {dagbag.py:588} INFO - Filling up the DagBag from /home/ubuntu/airflow-venv/lib/python3.12/site-packages/airflow/example_dags/example_python_operator.py
[2026-02-26T05:26:25.496+0000] {logging_mixin.py:190} INFO - [2026-02-26T05:26:25.495+0000] {example_python_operator.py:93} WARNING - The virtalenv_python example task requires virtualenv, please install it.
[2026-02-26T05:26:25.497+0000] {processor.py:925} INFO - DAG(s) 'example_python_operator' retrieved from /home/ubuntu/airflow-venv/lib/python3.12/site-packages/airflow/example_dags/example_python_operator.py
[2026-02-26T05:26:25.506+0000] {logging_mixin.py:190} INFO - [2026-02-26T05:26:25.506+0000] {dag.py:3239} INFO - Sync 1 DAGs
[2026-02-26T05:26:25.513+0000] {logging_mixin.py:190} INFO - [2026-02-26T05:26:25.513+0000] {dag.py:4180} INFO - Setting next_dagrun for example_python_operator to None, run_after=None
[2026-02-26T05:26:25.527+0000] {processor.py:208} INFO - Processing /home/ubuntu/airflow-venv/lib/python3.12/site-packages/airflow/example_dags/example_python_operator.py took 0.041 seconds
[2026-02-26T05:27:14.824+0000] {processor.py:186} INFO - Started process (PID=2798) to work on /home/ubuntu/airflow-venv/lib/python3.12/site-packages/airflow/example_dags/example_python_operator.py
[2026-02-26T05:27:14.825+0000] {processor.py:914} INFO - Processing file /home/ubuntu/airflow-venv/lib/python3.12/site-packages/airflow/example_dags/example_python_operator.py for tasks to queue
[2026-02-26T05:27:14.826+0000] {logging_mixin.py:190} INFO - [2026-02-26T05:27:14.826+0000] {dagbag.py:588} INFO - Filling up the DagBag from /home/ubuntu/airflow-venv/lib/python3.12/site-packages/airflow/example_dags/example_python_operator.py
[2026-02-26T05:27:14.830+0000] {logging_mixin.py:190} INFO - [2026-02-26T05:27:14.830+0000] {example_python_operator.py:93} WARNING - The virtalenv_python example task requires virtualenv, please install it.
[2026-02-26T05:27:14.832+0000] {processor.py:925} INFO - DAG(s) 'example_python_operator' retrieved from /home/ubuntu/airflow-venv/lib/python3.12/site-packages/airflow/example_dags/example_python_operator.py
[2026-02-26T05:27:14.841+0000] {logging_mixin.py:190} INFO - [2026-02-26T05:27:14.841+0000] {dag.py:3239} INFO - Sync 1 DAGs
[2026-02-26T05:27:14.849+0000] {logging_mixin.py:190} INFO - [2026-02-26T05:27:14.849+0000] {dag.py:4180} INFO - Setting next_dagrun for example_python_operator to None, run_after=None
[2026-02-26T05:27:14.865+0000] {processor.py:208} INFO - Processing /home/ubuntu/airflow-venv/lib/python3.12/site-packages/airflow/example_dags/example_python_operator.py took 0.045 seconds
[2026-02-26T05:28:03.312+0000] {processor.py:186} INFO - Started process (PID=2850) to work on /home/ubuntu/airflow-venv/lib/python3.12/site-packages/airflow/example_dags/example_python_operator.py
[2026-02-26T05:28:03.313+0000] {processor.py:914} INFO - Processing file /home/ubuntu/airflow-venv/lib/python3.12/site-packages/airflow/example_dags/example_python_operator.py for tasks to queue
[2026-02-26T05:28:03.315+0000] {logging_mixin.py:190} INFO - [2026-02-26T05:28:03.314+0000] {dagbag.py:588} INFO - Filling up the DagBag from /home/ubuntu/airflow-venv/lib/python3.12/site-packages/airflow/example_dags/example_python_operator.py
[2026-02-26T05:28:03.318+0000] {logging_mixin.py:190} INFO - [2026-02-26T05:28:03.318+0000] {example_python_operator.py:93} WARNING - The virtalenv_python example task requires virtualenv, please install it.
[2026-02-26T05:28:03.320+0000] {processor.py:925} INFO - DAG(s) 'example_python_operator' retrieved from /home/ubuntu/airflow-venv/lib/python3.12/site-packages/airflow/example_dags/example_python_operator.py
[2026-02-26T05:28:03.329+0000] {logging_mixin.py:190} INFO - [2026-02-26T05:28:03.329+0000] {dag.py:3239} INFO - Sync 1 DAGs
[2026-02-26T05:28:03.336+0000] {logging_mixin.py:190} INFO - [2026-02-26T05:28:03.336+0000] {dag.py:4180} INFO - Setting next_dagrun for example_python_operator to None, run_after=None
[2026-02-26T05:28:03.419+0000] {processor.py:208} INFO - Processing /home/ubuntu/airflow-venv/lib/python3.12/site-packages/airflow/example_dags/example_python_operator.py took 0.110 seconds
[2026-02-26T05:28:57.191+0000] {processor.py:186} INFO - Started process (PID=2905) to work on /home/ubuntu/airflow-venv/lib/python3.12/site-packages/airflow/example_dags/example_python_operator.py
[2026-02-26T05:28:57.192+0000] {processor.py:914} INFO - Processing file /home/ubuntu/airflow-venv/lib/python3.12/site-packages/airflow/example_dags/example_python_operator.py for tasks to queue
[2026-02-26T05:28:57.194+0000] {logging_mixin.py:190} INFO - [2026-02-26T05:28:57.194+0000] {dagbag.py:588} INFO - Filling up the DagBag from /home/ubuntu/airflow-venv/lib/python3.12/site-packages/airflow/example_dags/example_python_operator.py
[2026-02-26T05:28:57.198+0000] {logging_mixin.py:190} INFO - [2026-02-26T05:28:57.198+0000] {example_python_operator.py:93} WARNING - The virtalenv_python example task requires virtualenv, please install it.
[2026-02-26T05:28:57.200+0000] {processor.py:925} INFO - DAG(s) 'example_python_operator' retrieved from /home/ubuntu/airflow-venv/lib/python3.12/site-packages/airflow/example_dags/example_python_operator.py
[2026-02-26T05:28:57.210+0000] {logging_mixin.py:190} INFO - [2026-02-26T05:28:57.209+0000] {dag.py:3239} INFO - Sync 1 DAGs
[2026-02-26T05:28:57.217+0000] {logging_mixin.py:190} INFO - [2026-02-26T05:28:57.217+0000] {dag.py:4180} INFO - Setting next_dagrun for example_python_operator to None, run_after=None
[2026-02-26T05:28:57.234+0000] {processor.py:208} INFO - Processing /home/ubuntu/airflow-venv/lib/python3.12/site-packages/airflow/example_dags/example_python_operator.py took 0.046 seconds
[2026-02-26T05:29:48.008+0000] {processor.py:186} INFO - Started process (PID=2957) to work on /home/ubuntu/airflow-venv/lib/python3.12/site-packages/airflow/example_dags/example_python_operator.py
[2026-02-26T05:29:48.009+0000] {processor.py:914} INFO - Processing file /home/ubuntu/airflow-venv/lib/python3.12/site-packages/airflow/example_dags/example_python_operator.py for tasks to queue
[2026-02-26T05:29:48.011+0000] {logging_mixin.py:190} INFO - [2026-02-26T05:29:48.011+0000] {dagbag.py:588} INFO - Filling up the DagBag from /home/ubuntu/airflow-venv/lib/python3.12/site-packages/airflow/example_dags/example_python_operator.py
[2026-02-26T05:29:48.015+0000] {logging_mixin.py:190} INFO - [2026-02-26T05:29:48.015+0000] {example_python_operator.py:93} WARNING - The virtalenv_python example task requires virtualenv, please install it.
[2026-02-26T05:29:48.017+0000] {processor.py:925} INFO - DAG(s) 'example_python_operator' retrieved from /home/ubuntu/airflow-venv/lib/python3.12/site-packages/airflow/example_dags/example_python_operator.py
[2026-02-26T05:29:48.027+0000] {logging_mixin.py:190} INFO - [2026-02-26T05:29:48.027+0000] {dag.py:3239} INFO - Sync 1 DAGs
[2026-02-26T05:29:48.035+0000] {logging_mixin.py:190} INFO - [2026-02-26T05:29:48.034+0000] {dag.py:4180} INFO - Setting next_dagrun for example_python_operator to None, run_after=None
[2026-02-26T05:29:48.051+0000] {processor.py:208} INFO - Processing /home/ubuntu/airflow-venv/lib/python3.12/site-packages/airflow/example_dags/example_python_operator.py took 0.046 seconds
[2026-02-26T05:30:41.000+0000] {processor.py:186} INFO - Started process (PID=3016) to work on /home/ubuntu/airflow-venv/lib/python3.12/site-packages/airflow/example_dags/example_python_operator.py
[2026-02-26T05:30:41.002+0000] {processor.py:914} INFO - Processing file /home/ubuntu/airflow-venv/lib/python3.12/site-packages/airflow/example_dags/example_python_operator.py for tasks to queue
[2026-02-26T05:30:41.003+0000] {logging_mixin.py:190} INFO - [2026-02-26T05:30:41.003+0000] {dagbag.py:588} INFO - Filling up the DagBag from /home/ubuntu/airflow-venv/lib/python3.12/site-packages/airflow/example_dags/example_python_operator.py
[2026-02-26T05:30:41.007+0000] {logging_mixin.py:190} INFO - [2026-02-26T05:30:41.007+0000] {example_python_operator.py:93} WARNING - The virtalenv_python example task requires virtualenv, please install it.
[2026-02-26T05:30:41.009+0000] {processor.py:925} INFO - DAG(s) 'example_python_operator' retrieved from /home/ubuntu/airflow-venv/lib/python3.12/site-packages/airflow/example_dags/example_python_operator.py
[2026-02-26T05:30:41.019+0000] {logging_mixin.py:190} INFO - [2026-02-26T05:30:41.018+0000] {dag.py:3239} INFO - Sync 1 DAGs
[2026-02-26T05:30:41.026+0000] {logging_mixin.py:190} INFO - [2026-02-26T05:30:41.026+0000] {dag.py:4180} INFO - Setting next_dagrun for example_python_operator to None, run_after=None
[2026-02-26T05:30:41.043+0000] {processor.py:208} INFO - Processing /home/ubuntu/airflow-venv/lib/python3.12/site-packages/airflow/example_dags/example_python_operator.py took 0.046 seconds
[2026-02-26T05:31:32.656+0000] {processor.py:186} INFO - Started process (PID=3069) to work on /home/ubuntu/airflow-venv/lib/python3.12/site-packages/airflow/example_dags/example_python_operator.py
[2026-02-26T05:31:32.657+0000] {processor.py:914} INFO - Processing file /home/ubuntu/airflow-venv/lib/python3.12/site-packages/airflow/example_dags/example_python_operator.py for tasks to queue
[2026-02-26T05:31:32.659+0000] {logging_mixin.py:190} INFO - [2026-02-26T05:31:32.659+0000] {dagbag.py:588} INFO - Filling up the DagBag from /home/ubuntu/airflow-venv/lib/python3.12/site-packages/airflow/example_dags/example_python_operator.py
[2026-02-26T05:31:32.663+0000] {logging_mixin.py:190} INFO - [2026-02-26T05:31:32.663+0000] {example_python_operator.py:93} WARNING - The virtalenv_python example task requires virtualenv, please install it.
[2026-02-26T05:31:32.665+0000] {processor.py:925} INFO - DAG(s) 'example_python_operator' retrieved from /home/ubuntu/airflow-venv/lib/python3.12/site-packages/airflow/example_dags/example_python_operator.py
[2026-02-26T05:31:32.675+0000] {logging_mixin.py:190} INFO - [2026-02-26T05:31:32.674+0000] {dag.py:3239} INFO - Sync 1 DAGs
[2026-02-26T05:31:32.682+0000] {logging_mixin.py:190} INFO - [2026-02-26T05:31:32.682+0000] {dag.py:4180} INFO - Setting next_dagrun for example_python_operator to None, run_after=None
[2026-02-26T05:31:32.698+0000] {processor.py:208} INFO - Processing /home/ubuntu/airflow-venv/lib/python3.12/site-packages/airflow/example_dags/example_python_operator.py took 0.046 seconds
[2026-02-26T05:32:24.754+0000] {processor.py:186} INFO - Started process (PID=3122) to work on /home/ubuntu/airflow-venv/lib/python3.12/site-packages/airflow/example_dags/example_python_operator.py
[2026-02-26T05:32:24.755+0000] {processor.py:914} INFO - Processing file /home/ubuntu/airflow-venv/lib/python3.12/site-packages/airflow/example_dags/example_python_operator.py for tasks to queue
[2026-02-26T05:32:24.757+0000] {logging_mixin.py:190} INFO - [2026-02-26T05:32:24.756+0000] {dagbag.py:588} INFO - Filling up the DagBag from /home/ubuntu/airflow-venv/lib/python3.12/site-packages/airflow/example_dags/example_python_operator.py
[2026-02-26T05:32:24.761+0000] {logging_mixin.py:190} INFO - [2026-02-26T05:32:24.761+0000] {example_python_operator.py:93} WARNING - The virtalenv_python example task requires virtualenv, please install it.
[2026-02-26T05:32:24.762+0000] {processor.py:925} INFO - DAG(s) 'example_python_operator' retrieved from /home/ubuntu/airflow-venv/lib/python3.12/site-packages/airflow/example_dags/example_python_operator.py
[2026-02-26T05:32:24.772+0000] {logging_mixin.py:190} INFO - [2026-02-26T05:32:24.772+0000] {dag.py:3239} INFO - Sync 1 DAGs
[2026-02-26T05:32:24.780+0000] {logging_mixin.py:190} INFO - [2026-02-26T05:32:24.780+0000] {dag.py:4180} INFO - Setting next_dagrun for example_python_operator to None, run_after=None
[2026-02-26T05:32:24.797+0000] {processor.py:208} INFO - Processing /home/ubuntu/airflow-venv/lib/python3.12/site-packages/airflow/example_dags/example_python_operator.py took 0.046 seconds
[2026-02-26T05:33:12.749+0000] {processor.py:186} INFO - Started process (PID=3173) to work on /home/ubuntu/airflow-venv/lib/python3.12/site-packages/airflow/example_dags/example_python_operator.py
[2026-02-26T05:33:12.750+0000] {processor.py:914} INFO - Processing file /home/ubuntu/airflow-venv/lib/python3.12/site-packages/airflow/example_dags/example_python_operator.py for tasks to queue
[2026-02-26T05:33:12.752+0000] {logging_mixin.py:190} INFO - [2026-02-26T05:33:12.751+0000] {dagbag.py:588} INFO - Filling up the DagBag from /home/ubuntu/airflow-venv/lib/python3.12/site-packages/airflow/example_dags/example_python_operator.py
[2026-02-26T05:33:12.756+0000] {logging_mixin.py:190} INFO - [2026-02-26T05:33:12.755+0000] {example_python_operator.py:93} WARNING - The virtalenv_python example task requires virtualenv, please install it.
[2026-02-26T05:33:12.757+0000] {processor.py:925} INFO - DAG(s) 'example_python_operator' retrieved from /home/ubuntu/airflow-venv/lib/python3.12/site-packages/airflow/example_dags/example_python_operator.py
[2026-02-26T05:33:12.767+0000] {logging_mixin.py:190} INFO - [2026-02-26T05:33:12.766+0000] {dag.py:3239} INFO - Sync 1 DAGs
[2026-02-26T05:33:12.774+0000] {logging_mixin.py:190} INFO - [2026-02-26T05:33:12.774+0000] {dag.py:4180} INFO - Setting next_dagrun for example_python_operator to None, run_after=None
[2026-02-26T05:33:12.789+0000] {processor.py:208} INFO - Processing /home/ubuntu/airflow-venv/lib/python3.12/site-packages/airflow/example_dags/example_python_operator.py took 0.044 seconds
[2026-02-26T05:34:02.936+0000] {processor.py:186} INFO - Started process (PID=3229) to work on /home/ubuntu/airflow-venv/lib/python3.12/site-packages/airflow/example_dags/example_python_operator.py
[2026-02-26T05:34:02.938+0000] {processor.py:914} INFO - Processing file /home/ubuntu/airflow-venv/lib/python3.12/site-packages/airflow/example_dags/example_python_operator.py for tasks to queue
[2026-02-26T05:34:02.939+0000] {logging_mixin.py:190} INFO - [2026-02-26T05:34:02.939+0000] {dagbag.py:588} INFO - Filling up the DagBag from /home/ubuntu/airflow-venv/lib/python3.12/site-packages/airflow/example_dags/example_python_operator.py
[2026-02-26T05:34:02.943+0000] {logging_mixin.py:190} INFO - [2026-02-26T05:34:02.943+0000] {example_python_operator.py:93} WARNING - The virtalenv_python example task requires virtualenv, please install it.
[2026-02-26T05:34:02.945+0000] {processor.py:925} INFO - DAG(s) 'example_python_operator' retrieved from /home/ubuntu/airflow-venv/lib/python3.12/site-packages/airflow/example_dags/example_python_operator.py
[2026-02-26T05:34:02.955+0000] {logging_mixin.py:190} INFO - [2026-02-26T05:34:02.955+0000] {dag.py:3239} INFO - Sync 1 DAGs
[2026-02-26T05:34:02.962+0000] {logging_mixin.py:190} INFO - [2026-02-26T05:34:02.962+0000] {dag.py:4180} INFO - Setting next_dagrun for example_python_operator to None, run_after=None
[2026-02-26T05:34:02.978+0000] {processor.py:208} INFO - Processing /home/ubuntu/airflow-venv/lib/python3.12/site-packages/airflow/example_dags/example_python_operator.py took 0.045 seconds
[2026-02-26T05:34:51.441+0000] {processor.py:186} INFO - Started process (PID=3282) to work on /home/ubuntu/airflow-venv/lib/python3.12/site-packages/airflow/example_dags/example_python_operator.py
[2026-02-26T05:34:51.442+0000] {processor.py:914} INFO - Processing file /home/ubuntu/airflow-venv/lib/python3.12/site-packages/airflow/example_dags/example_python_operator.py for tasks to queue
[2026-02-26T05:34:51.444+0000] {logging_mixin.py:190} INFO - [2026-02-26T05:34:51.444+0000] {dagbag.py:588} INFO - Filling up the DagBag from /home/ubuntu/airflow-venv/lib/python3.12/site-packages/airflow/example_dags/example_python_operator.py
[2026-02-26T05:34:51.448+0000] {logging_mixin.py:190} INFO - [2026-02-26T05:34:51.448+0000] {example_python_operator.py:93} WARNING - The virtalenv_python example task requires virtualenv, please install it.
[2026-02-26T05:34:51.450+0000] {processor.py:925} INFO - DAG(s) 'example_python_operator' retrieved from /home/ubuntu/airflow-venv/lib/python3.12/site-packages/airflow/example_dags/example_python_operator.py
[2026-02-26T05:34:51.460+0000] {logging_mixin.py:190} INFO - [2026-02-26T05:34:51.460+0000] {dag.py:3239} INFO - Sync 1 DAGs
[2026-02-26T05:34:51.467+0000] {logging_mixin.py:190} INFO - [2026-02-26T05:34:51.467+0000] {dag.py:4180} INFO - Setting next_dagrun for example_python_operator to None, run_after=None
[2026-02-26T05:34:51.483+0000] {processor.py:208} INFO - Processing /home/ubuntu/airflow-venv/lib/python3.12/site-packages/airflow/example_dags/example_python_operator.py took 0.046 seconds
[2026-02-26T05:35:43.883+0000] {processor.py:186} INFO - Started process (PID=3342) to work on /home/ubuntu/airflow-venv/lib/python3.12/site-packages/airflow/example_dags/example_python_operator.py
[2026-02-26T05:35:43.884+0000] {processor.py:914} INFO - Processing file /home/ubuntu/airflow-venv/lib/python3.12/site-packages/airflow/example_dags/example_python_operator.py for tasks to queue
[2026-02-26T05:35:43.885+0000] {logging_mixin.py:190} INFO - [2026-02-26T05:35:43.885+0000] {dagbag.py:588} INFO - Filling up the DagBag from /home/ubuntu/airflow-venv/lib/python3.12/site-packages/airflow/example_dags/example_python_operator.py
[2026-02-26T05:35:43.889+0000] {logging_mixin.py:190} INFO - [2026-02-26T05:35:43.889+0000] {example_python_operator.py:93} WARNING - The virtalenv_python example task requires virtualenv, please install it.
[2026-02-26T05:35:43.891+0000] {processor.py:925} INFO - DAG(s) 'example_python_operator' retrieved from /home/ubuntu/airflow-venv/lib/python3.12/site-packages/airflow/example_dags/example_python_operator.py
[2026-02-26T05:35:43.901+0000] {logging_mixin.py:190} INFO - [2026-02-26T05:35:43.900+0000] {dag.py:3239} INFO - Sync 1 DAGs
[2026-02-26T05:35:43.908+0000] {logging_mixin.py:190} INFO - [2026-02-26T05:35:43.908+0000] {dag.py:4180} INFO - Setting next_dagrun for example_python_operator to None, run_after=None
[2026-02-26T05:35:43.924+0000] {processor.py:208} INFO - Processing /home/ubuntu/airflow-venv/lib/python3.12/site-packages/airflow/example_dags/example_python_operator.py took 0.044 seconds
[2026-02-26T05:36:36.162+0000] {processor.py:186} INFO - Started process (PID=3400) to work on /home/ubuntu/airflow-venv/lib/python3.12/site-packages/airflow/example_dags/example_python_operator.py
[2026-02-26T05:36:36.163+0000] {processor.py:914} INFO - Processing file /home/ubuntu/airflow-venv/lib/python3.12/site-packages/airflow/example_dags/example_python_operator.py for tasks to queue
[2026-02-26T05:36:36.165+0000] {logging_mixin.py:190} INFO - [2026-02-26T05:36:36.164+0000] {dagbag.py:588} INFO - Filling up the DagBag from /home/ubuntu/airflow-venv/lib/python3.12/site-packages/airflow/example_dags/example_python_operator.py
[2026-02-26T05:36:36.169+0000] {logging_mixin.py:190} INFO - [2026-02-26T05:36:36.169+0000] {example_python_operator.py:93} WARNING - The virtalenv_python example task requires virtualenv, please install it.
[2026-02-26T05:36:36.170+0000] {processor.py:925} INFO - DAG(s) 'example_python_operator' retrieved from /home/ubuntu/airflow-venv/lib/python3.12/site-packages/airflow/example_dags/example_python_operator.py
[2026-02-26T05:36:36.180+0000] {logging_mixin.py:190} INFO - [2026-02-26T05:36:36.180+0000] {dag.py:3239} INFO - Sync 1 DAGs
[2026-02-26T05:36:36.188+0000] {logging_mixin.py:190} INFO - [2026-02-26T05:36:36.188+0000] {dag.py:4180} INFO - Setting next_dagrun for example_python_operator to None, run_after=None
[2026-02-26T05:36:36.204+0000] {processor.py:208} INFO - Processing /home/ubuntu/airflow-venv/lib/python3.12/site-packages/airflow/example_dags/example_python_operator.py took 0.045 seconds
[2026-02-26T05:37:25.440+0000] {processor.py:186} INFO - Started process (PID=3452) to work on /home/ubuntu/airflow-venv/lib/python3.12/site-packages/airflow/example_dags/example_python_operator.py
[2026-02-26T05:37:25.441+0000] {processor.py:914} INFO - Processing file /home/ubuntu/airflow-venv/lib/python3.12/site-packages/airflow/example_dags/example_python_operator.py for tasks to queue
[2026-02-26T05:37:25.442+0000] {logging_mixin.py:190} INFO - [2026-02-26T05:37:25.442+0000] {dagbag.py:588} INFO - Filling up the DagBag from /home/ubuntu/airflow-venv/lib/python3.12/site-packages/airflow/example_dags/example_python_operator.py
[2026-02-26T05:37:25.447+0000] {logging_mixin.py:190} INFO - [2026-02-26T05:37:25.446+0000] {example_python_operator.py:93} WARNING - The virtalenv_python example task requires virtualenv, please install it.
[2026-02-26T05:37:25.448+0000] {processor.py:925} INFO - DAG(s) 'example_python_operator' retrieved from /home/ubuntu/airflow-venv/lib/python3.12/site-packages/airflow/example_dags/example_python_operator.py
[2026-02-26T05:37:25.458+0000] {logging_mixin.py:190} INFO - [2026-02-26T05:37:25.458+0000] {dag.py:3239} INFO - Sync 1 DAGs
[2026-02-26T05:37:25.465+0000] {logging_mixin.py:190} INFO - [2026-02-26T05:37:25.465+0000] {dag.py:4180} INFO - Setting next_dagrun for example_python_operator to None, run_after=None
[2026-02-26T05:37:25.482+0000] {processor.py:208} INFO - Processing /home/ubuntu/airflow-venv/lib/python3.12/site-packages/airflow/example_dags/example_python_operator.py took 0.045 seconds
[2026-02-26T05:38:14.340+0000] {processor.py:186} INFO - Started process (PID=3502) to work on /home/ubuntu/airflow-venv/lib/python3.12/site-packages/airflow/example_dags/example_python_operator.py
[2026-02-26T05:38:14.341+0000] {processor.py:914} INFO - Processing file /home/ubuntu/airflow-venv/lib/python3.12/site-packages/airflow/example_dags/example_python_operator.py for tasks to queue
[2026-02-26T05:38:14.342+0000] {logging_mixin.py:190} INFO - [2026-02-26T05:38:14.342+0000] {dagbag.py:588} INFO - Filling up the DagBag from /home/ubuntu/airflow-venv/lib/python3.12/site-packages/airflow/example_dags/example_python_operator.py
[2026-02-26T05:38:14.346+0000] {logging_mixin.py:190} INFO - [2026-02-26T05:38:14.346+0000] {example_python_operator.py:93} WARNING - The virtalenv_python example task requires virtualenv, please install it.
[2026-02-26T05:38:14.348+0000] {processor.py:925} INFO - DAG(s) 'example_python_operator' retrieved from /home/ubuntu/airflow-venv/lib/python3.12/site-packages/airflow/example_dags/example_python_operator.py
[2026-02-26T05:38:14.358+0000] {logging_mixin.py:190} INFO - [2026-02-26T05:38:14.357+0000] {dag.py:3239} INFO - Sync 1 DAGs
[2026-02-26T05:38:14.365+0000] {logging_mixin.py:190} INFO - [2026-02-26T05:38:14.365+0000] {dag.py:4180} INFO - Setting next_dagrun for example_python_operator to None, run_after=None
[2026-02-26T05:38:14.381+0000] {processor.py:208} INFO - Processing /home/ubuntu/airflow-venv/lib/python3.12/site-packages/airflow/example_dags/example_python_operator.py took 0.045 seconds
[2026-02-26T05:39:05.863+0000] {processor.py:186} INFO - Started process (PID=3555) to work on /home/ubuntu/airflow-venv/lib/python3.12/site-packages/airflow/example_dags/example_python_operator.py
[2026-02-26T05:39:05.864+0000] {processor.py:914} INFO - Processing file /home/ubuntu/airflow-venv/lib/python3.12/site-packages/airflow/example_dags/example_python_operator.py for tasks to queue
[2026-02-26T05:39:05.865+0000] {logging_mixin.py:190} INFO - [2026-02-26T05:39:05.865+0000] {dagbag.py:588} INFO - Filling up the DagBag from /home/ubuntu/airflow-venv/lib/python3.12/site-packages/airflow/example_dags/example_python_operator.py
[2026-02-26T05:39:05.870+0000] {logging_mixin.py:190} INFO - [2026-02-26T05:39:05.869+0000] {example_python_operator.py:93} WARNING - The virtalenv_python example task requires virtualenv, please install it.
[2026-02-26T05:39:05.871+0000] {processor.py:925} INFO - DAG(s) 'example_python_operator' retrieved from /home/ubuntu/airflow-venv/lib/python3.12/site-packages/airflow/example_dags/example_python_operator.py
[2026-02-26T05:39:05.882+0000] {logging_mixin.py:190} INFO - [2026-02-26T05:39:05.881+0000] {dag.py:3239} INFO - Sync 1 DAGs
[2026-02-26T05:39:05.889+0000] {logging_mixin.py:190} INFO - [2026-02-26T05:39:05.889+0000] {dag.py:4180} INFO - Setting next_dagrun for example_python_operator to None, run_after=None
[2026-02-26T05:39:05.906+0000] {processor.py:208} INFO - Processing /home/ubuntu/airflow-venv/lib/python3.12/site-packages/airflow/example_dags/example_python_operator.py took 0.047 seconds
[2026-02-26T05:39:56.122+0000] {processor.py:186} INFO - Started process (PID=3610) to work on /home/ubuntu/airflow-venv/lib/python3.12/site-packages/airflow/example_dags/example_python_operator.py
[2026-02-26T05:39:56.123+0000] {processor.py:914} INFO - Processing file /home/ubuntu/airflow-venv/lib/python3.12/site-packages/airflow/example_dags/example_python_operator.py for tasks to queue
[2026-02-26T05:39:56.124+0000] {logging_mixin.py:190} INFO - [2026-02-26T05:39:56.124+0000] {dagbag.py:588} INFO - Filling up the DagBag from /home/ubuntu/airflow-venv/lib/python3.12/site-packages/airflow/example_dags/example_python_operator.py
[2026-02-26T05:39:56.128+0000] {logging_mixin.py:190} INFO - [2026-02-26T05:39:56.128+0000] {example_python_operator.py:93} WARNING - The virtalenv_python example task requires virtualenv, please install it.
[2026-02-26T05:39:56.130+0000] {processor.py:925} INFO - DAG(s) 'example_python_operator' retrieved from /home/ubuntu/airflow-venv/lib/python3.12/site-packages/airflow/example_dags/example_python_operator.py
[2026-02-26T05:39:56.140+0000] {logging_mixin.py:190} INFO - [2026-02-26T05:39:56.140+0000] {dag.py:3239} INFO - Sync 1 DAGs
[2026-02-26T05:39:56.147+0000] {logging_mixin.py:190} INFO - [2026-02-26T05:39:56.147+0000] {dag.py:4180} INFO - Setting next_dagrun for example_python_operator to None, run_after=None
[2026-02-26T05:39:56.164+0000] {processor.py:208} INFO - Processing /home/ubuntu/airflow-venv/lib/python3.12/site-packages/airflow/example_dags/example_python_operator.py took 0.045 seconds
[2026-02-26T05:40:43.471+0000] {processor.py:186} INFO - Started process (PID=3666) to work on /home/ubuntu/airflow-venv/lib/python3.12/site-packages/airflow/example_dags/example_python_operator.py
[2026-02-26T05:40:43.472+0000] {processor.py:914} INFO - Processing file /home/ubuntu/airflow-venv/lib/python3.12/site-packages/airflow/example_dags/example_python_operator.py for tasks to queue
[2026-02-26T05:40:43.473+0000] {logging_mixin.py:190} INFO - [2026-02-26T05:40:43.473+0000] {dagbag.py:588} INFO - Filling up the DagBag from /home/ubuntu/airflow-venv/lib/python3.12/site-packages/airflow/example_dags/example_python_operator.py
[2026-02-26T05:40:43.478+0000] {logging_mixin.py:190} INFO - [2026-02-26T05:40:43.477+0000] {example_python_operator.py:93} WARNING - The virtalenv_python example task requires virtualenv, please install it.
[2026-02-26T05:40:43.479+0000] {processor.py:925} INFO - DAG(s) 'example_python_operator' retrieved from /home/ubuntu/airflow-venv/lib/python3.12/site-packages/airflow/example_dags/example_python_operator.py
[2026-02-26T05:40:43.489+0000] {logging_mixin.py:190} INFO - [2026-02-26T05:40:43.489+0000] {dag.py:3239} INFO - Sync 1 DAGs
[2026-02-26T05:40:43.497+0000] {logging_mixin.py:190} INFO - [2026-02-26T05:40:43.497+0000] {dag.py:4180} INFO - Setting next_dagrun for example_python_operator to None, run_after=None
[2026-02-26T05:40:43.513+0000] {processor.py:208} INFO - Processing /home/ubuntu/airflow-venv/lib/python3.12/site-packages/airflow/example_dags/example_python_operator.py took 0.046 seconds
[2026-02-26T05:41:33.383+0000] {processor.py:186} INFO - Started process (PID=3717) to work on /home/ubuntu/airflow-venv/lib/python3.12/site-packages/airflow/example_dags/example_python_operator.py
[2026-02-26T05:41:33.384+0000] {processor.py:914} INFO - Processing file /home/ubuntu/airflow-venv/lib/python3.12/site-packages/airflow/example_dags/example_python_operator.py for tasks to queue
[2026-02-26T05:41:33.386+0000] {logging_mixin.py:190} INFO - [2026-02-26T05:41:33.385+0000] {dagbag.py:588} INFO - Filling up the DagBag from /home/ubuntu/airflow-venv/lib/python3.12/site-packages/airflow/example_dags/example_python_operator.py
[2026-02-26T05:41:33.390+0000] {logging_mixin.py:190} INFO - [2026-02-26T05:41:33.390+0000] {example_python_operator.py:93} WARNING - The virtalenv_python example task requires virtualenv, please install it.
[2026-02-26T05:41:33.391+0000] {processor.py:925} INFO - DAG(s) 'example_python_operator' retrieved from /home/ubuntu/airflow-venv/lib/python3.12/site-packages/airflow/example_dags/example_python_operator.py
[2026-02-26T05:41:33.401+0000] {logging_mixin.py:190} INFO - [2026-02-26T05:41:33.401+0000] {dag.py:3239} INFO - Sync 1 DAGs
[2026-02-26T05:41:33.409+0000] {logging_mixin.py:190} INFO - [2026-02-26T05:41:33.408+0000] {dag.py:4180} INFO - Setting next_dagrun for example_python_operator to None, run_after=None
[2026-02-26T05:41:33.424+0000] {processor.py:208} INFO - Processing /home/ubuntu/airflow-venv/lib/python3.12/site-packages/airflow/example_dags/example_python_operator.py took 0.045 seconds
[2026-02-26T05:42:23.305+0000] {processor.py:186} INFO - Started process (PID=3768) to work on /home/ubuntu/airflow-venv/lib/python3.12/site-packages/airflow/example_dags/example_python_operator.py
[2026-02-26T05:42:23.307+0000] {processor.py:914} INFO - Processing file /home/ubuntu/airflow-venv/lib/python3.12/site-packages/airflow/example_dags/example_python_operator.py for tasks to queue
[2026-02-26T05:42:23.308+0000] {logging_mixin.py:190} INFO - [2026-02-26T05:42:23.308+0000] {dagbag.py:588} INFO - Filling up the DagBag from /home/ubuntu/airflow-venv/lib/python3.12/site-packages/airflow/example_dags/example_python_operator.py
[2026-02-26T05:42:23.312+0000] {logging_mixin.py:190} INFO - [2026-02-26T05:42:23.312+0000] {example_python_operator.py:93} WARNING - The virtalenv_python example task requires virtualenv, please install it.
[2026-02-26T05:42:23.314+0000] {processor.py:925} INFO - DAG(s) 'example_python_operator' retrieved from /home/ubuntu/airflow-venv/lib/python3.12/site-packages/airflow/example_dags/example_python_operator.py
[2026-02-26T05:42:23.323+0000] {logging_mixin.py:190} INFO - [2026-02-26T05:42:23.323+0000] {dag.py:3239} INFO - Sync 1 DAGs
[2026-02-26T05:42:23.331+0000] {logging_mixin.py:190} INFO - [2026-02-26T05:42:23.331+0000] {dag.py:4180} INFO - Setting next_dagrun for example_python_operator to None, run_after=None
[2026-02-26T05:42:23.347+0000] {processor.py:208} INFO - Processing /home/ubuntu/airflow-venv/lib/python3.12/site-packages/airflow/example_dags/example_python_operator.py took 0.045 seconds
[2026-02-26T05:43:12.367+0000] {processor.py:186} INFO - Started process (PID=3821) to work on /home/ubuntu/airflow-venv/lib/python3.12/site-packages/airflow/example_dags/example_python_operator.py
[2026-02-26T05:43:12.368+0000] {processor.py:914} INFO - Processing file /home/ubuntu/airflow-venv/lib/python3.12/site-packages/airflow/example_dags/example_python_operator.py for tasks to queue
[2026-02-26T05:43:12.369+0000] {logging_mixin.py:190} INFO - [2026-02-26T05:43:12.369+0000] {dagbag.py:588} INFO - Filling up the DagBag from /home/ubuntu/airflow-venv/lib/python3.12/site-packages/airflow/example_dags/example_python_operator.py
[2026-02-26T05:43:12.374+0000] {logging_mixin.py:190} INFO - [2026-02-26T05:43:12.373+0000] {example_python_operator.py:93} WARNING - The virtalenv_python example task requires virtualenv, please install it.
[2026-02-26T05:43:12.375+0000] {processor.py:925} INFO - DAG(s) 'example_python_operator' retrieved from /home/ubuntu/airflow-venv/lib/python3.12/site-packages/airflow/example_dags/example_python_operator.py
[2026-02-26T05:43:12.385+0000] {logging_mixin.py:190} INFO - [2026-02-26T05:43:12.385+0000] {dag.py:3239} INFO - Sync 1 DAGs
[2026-02-26T05:43:12.392+0000] {logging_mixin.py:190} INFO - [2026-02-26T05:43:12.392+0000] {dag.py:4180} INFO - Setting next_dagrun for example_python_operator to None, run_after=None
[2026-02-26T05:43:12.409+0000] {processor.py:208} INFO - Processing /home/ubuntu/airflow-venv/lib/python3.12/site-packages/airflow/example_dags/example_python_operator.py took 0.045 seconds
[2026-02-26T05:44:03.059+0000] {processor.py:186} INFO - Started process (PID=3873) to work on /home/ubuntu/airflow-venv/lib/python3.12/site-packages/airflow/example_dags/example_python_operator.py
[2026-02-26T05:44:03.060+0000] {processor.py:914} INFO - Processing file /home/ubuntu/airflow-venv/lib/python3.12/site-packages/airflow/example_dags/example_python_operator.py for tasks to queue
[2026-02-26T05:44:03.062+0000] {logging_mixin.py:190} INFO - [2026-02-26T05:44:03.061+0000] {dagbag.py:588} INFO - Filling up the DagBag from /home/ubuntu/airflow-venv/lib/python3.12/site-packages/airflow/example_dags/example_python_operator.py
[2026-02-26T05:44:03.066+0000] {logging_mixin.py:190} INFO - [2026-02-26T05:44:03.066+0000] {example_python_operator.py:93} WARNING - The virtalenv_python example task requires virtualenv, please install it.
[2026-02-26T05:44:03.067+0000] {processor.py:925} INFO - DAG(s) 'example_python_operator' retrieved from /home/ubuntu/airflow-venv/lib/python3.12/site-packages/airflow/example_dags/example_python_operator.py
[2026-02-26T05:44:03.077+0000] {logging_mixin.py:190} INFO - [2026-02-26T05:44:03.077+0000] {dag.py:3239} INFO - Sync 1 DAGs
[2026-02-26T05:44:03.084+0000] {logging_mixin.py:190} INFO - [2026-02-26T05:44:03.084+0000] {dag.py:4180} INFO - Setting next_dagrun for example_python_operator to None, run_after=None
[2026-02-26T05:44:03.100+0000] {processor.py:208} INFO - Processing /home/ubuntu/airflow-venv/lib/python3.12/site-packages/airflow/example_dags/example_python_operator.py took 0.045 seconds
[2026-02-26T05:44:51.041+0000] {processor.py:186} INFO - Started process (PID=3926) to work on /home/ubuntu/airflow-venv/lib/python3.12/site-packages/airflow/example_dags/example_python_operator.py
[2026-02-26T05:44:51.043+0000] {processor.py:914} INFO - Processing file /home/ubuntu/airflow-venv/lib/python3.12/site-packages/airflow/example_dags/example_python_operator.py for tasks to queue
[2026-02-26T05:44:51.044+0000] {logging_mixin.py:190} INFO - [2026-02-26T05:44:51.044+0000] {dagbag.py:588} INFO - Filling up the DagBag from /home/ubuntu/airflow-venv/lib/python3.12/site-packages/airflow/example_dags/example_python_operator.py
[2026-02-26T05:44:51.048+0000] {logging_mixin.py:190} INFO - [2026-02-26T05:44:51.048+0000] {example_python_operator.py:93} WARNING - The virtalenv_python example task requires virtualenv, please install it.
[2026-02-26T05:44:51.050+0000] {processor.py:925} INFO - DAG(s) 'example_python_operator' retrieved from /home/ubuntu/airflow-venv/lib/python3.12/site-packages/airflow/example_dags/example_python_operator.py
[2026-02-26T05:44:51.060+0000] {logging_mixin.py:190} INFO - [2026-02-26T05:44:51.059+0000] {dag.py:3239} INFO - Sync 1 DAGs
[2026-02-26T05:44:51.067+0000] {logging_mixin.py:190} INFO - [2026-02-26T05:44:51.067+0000] {dag.py:4180} INFO - Setting next_dagrun for example_python_operator to None, run_after=None
[2026-02-26T05:44:51.083+0000] {processor.py:208} INFO - Processing /home/ubuntu/airflow-venv/lib/python3.12/site-packages/airflow/example_dags/example_python_operator.py took 0.046 seconds
[2026-02-26T06:13:58.532+0000] {processor.py:186} INFO - Started process (PID=2711) to work on /home/ubuntu/airflow-venv/lib/python3.12/site-packages/airflow/example_dags/example_python_operator.py
[2026-02-26T06:13:58.534+0000] {processor.py:914} INFO - Processing file /home/ubuntu/airflow-venv/lib/python3.12/site-packages/airflow/example_dags/example_python_operator.py for tasks to queue
[2026-02-26T06:13:58.535+0000] {logging_mixin.py:190} INFO - [2026-02-26T06:13:58.535+0000] {dagbag.py:588} INFO - Filling up the DagBag from /home/ubuntu/airflow-venv/lib/python3.12/site-packages/airflow/example_dags/example_python_operator.py
[2026-02-26T06:13:58.540+0000] {logging_mixin.py:190} INFO - [2026-02-26T06:13:58.539+0000] {example_python_operator.py:93} WARNING - The virtalenv_python example task requires virtualenv, please install it.
[2026-02-26T06:13:58.541+0000] {processor.py:925} INFO - DAG(s) 'example_python_operator' retrieved from /home/ubuntu/airflow-venv/lib/python3.12/site-packages/airflow/example_dags/example_python_operator.py
[2026-02-26T06:13:58.552+0000] {logging_mixin.py:190} INFO - [2026-02-26T06:13:58.552+0000] {dag.py:3239} INFO - Sync 1 DAGs
[2026-02-26T06:13:58.561+0000] {logging_mixin.py:190} INFO - [2026-02-26T06:13:58.560+0000] {dag.py:4180} INFO - Setting next_dagrun for example_python_operator to None, run_after=None
[2026-02-26T06:13:58.577+0000] {processor.py:208} INFO - Processing /home/ubuntu/airflow-venv/lib/python3.12/site-packages/airflow/example_dags/example_python_operator.py took 0.048 seconds
[2026-02-26T06:14:59.324+0000] {processor.py:186} INFO - Started process (PID=2775) to work on /home/ubuntu/airflow-venv/lib/python3.12/site-packages/airflow/example_dags/example_python_operator.py
[2026-02-26T06:14:59.326+0000] {processor.py:914} INFO - Processing file /home/ubuntu/airflow-venv/lib/python3.12/site-packages/airflow/example_dags/example_python_operator.py for tasks to queue
[2026-02-26T06:14:59.327+0000] {logging_mixin.py:190} INFO - [2026-02-26T06:14:59.327+0000] {dagbag.py:588} INFO - Filling up the DagBag from /home/ubuntu/airflow-venv/lib/python3.12/site-packages/airflow/example_dags/example_python_operator.py
[2026-02-26T06:14:59.331+0000] {logging_mixin.py:190} INFO - [2026-02-26T06:14:59.331+0000] {example_python_operator.py:93} WARNING - The virtalenv_python example task requires virtualenv, please install it.
[2026-02-26T06:14:59.333+0000] {processor.py:925} INFO - DAG(s) 'example_python_operator' retrieved from /home/ubuntu/airflow-venv/lib/python3.12/site-packages/airflow/example_dags/example_python_operator.py
[2026-02-26T06:14:59.343+0000] {logging_mixin.py:190} INFO - [2026-02-26T06:14:59.343+0000] {dag.py:3239} INFO - Sync 1 DAGs
[2026-02-26T06:14:59.351+0000] {logging_mixin.py:190} INFO - [2026-02-26T06:14:59.351+0000] {dag.py:4180} INFO - Setting next_dagrun for example_python_operator to None, run_after=None
[2026-02-26T06:14:59.367+0000] {processor.py:208} INFO - Processing /home/ubuntu/airflow-venv/lib/python3.12/site-packages/airflow/example_dags/example_python_operator.py took 0.046 seconds
[2026-02-26T06:15:56.348+0000] {processor.py:186} INFO - Started process (PID=2842) to work on /home/ubuntu/airflow-venv/lib/python3.12/site-packages/airflow/example_dags/example_python_operator.py
[2026-02-26T06:15:56.349+0000] {processor.py:914} INFO - Processing file /home/ubuntu/airflow-venv/lib/python3.12/site-packages/airflow/example_dags/example_python_operator.py for tasks to queue
[2026-02-26T06:15:56.350+0000] {logging_mixin.py:190} INFO - [2026-02-26T06:15:56.350+0000] {dagbag.py:588} INFO - Filling up the DagBag from /home/ubuntu/airflow-venv/lib/python3.12/site-packages/airflow/example_dags/example_python_operator.py
[2026-02-26T06:15:56.355+0000] {logging_mixin.py:190} INFO - [2026-02-26T06:15:56.354+0000] {example_python_operator.py:93} WARNING - The virtalenv_python example task requires virtualenv, please install it.
[2026-02-26T06:15:56.356+0000] {processor.py:925} INFO - DAG(s) 'example_python_operator' retrieved from /home/ubuntu/airflow-venv/lib/python3.12/site-packages/airflow/example_dags/example_python_operator.py
[2026-02-26T06:15:56.367+0000] {logging_mixin.py:190} INFO - [2026-02-26T06:15:56.367+0000] {dag.py:3239} INFO - Sync 1 DAGs
[2026-02-26T06:15:56.374+0000] {logging_mixin.py:190} INFO - [2026-02-26T06:15:56.374+0000] {dag.py:4180} INFO - Setting next_dagrun for example_python_operator to None, run_after=None
[2026-02-26T06:15:56.392+0000] {processor.py:208} INFO - Processing /home/ubuntu/airflow-venv/lib/python3.12/site-packages/airflow/example_dags/example_python_operator.py took 0.047 seconds
[2026-02-26T06:16:51.687+0000] {processor.py:186} INFO - Started process (PID=2900) to work on /home/ubuntu/airflow-venv/lib/python3.12/site-packages/airflow/example_dags/example_python_operator.py
[2026-02-26T06:16:51.688+0000] {processor.py:914} INFO - Processing file /home/ubuntu/airflow-venv/lib/python3.12/site-packages/airflow/example_dags/example_python_operator.py for tasks to queue
[2026-02-26T06:16:51.690+0000] {logging_mixin.py:190} INFO - [2026-02-26T06:16:51.689+0000] {dagbag.py:588} INFO - Filling up the DagBag from /home/ubuntu/airflow-venv/lib/python3.12/site-packages/airflow/example_dags/example_python_operator.py
[2026-02-26T06:16:51.694+0000] {logging_mixin.py:190} INFO - [2026-02-26T06:16:51.694+0000] {example_python_operator.py:93} WARNING - The virtalenv_python example task requires virtualenv, please install it.
[2026-02-26T06:16:51.695+0000] {processor.py:925} INFO - DAG(s) 'example_python_operator' retrieved from /home/ubuntu/airflow-venv/lib/python3.12/site-packages/airflow/example_dags/example_python_operator.py
[2026-02-26T06:16:51.706+0000] {logging_mixin.py:190} INFO - [2026-02-26T06:16:51.706+0000] {dag.py:3239} INFO - Sync 1 DAGs
[2026-02-26T06:16:51.714+0000] {logging_mixin.py:190} INFO - [2026-02-26T06:16:51.714+0000] {dag.py:4180} INFO - Setting next_dagrun for example_python_operator to None, run_after=None
[2026-02-26T06:16:51.730+0000] {processor.py:208} INFO - Processing /home/ubuntu/airflow-venv/lib/python3.12/site-packages/airflow/example_dags/example_python_operator.py took 0.047 seconds
[2026-02-26T06:17:44.200+0000] {processor.py:186} INFO - Started process (PID=2959) to work on /home/ubuntu/airflow-venv/lib/python3.12/site-packages/airflow/example_dags/example_python_operator.py
[2026-02-26T06:17:44.201+0000] {processor.py:914} INFO - Processing file /home/ubuntu/airflow-venv/lib/python3.12/site-packages/airflow/example_dags/example_python_operator.py for tasks to queue
[2026-02-26T06:17:44.202+0000] {logging_mixin.py:190} INFO - [2026-02-26T06:17:44.202+0000] {dagbag.py:588} INFO - Filling up the DagBag from /home/ubuntu/airflow-venv/lib/python3.12/site-packages/airflow/example_dags/example_python_operator.py
[2026-02-26T06:17:44.207+0000] {logging_mixin.py:190} INFO - [2026-02-26T06:17:44.206+0000] {example_python_operator.py:93} WARNING - The virtalenv_python example task requires virtualenv, please install it.
[2026-02-26T06:17:44.208+0000] {processor.py:925} INFO - DAG(s) 'example_python_operator' retrieved from /home/ubuntu/airflow-venv/lib/python3.12/site-packages/airflow/example_dags/example_python_operator.py
[2026-02-26T06:17:44.219+0000] {logging_mixin.py:190} INFO - [2026-02-26T06:17:44.219+0000] {dag.py:3239} INFO - Sync 1 DAGs
[2026-02-26T06:17:44.227+0000] {logging_mixin.py:190} INFO - [2026-02-26T06:17:44.227+0000] {dag.py:4180} INFO - Setting next_dagrun for example_python_operator to None, run_after=None
[2026-02-26T06:17:44.243+0000] {processor.py:208} INFO - Processing /home/ubuntu/airflow-venv/lib/python3.12/site-packages/airflow/example_dags/example_python_operator.py took 0.047 seconds
[2026-02-26T06:18:36.604+0000] {processor.py:186} INFO - Started process (PID=3012) to work on /home/ubuntu/airflow-venv/lib/python3.12/site-packages/airflow/example_dags/example_python_operator.py
[2026-02-26T06:18:36.605+0000] {processor.py:914} INFO - Processing file /home/ubuntu/airflow-venv/lib/python3.12/site-packages/airflow/example_dags/example_python_operator.py for tasks to queue
[2026-02-26T06:18:36.607+0000] {logging_mixin.py:190} INFO - [2026-02-26T06:18:36.606+0000] {dagbag.py:588} INFO - Filling up the DagBag from /home/ubuntu/airflow-venv/lib/python3.12/site-packages/airflow/example_dags/example_python_operator.py
[2026-02-26T06:18:36.611+0000] {logging_mixin.py:190} INFO - [2026-02-26T06:18:36.611+0000] {example_python_operator.py:93} WARNING - The virtalenv_python example task requires virtualenv, please install it.
[2026-02-26T06:18:36.612+0000] {processor.py:925} INFO - DAG(s) 'example_python_operator' retrieved from /home/ubuntu/airflow-venv/lib/python3.12/site-packages/airflow/example_dags/example_python_operator.py
[2026-02-26T06:18:36.623+0000] {logging_mixin.py:190} INFO - [2026-02-26T06:18:36.623+0000] {dag.py:3239} INFO - Sync 1 DAGs
[2026-02-26T06:18:36.630+0000] {logging_mixin.py:190} INFO - [2026-02-26T06:18:36.630+0000] {dag.py:4180} INFO - Setting next_dagrun for example_python_operator to None, run_after=None
[2026-02-26T06:18:36.648+0000] {processor.py:208} INFO - Processing /home/ubuntu/airflow-venv/lib/python3.12/site-packages/airflow/example_dags/example_python_operator.py took 0.048 seconds
[2026-02-26T06:19:33.946+0000] {processor.py:186} INFO - Started process (PID=3068) to work on /home/ubuntu/airflow-venv/lib/python3.12/site-packages/airflow/example_dags/example_python_operator.py
[2026-02-26T06:19:33.948+0000] {processor.py:914} INFO - Processing file /home/ubuntu/airflow-venv/lib/python3.12/site-packages/airflow/example_dags/example_python_operator.py for tasks to queue
[2026-02-26T06:19:33.949+0000] {logging_mixin.py:190} INFO - [2026-02-26T06:19:33.949+0000] {dagbag.py:588} INFO - Filling up the DagBag from /home/ubuntu/airflow-venv/lib/python3.12/site-packages/airflow/example_dags/example_python_operator.py
[2026-02-26T06:19:33.953+0000] {logging_mixin.py:190} INFO - [2026-02-26T06:19:33.953+0000] {example_python_operator.py:93} WARNING - The virtalenv_python example task requires virtualenv, please install it.
[2026-02-26T06:19:33.955+0000] {processor.py:925} INFO - DAG(s) 'example_python_operator' retrieved from /home/ubuntu/airflow-venv/lib/python3.12/site-packages/airflow/example_dags/example_python_operator.py
[2026-02-26T06:19:33.966+0000] {logging_mixin.py:190} INFO - [2026-02-26T06:19:33.965+0000] {dag.py:3239} INFO - Sync 1 DAGs
[2026-02-26T06:19:33.973+0000] {logging_mixin.py:190} INFO - [2026-02-26T06:19:33.973+0000] {dag.py:4180} INFO - Setting next_dagrun for example_python_operator to None, run_after=None
[2026-02-26T06:19:33.991+0000] {processor.py:208} INFO - Processing /home/ubuntu/airflow-venv/lib/python3.12/site-packages/airflow/example_dags/example_python_operator.py took 0.049 seconds
[2026-02-26T06:20:27.987+0000] {processor.py:186} INFO - Started process (PID=3123) to work on /home/ubuntu/airflow-venv/lib/python3.12/site-packages/airflow/example_dags/example_python_operator.py
[2026-02-26T06:20:27.989+0000] {processor.py:914} INFO - Processing file /home/ubuntu/airflow-venv/lib/python3.12/site-packages/airflow/example_dags/example_python_operator.py for tasks to queue
[2026-02-26T06:20:27.990+0000] {logging_mixin.py:190} INFO - [2026-02-26T06:20:27.990+0000] {dagbag.py:588} INFO - Filling up the DagBag from /home/ubuntu/airflow-venv/lib/python3.12/site-packages/airflow/example_dags/example_python_operator.py
[2026-02-26T06:20:27.994+0000] {logging_mixin.py:190} INFO - [2026-02-26T06:20:27.994+0000] {example_python_operator.py:93} WARNING - The virtalenv_python example task requires virtualenv, please install it.
[2026-02-26T06:20:27.996+0000] {processor.py:925} INFO - DAG(s) 'example_python_operator' retrieved from /home/ubuntu/airflow-venv/lib/python3.12/site-packages/airflow/example_dags/example_python_operator.py
[2026-02-26T06:20:28.007+0000] {logging_mixin.py:190} INFO - [2026-02-26T06:20:28.007+0000] {dag.py:3239} INFO - Sync 1 DAGs
[2026-02-26T06:20:28.015+0000] {logging_mixin.py:190} INFO - [2026-02-26T06:20:28.015+0000] {dag.py:4180} INFO - Setting next_dagrun for example_python_operator to None, run_after=None
[2026-02-26T06:20:28.032+0000] {processor.py:208} INFO - Processing /home/ubuntu/airflow-venv/lib/python3.12/site-packages/airflow/example_dags/example_python_operator.py took 0.048 seconds
[2026-02-26T06:21:15.548+0000] {processor.py:186} INFO - Started process (PID=3178) to work on /home/ubuntu/airflow-venv/lib/python3.12/site-packages/airflow/example_dags/example_python_operator.py
[2026-02-26T06:21:15.549+0000] {processor.py:914} INFO - Processing file /home/ubuntu/airflow-venv/lib/python3.12/site-packages/airflow/example_dags/example_python_operator.py for tasks to queue
[2026-02-26T06:21:15.551+0000] {logging_mixin.py:190} INFO - [2026-02-26T06:21:15.550+0000] {dagbag.py:588} INFO - Filling up the DagBag from /home/ubuntu/airflow-venv/lib/python3.12/site-packages/airflow/example_dags/example_python_operator.py
[2026-02-26T06:21:15.555+0000] {logging_mixin.py:190} INFO - [2026-02-26T06:21:15.555+0000] {example_python_operator.py:93} WARNING - The virtalenv_python example task requires virtualenv, please install it.
[2026-02-26T06:21:15.557+0000] {processor.py:925} INFO - DAG(s) 'example_python_operator' retrieved from /home/ubuntu/airflow-venv/lib/python3.12/site-packages/airflow/example_dags/example_python_operator.py
[2026-02-26T06:21:15.568+0000] {logging_mixin.py:190} INFO - [2026-02-26T06:21:15.568+0000] {dag.py:3239} INFO - Sync 1 DAGs
[2026-02-26T06:21:15.576+0000] {logging_mixin.py:190} INFO - [2026-02-26T06:21:15.576+0000] {dag.py:4180} INFO - Setting next_dagrun for example_python_operator to None, run_after=None
[2026-02-26T06:21:15.594+0000] {processor.py:208} INFO - Processing /home/ubuntu/airflow-venv/lib/python3.12/site-packages/airflow/example_dags/example_python_operator.py took 0.050 seconds
[2026-02-26T06:22:05.800+0000] {processor.py:186} INFO - Started process (PID=3233) to work on /home/ubuntu/airflow-venv/lib/python3.12/site-packages/airflow/example_dags/example_python_operator.py
[2026-02-26T06:22:05.801+0000] {processor.py:914} INFO - Processing file /home/ubuntu/airflow-venv/lib/python3.12/site-packages/airflow/example_dags/example_python_operator.py for tasks to queue
[2026-02-26T06:22:05.803+0000] {logging_mixin.py:190} INFO - [2026-02-26T06:22:05.803+0000] {dagbag.py:588} INFO - Filling up the DagBag from /home/ubuntu/airflow-venv/lib/python3.12/site-packages/airflow/example_dags/example_python_operator.py
[2026-02-26T06:22:05.807+0000] {logging_mixin.py:190} INFO - [2026-02-26T06:22:05.807+0000] {example_python_operator.py:93} WARNING - The virtalenv_python example task requires virtualenv, please install it.
[2026-02-26T06:22:05.809+0000] {processor.py:925} INFO - DAG(s) 'example_python_operator' retrieved from /home/ubuntu/airflow-venv/lib/python3.12/site-packages/airflow/example_dags/example_python_operator.py
[2026-02-26T06:22:05.820+0000] {logging_mixin.py:190} INFO - [2026-02-26T06:22:05.819+0000] {dag.py:3239} INFO - Sync 1 DAGs
[2026-02-26T06:22:05.828+0000] {logging_mixin.py:190} INFO - [2026-02-26T06:22:05.828+0000] {dag.py:4180} INFO - Setting next_dagrun for example_python_operator to None, run_after=None
[2026-02-26T06:22:05.844+0000] {processor.py:208} INFO - Processing /home/ubuntu/airflow-venv/lib/python3.12/site-packages/airflow/example_dags/example_python_operator.py took 0.047 seconds
[2026-02-26T06:22:56.541+0000] {processor.py:186} INFO - Started process (PID=3286) to work on /home/ubuntu/airflow-venv/lib/python3.12/site-packages/airflow/example_dags/example_python_operator.py
[2026-02-26T06:22:56.542+0000] {processor.py:914} INFO - Processing file /home/ubuntu/airflow-venv/lib/python3.12/site-packages/airflow/example_dags/example_python_operator.py for tasks to queue
[2026-02-26T06:22:56.544+0000] {logging_mixin.py:190} INFO - [2026-02-26T06:22:56.543+0000] {dagbag.py:588} INFO - Filling up the DagBag from /home/ubuntu/airflow-venv/lib/python3.12/site-packages/airflow/example_dags/example_python_operator.py
[2026-02-26T06:22:56.548+0000] {logging_mixin.py:190} INFO - [2026-02-26T06:22:56.548+0000] {example_python_operator.py:93} WARNING - The virtalenv_python example task requires virtualenv, please install it.
[2026-02-26T06:22:56.550+0000] {processor.py:925} INFO - DAG(s) 'example_python_operator' retrieved from /home/ubuntu/airflow-venv/lib/python3.12/site-packages/airflow/example_dags/example_python_operator.py
[2026-02-26T06:22:56.560+0000] {logging_mixin.py:190} INFO - [2026-02-26T06:22:56.560+0000] {dag.py:3239} INFO - Sync 1 DAGs
[2026-02-26T06:22:56.569+0000] {logging_mixin.py:190} INFO - [2026-02-26T06:22:56.569+0000] {dag.py:4180} INFO - Setting next_dagrun for example_python_operator to None, run_after=None
[2026-02-26T06:22:56.586+0000] {processor.py:208} INFO - Processing /home/ubuntu/airflow-venv/lib/python3.12/site-packages/airflow/example_dags/example_python_operator.py took 0.049 seconds
[2026-02-26T06:23:48.827+0000] {processor.py:186} INFO - Started process (PID=3339) to work on /home/ubuntu/airflow-venv/lib/python3.12/site-packages/airflow/example_dags/example_python_operator.py
[2026-02-26T06:23:48.829+0000] {processor.py:914} INFO - Processing file /home/ubuntu/airflow-venv/lib/python3.12/site-packages/airflow/example_dags/example_python_operator.py for tasks to queue
[2026-02-26T06:23:48.830+0000] {logging_mixin.py:190} INFO - [2026-02-26T06:23:48.830+0000] {dagbag.py:588} INFO - Filling up the DagBag from /home/ubuntu/airflow-venv/lib/python3.12/site-packages/airflow/example_dags/example_python_operator.py
[2026-02-26T06:23:48.835+0000] {logging_mixin.py:190} INFO - [2026-02-26T06:23:48.835+0000] {example_python_operator.py:93} WARNING - The virtalenv_python example task requires virtualenv, please install it.
[2026-02-26T06:23:48.836+0000] {processor.py:925} INFO - DAG(s) 'example_python_operator' retrieved from /home/ubuntu/airflow-venv/lib/python3.12/site-packages/airflow/example_dags/example_python_operator.py
[2026-02-26T06:23:48.847+0000] {logging_mixin.py:190} INFO - [2026-02-26T06:23:48.847+0000] {dag.py:3239} INFO - Sync 1 DAGs
[2026-02-26T06:23:48.855+0000] {logging_mixin.py:190} INFO - [2026-02-26T06:23:48.855+0000] {dag.py:4180} INFO - Setting next_dagrun for example_python_operator to None, run_after=None
[2026-02-26T06:23:48.872+0000] {processor.py:208} INFO - Processing /home/ubuntu/airflow-venv/lib/python3.12/site-packages/airflow/example_dags/example_python_operator.py took 0.048 seconds
