[2026-02-26T05:22:44.388+0000] {processor.py:186} INFO - Started process (PID=2123) to work on /home/ubuntu/airflow-venv/lib/python3.12/site-packages/airflow/example_dags/example_time_delta_sensor_async.py
[2026-02-26T05:22:44.389+0000] {processor.py:914} INFO - Processing file /home/ubuntu/airflow-venv/lib/python3.12/site-packages/airflow/example_dags/example_time_delta_sensor_async.py for tasks to queue
[2026-02-26T05:22:44.390+0000] {logging_mixin.py:190} INFO - [2026-02-26T05:22:44.390+0000] {dagbag.py:588} INFO - Filling up the DagBag from /home/ubuntu/airflow-venv/lib/python3.12/site-packages/airflow/example_dags/example_time_delta_sensor_async.py
[2026-02-26T05:22:44.394+0000] {processor.py:925} INFO - DAG(s) 'example_time_delta_sensor_async' retrieved from /home/ubuntu/airflow-venv/lib/python3.12/site-packages/airflow/example_dags/example_time_delta_sensor_async.py
[2026-02-26T05:22:44.404+0000] {logging_mixin.py:190} INFO - [2026-02-26T05:22:44.404+0000] {dag.py:3239} INFO - Sync 1 DAGs
[2026-02-26T05:22:44.412+0000] {logging_mixin.py:190} INFO - [2026-02-26T05:22:44.412+0000] {dag.py:4180} INFO - Setting next_dagrun for example_time_delta_sensor_async to None, run_after=None
[2026-02-26T05:22:44.429+0000] {processor.py:208} INFO - Processing /home/ubuntu/airflow-venv/lib/python3.12/site-packages/airflow/example_dags/example_time_delta_sensor_async.py took 0.044 seconds
[2026-02-26T05:23:39.911+0000] {processor.py:186} INFO - Started process (PID=2187) to work on /home/ubuntu/airflow-venv/lib/python3.12/site-packages/airflow/example_dags/example_time_delta_sensor_async.py
[2026-02-26T05:23:39.912+0000] {processor.py:914} INFO - Processing file /home/ubuntu/airflow-venv/lib/python3.12/site-packages/airflow/example_dags/example_time_delta_sensor_async.py for tasks to queue
[2026-02-26T05:23:39.913+0000] {logging_mixin.py:190} INFO - [2026-02-26T05:23:39.913+0000] {dagbag.py:588} INFO - Filling up the DagBag from /home/ubuntu/airflow-venv/lib/python3.12/site-packages/airflow/example_dags/example_time_delta_sensor_async.py
[2026-02-26T05:23:39.918+0000] {processor.py:925} INFO - DAG(s) 'example_time_delta_sensor_async' retrieved from /home/ubuntu/airflow-venv/lib/python3.12/site-packages/airflow/example_dags/example_time_delta_sensor_async.py
[2026-02-26T05:23:39.926+0000] {logging_mixin.py:190} INFO - [2026-02-26T05:23:39.926+0000] {dag.py:3239} INFO - Sync 1 DAGs
[2026-02-26T05:23:39.933+0000] {logging_mixin.py:190} INFO - [2026-02-26T05:23:39.933+0000] {dag.py:4180} INFO - Setting next_dagrun for example_time_delta_sensor_async to None, run_after=None
[2026-02-26T05:23:39.949+0000] {processor.py:208} INFO - Processing /home/ubuntu/airflow-venv/lib/python3.12/site-packages/airflow/example_dags/example_time_delta_sensor_async.py took 0.042 seconds
[2026-02-26T05:24:30.257+0000] {processor.py:186} INFO - Started process (PID=2241) to work on /home/ubuntu/airflow-venv/lib/python3.12/site-packages/airflow/example_dags/example_time_delta_sensor_async.py
[2026-02-26T05:24:30.259+0000] {processor.py:914} INFO - Processing file /home/ubuntu/airflow-venv/lib/python3.12/site-packages/airflow/example_dags/example_time_delta_sensor_async.py for tasks to queue
[2026-02-26T05:24:30.260+0000] {logging_mixin.py:190} INFO - [2026-02-26T05:24:30.260+0000] {dagbag.py:588} INFO - Filling up the DagBag from /home/ubuntu/airflow-venv/lib/python3.12/site-packages/airflow/example_dags/example_time_delta_sensor_async.py
[2026-02-26T05:24:30.264+0000] {processor.py:925} INFO - DAG(s) 'example_time_delta_sensor_async' retrieved from /home/ubuntu/airflow-venv/lib/python3.12/site-packages/airflow/example_dags/example_time_delta_sensor_async.py
[2026-02-26T05:24:30.273+0000] {logging_mixin.py:190} INFO - [2026-02-26T05:24:30.273+0000] {dag.py:3239} INFO - Sync 1 DAGs
[2026-02-26T05:24:30.280+0000] {logging_mixin.py:190} INFO - [2026-02-26T05:24:30.279+0000] {dag.py:4180} INFO - Setting next_dagrun for example_time_delta_sensor_async to None, run_after=None
[2026-02-26T05:24:30.295+0000] {processor.py:208} INFO - Processing /home/ubuntu/airflow-venv/lib/python3.12/site-packages/airflow/example_dags/example_time_delta_sensor_async.py took 0.041 seconds
[2026-02-26T05:25:19.871+0000] {processor.py:186} INFO - Started process (PID=2302) to work on /home/ubuntu/airflow-venv/lib/python3.12/site-packages/airflow/example_dags/example_time_delta_sensor_async.py
[2026-02-26T05:25:19.872+0000] {processor.py:914} INFO - Processing file /home/ubuntu/airflow-venv/lib/python3.12/site-packages/airflow/example_dags/example_time_delta_sensor_async.py for tasks to queue
[2026-02-26T05:25:19.874+0000] {logging_mixin.py:190} INFO - [2026-02-26T05:25:19.874+0000] {dagbag.py:588} INFO - Filling up the DagBag from /home/ubuntu/airflow-venv/lib/python3.12/site-packages/airflow/example_dags/example_time_delta_sensor_async.py
[2026-02-26T05:25:19.878+0000] {processor.py:925} INFO - DAG(s) 'example_time_delta_sensor_async' retrieved from /home/ubuntu/airflow-venv/lib/python3.12/site-packages/airflow/example_dags/example_time_delta_sensor_async.py
[2026-02-26T05:25:19.887+0000] {logging_mixin.py:190} INFO - [2026-02-26T05:25:19.887+0000] {dag.py:3239} INFO - Sync 1 DAGs
[2026-02-26T05:25:19.894+0000] {logging_mixin.py:190} INFO - [2026-02-26T05:25:19.894+0000] {dag.py:4180} INFO - Setting next_dagrun for example_time_delta_sensor_async to None, run_after=None
[2026-02-26T05:25:19.910+0000] {processor.py:208} INFO - Processing /home/ubuntu/airflow-venv/lib/python3.12/site-packages/airflow/example_dags/example_time_delta_sensor_async.py took 0.042 seconds
[2026-02-26T05:26:08.367+0000] {processor.py:186} INFO - Started process (PID=2359) to work on /home/ubuntu/airflow-venv/lib/python3.12/site-packages/airflow/example_dags/example_time_delta_sensor_async.py
[2026-02-26T05:26:08.368+0000] {processor.py:914} INFO - Processing file /home/ubuntu/airflow-venv/lib/python3.12/site-packages/airflow/example_dags/example_time_delta_sensor_async.py for tasks to queue
[2026-02-26T05:26:08.370+0000] {logging_mixin.py:190} INFO - [2026-02-26T05:26:08.370+0000] {dagbag.py:588} INFO - Filling up the DagBag from /home/ubuntu/airflow-venv/lib/python3.12/site-packages/airflow/example_dags/example_time_delta_sensor_async.py
[2026-02-26T05:26:08.374+0000] {processor.py:925} INFO - DAG(s) 'example_time_delta_sensor_async' retrieved from /home/ubuntu/airflow-venv/lib/python3.12/site-packages/airflow/example_dags/example_time_delta_sensor_async.py
[2026-02-26T05:26:08.383+0000] {logging_mixin.py:190} INFO - [2026-02-26T05:26:08.383+0000] {dag.py:3239} INFO - Sync 1 DAGs
[2026-02-26T05:26:08.391+0000] {logging_mixin.py:190} INFO - [2026-02-26T05:26:08.391+0000] {dag.py:4180} INFO - Setting next_dagrun for example_time_delta_sensor_async to None, run_after=None
[2026-02-26T05:26:08.406+0000] {processor.py:208} INFO - Processing /home/ubuntu/airflow-venv/lib/python3.12/site-packages/airflow/example_dags/example_time_delta_sensor_async.py took 0.043 seconds
[2026-02-26T05:26:56.305+0000] {processor.py:186} INFO - Started process (PID=2416) to work on /home/ubuntu/airflow-venv/lib/python3.12/site-packages/airflow/example_dags/example_time_delta_sensor_async.py
[2026-02-26T05:26:56.306+0000] {processor.py:914} INFO - Processing file /home/ubuntu/airflow-venv/lib/python3.12/site-packages/airflow/example_dags/example_time_delta_sensor_async.py for tasks to queue
[2026-02-26T05:26:56.308+0000] {logging_mixin.py:190} INFO - [2026-02-26T05:26:56.307+0000] {dagbag.py:588} INFO - Filling up the DagBag from /home/ubuntu/airflow-venv/lib/python3.12/site-packages/airflow/example_dags/example_time_delta_sensor_async.py
[2026-02-26T05:26:56.312+0000] {processor.py:925} INFO - DAG(s) 'example_time_delta_sensor_async' retrieved from /home/ubuntu/airflow-venv/lib/python3.12/site-packages/airflow/example_dags/example_time_delta_sensor_async.py
[2026-02-26T05:26:56.320+0000] {logging_mixin.py:190} INFO - [2026-02-26T05:26:56.320+0000] {dag.py:3239} INFO - Sync 1 DAGs
[2026-02-26T05:26:56.327+0000] {logging_mixin.py:190} INFO - [2026-02-26T05:26:56.327+0000] {dag.py:4180} INFO - Setting next_dagrun for example_time_delta_sensor_async to None, run_after=None
[2026-02-26T05:26:56.342+0000] {processor.py:208} INFO - Processing /home/ubuntu/airflow-venv/lib/python3.12/site-packages/airflow/example_dags/example_time_delta_sensor_async.py took 0.041 seconds
[2026-02-26T05:27:45.211+0000] {processor.py:186} INFO - Started process (PID=2831) to work on /home/ubuntu/airflow-venv/lib/python3.12/site-packages/airflow/example_dags/example_time_delta_sensor_async.py
[2026-02-26T05:27:45.213+0000] {processor.py:914} INFO - Processing file /home/ubuntu/airflow-venv/lib/python3.12/site-packages/airflow/example_dags/example_time_delta_sensor_async.py for tasks to queue
[2026-02-26T05:27:45.214+0000] {logging_mixin.py:190} INFO - [2026-02-26T05:27:45.214+0000] {dagbag.py:588} INFO - Filling up the DagBag from /home/ubuntu/airflow-venv/lib/python3.12/site-packages/airflow/example_dags/example_time_delta_sensor_async.py
[2026-02-26T05:27:45.218+0000] {processor.py:925} INFO - DAG(s) 'example_time_delta_sensor_async' retrieved from /home/ubuntu/airflow-venv/lib/python3.12/site-packages/airflow/example_dags/example_time_delta_sensor_async.py
[2026-02-26T05:27:45.227+0000] {logging_mixin.py:190} INFO - [2026-02-26T05:27:45.227+0000] {dag.py:3239} INFO - Sync 1 DAGs
[2026-02-26T05:27:45.234+0000] {logging_mixin.py:190} INFO - [2026-02-26T05:27:45.234+0000] {dag.py:4180} INFO - Setting next_dagrun for example_time_delta_sensor_async to None, run_after=None
[2026-02-26T05:27:45.250+0000] {processor.py:208} INFO - Processing /home/ubuntu/airflow-venv/lib/python3.12/site-packages/airflow/example_dags/example_time_delta_sensor_async.py took 0.042 seconds
[2026-02-26T05:28:34.318+0000] {processor.py:186} INFO - Started process (PID=2883) to work on /home/ubuntu/airflow-venv/lib/python3.12/site-packages/airflow/example_dags/example_time_delta_sensor_async.py
[2026-02-26T05:28:34.320+0000] {processor.py:914} INFO - Processing file /home/ubuntu/airflow-venv/lib/python3.12/site-packages/airflow/example_dags/example_time_delta_sensor_async.py for tasks to queue
[2026-02-26T05:28:34.321+0000] {logging_mixin.py:190} INFO - [2026-02-26T05:28:34.321+0000] {dagbag.py:588} INFO - Filling up the DagBag from /home/ubuntu/airflow-venv/lib/python3.12/site-packages/airflow/example_dags/example_time_delta_sensor_async.py
[2026-02-26T05:28:34.325+0000] {processor.py:925} INFO - DAG(s) 'example_time_delta_sensor_async' retrieved from /home/ubuntu/airflow-venv/lib/python3.12/site-packages/airflow/example_dags/example_time_delta_sensor_async.py
[2026-02-26T05:28:34.404+0000] {logging_mixin.py:190} INFO - [2026-02-26T05:28:34.403+0000] {dag.py:3239} INFO - Sync 1 DAGs
[2026-02-26T05:28:34.409+0000] {logging_mixin.py:190} INFO - [2026-02-26T05:28:34.409+0000] {dag.py:4180} INFO - Setting next_dagrun for example_time_delta_sensor_async to None, run_after=None
[2026-02-26T05:28:34.424+0000] {processor.py:208} INFO - Processing /home/ubuntu/airflow-venv/lib/python3.12/site-packages/airflow/example_dags/example_time_delta_sensor_async.py took 0.109 seconds
[2026-02-26T05:29:29.151+0000] {processor.py:186} INFO - Started process (PID=2937) to work on /home/ubuntu/airflow-venv/lib/python3.12/site-packages/airflow/example_dags/example_time_delta_sensor_async.py
[2026-02-26T05:29:29.152+0000] {processor.py:914} INFO - Processing file /home/ubuntu/airflow-venv/lib/python3.12/site-packages/airflow/example_dags/example_time_delta_sensor_async.py for tasks to queue
[2026-02-26T05:29:29.154+0000] {logging_mixin.py:190} INFO - [2026-02-26T05:29:29.154+0000] {dagbag.py:588} INFO - Filling up the DagBag from /home/ubuntu/airflow-venv/lib/python3.12/site-packages/airflow/example_dags/example_time_delta_sensor_async.py
[2026-02-26T05:29:29.158+0000] {processor.py:925} INFO - DAG(s) 'example_time_delta_sensor_async' retrieved from /home/ubuntu/airflow-venv/lib/python3.12/site-packages/airflow/example_dags/example_time_delta_sensor_async.py
[2026-02-26T05:29:29.167+0000] {logging_mixin.py:190} INFO - [2026-02-26T05:29:29.167+0000] {dag.py:3239} INFO - Sync 1 DAGs
[2026-02-26T05:29:29.175+0000] {logging_mixin.py:190} INFO - [2026-02-26T05:29:29.175+0000] {dag.py:4180} INFO - Setting next_dagrun for example_time_delta_sensor_async to None, run_after=None
[2026-02-26T05:29:29.192+0000] {processor.py:208} INFO - Processing /home/ubuntu/airflow-venv/lib/python3.12/site-packages/airflow/example_dags/example_time_delta_sensor_async.py took 0.044 seconds
[2026-02-26T05:30:23.324+0000] {processor.py:186} INFO - Started process (PID=2998) to work on /home/ubuntu/airflow-venv/lib/python3.12/site-packages/airflow/example_dags/example_time_delta_sensor_async.py
[2026-02-26T05:30:23.326+0000] {processor.py:914} INFO - Processing file /home/ubuntu/airflow-venv/lib/python3.12/site-packages/airflow/example_dags/example_time_delta_sensor_async.py for tasks to queue
[2026-02-26T05:30:23.327+0000] {logging_mixin.py:190} INFO - [2026-02-26T05:30:23.327+0000] {dagbag.py:588} INFO - Filling up the DagBag from /home/ubuntu/airflow-venv/lib/python3.12/site-packages/airflow/example_dags/example_time_delta_sensor_async.py
[2026-02-26T05:30:23.331+0000] {processor.py:925} INFO - DAG(s) 'example_time_delta_sensor_async' retrieved from /home/ubuntu/airflow-venv/lib/python3.12/site-packages/airflow/example_dags/example_time_delta_sensor_async.py
[2026-02-26T05:30:23.341+0000] {logging_mixin.py:190} INFO - [2026-02-26T05:30:23.341+0000] {dag.py:3239} INFO - Sync 1 DAGs
[2026-02-26T05:30:23.348+0000] {logging_mixin.py:190} INFO - [2026-02-26T05:30:23.348+0000] {dag.py:4180} INFO - Setting next_dagrun for example_time_delta_sensor_async to None, run_after=None
[2026-02-26T05:30:23.365+0000] {processor.py:208} INFO - Processing /home/ubuntu/airflow-venv/lib/python3.12/site-packages/airflow/example_dags/example_time_delta_sensor_async.py took 0.044 seconds
[2026-02-26T05:31:13.499+0000] {processor.py:186} INFO - Started process (PID=3049) to work on /home/ubuntu/airflow-venv/lib/python3.12/site-packages/airflow/example_dags/example_time_delta_sensor_async.py
[2026-02-26T05:31:13.501+0000] {processor.py:914} INFO - Processing file /home/ubuntu/airflow-venv/lib/python3.12/site-packages/airflow/example_dags/example_time_delta_sensor_async.py for tasks to queue
[2026-02-26T05:31:13.502+0000] {logging_mixin.py:190} INFO - [2026-02-26T05:31:13.502+0000] {dagbag.py:588} INFO - Filling up the DagBag from /home/ubuntu/airflow-venv/lib/python3.12/site-packages/airflow/example_dags/example_time_delta_sensor_async.py
[2026-02-26T05:31:13.506+0000] {processor.py:925} INFO - DAG(s) 'example_time_delta_sensor_async' retrieved from /home/ubuntu/airflow-venv/lib/python3.12/site-packages/airflow/example_dags/example_time_delta_sensor_async.py
[2026-02-26T05:31:13.516+0000] {logging_mixin.py:190} INFO - [2026-02-26T05:31:13.516+0000] {dag.py:3239} INFO - Sync 1 DAGs
[2026-02-26T05:31:13.523+0000] {logging_mixin.py:190} INFO - [2026-02-26T05:31:13.523+0000] {dag.py:4180} INFO - Setting next_dagrun for example_time_delta_sensor_async to None, run_after=None
[2026-02-26T05:31:13.540+0000] {processor.py:208} INFO - Processing /home/ubuntu/airflow-venv/lib/python3.12/site-packages/airflow/example_dags/example_time_delta_sensor_async.py took 0.044 seconds
[2026-02-26T05:32:04.875+0000] {processor.py:186} INFO - Started process (PID=3102) to work on /home/ubuntu/airflow-venv/lib/python3.12/site-packages/airflow/example_dags/example_time_delta_sensor_async.py
[2026-02-26T05:32:04.876+0000] {processor.py:914} INFO - Processing file /home/ubuntu/airflow-venv/lib/python3.12/site-packages/airflow/example_dags/example_time_delta_sensor_async.py for tasks to queue
[2026-02-26T05:32:04.878+0000] {logging_mixin.py:190} INFO - [2026-02-26T05:32:04.878+0000] {dagbag.py:588} INFO - Filling up the DagBag from /home/ubuntu/airflow-venv/lib/python3.12/site-packages/airflow/example_dags/example_time_delta_sensor_async.py
[2026-02-26T05:32:04.882+0000] {processor.py:925} INFO - DAG(s) 'example_time_delta_sensor_async' retrieved from /home/ubuntu/airflow-venv/lib/python3.12/site-packages/airflow/example_dags/example_time_delta_sensor_async.py
[2026-02-26T05:32:04.891+0000] {logging_mixin.py:190} INFO - [2026-02-26T05:32:04.891+0000] {dag.py:3239} INFO - Sync 1 DAGs
[2026-02-26T05:32:04.899+0000] {logging_mixin.py:190} INFO - [2026-02-26T05:32:04.899+0000] {dag.py:4180} INFO - Setting next_dagrun for example_time_delta_sensor_async to None, run_after=None
[2026-02-26T05:32:04.916+0000] {processor.py:208} INFO - Processing /home/ubuntu/airflow-venv/lib/python3.12/site-packages/airflow/example_dags/example_time_delta_sensor_async.py took 0.044 seconds
[2026-02-26T05:32:55.584+0000] {processor.py:186} INFO - Started process (PID=3156) to work on /home/ubuntu/airflow-venv/lib/python3.12/site-packages/airflow/example_dags/example_time_delta_sensor_async.py
[2026-02-26T05:32:55.586+0000] {processor.py:914} INFO - Processing file /home/ubuntu/airflow-venv/lib/python3.12/site-packages/airflow/example_dags/example_time_delta_sensor_async.py for tasks to queue
[2026-02-26T05:32:55.588+0000] {logging_mixin.py:190} INFO - [2026-02-26T05:32:55.587+0000] {dagbag.py:588} INFO - Filling up the DagBag from /home/ubuntu/airflow-venv/lib/python3.12/site-packages/airflow/example_dags/example_time_delta_sensor_async.py
[2026-02-26T05:32:55.592+0000] {processor.py:925} INFO - DAG(s) 'example_time_delta_sensor_async' retrieved from /home/ubuntu/airflow-venv/lib/python3.12/site-packages/airflow/example_dags/example_time_delta_sensor_async.py
[2026-02-26T05:32:55.602+0000] {logging_mixin.py:190} INFO - [2026-02-26T05:32:55.601+0000] {dag.py:3239} INFO - Sync 1 DAGs
[2026-02-26T05:32:55.609+0000] {logging_mixin.py:190} INFO - [2026-02-26T05:32:55.609+0000] {dag.py:4180} INFO - Setting next_dagrun for example_time_delta_sensor_async to None, run_after=None
[2026-02-26T05:32:55.625+0000] {processor.py:208} INFO - Processing /home/ubuntu/airflow-venv/lib/python3.12/site-packages/airflow/example_dags/example_time_delta_sensor_async.py took 0.045 seconds
[2026-02-26T05:33:43.521+0000] {processor.py:186} INFO - Started process (PID=3206) to work on /home/ubuntu/airflow-venv/lib/python3.12/site-packages/airflow/example_dags/example_time_delta_sensor_async.py
[2026-02-26T05:33:43.523+0000] {processor.py:914} INFO - Processing file /home/ubuntu/airflow-venv/lib/python3.12/site-packages/airflow/example_dags/example_time_delta_sensor_async.py for tasks to queue
[2026-02-26T05:33:43.524+0000] {logging_mixin.py:190} INFO - [2026-02-26T05:33:43.524+0000] {dagbag.py:588} INFO - Filling up the DagBag from /home/ubuntu/airflow-venv/lib/python3.12/site-packages/airflow/example_dags/example_time_delta_sensor_async.py
[2026-02-26T05:33:43.529+0000] {processor.py:925} INFO - DAG(s) 'example_time_delta_sensor_async' retrieved from /home/ubuntu/airflow-venv/lib/python3.12/site-packages/airflow/example_dags/example_time_delta_sensor_async.py
[2026-02-26T05:33:43.538+0000] {logging_mixin.py:190} INFO - [2026-02-26T05:33:43.538+0000] {dag.py:3239} INFO - Sync 1 DAGs
[2026-02-26T05:33:43.546+0000] {logging_mixin.py:190} INFO - [2026-02-26T05:33:43.545+0000] {dag.py:4180} INFO - Setting next_dagrun for example_time_delta_sensor_async to None, run_after=None
[2026-02-26T05:33:43.562+0000] {processor.py:208} INFO - Processing /home/ubuntu/airflow-venv/lib/python3.12/site-packages/airflow/example_dags/example_time_delta_sensor_async.py took 0.044 seconds
[2026-02-26T05:34:31.905+0000] {processor.py:186} INFO - Started process (PID=3260) to work on /home/ubuntu/airflow-venv/lib/python3.12/site-packages/airflow/example_dags/example_time_delta_sensor_async.py
[2026-02-26T05:34:31.906+0000] {processor.py:914} INFO - Processing file /home/ubuntu/airflow-venv/lib/python3.12/site-packages/airflow/example_dags/example_time_delta_sensor_async.py for tasks to queue
[2026-02-26T05:34:31.908+0000] {logging_mixin.py:190} INFO - [2026-02-26T05:34:31.908+0000] {dagbag.py:588} INFO - Filling up the DagBag from /home/ubuntu/airflow-venv/lib/python3.12/site-packages/airflow/example_dags/example_time_delta_sensor_async.py
[2026-02-26T05:34:31.912+0000] {processor.py:925} INFO - DAG(s) 'example_time_delta_sensor_async' retrieved from /home/ubuntu/airflow-venv/lib/python3.12/site-packages/airflow/example_dags/example_time_delta_sensor_async.py
[2026-02-26T05:34:31.921+0000] {logging_mixin.py:190} INFO - [2026-02-26T05:34:31.921+0000] {dag.py:3239} INFO - Sync 1 DAGs
[2026-02-26T05:34:31.929+0000] {logging_mixin.py:190} INFO - [2026-02-26T05:34:31.929+0000] {dag.py:4180} INFO - Setting next_dagrun for example_time_delta_sensor_async to None, run_after=None
[2026-02-26T05:34:31.945+0000] {processor.py:208} INFO - Processing /home/ubuntu/airflow-venv/lib/python3.12/site-packages/airflow/example_dags/example_time_delta_sensor_async.py took 0.043 seconds
[2026-02-26T05:35:22.830+0000] {processor.py:186} INFO - Started process (PID=3321) to work on /home/ubuntu/airflow-venv/lib/python3.12/site-packages/airflow/example_dags/example_time_delta_sensor_async.py
[2026-02-26T05:35:22.831+0000] {processor.py:914} INFO - Processing file /home/ubuntu/airflow-venv/lib/python3.12/site-packages/airflow/example_dags/example_time_delta_sensor_async.py for tasks to queue
[2026-02-26T05:35:22.833+0000] {logging_mixin.py:190} INFO - [2026-02-26T05:35:22.832+0000] {dagbag.py:588} INFO - Filling up the DagBag from /home/ubuntu/airflow-venv/lib/python3.12/site-packages/airflow/example_dags/example_time_delta_sensor_async.py
[2026-02-26T05:35:22.837+0000] {processor.py:925} INFO - DAG(s) 'example_time_delta_sensor_async' retrieved from /home/ubuntu/airflow-venv/lib/python3.12/site-packages/airflow/example_dags/example_time_delta_sensor_async.py
[2026-02-26T05:35:22.846+0000] {logging_mixin.py:190} INFO - [2026-02-26T05:35:22.846+0000] {dag.py:3239} INFO - Sync 1 DAGs
[2026-02-26T05:35:22.853+0000] {logging_mixin.py:190} INFO - [2026-02-26T05:35:22.853+0000] {dag.py:4180} INFO - Setting next_dagrun for example_time_delta_sensor_async to None, run_after=None
[2026-02-26T05:35:22.869+0000] {processor.py:208} INFO - Processing /home/ubuntu/airflow-venv/lib/python3.12/site-packages/airflow/example_dags/example_time_delta_sensor_async.py took 0.043 seconds
[2026-02-26T05:36:17.585+0000] {processor.py:186} INFO - Started process (PID=3379) to work on /home/ubuntu/airflow-venv/lib/python3.12/site-packages/airflow/example_dags/example_time_delta_sensor_async.py
[2026-02-26T05:36:17.586+0000] {processor.py:914} INFO - Processing file /home/ubuntu/airflow-venv/lib/python3.12/site-packages/airflow/example_dags/example_time_delta_sensor_async.py for tasks to queue
[2026-02-26T05:36:17.588+0000] {logging_mixin.py:190} INFO - [2026-02-26T05:36:17.588+0000] {dagbag.py:588} INFO - Filling up the DagBag from /home/ubuntu/airflow-venv/lib/python3.12/site-packages/airflow/example_dags/example_time_delta_sensor_async.py
[2026-02-26T05:36:17.592+0000] {processor.py:925} INFO - DAG(s) 'example_time_delta_sensor_async' retrieved from /home/ubuntu/airflow-venv/lib/python3.12/site-packages/airflow/example_dags/example_time_delta_sensor_async.py
[2026-02-26T05:36:17.601+0000] {logging_mixin.py:190} INFO - [2026-02-26T05:36:17.601+0000] {dag.py:3239} INFO - Sync 1 DAGs
[2026-02-26T05:36:17.608+0000] {logging_mixin.py:190} INFO - [2026-02-26T05:36:17.608+0000] {dag.py:4180} INFO - Setting next_dagrun for example_time_delta_sensor_async to None, run_after=None
[2026-02-26T05:36:17.625+0000] {processor.py:208} INFO - Processing /home/ubuntu/airflow-venv/lib/python3.12/site-packages/airflow/example_dags/example_time_delta_sensor_async.py took 0.043 seconds
[2026-02-26T05:37:07.549+0000] {processor.py:186} INFO - Started process (PID=3433) to work on /home/ubuntu/airflow-venv/lib/python3.12/site-packages/airflow/example_dags/example_time_delta_sensor_async.py
[2026-02-26T05:37:07.550+0000] {processor.py:914} INFO - Processing file /home/ubuntu/airflow-venv/lib/python3.12/site-packages/airflow/example_dags/example_time_delta_sensor_async.py for tasks to queue
[2026-02-26T05:37:07.552+0000] {logging_mixin.py:190} INFO - [2026-02-26T05:37:07.552+0000] {dagbag.py:588} INFO - Filling up the DagBag from /home/ubuntu/airflow-venv/lib/python3.12/site-packages/airflow/example_dags/example_time_delta_sensor_async.py
[2026-02-26T05:37:07.556+0000] {processor.py:925} INFO - DAG(s) 'example_time_delta_sensor_async' retrieved from /home/ubuntu/airflow-venv/lib/python3.12/site-packages/airflow/example_dags/example_time_delta_sensor_async.py
[2026-02-26T05:37:07.565+0000] {logging_mixin.py:190} INFO - [2026-02-26T05:37:07.565+0000] {dag.py:3239} INFO - Sync 1 DAGs
[2026-02-26T05:37:07.572+0000] {logging_mixin.py:190} INFO - [2026-02-26T05:37:07.572+0000] {dag.py:4180} INFO - Setting next_dagrun for example_time_delta_sensor_async to None, run_after=None
[2026-02-26T05:37:07.589+0000] {processor.py:208} INFO - Processing /home/ubuntu/airflow-venv/lib/python3.12/site-packages/airflow/example_dags/example_time_delta_sensor_async.py took 0.043 seconds
[2026-02-26T05:37:56.222+0000] {processor.py:186} INFO - Started process (PID=3483) to work on /home/ubuntu/airflow-venv/lib/python3.12/site-packages/airflow/example_dags/example_time_delta_sensor_async.py
[2026-02-26T05:37:56.224+0000] {processor.py:914} INFO - Processing file /home/ubuntu/airflow-venv/lib/python3.12/site-packages/airflow/example_dags/example_time_delta_sensor_async.py for tasks to queue
[2026-02-26T05:37:56.225+0000] {logging_mixin.py:190} INFO - [2026-02-26T05:37:56.225+0000] {dagbag.py:588} INFO - Filling up the DagBag from /home/ubuntu/airflow-venv/lib/python3.12/site-packages/airflow/example_dags/example_time_delta_sensor_async.py
[2026-02-26T05:37:56.230+0000] {processor.py:925} INFO - DAG(s) 'example_time_delta_sensor_async' retrieved from /home/ubuntu/airflow-venv/lib/python3.12/site-packages/airflow/example_dags/example_time_delta_sensor_async.py
[2026-02-26T05:37:56.239+0000] {logging_mixin.py:190} INFO - [2026-02-26T05:37:56.239+0000] {dag.py:3239} INFO - Sync 1 DAGs
[2026-02-26T05:37:56.246+0000] {logging_mixin.py:190} INFO - [2026-02-26T05:37:56.246+0000] {dag.py:4180} INFO - Setting next_dagrun for example_time_delta_sensor_async to None, run_after=None
[2026-02-26T05:37:56.263+0000] {processor.py:208} INFO - Processing /home/ubuntu/airflow-venv/lib/python3.12/site-packages/airflow/example_dags/example_time_delta_sensor_async.py took 0.044 seconds
[2026-02-26T05:38:47.576+0000] {processor.py:186} INFO - Started process (PID=3537) to work on /home/ubuntu/airflow-venv/lib/python3.12/site-packages/airflow/example_dags/example_time_delta_sensor_async.py
[2026-02-26T05:38:47.577+0000] {processor.py:914} INFO - Processing file /home/ubuntu/airflow-venv/lib/python3.12/site-packages/airflow/example_dags/example_time_delta_sensor_async.py for tasks to queue
[2026-02-26T05:38:47.579+0000] {logging_mixin.py:190} INFO - [2026-02-26T05:38:47.578+0000] {dagbag.py:588} INFO - Filling up the DagBag from /home/ubuntu/airflow-venv/lib/python3.12/site-packages/airflow/example_dags/example_time_delta_sensor_async.py
[2026-02-26T05:38:47.583+0000] {processor.py:925} INFO - DAG(s) 'example_time_delta_sensor_async' retrieved from /home/ubuntu/airflow-venv/lib/python3.12/site-packages/airflow/example_dags/example_time_delta_sensor_async.py
[2026-02-26T05:38:47.592+0000] {logging_mixin.py:190} INFO - [2026-02-26T05:38:47.592+0000] {dag.py:3239} INFO - Sync 1 DAGs
[2026-02-26T05:38:47.599+0000] {logging_mixin.py:190} INFO - [2026-02-26T05:38:47.599+0000] {dag.py:4180} INFO - Setting next_dagrun for example_time_delta_sensor_async to None, run_after=None
[2026-02-26T05:38:47.616+0000] {processor.py:208} INFO - Processing /home/ubuntu/airflow-venv/lib/python3.12/site-packages/airflow/example_dags/example_time_delta_sensor_async.py took 0.043 seconds
[2026-02-26T05:39:36.684+0000] {processor.py:186} INFO - Started process (PID=3589) to work on /home/ubuntu/airflow-venv/lib/python3.12/site-packages/airflow/example_dags/example_time_delta_sensor_async.py
[2026-02-26T05:39:36.685+0000] {processor.py:914} INFO - Processing file /home/ubuntu/airflow-venv/lib/python3.12/site-packages/airflow/example_dags/example_time_delta_sensor_async.py for tasks to queue
[2026-02-26T05:39:36.687+0000] {logging_mixin.py:190} INFO - [2026-02-26T05:39:36.686+0000] {dagbag.py:588} INFO - Filling up the DagBag from /home/ubuntu/airflow-venv/lib/python3.12/site-packages/airflow/example_dags/example_time_delta_sensor_async.py
[2026-02-26T05:39:36.690+0000] {processor.py:925} INFO - DAG(s) 'example_time_delta_sensor_async' retrieved from /home/ubuntu/airflow-venv/lib/python3.12/site-packages/airflow/example_dags/example_time_delta_sensor_async.py
[2026-02-26T05:39:36.699+0000] {logging_mixin.py:190} INFO - [2026-02-26T05:39:36.699+0000] {dag.py:3239} INFO - Sync 1 DAGs
[2026-02-26T05:39:36.706+0000] {logging_mixin.py:190} INFO - [2026-02-26T05:39:36.705+0000] {dag.py:4180} INFO - Setting next_dagrun for example_time_delta_sensor_async to None, run_after=None
[2026-02-26T05:39:36.722+0000] {processor.py:208} INFO - Processing /home/ubuntu/airflow-venv/lib/python3.12/site-packages/airflow/example_dags/example_time_delta_sensor_async.py took 0.041 seconds
[2026-02-26T05:40:25.189+0000] {processor.py:186} INFO - Started process (PID=3646) to work on /home/ubuntu/airflow-venv/lib/python3.12/site-packages/airflow/example_dags/example_time_delta_sensor_async.py
[2026-02-26T05:40:25.190+0000] {processor.py:914} INFO - Processing file /home/ubuntu/airflow-venv/lib/python3.12/site-packages/airflow/example_dags/example_time_delta_sensor_async.py for tasks to queue
[2026-02-26T05:40:25.192+0000] {logging_mixin.py:190} INFO - [2026-02-26T05:40:25.192+0000] {dagbag.py:588} INFO - Filling up the DagBag from /home/ubuntu/airflow-venv/lib/python3.12/site-packages/airflow/example_dags/example_time_delta_sensor_async.py
[2026-02-26T05:40:25.196+0000] {processor.py:925} INFO - DAG(s) 'example_time_delta_sensor_async' retrieved from /home/ubuntu/airflow-venv/lib/python3.12/site-packages/airflow/example_dags/example_time_delta_sensor_async.py
[2026-02-26T05:40:25.205+0000] {logging_mixin.py:190} INFO - [2026-02-26T05:40:25.205+0000] {dag.py:3239} INFO - Sync 1 DAGs
[2026-02-26T05:40:25.212+0000] {logging_mixin.py:190} INFO - [2026-02-26T05:40:25.212+0000] {dag.py:4180} INFO - Setting next_dagrun for example_time_delta_sensor_async to None, run_after=None
[2026-02-26T05:40:25.229+0000] {processor.py:208} INFO - Processing /home/ubuntu/airflow-venv/lib/python3.12/site-packages/airflow/example_dags/example_time_delta_sensor_async.py took 0.043 seconds
[2026-02-26T05:41:14.252+0000] {processor.py:186} INFO - Started process (PID=3697) to work on /home/ubuntu/airflow-venv/lib/python3.12/site-packages/airflow/example_dags/example_time_delta_sensor_async.py
[2026-02-26T05:41:14.254+0000] {processor.py:914} INFO - Processing file /home/ubuntu/airflow-venv/lib/python3.12/site-packages/airflow/example_dags/example_time_delta_sensor_async.py for tasks to queue
[2026-02-26T05:41:14.256+0000] {logging_mixin.py:190} INFO - [2026-02-26T05:41:14.255+0000] {dagbag.py:588} INFO - Filling up the DagBag from /home/ubuntu/airflow-venv/lib/python3.12/site-packages/airflow/example_dags/example_time_delta_sensor_async.py
[2026-02-26T05:41:14.260+0000] {processor.py:925} INFO - DAG(s) 'example_time_delta_sensor_async' retrieved from /home/ubuntu/airflow-venv/lib/python3.12/site-packages/airflow/example_dags/example_time_delta_sensor_async.py
[2026-02-26T05:41:14.270+0000] {logging_mixin.py:190} INFO - [2026-02-26T05:41:14.269+0000] {dag.py:3239} INFO - Sync 1 DAGs
[2026-02-26T05:41:14.277+0000] {logging_mixin.py:190} INFO - [2026-02-26T05:41:14.277+0000] {dag.py:4180} INFO - Setting next_dagrun for example_time_delta_sensor_async to None, run_after=None
[2026-02-26T05:41:14.294+0000] {processor.py:208} INFO - Processing /home/ubuntu/airflow-venv/lib/python3.12/site-packages/airflow/example_dags/example_time_delta_sensor_async.py took 0.045 seconds
[2026-02-26T05:42:03.737+0000] {processor.py:186} INFO - Started process (PID=3749) to work on /home/ubuntu/airflow-venv/lib/python3.12/site-packages/airflow/example_dags/example_time_delta_sensor_async.py
[2026-02-26T05:42:03.738+0000] {processor.py:914} INFO - Processing file /home/ubuntu/airflow-venv/lib/python3.12/site-packages/airflow/example_dags/example_time_delta_sensor_async.py for tasks to queue
[2026-02-26T05:42:03.740+0000] {logging_mixin.py:190} INFO - [2026-02-26T05:42:03.740+0000] {dagbag.py:588} INFO - Filling up the DagBag from /home/ubuntu/airflow-venv/lib/python3.12/site-packages/airflow/example_dags/example_time_delta_sensor_async.py
[2026-02-26T05:42:03.744+0000] {processor.py:925} INFO - DAG(s) 'example_time_delta_sensor_async' retrieved from /home/ubuntu/airflow-venv/lib/python3.12/site-packages/airflow/example_dags/example_time_delta_sensor_async.py
[2026-02-26T05:42:03.754+0000] {logging_mixin.py:190} INFO - [2026-02-26T05:42:03.754+0000] {dag.py:3239} INFO - Sync 1 DAGs
[2026-02-26T05:42:03.761+0000] {logging_mixin.py:190} INFO - [2026-02-26T05:42:03.761+0000] {dag.py:4180} INFO - Setting next_dagrun for example_time_delta_sensor_async to None, run_after=None
[2026-02-26T05:42:03.778+0000] {processor.py:208} INFO - Processing /home/ubuntu/airflow-venv/lib/python3.12/site-packages/airflow/example_dags/example_time_delta_sensor_async.py took 0.045 seconds
[2026-02-26T05:42:51.818+0000] {processor.py:186} INFO - Started process (PID=3800) to work on /home/ubuntu/airflow-venv/lib/python3.12/site-packages/airflow/example_dags/example_time_delta_sensor_async.py
[2026-02-26T05:42:51.819+0000] {processor.py:914} INFO - Processing file /home/ubuntu/airflow-venv/lib/python3.12/site-packages/airflow/example_dags/example_time_delta_sensor_async.py for tasks to queue
[2026-02-26T05:42:51.821+0000] {logging_mixin.py:190} INFO - [2026-02-26T05:42:51.820+0000] {dagbag.py:588} INFO - Filling up the DagBag from /home/ubuntu/airflow-venv/lib/python3.12/site-packages/airflow/example_dags/example_time_delta_sensor_async.py
[2026-02-26T05:42:51.825+0000] {processor.py:925} INFO - DAG(s) 'example_time_delta_sensor_async' retrieved from /home/ubuntu/airflow-venv/lib/python3.12/site-packages/airflow/example_dags/example_time_delta_sensor_async.py
[2026-02-26T05:42:51.834+0000] {logging_mixin.py:190} INFO - [2026-02-26T05:42:51.834+0000] {dag.py:3239} INFO - Sync 1 DAGs
[2026-02-26T05:42:51.841+0000] {logging_mixin.py:190} INFO - [2026-02-26T05:42:51.841+0000] {dag.py:4180} INFO - Setting next_dagrun for example_time_delta_sensor_async to None, run_after=None
[2026-02-26T05:42:51.857+0000] {processor.py:208} INFO - Processing /home/ubuntu/airflow-venv/lib/python3.12/site-packages/airflow/example_dags/example_time_delta_sensor_async.py took 0.043 seconds
[2026-02-26T05:43:41.733+0000] {processor.py:186} INFO - Started process (PID=3851) to work on /home/ubuntu/airflow-venv/lib/python3.12/site-packages/airflow/example_dags/example_time_delta_sensor_async.py
[2026-02-26T05:43:41.734+0000] {processor.py:914} INFO - Processing file /home/ubuntu/airflow-venv/lib/python3.12/site-packages/airflow/example_dags/example_time_delta_sensor_async.py for tasks to queue
[2026-02-26T05:43:41.736+0000] {logging_mixin.py:190} INFO - [2026-02-26T05:43:41.736+0000] {dagbag.py:588} INFO - Filling up the DagBag from /home/ubuntu/airflow-venv/lib/python3.12/site-packages/airflow/example_dags/example_time_delta_sensor_async.py
[2026-02-26T05:43:41.740+0000] {processor.py:925} INFO - DAG(s) 'example_time_delta_sensor_async' retrieved from /home/ubuntu/airflow-venv/lib/python3.12/site-packages/airflow/example_dags/example_time_delta_sensor_async.py
[2026-02-26T05:43:41.749+0000] {logging_mixin.py:190} INFO - [2026-02-26T05:43:41.749+0000] {dag.py:3239} INFO - Sync 1 DAGs
[2026-02-26T05:43:41.756+0000] {logging_mixin.py:190} INFO - [2026-02-26T05:43:41.756+0000] {dag.py:4180} INFO - Setting next_dagrun for example_time_delta_sensor_async to None, run_after=None
[2026-02-26T05:43:41.772+0000] {processor.py:208} INFO - Processing /home/ubuntu/airflow-venv/lib/python3.12/site-packages/airflow/example_dags/example_time_delta_sensor_async.py took 0.043 seconds
[2026-02-26T05:44:30.789+0000] {processor.py:186} INFO - Started process (PID=3904) to work on /home/ubuntu/airflow-venv/lib/python3.12/site-packages/airflow/example_dags/example_time_delta_sensor_async.py
[2026-02-26T05:44:30.790+0000] {processor.py:914} INFO - Processing file /home/ubuntu/airflow-venv/lib/python3.12/site-packages/airflow/example_dags/example_time_delta_sensor_async.py for tasks to queue
[2026-02-26T05:44:30.792+0000] {logging_mixin.py:190} INFO - [2026-02-26T05:44:30.792+0000] {dagbag.py:588} INFO - Filling up the DagBag from /home/ubuntu/airflow-venv/lib/python3.12/site-packages/airflow/example_dags/example_time_delta_sensor_async.py
[2026-02-26T05:44:30.796+0000] {processor.py:925} INFO - DAG(s) 'example_time_delta_sensor_async' retrieved from /home/ubuntu/airflow-venv/lib/python3.12/site-packages/airflow/example_dags/example_time_delta_sensor_async.py
[2026-02-26T05:44:30.804+0000] {logging_mixin.py:190} INFO - [2026-02-26T05:44:30.804+0000] {dag.py:3239} INFO - Sync 1 DAGs
[2026-02-26T05:44:30.811+0000] {logging_mixin.py:190} INFO - [2026-02-26T05:44:30.811+0000] {dag.py:4180} INFO - Setting next_dagrun for example_time_delta_sensor_async to None, run_after=None
[2026-02-26T05:44:30.827+0000] {processor.py:208} INFO - Processing /home/ubuntu/airflow-venv/lib/python3.12/site-packages/airflow/example_dags/example_time_delta_sensor_async.py took 0.041 seconds
[2026-02-26T06:13:47.271+0000] {processor.py:186} INFO - Started process (PID=2699) to work on /home/ubuntu/airflow-venv/lib/python3.12/site-packages/airflow/example_dags/example_time_delta_sensor_async.py
[2026-02-26T06:13:47.273+0000] {processor.py:914} INFO - Processing file /home/ubuntu/airflow-venv/lib/python3.12/site-packages/airflow/example_dags/example_time_delta_sensor_async.py for tasks to queue
[2026-02-26T06:13:47.274+0000] {logging_mixin.py:190} INFO - [2026-02-26T06:13:47.274+0000] {dagbag.py:588} INFO - Filling up the DagBag from /home/ubuntu/airflow-venv/lib/python3.12/site-packages/airflow/example_dags/example_time_delta_sensor_async.py
[2026-02-26T06:13:47.278+0000] {processor.py:925} INFO - DAG(s) 'example_time_delta_sensor_async' retrieved from /home/ubuntu/airflow-venv/lib/python3.12/site-packages/airflow/example_dags/example_time_delta_sensor_async.py
[2026-02-26T06:13:47.289+0000] {logging_mixin.py:190} INFO - [2026-02-26T06:13:47.289+0000] {dag.py:3239} INFO - Sync 1 DAGs
[2026-02-26T06:13:47.298+0000] {logging_mixin.py:190} INFO - [2026-02-26T06:13:47.298+0000] {dag.py:4180} INFO - Setting next_dagrun for example_time_delta_sensor_async to None, run_after=None
[2026-02-26T06:13:47.315+0000] {processor.py:208} INFO - Processing /home/ubuntu/airflow-venv/lib/python3.12/site-packages/airflow/example_dags/example_time_delta_sensor_async.py took 0.048 seconds
[2026-02-26T06:14:46.931+0000] {processor.py:186} INFO - Started process (PID=2763) to work on /home/ubuntu/airflow-venv/lib/python3.12/site-packages/airflow/example_dags/example_time_delta_sensor_async.py
[2026-02-26T06:14:46.932+0000] {processor.py:914} INFO - Processing file /home/ubuntu/airflow-venv/lib/python3.12/site-packages/airflow/example_dags/example_time_delta_sensor_async.py for tasks to queue
[2026-02-26T06:14:46.933+0000] {logging_mixin.py:190} INFO - [2026-02-26T06:14:46.933+0000] {dagbag.py:588} INFO - Filling up the DagBag from /home/ubuntu/airflow-venv/lib/python3.12/site-packages/airflow/example_dags/example_time_delta_sensor_async.py
[2026-02-26T06:14:46.938+0000] {processor.py:925} INFO - DAG(s) 'example_time_delta_sensor_async' retrieved from /home/ubuntu/airflow-venv/lib/python3.12/site-packages/airflow/example_dags/example_time_delta_sensor_async.py
[2026-02-26T06:14:46.948+0000] {logging_mixin.py:190} INFO - [2026-02-26T06:14:46.947+0000] {dag.py:3239} INFO - Sync 1 DAGs
[2026-02-26T06:14:46.955+0000] {logging_mixin.py:190} INFO - [2026-02-26T06:14:46.955+0000] {dag.py:4180} INFO - Setting next_dagrun for example_time_delta_sensor_async to None, run_after=None
[2026-02-26T06:14:46.972+0000] {processor.py:208} INFO - Processing /home/ubuntu/airflow-venv/lib/python3.12/site-packages/airflow/example_dags/example_time_delta_sensor_async.py took 0.045 seconds
[2026-02-26T06:15:44.931+0000] {processor.py:186} INFO - Started process (PID=2830) to work on /home/ubuntu/airflow-venv/lib/python3.12/site-packages/airflow/example_dags/example_time_delta_sensor_async.py
[2026-02-26T06:15:44.932+0000] {processor.py:914} INFO - Processing file /home/ubuntu/airflow-venv/lib/python3.12/site-packages/airflow/example_dags/example_time_delta_sensor_async.py for tasks to queue
[2026-02-26T06:15:44.933+0000] {logging_mixin.py:190} INFO - [2026-02-26T06:15:44.933+0000] {dagbag.py:588} INFO - Filling up the DagBag from /home/ubuntu/airflow-venv/lib/python3.12/site-packages/airflow/example_dags/example_time_delta_sensor_async.py
[2026-02-26T06:15:44.938+0000] {processor.py:925} INFO - DAG(s) 'example_time_delta_sensor_async' retrieved from /home/ubuntu/airflow-venv/lib/python3.12/site-packages/airflow/example_dags/example_time_delta_sensor_async.py
[2026-02-26T06:15:44.947+0000] {logging_mixin.py:190} INFO - [2026-02-26T06:15:44.947+0000] {dag.py:3239} INFO - Sync 1 DAGs
[2026-02-26T06:15:44.955+0000] {logging_mixin.py:190} INFO - [2026-02-26T06:15:44.955+0000] {dag.py:4180} INFO - Setting next_dagrun for example_time_delta_sensor_async to None, run_after=None
[2026-02-26T06:15:44.972+0000] {processor.py:208} INFO - Processing /home/ubuntu/airflow-venv/lib/python3.12/site-packages/airflow/example_dags/example_time_delta_sensor_async.py took 0.045 seconds
[2026-02-26T06:16:37.459+0000] {processor.py:186} INFO - Started process (PID=2886) to work on /home/ubuntu/airflow-venv/lib/python3.12/site-packages/airflow/example_dags/example_time_delta_sensor_async.py
[2026-02-26T06:16:37.460+0000] {processor.py:914} INFO - Processing file /home/ubuntu/airflow-venv/lib/python3.12/site-packages/airflow/example_dags/example_time_delta_sensor_async.py for tasks to queue
[2026-02-26T06:16:37.462+0000] {logging_mixin.py:190} INFO - [2026-02-26T06:16:37.462+0000] {dagbag.py:588} INFO - Filling up the DagBag from /home/ubuntu/airflow-venv/lib/python3.12/site-packages/airflow/example_dags/example_time_delta_sensor_async.py
[2026-02-26T06:16:37.466+0000] {processor.py:925} INFO - DAG(s) 'example_time_delta_sensor_async' retrieved from /home/ubuntu/airflow-venv/lib/python3.12/site-packages/airflow/example_dags/example_time_delta_sensor_async.py
[2026-02-26T06:16:37.476+0000] {logging_mixin.py:190} INFO - [2026-02-26T06:16:37.476+0000] {dag.py:3239} INFO - Sync 1 DAGs
[2026-02-26T06:16:37.483+0000] {logging_mixin.py:190} INFO - [2026-02-26T06:16:37.483+0000] {dag.py:4180} INFO - Setting next_dagrun for example_time_delta_sensor_async to None, run_after=None
[2026-02-26T06:16:37.500+0000] {processor.py:208} INFO - Processing /home/ubuntu/airflow-venv/lib/python3.12/site-packages/airflow/example_dags/example_time_delta_sensor_async.py took 0.044 seconds
[2026-02-26T06:17:27.643+0000] {processor.py:186} INFO - Started process (PID=2941) to work on /home/ubuntu/airflow-venv/lib/python3.12/site-packages/airflow/example_dags/example_time_delta_sensor_async.py
[2026-02-26T06:17:27.645+0000] {processor.py:914} INFO - Processing file /home/ubuntu/airflow-venv/lib/python3.12/site-packages/airflow/example_dags/example_time_delta_sensor_async.py for tasks to queue
[2026-02-26T06:17:27.646+0000] {logging_mixin.py:190} INFO - [2026-02-26T06:17:27.646+0000] {dagbag.py:588} INFO - Filling up the DagBag from /home/ubuntu/airflow-venv/lib/python3.12/site-packages/airflow/example_dags/example_time_delta_sensor_async.py
[2026-02-26T06:17:27.651+0000] {processor.py:925} INFO - DAG(s) 'example_time_delta_sensor_async' retrieved from /home/ubuntu/airflow-venv/lib/python3.12/site-packages/airflow/example_dags/example_time_delta_sensor_async.py
[2026-02-26T06:17:27.660+0000] {logging_mixin.py:190} INFO - [2026-02-26T06:17:27.660+0000] {dag.py:3239} INFO - Sync 1 DAGs
[2026-02-26T06:17:27.667+0000] {logging_mixin.py:190} INFO - [2026-02-26T06:17:27.667+0000] {dag.py:4180} INFO - Setting next_dagrun for example_time_delta_sensor_async to None, run_after=None
[2026-02-26T06:17:27.684+0000] {processor.py:208} INFO - Processing /home/ubuntu/airflow-venv/lib/python3.12/site-packages/airflow/example_dags/example_time_delta_sensor_async.py took 0.044 seconds
[2026-02-26T06:18:17.237+0000] {processor.py:186} INFO - Started process (PID=2993) to work on /home/ubuntu/airflow-venv/lib/python3.12/site-packages/airflow/example_dags/example_time_delta_sensor_async.py
[2026-02-26T06:18:17.239+0000] {processor.py:914} INFO - Processing file /home/ubuntu/airflow-venv/lib/python3.12/site-packages/airflow/example_dags/example_time_delta_sensor_async.py for tasks to queue
[2026-02-26T06:18:17.240+0000] {logging_mixin.py:190} INFO - [2026-02-26T06:18:17.240+0000] {dagbag.py:588} INFO - Filling up the DagBag from /home/ubuntu/airflow-venv/lib/python3.12/site-packages/airflow/example_dags/example_time_delta_sensor_async.py
[2026-02-26T06:18:17.245+0000] {processor.py:925} INFO - DAG(s) 'example_time_delta_sensor_async' retrieved from /home/ubuntu/airflow-venv/lib/python3.12/site-packages/airflow/example_dags/example_time_delta_sensor_async.py
[2026-02-26T06:18:17.254+0000] {logging_mixin.py:190} INFO - [2026-02-26T06:18:17.254+0000] {dag.py:3239} INFO - Sync 1 DAGs
[2026-02-26T06:18:17.262+0000] {logging_mixin.py:190} INFO - [2026-02-26T06:18:17.262+0000] {dag.py:4180} INFO - Setting next_dagrun for example_time_delta_sensor_async to None, run_after=None
[2026-02-26T06:18:17.278+0000] {processor.py:208} INFO - Processing /home/ubuntu/airflow-venv/lib/python3.12/site-packages/airflow/example_dags/example_time_delta_sensor_async.py took 0.044 seconds
[2026-02-26T06:19:12.440+0000] {processor.py:186} INFO - Started process (PID=3047) to work on /home/ubuntu/airflow-venv/lib/python3.12/site-packages/airflow/example_dags/example_time_delta_sensor_async.py
[2026-02-26T06:19:12.441+0000] {processor.py:914} INFO - Processing file /home/ubuntu/airflow-venv/lib/python3.12/site-packages/airflow/example_dags/example_time_delta_sensor_async.py for tasks to queue
[2026-02-26T06:19:12.443+0000] {logging_mixin.py:190} INFO - [2026-02-26T06:19:12.443+0000] {dagbag.py:588} INFO - Filling up the DagBag from /home/ubuntu/airflow-venv/lib/python3.12/site-packages/airflow/example_dags/example_time_delta_sensor_async.py
[2026-02-26T06:19:12.447+0000] {processor.py:925} INFO - DAG(s) 'example_time_delta_sensor_async' retrieved from /home/ubuntu/airflow-venv/lib/python3.12/site-packages/airflow/example_dags/example_time_delta_sensor_async.py
[2026-02-26T06:19:12.535+0000] {logging_mixin.py:190} INFO - [2026-02-26T06:19:12.535+0000] {dag.py:3239} INFO - Sync 1 DAGs
[2026-02-26T06:19:12.542+0000] {logging_mixin.py:190} INFO - [2026-02-26T06:19:12.541+0000] {dag.py:4180} INFO - Setting next_dagrun for example_time_delta_sensor_async to None, run_after=None
[2026-02-26T06:19:12.558+0000] {processor.py:208} INFO - Processing /home/ubuntu/airflow-venv/lib/python3.12/site-packages/airflow/example_dags/example_time_delta_sensor_async.py took 0.122 seconds
[2026-02-26T06:20:09.918+0000] {processor.py:186} INFO - Started process (PID=3104) to work on /home/ubuntu/airflow-venv/lib/python3.12/site-packages/airflow/example_dags/example_time_delta_sensor_async.py
[2026-02-26T06:20:09.919+0000] {processor.py:914} INFO - Processing file /home/ubuntu/airflow-venv/lib/python3.12/site-packages/airflow/example_dags/example_time_delta_sensor_async.py for tasks to queue
[2026-02-26T06:20:09.921+0000] {logging_mixin.py:190} INFO - [2026-02-26T06:20:09.920+0000] {dagbag.py:588} INFO - Filling up the DagBag from /home/ubuntu/airflow-venv/lib/python3.12/site-packages/airflow/example_dags/example_time_delta_sensor_async.py
[2026-02-26T06:20:09.925+0000] {processor.py:925} INFO - DAG(s) 'example_time_delta_sensor_async' retrieved from /home/ubuntu/airflow-venv/lib/python3.12/site-packages/airflow/example_dags/example_time_delta_sensor_async.py
[2026-02-26T06:20:09.935+0000] {logging_mixin.py:190} INFO - [2026-02-26T06:20:09.935+0000] {dag.py:3239} INFO - Sync 1 DAGs
[2026-02-26T06:20:09.943+0000] {logging_mixin.py:190} INFO - [2026-02-26T06:20:09.943+0000] {dag.py:4180} INFO - Setting next_dagrun for example_time_delta_sensor_async to None, run_after=None
[2026-02-26T06:20:09.961+0000] {processor.py:208} INFO - Processing /home/ubuntu/airflow-venv/lib/python3.12/site-packages/airflow/example_dags/example_time_delta_sensor_async.py took 0.047 seconds
[2026-02-26T06:21:00.130+0000] {processor.py:186} INFO - Started process (PID=3161) to work on /home/ubuntu/airflow-venv/lib/python3.12/site-packages/airflow/example_dags/example_time_delta_sensor_async.py
[2026-02-26T06:21:00.131+0000] {processor.py:914} INFO - Processing file /home/ubuntu/airflow-venv/lib/python3.12/site-packages/airflow/example_dags/example_time_delta_sensor_async.py for tasks to queue
[2026-02-26T06:21:00.133+0000] {logging_mixin.py:190} INFO - [2026-02-26T06:21:00.133+0000] {dagbag.py:588} INFO - Filling up the DagBag from /home/ubuntu/airflow-venv/lib/python3.12/site-packages/airflow/example_dags/example_time_delta_sensor_async.py
[2026-02-26T06:21:00.138+0000] {processor.py:925} INFO - DAG(s) 'example_time_delta_sensor_async' retrieved from /home/ubuntu/airflow-venv/lib/python3.12/site-packages/airflow/example_dags/example_time_delta_sensor_async.py
[2026-02-26T06:21:00.148+0000] {logging_mixin.py:190} INFO - [2026-02-26T06:21:00.147+0000] {dag.py:3239} INFO - Sync 1 DAGs
[2026-02-26T06:21:00.155+0000] {logging_mixin.py:190} INFO - [2026-02-26T06:21:00.155+0000] {dag.py:4180} INFO - Setting next_dagrun for example_time_delta_sensor_async to None, run_after=None
[2026-02-26T06:21:00.173+0000] {processor.py:208} INFO - Processing /home/ubuntu/airflow-venv/lib/python3.12/site-packages/airflow/example_dags/example_time_delta_sensor_async.py took 0.047 seconds
[2026-02-26T06:21:46.382+0000] {processor.py:186} INFO - Started process (PID=3211) to work on /home/ubuntu/airflow-venv/lib/python3.12/site-packages/airflow/example_dags/example_time_delta_sensor_async.py
[2026-02-26T06:21:46.383+0000] {processor.py:914} INFO - Processing file /home/ubuntu/airflow-venv/lib/python3.12/site-packages/airflow/example_dags/example_time_delta_sensor_async.py for tasks to queue
[2026-02-26T06:21:46.385+0000] {logging_mixin.py:190} INFO - [2026-02-26T06:21:46.385+0000] {dagbag.py:588} INFO - Filling up the DagBag from /home/ubuntu/airflow-venv/lib/python3.12/site-packages/airflow/example_dags/example_time_delta_sensor_async.py
[2026-02-26T06:21:46.389+0000] {processor.py:925} INFO - DAG(s) 'example_time_delta_sensor_async' retrieved from /home/ubuntu/airflow-venv/lib/python3.12/site-packages/airflow/example_dags/example_time_delta_sensor_async.py
[2026-02-26T06:21:46.400+0000] {logging_mixin.py:190} INFO - [2026-02-26T06:21:46.399+0000] {dag.py:3239} INFO - Sync 1 DAGs
[2026-02-26T06:21:46.408+0000] {logging_mixin.py:190} INFO - [2026-02-26T06:21:46.408+0000] {dag.py:4180} INFO - Setting next_dagrun for example_time_delta_sensor_async to None, run_after=None
[2026-02-26T06:21:46.426+0000] {processor.py:208} INFO - Processing /home/ubuntu/airflow-venv/lib/python3.12/site-packages/airflow/example_dags/example_time_delta_sensor_async.py took 0.047 seconds
[2026-02-26T06:22:34.313+0000] {processor.py:186} INFO - Started process (PID=3262) to work on /home/ubuntu/airflow-venv/lib/python3.12/site-packages/airflow/example_dags/example_time_delta_sensor_async.py
[2026-02-26T06:22:34.314+0000] {processor.py:914} INFO - Processing file /home/ubuntu/airflow-venv/lib/python3.12/site-packages/airflow/example_dags/example_time_delta_sensor_async.py for tasks to queue
[2026-02-26T06:22:34.316+0000] {logging_mixin.py:190} INFO - [2026-02-26T06:22:34.316+0000] {dagbag.py:588} INFO - Filling up the DagBag from /home/ubuntu/airflow-venv/lib/python3.12/site-packages/airflow/example_dags/example_time_delta_sensor_async.py
[2026-02-26T06:22:34.321+0000] {processor.py:925} INFO - DAG(s) 'example_time_delta_sensor_async' retrieved from /home/ubuntu/airflow-venv/lib/python3.12/site-packages/airflow/example_dags/example_time_delta_sensor_async.py
[2026-02-26T06:22:34.331+0000] {logging_mixin.py:190} INFO - [2026-02-26T06:22:34.330+0000] {dag.py:3239} INFO - Sync 1 DAGs
[2026-02-26T06:22:34.339+0000] {logging_mixin.py:190} INFO - [2026-02-26T06:22:34.339+0000] {dag.py:4180} INFO - Setting next_dagrun for example_time_delta_sensor_async to None, run_after=None
[2026-02-26T06:22:34.356+0000] {processor.py:208} INFO - Processing /home/ubuntu/airflow-venv/lib/python3.12/site-packages/airflow/example_dags/example_time_delta_sensor_async.py took 0.046 seconds
[2026-02-26T06:23:26.165+0000] {processor.py:186} INFO - Started process (PID=3316) to work on /home/ubuntu/airflow-venv/lib/python3.12/site-packages/airflow/example_dags/example_time_delta_sensor_async.py
[2026-02-26T06:23:26.167+0000] {processor.py:914} INFO - Processing file /home/ubuntu/airflow-venv/lib/python3.12/site-packages/airflow/example_dags/example_time_delta_sensor_async.py for tasks to queue
[2026-02-26T06:23:26.168+0000] {logging_mixin.py:190} INFO - [2026-02-26T06:23:26.168+0000] {dagbag.py:588} INFO - Filling up the DagBag from /home/ubuntu/airflow-venv/lib/python3.12/site-packages/airflow/example_dags/example_time_delta_sensor_async.py
[2026-02-26T06:23:26.172+0000] {processor.py:925} INFO - DAG(s) 'example_time_delta_sensor_async' retrieved from /home/ubuntu/airflow-venv/lib/python3.12/site-packages/airflow/example_dags/example_time_delta_sensor_async.py
[2026-02-26T06:23:26.182+0000] {logging_mixin.py:190} INFO - [2026-02-26T06:23:26.182+0000] {dag.py:3239} INFO - Sync 1 DAGs
[2026-02-26T06:23:26.190+0000] {logging_mixin.py:190} INFO - [2026-02-26T06:23:26.190+0000] {dag.py:4180} INFO - Setting next_dagrun for example_time_delta_sensor_async to None, run_after=None
[2026-02-26T06:23:26.207+0000] {processor.py:208} INFO - Processing /home/ubuntu/airflow-venv/lib/python3.12/site-packages/airflow/example_dags/example_time_delta_sensor_async.py took 0.046 seconds
[2026-02-26T06:24:19.009+0000] {processor.py:186} INFO - Started process (PID=3370) to work on /home/ubuntu/airflow-venv/lib/python3.12/site-packages/airflow/example_dags/example_time_delta_sensor_async.py
[2026-02-26T06:24:19.010+0000] {processor.py:914} INFO - Processing file /home/ubuntu/airflow-venv/lib/python3.12/site-packages/airflow/example_dags/example_time_delta_sensor_async.py for tasks to queue
[2026-02-26T06:24:19.012+0000] {logging_mixin.py:190} INFO - [2026-02-26T06:24:19.012+0000] {dagbag.py:588} INFO - Filling up the DagBag from /home/ubuntu/airflow-venv/lib/python3.12/site-packages/airflow/example_dags/example_time_delta_sensor_async.py
[2026-02-26T06:24:19.016+0000] {processor.py:925} INFO - DAG(s) 'example_time_delta_sensor_async' retrieved from /home/ubuntu/airflow-venv/lib/python3.12/site-packages/airflow/example_dags/example_time_delta_sensor_async.py
[2026-02-26T06:24:19.027+0000] {logging_mixin.py:190} INFO - [2026-02-26T06:24:19.026+0000] {dag.py:3239} INFO - Sync 1 DAGs
[2026-02-26T06:24:19.035+0000] {logging_mixin.py:190} INFO - [2026-02-26T06:24:19.034+0000] {dag.py:4180} INFO - Setting next_dagrun for example_time_delta_sensor_async to None, run_after=None
[2026-02-26T06:24:19.052+0000] {processor.py:208} INFO - Processing /home/ubuntu/airflow-venv/lib/python3.12/site-packages/airflow/example_dags/example_time_delta_sensor_async.py took 0.047 seconds
