[2026-02-26T05:22:42.916+0000] {processor.py:186} INFO - Started process (PID=2121) to work on /home/ubuntu/airflow-venv/lib/python3.12/site-packages/airflow/example_dags/example_trigger_target_dag.py
[2026-02-26T05:22:42.917+0000] {processor.py:914} INFO - Processing file /home/ubuntu/airflow-venv/lib/python3.12/site-packages/airflow/example_dags/example_trigger_target_dag.py for tasks to queue
[2026-02-26T05:22:42.918+0000] {logging_mixin.py:190} INFO - [2026-02-26T05:22:42.918+0000] {dagbag.py:588} INFO - Filling up the DagBag from /home/ubuntu/airflow-venv/lib/python3.12/site-packages/airflow/example_dags/example_trigger_target_dag.py
[2026-02-26T05:22:42.923+0000] {processor.py:925} INFO - DAG(s) 'example_trigger_target_dag' retrieved from /home/ubuntu/airflow-venv/lib/python3.12/site-packages/airflow/example_dags/example_trigger_target_dag.py
[2026-02-26T05:22:42.935+0000] {logging_mixin.py:190} INFO - [2026-02-26T05:22:42.935+0000] {dag.py:3239} INFO - Sync 1 DAGs
[2026-02-26T05:22:42.943+0000] {logging_mixin.py:190} INFO - [2026-02-26T05:22:42.943+0000] {dag.py:4180} INFO - Setting next_dagrun for example_trigger_target_dag to None, run_after=None
[2026-02-26T05:22:42.959+0000] {processor.py:208} INFO - Processing /home/ubuntu/airflow-venv/lib/python3.12/site-packages/airflow/example_dags/example_trigger_target_dag.py took 0.046 seconds
[2026-02-26T05:23:38.315+0000] {processor.py:186} INFO - Started process (PID=2185) to work on /home/ubuntu/airflow-venv/lib/python3.12/site-packages/airflow/example_dags/example_trigger_target_dag.py
[2026-02-26T05:23:38.316+0000] {processor.py:914} INFO - Processing file /home/ubuntu/airflow-venv/lib/python3.12/site-packages/airflow/example_dags/example_trigger_target_dag.py for tasks to queue
[2026-02-26T05:23:38.317+0000] {logging_mixin.py:190} INFO - [2026-02-26T05:23:38.317+0000] {dagbag.py:588} INFO - Filling up the DagBag from /home/ubuntu/airflow-venv/lib/python3.12/site-packages/airflow/example_dags/example_trigger_target_dag.py
[2026-02-26T05:23:38.322+0000] {processor.py:925} INFO - DAG(s) 'example_trigger_target_dag' retrieved from /home/ubuntu/airflow-venv/lib/python3.12/site-packages/airflow/example_dags/example_trigger_target_dag.py
[2026-02-26T05:23:38.331+0000] {logging_mixin.py:190} INFO - [2026-02-26T05:23:38.330+0000] {dag.py:3239} INFO - Sync 1 DAGs
[2026-02-26T05:23:38.339+0000] {logging_mixin.py:190} INFO - [2026-02-26T05:23:38.339+0000] {dag.py:4180} INFO - Setting next_dagrun for example_trigger_target_dag to None, run_after=None
[2026-02-26T05:23:38.355+0000] {processor.py:208} INFO - Processing /home/ubuntu/airflow-venv/lib/python3.12/site-packages/airflow/example_dags/example_trigger_target_dag.py took 0.043 seconds
[2026-02-26T05:24:29.385+0000] {processor.py:186} INFO - Started process (PID=2239) to work on /home/ubuntu/airflow-venv/lib/python3.12/site-packages/airflow/example_dags/example_trigger_target_dag.py
[2026-02-26T05:24:29.386+0000] {processor.py:914} INFO - Processing file /home/ubuntu/airflow-venv/lib/python3.12/site-packages/airflow/example_dags/example_trigger_target_dag.py for tasks to queue
[2026-02-26T05:24:29.388+0000] {logging_mixin.py:190} INFO - [2026-02-26T05:24:29.388+0000] {dagbag.py:588} INFO - Filling up the DagBag from /home/ubuntu/airflow-venv/lib/python3.12/site-packages/airflow/example_dags/example_trigger_target_dag.py
[2026-02-26T05:24:29.392+0000] {processor.py:925} INFO - DAG(s) 'example_trigger_target_dag' retrieved from /home/ubuntu/airflow-venv/lib/python3.12/site-packages/airflow/example_dags/example_trigger_target_dag.py
[2026-02-26T05:24:29.401+0000] {logging_mixin.py:190} INFO - [2026-02-26T05:24:29.401+0000] {dag.py:3239} INFO - Sync 1 DAGs
[2026-02-26T05:24:29.408+0000] {logging_mixin.py:190} INFO - [2026-02-26T05:24:29.408+0000] {dag.py:4180} INFO - Setting next_dagrun for example_trigger_target_dag to None, run_after=None
[2026-02-26T05:24:29.424+0000] {processor.py:208} INFO - Processing /home/ubuntu/airflow-venv/lib/python3.12/site-packages/airflow/example_dags/example_trigger_target_dag.py took 0.042 seconds
[2026-02-26T05:25:17.899+0000] {processor.py:186} INFO - Started process (PID=2300) to work on /home/ubuntu/airflow-venv/lib/python3.12/site-packages/airflow/example_dags/example_trigger_target_dag.py
[2026-02-26T05:25:17.900+0000] {processor.py:914} INFO - Processing file /home/ubuntu/airflow-venv/lib/python3.12/site-packages/airflow/example_dags/example_trigger_target_dag.py for tasks to queue
[2026-02-26T05:25:17.902+0000] {logging_mixin.py:190} INFO - [2026-02-26T05:25:17.902+0000] {dagbag.py:588} INFO - Filling up the DagBag from /home/ubuntu/airflow-venv/lib/python3.12/site-packages/airflow/example_dags/example_trigger_target_dag.py
[2026-02-26T05:25:17.907+0000] {processor.py:925} INFO - DAG(s) 'example_trigger_target_dag' retrieved from /home/ubuntu/airflow-venv/lib/python3.12/site-packages/airflow/example_dags/example_trigger_target_dag.py
[2026-02-26T05:25:17.916+0000] {logging_mixin.py:190} INFO - [2026-02-26T05:25:17.916+0000] {dag.py:3239} INFO - Sync 1 DAGs
[2026-02-26T05:25:17.923+0000] {logging_mixin.py:190} INFO - [2026-02-26T05:25:17.923+0000] {dag.py:4180} INFO - Setting next_dagrun for example_trigger_target_dag to None, run_after=None
[2026-02-26T05:25:17.938+0000] {processor.py:208} INFO - Processing /home/ubuntu/airflow-venv/lib/python3.12/site-packages/airflow/example_dags/example_trigger_target_dag.py took 0.042 seconds
[2026-02-26T05:26:06.110+0000] {processor.py:186} INFO - Started process (PID=2357) to work on /home/ubuntu/airflow-venv/lib/python3.12/site-packages/airflow/example_dags/example_trigger_target_dag.py
[2026-02-26T05:26:06.111+0000] {processor.py:914} INFO - Processing file /home/ubuntu/airflow-venv/lib/python3.12/site-packages/airflow/example_dags/example_trigger_target_dag.py for tasks to queue
[2026-02-26T05:26:06.113+0000] {logging_mixin.py:190} INFO - [2026-02-26T05:26:06.113+0000] {dagbag.py:588} INFO - Filling up the DagBag from /home/ubuntu/airflow-venv/lib/python3.12/site-packages/airflow/example_dags/example_trigger_target_dag.py
[2026-02-26T05:26:06.118+0000] {processor.py:925} INFO - DAG(s) 'example_trigger_target_dag' retrieved from /home/ubuntu/airflow-venv/lib/python3.12/site-packages/airflow/example_dags/example_trigger_target_dag.py
[2026-02-26T05:26:06.127+0000] {logging_mixin.py:190} INFO - [2026-02-26T05:26:06.127+0000] {dag.py:3239} INFO - Sync 1 DAGs
[2026-02-26T05:26:06.134+0000] {logging_mixin.py:190} INFO - [2026-02-26T05:26:06.134+0000] {dag.py:4180} INFO - Setting next_dagrun for example_trigger_target_dag to None, run_after=None
[2026-02-26T05:26:06.149+0000] {processor.py:208} INFO - Processing /home/ubuntu/airflow-venv/lib/python3.12/site-packages/airflow/example_dags/example_trigger_target_dag.py took 0.042 seconds
[2026-02-26T05:26:54.563+0000] {processor.py:186} INFO - Started process (PID=2414) to work on /home/ubuntu/airflow-venv/lib/python3.12/site-packages/airflow/example_dags/example_trigger_target_dag.py
[2026-02-26T05:26:54.564+0000] {processor.py:914} INFO - Processing file /home/ubuntu/airflow-venv/lib/python3.12/site-packages/airflow/example_dags/example_trigger_target_dag.py for tasks to queue
[2026-02-26T05:26:54.566+0000] {logging_mixin.py:190} INFO - [2026-02-26T05:26:54.565+0000] {dagbag.py:588} INFO - Filling up the DagBag from /home/ubuntu/airflow-venv/lib/python3.12/site-packages/airflow/example_dags/example_trigger_target_dag.py
[2026-02-26T05:26:54.570+0000] {processor.py:925} INFO - DAG(s) 'example_trigger_target_dag' retrieved from /home/ubuntu/airflow-venv/lib/python3.12/site-packages/airflow/example_dags/example_trigger_target_dag.py
[2026-02-26T05:26:54.579+0000] {logging_mixin.py:190} INFO - [2026-02-26T05:26:54.579+0000] {dag.py:3239} INFO - Sync 1 DAGs
[2026-02-26T05:26:54.586+0000] {logging_mixin.py:190} INFO - [2026-02-26T05:26:54.586+0000] {dag.py:4180} INFO - Setting next_dagrun for example_trigger_target_dag to None, run_after=None
[2026-02-26T05:26:54.601+0000] {processor.py:208} INFO - Processing /home/ubuntu/airflow-venv/lib/python3.12/site-packages/airflow/example_dags/example_trigger_target_dag.py took 0.042 seconds
[2026-02-26T05:27:42.953+0000] {processor.py:186} INFO - Started process (PID=2829) to work on /home/ubuntu/airflow-venv/lib/python3.12/site-packages/airflow/example_dags/example_trigger_target_dag.py
[2026-02-26T05:27:42.954+0000] {processor.py:914} INFO - Processing file /home/ubuntu/airflow-venv/lib/python3.12/site-packages/airflow/example_dags/example_trigger_target_dag.py for tasks to queue
[2026-02-26T05:27:42.955+0000] {logging_mixin.py:190} INFO - [2026-02-26T05:27:42.955+0000] {dagbag.py:588} INFO - Filling up the DagBag from /home/ubuntu/airflow-venv/lib/python3.12/site-packages/airflow/example_dags/example_trigger_target_dag.py
[2026-02-26T05:27:42.960+0000] {processor.py:925} INFO - DAG(s) 'example_trigger_target_dag' retrieved from /home/ubuntu/airflow-venv/lib/python3.12/site-packages/airflow/example_dags/example_trigger_target_dag.py
[2026-02-26T05:27:42.969+0000] {logging_mixin.py:190} INFO - [2026-02-26T05:27:42.969+0000] {dag.py:3239} INFO - Sync 1 DAGs
[2026-02-26T05:27:42.976+0000] {logging_mixin.py:190} INFO - [2026-02-26T05:27:42.976+0000] {dag.py:4180} INFO - Setting next_dagrun for example_trigger_target_dag to None, run_after=None
[2026-02-26T05:27:42.992+0000] {processor.py:208} INFO - Processing /home/ubuntu/airflow-venv/lib/python3.12/site-packages/airflow/example_dags/example_trigger_target_dag.py took 0.043 seconds
[2026-02-26T05:28:33.526+0000] {processor.py:186} INFO - Started process (PID=2881) to work on /home/ubuntu/airflow-venv/lib/python3.12/site-packages/airflow/example_dags/example_trigger_target_dag.py
[2026-02-26T05:28:33.528+0000] {processor.py:914} INFO - Processing file /home/ubuntu/airflow-venv/lib/python3.12/site-packages/airflow/example_dags/example_trigger_target_dag.py for tasks to queue
[2026-02-26T05:28:33.529+0000] {logging_mixin.py:190} INFO - [2026-02-26T05:28:33.528+0000] {dagbag.py:588} INFO - Filling up the DagBag from /home/ubuntu/airflow-venv/lib/python3.12/site-packages/airflow/example_dags/example_trigger_target_dag.py
[2026-02-26T05:28:33.534+0000] {processor.py:925} INFO - DAG(s) 'example_trigger_target_dag' retrieved from /home/ubuntu/airflow-venv/lib/python3.12/site-packages/airflow/example_dags/example_trigger_target_dag.py
[2026-02-26T05:28:33.607+0000] {logging_mixin.py:190} INFO - [2026-02-26T05:28:33.607+0000] {dag.py:3239} INFO - Sync 1 DAGs
[2026-02-26T05:28:33.612+0000] {logging_mixin.py:190} INFO - [2026-02-26T05:28:33.612+0000] {dag.py:4180} INFO - Setting next_dagrun for example_trigger_target_dag to None, run_after=None
[2026-02-26T05:28:33.627+0000] {processor.py:208} INFO - Processing /home/ubuntu/airflow-venv/lib/python3.12/site-packages/airflow/example_dags/example_trigger_target_dag.py took 0.104 seconds
[2026-02-26T05:29:26.893+0000] {processor.py:186} INFO - Started process (PID=2935) to work on /home/ubuntu/airflow-venv/lib/python3.12/site-packages/airflow/example_dags/example_trigger_target_dag.py
[2026-02-26T05:29:26.895+0000] {processor.py:914} INFO - Processing file /home/ubuntu/airflow-venv/lib/python3.12/site-packages/airflow/example_dags/example_trigger_target_dag.py for tasks to queue
[2026-02-26T05:29:26.896+0000] {logging_mixin.py:190} INFO - [2026-02-26T05:29:26.896+0000] {dagbag.py:588} INFO - Filling up the DagBag from /home/ubuntu/airflow-venv/lib/python3.12/site-packages/airflow/example_dags/example_trigger_target_dag.py
[2026-02-26T05:29:26.901+0000] {processor.py:925} INFO - DAG(s) 'example_trigger_target_dag' retrieved from /home/ubuntu/airflow-venv/lib/python3.12/site-packages/airflow/example_dags/example_trigger_target_dag.py
[2026-02-26T05:29:26.910+0000] {logging_mixin.py:190} INFO - [2026-02-26T05:29:26.910+0000] {dag.py:3239} INFO - Sync 1 DAGs
[2026-02-26T05:29:26.918+0000] {logging_mixin.py:190} INFO - [2026-02-26T05:29:26.918+0000] {dag.py:4180} INFO - Setting next_dagrun for example_trigger_target_dag to None, run_after=None
[2026-02-26T05:29:26.934+0000] {processor.py:208} INFO - Processing /home/ubuntu/airflow-venv/lib/python3.12/site-packages/airflow/example_dags/example_trigger_target_dag.py took 0.044 seconds
[2026-02-26T05:30:21.575+0000] {processor.py:186} INFO - Started process (PID=2996) to work on /home/ubuntu/airflow-venv/lib/python3.12/site-packages/airflow/example_dags/example_trigger_target_dag.py
[2026-02-26T05:30:21.576+0000] {processor.py:914} INFO - Processing file /home/ubuntu/airflow-venv/lib/python3.12/site-packages/airflow/example_dags/example_trigger_target_dag.py for tasks to queue
[2026-02-26T05:30:21.578+0000] {logging_mixin.py:190} INFO - [2026-02-26T05:30:21.577+0000] {dagbag.py:588} INFO - Filling up the DagBag from /home/ubuntu/airflow-venv/lib/python3.12/site-packages/airflow/example_dags/example_trigger_target_dag.py
[2026-02-26T05:30:21.583+0000] {processor.py:925} INFO - DAG(s) 'example_trigger_target_dag' retrieved from /home/ubuntu/airflow-venv/lib/python3.12/site-packages/airflow/example_dags/example_trigger_target_dag.py
[2026-02-26T05:30:21.592+0000] {logging_mixin.py:190} INFO - [2026-02-26T05:30:21.592+0000] {dag.py:3239} INFO - Sync 1 DAGs
[2026-02-26T05:30:21.599+0000] {logging_mixin.py:190} INFO - [2026-02-26T05:30:21.599+0000] {dag.py:4180} INFO - Setting next_dagrun for example_trigger_target_dag to None, run_after=None
[2026-02-26T05:30:21.616+0000] {processor.py:208} INFO - Processing /home/ubuntu/airflow-venv/lib/python3.12/site-packages/airflow/example_dags/example_trigger_target_dag.py took 0.045 seconds
[2026-02-26T05:31:11.758+0000] {processor.py:186} INFO - Started process (PID=3047) to work on /home/ubuntu/airflow-venv/lib/python3.12/site-packages/airflow/example_dags/example_trigger_target_dag.py
[2026-02-26T05:31:11.759+0000] {processor.py:914} INFO - Processing file /home/ubuntu/airflow-venv/lib/python3.12/site-packages/airflow/example_dags/example_trigger_target_dag.py for tasks to queue
[2026-02-26T05:31:11.761+0000] {logging_mixin.py:190} INFO - [2026-02-26T05:31:11.760+0000] {dagbag.py:588} INFO - Filling up the DagBag from /home/ubuntu/airflow-venv/lib/python3.12/site-packages/airflow/example_dags/example_trigger_target_dag.py
[2026-02-26T05:31:11.765+0000] {processor.py:925} INFO - DAG(s) 'example_trigger_target_dag' retrieved from /home/ubuntu/airflow-venv/lib/python3.12/site-packages/airflow/example_dags/example_trigger_target_dag.py
[2026-02-26T05:31:11.774+0000] {logging_mixin.py:190} INFO - [2026-02-26T05:31:11.774+0000] {dag.py:3239} INFO - Sync 1 DAGs
[2026-02-26T05:31:11.781+0000] {logging_mixin.py:190} INFO - [2026-02-26T05:31:11.781+0000] {dag.py:4180} INFO - Setting next_dagrun for example_trigger_target_dag to None, run_after=None
[2026-02-26T05:31:11.797+0000] {processor.py:208} INFO - Processing /home/ubuntu/airflow-venv/lib/python3.12/site-packages/airflow/example_dags/example_trigger_target_dag.py took 0.043 seconds
[2026-02-26T05:32:03.132+0000] {processor.py:186} INFO - Started process (PID=3100) to work on /home/ubuntu/airflow-venv/lib/python3.12/site-packages/airflow/example_dags/example_trigger_target_dag.py
[2026-02-26T05:32:03.133+0000] {processor.py:914} INFO - Processing file /home/ubuntu/airflow-venv/lib/python3.12/site-packages/airflow/example_dags/example_trigger_target_dag.py for tasks to queue
[2026-02-26T05:32:03.135+0000] {logging_mixin.py:190} INFO - [2026-02-26T05:32:03.135+0000] {dagbag.py:588} INFO - Filling up the DagBag from /home/ubuntu/airflow-venv/lib/python3.12/site-packages/airflow/example_dags/example_trigger_target_dag.py
[2026-02-26T05:32:03.140+0000] {processor.py:925} INFO - DAG(s) 'example_trigger_target_dag' retrieved from /home/ubuntu/airflow-venv/lib/python3.12/site-packages/airflow/example_dags/example_trigger_target_dag.py
[2026-02-26T05:32:03.149+0000] {logging_mixin.py:190} INFO - [2026-02-26T05:32:03.149+0000] {dag.py:3239} INFO - Sync 1 DAGs
[2026-02-26T05:32:03.157+0000] {logging_mixin.py:190} INFO - [2026-02-26T05:32:03.156+0000] {dag.py:4180} INFO - Setting next_dagrun for example_trigger_target_dag to None, run_after=None
[2026-02-26T05:32:03.173+0000] {processor.py:208} INFO - Processing /home/ubuntu/airflow-venv/lib/python3.12/site-packages/airflow/example_dags/example_trigger_target_dag.py took 0.044 seconds
[2026-02-26T05:32:53.327+0000] {processor.py:186} INFO - Started process (PID=3154) to work on /home/ubuntu/airflow-venv/lib/python3.12/site-packages/airflow/example_dags/example_trigger_target_dag.py
[2026-02-26T05:32:53.328+0000] {processor.py:914} INFO - Processing file /home/ubuntu/airflow-venv/lib/python3.12/site-packages/airflow/example_dags/example_trigger_target_dag.py for tasks to queue
[2026-02-26T05:32:53.329+0000] {logging_mixin.py:190} INFO - [2026-02-26T05:32:53.329+0000] {dagbag.py:588} INFO - Filling up the DagBag from /home/ubuntu/airflow-venv/lib/python3.12/site-packages/airflow/example_dags/example_trigger_target_dag.py
[2026-02-26T05:32:53.334+0000] {processor.py:925} INFO - DAG(s) 'example_trigger_target_dag' retrieved from /home/ubuntu/airflow-venv/lib/python3.12/site-packages/airflow/example_dags/example_trigger_target_dag.py
[2026-02-26T05:32:53.343+0000] {logging_mixin.py:190} INFO - [2026-02-26T05:32:53.343+0000] {dag.py:3239} INFO - Sync 1 DAGs
[2026-02-26T05:32:53.351+0000] {logging_mixin.py:190} INFO - [2026-02-26T05:32:53.350+0000] {dag.py:4180} INFO - Setting next_dagrun for example_trigger_target_dag to None, run_after=None
[2026-02-26T05:32:53.367+0000] {processor.py:208} INFO - Processing /home/ubuntu/airflow-venv/lib/python3.12/site-packages/airflow/example_dags/example_trigger_target_dag.py took 0.044 seconds
[2026-02-26T05:33:42.223+0000] {processor.py:186} INFO - Started process (PID=3204) to work on /home/ubuntu/airflow-venv/lib/python3.12/site-packages/airflow/example_dags/example_trigger_target_dag.py
[2026-02-26T05:33:42.225+0000] {processor.py:914} INFO - Processing file /home/ubuntu/airflow-venv/lib/python3.12/site-packages/airflow/example_dags/example_trigger_target_dag.py for tasks to queue
[2026-02-26T05:33:42.226+0000] {logging_mixin.py:190} INFO - [2026-02-26T05:33:42.226+0000] {dagbag.py:588} INFO - Filling up the DagBag from /home/ubuntu/airflow-venv/lib/python3.12/site-packages/airflow/example_dags/example_trigger_target_dag.py
[2026-02-26T05:33:42.231+0000] {processor.py:925} INFO - DAG(s) 'example_trigger_target_dag' retrieved from /home/ubuntu/airflow-venv/lib/python3.12/site-packages/airflow/example_dags/example_trigger_target_dag.py
[2026-02-26T05:33:42.240+0000] {logging_mixin.py:190} INFO - [2026-02-26T05:33:42.240+0000] {dag.py:3239} INFO - Sync 1 DAGs
[2026-02-26T05:33:42.247+0000] {logging_mixin.py:190} INFO - [2026-02-26T05:33:42.247+0000] {dag.py:4180} INFO - Setting next_dagrun for example_trigger_target_dag to None, run_after=None
[2026-02-26T05:33:42.263+0000] {processor.py:208} INFO - Processing /home/ubuntu/airflow-venv/lib/python3.12/site-packages/airflow/example_dags/example_trigger_target_dag.py took 0.043 seconds
[2026-02-26T05:34:30.133+0000] {processor.py:186} INFO - Started process (PID=3258) to work on /home/ubuntu/airflow-venv/lib/python3.12/site-packages/airflow/example_dags/example_trigger_target_dag.py
[2026-02-26T05:34:30.135+0000] {processor.py:914} INFO - Processing file /home/ubuntu/airflow-venv/lib/python3.12/site-packages/airflow/example_dags/example_trigger_target_dag.py for tasks to queue
[2026-02-26T05:34:30.136+0000] {logging_mixin.py:190} INFO - [2026-02-26T05:34:30.136+0000] {dagbag.py:588} INFO - Filling up the DagBag from /home/ubuntu/airflow-venv/lib/python3.12/site-packages/airflow/example_dags/example_trigger_target_dag.py
[2026-02-26T05:34:30.141+0000] {processor.py:925} INFO - DAG(s) 'example_trigger_target_dag' retrieved from /home/ubuntu/airflow-venv/lib/python3.12/site-packages/airflow/example_dags/example_trigger_target_dag.py
[2026-02-26T05:34:30.150+0000] {logging_mixin.py:190} INFO - [2026-02-26T05:34:30.150+0000] {dag.py:3239} INFO - Sync 1 DAGs
[2026-02-26T05:34:30.158+0000] {logging_mixin.py:190} INFO - [2026-02-26T05:34:30.157+0000] {dag.py:4180} INFO - Setting next_dagrun for example_trigger_target_dag to None, run_after=None
[2026-02-26T05:34:30.174+0000] {processor.py:208} INFO - Processing /home/ubuntu/airflow-venv/lib/python3.12/site-packages/airflow/example_dags/example_trigger_target_dag.py took 0.044 seconds
[2026-02-26T05:35:20.571+0000] {processor.py:186} INFO - Started process (PID=3319) to work on /home/ubuntu/airflow-venv/lib/python3.12/site-packages/airflow/example_dags/example_trigger_target_dag.py
[2026-02-26T05:35:20.573+0000] {processor.py:914} INFO - Processing file /home/ubuntu/airflow-venv/lib/python3.12/site-packages/airflow/example_dags/example_trigger_target_dag.py for tasks to queue
[2026-02-26T05:35:20.574+0000] {logging_mixin.py:190} INFO - [2026-02-26T05:35:20.574+0000] {dagbag.py:588} INFO - Filling up the DagBag from /home/ubuntu/airflow-venv/lib/python3.12/site-packages/airflow/example_dags/example_trigger_target_dag.py
[2026-02-26T05:35:20.579+0000] {processor.py:925} INFO - DAG(s) 'example_trigger_target_dag' retrieved from /home/ubuntu/airflow-venv/lib/python3.12/site-packages/airflow/example_dags/example_trigger_target_dag.py
[2026-02-26T05:35:20.588+0000] {logging_mixin.py:190} INFO - [2026-02-26T05:35:20.588+0000] {dag.py:3239} INFO - Sync 1 DAGs
[2026-02-26T05:35:20.595+0000] {logging_mixin.py:190} INFO - [2026-02-26T05:35:20.595+0000] {dag.py:4180} INFO - Setting next_dagrun for example_trigger_target_dag to None, run_after=None
[2026-02-26T05:35:20.612+0000] {processor.py:208} INFO - Processing /home/ubuntu/airflow-venv/lib/python3.12/site-packages/airflow/example_dags/example_trigger_target_dag.py took 0.044 seconds
[2026-02-26T05:36:15.834+0000] {processor.py:186} INFO - Started process (PID=3377) to work on /home/ubuntu/airflow-venv/lib/python3.12/site-packages/airflow/example_dags/example_trigger_target_dag.py
[2026-02-26T05:36:15.835+0000] {processor.py:914} INFO - Processing file /home/ubuntu/airflow-venv/lib/python3.12/site-packages/airflow/example_dags/example_trigger_target_dag.py for tasks to queue
[2026-02-26T05:36:15.837+0000] {logging_mixin.py:190} INFO - [2026-02-26T05:36:15.837+0000] {dagbag.py:588} INFO - Filling up the DagBag from /home/ubuntu/airflow-venv/lib/python3.12/site-packages/airflow/example_dags/example_trigger_target_dag.py
[2026-02-26T05:36:15.842+0000] {processor.py:925} INFO - DAG(s) 'example_trigger_target_dag' retrieved from /home/ubuntu/airflow-venv/lib/python3.12/site-packages/airflow/example_dags/example_trigger_target_dag.py
[2026-02-26T05:36:15.850+0000] {logging_mixin.py:190} INFO - [2026-02-26T05:36:15.850+0000] {dag.py:3239} INFO - Sync 1 DAGs
[2026-02-26T05:36:15.858+0000] {logging_mixin.py:190} INFO - [2026-02-26T05:36:15.858+0000] {dag.py:4180} INFO - Setting next_dagrun for example_trigger_target_dag to None, run_after=None
[2026-02-26T05:36:15.874+0000] {processor.py:208} INFO - Processing /home/ubuntu/airflow-venv/lib/python3.12/site-packages/airflow/example_dags/example_trigger_target_dag.py took 0.043 seconds
[2026-02-26T05:37:06.020+0000] {processor.py:186} INFO - Started process (PID=3431) to work on /home/ubuntu/airflow-venv/lib/python3.12/site-packages/airflow/example_dags/example_trigger_target_dag.py
[2026-02-26T05:37:06.021+0000] {processor.py:914} INFO - Processing file /home/ubuntu/airflow-venv/lib/python3.12/site-packages/airflow/example_dags/example_trigger_target_dag.py for tasks to queue
[2026-02-26T05:37:06.023+0000] {logging_mixin.py:190} INFO - [2026-02-26T05:37:06.022+0000] {dagbag.py:588} INFO - Filling up the DagBag from /home/ubuntu/airflow-venv/lib/python3.12/site-packages/airflow/example_dags/example_trigger_target_dag.py
[2026-02-26T05:37:06.028+0000] {processor.py:925} INFO - DAG(s) 'example_trigger_target_dag' retrieved from /home/ubuntu/airflow-venv/lib/python3.12/site-packages/airflow/example_dags/example_trigger_target_dag.py
[2026-02-26T05:37:06.036+0000] {logging_mixin.py:190} INFO - [2026-02-26T05:37:06.036+0000] {dag.py:3239} INFO - Sync 1 DAGs
[2026-02-26T05:37:06.044+0000] {logging_mixin.py:190} INFO - [2026-02-26T05:37:06.043+0000] {dag.py:4180} INFO - Setting next_dagrun for example_trigger_target_dag to None, run_after=None
[2026-02-26T05:37:06.060+0000] {processor.py:208} INFO - Processing /home/ubuntu/airflow-venv/lib/python3.12/site-packages/airflow/example_dags/example_trigger_target_dag.py took 0.043 seconds
[2026-02-26T05:37:53.956+0000] {processor.py:186} INFO - Started process (PID=3481) to work on /home/ubuntu/airflow-venv/lib/python3.12/site-packages/airflow/example_dags/example_trigger_target_dag.py
[2026-02-26T05:37:53.957+0000] {processor.py:914} INFO - Processing file /home/ubuntu/airflow-venv/lib/python3.12/site-packages/airflow/example_dags/example_trigger_target_dag.py for tasks to queue
[2026-02-26T05:37:53.959+0000] {logging_mixin.py:190} INFO - [2026-02-26T05:37:53.959+0000] {dagbag.py:588} INFO - Filling up the DagBag from /home/ubuntu/airflow-venv/lib/python3.12/site-packages/airflow/example_dags/example_trigger_target_dag.py
[2026-02-26T05:37:53.964+0000] {processor.py:925} INFO - DAG(s) 'example_trigger_target_dag' retrieved from /home/ubuntu/airflow-venv/lib/python3.12/site-packages/airflow/example_dags/example_trigger_target_dag.py
[2026-02-26T05:37:53.973+0000] {logging_mixin.py:190} INFO - [2026-02-26T05:37:53.973+0000] {dag.py:3239} INFO - Sync 1 DAGs
[2026-02-26T05:37:53.981+0000] {logging_mixin.py:190} INFO - [2026-02-26T05:37:53.981+0000] {dag.py:4180} INFO - Setting next_dagrun for example_trigger_target_dag to None, run_after=None
[2026-02-26T05:37:53.997+0000] {processor.py:208} INFO - Processing /home/ubuntu/airflow-venv/lib/python3.12/site-packages/airflow/example_dags/example_trigger_target_dag.py took 0.045 seconds
[2026-02-26T05:38:45.310+0000] {processor.py:186} INFO - Started process (PID=3535) to work on /home/ubuntu/airflow-venv/lib/python3.12/site-packages/airflow/example_dags/example_trigger_target_dag.py
[2026-02-26T05:38:45.311+0000] {processor.py:914} INFO - Processing file /home/ubuntu/airflow-venv/lib/python3.12/site-packages/airflow/example_dags/example_trigger_target_dag.py for tasks to queue
[2026-02-26T05:38:45.313+0000] {logging_mixin.py:190} INFO - [2026-02-26T05:38:45.312+0000] {dagbag.py:588} INFO - Filling up the DagBag from /home/ubuntu/airflow-venv/lib/python3.12/site-packages/airflow/example_dags/example_trigger_target_dag.py
[2026-02-26T05:38:45.317+0000] {processor.py:925} INFO - DAG(s) 'example_trigger_target_dag' retrieved from /home/ubuntu/airflow-venv/lib/python3.12/site-packages/airflow/example_dags/example_trigger_target_dag.py
[2026-02-26T05:38:45.326+0000] {logging_mixin.py:190} INFO - [2026-02-26T05:38:45.326+0000] {dag.py:3239} INFO - Sync 1 DAGs
[2026-02-26T05:38:45.333+0000] {logging_mixin.py:190} INFO - [2026-02-26T05:38:45.333+0000] {dag.py:4180} INFO - Setting next_dagrun for example_trigger_target_dag to None, run_after=None
[2026-02-26T05:38:45.350+0000] {processor.py:208} INFO - Processing /home/ubuntu/airflow-venv/lib/python3.12/site-packages/airflow/example_dags/example_trigger_target_dag.py took 0.043 seconds
[2026-02-26T05:39:35.351+0000] {processor.py:186} INFO - Started process (PID=3587) to work on /home/ubuntu/airflow-venv/lib/python3.12/site-packages/airflow/example_dags/example_trigger_target_dag.py
[2026-02-26T05:39:35.352+0000] {processor.py:914} INFO - Processing file /home/ubuntu/airflow-venv/lib/python3.12/site-packages/airflow/example_dags/example_trigger_target_dag.py for tasks to queue
[2026-02-26T05:39:35.354+0000] {logging_mixin.py:190} INFO - [2026-02-26T05:39:35.353+0000] {dagbag.py:588} INFO - Filling up the DagBag from /home/ubuntu/airflow-venv/lib/python3.12/site-packages/airflow/example_dags/example_trigger_target_dag.py
[2026-02-26T05:39:35.359+0000] {processor.py:925} INFO - DAG(s) 'example_trigger_target_dag' retrieved from /home/ubuntu/airflow-venv/lib/python3.12/site-packages/airflow/example_dags/example_trigger_target_dag.py
[2026-02-26T05:39:35.368+0000] {logging_mixin.py:190} INFO - [2026-02-26T05:39:35.368+0000] {dag.py:3239} INFO - Sync 1 DAGs
[2026-02-26T05:39:35.375+0000] {logging_mixin.py:190} INFO - [2026-02-26T05:39:35.375+0000] {dag.py:4180} INFO - Setting next_dagrun for example_trigger_target_dag to None, run_after=None
[2026-02-26T05:39:35.391+0000] {processor.py:208} INFO - Processing /home/ubuntu/airflow-venv/lib/python3.12/site-packages/airflow/example_dags/example_trigger_target_dag.py took 0.044 seconds
[2026-02-26T05:40:22.921+0000] {processor.py:186} INFO - Started process (PID=3644) to work on /home/ubuntu/airflow-venv/lib/python3.12/site-packages/airflow/example_dags/example_trigger_target_dag.py
[2026-02-26T05:40:22.922+0000] {processor.py:914} INFO - Processing file /home/ubuntu/airflow-venv/lib/python3.12/site-packages/airflow/example_dags/example_trigger_target_dag.py for tasks to queue
[2026-02-26T05:40:22.924+0000] {logging_mixin.py:190} INFO - [2026-02-26T05:40:22.923+0000] {dagbag.py:588} INFO - Filling up the DagBag from /home/ubuntu/airflow-venv/lib/python3.12/site-packages/airflow/example_dags/example_trigger_target_dag.py
[2026-02-26T05:40:22.929+0000] {processor.py:925} INFO - DAG(s) 'example_trigger_target_dag' retrieved from /home/ubuntu/airflow-venv/lib/python3.12/site-packages/airflow/example_dags/example_trigger_target_dag.py
[2026-02-26T05:40:22.938+0000] {logging_mixin.py:190} INFO - [2026-02-26T05:40:22.938+0000] {dag.py:3239} INFO - Sync 1 DAGs
[2026-02-26T05:40:22.945+0000] {logging_mixin.py:190} INFO - [2026-02-26T05:40:22.945+0000] {dag.py:4180} INFO - Setting next_dagrun for example_trigger_target_dag to None, run_after=None
[2026-02-26T05:40:22.961+0000] {processor.py:208} INFO - Processing /home/ubuntu/airflow-venv/lib/python3.12/site-packages/airflow/example_dags/example_trigger_target_dag.py took 0.043 seconds
[2026-02-26T05:41:12.554+0000] {processor.py:186} INFO - Started process (PID=3695) to work on /home/ubuntu/airflow-venv/lib/python3.12/site-packages/airflow/example_dags/example_trigger_target_dag.py
[2026-02-26T05:41:12.555+0000] {processor.py:914} INFO - Processing file /home/ubuntu/airflow-venv/lib/python3.12/site-packages/airflow/example_dags/example_trigger_target_dag.py for tasks to queue
[2026-02-26T05:41:12.557+0000] {logging_mixin.py:190} INFO - [2026-02-26T05:41:12.557+0000] {dagbag.py:588} INFO - Filling up the DagBag from /home/ubuntu/airflow-venv/lib/python3.12/site-packages/airflow/example_dags/example_trigger_target_dag.py
[2026-02-26T05:41:12.562+0000] {processor.py:925} INFO - DAG(s) 'example_trigger_target_dag' retrieved from /home/ubuntu/airflow-venv/lib/python3.12/site-packages/airflow/example_dags/example_trigger_target_dag.py
[2026-02-26T05:41:12.572+0000] {logging_mixin.py:190} INFO - [2026-02-26T05:41:12.572+0000] {dag.py:3239} INFO - Sync 1 DAGs
[2026-02-26T05:41:12.579+0000] {logging_mixin.py:190} INFO - [2026-02-26T05:41:12.579+0000] {dag.py:4180} INFO - Setting next_dagrun for example_trigger_target_dag to None, run_after=None
[2026-02-26T05:41:12.595+0000] {processor.py:208} INFO - Processing /home/ubuntu/airflow-venv/lib/python3.12/site-packages/airflow/example_dags/example_trigger_target_dag.py took 0.045 seconds
[2026-02-26T05:42:01.623+0000] {processor.py:186} INFO - Started process (PID=3747) to work on /home/ubuntu/airflow-venv/lib/python3.12/site-packages/airflow/example_dags/example_trigger_target_dag.py
[2026-02-26T05:42:01.624+0000] {processor.py:914} INFO - Processing file /home/ubuntu/airflow-venv/lib/python3.12/site-packages/airflow/example_dags/example_trigger_target_dag.py for tasks to queue
[2026-02-26T05:42:01.626+0000] {logging_mixin.py:190} INFO - [2026-02-26T05:42:01.625+0000] {dagbag.py:588} INFO - Filling up the DagBag from /home/ubuntu/airflow-venv/lib/python3.12/site-packages/airflow/example_dags/example_trigger_target_dag.py
[2026-02-26T05:42:01.630+0000] {processor.py:925} INFO - DAG(s) 'example_trigger_target_dag' retrieved from /home/ubuntu/airflow-venv/lib/python3.12/site-packages/airflow/example_dags/example_trigger_target_dag.py
[2026-02-26T05:42:01.640+0000] {logging_mixin.py:190} INFO - [2026-02-26T05:42:01.640+0000] {dag.py:3239} INFO - Sync 1 DAGs
[2026-02-26T05:42:01.647+0000] {logging_mixin.py:190} INFO - [2026-02-26T05:42:01.647+0000] {dag.py:4180} INFO - Setting next_dagrun for example_trigger_target_dag to None, run_after=None
[2026-02-26T05:42:01.664+0000] {processor.py:208} INFO - Processing /home/ubuntu/airflow-venv/lib/python3.12/site-packages/airflow/example_dags/example_trigger_target_dag.py took 0.044 seconds
[2026-02-26T05:42:50.077+0000] {processor.py:186} INFO - Started process (PID=3798) to work on /home/ubuntu/airflow-venv/lib/python3.12/site-packages/airflow/example_dags/example_trigger_target_dag.py
[2026-02-26T05:42:50.078+0000] {processor.py:914} INFO - Processing file /home/ubuntu/airflow-venv/lib/python3.12/site-packages/airflow/example_dags/example_trigger_target_dag.py for tasks to queue
[2026-02-26T05:42:50.079+0000] {logging_mixin.py:190} INFO - [2026-02-26T05:42:50.079+0000] {dagbag.py:588} INFO - Filling up the DagBag from /home/ubuntu/airflow-venv/lib/python3.12/site-packages/airflow/example_dags/example_trigger_target_dag.py
[2026-02-26T05:42:50.084+0000] {processor.py:925} INFO - DAG(s) 'example_trigger_target_dag' retrieved from /home/ubuntu/airflow-venv/lib/python3.12/site-packages/airflow/example_dags/example_trigger_target_dag.py
[2026-02-26T05:42:50.094+0000] {logging_mixin.py:190} INFO - [2026-02-26T05:42:50.094+0000] {dag.py:3239} INFO - Sync 1 DAGs
[2026-02-26T05:42:50.101+0000] {logging_mixin.py:190} INFO - [2026-02-26T05:42:50.101+0000] {dag.py:4180} INFO - Setting next_dagrun for example_trigger_target_dag to None, run_after=None
[2026-02-26T05:42:50.118+0000] {processor.py:208} INFO - Processing /home/ubuntu/airflow-venv/lib/python3.12/site-packages/airflow/example_dags/example_trigger_target_dag.py took 0.045 seconds
[2026-02-26T05:43:39.476+0000] {processor.py:186} INFO - Started process (PID=3849) to work on /home/ubuntu/airflow-venv/lib/python3.12/site-packages/airflow/example_dags/example_trigger_target_dag.py
[2026-02-26T05:43:39.477+0000] {processor.py:914} INFO - Processing file /home/ubuntu/airflow-venv/lib/python3.12/site-packages/airflow/example_dags/example_trigger_target_dag.py for tasks to queue
[2026-02-26T05:43:39.478+0000] {logging_mixin.py:190} INFO - [2026-02-26T05:43:39.478+0000] {dagbag.py:588} INFO - Filling up the DagBag from /home/ubuntu/airflow-venv/lib/python3.12/site-packages/airflow/example_dags/example_trigger_target_dag.py
[2026-02-26T05:43:39.483+0000] {processor.py:925} INFO - DAG(s) 'example_trigger_target_dag' retrieved from /home/ubuntu/airflow-venv/lib/python3.12/site-packages/airflow/example_dags/example_trigger_target_dag.py
[2026-02-26T05:43:39.492+0000] {logging_mixin.py:190} INFO - [2026-02-26T05:43:39.492+0000] {dag.py:3239} INFO - Sync 1 DAGs
[2026-02-26T05:43:39.499+0000] {logging_mixin.py:190} INFO - [2026-02-26T05:43:39.499+0000] {dag.py:4180} INFO - Setting next_dagrun for example_trigger_target_dag to None, run_after=None
[2026-02-26T05:43:39.515+0000] {processor.py:208} INFO - Processing /home/ubuntu/airflow-venv/lib/python3.12/site-packages/airflow/example_dags/example_trigger_target_dag.py took 0.042 seconds
[2026-02-26T05:44:29.356+0000] {processor.py:186} INFO - Started process (PID=3902) to work on /home/ubuntu/airflow-venv/lib/python3.12/site-packages/airflow/example_dags/example_trigger_target_dag.py
[2026-02-26T05:44:29.357+0000] {processor.py:914} INFO - Processing file /home/ubuntu/airflow-venv/lib/python3.12/site-packages/airflow/example_dags/example_trigger_target_dag.py for tasks to queue
[2026-02-26T05:44:29.358+0000] {logging_mixin.py:190} INFO - [2026-02-26T05:44:29.358+0000] {dagbag.py:588} INFO - Filling up the DagBag from /home/ubuntu/airflow-venv/lib/python3.12/site-packages/airflow/example_dags/example_trigger_target_dag.py
[2026-02-26T05:44:29.364+0000] {processor.py:925} INFO - DAG(s) 'example_trigger_target_dag' retrieved from /home/ubuntu/airflow-venv/lib/python3.12/site-packages/airflow/example_dags/example_trigger_target_dag.py
[2026-02-26T05:44:29.372+0000] {logging_mixin.py:190} INFO - [2026-02-26T05:44:29.372+0000] {dag.py:3239} INFO - Sync 1 DAGs
[2026-02-26T05:44:29.379+0000] {logging_mixin.py:190} INFO - [2026-02-26T05:44:29.379+0000] {dag.py:4180} INFO - Setting next_dagrun for example_trigger_target_dag to None, run_after=None
[2026-02-26T05:44:29.395+0000] {processor.py:208} INFO - Processing /home/ubuntu/airflow-venv/lib/python3.12/site-packages/airflow/example_dags/example_trigger_target_dag.py took 0.042 seconds
[2026-02-26T06:13:45.391+0000] {processor.py:186} INFO - Started process (PID=2697) to work on /home/ubuntu/airflow-venv/lib/python3.12/site-packages/airflow/example_dags/example_trigger_target_dag.py
[2026-02-26T06:13:45.393+0000] {processor.py:914} INFO - Processing file /home/ubuntu/airflow-venv/lib/python3.12/site-packages/airflow/example_dags/example_trigger_target_dag.py for tasks to queue
[2026-02-26T06:13:45.394+0000] {logging_mixin.py:190} INFO - [2026-02-26T06:13:45.394+0000] {dagbag.py:588} INFO - Filling up the DagBag from /home/ubuntu/airflow-venv/lib/python3.12/site-packages/airflow/example_dags/example_trigger_target_dag.py
[2026-02-26T06:13:45.399+0000] {processor.py:925} INFO - DAG(s) 'example_trigger_target_dag' retrieved from /home/ubuntu/airflow-venv/lib/python3.12/site-packages/airflow/example_dags/example_trigger_target_dag.py
[2026-02-26T06:13:45.411+0000] {logging_mixin.py:190} INFO - [2026-02-26T06:13:45.411+0000] {dag.py:3239} INFO - Sync 1 DAGs
[2026-02-26T06:13:45.419+0000] {logging_mixin.py:190} INFO - [2026-02-26T06:13:45.419+0000] {dag.py:4180} INFO - Setting next_dagrun for example_trigger_target_dag to None, run_after=None
[2026-02-26T06:13:45.435+0000] {processor.py:208} INFO - Processing /home/ubuntu/airflow-venv/lib/python3.12/site-packages/airflow/example_dags/example_trigger_target_dag.py took 0.048 seconds
[2026-02-26T06:14:45.196+0000] {processor.py:186} INFO - Started process (PID=2761) to work on /home/ubuntu/airflow-venv/lib/python3.12/site-packages/airflow/example_dags/example_trigger_target_dag.py
[2026-02-26T06:14:45.198+0000] {processor.py:914} INFO - Processing file /home/ubuntu/airflow-venv/lib/python3.12/site-packages/airflow/example_dags/example_trigger_target_dag.py for tasks to queue
[2026-02-26T06:14:45.199+0000] {logging_mixin.py:190} INFO - [2026-02-26T06:14:45.199+0000] {dagbag.py:588} INFO - Filling up the DagBag from /home/ubuntu/airflow-venv/lib/python3.12/site-packages/airflow/example_dags/example_trigger_target_dag.py
[2026-02-26T06:14:45.205+0000] {processor.py:925} INFO - DAG(s) 'example_trigger_target_dag' retrieved from /home/ubuntu/airflow-venv/lib/python3.12/site-packages/airflow/example_dags/example_trigger_target_dag.py
[2026-02-26T06:14:45.214+0000] {logging_mixin.py:190} INFO - [2026-02-26T06:14:45.214+0000] {dag.py:3239} INFO - Sync 1 DAGs
[2026-02-26T06:14:45.222+0000] {logging_mixin.py:190} INFO - [2026-02-26T06:14:45.222+0000] {dag.py:4180} INFO - Setting next_dagrun for example_trigger_target_dag to None, run_after=None
[2026-02-26T06:14:45.240+0000] {processor.py:208} INFO - Processing /home/ubuntu/airflow-venv/lib/python3.12/site-packages/airflow/example_dags/example_trigger_target_dag.py took 0.048 seconds
[2026-02-26T06:15:43.189+0000] {processor.py:186} INFO - Started process (PID=2828) to work on /home/ubuntu/airflow-venv/lib/python3.12/site-packages/airflow/example_dags/example_trigger_target_dag.py
[2026-02-26T06:15:43.190+0000] {processor.py:914} INFO - Processing file /home/ubuntu/airflow-venv/lib/python3.12/site-packages/airflow/example_dags/example_trigger_target_dag.py for tasks to queue
[2026-02-26T06:15:43.191+0000] {logging_mixin.py:190} INFO - [2026-02-26T06:15:43.191+0000] {dagbag.py:588} INFO - Filling up the DagBag from /home/ubuntu/airflow-venv/lib/python3.12/site-packages/airflow/example_dags/example_trigger_target_dag.py
[2026-02-26T06:15:43.196+0000] {processor.py:925} INFO - DAG(s) 'example_trigger_target_dag' retrieved from /home/ubuntu/airflow-venv/lib/python3.12/site-packages/airflow/example_dags/example_trigger_target_dag.py
[2026-02-26T06:15:43.206+0000] {logging_mixin.py:190} INFO - [2026-02-26T06:15:43.206+0000] {dag.py:3239} INFO - Sync 1 DAGs
[2026-02-26T06:15:43.213+0000] {logging_mixin.py:190} INFO - [2026-02-26T06:15:43.213+0000] {dag.py:4180} INFO - Setting next_dagrun for example_trigger_target_dag to None, run_after=None
[2026-02-26T06:15:43.231+0000] {processor.py:208} INFO - Processing /home/ubuntu/airflow-venv/lib/python3.12/site-packages/airflow/example_dags/example_trigger_target_dag.py took 0.045 seconds
[2026-02-26T06:16:35.709+0000] {processor.py:186} INFO - Started process (PID=2884) to work on /home/ubuntu/airflow-venv/lib/python3.12/site-packages/airflow/example_dags/example_trigger_target_dag.py
[2026-02-26T06:16:35.711+0000] {processor.py:914} INFO - Processing file /home/ubuntu/airflow-venv/lib/python3.12/site-packages/airflow/example_dags/example_trigger_target_dag.py for tasks to queue
[2026-02-26T06:16:35.712+0000] {logging_mixin.py:190} INFO - [2026-02-26T06:16:35.712+0000] {dagbag.py:588} INFO - Filling up the DagBag from /home/ubuntu/airflow-venv/lib/python3.12/site-packages/airflow/example_dags/example_trigger_target_dag.py
[2026-02-26T06:16:35.717+0000] {processor.py:925} INFO - DAG(s) 'example_trigger_target_dag' retrieved from /home/ubuntu/airflow-venv/lib/python3.12/site-packages/airflow/example_dags/example_trigger_target_dag.py
[2026-02-26T06:16:35.727+0000] {logging_mixin.py:190} INFO - [2026-02-26T06:16:35.726+0000] {dag.py:3239} INFO - Sync 1 DAGs
[2026-02-26T06:16:35.734+0000] {logging_mixin.py:190} INFO - [2026-02-26T06:16:35.734+0000] {dag.py:4180} INFO - Setting next_dagrun for example_trigger_target_dag to None, run_after=None
[2026-02-26T06:16:35.751+0000] {processor.py:208} INFO - Processing /home/ubuntu/airflow-venv/lib/python3.12/site-packages/airflow/example_dags/example_trigger_target_dag.py took 0.046 seconds
[2026-02-26T06:17:25.901+0000] {processor.py:186} INFO - Started process (PID=2939) to work on /home/ubuntu/airflow-venv/lib/python3.12/site-packages/airflow/example_dags/example_trigger_target_dag.py
[2026-02-26T06:17:25.903+0000] {processor.py:914} INFO - Processing file /home/ubuntu/airflow-venv/lib/python3.12/site-packages/airflow/example_dags/example_trigger_target_dag.py for tasks to queue
[2026-02-26T06:17:25.904+0000] {logging_mixin.py:190} INFO - [2026-02-26T06:17:25.904+0000] {dagbag.py:588} INFO - Filling up the DagBag from /home/ubuntu/airflow-venv/lib/python3.12/site-packages/airflow/example_dags/example_trigger_target_dag.py
[2026-02-26T06:17:25.909+0000] {processor.py:925} INFO - DAG(s) 'example_trigger_target_dag' retrieved from /home/ubuntu/airflow-venv/lib/python3.12/site-packages/airflow/example_dags/example_trigger_target_dag.py
[2026-02-26T06:17:25.919+0000] {logging_mixin.py:190} INFO - [2026-02-26T06:17:25.919+0000] {dag.py:3239} INFO - Sync 1 DAGs
[2026-02-26T06:17:25.927+0000] {logging_mixin.py:190} INFO - [2026-02-26T06:17:25.927+0000] {dag.py:4180} INFO - Setting next_dagrun for example_trigger_target_dag to None, run_after=None
[2026-02-26T06:17:25.943+0000] {processor.py:208} INFO - Processing /home/ubuntu/airflow-venv/lib/python3.12/site-packages/airflow/example_dags/example_trigger_target_dag.py took 0.046 seconds
[2026-02-26T06:18:14.978+0000] {processor.py:186} INFO - Started process (PID=2991) to work on /home/ubuntu/airflow-venv/lib/python3.12/site-packages/airflow/example_dags/example_trigger_target_dag.py
[2026-02-26T06:18:14.979+0000] {processor.py:914} INFO - Processing file /home/ubuntu/airflow-venv/lib/python3.12/site-packages/airflow/example_dags/example_trigger_target_dag.py for tasks to queue
[2026-02-26T06:18:14.981+0000] {logging_mixin.py:190} INFO - [2026-02-26T06:18:14.980+0000] {dagbag.py:588} INFO - Filling up the DagBag from /home/ubuntu/airflow-venv/lib/python3.12/site-packages/airflow/example_dags/example_trigger_target_dag.py
[2026-02-26T06:18:14.986+0000] {processor.py:925} INFO - DAG(s) 'example_trigger_target_dag' retrieved from /home/ubuntu/airflow-venv/lib/python3.12/site-packages/airflow/example_dags/example_trigger_target_dag.py
[2026-02-26T06:18:14.996+0000] {logging_mixin.py:190} INFO - [2026-02-26T06:18:14.995+0000] {dag.py:3239} INFO - Sync 1 DAGs
[2026-02-26T06:18:15.003+0000] {logging_mixin.py:190} INFO - [2026-02-26T06:18:15.003+0000] {dag.py:4180} INFO - Setting next_dagrun for example_trigger_target_dag to None, run_after=None
[2026-02-26T06:18:15.020+0000] {processor.py:208} INFO - Processing /home/ubuntu/airflow-venv/lib/python3.12/site-packages/airflow/example_dags/example_trigger_target_dag.py took 0.046 seconds
[2026-02-26T06:19:10.687+0000] {processor.py:186} INFO - Started process (PID=3045) to work on /home/ubuntu/airflow-venv/lib/python3.12/site-packages/airflow/example_dags/example_trigger_target_dag.py
[2026-02-26T06:19:10.688+0000] {processor.py:914} INFO - Processing file /home/ubuntu/airflow-venv/lib/python3.12/site-packages/airflow/example_dags/example_trigger_target_dag.py for tasks to queue
[2026-02-26T06:19:10.690+0000] {logging_mixin.py:190} INFO - [2026-02-26T06:19:10.689+0000] {dagbag.py:588} INFO - Filling up the DagBag from /home/ubuntu/airflow-venv/lib/python3.12/site-packages/airflow/example_dags/example_trigger_target_dag.py
[2026-02-26T06:19:10.695+0000] {processor.py:925} INFO - DAG(s) 'example_trigger_target_dag' retrieved from /home/ubuntu/airflow-venv/lib/python3.12/site-packages/airflow/example_dags/example_trigger_target_dag.py
[2026-02-26T06:19:10.777+0000] {logging_mixin.py:190} INFO - [2026-02-26T06:19:10.777+0000] {dag.py:3239} INFO - Sync 1 DAGs
[2026-02-26T06:19:10.783+0000] {logging_mixin.py:190} INFO - [2026-02-26T06:19:10.783+0000] {dag.py:4180} INFO - Setting next_dagrun for example_trigger_target_dag to None, run_after=None
[2026-02-26T06:19:10.798+0000] {processor.py:208} INFO - Processing /home/ubuntu/airflow-venv/lib/python3.12/site-packages/airflow/example_dags/example_trigger_target_dag.py took 0.115 seconds
[2026-02-26T06:20:07.648+0000] {processor.py:186} INFO - Started process (PID=3102) to work on /home/ubuntu/airflow-venv/lib/python3.12/site-packages/airflow/example_dags/example_trigger_target_dag.py
[2026-02-26T06:20:07.649+0000] {processor.py:914} INFO - Processing file /home/ubuntu/airflow-venv/lib/python3.12/site-packages/airflow/example_dags/example_trigger_target_dag.py for tasks to queue
[2026-02-26T06:20:07.651+0000] {logging_mixin.py:190} INFO - [2026-02-26T06:20:07.651+0000] {dagbag.py:588} INFO - Filling up the DagBag from /home/ubuntu/airflow-venv/lib/python3.12/site-packages/airflow/example_dags/example_trigger_target_dag.py
[2026-02-26T06:20:07.656+0000] {processor.py:925} INFO - DAG(s) 'example_trigger_target_dag' retrieved from /home/ubuntu/airflow-venv/lib/python3.12/site-packages/airflow/example_dags/example_trigger_target_dag.py
[2026-02-26T06:20:07.666+0000] {logging_mixin.py:190} INFO - [2026-02-26T06:20:07.666+0000] {dag.py:3239} INFO - Sync 1 DAGs
[2026-02-26T06:20:07.675+0000] {logging_mixin.py:190} INFO - [2026-02-26T06:20:07.675+0000] {dag.py:4180} INFO - Setting next_dagrun for example_trigger_target_dag to None, run_after=None
[2026-02-26T06:20:07.693+0000] {processor.py:208} INFO - Processing /home/ubuntu/airflow-venv/lib/python3.12/site-packages/airflow/example_dags/example_trigger_target_dag.py took 0.048 seconds
[2026-02-26T06:20:58.380+0000] {processor.py:186} INFO - Started process (PID=3159) to work on /home/ubuntu/airflow-venv/lib/python3.12/site-packages/airflow/example_dags/example_trigger_target_dag.py
[2026-02-26T06:20:58.382+0000] {processor.py:914} INFO - Processing file /home/ubuntu/airflow-venv/lib/python3.12/site-packages/airflow/example_dags/example_trigger_target_dag.py for tasks to queue
[2026-02-26T06:20:58.384+0000] {logging_mixin.py:190} INFO - [2026-02-26T06:20:58.383+0000] {dagbag.py:588} INFO - Filling up the DagBag from /home/ubuntu/airflow-venv/lib/python3.12/site-packages/airflow/example_dags/example_trigger_target_dag.py
[2026-02-26T06:20:58.389+0000] {processor.py:925} INFO - DAG(s) 'example_trigger_target_dag' retrieved from /home/ubuntu/airflow-venv/lib/python3.12/site-packages/airflow/example_dags/example_trigger_target_dag.py
[2026-02-26T06:20:58.399+0000] {logging_mixin.py:190} INFO - [2026-02-26T06:20:58.399+0000] {dag.py:3239} INFO - Sync 1 DAGs
[2026-02-26T06:20:58.406+0000] {logging_mixin.py:190} INFO - [2026-02-26T06:20:58.406+0000] {dag.py:4180} INFO - Setting next_dagrun for example_trigger_target_dag to None, run_after=None
[2026-02-26T06:20:58.424+0000] {processor.py:208} INFO - Processing /home/ubuntu/airflow-venv/lib/python3.12/site-packages/airflow/example_dags/example_trigger_target_dag.py took 0.047 seconds
[2026-02-26T06:21:44.516+0000] {processor.py:186} INFO - Started process (PID=3209) to work on /home/ubuntu/airflow-venv/lib/python3.12/site-packages/airflow/example_dags/example_trigger_target_dag.py
[2026-02-26T06:21:44.517+0000] {processor.py:914} INFO - Processing file /home/ubuntu/airflow-venv/lib/python3.12/site-packages/airflow/example_dags/example_trigger_target_dag.py for tasks to queue
[2026-02-26T06:21:44.519+0000] {logging_mixin.py:190} INFO - [2026-02-26T06:21:44.519+0000] {dagbag.py:588} INFO - Filling up the DagBag from /home/ubuntu/airflow-venv/lib/python3.12/site-packages/airflow/example_dags/example_trigger_target_dag.py
[2026-02-26T06:21:44.524+0000] {processor.py:925} INFO - DAG(s) 'example_trigger_target_dag' retrieved from /home/ubuntu/airflow-venv/lib/python3.12/site-packages/airflow/example_dags/example_trigger_target_dag.py
[2026-02-26T06:21:44.534+0000] {logging_mixin.py:190} INFO - [2026-02-26T06:21:44.534+0000] {dag.py:3239} INFO - Sync 1 DAGs
[2026-02-26T06:21:44.542+0000] {logging_mixin.py:190} INFO - [2026-02-26T06:21:44.542+0000] {dag.py:4180} INFO - Setting next_dagrun for example_trigger_target_dag to None, run_after=None
[2026-02-26T06:21:44.559+0000] {processor.py:208} INFO - Processing /home/ubuntu/airflow-venv/lib/python3.12/site-packages/airflow/example_dags/example_trigger_target_dag.py took 0.047 seconds
[2026-02-26T06:22:32.598+0000] {processor.py:186} INFO - Started process (PID=3260) to work on /home/ubuntu/airflow-venv/lib/python3.12/site-packages/airflow/example_dags/example_trigger_target_dag.py
[2026-02-26T06:22:32.599+0000] {processor.py:914} INFO - Processing file /home/ubuntu/airflow-venv/lib/python3.12/site-packages/airflow/example_dags/example_trigger_target_dag.py for tasks to queue
[2026-02-26T06:22:32.601+0000] {logging_mixin.py:190} INFO - [2026-02-26T06:22:32.601+0000] {dagbag.py:588} INFO - Filling up the DagBag from /home/ubuntu/airflow-venv/lib/python3.12/site-packages/airflow/example_dags/example_trigger_target_dag.py
[2026-02-26T06:22:32.607+0000] {processor.py:925} INFO - DAG(s) 'example_trigger_target_dag' retrieved from /home/ubuntu/airflow-venv/lib/python3.12/site-packages/airflow/example_dags/example_trigger_target_dag.py
[2026-02-26T06:22:32.617+0000] {logging_mixin.py:190} INFO - [2026-02-26T06:22:32.617+0000] {dag.py:3239} INFO - Sync 1 DAGs
[2026-02-26T06:22:32.625+0000] {logging_mixin.py:190} INFO - [2026-02-26T06:22:32.625+0000] {dag.py:4180} INFO - Setting next_dagrun for example_trigger_target_dag to None, run_after=None
[2026-02-26T06:22:32.642+0000] {processor.py:208} INFO - Processing /home/ubuntu/airflow-venv/lib/python3.12/site-packages/airflow/example_dags/example_trigger_target_dag.py took 0.048 seconds
[2026-02-26T06:23:25.115+0000] {processor.py:186} INFO - Started process (PID=3314) to work on /home/ubuntu/airflow-venv/lib/python3.12/site-packages/airflow/example_dags/example_trigger_target_dag.py
[2026-02-26T06:23:25.116+0000] {processor.py:914} INFO - Processing file /home/ubuntu/airflow-venv/lib/python3.12/site-packages/airflow/example_dags/example_trigger_target_dag.py for tasks to queue
[2026-02-26T06:23:25.118+0000] {logging_mixin.py:190} INFO - [2026-02-26T06:23:25.118+0000] {dagbag.py:588} INFO - Filling up the DagBag from /home/ubuntu/airflow-venv/lib/python3.12/site-packages/airflow/example_dags/example_trigger_target_dag.py
[2026-02-26T06:23:25.123+0000] {processor.py:925} INFO - DAG(s) 'example_trigger_target_dag' retrieved from /home/ubuntu/airflow-venv/lib/python3.12/site-packages/airflow/example_dags/example_trigger_target_dag.py
[2026-02-26T06:23:25.133+0000] {logging_mixin.py:190} INFO - [2026-02-26T06:23:25.133+0000] {dag.py:3239} INFO - Sync 1 DAGs
[2026-02-26T06:23:25.141+0000] {logging_mixin.py:190} INFO - [2026-02-26T06:23:25.141+0000] {dag.py:4180} INFO - Setting next_dagrun for example_trigger_target_dag to None, run_after=None
[2026-02-26T06:23:25.158+0000] {processor.py:208} INFO - Processing /home/ubuntu/airflow-venv/lib/python3.12/site-packages/airflow/example_dags/example_trigger_target_dag.py took 0.047 seconds
[2026-02-26T06:24:17.481+0000] {processor.py:186} INFO - Started process (PID=3368) to work on /home/ubuntu/airflow-venv/lib/python3.12/site-packages/airflow/example_dags/example_trigger_target_dag.py
[2026-02-26T06:24:17.483+0000] {processor.py:914} INFO - Processing file /home/ubuntu/airflow-venv/lib/python3.12/site-packages/airflow/example_dags/example_trigger_target_dag.py for tasks to queue
[2026-02-26T06:24:17.484+0000] {logging_mixin.py:190} INFO - [2026-02-26T06:24:17.484+0000] {dagbag.py:588} INFO - Filling up the DagBag from /home/ubuntu/airflow-venv/lib/python3.12/site-packages/airflow/example_dags/example_trigger_target_dag.py
[2026-02-26T06:24:17.490+0000] {processor.py:925} INFO - DAG(s) 'example_trigger_target_dag' retrieved from /home/ubuntu/airflow-venv/lib/python3.12/site-packages/airflow/example_dags/example_trigger_target_dag.py
[2026-02-26T06:24:17.500+0000] {logging_mixin.py:190} INFO - [2026-02-26T06:24:17.500+0000] {dag.py:3239} INFO - Sync 1 DAGs
[2026-02-26T06:24:17.508+0000] {logging_mixin.py:190} INFO - [2026-02-26T06:24:17.508+0000] {dag.py:4180} INFO - Setting next_dagrun for example_trigger_target_dag to None, run_after=None
[2026-02-26T06:24:17.526+0000] {processor.py:208} INFO - Processing /home/ubuntu/airflow-venv/lib/python3.12/site-packages/airflow/example_dags/example_trigger_target_dag.py took 0.048 seconds
