[2026-02-26T05:23:13.743+0000] {processor.py:186} INFO - Started process (PID=2160) to work on /home/ubuntu/airflow-venv/lib/python3.12/site-packages/airflow/example_dags/example_dataset_alias.py
[2026-02-26T05:23:13.743+0000] {processor.py:914} INFO - Processing file /home/ubuntu/airflow-venv/lib/python3.12/site-packages/airflow/example_dags/example_dataset_alias.py for tasks to queue
[2026-02-26T05:23:13.744+0000] {logging_mixin.py:190} INFO - [2026-02-26T05:23:13.744+0000] {dagbag.py:588} INFO - Filling up the DagBag from /home/ubuntu/airflow-venv/lib/python3.12/site-packages/airflow/example_dags/example_dataset_alias.py
[2026-02-26T05:23:13.759+0000] {processor.py:925} INFO - DAG(s) 'dataset_alias_example_alias_producer', 'dataset_s3_bucket_producer', 'dataset_alias_example_alias_consumer', 'dataset_s3_bucket_consumer' retrieved from /home/ubuntu/airflow-venv/lib/python3.12/site-packages/airflow/example_dags/example_dataset_alias.py
[2026-02-26T05:23:13.770+0000] {logging_mixin.py:190} INFO - [2026-02-26T05:23:13.770+0000] {dag.py:3239} INFO - Sync 4 DAGs
[2026-02-26T05:23:13.781+0000] {logging_mixin.py:190} INFO - [2026-02-26T05:23:13.781+0000] {dag.py:4180} INFO - Setting next_dagrun for dataset_alias_example_alias_consumer to None, run_after=None
[2026-02-26T05:23:13.782+0000] {logging_mixin.py:190} INFO - [2026-02-26T05:23:13.782+0000] {dag.py:4180} INFO - Setting next_dagrun for dataset_alias_example_alias_producer to None, run_after=None
[2026-02-26T05:23:13.783+0000] {logging_mixin.py:190} INFO - [2026-02-26T05:23:13.783+0000] {dag.py:4180} INFO - Setting next_dagrun for dataset_s3_bucket_consumer to None, run_after=None
[2026-02-26T05:23:13.783+0000] {logging_mixin.py:190} INFO - [2026-02-26T05:23:13.783+0000] {dag.py:4180} INFO - Setting next_dagrun for dataset_s3_bucket_producer to None, run_after=None
[2026-02-26T05:23:13.799+0000] {processor.py:208} INFO - Processing /home/ubuntu/airflow-venv/lib/python3.12/site-packages/airflow/example_dags/example_dataset_alias.py took 0.060 seconds
[2026-02-26T05:24:06.876+0000] {processor.py:186} INFO - Started process (PID=2217) to work on /home/ubuntu/airflow-venv/lib/python3.12/site-packages/airflow/example_dags/example_dataset_alias.py
[2026-02-26T05:24:06.877+0000] {processor.py:914} INFO - Processing file /home/ubuntu/airflow-venv/lib/python3.12/site-packages/airflow/example_dags/example_dataset_alias.py for tasks to queue
[2026-02-26T05:24:06.878+0000] {logging_mixin.py:190} INFO - [2026-02-26T05:24:06.878+0000] {dagbag.py:588} INFO - Filling up the DagBag from /home/ubuntu/airflow-venv/lib/python3.12/site-packages/airflow/example_dags/example_dataset_alias.py
[2026-02-26T05:24:06.892+0000] {processor.py:925} INFO - DAG(s) 'dataset_alias_example_alias_consumer', 'dataset_s3_bucket_consumer', 'dataset_s3_bucket_producer', 'dataset_alias_example_alias_producer' retrieved from /home/ubuntu/airflow-venv/lib/python3.12/site-packages/airflow/example_dags/example_dataset_alias.py
[2026-02-26T05:24:06.903+0000] {logging_mixin.py:190} INFO - [2026-02-26T05:24:06.903+0000] {dag.py:3239} INFO - Sync 4 DAGs
[2026-02-26T05:24:06.914+0000] {logging_mixin.py:190} INFO - [2026-02-26T05:24:06.914+0000] {dag.py:4180} INFO - Setting next_dagrun for dataset_alias_example_alias_consumer to None, run_after=None
[2026-02-26T05:24:06.915+0000] {logging_mixin.py:190} INFO - [2026-02-26T05:24:06.915+0000] {dag.py:4180} INFO - Setting next_dagrun for dataset_alias_example_alias_producer to None, run_after=None
[2026-02-26T05:24:06.916+0000] {logging_mixin.py:190} INFO - [2026-02-26T05:24:06.916+0000] {dag.py:4180} INFO - Setting next_dagrun for dataset_s3_bucket_consumer to None, run_after=None
[2026-02-26T05:24:06.916+0000] {logging_mixin.py:190} INFO - [2026-02-26T05:24:06.916+0000] {dag.py:4180} INFO - Setting next_dagrun for dataset_s3_bucket_producer to None, run_after=None
[2026-02-26T05:24:06.933+0000] {processor.py:208} INFO - Processing /home/ubuntu/airflow-venv/lib/python3.12/site-packages/airflow/example_dags/example_dataset_alias.py took 0.060 seconds
[2026-02-26T05:25:02.049+0000] {processor.py:186} INFO - Started process (PID=2277) to work on /home/ubuntu/airflow-venv/lib/python3.12/site-packages/airflow/example_dags/example_dataset_alias.py
[2026-02-26T05:25:02.050+0000] {processor.py:914} INFO - Processing file /home/ubuntu/airflow-venv/lib/python3.12/site-packages/airflow/example_dags/example_dataset_alias.py for tasks to queue
[2026-02-26T05:25:02.051+0000] {logging_mixin.py:190} INFO - [2026-02-26T05:25:02.051+0000] {dagbag.py:588} INFO - Filling up the DagBag from /home/ubuntu/airflow-venv/lib/python3.12/site-packages/airflow/example_dags/example_dataset_alias.py
[2026-02-26T05:25:02.066+0000] {processor.py:925} INFO - DAG(s) 'dataset_s3_bucket_producer', 'dataset_alias_example_alias_producer', 'dataset_s3_bucket_consumer', 'dataset_alias_example_alias_consumer' retrieved from /home/ubuntu/airflow-venv/lib/python3.12/site-packages/airflow/example_dags/example_dataset_alias.py
[2026-02-26T05:25:02.077+0000] {logging_mixin.py:190} INFO - [2026-02-26T05:25:02.077+0000] {dag.py:3239} INFO - Sync 4 DAGs
[2026-02-26T05:25:02.089+0000] {logging_mixin.py:190} INFO - [2026-02-26T05:25:02.089+0000] {dag.py:4180} INFO - Setting next_dagrun for dataset_alias_example_alias_consumer to None, run_after=None
[2026-02-26T05:25:02.090+0000] {logging_mixin.py:190} INFO - [2026-02-26T05:25:02.090+0000] {dag.py:4180} INFO - Setting next_dagrun for dataset_alias_example_alias_producer to None, run_after=None
[2026-02-26T05:25:02.091+0000] {logging_mixin.py:190} INFO - [2026-02-26T05:25:02.090+0000] {dag.py:4180} INFO - Setting next_dagrun for dataset_s3_bucket_consumer to None, run_after=None
[2026-02-26T05:25:02.091+0000] {logging_mixin.py:190} INFO - [2026-02-26T05:25:02.091+0000] {dag.py:4180} INFO - Setting next_dagrun for dataset_s3_bucket_producer to None, run_after=None
[2026-02-26T05:25:02.108+0000] {processor.py:208} INFO - Processing /home/ubuntu/airflow-venv/lib/python3.12/site-packages/airflow/example_dags/example_dataset_alias.py took 0.062 seconds
[2026-02-26T05:26:14.087+0000] {processor.py:186} INFO - Started process (PID=2365) to work on /home/ubuntu/airflow-venv/lib/python3.12/site-packages/airflow/example_dags/example_dataset_alias.py
[2026-02-26T05:26:14.088+0000] {processor.py:914} INFO - Processing file /home/ubuntu/airflow-venv/lib/python3.12/site-packages/airflow/example_dags/example_dataset_alias.py for tasks to queue
[2026-02-26T05:26:14.089+0000] {logging_mixin.py:190} INFO - [2026-02-26T05:26:14.089+0000] {dagbag.py:588} INFO - Filling up the DagBag from /home/ubuntu/airflow-venv/lib/python3.12/site-packages/airflow/example_dags/example_dataset_alias.py
[2026-02-26T05:26:14.103+0000] {processor.py:925} INFO - DAG(s) 'dataset_s3_bucket_consumer', 'dataset_alias_example_alias_producer', 'dataset_alias_example_alias_consumer', 'dataset_s3_bucket_producer' retrieved from /home/ubuntu/airflow-venv/lib/python3.12/site-packages/airflow/example_dags/example_dataset_alias.py
[2026-02-26T05:26:14.115+0000] {logging_mixin.py:190} INFO - [2026-02-26T05:26:14.114+0000] {dag.py:3239} INFO - Sync 4 DAGs
[2026-02-26T05:26:14.126+0000] {logging_mixin.py:190} INFO - [2026-02-26T05:26:14.125+0000] {dag.py:4180} INFO - Setting next_dagrun for dataset_alias_example_alias_consumer to None, run_after=None
[2026-02-26T05:26:14.127+0000] {logging_mixin.py:190} INFO - [2026-02-26T05:26:14.127+0000] {dag.py:4180} INFO - Setting next_dagrun for dataset_alias_example_alias_producer to None, run_after=None
[2026-02-26T05:26:14.127+0000] {logging_mixin.py:190} INFO - [2026-02-26T05:26:14.127+0000] {dag.py:4180} INFO - Setting next_dagrun for dataset_s3_bucket_consumer to None, run_after=None
[2026-02-26T05:26:14.128+0000] {logging_mixin.py:190} INFO - [2026-02-26T05:26:14.128+0000] {dag.py:4180} INFO - Setting next_dagrun for dataset_s3_bucket_producer to None, run_after=None
[2026-02-26T05:26:14.145+0000] {processor.py:208} INFO - Processing /home/ubuntu/airflow-venv/lib/python3.12/site-packages/airflow/example_dags/example_dataset_alias.py took 0.062 seconds
[2026-02-26T05:27:28.269+0000] {processor.py:186} INFO - Started process (PID=2812) to work on /home/ubuntu/airflow-venv/lib/python3.12/site-packages/airflow/example_dags/example_dataset_alias.py
[2026-02-26T05:27:28.270+0000] {processor.py:914} INFO - Processing file /home/ubuntu/airflow-venv/lib/python3.12/site-packages/airflow/example_dags/example_dataset_alias.py for tasks to queue
[2026-02-26T05:27:28.272+0000] {logging_mixin.py:190} INFO - [2026-02-26T05:27:28.271+0000] {dagbag.py:588} INFO - Filling up the DagBag from /home/ubuntu/airflow-venv/lib/python3.12/site-packages/airflow/example_dags/example_dataset_alias.py
[2026-02-26T05:27:28.287+0000] {processor.py:925} INFO - DAG(s) 'dataset_s3_bucket_consumer', 'dataset_alias_example_alias_consumer', 'dataset_s3_bucket_producer', 'dataset_alias_example_alias_producer' retrieved from /home/ubuntu/airflow-venv/lib/python3.12/site-packages/airflow/example_dags/example_dataset_alias.py
[2026-02-26T05:27:28.298+0000] {logging_mixin.py:190} INFO - [2026-02-26T05:27:28.298+0000] {dag.py:3239} INFO - Sync 4 DAGs
[2026-02-26T05:27:28.309+0000] {logging_mixin.py:190} INFO - [2026-02-26T05:27:28.309+0000] {dag.py:4180} INFO - Setting next_dagrun for dataset_alias_example_alias_consumer to None, run_after=None
[2026-02-26T05:27:28.310+0000] {logging_mixin.py:190} INFO - [2026-02-26T05:27:28.310+0000] {dag.py:4180} INFO - Setting next_dagrun for dataset_alias_example_alias_producer to None, run_after=None
[2026-02-26T05:27:28.311+0000] {logging_mixin.py:190} INFO - [2026-02-26T05:27:28.311+0000] {dag.py:4180} INFO - Setting next_dagrun for dataset_s3_bucket_consumer to None, run_after=None
[2026-02-26T05:27:28.311+0000] {logging_mixin.py:190} INFO - [2026-02-26T05:27:28.311+0000] {dag.py:4180} INFO - Setting next_dagrun for dataset_s3_bucket_producer to None, run_after=None
[2026-02-26T05:27:28.327+0000] {processor.py:208} INFO - Processing /home/ubuntu/airflow-venv/lib/python3.12/site-packages/airflow/example_dags/example_dataset_alias.py took 0.062 seconds
[2026-02-26T05:28:43.154+0000] {processor.py:186} INFO - Started process (PID=2891) to work on /home/ubuntu/airflow-venv/lib/python3.12/site-packages/airflow/example_dags/example_dataset_alias.py
[2026-02-26T05:28:43.155+0000] {processor.py:914} INFO - Processing file /home/ubuntu/airflow-venv/lib/python3.12/site-packages/airflow/example_dags/example_dataset_alias.py for tasks to queue
[2026-02-26T05:28:43.156+0000] {logging_mixin.py:190} INFO - [2026-02-26T05:28:43.156+0000] {dagbag.py:588} INFO - Filling up the DagBag from /home/ubuntu/airflow-venv/lib/python3.12/site-packages/airflow/example_dags/example_dataset_alias.py
[2026-02-26T05:28:43.241+0000] {processor.py:925} INFO - DAG(s) 'dataset_alias_example_alias_producer', 'dataset_s3_bucket_producer', 'dataset_alias_example_alias_consumer', 'dataset_s3_bucket_consumer' retrieved from /home/ubuntu/airflow-venv/lib/python3.12/site-packages/airflow/example_dags/example_dataset_alias.py
[2026-02-26T05:28:43.251+0000] {logging_mixin.py:190} INFO - [2026-02-26T05:28:43.251+0000] {dag.py:3239} INFO - Sync 4 DAGs
[2026-02-26T05:28:43.261+0000] {logging_mixin.py:190} INFO - [2026-02-26T05:28:43.260+0000] {dag.py:4180} INFO - Setting next_dagrun for dataset_alias_example_alias_consumer to None, run_after=None
[2026-02-26T05:28:43.262+0000] {logging_mixin.py:190} INFO - [2026-02-26T05:28:43.262+0000] {dag.py:4180} INFO - Setting next_dagrun for dataset_alias_example_alias_producer to None, run_after=None
[2026-02-26T05:28:43.262+0000] {logging_mixin.py:190} INFO - [2026-02-26T05:28:43.262+0000] {dag.py:4180} INFO - Setting next_dagrun for dataset_s3_bucket_consumer to None, run_after=None
[2026-02-26T05:28:43.263+0000] {logging_mixin.py:190} INFO - [2026-02-26T05:28:43.263+0000] {dag.py:4180} INFO - Setting next_dagrun for dataset_s3_bucket_producer to None, run_after=None
[2026-02-26T05:28:43.279+0000] {processor.py:208} INFO - Processing /home/ubuntu/airflow-venv/lib/python3.12/site-packages/airflow/example_dags/example_dataset_alias.py took 0.129 seconds
[2026-02-26T05:30:01.021+0000] {processor.py:186} INFO - Started process (PID=2970) to work on /home/ubuntu/airflow-venv/lib/python3.12/site-packages/airflow/example_dags/example_dataset_alias.py
[2026-02-26T05:30:01.022+0000] {processor.py:914} INFO - Processing file /home/ubuntu/airflow-venv/lib/python3.12/site-packages/airflow/example_dags/example_dataset_alias.py for tasks to queue
[2026-02-26T05:30:01.023+0000] {logging_mixin.py:190} INFO - [2026-02-26T05:30:01.023+0000] {dagbag.py:588} INFO - Filling up the DagBag from /home/ubuntu/airflow-venv/lib/python3.12/site-packages/airflow/example_dags/example_dataset_alias.py
[2026-02-26T05:30:01.037+0000] {processor.py:925} INFO - DAG(s) 'dataset_s3_bucket_producer', 'dataset_alias_example_alias_consumer', 'dataset_alias_example_alias_producer', 'dataset_s3_bucket_consumer' retrieved from /home/ubuntu/airflow-venv/lib/python3.12/site-packages/airflow/example_dags/example_dataset_alias.py
[2026-02-26T05:30:01.048+0000] {logging_mixin.py:190} INFO - [2026-02-26T05:30:01.048+0000] {dag.py:3239} INFO - Sync 4 DAGs
[2026-02-26T05:30:01.060+0000] {logging_mixin.py:190} INFO - [2026-02-26T05:30:01.059+0000] {dag.py:4180} INFO - Setting next_dagrun for dataset_alias_example_alias_consumer to None, run_after=None
[2026-02-26T05:30:01.061+0000] {logging_mixin.py:190} INFO - [2026-02-26T05:30:01.061+0000] {dag.py:4180} INFO - Setting next_dagrun for dataset_alias_example_alias_producer to None, run_after=None
[2026-02-26T05:30:01.061+0000] {logging_mixin.py:190} INFO - [2026-02-26T05:30:01.061+0000] {dag.py:4180} INFO - Setting next_dagrun for dataset_s3_bucket_consumer to None, run_after=None
[2026-02-26T05:30:01.062+0000] {logging_mixin.py:190} INFO - [2026-02-26T05:30:01.062+0000] {dag.py:4180} INFO - Setting next_dagrun for dataset_s3_bucket_producer to None, run_after=None
[2026-02-26T05:30:01.079+0000] {processor.py:208} INFO - Processing /home/ubuntu/airflow-venv/lib/python3.12/site-packages/airflow/example_dags/example_dataset_alias.py took 0.061 seconds
[2026-02-26T05:30:54.104+0000] {processor.py:186} INFO - Started process (PID=3029) to work on /home/ubuntu/airflow-venv/lib/python3.12/site-packages/airflow/example_dags/example_dataset_alias.py
[2026-02-26T05:30:54.105+0000] {processor.py:914} INFO - Processing file /home/ubuntu/airflow-venv/lib/python3.12/site-packages/airflow/example_dags/example_dataset_alias.py for tasks to queue
[2026-02-26T05:30:54.107+0000] {logging_mixin.py:190} INFO - [2026-02-26T05:30:54.106+0000] {dagbag.py:588} INFO - Filling up the DagBag from /home/ubuntu/airflow-venv/lib/python3.12/site-packages/airflow/example_dags/example_dataset_alias.py
[2026-02-26T05:30:54.121+0000] {processor.py:925} INFO - DAG(s) 'dataset_s3_bucket_producer', 'dataset_alias_example_alias_producer', 'dataset_s3_bucket_consumer', 'dataset_alias_example_alias_consumer' retrieved from /home/ubuntu/airflow-venv/lib/python3.12/site-packages/airflow/example_dags/example_dataset_alias.py
[2026-02-26T05:30:54.133+0000] {logging_mixin.py:190} INFO - [2026-02-26T05:30:54.132+0000] {dag.py:3239} INFO - Sync 4 DAGs
[2026-02-26T05:30:54.144+0000] {logging_mixin.py:190} INFO - [2026-02-26T05:30:54.144+0000] {dag.py:4180} INFO - Setting next_dagrun for dataset_alias_example_alias_consumer to None, run_after=None
[2026-02-26T05:30:54.145+0000] {logging_mixin.py:190} INFO - [2026-02-26T05:30:54.145+0000] {dag.py:4180} INFO - Setting next_dagrun for dataset_alias_example_alias_producer to None, run_after=None
[2026-02-26T05:30:54.146+0000] {logging_mixin.py:190} INFO - [2026-02-26T05:30:54.146+0000] {dag.py:4180} INFO - Setting next_dagrun for dataset_s3_bucket_consumer to None, run_after=None
[2026-02-26T05:30:54.146+0000] {logging_mixin.py:190} INFO - [2026-02-26T05:30:54.146+0000] {dag.py:4180} INFO - Setting next_dagrun for dataset_s3_bucket_producer to None, run_after=None
[2026-02-26T05:30:54.163+0000] {processor.py:208} INFO - Processing /home/ubuntu/airflow-venv/lib/python3.12/site-packages/airflow/example_dags/example_dataset_alias.py took 0.062 seconds
[2026-02-26T05:32:09.950+0000] {processor.py:186} INFO - Started process (PID=3107) to work on /home/ubuntu/airflow-venv/lib/python3.12/site-packages/airflow/example_dags/example_dataset_alias.py
[2026-02-26T05:32:09.951+0000] {processor.py:914} INFO - Processing file /home/ubuntu/airflow-venv/lib/python3.12/site-packages/airflow/example_dags/example_dataset_alias.py for tasks to queue
[2026-02-26T05:32:09.953+0000] {logging_mixin.py:190} INFO - [2026-02-26T05:32:09.952+0000] {dagbag.py:588} INFO - Filling up the DagBag from /home/ubuntu/airflow-venv/lib/python3.12/site-packages/airflow/example_dags/example_dataset_alias.py
[2026-02-26T05:32:09.967+0000] {processor.py:925} INFO - DAG(s) 'dataset_s3_bucket_consumer', 'dataset_alias_example_alias_consumer', 'dataset_s3_bucket_producer', 'dataset_alias_example_alias_producer' retrieved from /home/ubuntu/airflow-venv/lib/python3.12/site-packages/airflow/example_dags/example_dataset_alias.py
[2026-02-26T05:32:09.978+0000] {logging_mixin.py:190} INFO - [2026-02-26T05:32:09.978+0000] {dag.py:3239} INFO - Sync 4 DAGs
[2026-02-26T05:32:09.990+0000] {logging_mixin.py:190} INFO - [2026-02-26T05:32:09.990+0000] {dag.py:4180} INFO - Setting next_dagrun for dataset_alias_example_alias_consumer to None, run_after=None
[2026-02-26T05:32:09.991+0000] {logging_mixin.py:190} INFO - [2026-02-26T05:32:09.991+0000] {dag.py:4180} INFO - Setting next_dagrun for dataset_alias_example_alias_producer to None, run_after=None
[2026-02-26T05:32:09.992+0000] {logging_mixin.py:190} INFO - [2026-02-26T05:32:09.992+0000] {dag.py:4180} INFO - Setting next_dagrun for dataset_s3_bucket_consumer to None, run_after=None
[2026-02-26T05:32:09.992+0000] {logging_mixin.py:190} INFO - [2026-02-26T05:32:09.992+0000] {dag.py:4180} INFO - Setting next_dagrun for dataset_s3_bucket_producer to None, run_after=None
[2026-02-26T05:32:10.009+0000] {processor.py:208} INFO - Processing /home/ubuntu/airflow-venv/lib/python3.12/site-packages/airflow/example_dags/example_dataset_alias.py took 0.062 seconds
[2026-02-26T05:33:24.102+0000] {processor.py:186} INFO - Started process (PID=3184) to work on /home/ubuntu/airflow-venv/lib/python3.12/site-packages/airflow/example_dags/example_dataset_alias.py
[2026-02-26T05:33:24.103+0000] {processor.py:914} INFO - Processing file /home/ubuntu/airflow-venv/lib/python3.12/site-packages/airflow/example_dags/example_dataset_alias.py for tasks to queue
[2026-02-26T05:33:24.104+0000] {logging_mixin.py:190} INFO - [2026-02-26T05:33:24.104+0000] {dagbag.py:588} INFO - Filling up the DagBag from /home/ubuntu/airflow-venv/lib/python3.12/site-packages/airflow/example_dags/example_dataset_alias.py
[2026-02-26T05:33:24.118+0000] {processor.py:925} INFO - DAG(s) 'dataset_s3_bucket_producer', 'dataset_alias_example_alias_consumer', 'dataset_alias_example_alias_producer', 'dataset_s3_bucket_consumer' retrieved from /home/ubuntu/airflow-venv/lib/python3.12/site-packages/airflow/example_dags/example_dataset_alias.py
[2026-02-26T05:33:24.130+0000] {logging_mixin.py:190} INFO - [2026-02-26T05:33:24.130+0000] {dag.py:3239} INFO - Sync 4 DAGs
[2026-02-26T05:33:24.141+0000] {logging_mixin.py:190} INFO - [2026-02-26T05:33:24.141+0000] {dag.py:4180} INFO - Setting next_dagrun for dataset_alias_example_alias_consumer to None, run_after=None
[2026-02-26T05:33:24.143+0000] {logging_mixin.py:190} INFO - [2026-02-26T05:33:24.143+0000] {dag.py:4180} INFO - Setting next_dagrun for dataset_alias_example_alias_producer to None, run_after=None
[2026-02-26T05:33:24.143+0000] {logging_mixin.py:190} INFO - [2026-02-26T05:33:24.143+0000] {dag.py:4180} INFO - Setting next_dagrun for dataset_s3_bucket_consumer to None, run_after=None
[2026-02-26T05:33:24.144+0000] {logging_mixin.py:190} INFO - [2026-02-26T05:33:24.144+0000] {dag.py:4180} INFO - Setting next_dagrun for dataset_s3_bucket_producer to None, run_after=None
[2026-02-26T05:33:24.160+0000] {processor.py:208} INFO - Processing /home/ubuntu/airflow-venv/lib/python3.12/site-packages/airflow/example_dags/example_dataset_alias.py took 0.062 seconds
[2026-02-26T05:34:16.614+0000] {processor.py:186} INFO - Started process (PID=3242) to work on /home/ubuntu/airflow-venv/lib/python3.12/site-packages/airflow/example_dags/example_dataset_alias.py
[2026-02-26T05:34:16.615+0000] {processor.py:914} INFO - Processing file /home/ubuntu/airflow-venv/lib/python3.12/site-packages/airflow/example_dags/example_dataset_alias.py for tasks to queue
[2026-02-26T05:34:16.616+0000] {logging_mixin.py:190} INFO - [2026-02-26T05:34:16.616+0000] {dagbag.py:588} INFO - Filling up the DagBag from /home/ubuntu/airflow-venv/lib/python3.12/site-packages/airflow/example_dags/example_dataset_alias.py
[2026-02-26T05:34:16.631+0000] {processor.py:925} INFO - DAG(s) 'dataset_s3_bucket_producer', 'dataset_s3_bucket_consumer', 'dataset_alias_example_alias_consumer', 'dataset_alias_example_alias_producer' retrieved from /home/ubuntu/airflow-venv/lib/python3.12/site-packages/airflow/example_dags/example_dataset_alias.py
[2026-02-26T05:34:16.642+0000] {logging_mixin.py:190} INFO - [2026-02-26T05:34:16.642+0000] {dag.py:3239} INFO - Sync 4 DAGs
[2026-02-26T05:34:16.653+0000] {logging_mixin.py:190} INFO - [2026-02-26T05:34:16.653+0000] {dag.py:4180} INFO - Setting next_dagrun for dataset_alias_example_alias_consumer to None, run_after=None
[2026-02-26T05:34:16.655+0000] {logging_mixin.py:190} INFO - [2026-02-26T05:34:16.655+0000] {dag.py:4180} INFO - Setting next_dagrun for dataset_alias_example_alias_producer to None, run_after=None
[2026-02-26T05:34:16.655+0000] {logging_mixin.py:190} INFO - [2026-02-26T05:34:16.655+0000] {dag.py:4180} INFO - Setting next_dagrun for dataset_s3_bucket_consumer to None, run_after=None
[2026-02-26T05:34:16.656+0000] {logging_mixin.py:190} INFO - [2026-02-26T05:34:16.656+0000] {dag.py:4180} INFO - Setting next_dagrun for dataset_s3_bucket_producer to None, run_after=None
[2026-02-26T05:34:16.672+0000] {processor.py:208} INFO - Processing /home/ubuntu/airflow-venv/lib/python3.12/site-packages/airflow/example_dags/example_dataset_alias.py took 0.062 seconds
[2026-02-26T05:35:33.165+0000] {processor.py:186} INFO - Started process (PID=3331) to work on /home/ubuntu/airflow-venv/lib/python3.12/site-packages/airflow/example_dags/example_dataset_alias.py
[2026-02-26T05:35:33.167+0000] {processor.py:914} INFO - Processing file /home/ubuntu/airflow-venv/lib/python3.12/site-packages/airflow/example_dags/example_dataset_alias.py for tasks to queue
[2026-02-26T05:35:33.168+0000] {logging_mixin.py:190} INFO - [2026-02-26T05:35:33.168+0000] {dagbag.py:588} INFO - Filling up the DagBag from /home/ubuntu/airflow-venv/lib/python3.12/site-packages/airflow/example_dags/example_dataset_alias.py
[2026-02-26T05:35:33.182+0000] {processor.py:925} INFO - DAG(s) 'dataset_alias_example_alias_producer', 'dataset_s3_bucket_producer', 'dataset_alias_example_alias_consumer', 'dataset_s3_bucket_consumer' retrieved from /home/ubuntu/airflow-venv/lib/python3.12/site-packages/airflow/example_dags/example_dataset_alias.py
[2026-02-26T05:35:33.193+0000] {logging_mixin.py:190} INFO - [2026-02-26T05:35:33.193+0000] {dag.py:3239} INFO - Sync 4 DAGs
[2026-02-26T05:35:33.205+0000] {logging_mixin.py:190} INFO - [2026-02-26T05:35:33.204+0000] {dag.py:4180} INFO - Setting next_dagrun for dataset_alias_example_alias_consumer to None, run_after=None
[2026-02-26T05:35:33.206+0000] {logging_mixin.py:190} INFO - [2026-02-26T05:35:33.206+0000] {dag.py:4180} INFO - Setting next_dagrun for dataset_alias_example_alias_producer to None, run_after=None
[2026-02-26T05:35:33.206+0000] {logging_mixin.py:190} INFO - [2026-02-26T05:35:33.206+0000] {dag.py:4180} INFO - Setting next_dagrun for dataset_s3_bucket_consumer to None, run_after=None
[2026-02-26T05:35:33.207+0000] {logging_mixin.py:190} INFO - [2026-02-26T05:35:33.207+0000] {dag.py:4180} INFO - Setting next_dagrun for dataset_s3_bucket_producer to None, run_after=None
[2026-02-26T05:35:33.224+0000] {processor.py:208} INFO - Processing /home/ubuntu/airflow-venv/lib/python3.12/site-packages/airflow/example_dags/example_dataset_alias.py took 0.062 seconds
[2026-02-26T05:36:47.212+0000] {processor.py:186} INFO - Started process (PID=3411) to work on /home/ubuntu/airflow-venv/lib/python3.12/site-packages/airflow/example_dags/example_dataset_alias.py
[2026-02-26T05:36:47.214+0000] {processor.py:914} INFO - Processing file /home/ubuntu/airflow-venv/lib/python3.12/site-packages/airflow/example_dags/example_dataset_alias.py for tasks to queue
[2026-02-26T05:36:47.215+0000] {logging_mixin.py:190} INFO - [2026-02-26T05:36:47.215+0000] {dagbag.py:588} INFO - Filling up the DagBag from /home/ubuntu/airflow-venv/lib/python3.12/site-packages/airflow/example_dags/example_dataset_alias.py
[2026-02-26T05:36:47.229+0000] {processor.py:925} INFO - DAG(s) 'dataset_alias_example_alias_consumer', 'dataset_s3_bucket_producer', 'dataset_alias_example_alias_producer', 'dataset_s3_bucket_consumer' retrieved from /home/ubuntu/airflow-venv/lib/python3.12/site-packages/airflow/example_dags/example_dataset_alias.py
[2026-02-26T05:36:47.241+0000] {logging_mixin.py:190} INFO - [2026-02-26T05:36:47.241+0000] {dag.py:3239} INFO - Sync 4 DAGs
[2026-02-26T05:36:47.252+0000] {logging_mixin.py:190} INFO - [2026-02-26T05:36:47.252+0000] {dag.py:4180} INFO - Setting next_dagrun for dataset_alias_example_alias_consumer to None, run_after=None
[2026-02-26T05:36:47.253+0000] {logging_mixin.py:190} INFO - [2026-02-26T05:36:47.253+0000] {dag.py:4180} INFO - Setting next_dagrun for dataset_alias_example_alias_producer to None, run_after=None
[2026-02-26T05:36:47.254+0000] {logging_mixin.py:190} INFO - [2026-02-26T05:36:47.254+0000] {dag.py:4180} INFO - Setting next_dagrun for dataset_s3_bucket_consumer to None, run_after=None
[2026-02-26T05:36:47.254+0000] {logging_mixin.py:190} INFO - [2026-02-26T05:36:47.254+0000] {dag.py:4180} INFO - Setting next_dagrun for dataset_s3_bucket_producer to None, run_after=None
[2026-02-26T05:36:47.271+0000] {processor.py:208} INFO - Processing /home/ubuntu/airflow-venv/lib/python3.12/site-packages/airflow/example_dags/example_dataset_alias.py took 0.062 seconds
[2026-02-26T05:38:00.231+0000] {processor.py:186} INFO - Started process (PID=3487) to work on /home/ubuntu/airflow-venv/lib/python3.12/site-packages/airflow/example_dags/example_dataset_alias.py
[2026-02-26T05:38:00.233+0000] {processor.py:914} INFO - Processing file /home/ubuntu/airflow-venv/lib/python3.12/site-packages/airflow/example_dags/example_dataset_alias.py for tasks to queue
[2026-02-26T05:38:00.234+0000] {logging_mixin.py:190} INFO - [2026-02-26T05:38:00.234+0000] {dagbag.py:588} INFO - Filling up the DagBag from /home/ubuntu/airflow-venv/lib/python3.12/site-packages/airflow/example_dags/example_dataset_alias.py
[2026-02-26T05:38:00.249+0000] {processor.py:925} INFO - DAG(s) 'dataset_alias_example_alias_producer', 'dataset_s3_bucket_consumer', 'dataset_alias_example_alias_consumer', 'dataset_s3_bucket_producer' retrieved from /home/ubuntu/airflow-venv/lib/python3.12/site-packages/airflow/example_dags/example_dataset_alias.py
[2026-02-26T05:38:00.260+0000] {logging_mixin.py:190} INFO - [2026-02-26T05:38:00.260+0000] {dag.py:3239} INFO - Sync 4 DAGs
[2026-02-26T05:38:00.272+0000] {logging_mixin.py:190} INFO - [2026-02-26T05:38:00.272+0000] {dag.py:4180} INFO - Setting next_dagrun for dataset_alias_example_alias_consumer to None, run_after=None
[2026-02-26T05:38:00.273+0000] {logging_mixin.py:190} INFO - [2026-02-26T05:38:00.273+0000] {dag.py:4180} INFO - Setting next_dagrun for dataset_alias_example_alias_producer to None, run_after=None
[2026-02-26T05:38:00.274+0000] {logging_mixin.py:190} INFO - [2026-02-26T05:38:00.274+0000] {dag.py:4180} INFO - Setting next_dagrun for dataset_s3_bucket_consumer to None, run_after=None
[2026-02-26T05:38:00.274+0000] {logging_mixin.py:190} INFO - [2026-02-26T05:38:00.274+0000] {dag.py:4180} INFO - Setting next_dagrun for dataset_s3_bucket_producer to None, run_after=None
[2026-02-26T05:38:00.291+0000] {processor.py:208} INFO - Processing /home/ubuntu/airflow-venv/lib/python3.12/site-packages/airflow/example_dags/example_dataset_alias.py took 0.063 seconds
[2026-02-26T05:38:53.344+0000] {processor.py:186} INFO - Started process (PID=3543) to work on /home/ubuntu/airflow-venv/lib/python3.12/site-packages/airflow/example_dags/example_dataset_alias.py
[2026-02-26T05:38:53.346+0000] {processor.py:914} INFO - Processing file /home/ubuntu/airflow-venv/lib/python3.12/site-packages/airflow/example_dags/example_dataset_alias.py for tasks to queue
[2026-02-26T05:38:53.347+0000] {logging_mixin.py:190} INFO - [2026-02-26T05:38:53.347+0000] {dagbag.py:588} INFO - Filling up the DagBag from /home/ubuntu/airflow-venv/lib/python3.12/site-packages/airflow/example_dags/example_dataset_alias.py
[2026-02-26T05:38:53.362+0000] {processor.py:925} INFO - DAG(s) 'dataset_s3_bucket_consumer', 'dataset_alias_example_alias_producer', 'dataset_alias_example_alias_consumer', 'dataset_s3_bucket_producer' retrieved from /home/ubuntu/airflow-venv/lib/python3.12/site-packages/airflow/example_dags/example_dataset_alias.py
[2026-02-26T05:38:53.373+0000] {logging_mixin.py:190} INFO - [2026-02-26T05:38:53.373+0000] {dag.py:3239} INFO - Sync 4 DAGs
[2026-02-26T05:38:53.385+0000] {logging_mixin.py:190} INFO - [2026-02-26T05:38:53.385+0000] {dag.py:4180} INFO - Setting next_dagrun for dataset_alias_example_alias_consumer to None, run_after=None
[2026-02-26T05:38:53.386+0000] {logging_mixin.py:190} INFO - [2026-02-26T05:38:53.386+0000] {dag.py:4180} INFO - Setting next_dagrun for dataset_alias_example_alias_producer to None, run_after=None
[2026-02-26T05:38:53.387+0000] {logging_mixin.py:190} INFO - [2026-02-26T05:38:53.387+0000] {dag.py:4180} INFO - Setting next_dagrun for dataset_s3_bucket_consumer to None, run_after=None
[2026-02-26T05:38:53.387+0000] {logging_mixin.py:190} INFO - [2026-02-26T05:38:53.387+0000] {dag.py:4180} INFO - Setting next_dagrun for dataset_s3_bucket_producer to None, run_after=None
[2026-02-26T05:38:53.404+0000] {processor.py:208} INFO - Processing /home/ubuntu/airflow-venv/lib/python3.12/site-packages/airflow/example_dags/example_dataset_alias.py took 0.063 seconds
[2026-02-26T05:40:07.511+0000] {processor.py:186} INFO - Started process (PID=3622) to work on /home/ubuntu/airflow-venv/lib/python3.12/site-packages/airflow/example_dags/example_dataset_alias.py
[2026-02-26T05:40:07.512+0000] {processor.py:914} INFO - Processing file /home/ubuntu/airflow-venv/lib/python3.12/site-packages/airflow/example_dags/example_dataset_alias.py for tasks to queue
[2026-02-26T05:40:07.514+0000] {logging_mixin.py:190} INFO - [2026-02-26T05:40:07.513+0000] {dagbag.py:588} INFO - Filling up the DagBag from /home/ubuntu/airflow-venv/lib/python3.12/site-packages/airflow/example_dags/example_dataset_alias.py
[2026-02-26T05:40:07.528+0000] {processor.py:925} INFO - DAG(s) 'dataset_s3_bucket_consumer', 'dataset_s3_bucket_producer', 'dataset_alias_example_alias_consumer', 'dataset_alias_example_alias_producer' retrieved from /home/ubuntu/airflow-venv/lib/python3.12/site-packages/airflow/example_dags/example_dataset_alias.py
[2026-02-26T05:40:07.540+0000] {logging_mixin.py:190} INFO - [2026-02-26T05:40:07.540+0000] {dag.py:3239} INFO - Sync 4 DAGs
[2026-02-26T05:40:07.551+0000] {logging_mixin.py:190} INFO - [2026-02-26T05:40:07.551+0000] {dag.py:4180} INFO - Setting next_dagrun for dataset_alias_example_alias_consumer to None, run_after=None
[2026-02-26T05:40:07.552+0000] {logging_mixin.py:190} INFO - [2026-02-26T05:40:07.552+0000] {dag.py:4180} INFO - Setting next_dagrun for dataset_alias_example_alias_producer to None, run_after=None
[2026-02-26T05:40:07.553+0000] {logging_mixin.py:190} INFO - [2026-02-26T05:40:07.552+0000] {dag.py:4180} INFO - Setting next_dagrun for dataset_s3_bucket_consumer to None, run_after=None
[2026-02-26T05:40:07.553+0000] {logging_mixin.py:190} INFO - [2026-02-26T05:40:07.553+0000] {dag.py:4180} INFO - Setting next_dagrun for dataset_s3_bucket_producer to None, run_after=None
[2026-02-26T05:40:07.570+0000] {processor.py:208} INFO - Processing /home/ubuntu/airflow-venv/lib/python3.12/site-packages/airflow/example_dags/example_dataset_alias.py took 0.063 seconds
[2026-02-26T05:41:21.656+0000] {processor.py:186} INFO - Started process (PID=3704) to work on /home/ubuntu/airflow-venv/lib/python3.12/site-packages/airflow/example_dags/example_dataset_alias.py
[2026-02-26T05:41:21.658+0000] {processor.py:914} INFO - Processing file /home/ubuntu/airflow-venv/lib/python3.12/site-packages/airflow/example_dags/example_dataset_alias.py for tasks to queue
[2026-02-26T05:41:21.659+0000] {logging_mixin.py:190} INFO - [2026-02-26T05:41:21.659+0000] {dagbag.py:588} INFO - Filling up the DagBag from /home/ubuntu/airflow-venv/lib/python3.12/site-packages/airflow/example_dags/example_dataset_alias.py
[2026-02-26T05:41:21.674+0000] {processor.py:925} INFO - DAG(s) 'dataset_alias_example_alias_producer', 'dataset_s3_bucket_producer', 'dataset_s3_bucket_consumer', 'dataset_alias_example_alias_consumer' retrieved from /home/ubuntu/airflow-venv/lib/python3.12/site-packages/airflow/example_dags/example_dataset_alias.py
[2026-02-26T05:41:21.685+0000] {logging_mixin.py:190} INFO - [2026-02-26T05:41:21.685+0000] {dag.py:3239} INFO - Sync 4 DAGs
[2026-02-26T05:41:21.696+0000] {logging_mixin.py:190} INFO - [2026-02-26T05:41:21.696+0000] {dag.py:4180} INFO - Setting next_dagrun for dataset_alias_example_alias_consumer to None, run_after=None
[2026-02-26T05:41:21.697+0000] {logging_mixin.py:190} INFO - [2026-02-26T05:41:21.697+0000] {dag.py:4180} INFO - Setting next_dagrun for dataset_alias_example_alias_producer to None, run_after=None
[2026-02-26T05:41:21.698+0000] {logging_mixin.py:190} INFO - [2026-02-26T05:41:21.698+0000] {dag.py:4180} INFO - Setting next_dagrun for dataset_s3_bucket_consumer to None, run_after=None
[2026-02-26T05:41:21.698+0000] {logging_mixin.py:190} INFO - [2026-02-26T05:41:21.698+0000] {dag.py:4180} INFO - Setting next_dagrun for dataset_s3_bucket_producer to None, run_after=None
[2026-02-26T05:41:21.715+0000] {processor.py:208} INFO - Processing /home/ubuntu/airflow-venv/lib/python3.12/site-packages/airflow/example_dags/example_dataset_alias.py took 0.062 seconds
[2026-02-26T05:42:36.249+0000] {processor.py:186} INFO - Started process (PID=3782) to work on /home/ubuntu/airflow-venv/lib/python3.12/site-packages/airflow/example_dags/example_dataset_alias.py
[2026-02-26T05:42:36.251+0000] {processor.py:914} INFO - Processing file /home/ubuntu/airflow-venv/lib/python3.12/site-packages/airflow/example_dags/example_dataset_alias.py for tasks to queue
[2026-02-26T05:42:36.252+0000] {logging_mixin.py:190} INFO - [2026-02-26T05:42:36.252+0000] {dagbag.py:588} INFO - Filling up the DagBag from /home/ubuntu/airflow-venv/lib/python3.12/site-packages/airflow/example_dags/example_dataset_alias.py
[2026-02-26T05:42:36.267+0000] {processor.py:925} INFO - DAG(s) 'dataset_alias_example_alias_producer', 'dataset_s3_bucket_consumer', 'dataset_s3_bucket_producer', 'dataset_alias_example_alias_consumer' retrieved from /home/ubuntu/airflow-venv/lib/python3.12/site-packages/airflow/example_dags/example_dataset_alias.py
[2026-02-26T05:42:36.278+0000] {logging_mixin.py:190} INFO - [2026-02-26T05:42:36.278+0000] {dag.py:3239} INFO - Sync 4 DAGs
[2026-02-26T05:42:36.290+0000] {logging_mixin.py:190} INFO - [2026-02-26T05:42:36.290+0000] {dag.py:4180} INFO - Setting next_dagrun for dataset_alias_example_alias_consumer to None, run_after=None
[2026-02-26T05:42:36.291+0000] {logging_mixin.py:190} INFO - [2026-02-26T05:42:36.291+0000] {dag.py:4180} INFO - Setting next_dagrun for dataset_alias_example_alias_producer to None, run_after=None
[2026-02-26T05:42:36.292+0000] {logging_mixin.py:190} INFO - [2026-02-26T05:42:36.291+0000] {dag.py:4180} INFO - Setting next_dagrun for dataset_s3_bucket_consumer to None, run_after=None
[2026-02-26T05:42:36.292+0000] {logging_mixin.py:190} INFO - [2026-02-26T05:42:36.292+0000] {dag.py:4180} INFO - Setting next_dagrun for dataset_s3_bucket_producer to None, run_after=None
[2026-02-26T05:42:36.308+0000] {processor.py:208} INFO - Processing /home/ubuntu/airflow-venv/lib/python3.12/site-packages/airflow/example_dags/example_dataset_alias.py took 0.063 seconds
[2026-02-26T05:43:50.529+0000] {processor.py:186} INFO - Started process (PID=3860) to work on /home/ubuntu/airflow-venv/lib/python3.12/site-packages/airflow/example_dags/example_dataset_alias.py
[2026-02-26T05:43:50.531+0000] {processor.py:914} INFO - Processing file /home/ubuntu/airflow-venv/lib/python3.12/site-packages/airflow/example_dags/example_dataset_alias.py for tasks to queue
[2026-02-26T05:43:50.532+0000] {logging_mixin.py:190} INFO - [2026-02-26T05:43:50.532+0000] {dagbag.py:588} INFO - Filling up the DagBag from /home/ubuntu/airflow-venv/lib/python3.12/site-packages/airflow/example_dags/example_dataset_alias.py
[2026-02-26T05:43:50.547+0000] {processor.py:925} INFO - DAG(s) 'dataset_s3_bucket_consumer', 'dataset_alias_example_alias_consumer', 'dataset_alias_example_alias_producer', 'dataset_s3_bucket_producer' retrieved from /home/ubuntu/airflow-venv/lib/python3.12/site-packages/airflow/example_dags/example_dataset_alias.py
[2026-02-26T05:43:50.558+0000] {logging_mixin.py:190} INFO - [2026-02-26T05:43:50.558+0000] {dag.py:3239} INFO - Sync 4 DAGs
[2026-02-26T05:43:50.569+0000] {logging_mixin.py:190} INFO - [2026-02-26T05:43:50.569+0000] {dag.py:4180} INFO - Setting next_dagrun for dataset_alias_example_alias_consumer to None, run_after=None
[2026-02-26T05:43:50.570+0000] {logging_mixin.py:190} INFO - [2026-02-26T05:43:50.570+0000] {dag.py:4180} INFO - Setting next_dagrun for dataset_alias_example_alias_producer to None, run_after=None
[2026-02-26T05:43:50.571+0000] {logging_mixin.py:190} INFO - [2026-02-26T05:43:50.571+0000] {dag.py:4180} INFO - Setting next_dagrun for dataset_s3_bucket_consumer to None, run_after=None
[2026-02-26T05:43:50.572+0000] {logging_mixin.py:190} INFO - [2026-02-26T05:43:50.571+0000] {dag.py:4180} INFO - Setting next_dagrun for dataset_s3_bucket_producer to None, run_after=None
[2026-02-26T05:43:50.588+0000] {processor.py:208} INFO - Processing /home/ubuntu/airflow-venv/lib/python3.12/site-packages/airflow/example_dags/example_dataset_alias.py took 0.062 seconds
[2026-02-26T05:45:03.579+0000] {processor.py:186} INFO - Started process (PID=3941) to work on /home/ubuntu/airflow-venv/lib/python3.12/site-packages/airflow/example_dags/example_dataset_alias.py
[2026-02-26T05:45:03.580+0000] {processor.py:914} INFO - Processing file /home/ubuntu/airflow-venv/lib/python3.12/site-packages/airflow/example_dags/example_dataset_alias.py for tasks to queue
[2026-02-26T05:45:03.581+0000] {logging_mixin.py:190} INFO - [2026-02-26T05:45:03.581+0000] {dagbag.py:588} INFO - Filling up the DagBag from /home/ubuntu/airflow-venv/lib/python3.12/site-packages/airflow/example_dags/example_dataset_alias.py
[2026-02-26T05:45:03.596+0000] {processor.py:925} INFO - DAG(s) 'dataset_s3_bucket_producer', 'dataset_alias_example_alias_producer', 'dataset_s3_bucket_consumer', 'dataset_alias_example_alias_consumer' retrieved from /home/ubuntu/airflow-venv/lib/python3.12/site-packages/airflow/example_dags/example_dataset_alias.py
[2026-02-26T05:45:03.607+0000] {logging_mixin.py:190} INFO - [2026-02-26T05:45:03.607+0000] {dag.py:3239} INFO - Sync 4 DAGs
[2026-02-26T05:45:03.619+0000] {logging_mixin.py:190} INFO - [2026-02-26T05:45:03.619+0000] {dag.py:4180} INFO - Setting next_dagrun for dataset_alias_example_alias_consumer to None, run_after=None
[2026-02-26T05:45:03.620+0000] {logging_mixin.py:190} INFO - [2026-02-26T05:45:03.620+0000] {dag.py:4180} INFO - Setting next_dagrun for dataset_alias_example_alias_producer to None, run_after=None
[2026-02-26T05:45:03.620+0000] {logging_mixin.py:190} INFO - [2026-02-26T05:45:03.620+0000] {dag.py:4180} INFO - Setting next_dagrun for dataset_s3_bucket_consumer to None, run_after=None
[2026-02-26T05:45:03.621+0000] {logging_mixin.py:190} INFO - [2026-02-26T05:45:03.621+0000] {dag.py:4180} INFO - Setting next_dagrun for dataset_s3_bucket_producer to None, run_after=None
[2026-02-26T05:45:03.637+0000] {processor.py:208} INFO - Processing /home/ubuntu/airflow-venv/lib/python3.12/site-packages/airflow/example_dags/example_dataset_alias.py took 0.062 seconds
[2026-02-26T06:14:21.768+0000] {processor.py:186} INFO - Started process (PID=2736) to work on /home/ubuntu/airflow-venv/lib/python3.12/site-packages/airflow/example_dags/example_dataset_alias.py
[2026-02-26T06:14:21.770+0000] {processor.py:914} INFO - Processing file /home/ubuntu/airflow-venv/lib/python3.12/site-packages/airflow/example_dags/example_dataset_alias.py for tasks to queue
[2026-02-26T06:14:21.771+0000] {logging_mixin.py:190} INFO - [2026-02-26T06:14:21.771+0000] {dagbag.py:588} INFO - Filling up the DagBag from /home/ubuntu/airflow-venv/lib/python3.12/site-packages/airflow/example_dags/example_dataset_alias.py
[2026-02-26T06:14:21.787+0000] {processor.py:925} INFO - DAG(s) 'dataset_s3_bucket_producer', 'dataset_s3_bucket_consumer', 'dataset_alias_example_alias_producer', 'dataset_alias_example_alias_consumer' retrieved from /home/ubuntu/airflow-venv/lib/python3.12/site-packages/airflow/example_dags/example_dataset_alias.py
[2026-02-26T06:14:21.799+0000] {logging_mixin.py:190} INFO - [2026-02-26T06:14:21.799+0000] {dag.py:3239} INFO - Sync 4 DAGs
[2026-02-26T06:14:21.811+0000] {logging_mixin.py:190} INFO - [2026-02-26T06:14:21.811+0000] {dag.py:4180} INFO - Setting next_dagrun for dataset_alias_example_alias_consumer to None, run_after=None
[2026-02-26T06:14:21.812+0000] {logging_mixin.py:190} INFO - [2026-02-26T06:14:21.812+0000] {dag.py:4180} INFO - Setting next_dagrun for dataset_alias_example_alias_producer to None, run_after=None
[2026-02-26T06:14:21.813+0000] {logging_mixin.py:190} INFO - [2026-02-26T06:14:21.813+0000] {dag.py:4180} INFO - Setting next_dagrun for dataset_s3_bucket_consumer to None, run_after=None
[2026-02-26T06:14:21.813+0000] {logging_mixin.py:190} INFO - [2026-02-26T06:14:21.813+0000] {dag.py:4180} INFO - Setting next_dagrun for dataset_s3_bucket_producer to None, run_after=None
[2026-02-26T06:14:21.831+0000] {processor.py:208} INFO - Processing /home/ubuntu/airflow-venv/lib/python3.12/site-packages/airflow/example_dags/example_dataset_alias.py took 0.066 seconds
[2026-02-26T06:15:16.012+0000] {processor.py:186} INFO - Started process (PID=2797) to work on /home/ubuntu/airflow-venv/lib/python3.12/site-packages/airflow/example_dags/example_dataset_alias.py
[2026-02-26T06:15:16.013+0000] {processor.py:914} INFO - Processing file /home/ubuntu/airflow-venv/lib/python3.12/site-packages/airflow/example_dags/example_dataset_alias.py for tasks to queue
[2026-02-26T06:15:16.015+0000] {logging_mixin.py:190} INFO - [2026-02-26T06:15:16.014+0000] {dagbag.py:588} INFO - Filling up the DagBag from /home/ubuntu/airflow-venv/lib/python3.12/site-packages/airflow/example_dags/example_dataset_alias.py
[2026-02-26T06:15:16.029+0000] {processor.py:925} INFO - DAG(s) 'dataset_alias_example_alias_consumer', 'dataset_s3_bucket_consumer', 'dataset_alias_example_alias_producer', 'dataset_s3_bucket_producer' retrieved from /home/ubuntu/airflow-venv/lib/python3.12/site-packages/airflow/example_dags/example_dataset_alias.py
[2026-02-26T06:15:16.042+0000] {logging_mixin.py:190} INFO - [2026-02-26T06:15:16.041+0000] {dag.py:3239} INFO - Sync 4 DAGs
[2026-02-26T06:15:16.053+0000] {logging_mixin.py:190} INFO - [2026-02-26T06:15:16.053+0000] {dag.py:4180} INFO - Setting next_dagrun for dataset_alias_example_alias_consumer to None, run_after=None
[2026-02-26T06:15:16.055+0000] {logging_mixin.py:190} INFO - [2026-02-26T06:15:16.054+0000] {dag.py:4180} INFO - Setting next_dagrun for dataset_alias_example_alias_producer to None, run_after=None
[2026-02-26T06:15:16.055+0000] {logging_mixin.py:190} INFO - [2026-02-26T06:15:16.055+0000] {dag.py:4180} INFO - Setting next_dagrun for dataset_s3_bucket_consumer to None, run_after=None
[2026-02-26T06:15:16.055+0000] {logging_mixin.py:190} INFO - [2026-02-26T06:15:16.055+0000] {dag.py:4180} INFO - Setting next_dagrun for dataset_s3_bucket_producer to None, run_after=None
[2026-02-26T06:15:16.074+0000] {processor.py:208} INFO - Processing /home/ubuntu/airflow-venv/lib/python3.12/site-packages/airflow/example_dags/example_dataset_alias.py took 0.066 seconds
[2026-02-26T06:16:14.023+0000] {processor.py:186} INFO - Started process (PID=2861) to work on /home/ubuntu/airflow-venv/lib/python3.12/site-packages/airflow/example_dags/example_dataset_alias.py
[2026-02-26T06:16:14.024+0000] {processor.py:914} INFO - Processing file /home/ubuntu/airflow-venv/lib/python3.12/site-packages/airflow/example_dags/example_dataset_alias.py for tasks to queue
[2026-02-26T06:16:14.026+0000] {logging_mixin.py:190} INFO - [2026-02-26T06:16:14.026+0000] {dagbag.py:588} INFO - Filling up the DagBag from /home/ubuntu/airflow-venv/lib/python3.12/site-packages/airflow/example_dags/example_dataset_alias.py
[2026-02-26T06:16:14.041+0000] {processor.py:925} INFO - DAG(s) 'dataset_alias_example_alias_producer', 'dataset_s3_bucket_producer', 'dataset_s3_bucket_consumer', 'dataset_alias_example_alias_consumer' retrieved from /home/ubuntu/airflow-venv/lib/python3.12/site-packages/airflow/example_dags/example_dataset_alias.py
[2026-02-26T06:16:14.053+0000] {logging_mixin.py:190} INFO - [2026-02-26T06:16:14.053+0000] {dag.py:3239} INFO - Sync 4 DAGs
[2026-02-26T06:16:14.065+0000] {logging_mixin.py:190} INFO - [2026-02-26T06:16:14.065+0000] {dag.py:4180} INFO - Setting next_dagrun for dataset_alias_example_alias_consumer to None, run_after=None
[2026-02-26T06:16:14.066+0000] {logging_mixin.py:190} INFO - [2026-02-26T06:16:14.066+0000] {dag.py:4180} INFO - Setting next_dagrun for dataset_alias_example_alias_producer to None, run_after=None
[2026-02-26T06:16:14.067+0000] {logging_mixin.py:190} INFO - [2026-02-26T06:16:14.067+0000] {dag.py:4180} INFO - Setting next_dagrun for dataset_s3_bucket_consumer to None, run_after=None
[2026-02-26T06:16:14.067+0000] {logging_mixin.py:190} INFO - [2026-02-26T06:16:14.067+0000] {dag.py:4180} INFO - Setting next_dagrun for dataset_s3_bucket_producer to None, run_after=None
[2026-02-26T06:16:14.085+0000] {processor.py:208} INFO - Processing /home/ubuntu/airflow-venv/lib/python3.12/site-packages/airflow/example_dags/example_dataset_alias.py took 0.066 seconds
[2026-02-26T06:17:09.355+0000] {processor.py:186} INFO - Started process (PID=2921) to work on /home/ubuntu/airflow-venv/lib/python3.12/site-packages/airflow/example_dags/example_dataset_alias.py
[2026-02-26T06:17:09.357+0000] {processor.py:914} INFO - Processing file /home/ubuntu/airflow-venv/lib/python3.12/site-packages/airflow/example_dags/example_dataset_alias.py for tasks to queue
[2026-02-26T06:17:09.358+0000] {logging_mixin.py:190} INFO - [2026-02-26T06:17:09.358+0000] {dagbag.py:588} INFO - Filling up the DagBag from /home/ubuntu/airflow-venv/lib/python3.12/site-packages/airflow/example_dags/example_dataset_alias.py
[2026-02-26T06:17:09.373+0000] {processor.py:925} INFO - DAG(s) 'dataset_s3_bucket_producer', 'dataset_alias_example_alias_producer', 'dataset_s3_bucket_consumer', 'dataset_alias_example_alias_consumer' retrieved from /home/ubuntu/airflow-venv/lib/python3.12/site-packages/airflow/example_dags/example_dataset_alias.py
[2026-02-26T06:17:09.385+0000] {logging_mixin.py:190} INFO - [2026-02-26T06:17:09.385+0000] {dag.py:3239} INFO - Sync 4 DAGs
[2026-02-26T06:17:09.397+0000] {logging_mixin.py:190} INFO - [2026-02-26T06:17:09.397+0000] {dag.py:4180} INFO - Setting next_dagrun for dataset_alias_example_alias_consumer to None, run_after=None
[2026-02-26T06:17:09.399+0000] {logging_mixin.py:190} INFO - [2026-02-26T06:17:09.399+0000] {dag.py:4180} INFO - Setting next_dagrun for dataset_alias_example_alias_producer to None, run_after=None
[2026-02-26T06:17:09.400+0000] {logging_mixin.py:190} INFO - [2026-02-26T06:17:09.400+0000] {dag.py:4180} INFO - Setting next_dagrun for dataset_s3_bucket_consumer to None, run_after=None
[2026-02-26T06:17:09.400+0000] {logging_mixin.py:190} INFO - [2026-02-26T06:17:09.400+0000] {dag.py:4180} INFO - Setting next_dagrun for dataset_s3_bucket_producer to None, run_after=None
[2026-02-26T06:17:09.418+0000] {processor.py:208} INFO - Processing /home/ubuntu/airflow-venv/lib/python3.12/site-packages/airflow/example_dags/example_dataset_alias.py took 0.066 seconds
[2026-02-26T06:18:24.103+0000] {processor.py:186} INFO - Started process (PID=3000) to work on /home/ubuntu/airflow-venv/lib/python3.12/site-packages/airflow/example_dags/example_dataset_alias.py
[2026-02-26T06:18:24.104+0000] {processor.py:914} INFO - Processing file /home/ubuntu/airflow-venv/lib/python3.12/site-packages/airflow/example_dags/example_dataset_alias.py for tasks to queue
[2026-02-26T06:18:24.106+0000] {logging_mixin.py:190} INFO - [2026-02-26T06:18:24.105+0000] {dagbag.py:588} INFO - Filling up the DagBag from /home/ubuntu/airflow-venv/lib/python3.12/site-packages/airflow/example_dags/example_dataset_alias.py
[2026-02-26T06:18:24.121+0000] {processor.py:925} INFO - DAG(s) 'dataset_s3_bucket_producer', 'dataset_alias_example_alias_producer', 'dataset_s3_bucket_consumer', 'dataset_alias_example_alias_consumer' retrieved from /home/ubuntu/airflow-venv/lib/python3.12/site-packages/airflow/example_dags/example_dataset_alias.py
[2026-02-26T06:18:24.133+0000] {logging_mixin.py:190} INFO - [2026-02-26T06:18:24.133+0000] {dag.py:3239} INFO - Sync 4 DAGs
[2026-02-26T06:18:24.145+0000] {logging_mixin.py:190} INFO - [2026-02-26T06:18:24.145+0000] {dag.py:4180} INFO - Setting next_dagrun for dataset_alias_example_alias_consumer to None, run_after=None
[2026-02-26T06:18:24.146+0000] {logging_mixin.py:190} INFO - [2026-02-26T06:18:24.146+0000] {dag.py:4180} INFO - Setting next_dagrun for dataset_alias_example_alias_producer to None, run_after=None
[2026-02-26T06:18:24.147+0000] {logging_mixin.py:190} INFO - [2026-02-26T06:18:24.147+0000] {dag.py:4180} INFO - Setting next_dagrun for dataset_s3_bucket_consumer to None, run_after=None
[2026-02-26T06:18:24.147+0000] {logging_mixin.py:190} INFO - [2026-02-26T06:18:24.147+0000] {dag.py:4180} INFO - Setting next_dagrun for dataset_s3_bucket_producer to None, run_after=None
[2026-02-26T06:18:24.165+0000] {processor.py:208} INFO - Processing /home/ubuntu/airflow-venv/lib/python3.12/site-packages/airflow/example_dags/example_dataset_alias.py took 0.065 seconds
[2026-02-26T06:19:22.403+0000] {processor.py:186} INFO - Started process (PID=3056) to work on /home/ubuntu/airflow-venv/lib/python3.12/site-packages/airflow/example_dags/example_dataset_alias.py
[2026-02-26T06:19:22.404+0000] {processor.py:914} INFO - Processing file /home/ubuntu/airflow-venv/lib/python3.12/site-packages/airflow/example_dags/example_dataset_alias.py for tasks to queue
[2026-02-26T06:19:22.406+0000] {logging_mixin.py:190} INFO - [2026-02-26T06:19:22.405+0000] {dagbag.py:588} INFO - Filling up the DagBag from /home/ubuntu/airflow-venv/lib/python3.12/site-packages/airflow/example_dags/example_dataset_alias.py
[2026-02-26T06:19:22.497+0000] {processor.py:925} INFO - DAG(s) 'dataset_s3_bucket_consumer', 'dataset_alias_example_alias_consumer', 'dataset_s3_bucket_producer', 'dataset_alias_example_alias_producer' retrieved from /home/ubuntu/airflow-venv/lib/python3.12/site-packages/airflow/example_dags/example_dataset_alias.py
[2026-02-26T06:19:22.508+0000] {logging_mixin.py:190} INFO - [2026-02-26T06:19:22.508+0000] {dag.py:3239} INFO - Sync 4 DAGs
[2026-02-26T06:19:22.518+0000] {logging_mixin.py:190} INFO - [2026-02-26T06:19:22.518+0000] {dag.py:4180} INFO - Setting next_dagrun for dataset_alias_example_alias_consumer to None, run_after=None
[2026-02-26T06:19:22.519+0000] {logging_mixin.py:190} INFO - [2026-02-26T06:19:22.519+0000] {dag.py:4180} INFO - Setting next_dagrun for dataset_alias_example_alias_producer to None, run_after=None
[2026-02-26T06:19:22.520+0000] {logging_mixin.py:190} INFO - [2026-02-26T06:19:22.520+0000] {dag.py:4180} INFO - Setting next_dagrun for dataset_s3_bucket_consumer to None, run_after=None
[2026-02-26T06:19:22.520+0000] {logging_mixin.py:190} INFO - [2026-02-26T06:19:22.520+0000] {dag.py:4180} INFO - Setting next_dagrun for dataset_s3_bucket_producer to None, run_after=None
[2026-02-26T06:19:22.537+0000] {processor.py:208} INFO - Processing /home/ubuntu/airflow-venv/lib/python3.12/site-packages/airflow/example_dags/example_dataset_alias.py took 0.138 seconds
[2026-02-26T06:20:17.927+0000] {processor.py:186} INFO - Started process (PID=3113) to work on /home/ubuntu/airflow-venv/lib/python3.12/site-packages/airflow/example_dags/example_dataset_alias.py
[2026-02-26T06:20:17.928+0000] {processor.py:914} INFO - Processing file /home/ubuntu/airflow-venv/lib/python3.12/site-packages/airflow/example_dags/example_dataset_alias.py for tasks to queue
[2026-02-26T06:20:17.930+0000] {logging_mixin.py:190} INFO - [2026-02-26T06:20:17.930+0000] {dagbag.py:588} INFO - Filling up the DagBag from /home/ubuntu/airflow-venv/lib/python3.12/site-packages/airflow/example_dags/example_dataset_alias.py
[2026-02-26T06:20:17.945+0000] {processor.py:925} INFO - DAG(s) 'dataset_s3_bucket_producer', 'dataset_alias_example_alias_consumer', 'dataset_alias_example_alias_producer', 'dataset_s3_bucket_consumer' retrieved from /home/ubuntu/airflow-venv/lib/python3.12/site-packages/airflow/example_dags/example_dataset_alias.py
[2026-02-26T06:20:17.958+0000] {logging_mixin.py:190} INFO - [2026-02-26T06:20:17.958+0000] {dag.py:3239} INFO - Sync 4 DAGs
[2026-02-26T06:20:17.970+0000] {logging_mixin.py:190} INFO - [2026-02-26T06:20:17.970+0000] {dag.py:4180} INFO - Setting next_dagrun for dataset_alias_example_alias_consumer to None, run_after=None
[2026-02-26T06:20:17.971+0000] {logging_mixin.py:190} INFO - [2026-02-26T06:20:17.971+0000] {dag.py:4180} INFO - Setting next_dagrun for dataset_alias_example_alias_producer to None, run_after=None
[2026-02-26T06:20:17.972+0000] {logging_mixin.py:190} INFO - [2026-02-26T06:20:17.972+0000] {dag.py:4180} INFO - Setting next_dagrun for dataset_s3_bucket_consumer to None, run_after=None
[2026-02-26T06:20:17.972+0000] {logging_mixin.py:190} INFO - [2026-02-26T06:20:17.972+0000] {dag.py:4180} INFO - Setting next_dagrun for dataset_s3_bucket_producer to None, run_after=None
[2026-02-26T06:20:17.990+0000] {processor.py:208} INFO - Processing /home/ubuntu/airflow-venv/lib/python3.12/site-packages/airflow/example_dags/example_dataset_alias.py took 0.067 seconds
[2026-02-26T06:21:29.827+0000] {processor.py:186} INFO - Started process (PID=3193) to work on /home/ubuntu/airflow-venv/lib/python3.12/site-packages/airflow/example_dags/example_dataset_alias.py
[2026-02-26T06:21:29.828+0000] {processor.py:914} INFO - Processing file /home/ubuntu/airflow-venv/lib/python3.12/site-packages/airflow/example_dags/example_dataset_alias.py for tasks to queue
[2026-02-26T06:21:29.830+0000] {logging_mixin.py:190} INFO - [2026-02-26T06:21:29.829+0000] {dagbag.py:588} INFO - Filling up the DagBag from /home/ubuntu/airflow-venv/lib/python3.12/site-packages/airflow/example_dags/example_dataset_alias.py
[2026-02-26T06:21:29.845+0000] {processor.py:925} INFO - DAG(s) 'dataset_s3_bucket_consumer', 'dataset_s3_bucket_producer', 'dataset_alias_example_alias_producer', 'dataset_alias_example_alias_consumer' retrieved from /home/ubuntu/airflow-venv/lib/python3.12/site-packages/airflow/example_dags/example_dataset_alias.py
[2026-02-26T06:21:29.858+0000] {logging_mixin.py:190} INFO - [2026-02-26T06:21:29.858+0000] {dag.py:3239} INFO - Sync 4 DAGs
[2026-02-26T06:21:29.871+0000] {logging_mixin.py:190} INFO - [2026-02-26T06:21:29.871+0000] {dag.py:4180} INFO - Setting next_dagrun for dataset_alias_example_alias_consumer to None, run_after=None
[2026-02-26T06:21:29.872+0000] {logging_mixin.py:190} INFO - [2026-02-26T06:21:29.872+0000] {dag.py:4180} INFO - Setting next_dagrun for dataset_alias_example_alias_producer to None, run_after=None
[2026-02-26T06:21:29.873+0000] {logging_mixin.py:190} INFO - [2026-02-26T06:21:29.873+0000] {dag.py:4180} INFO - Setting next_dagrun for dataset_s3_bucket_consumer to None, run_after=None
[2026-02-26T06:21:29.873+0000] {logging_mixin.py:190} INFO - [2026-02-26T06:21:29.873+0000] {dag.py:4180} INFO - Setting next_dagrun for dataset_s3_bucket_producer to None, run_after=None
[2026-02-26T06:21:29.892+0000] {processor.py:208} INFO - Processing /home/ubuntu/airflow-venv/lib/python3.12/site-packages/airflow/example_dags/example_dataset_alias.py took 0.068 seconds
[2026-02-26T06:22:42.874+0000] {processor.py:186} INFO - Started process (PID=3271) to work on /home/ubuntu/airflow-venv/lib/python3.12/site-packages/airflow/example_dags/example_dataset_alias.py
[2026-02-26T06:22:42.875+0000] {processor.py:914} INFO - Processing file /home/ubuntu/airflow-venv/lib/python3.12/site-packages/airflow/example_dags/example_dataset_alias.py for tasks to queue
[2026-02-26T06:22:42.877+0000] {logging_mixin.py:190} INFO - [2026-02-26T06:22:42.876+0000] {dagbag.py:588} INFO - Filling up the DagBag from /home/ubuntu/airflow-venv/lib/python3.12/site-packages/airflow/example_dags/example_dataset_alias.py
[2026-02-26T06:22:42.892+0000] {processor.py:925} INFO - DAG(s) 'dataset_alias_example_alias_consumer', 'dataset_s3_bucket_consumer', 'dataset_alias_example_alias_producer', 'dataset_s3_bucket_producer' retrieved from /home/ubuntu/airflow-venv/lib/python3.12/site-packages/airflow/example_dags/example_dataset_alias.py
[2026-02-26T06:22:42.905+0000] {logging_mixin.py:190} INFO - [2026-02-26T06:22:42.905+0000] {dag.py:3239} INFO - Sync 4 DAGs
[2026-02-26T06:22:42.918+0000] {logging_mixin.py:190} INFO - [2026-02-26T06:22:42.918+0000] {dag.py:4180} INFO - Setting next_dagrun for dataset_alias_example_alias_consumer to None, run_after=None
[2026-02-26T06:22:42.920+0000] {logging_mixin.py:190} INFO - [2026-02-26T06:22:42.920+0000] {dag.py:4180} INFO - Setting next_dagrun for dataset_alias_example_alias_producer to None, run_after=None
[2026-02-26T06:22:42.920+0000] {logging_mixin.py:190} INFO - [2026-02-26T06:22:42.920+0000] {dag.py:4180} INFO - Setting next_dagrun for dataset_s3_bucket_consumer to None, run_after=None
[2026-02-26T06:22:42.921+0000] {logging_mixin.py:190} INFO - [2026-02-26T06:22:42.921+0000] {dag.py:4180} INFO - Setting next_dagrun for dataset_s3_bucket_producer to None, run_after=None
[2026-02-26T06:22:42.939+0000] {processor.py:208} INFO - Processing /home/ubuntu/airflow-venv/lib/python3.12/site-packages/airflow/example_dags/example_dataset_alias.py took 0.069 seconds
[2026-02-26T06:24:00.724+0000] {processor.py:186} INFO - Started process (PID=3350) to work on /home/ubuntu/airflow-venv/lib/python3.12/site-packages/airflow/example_dags/example_dataset_alias.py
[2026-02-26T06:24:00.725+0000] {processor.py:914} INFO - Processing file /home/ubuntu/airflow-venv/lib/python3.12/site-packages/airflow/example_dags/example_dataset_alias.py for tasks to queue
[2026-02-26T06:24:00.726+0000] {logging_mixin.py:190} INFO - [2026-02-26T06:24:00.726+0000] {dagbag.py:588} INFO - Filling up the DagBag from /home/ubuntu/airflow-venv/lib/python3.12/site-packages/airflow/example_dags/example_dataset_alias.py
[2026-02-26T06:24:00.742+0000] {processor.py:925} INFO - DAG(s) 'dataset_s3_bucket_producer', 'dataset_alias_example_alias_producer', 'dataset_s3_bucket_consumer', 'dataset_alias_example_alias_consumer' retrieved from /home/ubuntu/airflow-venv/lib/python3.12/site-packages/airflow/example_dags/example_dataset_alias.py
[2026-02-26T06:24:00.754+0000] {logging_mixin.py:190} INFO - [2026-02-26T06:24:00.754+0000] {dag.py:3239} INFO - Sync 4 DAGs
[2026-02-26T06:24:00.766+0000] {logging_mixin.py:190} INFO - [2026-02-26T06:24:00.766+0000] {dag.py:4180} INFO - Setting next_dagrun for dataset_alias_example_alias_consumer to None, run_after=None
[2026-02-26T06:24:00.768+0000] {logging_mixin.py:190} INFO - [2026-02-26T06:24:00.768+0000] {dag.py:4180} INFO - Setting next_dagrun for dataset_alias_example_alias_producer to None, run_after=None
[2026-02-26T06:24:00.769+0000] {logging_mixin.py:190} INFO - [2026-02-26T06:24:00.769+0000] {dag.py:4180} INFO - Setting next_dagrun for dataset_s3_bucket_consumer to None, run_after=None
[2026-02-26T06:24:00.770+0000] {logging_mixin.py:190} INFO - [2026-02-26T06:24:00.770+0000] {dag.py:4180} INFO - Setting next_dagrun for dataset_s3_bucket_producer to None, run_after=None
[2026-02-26T06:24:00.788+0000] {processor.py:208} INFO - Processing /home/ubuntu/airflow-venv/lib/python3.12/site-packages/airflow/example_dags/example_dataset_alias.py took 0.068 seconds
