[2026-02-26T05:22:46.926+0000] {processor.py:186} INFO - Started process (PID=2126) to work on /home/ubuntu/airflow-venv/lib/python3.12/site-packages/airflow/example_dags/example_subdag_operator.py
[2026-02-26T05:22:46.926+0000] {processor.py:914} INFO - Processing file /home/ubuntu/airflow-venv/lib/python3.12/site-packages/airflow/example_dags/example_subdag_operator.py for tasks to queue
[2026-02-26T05:22:46.928+0000] {logging_mixin.py:190} INFO - [2026-02-26T05:22:46.927+0000] {dagbag.py:588} INFO - Filling up the DagBag from /home/ubuntu/airflow-venv/lib/python3.12/site-packages/airflow/example_dags/example_subdag_operator.py
[2026-02-26T05:22:46.942+0000] {processor.py:925} INFO - DAG(s) 'example_subdag_operator.section-1', 'example_subdag_operator.section-2', 'example_subdag_operator' retrieved from /home/ubuntu/airflow-venv/lib/python3.12/site-packages/airflow/example_dags/example_subdag_operator.py
[2026-02-26T05:22:46.952+0000] {logging_mixin.py:190} INFO - [2026-02-26T05:22:46.951+0000] {dag.py:3239} INFO - Sync 3 DAGs
[2026-02-26T05:22:46.963+0000] {logging_mixin.py:190} INFO - [2026-02-26T05:22:46.963+0000] {dag.py:4180} INFO - Setting next_dagrun for example_subdag_operator to 2022-01-01 00:00:00+00:00, run_after=2022-01-01 00:00:00+00:00
[2026-02-26T05:22:46.965+0000] {logging_mixin.py:190} INFO - [2026-02-26T05:22:46.965+0000] {dag.py:4180} INFO - Setting next_dagrun for example_subdag_operator.section-1 to None, run_after=None
[2026-02-26T05:22:46.966+0000] {logging_mixin.py:190} INFO - [2026-02-26T05:22:46.966+0000] {dag.py:4180} INFO - Setting next_dagrun for example_subdag_operator.section-2 to None, run_after=None
[2026-02-26T05:22:46.969+0000] {logging_mixin.py:190} INFO - [2026-02-26T05:22:46.969+0000] {dag.py:3239} INFO - Sync 2 DAGs
[2026-02-26T05:22:46.971+0000] {logging_mixin.py:190} INFO - [2026-02-26T05:22:46.971+0000] {dag.py:4180} INFO - Setting next_dagrun for example_subdag_operator.section-1 to None, run_after=None
[2026-02-26T05:22:46.971+0000] {logging_mixin.py:190} INFO - [2026-02-26T05:22:46.971+0000] {dag.py:4180} INFO - Setting next_dagrun for example_subdag_operator.section-2 to None, run_after=None
[2026-02-26T05:22:46.983+0000] {processor.py:208} INFO - Processing /home/ubuntu/airflow-venv/lib/python3.12/site-packages/airflow/example_dags/example_subdag_operator.py took 0.060 seconds
[2026-02-26T05:23:42.326+0000] {processor.py:186} INFO - Started process (PID=2190) to work on /home/ubuntu/airflow-venv/lib/python3.12/site-packages/airflow/example_dags/example_subdag_operator.py
[2026-02-26T05:23:42.327+0000] {processor.py:914} INFO - Processing file /home/ubuntu/airflow-venv/lib/python3.12/site-packages/airflow/example_dags/example_subdag_operator.py for tasks to queue
[2026-02-26T05:23:42.328+0000] {logging_mixin.py:190} INFO - [2026-02-26T05:23:42.328+0000] {dagbag.py:588} INFO - Filling up the DagBag from /home/ubuntu/airflow-venv/lib/python3.12/site-packages/airflow/example_dags/example_subdag_operator.py
[2026-02-26T05:23:42.341+0000] {processor.py:925} INFO - DAG(s) 'example_subdag_operator.section-1', 'example_subdag_operator.section-2', 'example_subdag_operator' retrieved from /home/ubuntu/airflow-venv/lib/python3.12/site-packages/airflow/example_dags/example_subdag_operator.py
[2026-02-26T05:23:42.351+0000] {logging_mixin.py:190} INFO - [2026-02-26T05:23:42.351+0000] {dag.py:3239} INFO - Sync 3 DAGs
[2026-02-26T05:23:42.362+0000] {logging_mixin.py:190} INFO - [2026-02-26T05:23:42.362+0000] {dag.py:4180} INFO - Setting next_dagrun for example_subdag_operator to 2022-01-01 00:00:00+00:00, run_after=2022-01-01 00:00:00+00:00
[2026-02-26T05:23:42.365+0000] {logging_mixin.py:190} INFO - [2026-02-26T05:23:42.364+0000] {dag.py:4180} INFO - Setting next_dagrun for example_subdag_operator.section-1 to None, run_after=None
[2026-02-26T05:23:42.365+0000] {logging_mixin.py:190} INFO - [2026-02-26T05:23:42.365+0000] {dag.py:4180} INFO - Setting next_dagrun for example_subdag_operator.section-2 to None, run_after=None
[2026-02-26T05:23:42.368+0000] {logging_mixin.py:190} INFO - [2026-02-26T05:23:42.368+0000] {dag.py:3239} INFO - Sync 2 DAGs
[2026-02-26T05:23:42.370+0000] {logging_mixin.py:190} INFO - [2026-02-26T05:23:42.370+0000] {dag.py:4180} INFO - Setting next_dagrun for example_subdag_operator.section-1 to None, run_after=None
[2026-02-26T05:23:42.370+0000] {logging_mixin.py:190} INFO - [2026-02-26T05:23:42.370+0000] {dag.py:4180} INFO - Setting next_dagrun for example_subdag_operator.section-2 to None, run_after=None
[2026-02-26T05:23:42.382+0000] {processor.py:208} INFO - Processing /home/ubuntu/airflow-venv/lib/python3.12/site-packages/airflow/example_dags/example_subdag_operator.py took 0.060 seconds
[2026-02-26T05:24:32.566+0000] {processor.py:186} INFO - Started process (PID=2244) to work on /home/ubuntu/airflow-venv/lib/python3.12/site-packages/airflow/example_dags/example_subdag_operator.py
[2026-02-26T05:24:32.567+0000] {processor.py:914} INFO - Processing file /home/ubuntu/airflow-venv/lib/python3.12/site-packages/airflow/example_dags/example_subdag_operator.py for tasks to queue
[2026-02-26T05:24:32.568+0000] {logging_mixin.py:190} INFO - [2026-02-26T05:24:32.568+0000] {dagbag.py:588} INFO - Filling up the DagBag from /home/ubuntu/airflow-venv/lib/python3.12/site-packages/airflow/example_dags/example_subdag_operator.py
[2026-02-26T05:24:32.582+0000] {processor.py:925} INFO - DAG(s) 'example_subdag_operator.section-1', 'example_subdag_operator.section-2', 'example_subdag_operator' retrieved from /home/ubuntu/airflow-venv/lib/python3.12/site-packages/airflow/example_dags/example_subdag_operator.py
[2026-02-26T05:24:32.590+0000] {logging_mixin.py:190} INFO - [2026-02-26T05:24:32.590+0000] {dag.py:3239} INFO - Sync 3 DAGs
[2026-02-26T05:24:32.601+0000] {logging_mixin.py:190} INFO - [2026-02-26T05:24:32.601+0000] {dag.py:4180} INFO - Setting next_dagrun for example_subdag_operator to 2022-01-01 00:00:00+00:00, run_after=2022-01-01 00:00:00+00:00
[2026-02-26T05:24:32.603+0000] {logging_mixin.py:190} INFO - [2026-02-26T05:24:32.602+0000] {dag.py:4180} INFO - Setting next_dagrun for example_subdag_operator.section-1 to None, run_after=None
[2026-02-26T05:24:32.603+0000] {logging_mixin.py:190} INFO - [2026-02-26T05:24:32.603+0000] {dag.py:4180} INFO - Setting next_dagrun for example_subdag_operator.section-2 to None, run_after=None
[2026-02-26T05:24:32.606+0000] {logging_mixin.py:190} INFO - [2026-02-26T05:24:32.606+0000] {dag.py:3239} INFO - Sync 2 DAGs
[2026-02-26T05:24:32.608+0000] {logging_mixin.py:190} INFO - [2026-02-26T05:24:32.608+0000] {dag.py:4180} INFO - Setting next_dagrun for example_subdag_operator.section-1 to None, run_after=None
[2026-02-26T05:24:32.609+0000] {logging_mixin.py:190} INFO - [2026-02-26T05:24:32.609+0000] {dag.py:4180} INFO - Setting next_dagrun for example_subdag_operator.section-2 to None, run_after=None
[2026-02-26T05:24:32.620+0000] {processor.py:208} INFO - Processing /home/ubuntu/airflow-venv/lib/python3.12/site-packages/airflow/example_dags/example_subdag_operator.py took 0.058 seconds
[2026-02-26T05:25:22.308+0000] {processor.py:186} INFO - Started process (PID=2305) to work on /home/ubuntu/airflow-venv/lib/python3.12/site-packages/airflow/example_dags/example_subdag_operator.py
[2026-02-26T05:25:22.310+0000] {processor.py:914} INFO - Processing file /home/ubuntu/airflow-venv/lib/python3.12/site-packages/airflow/example_dags/example_subdag_operator.py for tasks to queue
[2026-02-26T05:25:22.311+0000] {logging_mixin.py:190} INFO - [2026-02-26T05:25:22.311+0000] {dagbag.py:588} INFO - Filling up the DagBag from /home/ubuntu/airflow-venv/lib/python3.12/site-packages/airflow/example_dags/example_subdag_operator.py
[2026-02-26T05:25:22.325+0000] {processor.py:925} INFO - DAG(s) 'example_subdag_operator.section-1', 'example_subdag_operator.section-2', 'example_subdag_operator' retrieved from /home/ubuntu/airflow-venv/lib/python3.12/site-packages/airflow/example_dags/example_subdag_operator.py
[2026-02-26T05:25:22.333+0000] {logging_mixin.py:190} INFO - [2026-02-26T05:25:22.333+0000] {dag.py:3239} INFO - Sync 3 DAGs
[2026-02-26T05:25:22.345+0000] {logging_mixin.py:190} INFO - [2026-02-26T05:25:22.344+0000] {dag.py:4180} INFO - Setting next_dagrun for example_subdag_operator to 2022-01-01 00:00:00+00:00, run_after=2022-01-01 00:00:00+00:00
[2026-02-26T05:25:22.346+0000] {logging_mixin.py:190} INFO - [2026-02-26T05:25:22.346+0000] {dag.py:4180} INFO - Setting next_dagrun for example_subdag_operator.section-1 to None, run_after=None
[2026-02-26T05:25:22.347+0000] {logging_mixin.py:190} INFO - [2026-02-26T05:25:22.347+0000] {dag.py:4180} INFO - Setting next_dagrun for example_subdag_operator.section-2 to None, run_after=None
[2026-02-26T05:25:22.350+0000] {logging_mixin.py:190} INFO - [2026-02-26T05:25:22.350+0000] {dag.py:3239} INFO - Sync 2 DAGs
[2026-02-26T05:25:22.352+0000] {logging_mixin.py:190} INFO - [2026-02-26T05:25:22.352+0000] {dag.py:4180} INFO - Setting next_dagrun for example_subdag_operator.section-1 to None, run_after=None
[2026-02-26T05:25:22.353+0000] {logging_mixin.py:190} INFO - [2026-02-26T05:25:22.353+0000] {dag.py:4180} INFO - Setting next_dagrun for example_subdag_operator.section-2 to None, run_after=None
[2026-02-26T05:25:22.364+0000] {processor.py:208} INFO - Processing /home/ubuntu/airflow-venv/lib/python3.12/site-packages/airflow/example_dags/example_subdag_operator.py took 0.059 seconds
[2026-02-26T05:26:17.232+0000] {processor.py:186} INFO - Started process (PID=2368) to work on /home/ubuntu/airflow-venv/lib/python3.12/site-packages/airflow/example_dags/example_subdag_operator.py
[2026-02-26T05:26:17.234+0000] {processor.py:914} INFO - Processing file /home/ubuntu/airflow-venv/lib/python3.12/site-packages/airflow/example_dags/example_subdag_operator.py for tasks to queue
[2026-02-26T05:26:17.235+0000] {logging_mixin.py:190} INFO - [2026-02-26T05:26:17.235+0000] {dagbag.py:588} INFO - Filling up the DagBag from /home/ubuntu/airflow-venv/lib/python3.12/site-packages/airflow/example_dags/example_subdag_operator.py
[2026-02-26T05:26:17.248+0000] {processor.py:925} INFO - DAG(s) 'example_subdag_operator.section-1', 'example_subdag_operator.section-2', 'example_subdag_operator' retrieved from /home/ubuntu/airflow-venv/lib/python3.12/site-packages/airflow/example_dags/example_subdag_operator.py
[2026-02-26T05:26:17.257+0000] {logging_mixin.py:190} INFO - [2026-02-26T05:26:17.256+0000] {dag.py:3239} INFO - Sync 3 DAGs
[2026-02-26T05:26:17.268+0000] {logging_mixin.py:190} INFO - [2026-02-26T05:26:17.268+0000] {dag.py:4180} INFO - Setting next_dagrun for example_subdag_operator to 2022-01-01 00:00:00+00:00, run_after=2022-01-01 00:00:00+00:00
[2026-02-26T05:26:17.270+0000] {logging_mixin.py:190} INFO - [2026-02-26T05:26:17.269+0000] {dag.py:4180} INFO - Setting next_dagrun for example_subdag_operator.section-1 to None, run_after=None
[2026-02-26T05:26:17.270+0000] {logging_mixin.py:190} INFO - [2026-02-26T05:26:17.270+0000] {dag.py:4180} INFO - Setting next_dagrun for example_subdag_operator.section-2 to None, run_after=None
[2026-02-26T05:26:17.273+0000] {logging_mixin.py:190} INFO - [2026-02-26T05:26:17.273+0000] {dag.py:3239} INFO - Sync 2 DAGs
[2026-02-26T05:26:17.276+0000] {logging_mixin.py:190} INFO - [2026-02-26T05:26:17.276+0000] {dag.py:4180} INFO - Setting next_dagrun for example_subdag_operator.section-1 to None, run_after=None
[2026-02-26T05:26:17.276+0000] {logging_mixin.py:190} INFO - [2026-02-26T05:26:17.276+0000] {dag.py:4180} INFO - Setting next_dagrun for example_subdag_operator.section-2 to None, run_after=None
[2026-02-26T05:26:17.288+0000] {processor.py:208} INFO - Processing /home/ubuntu/airflow-venv/lib/python3.12/site-packages/airflow/example_dags/example_subdag_operator.py took 0.059 seconds
[2026-02-26T05:27:05.822+0000] {processor.py:186} INFO - Started process (PID=2484) to work on /home/ubuntu/airflow-venv/lib/python3.12/site-packages/airflow/example_dags/example_subdag_operator.py
[2026-02-26T05:27:05.823+0000] {processor.py:914} INFO - Processing file /home/ubuntu/airflow-venv/lib/python3.12/site-packages/airflow/example_dags/example_subdag_operator.py for tasks to queue
[2026-02-26T05:27:05.825+0000] {logging_mixin.py:190} INFO - [2026-02-26T05:27:05.824+0000] {dagbag.py:588} INFO - Filling up the DagBag from /home/ubuntu/airflow-venv/lib/python3.12/site-packages/airflow/example_dags/example_subdag_operator.py
[2026-02-26T05:27:05.838+0000] {processor.py:925} INFO - DAG(s) 'example_subdag_operator.section-1', 'example_subdag_operator.section-2', 'example_subdag_operator' retrieved from /home/ubuntu/airflow-venv/lib/python3.12/site-packages/airflow/example_dags/example_subdag_operator.py
[2026-02-26T05:27:05.846+0000] {logging_mixin.py:190} INFO - [2026-02-26T05:27:05.846+0000] {dag.py:3239} INFO - Sync 3 DAGs
[2026-02-26T05:27:05.857+0000] {logging_mixin.py:190} INFO - [2026-02-26T05:27:05.857+0000] {dag.py:4180} INFO - Setting next_dagrun for example_subdag_operator to 2022-01-01 00:00:00+00:00, run_after=2022-01-01 00:00:00+00:00
[2026-02-26T05:27:05.859+0000] {logging_mixin.py:190} INFO - [2026-02-26T05:27:05.859+0000] {dag.py:4180} INFO - Setting next_dagrun for example_subdag_operator.section-1 to None, run_after=None
[2026-02-26T05:27:05.859+0000] {logging_mixin.py:190} INFO - [2026-02-26T05:27:05.859+0000] {dag.py:4180} INFO - Setting next_dagrun for example_subdag_operator.section-2 to None, run_after=None
[2026-02-26T05:27:05.863+0000] {logging_mixin.py:190} INFO - [2026-02-26T05:27:05.863+0000] {dag.py:3239} INFO - Sync 2 DAGs
[2026-02-26T05:27:05.865+0000] {logging_mixin.py:190} INFO - [2026-02-26T05:27:05.865+0000] {dag.py:4180} INFO - Setting next_dagrun for example_subdag_operator.section-1 to None, run_after=None
[2026-02-26T05:27:05.865+0000] {logging_mixin.py:190} INFO - [2026-02-26T05:27:05.865+0000] {dag.py:4180} INFO - Setting next_dagrun for example_subdag_operator.section-2 to None, run_after=None
[2026-02-26T05:27:05.876+0000] {processor.py:208} INFO - Processing /home/ubuntu/airflow-venv/lib/python3.12/site-packages/airflow/example_dags/example_subdag_operator.py took 0.057 seconds
[2026-02-26T05:27:54.313+0000] {processor.py:186} INFO - Started process (PID=2841) to work on /home/ubuntu/airflow-venv/lib/python3.12/site-packages/airflow/example_dags/example_subdag_operator.py
[2026-02-26T05:27:54.314+0000] {processor.py:914} INFO - Processing file /home/ubuntu/airflow-venv/lib/python3.12/site-packages/airflow/example_dags/example_subdag_operator.py for tasks to queue
[2026-02-26T05:27:54.315+0000] {logging_mixin.py:190} INFO - [2026-02-26T05:27:54.315+0000] {dagbag.py:588} INFO - Filling up the DagBag from /home/ubuntu/airflow-venv/lib/python3.12/site-packages/airflow/example_dags/example_subdag_operator.py
[2026-02-26T05:27:54.329+0000] {processor.py:925} INFO - DAG(s) 'example_subdag_operator.section-1', 'example_subdag_operator.section-2', 'example_subdag_operator' retrieved from /home/ubuntu/airflow-venv/lib/python3.12/site-packages/airflow/example_dags/example_subdag_operator.py
[2026-02-26T05:27:54.338+0000] {logging_mixin.py:190} INFO - [2026-02-26T05:27:54.337+0000] {dag.py:3239} INFO - Sync 3 DAGs
[2026-02-26T05:27:54.349+0000] {logging_mixin.py:190} INFO - [2026-02-26T05:27:54.349+0000] {dag.py:4180} INFO - Setting next_dagrun for example_subdag_operator to 2022-01-01 00:00:00+00:00, run_after=2022-01-01 00:00:00+00:00
[2026-02-26T05:27:54.351+0000] {logging_mixin.py:190} INFO - [2026-02-26T05:27:54.351+0000] {dag.py:4180} INFO - Setting next_dagrun for example_subdag_operator.section-1 to None, run_after=None
[2026-02-26T05:27:54.420+0000] {logging_mixin.py:190} INFO - [2026-02-26T05:27:54.420+0000] {dag.py:4180} INFO - Setting next_dagrun for example_subdag_operator.section-2 to None, run_after=None
[2026-02-26T05:27:54.423+0000] {logging_mixin.py:190} INFO - [2026-02-26T05:27:54.423+0000] {dag.py:3239} INFO - Sync 2 DAGs
[2026-02-26T05:27:54.425+0000] {logging_mixin.py:190} INFO - [2026-02-26T05:27:54.425+0000] {dag.py:4180} INFO - Setting next_dagrun for example_subdag_operator.section-1 to None, run_after=None
[2026-02-26T05:27:54.425+0000] {logging_mixin.py:190} INFO - [2026-02-26T05:27:54.425+0000] {dag.py:4180} INFO - Setting next_dagrun for example_subdag_operator.section-2 to None, run_after=None
[2026-02-26T05:27:54.437+0000] {processor.py:208} INFO - Processing /home/ubuntu/airflow-venv/lib/python3.12/site-packages/airflow/example_dags/example_subdag_operator.py took 0.127 seconds
[2026-02-26T05:28:47.527+0000] {processor.py:186} INFO - Started process (PID=2896) to work on /home/ubuntu/airflow-venv/lib/python3.12/site-packages/airflow/example_dags/example_subdag_operator.py
[2026-02-26T05:28:47.528+0000] {processor.py:914} INFO - Processing file /home/ubuntu/airflow-venv/lib/python3.12/site-packages/airflow/example_dags/example_subdag_operator.py for tasks to queue
[2026-02-26T05:28:47.530+0000] {logging_mixin.py:190} INFO - [2026-02-26T05:28:47.529+0000] {dagbag.py:588} INFO - Filling up the DagBag from /home/ubuntu/airflow-venv/lib/python3.12/site-packages/airflow/example_dags/example_subdag_operator.py
[2026-02-26T05:28:47.543+0000] {processor.py:925} INFO - DAG(s) 'example_subdag_operator.section-1', 'example_subdag_operator.section-2', 'example_subdag_operator' retrieved from /home/ubuntu/airflow-venv/lib/python3.12/site-packages/airflow/example_dags/example_subdag_operator.py
[2026-02-26T05:28:47.552+0000] {logging_mixin.py:190} INFO - [2026-02-26T05:28:47.551+0000] {dag.py:3239} INFO - Sync 3 DAGs
[2026-02-26T05:28:47.563+0000] {logging_mixin.py:190} INFO - [2026-02-26T05:28:47.563+0000] {dag.py:4180} INFO - Setting next_dagrun for example_subdag_operator to 2022-01-01 00:00:00+00:00, run_after=2022-01-01 00:00:00+00:00
[2026-02-26T05:28:47.565+0000] {logging_mixin.py:190} INFO - [2026-02-26T05:28:47.565+0000] {dag.py:4180} INFO - Setting next_dagrun for example_subdag_operator.section-1 to None, run_after=None
[2026-02-26T05:28:47.566+0000] {logging_mixin.py:190} INFO - [2026-02-26T05:28:47.566+0000] {dag.py:4180} INFO - Setting next_dagrun for example_subdag_operator.section-2 to None, run_after=None
[2026-02-26T05:28:47.569+0000] {logging_mixin.py:190} INFO - [2026-02-26T05:28:47.569+0000] {dag.py:3239} INFO - Sync 2 DAGs
[2026-02-26T05:28:47.571+0000] {logging_mixin.py:190} INFO - [2026-02-26T05:28:47.571+0000] {dag.py:4180} INFO - Setting next_dagrun for example_subdag_operator.section-1 to None, run_after=None
[2026-02-26T05:28:47.571+0000] {logging_mixin.py:190} INFO - [2026-02-26T05:28:47.571+0000] {dag.py:4180} INFO - Setting next_dagrun for example_subdag_operator.section-2 to None, run_after=None
[2026-02-26T05:28:47.583+0000] {processor.py:208} INFO - Processing /home/ubuntu/airflow-venv/lib/python3.12/site-packages/airflow/example_dags/example_subdag_operator.py took 0.059 seconds
[2026-02-26T05:29:40.474+0000] {processor.py:186} INFO - Started process (PID=2948) to work on /home/ubuntu/airflow-venv/lib/python3.12/site-packages/airflow/example_dags/example_subdag_operator.py
[2026-02-26T05:29:40.476+0000] {processor.py:914} INFO - Processing file /home/ubuntu/airflow-venv/lib/python3.12/site-packages/airflow/example_dags/example_subdag_operator.py for tasks to queue
[2026-02-26T05:29:40.477+0000] {logging_mixin.py:190} INFO - [2026-02-26T05:29:40.477+0000] {dagbag.py:588} INFO - Filling up the DagBag from /home/ubuntu/airflow-venv/lib/python3.12/site-packages/airflow/example_dags/example_subdag_operator.py
[2026-02-26T05:29:40.491+0000] {processor.py:925} INFO - DAG(s) 'example_subdag_operator.section-1', 'example_subdag_operator.section-2', 'example_subdag_operator' retrieved from /home/ubuntu/airflow-venv/lib/python3.12/site-packages/airflow/example_dags/example_subdag_operator.py
[2026-02-26T05:29:40.500+0000] {logging_mixin.py:190} INFO - [2026-02-26T05:29:40.500+0000] {dag.py:3239} INFO - Sync 3 DAGs
[2026-02-26T05:29:40.512+0000] {logging_mixin.py:190} INFO - [2026-02-26T05:29:40.511+0000] {dag.py:4180} INFO - Setting next_dagrun for example_subdag_operator to 2022-01-01 00:00:00+00:00, run_after=2022-01-01 00:00:00+00:00
[2026-02-26T05:29:40.513+0000] {logging_mixin.py:190} INFO - [2026-02-26T05:29:40.513+0000] {dag.py:4180} INFO - Setting next_dagrun for example_subdag_operator.section-1 to None, run_after=None
[2026-02-26T05:29:40.514+0000] {logging_mixin.py:190} INFO - [2026-02-26T05:29:40.514+0000] {dag.py:4180} INFO - Setting next_dagrun for example_subdag_operator.section-2 to None, run_after=None
[2026-02-26T05:29:40.517+0000] {logging_mixin.py:190} INFO - [2026-02-26T05:29:40.517+0000] {dag.py:3239} INFO - Sync 2 DAGs
[2026-02-26T05:29:40.519+0000] {logging_mixin.py:190} INFO - [2026-02-26T05:29:40.519+0000] {dag.py:4180} INFO - Setting next_dagrun for example_subdag_operator.section-1 to None, run_after=None
[2026-02-26T05:29:40.520+0000] {logging_mixin.py:190} INFO - [2026-02-26T05:29:40.520+0000] {dag.py:4180} INFO - Setting next_dagrun for example_subdag_operator.section-2 to None, run_after=None
[2026-02-26T05:29:40.531+0000] {processor.py:208} INFO - Processing /home/ubuntu/airflow-venv/lib/python3.12/site-packages/airflow/example_dags/example_subdag_operator.py took 0.060 seconds
[2026-02-26T05:30:31.398+0000] {processor.py:186} INFO - Started process (PID=3007) to work on /home/ubuntu/airflow-venv/lib/python3.12/site-packages/airflow/example_dags/example_subdag_operator.py
[2026-02-26T05:30:31.399+0000] {processor.py:914} INFO - Processing file /home/ubuntu/airflow-venv/lib/python3.12/site-packages/airflow/example_dags/example_subdag_operator.py for tasks to queue
[2026-02-26T05:30:31.401+0000] {logging_mixin.py:190} INFO - [2026-02-26T05:30:31.400+0000] {dagbag.py:588} INFO - Filling up the DagBag from /home/ubuntu/airflow-venv/lib/python3.12/site-packages/airflow/example_dags/example_subdag_operator.py
[2026-02-26T05:30:31.414+0000] {processor.py:925} INFO - DAG(s) 'example_subdag_operator.section-1', 'example_subdag_operator.section-2', 'example_subdag_operator' retrieved from /home/ubuntu/airflow-venv/lib/python3.12/site-packages/airflow/example_dags/example_subdag_operator.py
[2026-02-26T05:30:31.423+0000] {logging_mixin.py:190} INFO - [2026-02-26T05:30:31.423+0000] {dag.py:3239} INFO - Sync 3 DAGs
[2026-02-26T05:30:31.435+0000] {logging_mixin.py:190} INFO - [2026-02-26T05:30:31.435+0000] {dag.py:4180} INFO - Setting next_dagrun for example_subdag_operator to 2022-01-01 00:00:00+00:00, run_after=2022-01-01 00:00:00+00:00
[2026-02-26T05:30:31.437+0000] {logging_mixin.py:190} INFO - [2026-02-26T05:30:31.437+0000] {dag.py:4180} INFO - Setting next_dagrun for example_subdag_operator.section-1 to None, run_after=None
[2026-02-26T05:30:31.438+0000] {logging_mixin.py:190} INFO - [2026-02-26T05:30:31.438+0000] {dag.py:4180} INFO - Setting next_dagrun for example_subdag_operator.section-2 to None, run_after=None
[2026-02-26T05:30:31.441+0000] {logging_mixin.py:190} INFO - [2026-02-26T05:30:31.441+0000] {dag.py:3239} INFO - Sync 2 DAGs
[2026-02-26T05:30:31.443+0000] {logging_mixin.py:190} INFO - [2026-02-26T05:30:31.443+0000] {dag.py:4180} INFO - Setting next_dagrun for example_subdag_operator.section-1 to None, run_after=None
[2026-02-26T05:30:31.444+0000] {logging_mixin.py:190} INFO - [2026-02-26T05:30:31.444+0000] {dag.py:4180} INFO - Setting next_dagrun for example_subdag_operator.section-2 to None, run_after=None
[2026-02-26T05:30:31.455+0000] {processor.py:208} INFO - Processing /home/ubuntu/airflow-venv/lib/python3.12/site-packages/airflow/example_dags/example_subdag_operator.py took 0.061 seconds
[2026-02-26T05:31:23.775+0000] {processor.py:186} INFO - Started process (PID=3060) to work on /home/ubuntu/airflow-venv/lib/python3.12/site-packages/airflow/example_dags/example_subdag_operator.py
[2026-02-26T05:31:23.776+0000] {processor.py:914} INFO - Processing file /home/ubuntu/airflow-venv/lib/python3.12/site-packages/airflow/example_dags/example_subdag_operator.py for tasks to queue
[2026-02-26T05:31:23.778+0000] {logging_mixin.py:190} INFO - [2026-02-26T05:31:23.777+0000] {dagbag.py:588} INFO - Filling up the DagBag from /home/ubuntu/airflow-venv/lib/python3.12/site-packages/airflow/example_dags/example_subdag_operator.py
[2026-02-26T05:31:23.791+0000] {processor.py:925} INFO - DAG(s) 'example_subdag_operator.section-1', 'example_subdag_operator.section-2', 'example_subdag_operator' retrieved from /home/ubuntu/airflow-venv/lib/python3.12/site-packages/airflow/example_dags/example_subdag_operator.py
[2026-02-26T05:31:23.799+0000] {logging_mixin.py:190} INFO - [2026-02-26T05:31:23.799+0000] {dag.py:3239} INFO - Sync 3 DAGs
[2026-02-26T05:31:23.811+0000] {logging_mixin.py:190} INFO - [2026-02-26T05:31:23.811+0000] {dag.py:4180} INFO - Setting next_dagrun for example_subdag_operator to 2022-01-01 00:00:00+00:00, run_after=2022-01-01 00:00:00+00:00
[2026-02-26T05:31:23.813+0000] {logging_mixin.py:190} INFO - [2026-02-26T05:31:23.813+0000] {dag.py:4180} INFO - Setting next_dagrun for example_subdag_operator.section-1 to None, run_after=None
[2026-02-26T05:31:23.813+0000] {logging_mixin.py:190} INFO - [2026-02-26T05:31:23.813+0000] {dag.py:4180} INFO - Setting next_dagrun for example_subdag_operator.section-2 to None, run_after=None
[2026-02-26T05:31:23.816+0000] {logging_mixin.py:190} INFO - [2026-02-26T05:31:23.816+0000] {dag.py:3239} INFO - Sync 2 DAGs
[2026-02-26T05:31:23.819+0000] {logging_mixin.py:190} INFO - [2026-02-26T05:31:23.818+0000] {dag.py:4180} INFO - Setting next_dagrun for example_subdag_operator.section-1 to None, run_after=None
[2026-02-26T05:31:23.819+0000] {logging_mixin.py:190} INFO - [2026-02-26T05:31:23.819+0000] {dag.py:4180} INFO - Setting next_dagrun for example_subdag_operator.section-2 to None, run_after=None
[2026-02-26T05:31:23.830+0000] {processor.py:208} INFO - Processing /home/ubuntu/airflow-venv/lib/python3.12/site-packages/airflow/example_dags/example_subdag_operator.py took 0.058 seconds
[2026-02-26T05:32:16.227+0000] {processor.py:186} INFO - Started process (PID=3113) to work on /home/ubuntu/airflow-venv/lib/python3.12/site-packages/airflow/example_dags/example_subdag_operator.py
[2026-02-26T05:32:16.228+0000] {processor.py:914} INFO - Processing file /home/ubuntu/airflow-venv/lib/python3.12/site-packages/airflow/example_dags/example_subdag_operator.py for tasks to queue
[2026-02-26T05:32:16.230+0000] {logging_mixin.py:190} INFO - [2026-02-26T05:32:16.229+0000] {dagbag.py:588} INFO - Filling up the DagBag from /home/ubuntu/airflow-venv/lib/python3.12/site-packages/airflow/example_dags/example_subdag_operator.py
[2026-02-26T05:32:16.243+0000] {processor.py:925} INFO - DAG(s) 'example_subdag_operator.section-1', 'example_subdag_operator.section-2', 'example_subdag_operator' retrieved from /home/ubuntu/airflow-venv/lib/python3.12/site-packages/airflow/example_dags/example_subdag_operator.py
[2026-02-26T05:32:16.251+0000] {logging_mixin.py:190} INFO - [2026-02-26T05:32:16.251+0000] {dag.py:3239} INFO - Sync 3 DAGs
[2026-02-26T05:32:16.265+0000] {logging_mixin.py:190} INFO - [2026-02-26T05:32:16.265+0000] {dag.py:4180} INFO - Setting next_dagrun for example_subdag_operator to 2022-01-01 00:00:00+00:00, run_after=2022-01-01 00:00:00+00:00
[2026-02-26T05:32:16.266+0000] {logging_mixin.py:190} INFO - [2026-02-26T05:32:16.266+0000] {dag.py:4180} INFO - Setting next_dagrun for example_subdag_operator.section-1 to None, run_after=None
[2026-02-26T05:32:16.267+0000] {logging_mixin.py:190} INFO - [2026-02-26T05:32:16.267+0000] {dag.py:4180} INFO - Setting next_dagrun for example_subdag_operator.section-2 to None, run_after=None
[2026-02-26T05:32:16.270+0000] {logging_mixin.py:190} INFO - [2026-02-26T05:32:16.270+0000] {dag.py:3239} INFO - Sync 2 DAGs
[2026-02-26T05:32:16.272+0000] {logging_mixin.py:190} INFO - [2026-02-26T05:32:16.272+0000] {dag.py:4180} INFO - Setting next_dagrun for example_subdag_operator.section-1 to None, run_after=None
[2026-02-26T05:32:16.273+0000] {logging_mixin.py:190} INFO - [2026-02-26T05:32:16.273+0000] {dag.py:4180} INFO - Setting next_dagrun for example_subdag_operator.section-2 to None, run_after=None
[2026-02-26T05:32:16.284+0000] {processor.py:208} INFO - Processing /home/ubuntu/airflow-venv/lib/python3.12/site-packages/airflow/example_dags/example_subdag_operator.py took 0.060 seconds
[2026-02-26T05:33:03.602+0000] {processor.py:186} INFO - Started process (PID=3164) to work on /home/ubuntu/airflow-venv/lib/python3.12/site-packages/airflow/example_dags/example_subdag_operator.py
[2026-02-26T05:33:03.603+0000] {processor.py:914} INFO - Processing file /home/ubuntu/airflow-venv/lib/python3.12/site-packages/airflow/example_dags/example_subdag_operator.py for tasks to queue
[2026-02-26T05:33:03.605+0000] {logging_mixin.py:190} INFO - [2026-02-26T05:33:03.604+0000] {dagbag.py:588} INFO - Filling up the DagBag from /home/ubuntu/airflow-venv/lib/python3.12/site-packages/airflow/example_dags/example_subdag_operator.py
[2026-02-26T05:33:03.618+0000] {processor.py:925} INFO - DAG(s) 'example_subdag_operator.section-1', 'example_subdag_operator.section-2', 'example_subdag_operator' retrieved from /home/ubuntu/airflow-venv/lib/python3.12/site-packages/airflow/example_dags/example_subdag_operator.py
[2026-02-26T05:33:03.626+0000] {logging_mixin.py:190} INFO - [2026-02-26T05:33:03.626+0000] {dag.py:3239} INFO - Sync 3 DAGs
[2026-02-26T05:33:03.637+0000] {logging_mixin.py:190} INFO - [2026-02-26T05:33:03.637+0000] {dag.py:4180} INFO - Setting next_dagrun for example_subdag_operator to 2022-01-01 00:00:00+00:00, run_after=2022-01-01 00:00:00+00:00
[2026-02-26T05:33:03.639+0000] {logging_mixin.py:190} INFO - [2026-02-26T05:33:03.639+0000] {dag.py:4180} INFO - Setting next_dagrun for example_subdag_operator.section-1 to None, run_after=None
[2026-02-26T05:33:03.640+0000] {logging_mixin.py:190} INFO - [2026-02-26T05:33:03.640+0000] {dag.py:4180} INFO - Setting next_dagrun for example_subdag_operator.section-2 to None, run_after=None
[2026-02-26T05:33:03.643+0000] {logging_mixin.py:190} INFO - [2026-02-26T05:33:03.643+0000] {dag.py:3239} INFO - Sync 2 DAGs
[2026-02-26T05:33:03.645+0000] {logging_mixin.py:190} INFO - [2026-02-26T05:33:03.645+0000] {dag.py:4180} INFO - Setting next_dagrun for example_subdag_operator.section-1 to None, run_after=None
[2026-02-26T05:33:03.645+0000] {logging_mixin.py:190} INFO - [2026-02-26T05:33:03.645+0000] {dag.py:4180} INFO - Setting next_dagrun for example_subdag_operator.section-2 to None, run_after=None
[2026-02-26T05:33:03.657+0000] {processor.py:208} INFO - Processing /home/ubuntu/airflow-venv/lib/python3.12/site-packages/airflow/example_dags/example_subdag_operator.py took 0.058 seconds
[2026-02-26T05:33:54.926+0000] {processor.py:186} INFO - Started process (PID=3220) to work on /home/ubuntu/airflow-venv/lib/python3.12/site-packages/airflow/example_dags/example_subdag_operator.py
[2026-02-26T05:33:54.927+0000] {processor.py:914} INFO - Processing file /home/ubuntu/airflow-venv/lib/python3.12/site-packages/airflow/example_dags/example_subdag_operator.py for tasks to queue
[2026-02-26T05:33:54.929+0000] {logging_mixin.py:190} INFO - [2026-02-26T05:33:54.928+0000] {dagbag.py:588} INFO - Filling up the DagBag from /home/ubuntu/airflow-venv/lib/python3.12/site-packages/airflow/example_dags/example_subdag_operator.py
[2026-02-26T05:33:54.942+0000] {processor.py:925} INFO - DAG(s) 'example_subdag_operator.section-1', 'example_subdag_operator.section-2', 'example_subdag_operator' retrieved from /home/ubuntu/airflow-venv/lib/python3.12/site-packages/airflow/example_dags/example_subdag_operator.py
[2026-02-26T05:33:54.951+0000] {logging_mixin.py:190} INFO - [2026-02-26T05:33:54.951+0000] {dag.py:3239} INFO - Sync 3 DAGs
[2026-02-26T05:33:54.963+0000] {logging_mixin.py:190} INFO - [2026-02-26T05:33:54.963+0000] {dag.py:4180} INFO - Setting next_dagrun for example_subdag_operator to 2022-01-01 00:00:00+00:00, run_after=2022-01-01 00:00:00+00:00
[2026-02-26T05:33:54.965+0000] {logging_mixin.py:190} INFO - [2026-02-26T05:33:54.965+0000] {dag.py:4180} INFO - Setting next_dagrun for example_subdag_operator.section-1 to None, run_after=None
[2026-02-26T05:33:54.965+0000] {logging_mixin.py:190} INFO - [2026-02-26T05:33:54.965+0000] {dag.py:4180} INFO - Setting next_dagrun for example_subdag_operator.section-2 to None, run_after=None
[2026-02-26T05:33:54.969+0000] {logging_mixin.py:190} INFO - [2026-02-26T05:33:54.968+0000] {dag.py:3239} INFO - Sync 2 DAGs
[2026-02-26T05:33:54.971+0000] {logging_mixin.py:190} INFO - [2026-02-26T05:33:54.971+0000] {dag.py:4180} INFO - Setting next_dagrun for example_subdag_operator.section-1 to None, run_after=None
[2026-02-26T05:33:54.971+0000] {logging_mixin.py:190} INFO - [2026-02-26T05:33:54.971+0000] {dag.py:4180} INFO - Setting next_dagrun for example_subdag_operator.section-2 to None, run_after=None
[2026-02-26T05:33:54.983+0000] {processor.py:208} INFO - Processing /home/ubuntu/airflow-venv/lib/python3.12/site-packages/airflow/example_dags/example_subdag_operator.py took 0.060 seconds
[2026-02-26T05:34:42.293+0000] {processor.py:186} INFO - Started process (PID=3273) to work on /home/ubuntu/airflow-venv/lib/python3.12/site-packages/airflow/example_dags/example_subdag_operator.py
[2026-02-26T05:34:42.295+0000] {processor.py:914} INFO - Processing file /home/ubuntu/airflow-venv/lib/python3.12/site-packages/airflow/example_dags/example_subdag_operator.py for tasks to queue
[2026-02-26T05:34:42.296+0000] {logging_mixin.py:190} INFO - [2026-02-26T05:34:42.296+0000] {dagbag.py:588} INFO - Filling up the DagBag from /home/ubuntu/airflow-venv/lib/python3.12/site-packages/airflow/example_dags/example_subdag_operator.py
[2026-02-26T05:34:42.310+0000] {processor.py:925} INFO - DAG(s) 'example_subdag_operator.section-1', 'example_subdag_operator.section-2', 'example_subdag_operator' retrieved from /home/ubuntu/airflow-venv/lib/python3.12/site-packages/airflow/example_dags/example_subdag_operator.py
[2026-02-26T05:34:42.319+0000] {logging_mixin.py:190} INFO - [2026-02-26T05:34:42.318+0000] {dag.py:3239} INFO - Sync 3 DAGs
[2026-02-26T05:34:42.331+0000] {logging_mixin.py:190} INFO - [2026-02-26T05:34:42.331+0000] {dag.py:4180} INFO - Setting next_dagrun for example_subdag_operator to 2022-01-01 00:00:00+00:00, run_after=2022-01-01 00:00:00+00:00
[2026-02-26T05:34:42.333+0000] {logging_mixin.py:190} INFO - [2026-02-26T05:34:42.333+0000] {dag.py:4180} INFO - Setting next_dagrun for example_subdag_operator.section-1 to None, run_after=None
[2026-02-26T05:34:42.333+0000] {logging_mixin.py:190} INFO - [2026-02-26T05:34:42.333+0000] {dag.py:4180} INFO - Setting next_dagrun for example_subdag_operator.section-2 to None, run_after=None
[2026-02-26T05:34:42.337+0000] {logging_mixin.py:190} INFO - [2026-02-26T05:34:42.336+0000] {dag.py:3239} INFO - Sync 2 DAGs
[2026-02-26T05:34:42.339+0000] {logging_mixin.py:190} INFO - [2026-02-26T05:34:42.339+0000] {dag.py:4180} INFO - Setting next_dagrun for example_subdag_operator.section-1 to None, run_after=None
[2026-02-26T05:34:42.339+0000] {logging_mixin.py:190} INFO - [2026-02-26T05:34:42.339+0000] {dag.py:4180} INFO - Setting next_dagrun for example_subdag_operator.section-2 to None, run_after=None
[2026-02-26T05:34:42.351+0000] {processor.py:208} INFO - Processing /home/ubuntu/airflow-venv/lib/python3.12/site-packages/airflow/example_dags/example_subdag_operator.py took 0.061 seconds
[2026-02-26T05:35:35.352+0000] {processor.py:186} INFO - Started process (PID=3333) to work on /home/ubuntu/airflow-venv/lib/python3.12/site-packages/airflow/example_dags/example_subdag_operator.py
[2026-02-26T05:35:35.353+0000] {processor.py:914} INFO - Processing file /home/ubuntu/airflow-venv/lib/python3.12/site-packages/airflow/example_dags/example_subdag_operator.py for tasks to queue
[2026-02-26T05:35:35.355+0000] {logging_mixin.py:190} INFO - [2026-02-26T05:35:35.354+0000] {dagbag.py:588} INFO - Filling up the DagBag from /home/ubuntu/airflow-venv/lib/python3.12/site-packages/airflow/example_dags/example_subdag_operator.py
[2026-02-26T05:35:35.368+0000] {processor.py:925} INFO - DAG(s) 'example_subdag_operator.section-1', 'example_subdag_operator.section-2', 'example_subdag_operator' retrieved from /home/ubuntu/airflow-venv/lib/python3.12/site-packages/airflow/example_dags/example_subdag_operator.py
[2026-02-26T05:35:35.376+0000] {logging_mixin.py:190} INFO - [2026-02-26T05:35:35.376+0000] {dag.py:3239} INFO - Sync 3 DAGs
[2026-02-26T05:35:35.388+0000] {logging_mixin.py:190} INFO - [2026-02-26T05:35:35.388+0000] {dag.py:4180} INFO - Setting next_dagrun for example_subdag_operator to 2022-01-01 00:00:00+00:00, run_after=2022-01-01 00:00:00+00:00
[2026-02-26T05:35:35.390+0000] {logging_mixin.py:190} INFO - [2026-02-26T05:35:35.390+0000] {dag.py:4180} INFO - Setting next_dagrun for example_subdag_operator.section-1 to None, run_after=None
[2026-02-26T05:35:35.390+0000] {logging_mixin.py:190} INFO - [2026-02-26T05:35:35.390+0000] {dag.py:4180} INFO - Setting next_dagrun for example_subdag_operator.section-2 to None, run_after=None
[2026-02-26T05:35:35.394+0000] {logging_mixin.py:190} INFO - [2026-02-26T05:35:35.394+0000] {dag.py:3239} INFO - Sync 2 DAGs
[2026-02-26T05:35:35.396+0000] {logging_mixin.py:190} INFO - [2026-02-26T05:35:35.396+0000] {dag.py:4180} INFO - Setting next_dagrun for example_subdag_operator.section-1 to None, run_after=None
[2026-02-26T05:35:35.396+0000] {logging_mixin.py:190} INFO - [2026-02-26T05:35:35.396+0000] {dag.py:4180} INFO - Setting next_dagrun for example_subdag_operator.section-2 to None, run_after=None
[2026-02-26T05:35:35.407+0000] {processor.py:208} INFO - Processing /home/ubuntu/airflow-venv/lib/python3.12/site-packages/airflow/example_dags/example_subdag_operator.py took 0.059 seconds
[2026-02-26T05:36:27.861+0000] {processor.py:186} INFO - Started process (PID=3391) to work on /home/ubuntu/airflow-venv/lib/python3.12/site-packages/airflow/example_dags/example_subdag_operator.py
[2026-02-26T05:36:27.862+0000] {processor.py:914} INFO - Processing file /home/ubuntu/airflow-venv/lib/python3.12/site-packages/airflow/example_dags/example_subdag_operator.py for tasks to queue
[2026-02-26T05:36:27.863+0000] {logging_mixin.py:190} INFO - [2026-02-26T05:36:27.863+0000] {dagbag.py:588} INFO - Filling up the DagBag from /home/ubuntu/airflow-venv/lib/python3.12/site-packages/airflow/example_dags/example_subdag_operator.py
[2026-02-26T05:36:27.876+0000] {processor.py:925} INFO - DAG(s) 'example_subdag_operator.section-1', 'example_subdag_operator.section-2', 'example_subdag_operator' retrieved from /home/ubuntu/airflow-venv/lib/python3.12/site-packages/airflow/example_dags/example_subdag_operator.py
[2026-02-26T05:36:27.885+0000] {logging_mixin.py:190} INFO - [2026-02-26T05:36:27.885+0000] {dag.py:3239} INFO - Sync 3 DAGs
[2026-02-26T05:36:27.896+0000] {logging_mixin.py:190} INFO - [2026-02-26T05:36:27.896+0000] {dag.py:4180} INFO - Setting next_dagrun for example_subdag_operator to 2022-01-01 00:00:00+00:00, run_after=2022-01-01 00:00:00+00:00
[2026-02-26T05:36:27.898+0000] {logging_mixin.py:190} INFO - [2026-02-26T05:36:27.898+0000] {dag.py:4180} INFO - Setting next_dagrun for example_subdag_operator.section-1 to None, run_after=None
[2026-02-26T05:36:27.899+0000] {logging_mixin.py:190} INFO - [2026-02-26T05:36:27.899+0000] {dag.py:4180} INFO - Setting next_dagrun for example_subdag_operator.section-2 to None, run_after=None
[2026-02-26T05:36:27.902+0000] {logging_mixin.py:190} INFO - [2026-02-26T05:36:27.902+0000] {dag.py:3239} INFO - Sync 2 DAGs
[2026-02-26T05:36:27.904+0000] {logging_mixin.py:190} INFO - [2026-02-26T05:36:27.904+0000] {dag.py:4180} INFO - Setting next_dagrun for example_subdag_operator.section-1 to None, run_after=None
[2026-02-26T05:36:27.904+0000] {logging_mixin.py:190} INFO - [2026-02-26T05:36:27.904+0000] {dag.py:4180} INFO - Setting next_dagrun for example_subdag_operator.section-2 to None, run_after=None
[2026-02-26T05:36:27.915+0000] {processor.py:208} INFO - Processing /home/ubuntu/airflow-venv/lib/python3.12/site-packages/airflow/example_dags/example_subdag_operator.py took 0.058 seconds
[2026-02-26T05:37:16.294+0000] {processor.py:186} INFO - Started process (PID=3443) to work on /home/ubuntu/airflow-venv/lib/python3.12/site-packages/airflow/example_dags/example_subdag_operator.py
[2026-02-26T05:37:16.295+0000] {processor.py:914} INFO - Processing file /home/ubuntu/airflow-venv/lib/python3.12/site-packages/airflow/example_dags/example_subdag_operator.py for tasks to queue
[2026-02-26T05:37:16.297+0000] {logging_mixin.py:190} INFO - [2026-02-26T05:37:16.296+0000] {dagbag.py:588} INFO - Filling up the DagBag from /home/ubuntu/airflow-venv/lib/python3.12/site-packages/airflow/example_dags/example_subdag_operator.py
[2026-02-26T05:37:16.310+0000] {processor.py:925} INFO - DAG(s) 'example_subdag_operator.section-1', 'example_subdag_operator.section-2', 'example_subdag_operator' retrieved from /home/ubuntu/airflow-venv/lib/python3.12/site-packages/airflow/example_dags/example_subdag_operator.py
[2026-02-26T05:37:16.319+0000] {logging_mixin.py:190} INFO - [2026-02-26T05:37:16.319+0000] {dag.py:3239} INFO - Sync 3 DAGs
[2026-02-26T05:37:16.330+0000] {logging_mixin.py:190} INFO - [2026-02-26T05:37:16.330+0000] {dag.py:4180} INFO - Setting next_dagrun for example_subdag_operator to 2022-01-01 00:00:00+00:00, run_after=2022-01-01 00:00:00+00:00
[2026-02-26T05:37:16.332+0000] {logging_mixin.py:190} INFO - [2026-02-26T05:37:16.332+0000] {dag.py:4180} INFO - Setting next_dagrun for example_subdag_operator.section-1 to None, run_after=None
[2026-02-26T05:37:16.332+0000] {logging_mixin.py:190} INFO - [2026-02-26T05:37:16.332+0000] {dag.py:4180} INFO - Setting next_dagrun for example_subdag_operator.section-2 to None, run_after=None
[2026-02-26T05:37:16.336+0000] {logging_mixin.py:190} INFO - [2026-02-26T05:37:16.335+0000] {dag.py:3239} INFO - Sync 2 DAGs
[2026-02-26T05:37:16.338+0000] {logging_mixin.py:190} INFO - [2026-02-26T05:37:16.338+0000] {dag.py:4180} INFO - Setting next_dagrun for example_subdag_operator.section-1 to None, run_after=None
[2026-02-26T05:37:16.338+0000] {logging_mixin.py:190} INFO - [2026-02-26T05:37:16.338+0000] {dag.py:4180} INFO - Setting next_dagrun for example_subdag_operator.section-2 to None, run_after=None
[2026-02-26T05:37:16.350+0000] {processor.py:208} INFO - Processing /home/ubuntu/airflow-venv/lib/python3.12/site-packages/airflow/example_dags/example_subdag_operator.py took 0.059 seconds
[2026-02-26T05:38:06.479+0000] {processor.py:186} INFO - Started process (PID=3493) to work on /home/ubuntu/airflow-venv/lib/python3.12/site-packages/airflow/example_dags/example_subdag_operator.py
[2026-02-26T05:38:06.480+0000] {processor.py:914} INFO - Processing file /home/ubuntu/airflow-venv/lib/python3.12/site-packages/airflow/example_dags/example_subdag_operator.py for tasks to queue
[2026-02-26T05:38:06.482+0000] {logging_mixin.py:190} INFO - [2026-02-26T05:38:06.481+0000] {dagbag.py:588} INFO - Filling up the DagBag from /home/ubuntu/airflow-venv/lib/python3.12/site-packages/airflow/example_dags/example_subdag_operator.py
[2026-02-26T05:38:06.495+0000] {processor.py:925} INFO - DAG(s) 'example_subdag_operator.section-1', 'example_subdag_operator.section-2', 'example_subdag_operator' retrieved from /home/ubuntu/airflow-venv/lib/python3.12/site-packages/airflow/example_dags/example_subdag_operator.py
[2026-02-26T05:38:06.504+0000] {logging_mixin.py:190} INFO - [2026-02-26T05:38:06.504+0000] {dag.py:3239} INFO - Sync 3 DAGs
[2026-02-26T05:38:06.516+0000] {logging_mixin.py:190} INFO - [2026-02-26T05:38:06.516+0000] {dag.py:4180} INFO - Setting next_dagrun for example_subdag_operator to 2022-01-01 00:00:00+00:00, run_after=2022-01-01 00:00:00+00:00
[2026-02-26T05:38:06.518+0000] {logging_mixin.py:190} INFO - [2026-02-26T05:38:06.518+0000] {dag.py:4180} INFO - Setting next_dagrun for example_subdag_operator.section-1 to None, run_after=None
[2026-02-26T05:38:06.518+0000] {logging_mixin.py:190} INFO - [2026-02-26T05:38:06.518+0000] {dag.py:4180} INFO - Setting next_dagrun for example_subdag_operator.section-2 to None, run_after=None
[2026-02-26T05:38:06.522+0000] {logging_mixin.py:190} INFO - [2026-02-26T05:38:06.522+0000] {dag.py:3239} INFO - Sync 2 DAGs
[2026-02-26T05:38:06.524+0000] {logging_mixin.py:190} INFO - [2026-02-26T05:38:06.524+0000] {dag.py:4180} INFO - Setting next_dagrun for example_subdag_operator.section-1 to None, run_after=None
[2026-02-26T05:38:06.524+0000] {logging_mixin.py:190} INFO - [2026-02-26T05:38:06.524+0000] {dag.py:4180} INFO - Setting next_dagrun for example_subdag_operator.section-2 to None, run_after=None
[2026-02-26T05:38:06.536+0000] {processor.py:208} INFO - Processing /home/ubuntu/airflow-venv/lib/python3.12/site-packages/airflow/example_dags/example_subdag_operator.py took 0.060 seconds
[2026-02-26T05:38:56.725+0000] {processor.py:186} INFO - Started process (PID=3546) to work on /home/ubuntu/airflow-venv/lib/python3.12/site-packages/airflow/example_dags/example_subdag_operator.py
[2026-02-26T05:38:56.726+0000] {processor.py:914} INFO - Processing file /home/ubuntu/airflow-venv/lib/python3.12/site-packages/airflow/example_dags/example_subdag_operator.py for tasks to queue
[2026-02-26T05:38:56.727+0000] {logging_mixin.py:190} INFO - [2026-02-26T05:38:56.727+0000] {dagbag.py:588} INFO - Filling up the DagBag from /home/ubuntu/airflow-venv/lib/python3.12/site-packages/airflow/example_dags/example_subdag_operator.py
[2026-02-26T05:38:56.741+0000] {processor.py:925} INFO - DAG(s) 'example_subdag_operator.section-1', 'example_subdag_operator.section-2', 'example_subdag_operator' retrieved from /home/ubuntu/airflow-venv/lib/python3.12/site-packages/airflow/example_dags/example_subdag_operator.py
[2026-02-26T05:38:56.750+0000] {logging_mixin.py:190} INFO - [2026-02-26T05:38:56.750+0000] {dag.py:3239} INFO - Sync 3 DAGs
[2026-02-26T05:38:56.761+0000] {logging_mixin.py:190} INFO - [2026-02-26T05:38:56.761+0000] {dag.py:4180} INFO - Setting next_dagrun for example_subdag_operator to 2022-01-01 00:00:00+00:00, run_after=2022-01-01 00:00:00+00:00
[2026-02-26T05:38:56.763+0000] {logging_mixin.py:190} INFO - [2026-02-26T05:38:56.763+0000] {dag.py:4180} INFO - Setting next_dagrun for example_subdag_operator.section-1 to None, run_after=None
[2026-02-26T05:38:56.765+0000] {logging_mixin.py:190} INFO - [2026-02-26T05:38:56.765+0000] {dag.py:4180} INFO - Setting next_dagrun for example_subdag_operator.section-2 to None, run_after=None
[2026-02-26T05:38:56.768+0000] {logging_mixin.py:190} INFO - [2026-02-26T05:38:56.768+0000] {dag.py:3239} INFO - Sync 2 DAGs
[2026-02-26T05:38:56.770+0000] {logging_mixin.py:190} INFO - [2026-02-26T05:38:56.770+0000] {dag.py:4180} INFO - Setting next_dagrun for example_subdag_operator.section-1 to None, run_after=None
[2026-02-26T05:38:56.770+0000] {logging_mixin.py:190} INFO - [2026-02-26T05:38:56.770+0000] {dag.py:4180} INFO - Setting next_dagrun for example_subdag_operator.section-2 to None, run_after=None
[2026-02-26T05:38:56.782+0000] {processor.py:208} INFO - Processing /home/ubuntu/airflow-venv/lib/python3.12/site-packages/airflow/example_dags/example_subdag_operator.py took 0.061 seconds
[2026-02-26T05:39:46.959+0000] {processor.py:186} INFO - Started process (PID=3601) to work on /home/ubuntu/airflow-venv/lib/python3.12/site-packages/airflow/example_dags/example_subdag_operator.py
[2026-02-26T05:39:46.960+0000] {processor.py:914} INFO - Processing file /home/ubuntu/airflow-venv/lib/python3.12/site-packages/airflow/example_dags/example_subdag_operator.py for tasks to queue
[2026-02-26T05:39:46.961+0000] {logging_mixin.py:190} INFO - [2026-02-26T05:39:46.961+0000] {dagbag.py:588} INFO - Filling up the DagBag from /home/ubuntu/airflow-venv/lib/python3.12/site-packages/airflow/example_dags/example_subdag_operator.py
[2026-02-26T05:39:46.974+0000] {processor.py:925} INFO - DAG(s) 'example_subdag_operator.section-1', 'example_subdag_operator.section-2', 'example_subdag_operator' retrieved from /home/ubuntu/airflow-venv/lib/python3.12/site-packages/airflow/example_dags/example_subdag_operator.py
[2026-02-26T05:39:46.982+0000] {logging_mixin.py:190} INFO - [2026-02-26T05:39:46.982+0000] {dag.py:3239} INFO - Sync 3 DAGs
[2026-02-26T05:39:46.993+0000] {logging_mixin.py:190} INFO - [2026-02-26T05:39:46.993+0000] {dag.py:4180} INFO - Setting next_dagrun for example_subdag_operator to 2022-01-01 00:00:00+00:00, run_after=2022-01-01 00:00:00+00:00
[2026-02-26T05:39:46.995+0000] {logging_mixin.py:190} INFO - [2026-02-26T05:39:46.995+0000] {dag.py:4180} INFO - Setting next_dagrun for example_subdag_operator.section-1 to None, run_after=None
[2026-02-26T05:39:46.996+0000] {logging_mixin.py:190} INFO - [2026-02-26T05:39:46.996+0000] {dag.py:4180} INFO - Setting next_dagrun for example_subdag_operator.section-2 to None, run_after=None
[2026-02-26T05:39:46.999+0000] {logging_mixin.py:190} INFO - [2026-02-26T05:39:46.999+0000] {dag.py:3239} INFO - Sync 2 DAGs
[2026-02-26T05:39:47.001+0000] {logging_mixin.py:190} INFO - [2026-02-26T05:39:47.001+0000] {dag.py:4180} INFO - Setting next_dagrun for example_subdag_operator.section-1 to None, run_after=None
[2026-02-26T05:39:47.001+0000] {logging_mixin.py:190} INFO - [2026-02-26T05:39:47.001+0000] {dag.py:4180} INFO - Setting next_dagrun for example_subdag_operator.section-2 to None, run_after=None
[2026-02-26T05:39:47.013+0000] {processor.py:208} INFO - Processing /home/ubuntu/airflow-venv/lib/python3.12/site-packages/airflow/example_dags/example_subdag_operator.py took 0.058 seconds
[2026-02-26T05:40:35.463+0000] {processor.py:186} INFO - Started process (PID=3657) to work on /home/ubuntu/airflow-venv/lib/python3.12/site-packages/airflow/example_dags/example_subdag_operator.py
[2026-02-26T05:40:35.464+0000] {processor.py:914} INFO - Processing file /home/ubuntu/airflow-venv/lib/python3.12/site-packages/airflow/example_dags/example_subdag_operator.py for tasks to queue
[2026-02-26T05:40:35.465+0000] {logging_mixin.py:190} INFO - [2026-02-26T05:40:35.465+0000] {dagbag.py:588} INFO - Filling up the DagBag from /home/ubuntu/airflow-venv/lib/python3.12/site-packages/airflow/example_dags/example_subdag_operator.py
[2026-02-26T05:40:35.479+0000] {processor.py:925} INFO - DAG(s) 'example_subdag_operator.section-1', 'example_subdag_operator.section-2', 'example_subdag_operator' retrieved from /home/ubuntu/airflow-venv/lib/python3.12/site-packages/airflow/example_dags/example_subdag_operator.py
[2026-02-26T05:40:35.488+0000] {logging_mixin.py:190} INFO - [2026-02-26T05:40:35.488+0000] {dag.py:3239} INFO - Sync 3 DAGs
[2026-02-26T05:40:35.500+0000] {logging_mixin.py:190} INFO - [2026-02-26T05:40:35.500+0000] {dag.py:4180} INFO - Setting next_dagrun for example_subdag_operator to 2022-01-01 00:00:00+00:00, run_after=2022-01-01 00:00:00+00:00
[2026-02-26T05:40:35.502+0000] {logging_mixin.py:190} INFO - [2026-02-26T05:40:35.502+0000] {dag.py:4180} INFO - Setting next_dagrun for example_subdag_operator.section-1 to None, run_after=None
[2026-02-26T05:40:35.503+0000] {logging_mixin.py:190} INFO - [2026-02-26T05:40:35.502+0000] {dag.py:4180} INFO - Setting next_dagrun for example_subdag_operator.section-2 to None, run_after=None
[2026-02-26T05:40:35.506+0000] {logging_mixin.py:190} INFO - [2026-02-26T05:40:35.506+0000] {dag.py:3239} INFO - Sync 2 DAGs
[2026-02-26T05:40:35.508+0000] {logging_mixin.py:190} INFO - [2026-02-26T05:40:35.508+0000] {dag.py:4180} INFO - Setting next_dagrun for example_subdag_operator.section-1 to None, run_after=None
[2026-02-26T05:40:35.508+0000] {logging_mixin.py:190} INFO - [2026-02-26T05:40:35.508+0000] {dag.py:4180} INFO - Setting next_dagrun for example_subdag_operator.section-2 to None, run_after=None
[2026-02-26T05:40:35.520+0000] {processor.py:208} INFO - Processing /home/ubuntu/airflow-venv/lib/python3.12/site-packages/airflow/example_dags/example_subdag_operator.py took 0.061 seconds
[2026-02-26T05:41:24.527+0000] {processor.py:186} INFO - Started process (PID=3708) to work on /home/ubuntu/airflow-venv/lib/python3.12/site-packages/airflow/example_dags/example_subdag_operator.py
[2026-02-26T05:41:24.529+0000] {processor.py:914} INFO - Processing file /home/ubuntu/airflow-venv/lib/python3.12/site-packages/airflow/example_dags/example_subdag_operator.py for tasks to queue
[2026-02-26T05:41:24.530+0000] {logging_mixin.py:190} INFO - [2026-02-26T05:41:24.530+0000] {dagbag.py:588} INFO - Filling up the DagBag from /home/ubuntu/airflow-venv/lib/python3.12/site-packages/airflow/example_dags/example_subdag_operator.py
[2026-02-26T05:41:24.544+0000] {processor.py:925} INFO - DAG(s) 'example_subdag_operator.section-1', 'example_subdag_operator.section-2', 'example_subdag_operator' retrieved from /home/ubuntu/airflow-venv/lib/python3.12/site-packages/airflow/example_dags/example_subdag_operator.py
[2026-02-26T05:41:24.552+0000] {logging_mixin.py:190} INFO - [2026-02-26T05:41:24.552+0000] {dag.py:3239} INFO - Sync 3 DAGs
[2026-02-26T05:41:24.563+0000] {logging_mixin.py:190} INFO - [2026-02-26T05:41:24.563+0000] {dag.py:4180} INFO - Setting next_dagrun for example_subdag_operator to 2022-01-01 00:00:00+00:00, run_after=2022-01-01 00:00:00+00:00
[2026-02-26T05:41:24.565+0000] {logging_mixin.py:190} INFO - [2026-02-26T05:41:24.565+0000] {dag.py:4180} INFO - Setting next_dagrun for example_subdag_operator.section-1 to None, run_after=None
[2026-02-26T05:41:24.566+0000] {logging_mixin.py:190} INFO - [2026-02-26T05:41:24.566+0000] {dag.py:4180} INFO - Setting next_dagrun for example_subdag_operator.section-2 to None, run_after=None
[2026-02-26T05:41:24.569+0000] {logging_mixin.py:190} INFO - [2026-02-26T05:41:24.569+0000] {dag.py:3239} INFO - Sync 2 DAGs
[2026-02-26T05:41:24.571+0000] {logging_mixin.py:190} INFO - [2026-02-26T05:41:24.571+0000] {dag.py:4180} INFO - Setting next_dagrun for example_subdag_operator.section-1 to None, run_after=None
[2026-02-26T05:41:24.571+0000] {logging_mixin.py:190} INFO - [2026-02-26T05:41:24.571+0000] {dag.py:4180} INFO - Setting next_dagrun for example_subdag_operator.section-2 to None, run_after=None
[2026-02-26T05:41:24.583+0000] {processor.py:208} INFO - Processing /home/ubuntu/airflow-venv/lib/python3.12/site-packages/airflow/example_dags/example_subdag_operator.py took 0.059 seconds
[2026-02-26T05:42:13.867+0000] {processor.py:186} INFO - Started process (PID=3759) to work on /home/ubuntu/airflow-venv/lib/python3.12/site-packages/airflow/example_dags/example_subdag_operator.py
[2026-02-26T05:42:13.868+0000] {processor.py:914} INFO - Processing file /home/ubuntu/airflow-venv/lib/python3.12/site-packages/airflow/example_dags/example_subdag_operator.py for tasks to queue
[2026-02-26T05:42:13.869+0000] {logging_mixin.py:190} INFO - [2026-02-26T05:42:13.869+0000] {dagbag.py:588} INFO - Filling up the DagBag from /home/ubuntu/airflow-venv/lib/python3.12/site-packages/airflow/example_dags/example_subdag_operator.py
[2026-02-26T05:42:13.883+0000] {processor.py:925} INFO - DAG(s) 'example_subdag_operator.section-1', 'example_subdag_operator.section-2', 'example_subdag_operator' retrieved from /home/ubuntu/airflow-venv/lib/python3.12/site-packages/airflow/example_dags/example_subdag_operator.py
[2026-02-26T05:42:13.891+0000] {logging_mixin.py:190} INFO - [2026-02-26T05:42:13.891+0000] {dag.py:3239} INFO - Sync 3 DAGs
[2026-02-26T05:42:13.903+0000] {logging_mixin.py:190} INFO - [2026-02-26T05:42:13.903+0000] {dag.py:4180} INFO - Setting next_dagrun for example_subdag_operator to 2022-01-01 00:00:00+00:00, run_after=2022-01-01 00:00:00+00:00
[2026-02-26T05:42:13.905+0000] {logging_mixin.py:190} INFO - [2026-02-26T05:42:13.905+0000] {dag.py:4180} INFO - Setting next_dagrun for example_subdag_operator.section-1 to None, run_after=None
[2026-02-26T05:42:13.906+0000] {logging_mixin.py:190} INFO - [2026-02-26T05:42:13.906+0000] {dag.py:4180} INFO - Setting next_dagrun for example_subdag_operator.section-2 to None, run_after=None
[2026-02-26T05:42:13.909+0000] {logging_mixin.py:190} INFO - [2026-02-26T05:42:13.909+0000] {dag.py:3239} INFO - Sync 2 DAGs
[2026-02-26T05:42:13.911+0000] {logging_mixin.py:190} INFO - [2026-02-26T05:42:13.911+0000] {dag.py:4180} INFO - Setting next_dagrun for example_subdag_operator.section-1 to None, run_after=None
[2026-02-26T05:42:13.911+0000] {logging_mixin.py:190} INFO - [2026-02-26T05:42:13.911+0000] {dag.py:4180} INFO - Setting next_dagrun for example_subdag_operator.section-2 to None, run_after=None
[2026-02-26T05:42:13.923+0000] {processor.py:208} INFO - Processing /home/ubuntu/airflow-venv/lib/python3.12/site-packages/airflow/example_dags/example_subdag_operator.py took 0.060 seconds
[2026-02-26T05:43:03.230+0000] {processor.py:186} INFO - Started process (PID=3812) to work on /home/ubuntu/airflow-venv/lib/python3.12/site-packages/airflow/example_dags/example_subdag_operator.py
[2026-02-26T05:43:03.231+0000] {processor.py:914} INFO - Processing file /home/ubuntu/airflow-venv/lib/python3.12/site-packages/airflow/example_dags/example_subdag_operator.py for tasks to queue
[2026-02-26T05:43:03.232+0000] {logging_mixin.py:190} INFO - [2026-02-26T05:43:03.232+0000] {dagbag.py:588} INFO - Filling up the DagBag from /home/ubuntu/airflow-venv/lib/python3.12/site-packages/airflow/example_dags/example_subdag_operator.py
[2026-02-26T05:43:03.246+0000] {processor.py:925} INFO - DAG(s) 'example_subdag_operator.section-1', 'example_subdag_operator.section-2', 'example_subdag_operator' retrieved from /home/ubuntu/airflow-venv/lib/python3.12/site-packages/airflow/example_dags/example_subdag_operator.py
[2026-02-26T05:43:03.255+0000] {logging_mixin.py:190} INFO - [2026-02-26T05:43:03.255+0000] {dag.py:3239} INFO - Sync 3 DAGs
[2026-02-26T05:43:03.267+0000] {logging_mixin.py:190} INFO - [2026-02-26T05:43:03.266+0000] {dag.py:4180} INFO - Setting next_dagrun for example_subdag_operator to 2022-01-01 00:00:00+00:00, run_after=2022-01-01 00:00:00+00:00
[2026-02-26T05:43:03.268+0000] {logging_mixin.py:190} INFO - [2026-02-26T05:43:03.268+0000] {dag.py:4180} INFO - Setting next_dagrun for example_subdag_operator.section-1 to None, run_after=None
[2026-02-26T05:43:03.270+0000] {logging_mixin.py:190} INFO - [2026-02-26T05:43:03.270+0000] {dag.py:4180} INFO - Setting next_dagrun for example_subdag_operator.section-2 to None, run_after=None
[2026-02-26T05:43:03.273+0000] {logging_mixin.py:190} INFO - [2026-02-26T05:43:03.273+0000] {dag.py:3239} INFO - Sync 2 DAGs
[2026-02-26T05:43:03.275+0000] {logging_mixin.py:190} INFO - [2026-02-26T05:43:03.275+0000] {dag.py:4180} INFO - Setting next_dagrun for example_subdag_operator.section-1 to None, run_after=None
[2026-02-26T05:43:03.276+0000] {logging_mixin.py:190} INFO - [2026-02-26T05:43:03.276+0000] {dag.py:4180} INFO - Setting next_dagrun for example_subdag_operator.section-2 to None, run_after=None
[2026-02-26T05:43:03.287+0000] {processor.py:208} INFO - Processing /home/ubuntu/airflow-venv/lib/python3.12/site-packages/airflow/example_dags/example_subdag_operator.py took 0.061 seconds
[2026-02-26T05:43:54.538+0000] {processor.py:186} INFO - Started process (PID=3864) to work on /home/ubuntu/airflow-venv/lib/python3.12/site-packages/airflow/example_dags/example_subdag_operator.py
[2026-02-26T05:43:54.539+0000] {processor.py:914} INFO - Processing file /home/ubuntu/airflow-venv/lib/python3.12/site-packages/airflow/example_dags/example_subdag_operator.py for tasks to queue
[2026-02-26T05:43:54.540+0000] {logging_mixin.py:190} INFO - [2026-02-26T05:43:54.540+0000] {dagbag.py:588} INFO - Filling up the DagBag from /home/ubuntu/airflow-venv/lib/python3.12/site-packages/airflow/example_dags/example_subdag_operator.py
[2026-02-26T05:43:54.554+0000] {processor.py:925} INFO - DAG(s) 'example_subdag_operator.section-1', 'example_subdag_operator.section-2', 'example_subdag_operator' retrieved from /home/ubuntu/airflow-venv/lib/python3.12/site-packages/airflow/example_dags/example_subdag_operator.py
[2026-02-26T05:43:54.562+0000] {logging_mixin.py:190} INFO - [2026-02-26T05:43:54.562+0000] {dag.py:3239} INFO - Sync 3 DAGs
[2026-02-26T05:43:54.574+0000] {logging_mixin.py:190} INFO - [2026-02-26T05:43:54.574+0000] {dag.py:4180} INFO - Setting next_dagrun for example_subdag_operator to 2022-01-01 00:00:00+00:00, run_after=2022-01-01 00:00:00+00:00
[2026-02-26T05:43:54.576+0000] {logging_mixin.py:190} INFO - [2026-02-26T05:43:54.576+0000] {dag.py:4180} INFO - Setting next_dagrun for example_subdag_operator.section-1 to None, run_after=None
[2026-02-26T05:43:54.576+0000] {logging_mixin.py:190} INFO - [2026-02-26T05:43:54.576+0000] {dag.py:4180} INFO - Setting next_dagrun for example_subdag_operator.section-2 to None, run_after=None
[2026-02-26T05:43:54.580+0000] {logging_mixin.py:190} INFO - [2026-02-26T05:43:54.579+0000] {dag.py:3239} INFO - Sync 2 DAGs
[2026-02-26T05:43:54.582+0000] {logging_mixin.py:190} INFO - [2026-02-26T05:43:54.582+0000] {dag.py:4180} INFO - Setting next_dagrun for example_subdag_operator.section-1 to None, run_after=None
[2026-02-26T05:43:54.582+0000] {logging_mixin.py:190} INFO - [2026-02-26T05:43:54.582+0000] {dag.py:4180} INFO - Setting next_dagrun for example_subdag_operator.section-2 to None, run_after=None
[2026-02-26T05:43:54.593+0000] {processor.py:208} INFO - Processing /home/ubuntu/airflow-venv/lib/python3.12/site-packages/airflow/example_dags/example_subdag_operator.py took 0.059 seconds
[2026-02-26T05:44:42.188+0000] {processor.py:186} INFO - Started process (PID=3917) to work on /home/ubuntu/airflow-venv/lib/python3.12/site-packages/airflow/example_dags/example_subdag_operator.py
[2026-02-26T05:44:42.189+0000] {processor.py:914} INFO - Processing file /home/ubuntu/airflow-venv/lib/python3.12/site-packages/airflow/example_dags/example_subdag_operator.py for tasks to queue
[2026-02-26T05:44:42.191+0000] {logging_mixin.py:190} INFO - [2026-02-26T05:44:42.191+0000] {dagbag.py:588} INFO - Filling up the DagBag from /home/ubuntu/airflow-venv/lib/python3.12/site-packages/airflow/example_dags/example_subdag_operator.py
[2026-02-26T05:44:42.204+0000] {processor.py:925} INFO - DAG(s) 'example_subdag_operator.section-1', 'example_subdag_operator.section-2', 'example_subdag_operator' retrieved from /home/ubuntu/airflow-venv/lib/python3.12/site-packages/airflow/example_dags/example_subdag_operator.py
[2026-02-26T05:44:42.212+0000] {logging_mixin.py:190} INFO - [2026-02-26T05:44:42.212+0000] {dag.py:3239} INFO - Sync 3 DAGs
[2026-02-26T05:44:42.224+0000] {logging_mixin.py:190} INFO - [2026-02-26T05:44:42.224+0000] {dag.py:4180} INFO - Setting next_dagrun for example_subdag_operator to 2022-01-01 00:00:00+00:00, run_after=2022-01-01 00:00:00+00:00
[2026-02-26T05:44:42.226+0000] {logging_mixin.py:190} INFO - [2026-02-26T05:44:42.226+0000] {dag.py:4180} INFO - Setting next_dagrun for example_subdag_operator.section-1 to None, run_after=None
[2026-02-26T05:44:42.227+0000] {logging_mixin.py:190} INFO - [2026-02-26T05:44:42.227+0000] {dag.py:4180} INFO - Setting next_dagrun for example_subdag_operator.section-2 to None, run_after=None
[2026-02-26T05:44:42.230+0000] {logging_mixin.py:190} INFO - [2026-02-26T05:44:42.230+0000] {dag.py:3239} INFO - Sync 2 DAGs
[2026-02-26T05:44:42.232+0000] {logging_mixin.py:190} INFO - [2026-02-26T05:44:42.232+0000] {dag.py:4180} INFO - Setting next_dagrun for example_subdag_operator.section-1 to None, run_after=None
[2026-02-26T05:44:42.232+0000] {logging_mixin.py:190} INFO - [2026-02-26T05:44:42.232+0000] {dag.py:4180} INFO - Setting next_dagrun for example_subdag_operator.section-2 to None, run_after=None
[2026-02-26T05:44:42.243+0000] {processor.py:208} INFO - Processing /home/ubuntu/airflow-venv/lib/python3.12/site-packages/airflow/example_dags/example_subdag_operator.py took 0.059 seconds
[2026-02-26T06:13:50.538+0000] {processor.py:186} INFO - Started process (PID=2702) to work on /home/ubuntu/airflow-venv/lib/python3.12/site-packages/airflow/example_dags/example_subdag_operator.py
[2026-02-26T06:13:50.539+0000] {processor.py:914} INFO - Processing file /home/ubuntu/airflow-venv/lib/python3.12/site-packages/airflow/example_dags/example_subdag_operator.py for tasks to queue
[2026-02-26T06:13:50.541+0000] {logging_mixin.py:190} INFO - [2026-02-26T06:13:50.540+0000] {dagbag.py:588} INFO - Filling up the DagBag from /home/ubuntu/airflow-venv/lib/python3.12/site-packages/airflow/example_dags/example_subdag_operator.py
[2026-02-26T06:13:50.555+0000] {processor.py:925} INFO - DAG(s) 'example_subdag_operator.section-1', 'example_subdag_operator.section-2', 'example_subdag_operator' retrieved from /home/ubuntu/airflow-venv/lib/python3.12/site-packages/airflow/example_dags/example_subdag_operator.py
[2026-02-26T06:13:50.565+0000] {logging_mixin.py:190} INFO - [2026-02-26T06:13:50.565+0000] {dag.py:3239} INFO - Sync 3 DAGs
[2026-02-26T06:13:50.578+0000] {logging_mixin.py:190} INFO - [2026-02-26T06:13:50.578+0000] {dag.py:4180} INFO - Setting next_dagrun for example_subdag_operator to 2022-01-01 00:00:00+00:00, run_after=2022-01-01 00:00:00+00:00
[2026-02-26T06:13:50.580+0000] {logging_mixin.py:190} INFO - [2026-02-26T06:13:50.580+0000] {dag.py:4180} INFO - Setting next_dagrun for example_subdag_operator.section-1 to None, run_after=None
[2026-02-26T06:13:50.580+0000] {logging_mixin.py:190} INFO - [2026-02-26T06:13:50.580+0000] {dag.py:4180} INFO - Setting next_dagrun for example_subdag_operator.section-2 to None, run_after=None
[2026-02-26T06:13:50.584+0000] {logging_mixin.py:190} INFO - [2026-02-26T06:13:50.584+0000] {dag.py:3239} INFO - Sync 2 DAGs
[2026-02-26T06:13:50.586+0000] {logging_mixin.py:190} INFO - [2026-02-26T06:13:50.586+0000] {dag.py:4180} INFO - Setting next_dagrun for example_subdag_operator.section-1 to None, run_after=None
[2026-02-26T06:13:50.586+0000] {logging_mixin.py:190} INFO - [2026-02-26T06:13:50.586+0000] {dag.py:4180} INFO - Setting next_dagrun for example_subdag_operator.section-2 to None, run_after=None
[2026-02-26T06:13:50.599+0000] {processor.py:208} INFO - Processing /home/ubuntu/airflow-venv/lib/python3.12/site-packages/airflow/example_dags/example_subdag_operator.py took 0.065 seconds
[2026-02-26T06:14:50.319+0000] {processor.py:186} INFO - Started process (PID=2766) to work on /home/ubuntu/airflow-venv/lib/python3.12/site-packages/airflow/example_dags/example_subdag_operator.py
[2026-02-26T06:14:50.320+0000] {processor.py:914} INFO - Processing file /home/ubuntu/airflow-venv/lib/python3.12/site-packages/airflow/example_dags/example_subdag_operator.py for tasks to queue
[2026-02-26T06:14:50.321+0000] {logging_mixin.py:190} INFO - [2026-02-26T06:14:50.321+0000] {dagbag.py:588} INFO - Filling up the DagBag from /home/ubuntu/airflow-venv/lib/python3.12/site-packages/airflow/example_dags/example_subdag_operator.py
[2026-02-26T06:14:50.336+0000] {processor.py:925} INFO - DAG(s) 'example_subdag_operator.section-1', 'example_subdag_operator.section-2', 'example_subdag_operator' retrieved from /home/ubuntu/airflow-venv/lib/python3.12/site-packages/airflow/example_dags/example_subdag_operator.py
[2026-02-26T06:14:50.345+0000] {logging_mixin.py:190} INFO - [2026-02-26T06:14:50.345+0000] {dag.py:3239} INFO - Sync 3 DAGs
[2026-02-26T06:14:50.357+0000] {logging_mixin.py:190} INFO - [2026-02-26T06:14:50.357+0000] {dag.py:4180} INFO - Setting next_dagrun for example_subdag_operator to 2022-01-01 00:00:00+00:00, run_after=2022-01-01 00:00:00+00:00
[2026-02-26T06:14:50.359+0000] {logging_mixin.py:190} INFO - [2026-02-26T06:14:50.359+0000] {dag.py:4180} INFO - Setting next_dagrun for example_subdag_operator.section-1 to None, run_after=None
[2026-02-26T06:14:50.360+0000] {logging_mixin.py:190} INFO - [2026-02-26T06:14:50.360+0000] {dag.py:4180} INFO - Setting next_dagrun for example_subdag_operator.section-2 to None, run_after=None
[2026-02-26T06:14:50.363+0000] {logging_mixin.py:190} INFO - [2026-02-26T06:14:50.363+0000] {dag.py:3239} INFO - Sync 2 DAGs
[2026-02-26T06:14:50.366+0000] {logging_mixin.py:190} INFO - [2026-02-26T06:14:50.365+0000] {dag.py:4180} INFO - Setting next_dagrun for example_subdag_operator.section-1 to None, run_after=None
[2026-02-26T06:14:50.366+0000] {logging_mixin.py:190} INFO - [2026-02-26T06:14:50.366+0000] {dag.py:4180} INFO - Setting next_dagrun for example_subdag_operator.section-2 to None, run_after=None
[2026-02-26T06:14:50.378+0000] {processor.py:208} INFO - Processing /home/ubuntu/airflow-venv/lib/python3.12/site-packages/airflow/example_dags/example_subdag_operator.py took 0.063 seconds
[2026-02-26T06:15:48.330+0000] {processor.py:186} INFO - Started process (PID=2833) to work on /home/ubuntu/airflow-venv/lib/python3.12/site-packages/airflow/example_dags/example_subdag_operator.py
[2026-02-26T06:15:48.331+0000] {processor.py:914} INFO - Processing file /home/ubuntu/airflow-venv/lib/python3.12/site-packages/airflow/example_dags/example_subdag_operator.py for tasks to queue
[2026-02-26T06:15:48.332+0000] {logging_mixin.py:190} INFO - [2026-02-26T06:15:48.332+0000] {dagbag.py:588} INFO - Filling up the DagBag from /home/ubuntu/airflow-venv/lib/python3.12/site-packages/airflow/example_dags/example_subdag_operator.py
[2026-02-26T06:15:48.347+0000] {processor.py:925} INFO - DAG(s) 'example_subdag_operator.section-1', 'example_subdag_operator.section-2', 'example_subdag_operator' retrieved from /home/ubuntu/airflow-venv/lib/python3.12/site-packages/airflow/example_dags/example_subdag_operator.py
[2026-02-26T06:15:48.355+0000] {logging_mixin.py:190} INFO - [2026-02-26T06:15:48.355+0000] {dag.py:3239} INFO - Sync 3 DAGs
[2026-02-26T06:15:48.367+0000] {logging_mixin.py:190} INFO - [2026-02-26T06:15:48.367+0000] {dag.py:4180} INFO - Setting next_dagrun for example_subdag_operator to 2022-01-01 00:00:00+00:00, run_after=2022-01-01 00:00:00+00:00
[2026-02-26T06:15:48.369+0000] {logging_mixin.py:190} INFO - [2026-02-26T06:15:48.369+0000] {dag.py:4180} INFO - Setting next_dagrun for example_subdag_operator.section-1 to None, run_after=None
[2026-02-26T06:15:48.370+0000] {logging_mixin.py:190} INFO - [2026-02-26T06:15:48.370+0000] {dag.py:4180} INFO - Setting next_dagrun for example_subdag_operator.section-2 to None, run_after=None
[2026-02-26T06:15:48.374+0000] {logging_mixin.py:190} INFO - [2026-02-26T06:15:48.373+0000] {dag.py:3239} INFO - Sync 2 DAGs
[2026-02-26T06:15:48.376+0000] {logging_mixin.py:190} INFO - [2026-02-26T06:15:48.376+0000] {dag.py:4180} INFO - Setting next_dagrun for example_subdag_operator.section-1 to None, run_after=None
[2026-02-26T06:15:48.376+0000] {logging_mixin.py:190} INFO - [2026-02-26T06:15:48.376+0000] {dag.py:4180} INFO - Setting next_dagrun for example_subdag_operator.section-2 to None, run_after=None
[2026-02-26T06:15:48.388+0000] {processor.py:208} INFO - Processing /home/ubuntu/airflow-venv/lib/python3.12/site-packages/airflow/example_dags/example_subdag_operator.py took 0.062 seconds
[2026-02-26T06:16:40.554+0000] {processor.py:186} INFO - Started process (PID=2889) to work on /home/ubuntu/airflow-venv/lib/python3.12/site-packages/airflow/example_dags/example_subdag_operator.py
[2026-02-26T06:16:40.555+0000] {processor.py:914} INFO - Processing file /home/ubuntu/airflow-venv/lib/python3.12/site-packages/airflow/example_dags/example_subdag_operator.py for tasks to queue
[2026-02-26T06:16:40.557+0000] {logging_mixin.py:190} INFO - [2026-02-26T06:16:40.557+0000] {dagbag.py:588} INFO - Filling up the DagBag from /home/ubuntu/airflow-venv/lib/python3.12/site-packages/airflow/example_dags/example_subdag_operator.py
[2026-02-26T06:16:40.572+0000] {processor.py:925} INFO - DAG(s) 'example_subdag_operator.section-1', 'example_subdag_operator.section-2', 'example_subdag_operator' retrieved from /home/ubuntu/airflow-venv/lib/python3.12/site-packages/airflow/example_dags/example_subdag_operator.py
[2026-02-26T06:16:40.582+0000] {logging_mixin.py:190} INFO - [2026-02-26T06:16:40.582+0000] {dag.py:3239} INFO - Sync 3 DAGs
[2026-02-26T06:16:40.595+0000] {logging_mixin.py:190} INFO - [2026-02-26T06:16:40.594+0000] {dag.py:4180} INFO - Setting next_dagrun for example_subdag_operator to 2022-01-01 00:00:00+00:00, run_after=2022-01-01 00:00:00+00:00
[2026-02-26T06:16:40.596+0000] {logging_mixin.py:190} INFO - [2026-02-26T06:16:40.596+0000] {dag.py:4180} INFO - Setting next_dagrun for example_subdag_operator.section-1 to None, run_after=None
[2026-02-26T06:16:40.597+0000] {logging_mixin.py:190} INFO - [2026-02-26T06:16:40.597+0000] {dag.py:4180} INFO - Setting next_dagrun for example_subdag_operator.section-2 to None, run_after=None
[2026-02-26T06:16:40.601+0000] {logging_mixin.py:190} INFO - [2026-02-26T06:16:40.601+0000] {dag.py:3239} INFO - Sync 2 DAGs
[2026-02-26T06:16:40.603+0000] {logging_mixin.py:190} INFO - [2026-02-26T06:16:40.603+0000] {dag.py:4180} INFO - Setting next_dagrun for example_subdag_operator.section-1 to None, run_after=None
[2026-02-26T06:16:40.603+0000] {logging_mixin.py:190} INFO - [2026-02-26T06:16:40.603+0000] {dag.py:4180} INFO - Setting next_dagrun for example_subdag_operator.section-2 to None, run_after=None
[2026-02-26T06:16:40.617+0000] {processor.py:208} INFO - Processing /home/ubuntu/airflow-venv/lib/python3.12/site-packages/airflow/example_dags/example_subdag_operator.py took 0.066 seconds
[2026-02-26T06:17:29.841+0000] {processor.py:186} INFO - Started process (PID=2944) to work on /home/ubuntu/airflow-venv/lib/python3.12/site-packages/airflow/example_dags/example_subdag_operator.py
[2026-02-26T06:17:29.842+0000] {processor.py:914} INFO - Processing file /home/ubuntu/airflow-venv/lib/python3.12/site-packages/airflow/example_dags/example_subdag_operator.py for tasks to queue
[2026-02-26T06:17:29.844+0000] {logging_mixin.py:190} INFO - [2026-02-26T06:17:29.844+0000] {dagbag.py:588} INFO - Filling up the DagBag from /home/ubuntu/airflow-venv/lib/python3.12/site-packages/airflow/example_dags/example_subdag_operator.py
[2026-02-26T06:17:29.858+0000] {processor.py:925} INFO - DAG(s) 'example_subdag_operator.section-1', 'example_subdag_operator.section-2', 'example_subdag_operator' retrieved from /home/ubuntu/airflow-venv/lib/python3.12/site-packages/airflow/example_dags/example_subdag_operator.py
[2026-02-26T06:17:29.867+0000] {logging_mixin.py:190} INFO - [2026-02-26T06:17:29.867+0000] {dag.py:3239} INFO - Sync 3 DAGs
[2026-02-26T06:17:29.880+0000] {logging_mixin.py:190} INFO - [2026-02-26T06:17:29.879+0000] {dag.py:4180} INFO - Setting next_dagrun for example_subdag_operator to 2022-01-01 00:00:00+00:00, run_after=2022-01-01 00:00:00+00:00
[2026-02-26T06:17:29.882+0000] {logging_mixin.py:190} INFO - [2026-02-26T06:17:29.881+0000] {dag.py:4180} INFO - Setting next_dagrun for example_subdag_operator.section-1 to None, run_after=None
[2026-02-26T06:17:29.882+0000] {logging_mixin.py:190} INFO - [2026-02-26T06:17:29.882+0000] {dag.py:4180} INFO - Setting next_dagrun for example_subdag_operator.section-2 to None, run_after=None
[2026-02-26T06:17:29.886+0000] {logging_mixin.py:190} INFO - [2026-02-26T06:17:29.886+0000] {dag.py:3239} INFO - Sync 2 DAGs
[2026-02-26T06:17:29.888+0000] {logging_mixin.py:190} INFO - [2026-02-26T06:17:29.888+0000] {dag.py:4180} INFO - Setting next_dagrun for example_subdag_operator.section-1 to None, run_after=None
[2026-02-26T06:17:29.888+0000] {logging_mixin.py:190} INFO - [2026-02-26T06:17:29.888+0000] {dag.py:4180} INFO - Setting next_dagrun for example_subdag_operator.section-2 to None, run_after=None
[2026-02-26T06:17:29.901+0000] {processor.py:208} INFO - Processing /home/ubuntu/airflow-venv/lib/python3.12/site-packages/airflow/example_dags/example_subdag_operator.py took 0.064 seconds
[2026-02-26T06:18:20.116+0000] {processor.py:186} INFO - Started process (PID=2996) to work on /home/ubuntu/airflow-venv/lib/python3.12/site-packages/airflow/example_dags/example_subdag_operator.py
[2026-02-26T06:18:20.118+0000] {processor.py:914} INFO - Processing file /home/ubuntu/airflow-venv/lib/python3.12/site-packages/airflow/example_dags/example_subdag_operator.py for tasks to queue
[2026-02-26T06:18:20.119+0000] {logging_mixin.py:190} INFO - [2026-02-26T06:18:20.119+0000] {dagbag.py:588} INFO - Filling up the DagBag from /home/ubuntu/airflow-venv/lib/python3.12/site-packages/airflow/example_dags/example_subdag_operator.py
[2026-02-26T06:18:20.134+0000] {processor.py:925} INFO - DAG(s) 'example_subdag_operator.section-1', 'example_subdag_operator.section-2', 'example_subdag_operator' retrieved from /home/ubuntu/airflow-venv/lib/python3.12/site-packages/airflow/example_dags/example_subdag_operator.py
[2026-02-26T06:18:20.142+0000] {logging_mixin.py:190} INFO - [2026-02-26T06:18:20.142+0000] {dag.py:3239} INFO - Sync 3 DAGs
[2026-02-26T06:18:20.154+0000] {logging_mixin.py:190} INFO - [2026-02-26T06:18:20.154+0000] {dag.py:4180} INFO - Setting next_dagrun for example_subdag_operator to 2022-01-01 00:00:00+00:00, run_after=2022-01-01 00:00:00+00:00
[2026-02-26T06:18:20.156+0000] {logging_mixin.py:190} INFO - [2026-02-26T06:18:20.156+0000] {dag.py:4180} INFO - Setting next_dagrun for example_subdag_operator.section-1 to None, run_after=None
[2026-02-26T06:18:20.157+0000] {logging_mixin.py:190} INFO - [2026-02-26T06:18:20.157+0000] {dag.py:4180} INFO - Setting next_dagrun for example_subdag_operator.section-2 to None, run_after=None
[2026-02-26T06:18:20.160+0000] {logging_mixin.py:190} INFO - [2026-02-26T06:18:20.160+0000] {dag.py:3239} INFO - Sync 2 DAGs
[2026-02-26T06:18:20.162+0000] {logging_mixin.py:190} INFO - [2026-02-26T06:18:20.162+0000] {dag.py:4180} INFO - Setting next_dagrun for example_subdag_operator.section-1 to None, run_after=None
[2026-02-26T06:18:20.163+0000] {logging_mixin.py:190} INFO - [2026-02-26T06:18:20.162+0000] {dag.py:4180} INFO - Setting next_dagrun for example_subdag_operator.section-2 to None, run_after=None
[2026-02-26T06:18:20.174+0000] {processor.py:208} INFO - Processing /home/ubuntu/airflow-venv/lib/python3.12/site-packages/airflow/example_dags/example_subdag_operator.py took 0.062 seconds
[2026-02-26T06:19:15.925+0000] {processor.py:186} INFO - Started process (PID=3050) to work on /home/ubuntu/airflow-venv/lib/python3.12/site-packages/airflow/example_dags/example_subdag_operator.py
[2026-02-26T06:19:15.926+0000] {processor.py:914} INFO - Processing file /home/ubuntu/airflow-venv/lib/python3.12/site-packages/airflow/example_dags/example_subdag_operator.py for tasks to queue
[2026-02-26T06:19:15.928+0000] {logging_mixin.py:190} INFO - [2026-02-26T06:19:15.927+0000] {dagbag.py:588} INFO - Filling up the DagBag from /home/ubuntu/airflow-venv/lib/python3.12/site-packages/airflow/example_dags/example_subdag_operator.py
[2026-02-26T06:19:15.942+0000] {processor.py:925} INFO - DAG(s) 'example_subdag_operator.section-1', 'example_subdag_operator.section-2', 'example_subdag_operator' retrieved from /home/ubuntu/airflow-venv/lib/python3.12/site-packages/airflow/example_dags/example_subdag_operator.py
[2026-02-26T06:19:16.035+0000] {logging_mixin.py:190} INFO - [2026-02-26T06:19:16.034+0000] {dag.py:3239} INFO - Sync 3 DAGs
[2026-02-26T06:19:16.045+0000] {logging_mixin.py:190} INFO - [2026-02-26T06:19:16.044+0000] {dag.py:4180} INFO - Setting next_dagrun for example_subdag_operator to 2022-01-01 00:00:00+00:00, run_after=2022-01-01 00:00:00+00:00
[2026-02-26T06:19:16.046+0000] {logging_mixin.py:190} INFO - [2026-02-26T06:19:16.046+0000] {dag.py:4180} INFO - Setting next_dagrun for example_subdag_operator.section-1 to None, run_after=None
[2026-02-26T06:19:16.047+0000] {logging_mixin.py:190} INFO - [2026-02-26T06:19:16.047+0000] {dag.py:4180} INFO - Setting next_dagrun for example_subdag_operator.section-2 to None, run_after=None
[2026-02-26T06:19:16.050+0000] {logging_mixin.py:190} INFO - [2026-02-26T06:19:16.050+0000] {dag.py:3239} INFO - Sync 2 DAGs
[2026-02-26T06:19:16.052+0000] {logging_mixin.py:190} INFO - [2026-02-26T06:19:16.052+0000] {dag.py:4180} INFO - Setting next_dagrun for example_subdag_operator.section-1 to None, run_after=None
[2026-02-26T06:19:16.052+0000] {logging_mixin.py:190} INFO - [2026-02-26T06:19:16.052+0000] {dag.py:4180} INFO - Setting next_dagrun for example_subdag_operator.section-2 to None, run_after=None
[2026-02-26T06:19:16.064+0000] {processor.py:208} INFO - Processing /home/ubuntu/airflow-venv/lib/python3.12/site-packages/airflow/example_dags/example_subdag_operator.py took 0.143 seconds
[2026-02-26T06:20:12.787+0000] {processor.py:186} INFO - Started process (PID=3107) to work on /home/ubuntu/airflow-venv/lib/python3.12/site-packages/airflow/example_dags/example_subdag_operator.py
[2026-02-26T06:20:12.788+0000] {processor.py:914} INFO - Processing file /home/ubuntu/airflow-venv/lib/python3.12/site-packages/airflow/example_dags/example_subdag_operator.py for tasks to queue
[2026-02-26T06:20:12.790+0000] {logging_mixin.py:190} INFO - [2026-02-26T06:20:12.790+0000] {dagbag.py:588} INFO - Filling up the DagBag from /home/ubuntu/airflow-venv/lib/python3.12/site-packages/airflow/example_dags/example_subdag_operator.py
[2026-02-26T06:20:12.805+0000] {processor.py:925} INFO - DAG(s) 'example_subdag_operator.section-1', 'example_subdag_operator.section-2', 'example_subdag_operator' retrieved from /home/ubuntu/airflow-venv/lib/python3.12/site-packages/airflow/example_dags/example_subdag_operator.py
[2026-02-26T06:20:12.814+0000] {logging_mixin.py:190} INFO - [2026-02-26T06:20:12.814+0000] {dag.py:3239} INFO - Sync 3 DAGs
[2026-02-26T06:20:12.827+0000] {logging_mixin.py:190} INFO - [2026-02-26T06:20:12.827+0000] {dag.py:4180} INFO - Setting next_dagrun for example_subdag_operator to 2022-01-01 00:00:00+00:00, run_after=2022-01-01 00:00:00+00:00
[2026-02-26T06:20:12.829+0000] {logging_mixin.py:190} INFO - [2026-02-26T06:20:12.829+0000] {dag.py:4180} INFO - Setting next_dagrun for example_subdag_operator.section-1 to None, run_after=None
[2026-02-26T06:20:12.830+0000] {logging_mixin.py:190} INFO - [2026-02-26T06:20:12.830+0000] {dag.py:4180} INFO - Setting next_dagrun for example_subdag_operator.section-2 to None, run_after=None
[2026-02-26T06:20:12.833+0000] {logging_mixin.py:190} INFO - [2026-02-26T06:20:12.833+0000] {dag.py:3239} INFO - Sync 2 DAGs
[2026-02-26T06:20:12.836+0000] {logging_mixin.py:190} INFO - [2026-02-26T06:20:12.836+0000] {dag.py:4180} INFO - Setting next_dagrun for example_subdag_operator.section-1 to None, run_after=None
[2026-02-26T06:20:12.836+0000] {logging_mixin.py:190} INFO - [2026-02-26T06:20:12.836+0000] {dag.py:4180} INFO - Setting next_dagrun for example_subdag_operator.section-2 to None, run_after=None
[2026-02-26T06:20:12.849+0000] {processor.py:208} INFO - Processing /home/ubuntu/airflow-venv/lib/python3.12/site-packages/airflow/example_dags/example_subdag_operator.py took 0.065 seconds
[2026-02-26T06:21:03.522+0000] {processor.py:186} INFO - Started process (PID=3164) to work on /home/ubuntu/airflow-venv/lib/python3.12/site-packages/airflow/example_dags/example_subdag_operator.py
[2026-02-26T06:21:03.523+0000] {processor.py:914} INFO - Processing file /home/ubuntu/airflow-venv/lib/python3.12/site-packages/airflow/example_dags/example_subdag_operator.py for tasks to queue
[2026-02-26T06:21:03.525+0000] {logging_mixin.py:190} INFO - [2026-02-26T06:21:03.525+0000] {dagbag.py:588} INFO - Filling up the DagBag from /home/ubuntu/airflow-venv/lib/python3.12/site-packages/airflow/example_dags/example_subdag_operator.py
[2026-02-26T06:21:03.540+0000] {processor.py:925} INFO - DAG(s) 'example_subdag_operator.section-1', 'example_subdag_operator.section-2', 'example_subdag_operator' retrieved from /home/ubuntu/airflow-venv/lib/python3.12/site-packages/airflow/example_dags/example_subdag_operator.py
[2026-02-26T06:21:03.549+0000] {logging_mixin.py:190} INFO - [2026-02-26T06:21:03.548+0000] {dag.py:3239} INFO - Sync 3 DAGs
[2026-02-26T06:21:03.561+0000] {logging_mixin.py:190} INFO - [2026-02-26T06:21:03.561+0000] {dag.py:4180} INFO - Setting next_dagrun for example_subdag_operator to 2022-01-01 00:00:00+00:00, run_after=2022-01-01 00:00:00+00:00
[2026-02-26T06:21:03.563+0000] {logging_mixin.py:190} INFO - [2026-02-26T06:21:03.563+0000] {dag.py:4180} INFO - Setting next_dagrun for example_subdag_operator.section-1 to None, run_after=None
[2026-02-26T06:21:03.564+0000] {logging_mixin.py:190} INFO - [2026-02-26T06:21:03.564+0000] {dag.py:4180} INFO - Setting next_dagrun for example_subdag_operator.section-2 to None, run_after=None
[2026-02-26T06:21:03.568+0000] {logging_mixin.py:190} INFO - [2026-02-26T06:21:03.568+0000] {dag.py:3239} INFO - Sync 2 DAGs
[2026-02-26T06:21:03.570+0000] {logging_mixin.py:190} INFO - [2026-02-26T06:21:03.570+0000] {dag.py:4180} INFO - Setting next_dagrun for example_subdag_operator.section-1 to None, run_after=None
[2026-02-26T06:21:03.570+0000] {logging_mixin.py:190} INFO - [2026-02-26T06:21:03.570+0000] {dag.py:4180} INFO - Setting next_dagrun for example_subdag_operator.section-2 to None, run_after=None
[2026-02-26T06:21:03.583+0000] {processor.py:208} INFO - Processing /home/ubuntu/airflow-venv/lib/python3.12/site-packages/airflow/example_dags/example_subdag_operator.py took 0.065 seconds
[2026-02-26T06:21:56.661+0000] {processor.py:186} INFO - Started process (PID=3222) to work on /home/ubuntu/airflow-venv/lib/python3.12/site-packages/airflow/example_dags/example_subdag_operator.py
[2026-02-26T06:21:56.662+0000] {processor.py:914} INFO - Processing file /home/ubuntu/airflow-venv/lib/python3.12/site-packages/airflow/example_dags/example_subdag_operator.py for tasks to queue
[2026-02-26T06:21:56.664+0000] {logging_mixin.py:190} INFO - [2026-02-26T06:21:56.663+0000] {dagbag.py:588} INFO - Filling up the DagBag from /home/ubuntu/airflow-venv/lib/python3.12/site-packages/airflow/example_dags/example_subdag_operator.py
[2026-02-26T06:21:56.679+0000] {processor.py:925} INFO - DAG(s) 'example_subdag_operator.section-1', 'example_subdag_operator.section-2', 'example_subdag_operator' retrieved from /home/ubuntu/airflow-venv/lib/python3.12/site-packages/airflow/example_dags/example_subdag_operator.py
[2026-02-26T06:21:56.687+0000] {logging_mixin.py:190} INFO - [2026-02-26T06:21:56.687+0000] {dag.py:3239} INFO - Sync 3 DAGs
[2026-02-26T06:21:56.700+0000] {logging_mixin.py:190} INFO - [2026-02-26T06:21:56.700+0000] {dag.py:4180} INFO - Setting next_dagrun for example_subdag_operator to 2022-01-01 00:00:00+00:00, run_after=2022-01-01 00:00:00+00:00
[2026-02-26T06:21:56.702+0000] {logging_mixin.py:190} INFO - [2026-02-26T06:21:56.702+0000] {dag.py:4180} INFO - Setting next_dagrun for example_subdag_operator.section-1 to None, run_after=None
[2026-02-26T06:21:56.703+0000] {logging_mixin.py:190} INFO - [2026-02-26T06:21:56.702+0000] {dag.py:4180} INFO - Setting next_dagrun for example_subdag_operator.section-2 to None, run_after=None
[2026-02-26T06:21:56.706+0000] {logging_mixin.py:190} INFO - [2026-02-26T06:21:56.706+0000] {dag.py:3239} INFO - Sync 2 DAGs
[2026-02-26T06:21:56.708+0000] {logging_mixin.py:190} INFO - [2026-02-26T06:21:56.708+0000] {dag.py:4180} INFO - Setting next_dagrun for example_subdag_operator.section-1 to None, run_after=None
[2026-02-26T06:21:56.709+0000] {logging_mixin.py:190} INFO - [2026-02-26T06:21:56.708+0000] {dag.py:4180} INFO - Setting next_dagrun for example_subdag_operator.section-2 to None, run_after=None
[2026-02-26T06:21:56.721+0000] {processor.py:208} INFO - Processing /home/ubuntu/airflow-venv/lib/python3.12/site-packages/airflow/example_dags/example_subdag_operator.py took 0.064 seconds
[2026-02-26T06:22:48.013+0000] {processor.py:186} INFO - Started process (PID=3277) to work on /home/ubuntu/airflow-venv/lib/python3.12/site-packages/airflow/example_dags/example_subdag_operator.py
[2026-02-26T06:22:48.014+0000] {processor.py:914} INFO - Processing file /home/ubuntu/airflow-venv/lib/python3.12/site-packages/airflow/example_dags/example_subdag_operator.py for tasks to queue
[2026-02-26T06:22:48.016+0000] {logging_mixin.py:190} INFO - [2026-02-26T06:22:48.015+0000] {dagbag.py:588} INFO - Filling up the DagBag from /home/ubuntu/airflow-venv/lib/python3.12/site-packages/airflow/example_dags/example_subdag_operator.py
[2026-02-26T06:22:48.031+0000] {processor.py:925} INFO - DAG(s) 'example_subdag_operator.section-1', 'example_subdag_operator.section-2', 'example_subdag_operator' retrieved from /home/ubuntu/airflow-venv/lib/python3.12/site-packages/airflow/example_dags/example_subdag_operator.py
[2026-02-26T06:22:48.040+0000] {logging_mixin.py:190} INFO - [2026-02-26T06:22:48.040+0000] {dag.py:3239} INFO - Sync 3 DAGs
[2026-02-26T06:22:48.053+0000] {logging_mixin.py:190} INFO - [2026-02-26T06:22:48.053+0000] {dag.py:4180} INFO - Setting next_dagrun for example_subdag_operator to 2022-01-01 00:00:00+00:00, run_after=2022-01-01 00:00:00+00:00
[2026-02-26T06:22:48.055+0000] {logging_mixin.py:190} INFO - [2026-02-26T06:22:48.055+0000] {dag.py:4180} INFO - Setting next_dagrun for example_subdag_operator.section-1 to None, run_after=None
[2026-02-26T06:22:48.056+0000] {logging_mixin.py:190} INFO - [2026-02-26T06:22:48.056+0000] {dag.py:4180} INFO - Setting next_dagrun for example_subdag_operator.section-2 to None, run_after=None
[2026-02-26T06:22:48.060+0000] {logging_mixin.py:190} INFO - [2026-02-26T06:22:48.059+0000] {dag.py:3239} INFO - Sync 2 DAGs
[2026-02-26T06:22:48.062+0000] {logging_mixin.py:190} INFO - [2026-02-26T06:22:48.062+0000] {dag.py:4180} INFO - Setting next_dagrun for example_subdag_operator.section-1 to None, run_after=None
[2026-02-26T06:22:48.062+0000] {logging_mixin.py:190} INFO - [2026-02-26T06:22:48.062+0000] {dag.py:4180} INFO - Setting next_dagrun for example_subdag_operator.section-2 to None, run_after=None
[2026-02-26T06:22:48.075+0000] {processor.py:208} INFO - Processing /home/ubuntu/airflow-venv/lib/python3.12/site-packages/airflow/example_dags/example_subdag_operator.py took 0.066 seconds
[2026-02-26T06:23:40.399+0000] {processor.py:186} INFO - Started process (PID=3330) to work on /home/ubuntu/airflow-venv/lib/python3.12/site-packages/airflow/example_dags/example_subdag_operator.py
[2026-02-26T06:23:40.400+0000] {processor.py:914} INFO - Processing file /home/ubuntu/airflow-venv/lib/python3.12/site-packages/airflow/example_dags/example_subdag_operator.py for tasks to queue
[2026-02-26T06:23:40.402+0000] {logging_mixin.py:190} INFO - [2026-02-26T06:23:40.401+0000] {dagbag.py:588} INFO - Filling up the DagBag from /home/ubuntu/airflow-venv/lib/python3.12/site-packages/airflow/example_dags/example_subdag_operator.py
[2026-02-26T06:23:40.417+0000] {processor.py:925} INFO - DAG(s) 'example_subdag_operator.section-1', 'example_subdag_operator.section-2', 'example_subdag_operator' retrieved from /home/ubuntu/airflow-venv/lib/python3.12/site-packages/airflow/example_dags/example_subdag_operator.py
[2026-02-26T06:23:40.426+0000] {logging_mixin.py:190} INFO - [2026-02-26T06:23:40.425+0000] {dag.py:3239} INFO - Sync 3 DAGs
[2026-02-26T06:23:40.438+0000] {logging_mixin.py:190} INFO - [2026-02-26T06:23:40.438+0000] {dag.py:4180} INFO - Setting next_dagrun for example_subdag_operator to 2022-01-01 00:00:00+00:00, run_after=2022-01-01 00:00:00+00:00
[2026-02-26T06:23:40.440+0000] {logging_mixin.py:190} INFO - [2026-02-26T06:23:40.440+0000] {dag.py:4180} INFO - Setting next_dagrun for example_subdag_operator.section-1 to None, run_after=None
[2026-02-26T06:23:40.441+0000] {logging_mixin.py:190} INFO - [2026-02-26T06:23:40.440+0000] {dag.py:4180} INFO - Setting next_dagrun for example_subdag_operator.section-2 to None, run_after=None
[2026-02-26T06:23:40.444+0000] {logging_mixin.py:190} INFO - [2026-02-26T06:23:40.444+0000] {dag.py:3239} INFO - Sync 2 DAGs
[2026-02-26T06:23:40.447+0000] {logging_mixin.py:190} INFO - [2026-02-26T06:23:40.446+0000] {dag.py:4180} INFO - Setting next_dagrun for example_subdag_operator.section-1 to None, run_after=None
[2026-02-26T06:23:40.447+0000] {logging_mixin.py:190} INFO - [2026-02-26T06:23:40.447+0000] {dag.py:4180} INFO - Setting next_dagrun for example_subdag_operator.section-2 to None, run_after=None
[2026-02-26T06:23:40.459+0000] {processor.py:208} INFO - Processing /home/ubuntu/airflow-venv/lib/python3.12/site-packages/airflow/example_dags/example_subdag_operator.py took 0.064 seconds
