[2026-02-26T05:23:19.778+0000] {processor.py:186} INFO - Started process (PID=2166) to work on /home/ubuntu/airflow-venv/lib/python3.12/site-packages/airflow/example_dags/example_branch_labels.py
[2026-02-26T05:23:19.778+0000] {processor.py:914} INFO - Processing file /home/ubuntu/airflow-venv/lib/python3.12/site-packages/airflow/example_dags/example_branch_labels.py for tasks to queue
[2026-02-26T05:23:19.779+0000] {logging_mixin.py:190} INFO - [2026-02-26T05:23:19.779+0000] {dagbag.py:588} INFO - Filling up the DagBag from /home/ubuntu/airflow-venv/lib/python3.12/site-packages/airflow/example_dags/example_branch_labels.py
[2026-02-26T05:23:19.785+0000] {processor.py:925} INFO - DAG(s) 'example_branch_labels' retrieved from /home/ubuntu/airflow-venv/lib/python3.12/site-packages/airflow/example_dags/example_branch_labels.py
[2026-02-26T05:23:19.795+0000] {logging_mixin.py:190} INFO - [2026-02-26T05:23:19.795+0000] {dag.py:3239} INFO - Sync 1 DAGs
[2026-02-26T05:23:19.806+0000] {logging_mixin.py:190} INFO - [2026-02-26T05:23:19.806+0000] {dag.py:4180} INFO - Setting next_dagrun for example_branch_labels to 2026-02-25 00:00:00+00:00, run_after=2026-02-26 00:00:00+00:00
[2026-02-26T05:23:19.821+0000] {processor.py:208} INFO - Processing /home/ubuntu/airflow-venv/lib/python3.12/site-packages/airflow/example_dags/example_branch_labels.py took 0.047 seconds
[2026-02-26T05:24:13.152+0000] {processor.py:186} INFO - Started process (PID=2223) to work on /home/ubuntu/airflow-venv/lib/python3.12/site-packages/airflow/example_dags/example_branch_labels.py
[2026-02-26T05:24:13.154+0000] {processor.py:914} INFO - Processing file /home/ubuntu/airflow-venv/lib/python3.12/site-packages/airflow/example_dags/example_branch_labels.py for tasks to queue
[2026-02-26T05:24:13.155+0000] {logging_mixin.py:190} INFO - [2026-02-26T05:24:13.155+0000] {dagbag.py:588} INFO - Filling up the DagBag from /home/ubuntu/airflow-venv/lib/python3.12/site-packages/airflow/example_dags/example_branch_labels.py
[2026-02-26T05:24:13.161+0000] {processor.py:925} INFO - DAG(s) 'example_branch_labels' retrieved from /home/ubuntu/airflow-venv/lib/python3.12/site-packages/airflow/example_dags/example_branch_labels.py
[2026-02-26T05:24:13.171+0000] {logging_mixin.py:190} INFO - [2026-02-26T05:24:13.171+0000] {dag.py:3239} INFO - Sync 1 DAGs
[2026-02-26T05:24:13.183+0000] {logging_mixin.py:190} INFO - [2026-02-26T05:24:13.183+0000] {dag.py:4180} INFO - Setting next_dagrun for example_branch_labels to 2026-02-25 00:00:00+00:00, run_after=2026-02-26 00:00:00+00:00
[2026-02-26T05:24:13.198+0000] {processor.py:208} INFO - Processing /home/ubuntu/airflow-venv/lib/python3.12/site-packages/airflow/example_dags/example_branch_labels.py took 0.050 seconds
[2026-02-26T05:25:27.268+0000] {processor.py:186} INFO - Started process (PID=2312) to work on /home/ubuntu/airflow-venv/lib/python3.12/site-packages/airflow/example_dags/example_branch_labels.py
[2026-02-26T05:25:27.269+0000] {processor.py:914} INFO - Processing file /home/ubuntu/airflow-venv/lib/python3.12/site-packages/airflow/example_dags/example_branch_labels.py for tasks to queue
[2026-02-26T05:25:27.271+0000] {logging_mixin.py:190} INFO - [2026-02-26T05:25:27.270+0000] {dagbag.py:588} INFO - Filling up the DagBag from /home/ubuntu/airflow-venv/lib/python3.12/site-packages/airflow/example_dags/example_branch_labels.py
[2026-02-26T05:25:27.276+0000] {processor.py:925} INFO - DAG(s) 'example_branch_labels' retrieved from /home/ubuntu/airflow-venv/lib/python3.12/site-packages/airflow/example_dags/example_branch_labels.py
[2026-02-26T05:25:27.286+0000] {logging_mixin.py:190} INFO - [2026-02-26T05:25:27.286+0000] {dag.py:3239} INFO - Sync 1 DAGs
[2026-02-26T05:25:27.299+0000] {logging_mixin.py:190} INFO - [2026-02-26T05:25:27.298+0000] {dag.py:4180} INFO - Setting next_dagrun for example_branch_labels to 2026-02-25 00:00:00+00:00, run_after=2026-02-26 00:00:00+00:00
[2026-02-26T05:25:27.314+0000] {processor.py:208} INFO - Processing /home/ubuntu/airflow-venv/lib/python3.12/site-packages/airflow/example_dags/example_branch_labels.py took 0.050 seconds
[2026-02-26T05:26:40.283+0000] {processor.py:186} INFO - Started process (PID=2398) to work on /home/ubuntu/airflow-venv/lib/python3.12/site-packages/airflow/example_dags/example_branch_labels.py
[2026-02-26T05:26:40.284+0000] {processor.py:914} INFO - Processing file /home/ubuntu/airflow-venv/lib/python3.12/site-packages/airflow/example_dags/example_branch_labels.py for tasks to queue
[2026-02-26T05:26:40.286+0000] {logging_mixin.py:190} INFO - [2026-02-26T05:26:40.285+0000] {dagbag.py:588} INFO - Filling up the DagBag from /home/ubuntu/airflow-venv/lib/python3.12/site-packages/airflow/example_dags/example_branch_labels.py
[2026-02-26T05:26:40.292+0000] {processor.py:925} INFO - DAG(s) 'example_branch_labels' retrieved from /home/ubuntu/airflow-venv/lib/python3.12/site-packages/airflow/example_dags/example_branch_labels.py
[2026-02-26T05:26:40.301+0000] {logging_mixin.py:190} INFO - [2026-02-26T05:26:40.301+0000] {dag.py:3239} INFO - Sync 1 DAGs
[2026-02-26T05:26:40.313+0000] {logging_mixin.py:190} INFO - [2026-02-26T05:26:40.313+0000] {dag.py:4180} INFO - Setting next_dagrun for example_branch_labels to 2026-02-25 00:00:00+00:00, run_after=2026-02-26 00:00:00+00:00
[2026-02-26T05:26:40.328+0000] {processor.py:208} INFO - Processing /home/ubuntu/airflow-venv/lib/python3.12/site-packages/airflow/example_dags/example_branch_labels.py took 0.048 seconds
[2026-02-26T05:27:52.753+0000] {processor.py:186} INFO - Started process (PID=2839) to work on /home/ubuntu/airflow-venv/lib/python3.12/site-packages/airflow/example_dags/example_branch_labels.py
[2026-02-26T05:27:52.754+0000] {processor.py:914} INFO - Processing file /home/ubuntu/airflow-venv/lib/python3.12/site-packages/airflow/example_dags/example_branch_labels.py for tasks to queue
[2026-02-26T05:27:52.755+0000] {logging_mixin.py:190} INFO - [2026-02-26T05:27:52.755+0000] {dagbag.py:588} INFO - Filling up the DagBag from /home/ubuntu/airflow-venv/lib/python3.12/site-packages/airflow/example_dags/example_branch_labels.py
[2026-02-26T05:27:52.761+0000] {processor.py:925} INFO - DAG(s) 'example_branch_labels' retrieved from /home/ubuntu/airflow-venv/lib/python3.12/site-packages/airflow/example_dags/example_branch_labels.py
[2026-02-26T05:27:52.771+0000] {logging_mixin.py:190} INFO - [2026-02-26T05:27:52.771+0000] {dag.py:3239} INFO - Sync 1 DAGs
[2026-02-26T05:27:52.783+0000] {logging_mixin.py:190} INFO - [2026-02-26T05:27:52.782+0000] {dag.py:4180} INFO - Setting next_dagrun for example_branch_labels to 2026-02-25 00:00:00+00:00, run_after=2026-02-26 00:00:00+00:00
[2026-02-26T05:27:52.867+0000] {processor.py:208} INFO - Processing /home/ubuntu/airflow-venv/lib/python3.12/site-packages/airflow/example_dags/example_branch_labels.py took 0.118 seconds
[2026-02-26T05:29:10.339+0000] {processor.py:186} INFO - Started process (PID=2919) to work on /home/ubuntu/airflow-venv/lib/python3.12/site-packages/airflow/example_dags/example_branch_labels.py
[2026-02-26T05:29:10.340+0000] {processor.py:914} INFO - Processing file /home/ubuntu/airflow-venv/lib/python3.12/site-packages/airflow/example_dags/example_branch_labels.py for tasks to queue
[2026-02-26T05:29:10.342+0000] {logging_mixin.py:190} INFO - [2026-02-26T05:29:10.341+0000] {dagbag.py:588} INFO - Filling up the DagBag from /home/ubuntu/airflow-venv/lib/python3.12/site-packages/airflow/example_dags/example_branch_labels.py
[2026-02-26T05:29:10.348+0000] {processor.py:925} INFO - DAG(s) 'example_branch_labels' retrieved from /home/ubuntu/airflow-venv/lib/python3.12/site-packages/airflow/example_dags/example_branch_labels.py
[2026-02-26T05:29:10.357+0000] {logging_mixin.py:190} INFO - [2026-02-26T05:29:10.357+0000] {dag.py:3239} INFO - Sync 1 DAGs
[2026-02-26T05:29:10.370+0000] {logging_mixin.py:190} INFO - [2026-02-26T05:29:10.370+0000] {dag.py:4180} INFO - Setting next_dagrun for example_branch_labels to 2026-02-25 00:00:00+00:00, run_after=2026-02-26 00:00:00+00:00
[2026-02-26T05:29:10.386+0000] {processor.py:208} INFO - Processing /home/ubuntu/airflow-venv/lib/python3.12/site-packages/airflow/example_dags/example_branch_labels.py took 0.050 seconds
[2026-02-26T05:30:06.336+0000] {processor.py:186} INFO - Started process (PID=2976) to work on /home/ubuntu/airflow-venv/lib/python3.12/site-packages/airflow/example_dags/example_branch_labels.py
[2026-02-26T05:30:06.338+0000] {processor.py:914} INFO - Processing file /home/ubuntu/airflow-venv/lib/python3.12/site-packages/airflow/example_dags/example_branch_labels.py for tasks to queue
[2026-02-26T05:30:06.339+0000] {logging_mixin.py:190} INFO - [2026-02-26T05:30:06.339+0000] {dagbag.py:588} INFO - Filling up the DagBag from /home/ubuntu/airflow-venv/lib/python3.12/site-packages/airflow/example_dags/example_branch_labels.py
[2026-02-26T05:30:06.345+0000] {processor.py:925} INFO - DAG(s) 'example_branch_labels' retrieved from /home/ubuntu/airflow-venv/lib/python3.12/site-packages/airflow/example_dags/example_branch_labels.py
[2026-02-26T05:30:06.355+0000] {logging_mixin.py:190} INFO - [2026-02-26T05:30:06.355+0000] {dag.py:3239} INFO - Sync 1 DAGs
[2026-02-26T05:30:06.367+0000] {logging_mixin.py:190} INFO - [2026-02-26T05:30:06.367+0000] {dag.py:4180} INFO - Setting next_dagrun for example_branch_labels to 2026-02-25 00:00:00+00:00, run_after=2026-02-26 00:00:00+00:00
[2026-02-26T05:30:06.383+0000] {processor.py:208} INFO - Processing /home/ubuntu/airflow-venv/lib/python3.12/site-packages/airflow/example_dags/example_branch_labels.py took 0.050 seconds
[2026-02-26T05:31:23.164+0000] {processor.py:186} INFO - Started process (PID=3059) to work on /home/ubuntu/airflow-venv/lib/python3.12/site-packages/airflow/example_dags/example_branch_labels.py
[2026-02-26T05:31:23.165+0000] {processor.py:914} INFO - Processing file /home/ubuntu/airflow-venv/lib/python3.12/site-packages/airflow/example_dags/example_branch_labels.py for tasks to queue
[2026-02-26T05:31:23.166+0000] {logging_mixin.py:190} INFO - [2026-02-26T05:31:23.166+0000] {dagbag.py:588} INFO - Filling up the DagBag from /home/ubuntu/airflow-venv/lib/python3.12/site-packages/airflow/example_dags/example_branch_labels.py
[2026-02-26T05:31:23.172+0000] {processor.py:925} INFO - DAG(s) 'example_branch_labels' retrieved from /home/ubuntu/airflow-venv/lib/python3.12/site-packages/airflow/example_dags/example_branch_labels.py
[2026-02-26T05:31:23.182+0000] {logging_mixin.py:190} INFO - [2026-02-26T05:31:23.181+0000] {dag.py:3239} INFO - Sync 1 DAGs
[2026-02-26T05:31:23.194+0000] {logging_mixin.py:190} INFO - [2026-02-26T05:31:23.193+0000] {dag.py:4180} INFO - Setting next_dagrun for example_branch_labels to 2026-02-25 00:00:00+00:00, run_after=2026-02-26 00:00:00+00:00
[2026-02-26T05:31:23.209+0000] {processor.py:208} INFO - Processing /home/ubuntu/airflow-venv/lib/python3.12/site-packages/airflow/example_dags/example_branch_labels.py took 0.049 seconds
[2026-02-26T05:32:38.083+0000] {processor.py:186} INFO - Started process (PID=3139) to work on /home/ubuntu/airflow-venv/lib/python3.12/site-packages/airflow/example_dags/example_branch_labels.py
[2026-02-26T05:32:38.084+0000] {processor.py:914} INFO - Processing file /home/ubuntu/airflow-venv/lib/python3.12/site-packages/airflow/example_dags/example_branch_labels.py for tasks to queue
[2026-02-26T05:32:38.085+0000] {logging_mixin.py:190} INFO - [2026-02-26T05:32:38.085+0000] {dagbag.py:588} INFO - Filling up the DagBag from /home/ubuntu/airflow-venv/lib/python3.12/site-packages/airflow/example_dags/example_branch_labels.py
[2026-02-26T05:32:38.091+0000] {processor.py:925} INFO - DAG(s) 'example_branch_labels' retrieved from /home/ubuntu/airflow-venv/lib/python3.12/site-packages/airflow/example_dags/example_branch_labels.py
[2026-02-26T05:32:38.101+0000] {logging_mixin.py:190} INFO - [2026-02-26T05:32:38.101+0000] {dag.py:3239} INFO - Sync 1 DAGs
[2026-02-26T05:32:38.114+0000] {logging_mixin.py:190} INFO - [2026-02-26T05:32:38.114+0000] {dag.py:4180} INFO - Setting next_dagrun for example_branch_labels to 2026-02-25 00:00:00+00:00, run_after=2026-02-26 00:00:00+00:00
[2026-02-26T05:32:38.129+0000] {processor.py:208} INFO - Processing /home/ubuntu/airflow-venv/lib/python3.12/site-packages/airflow/example_dags/example_branch_labels.py took 0.050 seconds
[2026-02-26T05:33:53.798+0000] {processor.py:186} INFO - Started process (PID=3219) to work on /home/ubuntu/airflow-venv/lib/python3.12/site-packages/airflow/example_dags/example_branch_labels.py
[2026-02-26T05:33:53.799+0000] {processor.py:914} INFO - Processing file /home/ubuntu/airflow-venv/lib/python3.12/site-packages/airflow/example_dags/example_branch_labels.py for tasks to queue
[2026-02-26T05:33:53.800+0000] {logging_mixin.py:190} INFO - [2026-02-26T05:33:53.800+0000] {dagbag.py:588} INFO - Filling up the DagBag from /home/ubuntu/airflow-venv/lib/python3.12/site-packages/airflow/example_dags/example_branch_labels.py
[2026-02-26T05:33:53.806+0000] {processor.py:925} INFO - DAG(s) 'example_branch_labels' retrieved from /home/ubuntu/airflow-venv/lib/python3.12/site-packages/airflow/example_dags/example_branch_labels.py
[2026-02-26T05:33:53.816+0000] {logging_mixin.py:190} INFO - [2026-02-26T05:33:53.816+0000] {dag.py:3239} INFO - Sync 1 DAGs
[2026-02-26T05:33:53.829+0000] {logging_mixin.py:190} INFO - [2026-02-26T05:33:53.828+0000] {dag.py:4180} INFO - Setting next_dagrun for example_branch_labels to 2026-02-25 00:00:00+00:00, run_after=2026-02-26 00:00:00+00:00
[2026-02-26T05:33:53.844+0000] {processor.py:208} INFO - Processing /home/ubuntu/airflow-venv/lib/python3.12/site-packages/airflow/example_dags/example_branch_labels.py took 0.050 seconds
[2026-02-26T05:35:05.441+0000] {processor.py:186} INFO - Started process (PID=3299) to work on /home/ubuntu/airflow-venv/lib/python3.12/site-packages/airflow/example_dags/example_branch_labels.py
[2026-02-26T05:35:05.442+0000] {processor.py:914} INFO - Processing file /home/ubuntu/airflow-venv/lib/python3.12/site-packages/airflow/example_dags/example_branch_labels.py for tasks to queue
[2026-02-26T05:35:05.444+0000] {logging_mixin.py:190} INFO - [2026-02-26T05:35:05.444+0000] {dagbag.py:588} INFO - Filling up the DagBag from /home/ubuntu/airflow-venv/lib/python3.12/site-packages/airflow/example_dags/example_branch_labels.py
[2026-02-26T05:35:05.450+0000] {processor.py:925} INFO - DAG(s) 'example_branch_labels' retrieved from /home/ubuntu/airflow-venv/lib/python3.12/site-packages/airflow/example_dags/example_branch_labels.py
[2026-02-26T05:35:05.459+0000] {logging_mixin.py:190} INFO - [2026-02-26T05:35:05.459+0000] {dag.py:3239} INFO - Sync 1 DAGs
[2026-02-26T05:35:05.472+0000] {logging_mixin.py:190} INFO - [2026-02-26T05:35:05.472+0000] {dag.py:4180} INFO - Setting next_dagrun for example_branch_labels to 2026-02-25 00:00:00+00:00, run_after=2026-02-26 00:00:00+00:00
[2026-02-26T05:35:05.488+0000] {processor.py:208} INFO - Processing /home/ubuntu/airflow-venv/lib/python3.12/site-packages/airflow/example_dags/example_branch_labels.py took 0.050 seconds
[2026-02-26T05:36:26.722+0000] {processor.py:186} INFO - Started process (PID=3389) to work on /home/ubuntu/airflow-venv/lib/python3.12/site-packages/airflow/example_dags/example_branch_labels.py
[2026-02-26T05:36:26.723+0000] {processor.py:914} INFO - Processing file /home/ubuntu/airflow-venv/lib/python3.12/site-packages/airflow/example_dags/example_branch_labels.py for tasks to queue
[2026-02-26T05:36:26.725+0000] {logging_mixin.py:190} INFO - [2026-02-26T05:36:26.724+0000] {dagbag.py:588} INFO - Filling up the DagBag from /home/ubuntu/airflow-venv/lib/python3.12/site-packages/airflow/example_dags/example_branch_labels.py
[2026-02-26T05:36:26.731+0000] {processor.py:925} INFO - DAG(s) 'example_branch_labels' retrieved from /home/ubuntu/airflow-venv/lib/python3.12/site-packages/airflow/example_dags/example_branch_labels.py
[2026-02-26T05:36:26.740+0000] {logging_mixin.py:190} INFO - [2026-02-26T05:36:26.740+0000] {dag.py:3239} INFO - Sync 1 DAGs
[2026-02-26T05:36:26.752+0000] {logging_mixin.py:190} INFO - [2026-02-26T05:36:26.752+0000] {dag.py:4180} INFO - Setting next_dagrun for example_branch_labels to 2026-02-25 00:00:00+00:00, run_after=2026-02-26 00:00:00+00:00
[2026-02-26T05:36:26.768+0000] {processor.py:208} INFO - Processing /home/ubuntu/airflow-venv/lib/python3.12/site-packages/airflow/example_dags/example_branch_labels.py took 0.049 seconds
[2026-02-26T05:37:38.562+0000] {processor.py:186} INFO - Started process (PID=3466) to work on /home/ubuntu/airflow-venv/lib/python3.12/site-packages/airflow/example_dags/example_branch_labels.py
[2026-02-26T05:37:38.563+0000] {processor.py:914} INFO - Processing file /home/ubuntu/airflow-venv/lib/python3.12/site-packages/airflow/example_dags/example_branch_labels.py for tasks to queue
[2026-02-26T05:37:38.565+0000] {logging_mixin.py:190} INFO - [2026-02-26T05:37:38.564+0000] {dagbag.py:588} INFO - Filling up the DagBag from /home/ubuntu/airflow-venv/lib/python3.12/site-packages/airflow/example_dags/example_branch_labels.py
[2026-02-26T05:37:38.571+0000] {processor.py:925} INFO - DAG(s) 'example_branch_labels' retrieved from /home/ubuntu/airflow-venv/lib/python3.12/site-packages/airflow/example_dags/example_branch_labels.py
[2026-02-26T05:37:38.581+0000] {logging_mixin.py:190} INFO - [2026-02-26T05:37:38.580+0000] {dag.py:3239} INFO - Sync 1 DAGs
[2026-02-26T05:37:38.593+0000] {logging_mixin.py:190} INFO - [2026-02-26T05:37:38.593+0000] {dag.py:4180} INFO - Setting next_dagrun for example_branch_labels to 2026-02-25 00:00:00+00:00, run_after=2026-02-26 00:00:00+00:00
[2026-02-26T05:37:38.609+0000] {processor.py:208} INFO - Processing /home/ubuntu/airflow-venv/lib/python3.12/site-packages/airflow/example_dags/example_branch_labels.py took 0.051 seconds
[2026-02-26T05:38:55.586+0000] {processor.py:186} INFO - Started process (PID=3545) to work on /home/ubuntu/airflow-venv/lib/python3.12/site-packages/airflow/example_dags/example_branch_labels.py
[2026-02-26T05:38:55.587+0000] {processor.py:914} INFO - Processing file /home/ubuntu/airflow-venv/lib/python3.12/site-packages/airflow/example_dags/example_branch_labels.py for tasks to queue
[2026-02-26T05:38:55.589+0000] {logging_mixin.py:190} INFO - [2026-02-26T05:38:55.588+0000] {dagbag.py:588} INFO - Filling up the DagBag from /home/ubuntu/airflow-venv/lib/python3.12/site-packages/airflow/example_dags/example_branch_labels.py
[2026-02-26T05:38:55.595+0000] {processor.py:925} INFO - DAG(s) 'example_branch_labels' retrieved from /home/ubuntu/airflow-venv/lib/python3.12/site-packages/airflow/example_dags/example_branch_labels.py
[2026-02-26T05:38:55.605+0000] {logging_mixin.py:190} INFO - [2026-02-26T05:38:55.605+0000] {dag.py:3239} INFO - Sync 1 DAGs
[2026-02-26T05:38:55.617+0000] {logging_mixin.py:190} INFO - [2026-02-26T05:38:55.617+0000] {dag.py:4180} INFO - Setting next_dagrun for example_branch_labels to 2026-02-25 00:00:00+00:00, run_after=2026-02-26 00:00:00+00:00
[2026-02-26T05:38:55.634+0000] {processor.py:208} INFO - Processing /home/ubuntu/airflow-venv/lib/python3.12/site-packages/airflow/example_dags/example_branch_labels.py took 0.051 seconds
[2026-02-26T05:40:08.992+0000] {processor.py:186} INFO - Started process (PID=3624) to work on /home/ubuntu/airflow-venv/lib/python3.12/site-packages/airflow/example_dags/example_branch_labels.py
[2026-02-26T05:40:08.993+0000] {processor.py:914} INFO - Processing file /home/ubuntu/airflow-venv/lib/python3.12/site-packages/airflow/example_dags/example_branch_labels.py for tasks to queue
[2026-02-26T05:40:08.994+0000] {logging_mixin.py:190} INFO - [2026-02-26T05:40:08.994+0000] {dagbag.py:588} INFO - Filling up the DagBag from /home/ubuntu/airflow-venv/lib/python3.12/site-packages/airflow/example_dags/example_branch_labels.py
[2026-02-26T05:40:09.001+0000] {processor.py:925} INFO - DAG(s) 'example_branch_labels' retrieved from /home/ubuntu/airflow-venv/lib/python3.12/site-packages/airflow/example_dags/example_branch_labels.py
[2026-02-26T05:40:09.010+0000] {logging_mixin.py:190} INFO - [2026-02-26T05:40:09.010+0000] {dag.py:3239} INFO - Sync 1 DAGs
[2026-02-26T05:40:09.023+0000] {logging_mixin.py:190} INFO - [2026-02-26T05:40:09.022+0000] {dag.py:4180} INFO - Setting next_dagrun for example_branch_labels to 2026-02-25 00:00:00+00:00, run_after=2026-02-26 00:00:00+00:00
[2026-02-26T05:40:09.039+0000] {processor.py:208} INFO - Processing /home/ubuntu/airflow-venv/lib/python3.12/site-packages/airflow/example_dags/example_branch_labels.py took 0.050 seconds
[2026-02-26T05:41:23.251+0000] {processor.py:186} INFO - Started process (PID=3706) to work on /home/ubuntu/airflow-venv/lib/python3.12/site-packages/airflow/example_dags/example_branch_labels.py
[2026-02-26T05:41:23.252+0000] {processor.py:914} INFO - Processing file /home/ubuntu/airflow-venv/lib/python3.12/site-packages/airflow/example_dags/example_branch_labels.py for tasks to queue
[2026-02-26T05:41:23.254+0000] {logging_mixin.py:190} INFO - [2026-02-26T05:41:23.253+0000] {dagbag.py:588} INFO - Filling up the DagBag from /home/ubuntu/airflow-venv/lib/python3.12/site-packages/airflow/example_dags/example_branch_labels.py
[2026-02-26T05:41:23.259+0000] {processor.py:925} INFO - DAG(s) 'example_branch_labels' retrieved from /home/ubuntu/airflow-venv/lib/python3.12/site-packages/airflow/example_dags/example_branch_labels.py
[2026-02-26T05:41:23.269+0000] {logging_mixin.py:190} INFO - [2026-02-26T05:41:23.269+0000] {dag.py:3239} INFO - Sync 1 DAGs
[2026-02-26T05:41:23.280+0000] {logging_mixin.py:190} INFO - [2026-02-26T05:41:23.280+0000] {dag.py:4180} INFO - Setting next_dagrun for example_branch_labels to 2026-02-25 00:00:00+00:00, run_after=2026-02-26 00:00:00+00:00
[2026-02-26T05:41:23.296+0000] {processor.py:208} INFO - Processing /home/ubuntu/airflow-venv/lib/python3.12/site-packages/airflow/example_dags/example_branch_labels.py took 0.048 seconds
[2026-02-26T05:42:37.545+0000] {processor.py:186} INFO - Started process (PID=3784) to work on /home/ubuntu/airflow-venv/lib/python3.12/site-packages/airflow/example_dags/example_branch_labels.py
[2026-02-26T05:42:37.547+0000] {processor.py:914} INFO - Processing file /home/ubuntu/airflow-venv/lib/python3.12/site-packages/airflow/example_dags/example_branch_labels.py for tasks to queue
[2026-02-26T05:42:37.548+0000] {logging_mixin.py:190} INFO - [2026-02-26T05:42:37.548+0000] {dagbag.py:588} INFO - Filling up the DagBag from /home/ubuntu/airflow-venv/lib/python3.12/site-packages/airflow/example_dags/example_branch_labels.py
[2026-02-26T05:42:37.554+0000] {processor.py:925} INFO - DAG(s) 'example_branch_labels' retrieved from /home/ubuntu/airflow-venv/lib/python3.12/site-packages/airflow/example_dags/example_branch_labels.py
[2026-02-26T05:42:37.564+0000] {logging_mixin.py:190} INFO - [2026-02-26T05:42:37.564+0000] {dag.py:3239} INFO - Sync 1 DAGs
[2026-02-26T05:42:37.576+0000] {logging_mixin.py:190} INFO - [2026-02-26T05:42:37.576+0000] {dag.py:4180} INFO - Setting next_dagrun for example_branch_labels to 2026-02-25 00:00:00+00:00, run_after=2026-02-26 00:00:00+00:00
[2026-02-26T05:42:37.592+0000] {processor.py:208} INFO - Processing /home/ubuntu/airflow-venv/lib/python3.12/site-packages/airflow/example_dags/example_branch_labels.py took 0.050 seconds
[2026-02-26T05:43:52.787+0000] {processor.py:186} INFO - Started process (PID=3862) to work on /home/ubuntu/airflow-venv/lib/python3.12/site-packages/airflow/example_dags/example_branch_labels.py
[2026-02-26T05:43:52.788+0000] {processor.py:914} INFO - Processing file /home/ubuntu/airflow-venv/lib/python3.12/site-packages/airflow/example_dags/example_branch_labels.py for tasks to queue
[2026-02-26T05:43:52.789+0000] {logging_mixin.py:190} INFO - [2026-02-26T05:43:52.789+0000] {dagbag.py:588} INFO - Filling up the DagBag from /home/ubuntu/airflow-venv/lib/python3.12/site-packages/airflow/example_dags/example_branch_labels.py
[2026-02-26T05:43:52.795+0000] {processor.py:925} INFO - DAG(s) 'example_branch_labels' retrieved from /home/ubuntu/airflow-venv/lib/python3.12/site-packages/airflow/example_dags/example_branch_labels.py
[2026-02-26T05:43:52.805+0000] {logging_mixin.py:190} INFO - [2026-02-26T05:43:52.805+0000] {dag.py:3239} INFO - Sync 1 DAGs
[2026-02-26T05:43:52.817+0000] {logging_mixin.py:190} INFO - [2026-02-26T05:43:52.817+0000] {dag.py:4180} INFO - Setting next_dagrun for example_branch_labels to 2026-02-25 00:00:00+00:00, run_after=2026-02-26 00:00:00+00:00
[2026-02-26T05:43:52.832+0000] {processor.py:208} INFO - Processing /home/ubuntu/airflow-venv/lib/python3.12/site-packages/airflow/example_dags/example_branch_labels.py took 0.049 seconds
[2026-02-26T05:45:05.318+0000] {processor.py:186} INFO - Started process (PID=3943) to work on /home/ubuntu/airflow-venv/lib/python3.12/site-packages/airflow/example_dags/example_branch_labels.py
[2026-02-26T05:45:05.319+0000] {processor.py:914} INFO - Processing file /home/ubuntu/airflow-venv/lib/python3.12/site-packages/airflow/example_dags/example_branch_labels.py for tasks to queue
[2026-02-26T05:45:05.321+0000] {logging_mixin.py:190} INFO - [2026-02-26T05:45:05.320+0000] {dagbag.py:588} INFO - Filling up the DagBag from /home/ubuntu/airflow-venv/lib/python3.12/site-packages/airflow/example_dags/example_branch_labels.py
[2026-02-26T05:45:05.327+0000] {processor.py:925} INFO - DAG(s) 'example_branch_labels' retrieved from /home/ubuntu/airflow-venv/lib/python3.12/site-packages/airflow/example_dags/example_branch_labels.py
[2026-02-26T05:45:05.336+0000] {logging_mixin.py:190} INFO - [2026-02-26T05:45:05.336+0000] {dag.py:3239} INFO - Sync 1 DAGs
[2026-02-26T05:45:05.348+0000] {logging_mixin.py:190} INFO - [2026-02-26T05:45:05.348+0000] {dag.py:4180} INFO - Setting next_dagrun for example_branch_labels to 2026-02-25 00:00:00+00:00, run_after=2026-02-26 00:00:00+00:00
[2026-02-26T05:45:05.363+0000] {processor.py:208} INFO - Processing /home/ubuntu/airflow-venv/lib/python3.12/site-packages/airflow/example_dags/example_branch_labels.py took 0.048 seconds
[2026-02-26T06:14:26.667+0000] {processor.py:186} INFO - Started process (PID=2742) to work on /home/ubuntu/airflow-venv/lib/python3.12/site-packages/airflow/example_dags/example_branch_labels.py
[2026-02-26T06:14:26.669+0000] {processor.py:914} INFO - Processing file /home/ubuntu/airflow-venv/lib/python3.12/site-packages/airflow/example_dags/example_branch_labels.py for tasks to queue
[2026-02-26T06:14:26.670+0000] {logging_mixin.py:190} INFO - [2026-02-26T06:14:26.670+0000] {dagbag.py:588} INFO - Filling up the DagBag from /home/ubuntu/airflow-venv/lib/python3.12/site-packages/airflow/example_dags/example_branch_labels.py
[2026-02-26T06:14:26.676+0000] {processor.py:925} INFO - DAG(s) 'example_branch_labels' retrieved from /home/ubuntu/airflow-venv/lib/python3.12/site-packages/airflow/example_dags/example_branch_labels.py
[2026-02-26T06:14:26.687+0000] {logging_mixin.py:190} INFO - [2026-02-26T06:14:26.687+0000] {dag.py:3239} INFO - Sync 1 DAGs
[2026-02-26T06:14:26.700+0000] {logging_mixin.py:190} INFO - [2026-02-26T06:14:26.700+0000] {dag.py:4180} INFO - Setting next_dagrun for example_branch_labels to 2026-02-25 00:00:00+00:00, run_after=2026-02-26 00:00:00+00:00
[2026-02-26T06:14:26.716+0000] {processor.py:208} INFO - Processing /home/ubuntu/airflow-venv/lib/python3.12/site-packages/airflow/example_dags/example_branch_labels.py took 0.053 seconds
[2026-02-26T06:15:21.152+0000] {processor.py:186} INFO - Started process (PID=2803) to work on /home/ubuntu/airflow-venv/lib/python3.12/site-packages/airflow/example_dags/example_branch_labels.py
[2026-02-26T06:15:21.153+0000] {processor.py:914} INFO - Processing file /home/ubuntu/airflow-venv/lib/python3.12/site-packages/airflow/example_dags/example_branch_labels.py for tasks to queue
[2026-02-26T06:15:21.154+0000] {logging_mixin.py:190} INFO - [2026-02-26T06:15:21.154+0000] {dagbag.py:588} INFO - Filling up the DagBag from /home/ubuntu/airflow-venv/lib/python3.12/site-packages/airflow/example_dags/example_branch_labels.py
[2026-02-26T06:15:21.161+0000] {processor.py:925} INFO - DAG(s) 'example_branch_labels' retrieved from /home/ubuntu/airflow-venv/lib/python3.12/site-packages/airflow/example_dags/example_branch_labels.py
[2026-02-26T06:15:21.171+0000] {logging_mixin.py:190} INFO - [2026-02-26T06:15:21.171+0000] {dag.py:3239} INFO - Sync 1 DAGs
[2026-02-26T06:15:21.184+0000] {logging_mixin.py:190} INFO - [2026-02-26T06:15:21.184+0000] {dag.py:4180} INFO - Setting next_dagrun for example_branch_labels to 2026-02-25 00:00:00+00:00, run_after=2026-02-26 00:00:00+00:00
[2026-02-26T06:15:21.201+0000] {processor.py:208} INFO - Processing /home/ubuntu/airflow-venv/lib/python3.12/site-packages/airflow/example_dags/example_branch_labels.py took 0.053 seconds
[2026-02-26T06:16:20.293+0000] {processor.py:186} INFO - Started process (PID=2867) to work on /home/ubuntu/airflow-venv/lib/python3.12/site-packages/airflow/example_dags/example_branch_labels.py
[2026-02-26T06:16:20.295+0000] {processor.py:914} INFO - Processing file /home/ubuntu/airflow-venv/lib/python3.12/site-packages/airflow/example_dags/example_branch_labels.py for tasks to queue
[2026-02-26T06:16:20.296+0000] {logging_mixin.py:190} INFO - [2026-02-26T06:16:20.296+0000] {dagbag.py:588} INFO - Filling up the DagBag from /home/ubuntu/airflow-venv/lib/python3.12/site-packages/airflow/example_dags/example_branch_labels.py
[2026-02-26T06:16:20.302+0000] {processor.py:925} INFO - DAG(s) 'example_branch_labels' retrieved from /home/ubuntu/airflow-venv/lib/python3.12/site-packages/airflow/example_dags/example_branch_labels.py
[2026-02-26T06:16:20.312+0000] {logging_mixin.py:190} INFO - [2026-02-26T06:16:20.312+0000] {dag.py:3239} INFO - Sync 1 DAGs
[2026-02-26T06:16:20.325+0000] {logging_mixin.py:190} INFO - [2026-02-26T06:16:20.325+0000] {dag.py:4180} INFO - Setting next_dagrun for example_branch_labels to 2026-02-25 00:00:00+00:00, run_after=2026-02-26 00:00:00+00:00
[2026-02-26T06:16:20.342+0000] {processor.py:208} INFO - Processing /home/ubuntu/airflow-venv/lib/python3.12/site-packages/airflow/example_dags/example_branch_labels.py took 0.052 seconds
[2026-02-26T06:17:32.782+0000] {processor.py:186} INFO - Started process (PID=2948) to work on /home/ubuntu/airflow-venv/lib/python3.12/site-packages/airflow/example_dags/example_branch_labels.py
[2026-02-26T06:17:32.784+0000] {processor.py:914} INFO - Processing file /home/ubuntu/airflow-venv/lib/python3.12/site-packages/airflow/example_dags/example_branch_labels.py for tasks to queue
[2026-02-26T06:17:32.785+0000] {logging_mixin.py:190} INFO - [2026-02-26T06:17:32.785+0000] {dagbag.py:588} INFO - Filling up the DagBag from /home/ubuntu/airflow-venv/lib/python3.12/site-packages/airflow/example_dags/example_branch_labels.py
[2026-02-26T06:17:32.791+0000] {processor.py:925} INFO - DAG(s) 'example_branch_labels' retrieved from /home/ubuntu/airflow-venv/lib/python3.12/site-packages/airflow/example_dags/example_branch_labels.py
[2026-02-26T06:17:32.802+0000] {logging_mixin.py:190} INFO - [2026-02-26T06:17:32.802+0000] {dag.py:3239} INFO - Sync 1 DAGs
[2026-02-26T06:17:32.815+0000] {logging_mixin.py:190} INFO - [2026-02-26T06:17:32.815+0000] {dag.py:4180} INFO - Setting next_dagrun for example_branch_labels to 2026-02-25 00:00:00+00:00, run_after=2026-02-26 00:00:00+00:00
[2026-02-26T06:17:32.831+0000] {processor.py:208} INFO - Processing /home/ubuntu/airflow-venv/lib/python3.12/site-packages/airflow/example_dags/example_branch_labels.py took 0.052 seconds
[2026-02-26T06:18:53.309+0000] {processor.py:186} INFO - Started process (PID=3028) to work on /home/ubuntu/airflow-venv/lib/python3.12/site-packages/airflow/example_dags/example_branch_labels.py
[2026-02-26T06:18:53.310+0000] {processor.py:914} INFO - Processing file /home/ubuntu/airflow-venv/lib/python3.12/site-packages/airflow/example_dags/example_branch_labels.py for tasks to queue
[2026-02-26T06:18:53.311+0000] {logging_mixin.py:190} INFO - [2026-02-26T06:18:53.311+0000] {dagbag.py:588} INFO - Filling up the DagBag from /home/ubuntu/airflow-venv/lib/python3.12/site-packages/airflow/example_dags/example_branch_labels.py
[2026-02-26T06:18:53.318+0000] {processor.py:925} INFO - DAG(s) 'example_branch_labels' retrieved from /home/ubuntu/airflow-venv/lib/python3.12/site-packages/airflow/example_dags/example_branch_labels.py
[2026-02-26T06:18:53.328+0000] {logging_mixin.py:190} INFO - [2026-02-26T06:18:53.328+0000] {dag.py:3239} INFO - Sync 1 DAGs
[2026-02-26T06:18:53.425+0000] {logging_mixin.py:190} INFO - [2026-02-26T06:18:53.425+0000] {dag.py:4180} INFO - Setting next_dagrun for example_branch_labels to 2026-02-25 00:00:00+00:00, run_after=2026-02-26 00:00:00+00:00
[2026-02-26T06:18:53.441+0000] {processor.py:208} INFO - Processing /home/ubuntu/airflow-venv/lib/python3.12/site-packages/airflow/example_dags/example_branch_labels.py took 0.136 seconds
[2026-02-26T06:19:50.488+0000] {processor.py:186} INFO - Started process (PID=3085) to work on /home/ubuntu/airflow-venv/lib/python3.12/site-packages/airflow/example_dags/example_branch_labels.py
[2026-02-26T06:19:50.489+0000] {processor.py:914} INFO - Processing file /home/ubuntu/airflow-venv/lib/python3.12/site-packages/airflow/example_dags/example_branch_labels.py for tasks to queue
[2026-02-26T06:19:50.491+0000] {logging_mixin.py:190} INFO - [2026-02-26T06:19:50.491+0000] {dagbag.py:588} INFO - Filling up the DagBag from /home/ubuntu/airflow-venv/lib/python3.12/site-packages/airflow/example_dags/example_branch_labels.py
[2026-02-26T06:19:50.497+0000] {processor.py:925} INFO - DAG(s) 'example_branch_labels' retrieved from /home/ubuntu/airflow-venv/lib/python3.12/site-packages/airflow/example_dags/example_branch_labels.py
[2026-02-26T06:19:50.508+0000] {logging_mixin.py:190} INFO - [2026-02-26T06:19:50.508+0000] {dag.py:3239} INFO - Sync 1 DAGs
[2026-02-26T06:19:50.521+0000] {logging_mixin.py:190} INFO - [2026-02-26T06:19:50.521+0000] {dag.py:4180} INFO - Setting next_dagrun for example_branch_labels to 2026-02-25 00:00:00+00:00, run_after=2026-02-26 00:00:00+00:00
[2026-02-26T06:19:50.538+0000] {processor.py:208} INFO - Processing /home/ubuntu/airflow-venv/lib/python3.12/site-packages/airflow/example_dags/example_branch_labels.py took 0.054 seconds
[2026-02-26T06:20:43.730+0000] {processor.py:186} INFO - Started process (PID=3144) to work on /home/ubuntu/airflow-venv/lib/python3.12/site-packages/airflow/example_dags/example_branch_labels.py
[2026-02-26T06:20:43.731+0000] {processor.py:914} INFO - Processing file /home/ubuntu/airflow-venv/lib/python3.12/site-packages/airflow/example_dags/example_branch_labels.py for tasks to queue
[2026-02-26T06:20:43.732+0000] {logging_mixin.py:190} INFO - [2026-02-26T06:20:43.732+0000] {dagbag.py:588} INFO - Filling up the DagBag from /home/ubuntu/airflow-venv/lib/python3.12/site-packages/airflow/example_dags/example_branch_labels.py
[2026-02-26T06:20:43.739+0000] {processor.py:925} INFO - DAG(s) 'example_branch_labels' retrieved from /home/ubuntu/airflow-venv/lib/python3.12/site-packages/airflow/example_dags/example_branch_labels.py
[2026-02-26T06:20:43.749+0000] {logging_mixin.py:190} INFO - [2026-02-26T06:20:43.749+0000] {dag.py:3239} INFO - Sync 1 DAGs
[2026-02-26T06:20:43.763+0000] {logging_mixin.py:190} INFO - [2026-02-26T06:20:43.763+0000] {dag.py:4180} INFO - Setting next_dagrun for example_branch_labels to 2026-02-25 00:00:00+00:00, run_after=2026-02-26 00:00:00+00:00
[2026-02-26T06:20:43.779+0000] {processor.py:208} INFO - Processing /home/ubuntu/airflow-venv/lib/python3.12/site-packages/airflow/example_dags/example_branch_labels.py took 0.053 seconds
[2026-02-26T06:21:52.651+0000] {processor.py:186} INFO - Started process (PID=3218) to work on /home/ubuntu/airflow-venv/lib/python3.12/site-packages/airflow/example_dags/example_branch_labels.py
[2026-02-26T06:21:52.652+0000] {processor.py:914} INFO - Processing file /home/ubuntu/airflow-venv/lib/python3.12/site-packages/airflow/example_dags/example_branch_labels.py for tasks to queue
[2026-02-26T06:21:52.653+0000] {logging_mixin.py:190} INFO - [2026-02-26T06:21:52.653+0000] {dagbag.py:588} INFO - Filling up the DagBag from /home/ubuntu/airflow-venv/lib/python3.12/site-packages/airflow/example_dags/example_branch_labels.py
[2026-02-26T06:21:52.660+0000] {processor.py:925} INFO - DAG(s) 'example_branch_labels' retrieved from /home/ubuntu/airflow-venv/lib/python3.12/site-packages/airflow/example_dags/example_branch_labels.py
[2026-02-26T06:21:52.670+0000] {logging_mixin.py:190} INFO - [2026-02-26T06:21:52.670+0000] {dag.py:3239} INFO - Sync 1 DAGs
[2026-02-26T06:21:52.684+0000] {logging_mixin.py:190} INFO - [2026-02-26T06:21:52.683+0000] {dag.py:4180} INFO - Setting next_dagrun for example_branch_labels to 2026-02-25 00:00:00+00:00, run_after=2026-02-26 00:00:00+00:00
[2026-02-26T06:21:52.699+0000] {processor.py:208} INFO - Processing /home/ubuntu/airflow-venv/lib/python3.12/site-packages/airflow/example_dags/example_branch_labels.py took 0.053 seconds
[2026-02-26T06:23:09.699+0000] {processor.py:186} INFO - Started process (PID=3299) to work on /home/ubuntu/airflow-venv/lib/python3.12/site-packages/airflow/example_dags/example_branch_labels.py
[2026-02-26T06:23:09.700+0000] {processor.py:914} INFO - Processing file /home/ubuntu/airflow-venv/lib/python3.12/site-packages/airflow/example_dags/example_branch_labels.py for tasks to queue
[2026-02-26T06:23:09.702+0000] {logging_mixin.py:190} INFO - [2026-02-26T06:23:09.701+0000] {dagbag.py:588} INFO - Filling up the DagBag from /home/ubuntu/airflow-venv/lib/python3.12/site-packages/airflow/example_dags/example_branch_labels.py
[2026-02-26T06:23:09.708+0000] {processor.py:925} INFO - DAG(s) 'example_branch_labels' retrieved from /home/ubuntu/airflow-venv/lib/python3.12/site-packages/airflow/example_dags/example_branch_labels.py
[2026-02-26T06:23:09.719+0000] {logging_mixin.py:190} INFO - [2026-02-26T06:23:09.719+0000] {dag.py:3239} INFO - Sync 1 DAGs
[2026-02-26T06:23:09.732+0000] {logging_mixin.py:190} INFO - [2026-02-26T06:23:09.732+0000] {dag.py:4180} INFO - Setting next_dagrun for example_branch_labels to 2026-02-25 00:00:00+00:00, run_after=2026-02-26 00:00:00+00:00
[2026-02-26T06:23:09.749+0000] {processor.py:208} INFO - Processing /home/ubuntu/airflow-venv/lib/python3.12/site-packages/airflow/example_dags/example_branch_labels.py took 0.054 seconds
[2026-02-26T06:24:29.286+0000] {processor.py:186} INFO - Started process (PID=3380) to work on /home/ubuntu/airflow-venv/lib/python3.12/site-packages/airflow/example_dags/example_branch_labels.py
[2026-02-26T06:24:29.288+0000] {processor.py:914} INFO - Processing file /home/ubuntu/airflow-venv/lib/python3.12/site-packages/airflow/example_dags/example_branch_labels.py for tasks to queue
[2026-02-26T06:24:29.289+0000] {logging_mixin.py:190} INFO - [2026-02-26T06:24:29.289+0000] {dagbag.py:588} INFO - Filling up the DagBag from /home/ubuntu/airflow-venv/lib/python3.12/site-packages/airflow/example_dags/example_branch_labels.py
[2026-02-26T06:24:29.296+0000] {processor.py:925} INFO - DAG(s) 'example_branch_labels' retrieved from /home/ubuntu/airflow-venv/lib/python3.12/site-packages/airflow/example_dags/example_branch_labels.py
[2026-02-26T06:24:29.306+0000] {logging_mixin.py:190} INFO - [2026-02-26T06:24:29.306+0000] {dag.py:3239} INFO - Sync 1 DAGs
[2026-02-26T06:24:29.320+0000] {logging_mixin.py:190} INFO - [2026-02-26T06:24:29.320+0000] {dag.py:4180} INFO - Setting next_dagrun for example_branch_labels to 2026-02-25 00:00:00+00:00, run_after=2026-02-26 00:00:00+00:00
[2026-02-26T06:24:29.337+0000] {processor.py:208} INFO - Processing /home/ubuntu/airflow-venv/lib/python3.12/site-packages/airflow/example_dags/example_branch_labels.py took 0.055 seconds
