[2026-02-26T05:22:54.337+0000] {processor.py:186} INFO - Started process (PID=2141) to work on /home/ubuntu/airflow-venv/lib/python3.12/site-packages/airflow/example_dags/example_sensor_decorator.py
[2026-02-26T05:22:54.338+0000] {processor.py:914} INFO - Processing file /home/ubuntu/airflow-venv/lib/python3.12/site-packages/airflow/example_dags/example_sensor_decorator.py for tasks to queue
[2026-02-26T05:22:54.339+0000] {logging_mixin.py:190} INFO - [2026-02-26T05:22:54.339+0000] {dagbag.py:588} INFO - Filling up the DagBag from /home/ubuntu/airflow-venv/lib/python3.12/site-packages/airflow/example_dags/example_sensor_decorator.py
[2026-02-26T05:22:54.344+0000] {processor.py:925} INFO - DAG(s) 'example_sensor_decorator' retrieved from /home/ubuntu/airflow-venv/lib/python3.12/site-packages/airflow/example_dags/example_sensor_decorator.py
[2026-02-26T05:22:54.354+0000] {logging_mixin.py:190} INFO - [2026-02-26T05:22:54.354+0000] {dag.py:3239} INFO - Sync 1 DAGs
[2026-02-26T05:22:54.362+0000] {logging_mixin.py:190} INFO - [2026-02-26T05:22:54.361+0000] {dag.py:4180} INFO - Setting next_dagrun for example_sensor_decorator to None, run_after=None
[2026-02-26T05:22:54.377+0000] {processor.py:208} INFO - Processing /home/ubuntu/airflow-venv/lib/python3.12/site-packages/airflow/example_dags/example_sensor_decorator.py took 0.042 seconds
[2026-02-26T05:23:49.720+0000] {processor.py:186} INFO - Started process (PID=2198) to work on /home/ubuntu/airflow-venv/lib/python3.12/site-packages/airflow/example_dags/example_sensor_decorator.py
[2026-02-26T05:23:49.721+0000] {processor.py:914} INFO - Processing file /home/ubuntu/airflow-venv/lib/python3.12/site-packages/airflow/example_dags/example_sensor_decorator.py for tasks to queue
[2026-02-26T05:23:49.722+0000] {logging_mixin.py:190} INFO - [2026-02-26T05:23:49.722+0000] {dagbag.py:588} INFO - Filling up the DagBag from /home/ubuntu/airflow-venv/lib/python3.12/site-packages/airflow/example_dags/example_sensor_decorator.py
[2026-02-26T05:23:49.728+0000] {processor.py:925} INFO - DAG(s) 'example_sensor_decorator' retrieved from /home/ubuntu/airflow-venv/lib/python3.12/site-packages/airflow/example_dags/example_sensor_decorator.py
[2026-02-26T05:23:49.737+0000] {logging_mixin.py:190} INFO - [2026-02-26T05:23:49.737+0000] {dag.py:3239} INFO - Sync 1 DAGs
[2026-02-26T05:23:49.744+0000] {logging_mixin.py:190} INFO - [2026-02-26T05:23:49.744+0000] {dag.py:4180} INFO - Setting next_dagrun for example_sensor_decorator to None, run_after=None
[2026-02-26T05:23:49.761+0000] {processor.py:208} INFO - Processing /home/ubuntu/airflow-venv/lib/python3.12/site-packages/airflow/example_dags/example_sensor_decorator.py took 0.045 seconds
[2026-02-26T05:24:43.979+0000] {processor.py:186} INFO - Started process (PID=2255) to work on /home/ubuntu/airflow-venv/lib/python3.12/site-packages/airflow/example_dags/example_sensor_decorator.py
[2026-02-26T05:24:43.980+0000] {processor.py:914} INFO - Processing file /home/ubuntu/airflow-venv/lib/python3.12/site-packages/airflow/example_dags/example_sensor_decorator.py for tasks to queue
[2026-02-26T05:24:43.982+0000] {logging_mixin.py:190} INFO - [2026-02-26T05:24:43.982+0000] {dagbag.py:588} INFO - Filling up the DagBag from /home/ubuntu/airflow-venv/lib/python3.12/site-packages/airflow/example_dags/example_sensor_decorator.py
[2026-02-26T05:24:43.987+0000] {processor.py:925} INFO - DAG(s) 'example_sensor_decorator' retrieved from /home/ubuntu/airflow-venv/lib/python3.12/site-packages/airflow/example_dags/example_sensor_decorator.py
[2026-02-26T05:24:43.996+0000] {logging_mixin.py:190} INFO - [2026-02-26T05:24:43.996+0000] {dag.py:3239} INFO - Sync 1 DAGs
[2026-02-26T05:24:44.004+0000] {logging_mixin.py:190} INFO - [2026-02-26T05:24:44.003+0000] {dag.py:4180} INFO - Setting next_dagrun for example_sensor_decorator to None, run_after=None
[2026-02-26T05:24:44.020+0000] {processor.py:208} INFO - Processing /home/ubuntu/airflow-venv/lib/python3.12/site-packages/airflow/example_dags/example_sensor_decorator.py took 0.044 seconds
[2026-02-26T05:25:33.569+0000] {processor.py:186} INFO - Started process (PID=2320) to work on /home/ubuntu/airflow-venv/lib/python3.12/site-packages/airflow/example_dags/example_sensor_decorator.py
[2026-02-26T05:25:33.570+0000] {processor.py:914} INFO - Processing file /home/ubuntu/airflow-venv/lib/python3.12/site-packages/airflow/example_dags/example_sensor_decorator.py for tasks to queue
[2026-02-26T05:25:33.571+0000] {logging_mixin.py:190} INFO - [2026-02-26T05:25:33.571+0000] {dagbag.py:588} INFO - Filling up the DagBag from /home/ubuntu/airflow-venv/lib/python3.12/site-packages/airflow/example_dags/example_sensor_decorator.py
[2026-02-26T05:25:33.576+0000] {processor.py:925} INFO - DAG(s) 'example_sensor_decorator' retrieved from /home/ubuntu/airflow-venv/lib/python3.12/site-packages/airflow/example_dags/example_sensor_decorator.py
[2026-02-26T05:25:33.585+0000] {logging_mixin.py:190} INFO - [2026-02-26T05:25:33.585+0000] {dag.py:3239} INFO - Sync 1 DAGs
[2026-02-26T05:25:33.592+0000] {logging_mixin.py:190} INFO - [2026-02-26T05:25:33.592+0000] {dag.py:4180} INFO - Setting next_dagrun for example_sensor_decorator to None, run_after=None
[2026-02-26T05:25:33.608+0000] {processor.py:208} INFO - Processing /home/ubuntu/airflow-venv/lib/python3.12/site-packages/airflow/example_dags/example_sensor_decorator.py took 0.042 seconds
[2026-02-26T05:26:25.344+0000] {processor.py:186} INFO - Started process (PID=2380) to work on /home/ubuntu/airflow-venv/lib/python3.12/site-packages/airflow/example_dags/example_sensor_decorator.py
[2026-02-26T05:26:25.345+0000] {processor.py:914} INFO - Processing file /home/ubuntu/airflow-venv/lib/python3.12/site-packages/airflow/example_dags/example_sensor_decorator.py for tasks to queue
[2026-02-26T05:26:25.346+0000] {logging_mixin.py:190} INFO - [2026-02-26T05:26:25.346+0000] {dagbag.py:588} INFO - Filling up the DagBag from /home/ubuntu/airflow-venv/lib/python3.12/site-packages/airflow/example_dags/example_sensor_decorator.py
[2026-02-26T05:26:25.351+0000] {processor.py:925} INFO - DAG(s) 'example_sensor_decorator' retrieved from /home/ubuntu/airflow-venv/lib/python3.12/site-packages/airflow/example_dags/example_sensor_decorator.py
[2026-02-26T05:26:25.359+0000] {logging_mixin.py:190} INFO - [2026-02-26T05:26:25.359+0000] {dag.py:3239} INFO - Sync 1 DAGs
[2026-02-26T05:26:25.366+0000] {logging_mixin.py:190} INFO - [2026-02-26T05:26:25.366+0000] {dag.py:4180} INFO - Setting next_dagrun for example_sensor_decorator to None, run_after=None
[2026-02-26T05:26:25.381+0000] {processor.py:208} INFO - Processing /home/ubuntu/airflow-venv/lib/python3.12/site-packages/airflow/example_dags/example_sensor_decorator.py took 0.041 seconds
[2026-02-26T05:27:13.695+0000] {processor.py:186} INFO - Started process (PID=2797) to work on /home/ubuntu/airflow-venv/lib/python3.12/site-packages/airflow/example_dags/example_sensor_decorator.py
[2026-02-26T05:27:13.696+0000] {processor.py:914} INFO - Processing file /home/ubuntu/airflow-venv/lib/python3.12/site-packages/airflow/example_dags/example_sensor_decorator.py for tasks to queue
[2026-02-26T05:27:13.697+0000] {logging_mixin.py:190} INFO - [2026-02-26T05:27:13.697+0000] {dagbag.py:588} INFO - Filling up the DagBag from /home/ubuntu/airflow-venv/lib/python3.12/site-packages/airflow/example_dags/example_sensor_decorator.py
[2026-02-26T05:27:13.703+0000] {processor.py:925} INFO - DAG(s) 'example_sensor_decorator' retrieved from /home/ubuntu/airflow-venv/lib/python3.12/site-packages/airflow/example_dags/example_sensor_decorator.py
[2026-02-26T05:27:13.712+0000] {logging_mixin.py:190} INFO - [2026-02-26T05:27:13.712+0000] {dag.py:3239} INFO - Sync 1 DAGs
[2026-02-26T05:27:13.719+0000] {logging_mixin.py:190} INFO - [2026-02-26T05:27:13.719+0000] {dag.py:4180} INFO - Setting next_dagrun for example_sensor_decorator to None, run_after=None
[2026-02-26T05:27:13.734+0000] {processor.py:208} INFO - Processing /home/ubuntu/airflow-venv/lib/python3.12/site-packages/airflow/example_dags/example_sensor_decorator.py took 0.043 seconds
[2026-02-26T05:28:03.128+0000] {processor.py:186} INFO - Started process (PID=2849) to work on /home/ubuntu/airflow-venv/lib/python3.12/site-packages/airflow/example_dags/example_sensor_decorator.py
[2026-02-26T05:28:03.130+0000] {processor.py:914} INFO - Processing file /home/ubuntu/airflow-venv/lib/python3.12/site-packages/airflow/example_dags/example_sensor_decorator.py for tasks to queue
[2026-02-26T05:28:03.131+0000] {logging_mixin.py:190} INFO - [2026-02-26T05:28:03.131+0000] {dagbag.py:588} INFO - Filling up the DagBag from /home/ubuntu/airflow-venv/lib/python3.12/site-packages/airflow/example_dags/example_sensor_decorator.py
[2026-02-26T05:28:03.136+0000] {processor.py:925} INFO - DAG(s) 'example_sensor_decorator' retrieved from /home/ubuntu/airflow-venv/lib/python3.12/site-packages/airflow/example_dags/example_sensor_decorator.py
[2026-02-26T05:28:03.145+0000] {logging_mixin.py:190} INFO - [2026-02-26T05:28:03.144+0000] {dag.py:3239} INFO - Sync 1 DAGs
[2026-02-26T05:28:03.151+0000] {logging_mixin.py:190} INFO - [2026-02-26T05:28:03.151+0000] {dag.py:4180} INFO - Setting next_dagrun for example_sensor_decorator to None, run_after=None
[2026-02-26T05:28:03.168+0000] {processor.py:208} INFO - Processing /home/ubuntu/airflow-venv/lib/python3.12/site-packages/airflow/example_dags/example_sensor_decorator.py took 0.043 seconds
[2026-02-26T05:28:56.062+0000] {processor.py:186} INFO - Started process (PID=2904) to work on /home/ubuntu/airflow-venv/lib/python3.12/site-packages/airflow/example_dags/example_sensor_decorator.py
[2026-02-26T05:28:56.063+0000] {processor.py:914} INFO - Processing file /home/ubuntu/airflow-venv/lib/python3.12/site-packages/airflow/example_dags/example_sensor_decorator.py for tasks to queue
[2026-02-26T05:28:56.064+0000] {logging_mixin.py:190} INFO - [2026-02-26T05:28:56.064+0000] {dagbag.py:588} INFO - Filling up the DagBag from /home/ubuntu/airflow-venv/lib/python3.12/site-packages/airflow/example_dags/example_sensor_decorator.py
[2026-02-26T05:28:56.070+0000] {processor.py:925} INFO - DAG(s) 'example_sensor_decorator' retrieved from /home/ubuntu/airflow-venv/lib/python3.12/site-packages/airflow/example_dags/example_sensor_decorator.py
[2026-02-26T05:28:56.079+0000] {logging_mixin.py:190} INFO - [2026-02-26T05:28:56.079+0000] {dag.py:3239} INFO - Sync 1 DAGs
[2026-02-26T05:28:56.087+0000] {logging_mixin.py:190} INFO - [2026-02-26T05:28:56.087+0000] {dag.py:4180} INFO - Setting next_dagrun for example_sensor_decorator to None, run_after=None
[2026-02-26T05:28:56.104+0000] {processor.py:208} INFO - Processing /home/ubuntu/airflow-venv/lib/python3.12/site-packages/airflow/example_dags/example_sensor_decorator.py took 0.046 seconds
[2026-02-26T05:29:47.360+0000] {processor.py:186} INFO - Started process (PID=2956) to work on /home/ubuntu/airflow-venv/lib/python3.12/site-packages/airflow/example_dags/example_sensor_decorator.py
[2026-02-26T05:29:47.361+0000] {processor.py:914} INFO - Processing file /home/ubuntu/airflow-venv/lib/python3.12/site-packages/airflow/example_dags/example_sensor_decorator.py for tasks to queue
[2026-02-26T05:29:47.362+0000] {logging_mixin.py:190} INFO - [2026-02-26T05:29:47.362+0000] {dagbag.py:588} INFO - Filling up the DagBag from /home/ubuntu/airflow-venv/lib/python3.12/site-packages/airflow/example_dags/example_sensor_decorator.py
[2026-02-26T05:29:47.367+0000] {processor.py:925} INFO - DAG(s) 'example_sensor_decorator' retrieved from /home/ubuntu/airflow-venv/lib/python3.12/site-packages/airflow/example_dags/example_sensor_decorator.py
[2026-02-26T05:29:47.377+0000] {logging_mixin.py:190} INFO - [2026-02-26T05:29:47.377+0000] {dag.py:3239} INFO - Sync 1 DAGs
[2026-02-26T05:29:47.385+0000] {logging_mixin.py:190} INFO - [2026-02-26T05:29:47.384+0000] {dag.py:4180} INFO - Setting next_dagrun for example_sensor_decorator to None, run_after=None
[2026-02-26T05:29:47.401+0000] {processor.py:208} INFO - Processing /home/ubuntu/airflow-venv/lib/python3.12/site-packages/airflow/example_dags/example_sensor_decorator.py took 0.045 seconds
[2026-02-26T05:30:39.871+0000] {processor.py:186} INFO - Started process (PID=3015) to work on /home/ubuntu/airflow-venv/lib/python3.12/site-packages/airflow/example_dags/example_sensor_decorator.py
[2026-02-26T05:30:39.873+0000] {processor.py:914} INFO - Processing file /home/ubuntu/airflow-venv/lib/python3.12/site-packages/airflow/example_dags/example_sensor_decorator.py for tasks to queue
[2026-02-26T05:30:39.874+0000] {logging_mixin.py:190} INFO - [2026-02-26T05:30:39.874+0000] {dagbag.py:588} INFO - Filling up the DagBag from /home/ubuntu/airflow-venv/lib/python3.12/site-packages/airflow/example_dags/example_sensor_decorator.py
[2026-02-26T05:30:39.879+0000] {processor.py:925} INFO - DAG(s) 'example_sensor_decorator' retrieved from /home/ubuntu/airflow-venv/lib/python3.12/site-packages/airflow/example_dags/example_sensor_decorator.py
[2026-02-26T05:30:39.888+0000] {logging_mixin.py:190} INFO - [2026-02-26T05:30:39.888+0000] {dag.py:3239} INFO - Sync 1 DAGs
[2026-02-26T05:30:39.896+0000] {logging_mixin.py:190} INFO - [2026-02-26T05:30:39.896+0000] {dag.py:4180} INFO - Setting next_dagrun for example_sensor_decorator to None, run_after=None
[2026-02-26T05:30:39.913+0000] {processor.py:208} INFO - Processing /home/ubuntu/airflow-venv/lib/python3.12/site-packages/airflow/example_dags/example_sensor_decorator.py took 0.045 seconds
[2026-02-26T05:31:31.527+0000] {processor.py:186} INFO - Started process (PID=3068) to work on /home/ubuntu/airflow-venv/lib/python3.12/site-packages/airflow/example_dags/example_sensor_decorator.py
[2026-02-26T05:31:31.529+0000] {processor.py:914} INFO - Processing file /home/ubuntu/airflow-venv/lib/python3.12/site-packages/airflow/example_dags/example_sensor_decorator.py for tasks to queue
[2026-02-26T05:31:31.530+0000] {logging_mixin.py:190} INFO - [2026-02-26T05:31:31.530+0000] {dagbag.py:588} INFO - Filling up the DagBag from /home/ubuntu/airflow-venv/lib/python3.12/site-packages/airflow/example_dags/example_sensor_decorator.py
[2026-02-26T05:31:31.535+0000] {processor.py:925} INFO - DAG(s) 'example_sensor_decorator' retrieved from /home/ubuntu/airflow-venv/lib/python3.12/site-packages/airflow/example_dags/example_sensor_decorator.py
[2026-02-26T05:31:31.544+0000] {logging_mixin.py:190} INFO - [2026-02-26T05:31:31.544+0000] {dag.py:3239} INFO - Sync 1 DAGs
[2026-02-26T05:31:31.551+0000] {logging_mixin.py:190} INFO - [2026-02-26T05:31:31.551+0000] {dag.py:4180} INFO - Setting next_dagrun for example_sensor_decorator to None, run_after=None
[2026-02-26T05:31:31.567+0000] {processor.py:208} INFO - Processing /home/ubuntu/airflow-venv/lib/python3.12/site-packages/airflow/example_dags/example_sensor_decorator.py took 0.043 seconds
[2026-02-26T05:32:23.625+0000] {processor.py:186} INFO - Started process (PID=3121) to work on /home/ubuntu/airflow-venv/lib/python3.12/site-packages/airflow/example_dags/example_sensor_decorator.py
[2026-02-26T05:32:23.626+0000] {processor.py:914} INFO - Processing file /home/ubuntu/airflow-venv/lib/python3.12/site-packages/airflow/example_dags/example_sensor_decorator.py for tasks to queue
[2026-02-26T05:32:23.628+0000] {logging_mixin.py:190} INFO - [2026-02-26T05:32:23.627+0000] {dagbag.py:588} INFO - Filling up the DagBag from /home/ubuntu/airflow-venv/lib/python3.12/site-packages/airflow/example_dags/example_sensor_decorator.py
[2026-02-26T05:32:23.633+0000] {processor.py:925} INFO - DAG(s) 'example_sensor_decorator' retrieved from /home/ubuntu/airflow-venv/lib/python3.12/site-packages/airflow/example_dags/example_sensor_decorator.py
[2026-02-26T05:32:23.642+0000] {logging_mixin.py:190} INFO - [2026-02-26T05:32:23.642+0000] {dag.py:3239} INFO - Sync 1 DAGs
[2026-02-26T05:32:23.650+0000] {logging_mixin.py:190} INFO - [2026-02-26T05:32:23.650+0000] {dag.py:4180} INFO - Setting next_dagrun for example_sensor_decorator to None, run_after=None
[2026-02-26T05:32:23.667+0000] {processor.py:208} INFO - Processing /home/ubuntu/airflow-venv/lib/python3.12/site-packages/airflow/example_dags/example_sensor_decorator.py took 0.046 seconds
[2026-02-26T05:33:11.611+0000] {processor.py:186} INFO - Started process (PID=3172) to work on /home/ubuntu/airflow-venv/lib/python3.12/site-packages/airflow/example_dags/example_sensor_decorator.py
[2026-02-26T05:33:11.612+0000] {processor.py:914} INFO - Processing file /home/ubuntu/airflow-venv/lib/python3.12/site-packages/airflow/example_dags/example_sensor_decorator.py for tasks to queue
[2026-02-26T05:33:11.614+0000] {logging_mixin.py:190} INFO - [2026-02-26T05:33:11.613+0000] {dagbag.py:588} INFO - Filling up the DagBag from /home/ubuntu/airflow-venv/lib/python3.12/site-packages/airflow/example_dags/example_sensor_decorator.py
[2026-02-26T05:33:11.619+0000] {processor.py:925} INFO - DAG(s) 'example_sensor_decorator' retrieved from /home/ubuntu/airflow-venv/lib/python3.12/site-packages/airflow/example_dags/example_sensor_decorator.py
[2026-02-26T05:33:11.627+0000] {logging_mixin.py:190} INFO - [2026-02-26T05:33:11.627+0000] {dag.py:3239} INFO - Sync 1 DAGs
[2026-02-26T05:33:11.635+0000] {logging_mixin.py:190} INFO - [2026-02-26T05:33:11.635+0000] {dag.py:4180} INFO - Setting next_dagrun for example_sensor_decorator to None, run_after=None
[2026-02-26T05:33:11.650+0000] {processor.py:208} INFO - Processing /home/ubuntu/airflow-venv/lib/python3.12/site-packages/airflow/example_dags/example_sensor_decorator.py took 0.042 seconds
[2026-02-26T05:34:02.483+0000] {processor.py:186} INFO - Started process (PID=3228) to work on /home/ubuntu/airflow-venv/lib/python3.12/site-packages/airflow/example_dags/example_sensor_decorator.py
[2026-02-26T05:34:02.485+0000] {processor.py:914} INFO - Processing file /home/ubuntu/airflow-venv/lib/python3.12/site-packages/airflow/example_dags/example_sensor_decorator.py for tasks to queue
[2026-02-26T05:34:02.486+0000] {logging_mixin.py:190} INFO - [2026-02-26T05:34:02.486+0000] {dagbag.py:588} INFO - Filling up the DagBag from /home/ubuntu/airflow-venv/lib/python3.12/site-packages/airflow/example_dags/example_sensor_decorator.py
[2026-02-26T05:34:02.491+0000] {processor.py:925} INFO - DAG(s) 'example_sensor_decorator' retrieved from /home/ubuntu/airflow-venv/lib/python3.12/site-packages/airflow/example_dags/example_sensor_decorator.py
[2026-02-26T05:34:02.501+0000] {logging_mixin.py:190} INFO - [2026-02-26T05:34:02.501+0000] {dag.py:3239} INFO - Sync 1 DAGs
[2026-02-26T05:34:02.508+0000] {logging_mixin.py:190} INFO - [2026-02-26T05:34:02.508+0000] {dag.py:4180} INFO - Setting next_dagrun for example_sensor_decorator to None, run_after=None
[2026-02-26T05:34:02.524+0000] {processor.py:208} INFO - Processing /home/ubuntu/airflow-venv/lib/python3.12/site-packages/airflow/example_dags/example_sensor_decorator.py took 0.044 seconds
[2026-02-26T05:34:50.311+0000] {processor.py:186} INFO - Started process (PID=3281) to work on /home/ubuntu/airflow-venv/lib/python3.12/site-packages/airflow/example_dags/example_sensor_decorator.py
[2026-02-26T05:34:50.312+0000] {processor.py:914} INFO - Processing file /home/ubuntu/airflow-venv/lib/python3.12/site-packages/airflow/example_dags/example_sensor_decorator.py for tasks to queue
[2026-02-26T05:34:50.313+0000] {logging_mixin.py:190} INFO - [2026-02-26T05:34:50.313+0000] {dagbag.py:588} INFO - Filling up the DagBag from /home/ubuntu/airflow-venv/lib/python3.12/site-packages/airflow/example_dags/example_sensor_decorator.py
[2026-02-26T05:34:50.319+0000] {processor.py:925} INFO - DAG(s) 'example_sensor_decorator' retrieved from /home/ubuntu/airflow-venv/lib/python3.12/site-packages/airflow/example_dags/example_sensor_decorator.py
[2026-02-26T05:34:50.328+0000] {logging_mixin.py:190} INFO - [2026-02-26T05:34:50.327+0000] {dag.py:3239} INFO - Sync 1 DAGs
[2026-02-26T05:34:50.335+0000] {logging_mixin.py:190} INFO - [2026-02-26T05:34:50.335+0000] {dag.py:4180} INFO - Setting next_dagrun for example_sensor_decorator to None, run_after=None
[2026-02-26T05:34:50.351+0000] {processor.py:208} INFO - Processing /home/ubuntu/airflow-venv/lib/python3.12/site-packages/airflow/example_dags/example_sensor_decorator.py took 0.044 seconds
[2026-02-26T05:35:42.755+0000] {processor.py:186} INFO - Started process (PID=3341) to work on /home/ubuntu/airflow-venv/lib/python3.12/site-packages/airflow/example_dags/example_sensor_decorator.py
[2026-02-26T05:35:42.756+0000] {processor.py:914} INFO - Processing file /home/ubuntu/airflow-venv/lib/python3.12/site-packages/airflow/example_dags/example_sensor_decorator.py for tasks to queue
[2026-02-26T05:35:42.758+0000] {logging_mixin.py:190} INFO - [2026-02-26T05:35:42.757+0000] {dagbag.py:588} INFO - Filling up the DagBag from /home/ubuntu/airflow-venv/lib/python3.12/site-packages/airflow/example_dags/example_sensor_decorator.py
[2026-02-26T05:35:42.763+0000] {processor.py:925} INFO - DAG(s) 'example_sensor_decorator' retrieved from /home/ubuntu/airflow-venv/lib/python3.12/site-packages/airflow/example_dags/example_sensor_decorator.py
[2026-02-26T05:35:42.772+0000] {logging_mixin.py:190} INFO - [2026-02-26T05:35:42.772+0000] {dag.py:3239} INFO - Sync 1 DAGs
[2026-02-26T05:35:42.779+0000] {logging_mixin.py:190} INFO - [2026-02-26T05:35:42.779+0000] {dag.py:4180} INFO - Setting next_dagrun for example_sensor_decorator to None, run_after=None
[2026-02-26T05:35:42.795+0000] {processor.py:208} INFO - Processing /home/ubuntu/airflow-venv/lib/python3.12/site-packages/airflow/example_dags/example_sensor_decorator.py took 0.044 seconds
[2026-02-26T05:36:35.255+0000] {processor.py:186} INFO - Started process (PID=3399) to work on /home/ubuntu/airflow-venv/lib/python3.12/site-packages/airflow/example_dags/example_sensor_decorator.py
[2026-02-26T05:36:35.256+0000] {processor.py:914} INFO - Processing file /home/ubuntu/airflow-venv/lib/python3.12/site-packages/airflow/example_dags/example_sensor_decorator.py for tasks to queue
[2026-02-26T05:36:35.257+0000] {logging_mixin.py:190} INFO - [2026-02-26T05:36:35.257+0000] {dagbag.py:588} INFO - Filling up the DagBag from /home/ubuntu/airflow-venv/lib/python3.12/site-packages/airflow/example_dags/example_sensor_decorator.py
[2026-02-26T05:36:35.262+0000] {processor.py:925} INFO - DAG(s) 'example_sensor_decorator' retrieved from /home/ubuntu/airflow-venv/lib/python3.12/site-packages/airflow/example_dags/example_sensor_decorator.py
[2026-02-26T05:36:35.271+0000] {logging_mixin.py:190} INFO - [2026-02-26T05:36:35.271+0000] {dag.py:3239} INFO - Sync 1 DAGs
[2026-02-26T05:36:35.279+0000] {logging_mixin.py:190} INFO - [2026-02-26T05:36:35.279+0000] {dag.py:4180} INFO - Setting next_dagrun for example_sensor_decorator to None, run_after=None
[2026-02-26T05:36:35.295+0000] {processor.py:208} INFO - Processing /home/ubuntu/airflow-venv/lib/python3.12/site-packages/airflow/example_dags/example_sensor_decorator.py took 0.044 seconds
[2026-02-26T05:37:24.310+0000] {processor.py:186} INFO - Started process (PID=3451) to work on /home/ubuntu/airflow-venv/lib/python3.12/site-packages/airflow/example_dags/example_sensor_decorator.py
[2026-02-26T05:37:24.312+0000] {processor.py:914} INFO - Processing file /home/ubuntu/airflow-venv/lib/python3.12/site-packages/airflow/example_dags/example_sensor_decorator.py for tasks to queue
[2026-02-26T05:37:24.313+0000] {logging_mixin.py:190} INFO - [2026-02-26T05:37:24.313+0000] {dagbag.py:588} INFO - Filling up the DagBag from /home/ubuntu/airflow-venv/lib/python3.12/site-packages/airflow/example_dags/example_sensor_decorator.py
[2026-02-26T05:37:24.318+0000] {processor.py:925} INFO - DAG(s) 'example_sensor_decorator' retrieved from /home/ubuntu/airflow-venv/lib/python3.12/site-packages/airflow/example_dags/example_sensor_decorator.py
[2026-02-26T05:37:24.327+0000] {logging_mixin.py:190} INFO - [2026-02-26T05:37:24.327+0000] {dag.py:3239} INFO - Sync 1 DAGs
[2026-02-26T05:37:24.334+0000] {logging_mixin.py:190} INFO - [2026-02-26T05:37:24.334+0000] {dag.py:4180} INFO - Setting next_dagrun for example_sensor_decorator to None, run_after=None
[2026-02-26T05:37:24.350+0000] {processor.py:208} INFO - Processing /home/ubuntu/airflow-venv/lib/python3.12/site-packages/airflow/example_dags/example_sensor_decorator.py took 0.043 seconds
[2026-02-26T05:38:13.210+0000] {processor.py:186} INFO - Started process (PID=3501) to work on /home/ubuntu/airflow-venv/lib/python3.12/site-packages/airflow/example_dags/example_sensor_decorator.py
[2026-02-26T05:38:13.212+0000] {processor.py:914} INFO - Processing file /home/ubuntu/airflow-venv/lib/python3.12/site-packages/airflow/example_dags/example_sensor_decorator.py for tasks to queue
[2026-02-26T05:38:13.213+0000] {logging_mixin.py:190} INFO - [2026-02-26T05:38:13.213+0000] {dagbag.py:588} INFO - Filling up the DagBag from /home/ubuntu/airflow-venv/lib/python3.12/site-packages/airflow/example_dags/example_sensor_decorator.py
[2026-02-26T05:38:13.218+0000] {processor.py:925} INFO - DAG(s) 'example_sensor_decorator' retrieved from /home/ubuntu/airflow-venv/lib/python3.12/site-packages/airflow/example_dags/example_sensor_decorator.py
[2026-02-26T05:38:13.227+0000] {logging_mixin.py:190} INFO - [2026-02-26T05:38:13.227+0000] {dag.py:3239} INFO - Sync 1 DAGs
[2026-02-26T05:38:13.235+0000] {logging_mixin.py:190} INFO - [2026-02-26T05:38:13.235+0000] {dag.py:4180} INFO - Setting next_dagrun for example_sensor_decorator to None, run_after=None
[2026-02-26T05:38:13.251+0000] {processor.py:208} INFO - Processing /home/ubuntu/airflow-venv/lib/python3.12/site-packages/airflow/example_dags/example_sensor_decorator.py took 0.044 seconds
[2026-02-26T05:39:04.962+0000] {processor.py:186} INFO - Started process (PID=3554) to work on /home/ubuntu/airflow-venv/lib/python3.12/site-packages/airflow/example_dags/example_sensor_decorator.py
[2026-02-26T05:39:04.963+0000] {processor.py:914} INFO - Processing file /home/ubuntu/airflow-venv/lib/python3.12/site-packages/airflow/example_dags/example_sensor_decorator.py for tasks to queue
[2026-02-26T05:39:04.964+0000] {logging_mixin.py:190} INFO - [2026-02-26T05:39:04.964+0000] {dagbag.py:588} INFO - Filling up the DagBag from /home/ubuntu/airflow-venv/lib/python3.12/site-packages/airflow/example_dags/example_sensor_decorator.py
[2026-02-26T05:39:04.970+0000] {processor.py:925} INFO - DAG(s) 'example_sensor_decorator' retrieved from /home/ubuntu/airflow-venv/lib/python3.12/site-packages/airflow/example_dags/example_sensor_decorator.py
[2026-02-26T05:39:04.979+0000] {logging_mixin.py:190} INFO - [2026-02-26T05:39:04.979+0000] {dag.py:3239} INFO - Sync 1 DAGs
[2026-02-26T05:39:04.986+0000] {logging_mixin.py:190} INFO - [2026-02-26T05:39:04.986+0000] {dag.py:4180} INFO - Setting next_dagrun for example_sensor_decorator to None, run_after=None
[2026-02-26T05:39:05.003+0000] {processor.py:208} INFO - Processing /home/ubuntu/airflow-venv/lib/python3.12/site-packages/airflow/example_dags/example_sensor_decorator.py took 0.044 seconds
[2026-02-26T05:39:54.993+0000] {processor.py:186} INFO - Started process (PID=3609) to work on /home/ubuntu/airflow-venv/lib/python3.12/site-packages/airflow/example_dags/example_sensor_decorator.py
[2026-02-26T05:39:54.994+0000] {processor.py:914} INFO - Processing file /home/ubuntu/airflow-venv/lib/python3.12/site-packages/airflow/example_dags/example_sensor_decorator.py for tasks to queue
[2026-02-26T05:39:54.995+0000] {logging_mixin.py:190} INFO - [2026-02-26T05:39:54.995+0000] {dagbag.py:588} INFO - Filling up the DagBag from /home/ubuntu/airflow-venv/lib/python3.12/site-packages/airflow/example_dags/example_sensor_decorator.py
[2026-02-26T05:39:55.001+0000] {processor.py:925} INFO - DAG(s) 'example_sensor_decorator' retrieved from /home/ubuntu/airflow-venv/lib/python3.12/site-packages/airflow/example_dags/example_sensor_decorator.py
[2026-02-26T05:39:55.010+0000] {logging_mixin.py:190} INFO - [2026-02-26T05:39:55.010+0000] {dag.py:3239} INFO - Sync 1 DAGs
[2026-02-26T05:39:55.017+0000] {logging_mixin.py:190} INFO - [2026-02-26T05:39:55.017+0000] {dag.py:4180} INFO - Setting next_dagrun for example_sensor_decorator to None, run_after=None
[2026-02-26T05:39:55.034+0000] {processor.py:208} INFO - Processing /home/ubuntu/airflow-venv/lib/python3.12/site-packages/airflow/example_dags/example_sensor_decorator.py took 0.045 seconds
[2026-02-26T05:40:42.731+0000] {processor.py:186} INFO - Started process (PID=3665) to work on /home/ubuntu/airflow-venv/lib/python3.12/site-packages/airflow/example_dags/example_sensor_decorator.py
[2026-02-26T05:40:42.732+0000] {processor.py:914} INFO - Processing file /home/ubuntu/airflow-venv/lib/python3.12/site-packages/airflow/example_dags/example_sensor_decorator.py for tasks to queue
[2026-02-26T05:40:42.734+0000] {logging_mixin.py:190} INFO - [2026-02-26T05:40:42.733+0000] {dagbag.py:588} INFO - Filling up the DagBag from /home/ubuntu/airflow-venv/lib/python3.12/site-packages/airflow/example_dags/example_sensor_decorator.py
[2026-02-26T05:40:42.739+0000] {processor.py:925} INFO - DAG(s) 'example_sensor_decorator' retrieved from /home/ubuntu/airflow-venv/lib/python3.12/site-packages/airflow/example_dags/example_sensor_decorator.py
[2026-02-26T05:40:42.748+0000] {logging_mixin.py:190} INFO - [2026-02-26T05:40:42.748+0000] {dag.py:3239} INFO - Sync 1 DAGs
[2026-02-26T05:40:42.755+0000] {logging_mixin.py:190} INFO - [2026-02-26T05:40:42.755+0000] {dag.py:4180} INFO - Setting next_dagrun for example_sensor_decorator to None, run_after=None
[2026-02-26T05:40:42.771+0000] {processor.py:208} INFO - Processing /home/ubuntu/airflow-venv/lib/python3.12/site-packages/airflow/example_dags/example_sensor_decorator.py took 0.044 seconds
[2026-02-26T05:41:32.730+0000] {processor.py:186} INFO - Started process (PID=3716) to work on /home/ubuntu/airflow-venv/lib/python3.12/site-packages/airflow/example_dags/example_sensor_decorator.py
[2026-02-26T05:41:32.731+0000] {processor.py:914} INFO - Processing file /home/ubuntu/airflow-venv/lib/python3.12/site-packages/airflow/example_dags/example_sensor_decorator.py for tasks to queue
[2026-02-26T05:41:32.733+0000] {logging_mixin.py:190} INFO - [2026-02-26T05:41:32.732+0000] {dagbag.py:588} INFO - Filling up the DagBag from /home/ubuntu/airflow-venv/lib/python3.12/site-packages/airflow/example_dags/example_sensor_decorator.py
[2026-02-26T05:41:32.738+0000] {processor.py:925} INFO - DAG(s) 'example_sensor_decorator' retrieved from /home/ubuntu/airflow-venv/lib/python3.12/site-packages/airflow/example_dags/example_sensor_decorator.py
[2026-02-26T05:41:32.747+0000] {logging_mixin.py:190} INFO - [2026-02-26T05:41:32.746+0000] {dag.py:3239} INFO - Sync 1 DAGs
[2026-02-26T05:41:32.754+0000] {logging_mixin.py:190} INFO - [2026-02-26T05:41:32.754+0000] {dag.py:4180} INFO - Setting next_dagrun for example_sensor_decorator to None, run_after=None
[2026-02-26T05:41:32.770+0000] {processor.py:208} INFO - Processing /home/ubuntu/airflow-venv/lib/python3.12/site-packages/airflow/example_dags/example_sensor_decorator.py took 0.043 seconds
[2026-02-26T05:42:22.176+0000] {processor.py:186} INFO - Started process (PID=3767) to work on /home/ubuntu/airflow-venv/lib/python3.12/site-packages/airflow/example_dags/example_sensor_decorator.py
[2026-02-26T05:42:22.177+0000] {processor.py:914} INFO - Processing file /home/ubuntu/airflow-venv/lib/python3.12/site-packages/airflow/example_dags/example_sensor_decorator.py for tasks to queue
[2026-02-26T05:42:22.179+0000] {logging_mixin.py:190} INFO - [2026-02-26T05:42:22.179+0000] {dagbag.py:588} INFO - Filling up the DagBag from /home/ubuntu/airflow-venv/lib/python3.12/site-packages/airflow/example_dags/example_sensor_decorator.py
[2026-02-26T05:42:22.184+0000] {processor.py:925} INFO - DAG(s) 'example_sensor_decorator' retrieved from /home/ubuntu/airflow-venv/lib/python3.12/site-packages/airflow/example_dags/example_sensor_decorator.py
[2026-02-26T05:42:22.193+0000] {logging_mixin.py:190} INFO - [2026-02-26T05:42:22.193+0000] {dag.py:3239} INFO - Sync 1 DAGs
[2026-02-26T05:42:22.201+0000] {logging_mixin.py:190} INFO - [2026-02-26T05:42:22.201+0000] {dag.py:4180} INFO - Setting next_dagrun for example_sensor_decorator to None, run_after=None
[2026-02-26T05:42:22.217+0000] {processor.py:208} INFO - Processing /home/ubuntu/airflow-venv/lib/python3.12/site-packages/airflow/example_dags/example_sensor_decorator.py took 0.045 seconds
[2026-02-26T05:43:11.475+0000] {processor.py:186} INFO - Started process (PID=3820) to work on /home/ubuntu/airflow-venv/lib/python3.12/site-packages/airflow/example_dags/example_sensor_decorator.py
[2026-02-26T05:43:11.476+0000] {processor.py:914} INFO - Processing file /home/ubuntu/airflow-venv/lib/python3.12/site-packages/airflow/example_dags/example_sensor_decorator.py for tasks to queue
[2026-02-26T05:43:11.477+0000] {logging_mixin.py:190} INFO - [2026-02-26T05:43:11.477+0000] {dagbag.py:588} INFO - Filling up the DagBag from /home/ubuntu/airflow-venv/lib/python3.12/site-packages/airflow/example_dags/example_sensor_decorator.py
[2026-02-26T05:43:11.483+0000] {processor.py:925} INFO - DAG(s) 'example_sensor_decorator' retrieved from /home/ubuntu/airflow-venv/lib/python3.12/site-packages/airflow/example_dags/example_sensor_decorator.py
[2026-02-26T05:43:11.492+0000] {logging_mixin.py:190} INFO - [2026-02-26T05:43:11.492+0000] {dag.py:3239} INFO - Sync 1 DAGs
[2026-02-26T05:43:11.499+0000] {logging_mixin.py:190} INFO - [2026-02-26T05:43:11.499+0000] {dag.py:4180} INFO - Setting next_dagrun for example_sensor_decorator to None, run_after=None
[2026-02-26T05:43:11.515+0000] {processor.py:208} INFO - Processing /home/ubuntu/airflow-venv/lib/python3.12/site-packages/airflow/example_dags/example_sensor_decorator.py took 0.044 seconds
[2026-02-26T05:44:01.930+0000] {processor.py:186} INFO - Started process (PID=3872) to work on /home/ubuntu/airflow-venv/lib/python3.12/site-packages/airflow/example_dags/example_sensor_decorator.py
[2026-02-26T05:44:01.931+0000] {processor.py:914} INFO - Processing file /home/ubuntu/airflow-venv/lib/python3.12/site-packages/airflow/example_dags/example_sensor_decorator.py for tasks to queue
[2026-02-26T05:44:01.933+0000] {logging_mixin.py:190} INFO - [2026-02-26T05:44:01.933+0000] {dagbag.py:588} INFO - Filling up the DagBag from /home/ubuntu/airflow-venv/lib/python3.12/site-packages/airflow/example_dags/example_sensor_decorator.py
[2026-02-26T05:44:01.938+0000] {processor.py:925} INFO - DAG(s) 'example_sensor_decorator' retrieved from /home/ubuntu/airflow-venv/lib/python3.12/site-packages/airflow/example_dags/example_sensor_decorator.py
[2026-02-26T05:44:01.947+0000] {logging_mixin.py:190} INFO - [2026-02-26T05:44:01.947+0000] {dag.py:3239} INFO - Sync 1 DAGs
[2026-02-26T05:44:01.954+0000] {logging_mixin.py:190} INFO - [2026-02-26T05:44:01.954+0000] {dag.py:4180} INFO - Setting next_dagrun for example_sensor_decorator to None, run_after=None
[2026-02-26T05:44:01.970+0000] {processor.py:208} INFO - Processing /home/ubuntu/airflow-venv/lib/python3.12/site-packages/airflow/example_dags/example_sensor_decorator.py took 0.043 seconds
[2026-02-26T05:44:49.904+0000] {processor.py:186} INFO - Started process (PID=3925) to work on /home/ubuntu/airflow-venv/lib/python3.12/site-packages/airflow/example_dags/example_sensor_decorator.py
[2026-02-26T05:44:49.905+0000] {processor.py:914} INFO - Processing file /home/ubuntu/airflow-venv/lib/python3.12/site-packages/airflow/example_dags/example_sensor_decorator.py for tasks to queue
[2026-02-26T05:44:49.906+0000] {logging_mixin.py:190} INFO - [2026-02-26T05:44:49.906+0000] {dagbag.py:588} INFO - Filling up the DagBag from /home/ubuntu/airflow-venv/lib/python3.12/site-packages/airflow/example_dags/example_sensor_decorator.py
[2026-02-26T05:44:49.911+0000] {processor.py:925} INFO - DAG(s) 'example_sensor_decorator' retrieved from /home/ubuntu/airflow-venv/lib/python3.12/site-packages/airflow/example_dags/example_sensor_decorator.py
[2026-02-26T05:44:49.920+0000] {logging_mixin.py:190} INFO - [2026-02-26T05:44:49.920+0000] {dag.py:3239} INFO - Sync 1 DAGs
[2026-02-26T05:44:49.927+0000] {logging_mixin.py:190} INFO - [2026-02-26T05:44:49.927+0000] {dag.py:4180} INFO - Setting next_dagrun for example_sensor_decorator to None, run_after=None
[2026-02-26T05:44:49.943+0000] {processor.py:208} INFO - Processing /home/ubuntu/airflow-venv/lib/python3.12/site-packages/airflow/example_dags/example_sensor_decorator.py took 0.043 seconds
[2026-02-26T06:13:57.403+0000] {processor.py:186} INFO - Started process (PID=2710) to work on /home/ubuntu/airflow-venv/lib/python3.12/site-packages/airflow/example_dags/example_sensor_decorator.py
[2026-02-26T06:13:57.405+0000] {processor.py:914} INFO - Processing file /home/ubuntu/airflow-venv/lib/python3.12/site-packages/airflow/example_dags/example_sensor_decorator.py for tasks to queue
[2026-02-26T06:13:57.407+0000] {logging_mixin.py:190} INFO - [2026-02-26T06:13:57.406+0000] {dagbag.py:588} INFO - Filling up the DagBag from /home/ubuntu/airflow-venv/lib/python3.12/site-packages/airflow/example_dags/example_sensor_decorator.py
[2026-02-26T06:13:57.412+0000] {processor.py:925} INFO - DAG(s) 'example_sensor_decorator' retrieved from /home/ubuntu/airflow-venv/lib/python3.12/site-packages/airflow/example_dags/example_sensor_decorator.py
[2026-02-26T06:13:57.423+0000] {logging_mixin.py:190} INFO - [2026-02-26T06:13:57.423+0000] {dag.py:3239} INFO - Sync 1 DAGs
[2026-02-26T06:13:57.431+0000] {logging_mixin.py:190} INFO - [2026-02-26T06:13:57.431+0000] {dag.py:4180} INFO - Setting next_dagrun for example_sensor_decorator to None, run_after=None
[2026-02-26T06:13:57.447+0000] {processor.py:208} INFO - Processing /home/ubuntu/airflow-venv/lib/python3.12/site-packages/airflow/example_dags/example_sensor_decorator.py took 0.047 seconds
[2026-02-26T06:14:58.195+0000] {processor.py:186} INFO - Started process (PID=2774) to work on /home/ubuntu/airflow-venv/lib/python3.12/site-packages/airflow/example_dags/example_sensor_decorator.py
[2026-02-26T06:14:58.196+0000] {processor.py:914} INFO - Processing file /home/ubuntu/airflow-venv/lib/python3.12/site-packages/airflow/example_dags/example_sensor_decorator.py for tasks to queue
[2026-02-26T06:14:58.197+0000] {logging_mixin.py:190} INFO - [2026-02-26T06:14:58.197+0000] {dagbag.py:588} INFO - Filling up the DagBag from /home/ubuntu/airflow-venv/lib/python3.12/site-packages/airflow/example_dags/example_sensor_decorator.py
[2026-02-26T06:14:58.202+0000] {processor.py:925} INFO - DAG(s) 'example_sensor_decorator' retrieved from /home/ubuntu/airflow-venv/lib/python3.12/site-packages/airflow/example_dags/example_sensor_decorator.py
[2026-02-26T06:14:58.212+0000] {logging_mixin.py:190} INFO - [2026-02-26T06:14:58.212+0000] {dag.py:3239} INFO - Sync 1 DAGs
[2026-02-26T06:14:58.220+0000] {logging_mixin.py:190} INFO - [2026-02-26T06:14:58.220+0000] {dag.py:4180} INFO - Setting next_dagrun for example_sensor_decorator to None, run_after=None
[2026-02-26T06:14:58.237+0000] {processor.py:208} INFO - Processing /home/ubuntu/airflow-venv/lib/python3.12/site-packages/airflow/example_dags/example_sensor_decorator.py took 0.046 seconds
[2026-02-26T06:15:55.207+0000] {processor.py:186} INFO - Started process (PID=2841) to work on /home/ubuntu/airflow-venv/lib/python3.12/site-packages/airflow/example_dags/example_sensor_decorator.py
[2026-02-26T06:15:55.208+0000] {processor.py:914} INFO - Processing file /home/ubuntu/airflow-venv/lib/python3.12/site-packages/airflow/example_dags/example_sensor_decorator.py for tasks to queue
[2026-02-26T06:15:55.210+0000] {logging_mixin.py:190} INFO - [2026-02-26T06:15:55.210+0000] {dagbag.py:588} INFO - Filling up the DagBag from /home/ubuntu/airflow-venv/lib/python3.12/site-packages/airflow/example_dags/example_sensor_decorator.py
[2026-02-26T06:15:55.215+0000] {processor.py:925} INFO - DAG(s) 'example_sensor_decorator' retrieved from /home/ubuntu/airflow-venv/lib/python3.12/site-packages/airflow/example_dags/example_sensor_decorator.py
[2026-02-26T06:15:55.225+0000] {logging_mixin.py:190} INFO - [2026-02-26T06:15:55.225+0000] {dag.py:3239} INFO - Sync 1 DAGs
[2026-02-26T06:15:55.232+0000] {logging_mixin.py:190} INFO - [2026-02-26T06:15:55.232+0000] {dag.py:4180} INFO - Setting next_dagrun for example_sensor_decorator to None, run_after=None
[2026-02-26T06:15:55.250+0000] {processor.py:208} INFO - Processing /home/ubuntu/airflow-venv/lib/python3.12/site-packages/airflow/example_dags/example_sensor_decorator.py took 0.046 seconds
[2026-02-26T06:16:50.684+0000] {processor.py:186} INFO - Started process (PID=2899) to work on /home/ubuntu/airflow-venv/lib/python3.12/site-packages/airflow/example_dags/example_sensor_decorator.py
[2026-02-26T06:16:50.685+0000] {processor.py:914} INFO - Processing file /home/ubuntu/airflow-venv/lib/python3.12/site-packages/airflow/example_dags/example_sensor_decorator.py for tasks to queue
[2026-02-26T06:16:50.687+0000] {logging_mixin.py:190} INFO - [2026-02-26T06:16:50.687+0000] {dagbag.py:588} INFO - Filling up the DagBag from /home/ubuntu/airflow-venv/lib/python3.12/site-packages/airflow/example_dags/example_sensor_decorator.py
[2026-02-26T06:16:50.692+0000] {processor.py:925} INFO - DAG(s) 'example_sensor_decorator' retrieved from /home/ubuntu/airflow-venv/lib/python3.12/site-packages/airflow/example_dags/example_sensor_decorator.py
[2026-02-26T06:16:50.702+0000] {logging_mixin.py:190} INFO - [2026-02-26T06:16:50.702+0000] {dag.py:3239} INFO - Sync 1 DAGs
[2026-02-26T06:16:50.709+0000] {logging_mixin.py:190} INFO - [2026-02-26T06:16:50.709+0000] {dag.py:4180} INFO - Setting next_dagrun for example_sensor_decorator to None, run_after=None
[2026-02-26T06:16:50.726+0000] {processor.py:208} INFO - Processing /home/ubuntu/airflow-venv/lib/python3.12/site-packages/airflow/example_dags/example_sensor_decorator.py took 0.045 seconds
[2026-02-26T06:17:43.060+0000] {processor.py:186} INFO - Started process (PID=2958) to work on /home/ubuntu/airflow-venv/lib/python3.12/site-packages/airflow/example_dags/example_sensor_decorator.py
[2026-02-26T06:17:43.061+0000] {processor.py:914} INFO - Processing file /home/ubuntu/airflow-venv/lib/python3.12/site-packages/airflow/example_dags/example_sensor_decorator.py for tasks to queue
[2026-02-26T06:17:43.062+0000] {logging_mixin.py:190} INFO - [2026-02-26T06:17:43.062+0000] {dagbag.py:588} INFO - Filling up the DagBag from /home/ubuntu/airflow-venv/lib/python3.12/site-packages/airflow/example_dags/example_sensor_decorator.py
[2026-02-26T06:17:43.068+0000] {processor.py:925} INFO - DAG(s) 'example_sensor_decorator' retrieved from /home/ubuntu/airflow-venv/lib/python3.12/site-packages/airflow/example_dags/example_sensor_decorator.py
[2026-02-26T06:17:43.077+0000] {logging_mixin.py:190} INFO - [2026-02-26T06:17:43.077+0000] {dag.py:3239} INFO - Sync 1 DAGs
[2026-02-26T06:17:43.085+0000] {logging_mixin.py:190} INFO - [2026-02-26T06:17:43.085+0000] {dag.py:4180} INFO - Setting next_dagrun for example_sensor_decorator to None, run_after=None
[2026-02-26T06:17:43.102+0000] {processor.py:208} INFO - Processing /home/ubuntu/airflow-venv/lib/python3.12/site-packages/airflow/example_dags/example_sensor_decorator.py took 0.046 seconds
[2026-02-26T06:18:35.475+0000] {processor.py:186} INFO - Started process (PID=3011) to work on /home/ubuntu/airflow-venv/lib/python3.12/site-packages/airflow/example_dags/example_sensor_decorator.py
[2026-02-26T06:18:35.476+0000] {processor.py:914} INFO - Processing file /home/ubuntu/airflow-venv/lib/python3.12/site-packages/airflow/example_dags/example_sensor_decorator.py for tasks to queue
[2026-02-26T06:18:35.477+0000] {logging_mixin.py:190} INFO - [2026-02-26T06:18:35.477+0000] {dagbag.py:588} INFO - Filling up the DagBag from /home/ubuntu/airflow-venv/lib/python3.12/site-packages/airflow/example_dags/example_sensor_decorator.py
[2026-02-26T06:18:35.482+0000] {processor.py:925} INFO - DAG(s) 'example_sensor_decorator' retrieved from /home/ubuntu/airflow-venv/lib/python3.12/site-packages/airflow/example_dags/example_sensor_decorator.py
[2026-02-26T06:18:35.492+0000] {logging_mixin.py:190} INFO - [2026-02-26T06:18:35.492+0000] {dag.py:3239} INFO - Sync 1 DAGs
[2026-02-26T06:18:35.500+0000] {logging_mixin.py:190} INFO - [2026-02-26T06:18:35.500+0000] {dag.py:4180} INFO - Setting next_dagrun for example_sensor_decorator to None, run_after=None
[2026-02-26T06:18:35.517+0000] {processor.py:208} INFO - Processing /home/ubuntu/airflow-venv/lib/python3.12/site-packages/airflow/example_dags/example_sensor_decorator.py took 0.046 seconds
[2026-02-26T06:19:32.815+0000] {processor.py:186} INFO - Started process (PID=3067) to work on /home/ubuntu/airflow-venv/lib/python3.12/site-packages/airflow/example_dags/example_sensor_decorator.py
[2026-02-26T06:19:32.816+0000] {processor.py:914} INFO - Processing file /home/ubuntu/airflow-venv/lib/python3.12/site-packages/airflow/example_dags/example_sensor_decorator.py for tasks to queue
[2026-02-26T06:19:32.817+0000] {logging_mixin.py:190} INFO - [2026-02-26T06:19:32.817+0000] {dagbag.py:588} INFO - Filling up the DagBag from /home/ubuntu/airflow-venv/lib/python3.12/site-packages/airflow/example_dags/example_sensor_decorator.py
[2026-02-26T06:19:32.823+0000] {processor.py:925} INFO - DAG(s) 'example_sensor_decorator' retrieved from /home/ubuntu/airflow-venv/lib/python3.12/site-packages/airflow/example_dags/example_sensor_decorator.py
[2026-02-26T06:19:32.833+0000] {logging_mixin.py:190} INFO - [2026-02-26T06:19:32.833+0000] {dag.py:3239} INFO - Sync 1 DAGs
[2026-02-26T06:19:32.841+0000] {logging_mixin.py:190} INFO - [2026-02-26T06:19:32.841+0000] {dag.py:4180} INFO - Setting next_dagrun for example_sensor_decorator to None, run_after=None
[2026-02-26T06:19:32.859+0000] {processor.py:208} INFO - Processing /home/ubuntu/airflow-venv/lib/python3.12/site-packages/airflow/example_dags/example_sensor_decorator.py took 0.048 seconds
[2026-02-26T06:20:26.858+0000] {processor.py:186} INFO - Started process (PID=3122) to work on /home/ubuntu/airflow-venv/lib/python3.12/site-packages/airflow/example_dags/example_sensor_decorator.py
[2026-02-26T06:20:26.859+0000] {processor.py:914} INFO - Processing file /home/ubuntu/airflow-venv/lib/python3.12/site-packages/airflow/example_dags/example_sensor_decorator.py for tasks to queue
[2026-02-26T06:20:26.860+0000] {logging_mixin.py:190} INFO - [2026-02-26T06:20:26.860+0000] {dagbag.py:588} INFO - Filling up the DagBag from /home/ubuntu/airflow-venv/lib/python3.12/site-packages/airflow/example_dags/example_sensor_decorator.py
[2026-02-26T06:20:26.866+0000] {processor.py:925} INFO - DAG(s) 'example_sensor_decorator' retrieved from /home/ubuntu/airflow-venv/lib/python3.12/site-packages/airflow/example_dags/example_sensor_decorator.py
[2026-02-26T06:20:26.876+0000] {logging_mixin.py:190} INFO - [2026-02-26T06:20:26.876+0000] {dag.py:3239} INFO - Sync 1 DAGs
[2026-02-26T06:20:26.884+0000] {logging_mixin.py:190} INFO - [2026-02-26T06:20:26.884+0000] {dag.py:4180} INFO - Setting next_dagrun for example_sensor_decorator to None, run_after=None
[2026-02-26T06:20:26.902+0000] {processor.py:208} INFO - Processing /home/ubuntu/airflow-venv/lib/python3.12/site-packages/airflow/example_dags/example_sensor_decorator.py took 0.048 seconds
[2026-02-26T06:21:14.408+0000] {processor.py:186} INFO - Started process (PID=3177) to work on /home/ubuntu/airflow-venv/lib/python3.12/site-packages/airflow/example_dags/example_sensor_decorator.py
[2026-02-26T06:21:14.409+0000] {processor.py:914} INFO - Processing file /home/ubuntu/airflow-venv/lib/python3.12/site-packages/airflow/example_dags/example_sensor_decorator.py for tasks to queue
[2026-02-26T06:21:14.410+0000] {logging_mixin.py:190} INFO - [2026-02-26T06:21:14.410+0000] {dagbag.py:588} INFO - Filling up the DagBag from /home/ubuntu/airflow-venv/lib/python3.12/site-packages/airflow/example_dags/example_sensor_decorator.py
[2026-02-26T06:21:14.416+0000] {processor.py:925} INFO - DAG(s) 'example_sensor_decorator' retrieved from /home/ubuntu/airflow-venv/lib/python3.12/site-packages/airflow/example_dags/example_sensor_decorator.py
[2026-02-26T06:21:14.425+0000] {logging_mixin.py:190} INFO - [2026-02-26T06:21:14.425+0000] {dag.py:3239} INFO - Sync 1 DAGs
[2026-02-26T06:21:14.433+0000] {logging_mixin.py:190} INFO - [2026-02-26T06:21:14.433+0000] {dag.py:4180} INFO - Setting next_dagrun for example_sensor_decorator to None, run_after=None
[2026-02-26T06:21:14.451+0000] {processor.py:208} INFO - Processing /home/ubuntu/airflow-venv/lib/python3.12/site-packages/airflow/example_dags/example_sensor_decorator.py took 0.047 seconds
[2026-02-26T06:22:04.777+0000] {processor.py:186} INFO - Started process (PID=3232) to work on /home/ubuntu/airflow-venv/lib/python3.12/site-packages/airflow/example_dags/example_sensor_decorator.py
[2026-02-26T06:22:04.779+0000] {processor.py:914} INFO - Processing file /home/ubuntu/airflow-venv/lib/python3.12/site-packages/airflow/example_dags/example_sensor_decorator.py for tasks to queue
[2026-02-26T06:22:04.780+0000] {logging_mixin.py:190} INFO - [2026-02-26T06:22:04.780+0000] {dagbag.py:588} INFO - Filling up the DagBag from /home/ubuntu/airflow-venv/lib/python3.12/site-packages/airflow/example_dags/example_sensor_decorator.py
[2026-02-26T06:22:04.786+0000] {processor.py:925} INFO - DAG(s) 'example_sensor_decorator' retrieved from /home/ubuntu/airflow-venv/lib/python3.12/site-packages/airflow/example_dags/example_sensor_decorator.py
[2026-02-26T06:22:04.795+0000] {logging_mixin.py:190} INFO - [2026-02-26T06:22:04.795+0000] {dag.py:3239} INFO - Sync 1 DAGs
[2026-02-26T06:22:04.803+0000] {logging_mixin.py:190} INFO - [2026-02-26T06:22:04.803+0000] {dag.py:4180} INFO - Setting next_dagrun for example_sensor_decorator to None, run_after=None
[2026-02-26T06:22:04.820+0000] {processor.py:208} INFO - Processing /home/ubuntu/airflow-venv/lib/python3.12/site-packages/airflow/example_dags/example_sensor_decorator.py took 0.047 seconds
[2026-02-26T06:22:55.410+0000] {processor.py:186} INFO - Started process (PID=3285) to work on /home/ubuntu/airflow-venv/lib/python3.12/site-packages/airflow/example_dags/example_sensor_decorator.py
[2026-02-26T06:22:55.411+0000] {processor.py:914} INFO - Processing file /home/ubuntu/airflow-venv/lib/python3.12/site-packages/airflow/example_dags/example_sensor_decorator.py for tasks to queue
[2026-02-26T06:22:55.413+0000] {logging_mixin.py:190} INFO - [2026-02-26T06:22:55.412+0000] {dagbag.py:588} INFO - Filling up the DagBag from /home/ubuntu/airflow-venv/lib/python3.12/site-packages/airflow/example_dags/example_sensor_decorator.py
[2026-02-26T06:22:55.418+0000] {processor.py:925} INFO - DAG(s) 'example_sensor_decorator' retrieved from /home/ubuntu/airflow-venv/lib/python3.12/site-packages/airflow/example_dags/example_sensor_decorator.py
[2026-02-26T06:22:55.428+0000] {logging_mixin.py:190} INFO - [2026-02-26T06:22:55.428+0000] {dag.py:3239} INFO - Sync 1 DAGs
[2026-02-26T06:22:55.436+0000] {logging_mixin.py:190} INFO - [2026-02-26T06:22:55.436+0000] {dag.py:4180} INFO - Setting next_dagrun for example_sensor_decorator to None, run_after=None
[2026-02-26T06:22:55.453+0000] {processor.py:208} INFO - Processing /home/ubuntu/airflow-venv/lib/python3.12/site-packages/airflow/example_dags/example_sensor_decorator.py took 0.047 seconds
[2026-02-26T06:23:48.326+0000] {processor.py:186} INFO - Started process (PID=3338) to work on /home/ubuntu/airflow-venv/lib/python3.12/site-packages/airflow/example_dags/example_sensor_decorator.py
[2026-02-26T06:23:48.327+0000] {processor.py:914} INFO - Processing file /home/ubuntu/airflow-venv/lib/python3.12/site-packages/airflow/example_dags/example_sensor_decorator.py for tasks to queue
[2026-02-26T06:23:48.329+0000] {logging_mixin.py:190} INFO - [2026-02-26T06:23:48.328+0000] {dagbag.py:588} INFO - Filling up the DagBag from /home/ubuntu/airflow-venv/lib/python3.12/site-packages/airflow/example_dags/example_sensor_decorator.py
[2026-02-26T06:23:48.334+0000] {processor.py:925} INFO - DAG(s) 'example_sensor_decorator' retrieved from /home/ubuntu/airflow-venv/lib/python3.12/site-packages/airflow/example_dags/example_sensor_decorator.py
[2026-02-26T06:23:48.344+0000] {logging_mixin.py:190} INFO - [2026-02-26T06:23:48.344+0000] {dag.py:3239} INFO - Sync 1 DAGs
[2026-02-26T06:23:48.352+0000] {logging_mixin.py:190} INFO - [2026-02-26T06:23:48.352+0000] {dag.py:4180} INFO - Setting next_dagrun for example_sensor_decorator to None, run_after=None
[2026-02-26T06:23:48.369+0000] {processor.py:208} INFO - Processing /home/ubuntu/airflow-venv/lib/python3.12/site-packages/airflow/example_dags/example_sensor_decorator.py took 0.047 seconds
