[2026-02-26T05:22:49.515+0000] {processor.py:186} INFO - Started process (PID=2129) to work on /home/ubuntu/airflow-venv/lib/python3.12/site-packages/airflow/example_dags/example_short_circuit_operator.py
[2026-02-26T05:22:49.515+0000] {processor.py:914} INFO - Processing file /home/ubuntu/airflow-venv/lib/python3.12/site-packages/airflow/example_dags/example_short_circuit_operator.py for tasks to queue
[2026-02-26T05:22:49.517+0000] {logging_mixin.py:190} INFO - [2026-02-26T05:22:49.516+0000] {dagbag.py:588} INFO - Filling up the DagBag from /home/ubuntu/airflow-venv/lib/python3.12/site-packages/airflow/example_dags/example_short_circuit_operator.py
[2026-02-26T05:22:49.522+0000] {processor.py:925} INFO - DAG(s) 'example_short_circuit_operator' retrieved from /home/ubuntu/airflow-venv/lib/python3.12/site-packages/airflow/example_dags/example_short_circuit_operator.py
[2026-02-26T05:22:49.534+0000] {logging_mixin.py:190} INFO - [2026-02-26T05:22:49.533+0000] {dag.py:3239} INFO - Sync 1 DAGs
[2026-02-26T05:22:49.542+0000] {logging_mixin.py:190} INFO - [2026-02-26T05:22:49.541+0000] {dag.py:4180} INFO - Setting next_dagrun for example_short_circuit_operator to None, run_after=None
[2026-02-26T05:22:49.557+0000] {processor.py:208} INFO - Processing /home/ubuntu/airflow-venv/lib/python3.12/site-packages/airflow/example_dags/example_short_circuit_operator.py took 0.045 seconds
[2026-02-26T05:23:44.909+0000] {processor.py:186} INFO - Started process (PID=2193) to work on /home/ubuntu/airflow-venv/lib/python3.12/site-packages/airflow/example_dags/example_short_circuit_operator.py
[2026-02-26T05:23:44.910+0000] {processor.py:914} INFO - Processing file /home/ubuntu/airflow-venv/lib/python3.12/site-packages/airflow/example_dags/example_short_circuit_operator.py for tasks to queue
[2026-02-26T05:23:44.911+0000] {logging_mixin.py:190} INFO - [2026-02-26T05:23:44.911+0000] {dagbag.py:588} INFO - Filling up the DagBag from /home/ubuntu/airflow-venv/lib/python3.12/site-packages/airflow/example_dags/example_short_circuit_operator.py
[2026-02-26T05:23:44.917+0000] {processor.py:925} INFO - DAG(s) 'example_short_circuit_operator' retrieved from /home/ubuntu/airflow-venv/lib/python3.12/site-packages/airflow/example_dags/example_short_circuit_operator.py
[2026-02-26T05:23:44.927+0000] {logging_mixin.py:190} INFO - [2026-02-26T05:23:44.927+0000] {dag.py:3239} INFO - Sync 1 DAGs
[2026-02-26T05:23:44.934+0000] {logging_mixin.py:190} INFO - [2026-02-26T05:23:44.934+0000] {dag.py:4180} INFO - Setting next_dagrun for example_short_circuit_operator to None, run_after=None
[2026-02-26T05:23:44.949+0000] {processor.py:208} INFO - Processing /home/ubuntu/airflow-venv/lib/python3.12/site-packages/airflow/example_dags/example_short_circuit_operator.py took 0.043 seconds
[2026-02-26T05:24:35.959+0000] {processor.py:186} INFO - Started process (PID=2247) to work on /home/ubuntu/airflow-venv/lib/python3.12/site-packages/airflow/example_dags/example_short_circuit_operator.py
[2026-02-26T05:24:35.961+0000] {processor.py:914} INFO - Processing file /home/ubuntu/airflow-venv/lib/python3.12/site-packages/airflow/example_dags/example_short_circuit_operator.py for tasks to queue
[2026-02-26T05:24:35.962+0000] {logging_mixin.py:190} INFO - [2026-02-26T05:24:35.962+0000] {dagbag.py:588} INFO - Filling up the DagBag from /home/ubuntu/airflow-venv/lib/python3.12/site-packages/airflow/example_dags/example_short_circuit_operator.py
[2026-02-26T05:24:35.967+0000] {processor.py:925} INFO - DAG(s) 'example_short_circuit_operator' retrieved from /home/ubuntu/airflow-venv/lib/python3.12/site-packages/airflow/example_dags/example_short_circuit_operator.py
[2026-02-26T05:24:35.978+0000] {logging_mixin.py:190} INFO - [2026-02-26T05:24:35.978+0000] {dag.py:3239} INFO - Sync 1 DAGs
[2026-02-26T05:24:35.986+0000] {logging_mixin.py:190} INFO - [2026-02-26T05:24:35.985+0000] {dag.py:4180} INFO - Setting next_dagrun for example_short_circuit_operator to None, run_after=None
[2026-02-26T05:24:36.002+0000] {processor.py:208} INFO - Processing /home/ubuntu/airflow-venv/lib/python3.12/site-packages/airflow/example_dags/example_short_circuit_operator.py took 0.046 seconds
[2026-02-26T05:25:29.517+0000] {processor.py:186} INFO - Started process (PID=2315) to work on /home/ubuntu/airflow-venv/lib/python3.12/site-packages/airflow/example_dags/example_short_circuit_operator.py
[2026-02-26T05:25:29.518+0000] {processor.py:914} INFO - Processing file /home/ubuntu/airflow-venv/lib/python3.12/site-packages/airflow/example_dags/example_short_circuit_operator.py for tasks to queue
[2026-02-26T05:25:29.520+0000] {logging_mixin.py:190} INFO - [2026-02-26T05:25:29.519+0000] {dagbag.py:588} INFO - Filling up the DagBag from /home/ubuntu/airflow-venv/lib/python3.12/site-packages/airflow/example_dags/example_short_circuit_operator.py
[2026-02-26T05:25:29.525+0000] {processor.py:925} INFO - DAG(s) 'example_short_circuit_operator' retrieved from /home/ubuntu/airflow-venv/lib/python3.12/site-packages/airflow/example_dags/example_short_circuit_operator.py
[2026-02-26T05:25:29.535+0000] {logging_mixin.py:190} INFO - [2026-02-26T05:25:29.535+0000] {dag.py:3239} INFO - Sync 1 DAGs
[2026-02-26T05:25:29.543+0000] {logging_mixin.py:190} INFO - [2026-02-26T05:25:29.542+0000] {dag.py:4180} INFO - Setting next_dagrun for example_short_circuit_operator to None, run_after=None
[2026-02-26T05:25:29.559+0000] {processor.py:208} INFO - Processing /home/ubuntu/airflow-venv/lib/python3.12/site-packages/airflow/example_dags/example_short_circuit_operator.py took 0.045 seconds
[2026-02-26T05:26:20.353+0000] {processor.py:186} INFO - Started process (PID=2371) to work on /home/ubuntu/airflow-venv/lib/python3.12/site-packages/airflow/example_dags/example_short_circuit_operator.py
[2026-02-26T05:26:20.354+0000] {processor.py:914} INFO - Processing file /home/ubuntu/airflow-venv/lib/python3.12/site-packages/airflow/example_dags/example_short_circuit_operator.py for tasks to queue
[2026-02-26T05:26:20.356+0000] {logging_mixin.py:190} INFO - [2026-02-26T05:26:20.355+0000] {dagbag.py:588} INFO - Filling up the DagBag from /home/ubuntu/airflow-venv/lib/python3.12/site-packages/airflow/example_dags/example_short_circuit_operator.py
[2026-02-26T05:26:20.361+0000] {processor.py:925} INFO - DAG(s) 'example_short_circuit_operator' retrieved from /home/ubuntu/airflow-venv/lib/python3.12/site-packages/airflow/example_dags/example_short_circuit_operator.py
[2026-02-26T05:26:20.372+0000] {logging_mixin.py:190} INFO - [2026-02-26T05:26:20.372+0000] {dag.py:3239} INFO - Sync 1 DAGs
[2026-02-26T05:26:20.379+0000] {logging_mixin.py:190} INFO - [2026-02-26T05:26:20.379+0000] {dag.py:4180} INFO - Setting next_dagrun for example_short_circuit_operator to None, run_after=None
[2026-02-26T05:26:20.395+0000] {processor.py:208} INFO - Processing /home/ubuntu/airflow-venv/lib/python3.12/site-packages/airflow/example_dags/example_short_circuit_operator.py took 0.045 seconds
[2026-02-26T05:27:08.846+0000] {processor.py:186} INFO - Started process (PID=2792) to work on /home/ubuntu/airflow-venv/lib/python3.12/site-packages/airflow/example_dags/example_short_circuit_operator.py
[2026-02-26T05:27:08.847+0000] {processor.py:914} INFO - Processing file /home/ubuntu/airflow-venv/lib/python3.12/site-packages/airflow/example_dags/example_short_circuit_operator.py for tasks to queue
[2026-02-26T05:27:08.849+0000] {logging_mixin.py:190} INFO - [2026-02-26T05:27:08.848+0000] {dagbag.py:588} INFO - Filling up the DagBag from /home/ubuntu/airflow-venv/lib/python3.12/site-packages/airflow/example_dags/example_short_circuit_operator.py
[2026-02-26T05:27:08.854+0000] {processor.py:925} INFO - DAG(s) 'example_short_circuit_operator' retrieved from /home/ubuntu/airflow-venv/lib/python3.12/site-packages/airflow/example_dags/example_short_circuit_operator.py
[2026-02-26T05:27:08.864+0000] {logging_mixin.py:190} INFO - [2026-02-26T05:27:08.864+0000] {dag.py:3239} INFO - Sync 1 DAGs
[2026-02-26T05:27:08.871+0000] {logging_mixin.py:190} INFO - [2026-02-26T05:27:08.871+0000] {dag.py:4180} INFO - Setting next_dagrun for example_short_circuit_operator to None, run_after=None
[2026-02-26T05:27:08.887+0000] {processor.py:208} INFO - Processing /home/ubuntu/airflow-venv/lib/python3.12/site-packages/airflow/example_dags/example_short_circuit_operator.py took 0.044 seconds
[2026-02-26T05:27:57.991+0000] {processor.py:186} INFO - Started process (PID=2844) to work on /home/ubuntu/airflow-venv/lib/python3.12/site-packages/airflow/example_dags/example_short_circuit_operator.py
[2026-02-26T05:27:57.992+0000] {processor.py:914} INFO - Processing file /home/ubuntu/airflow-venv/lib/python3.12/site-packages/airflow/example_dags/example_short_circuit_operator.py for tasks to queue
[2026-02-26T05:27:57.993+0000] {logging_mixin.py:190} INFO - [2026-02-26T05:27:57.993+0000] {dagbag.py:588} INFO - Filling up the DagBag from /home/ubuntu/airflow-venv/lib/python3.12/site-packages/airflow/example_dags/example_short_circuit_operator.py
[2026-02-26T05:27:57.999+0000] {processor.py:925} INFO - DAG(s) 'example_short_circuit_operator' retrieved from /home/ubuntu/airflow-venv/lib/python3.12/site-packages/airflow/example_dags/example_short_circuit_operator.py
[2026-02-26T05:27:58.009+0000] {logging_mixin.py:190} INFO - [2026-02-26T05:27:58.009+0000] {dag.py:3239} INFO - Sync 1 DAGs
[2026-02-26T05:27:58.016+0000] {logging_mixin.py:190} INFO - [2026-02-26T05:27:58.016+0000] {dag.py:4180} INFO - Setting next_dagrun for example_short_circuit_operator to None, run_after=None
[2026-02-26T05:27:58.033+0000] {processor.py:208} INFO - Processing /home/ubuntu/airflow-venv/lib/python3.12/site-packages/airflow/example_dags/example_short_circuit_operator.py took 0.046 seconds
[2026-02-26T05:28:50.924+0000] {processor.py:186} INFO - Started process (PID=2899) to work on /home/ubuntu/airflow-venv/lib/python3.12/site-packages/airflow/example_dags/example_short_circuit_operator.py
[2026-02-26T05:28:50.926+0000] {processor.py:914} INFO - Processing file /home/ubuntu/airflow-venv/lib/python3.12/site-packages/airflow/example_dags/example_short_circuit_operator.py for tasks to queue
[2026-02-26T05:28:50.927+0000] {logging_mixin.py:190} INFO - [2026-02-26T05:28:50.927+0000] {dagbag.py:588} INFO - Filling up the DagBag from /home/ubuntu/airflow-venv/lib/python3.12/site-packages/airflow/example_dags/example_short_circuit_operator.py
[2026-02-26T05:28:50.932+0000] {processor.py:925} INFO - DAG(s) 'example_short_circuit_operator' retrieved from /home/ubuntu/airflow-venv/lib/python3.12/site-packages/airflow/example_dags/example_short_circuit_operator.py
[2026-02-26T05:28:50.944+0000] {logging_mixin.py:190} INFO - [2026-02-26T05:28:50.943+0000] {dag.py:3239} INFO - Sync 1 DAGs
[2026-02-26T05:28:50.951+0000] {logging_mixin.py:190} INFO - [2026-02-26T05:28:50.951+0000] {dag.py:4180} INFO - Setting next_dagrun for example_short_circuit_operator to None, run_after=None
[2026-02-26T05:28:50.968+0000] {processor.py:208} INFO - Processing /home/ubuntu/airflow-venv/lib/python3.12/site-packages/airflow/example_dags/example_short_circuit_operator.py took 0.047 seconds
[2026-02-26T05:29:43.352+0000] {processor.py:186} INFO - Started process (PID=2951) to work on /home/ubuntu/airflow-venv/lib/python3.12/site-packages/airflow/example_dags/example_short_circuit_operator.py
[2026-02-26T05:29:43.354+0000] {processor.py:914} INFO - Processing file /home/ubuntu/airflow-venv/lib/python3.12/site-packages/airflow/example_dags/example_short_circuit_operator.py for tasks to queue
[2026-02-26T05:29:43.355+0000] {logging_mixin.py:190} INFO - [2026-02-26T05:29:43.355+0000] {dagbag.py:588} INFO - Filling up the DagBag from /home/ubuntu/airflow-venv/lib/python3.12/site-packages/airflow/example_dags/example_short_circuit_operator.py
[2026-02-26T05:29:43.360+0000] {processor.py:925} INFO - DAG(s) 'example_short_circuit_operator' retrieved from /home/ubuntu/airflow-venv/lib/python3.12/site-packages/airflow/example_dags/example_short_circuit_operator.py
[2026-02-26T05:29:43.371+0000] {logging_mixin.py:190} INFO - [2026-02-26T05:29:43.371+0000] {dag.py:3239} INFO - Sync 1 DAGs
[2026-02-26T05:29:43.379+0000] {logging_mixin.py:190} INFO - [2026-02-26T05:29:43.379+0000] {dag.py:4180} INFO - Setting next_dagrun for example_short_circuit_operator to None, run_after=None
[2026-02-26T05:29:43.395+0000] {processor.py:208} INFO - Processing /home/ubuntu/airflow-venv/lib/python3.12/site-packages/airflow/example_dags/example_short_circuit_operator.py took 0.046 seconds
[2026-02-26T05:30:34.449+0000] {processor.py:186} INFO - Started process (PID=3010) to work on /home/ubuntu/airflow-venv/lib/python3.12/site-packages/airflow/example_dags/example_short_circuit_operator.py
[2026-02-26T05:30:34.450+0000] {processor.py:914} INFO - Processing file /home/ubuntu/airflow-venv/lib/python3.12/site-packages/airflow/example_dags/example_short_circuit_operator.py for tasks to queue
[2026-02-26T05:30:34.451+0000] {logging_mixin.py:190} INFO - [2026-02-26T05:30:34.451+0000] {dagbag.py:588} INFO - Filling up the DagBag from /home/ubuntu/airflow-venv/lib/python3.12/site-packages/airflow/example_dags/example_short_circuit_operator.py
[2026-02-26T05:30:34.457+0000] {processor.py:925} INFO - DAG(s) 'example_short_circuit_operator' retrieved from /home/ubuntu/airflow-venv/lib/python3.12/site-packages/airflow/example_dags/example_short_circuit_operator.py
[2026-02-26T05:30:34.468+0000] {logging_mixin.py:190} INFO - [2026-02-26T05:30:34.468+0000] {dag.py:3239} INFO - Sync 1 DAGs
[2026-02-26T05:30:34.475+0000] {logging_mixin.py:190} INFO - [2026-02-26T05:30:34.475+0000] {dag.py:4180} INFO - Setting next_dagrun for example_short_circuit_operator to None, run_after=None
[2026-02-26T05:30:34.492+0000] {processor.py:208} INFO - Processing /home/ubuntu/airflow-venv/lib/python3.12/site-packages/airflow/example_dags/example_short_circuit_operator.py took 0.047 seconds
[2026-02-26T05:31:27.171+0000] {processor.py:186} INFO - Started process (PID=3063) to work on /home/ubuntu/airflow-venv/lib/python3.12/site-packages/airflow/example_dags/example_short_circuit_operator.py
[2026-02-26T05:31:27.172+0000] {processor.py:914} INFO - Processing file /home/ubuntu/airflow-venv/lib/python3.12/site-packages/airflow/example_dags/example_short_circuit_operator.py for tasks to queue
[2026-02-26T05:31:27.173+0000] {logging_mixin.py:190} INFO - [2026-02-26T05:31:27.173+0000] {dagbag.py:588} INFO - Filling up the DagBag from /home/ubuntu/airflow-venv/lib/python3.12/site-packages/airflow/example_dags/example_short_circuit_operator.py
[2026-02-26T05:31:27.179+0000] {processor.py:925} INFO - DAG(s) 'example_short_circuit_operator' retrieved from /home/ubuntu/airflow-venv/lib/python3.12/site-packages/airflow/example_dags/example_short_circuit_operator.py
[2026-02-26T05:31:27.189+0000] {logging_mixin.py:190} INFO - [2026-02-26T05:31:27.189+0000] {dag.py:3239} INFO - Sync 1 DAGs
[2026-02-26T05:31:27.196+0000] {logging_mixin.py:190} INFO - [2026-02-26T05:31:27.196+0000] {dag.py:4180} INFO - Setting next_dagrun for example_short_circuit_operator to None, run_after=None
[2026-02-26T05:31:27.212+0000] {processor.py:208} INFO - Processing /home/ubuntu/airflow-venv/lib/python3.12/site-packages/airflow/example_dags/example_short_circuit_operator.py took 0.045 seconds
[2026-02-26T05:32:18.951+0000] {processor.py:186} INFO - Started process (PID=3116) to work on /home/ubuntu/airflow-venv/lib/python3.12/site-packages/airflow/example_dags/example_short_circuit_operator.py
[2026-02-26T05:32:18.952+0000] {processor.py:914} INFO - Processing file /home/ubuntu/airflow-venv/lib/python3.12/site-packages/airflow/example_dags/example_short_circuit_operator.py for tasks to queue
[2026-02-26T05:32:18.953+0000] {logging_mixin.py:190} INFO - [2026-02-26T05:32:18.953+0000] {dagbag.py:588} INFO - Filling up the DagBag from /home/ubuntu/airflow-venv/lib/python3.12/site-packages/airflow/example_dags/example_short_circuit_operator.py
[2026-02-26T05:32:18.959+0000] {processor.py:925} INFO - DAG(s) 'example_short_circuit_operator' retrieved from /home/ubuntu/airflow-venv/lib/python3.12/site-packages/airflow/example_dags/example_short_circuit_operator.py
[2026-02-26T05:32:18.969+0000] {logging_mixin.py:190} INFO - [2026-02-26T05:32:18.969+0000] {dag.py:3239} INFO - Sync 1 DAGs
[2026-02-26T05:32:18.977+0000] {logging_mixin.py:190} INFO - [2026-02-26T05:32:18.977+0000] {dag.py:4180} INFO - Setting next_dagrun for example_short_circuit_operator to None, run_after=None
[2026-02-26T05:32:18.993+0000] {processor.py:208} INFO - Processing /home/ubuntu/airflow-venv/lib/python3.12/site-packages/airflow/example_dags/example_short_circuit_operator.py took 0.046 seconds
[2026-02-26T05:33:06.473+0000] {processor.py:186} INFO - Started process (PID=3167) to work on /home/ubuntu/airflow-venv/lib/python3.12/site-packages/airflow/example_dags/example_short_circuit_operator.py
[2026-02-26T05:33:06.475+0000] {processor.py:914} INFO - Processing file /home/ubuntu/airflow-venv/lib/python3.12/site-packages/airflow/example_dags/example_short_circuit_operator.py for tasks to queue
[2026-02-26T05:33:06.476+0000] {logging_mixin.py:190} INFO - [2026-02-26T05:33:06.476+0000] {dagbag.py:588} INFO - Filling up the DagBag from /home/ubuntu/airflow-venv/lib/python3.12/site-packages/airflow/example_dags/example_short_circuit_operator.py
[2026-02-26T05:33:06.481+0000] {processor.py:925} INFO - DAG(s) 'example_short_circuit_operator' retrieved from /home/ubuntu/airflow-venv/lib/python3.12/site-packages/airflow/example_dags/example_short_circuit_operator.py
[2026-02-26T05:33:06.492+0000] {logging_mixin.py:190} INFO - [2026-02-26T05:33:06.492+0000] {dag.py:3239} INFO - Sync 1 DAGs
[2026-02-26T05:33:06.499+0000] {logging_mixin.py:190} INFO - [2026-02-26T05:33:06.499+0000] {dag.py:4180} INFO - Setting next_dagrun for example_short_circuit_operator to None, run_after=None
[2026-02-26T05:33:06.516+0000] {processor.py:208} INFO - Processing /home/ubuntu/airflow-venv/lib/python3.12/site-packages/airflow/example_dags/example_short_circuit_operator.py took 0.046 seconds
[2026-02-26T05:33:57.798+0000] {processor.py:186} INFO - Started process (PID=3223) to work on /home/ubuntu/airflow-venv/lib/python3.12/site-packages/airflow/example_dags/example_short_circuit_operator.py
[2026-02-26T05:33:57.799+0000] {processor.py:914} INFO - Processing file /home/ubuntu/airflow-venv/lib/python3.12/site-packages/airflow/example_dags/example_short_circuit_operator.py for tasks to queue
[2026-02-26T05:33:57.800+0000] {logging_mixin.py:190} INFO - [2026-02-26T05:33:57.800+0000] {dagbag.py:588} INFO - Filling up the DagBag from /home/ubuntu/airflow-venv/lib/python3.12/site-packages/airflow/example_dags/example_short_circuit_operator.py
[2026-02-26T05:33:57.806+0000] {processor.py:925} INFO - DAG(s) 'example_short_circuit_operator' retrieved from /home/ubuntu/airflow-venv/lib/python3.12/site-packages/airflow/example_dags/example_short_circuit_operator.py
[2026-02-26T05:33:57.817+0000] {logging_mixin.py:190} INFO - [2026-02-26T05:33:57.817+0000] {dag.py:3239} INFO - Sync 1 DAGs
[2026-02-26T05:33:57.824+0000] {logging_mixin.py:190} INFO - [2026-02-26T05:33:57.824+0000] {dag.py:4180} INFO - Setting next_dagrun for example_short_circuit_operator to None, run_after=None
[2026-02-26T05:33:57.841+0000] {processor.py:208} INFO - Processing /home/ubuntu/airflow-venv/lib/python3.12/site-packages/airflow/example_dags/example_short_circuit_operator.py took 0.047 seconds
[2026-02-26T05:34:45.174+0000] {processor.py:186} INFO - Started process (PID=3276) to work on /home/ubuntu/airflow-venv/lib/python3.12/site-packages/airflow/example_dags/example_short_circuit_operator.py
[2026-02-26T05:34:45.175+0000] {processor.py:914} INFO - Processing file /home/ubuntu/airflow-venv/lib/python3.12/site-packages/airflow/example_dags/example_short_circuit_operator.py for tasks to queue
[2026-02-26T05:34:45.177+0000] {logging_mixin.py:190} INFO - [2026-02-26T05:34:45.176+0000] {dagbag.py:588} INFO - Filling up the DagBag from /home/ubuntu/airflow-venv/lib/python3.12/site-packages/airflow/example_dags/example_short_circuit_operator.py
[2026-02-26T05:34:45.182+0000] {processor.py:925} INFO - DAG(s) 'example_short_circuit_operator' retrieved from /home/ubuntu/airflow-venv/lib/python3.12/site-packages/airflow/example_dags/example_short_circuit_operator.py
[2026-02-26T05:34:45.193+0000] {logging_mixin.py:190} INFO - [2026-02-26T05:34:45.193+0000] {dag.py:3239} INFO - Sync 1 DAGs
[2026-02-26T05:34:45.200+0000] {logging_mixin.py:190} INFO - [2026-02-26T05:34:45.200+0000] {dag.py:4180} INFO - Setting next_dagrun for example_short_circuit_operator to None, run_after=None
[2026-02-26T05:34:45.217+0000] {processor.py:208} INFO - Processing /home/ubuntu/airflow-venv/lib/python3.12/site-packages/airflow/example_dags/example_short_circuit_operator.py took 0.047 seconds
[2026-02-26T05:35:37.960+0000] {processor.py:186} INFO - Started process (PID=3336) to work on /home/ubuntu/airflow-venv/lib/python3.12/site-packages/airflow/example_dags/example_short_circuit_operator.py
[2026-02-26T05:35:37.961+0000] {processor.py:914} INFO - Processing file /home/ubuntu/airflow-venv/lib/python3.12/site-packages/airflow/example_dags/example_short_circuit_operator.py for tasks to queue
[2026-02-26T05:35:37.963+0000] {logging_mixin.py:190} INFO - [2026-02-26T05:35:37.963+0000] {dagbag.py:588} INFO - Filling up the DagBag from /home/ubuntu/airflow-venv/lib/python3.12/site-packages/airflow/example_dags/example_short_circuit_operator.py
[2026-02-26T05:35:37.968+0000] {processor.py:925} INFO - DAG(s) 'example_short_circuit_operator' retrieved from /home/ubuntu/airflow-venv/lib/python3.12/site-packages/airflow/example_dags/example_short_circuit_operator.py
[2026-02-26T05:35:37.979+0000] {logging_mixin.py:190} INFO - [2026-02-26T05:35:37.979+0000] {dag.py:3239} INFO - Sync 1 DAGs
[2026-02-26T05:35:37.986+0000] {logging_mixin.py:190} INFO - [2026-02-26T05:35:37.986+0000] {dag.py:4180} INFO - Setting next_dagrun for example_short_circuit_operator to None, run_after=None
[2026-02-26T05:35:38.003+0000] {processor.py:208} INFO - Processing /home/ubuntu/airflow-venv/lib/python3.12/site-packages/airflow/example_dags/example_short_circuit_operator.py took 0.046 seconds
[2026-02-26T05:36:30.263+0000] {processor.py:186} INFO - Started process (PID=3394) to work on /home/ubuntu/airflow-venv/lib/python3.12/site-packages/airflow/example_dags/example_short_circuit_operator.py
[2026-02-26T05:36:30.265+0000] {processor.py:914} INFO - Processing file /home/ubuntu/airflow-venv/lib/python3.12/site-packages/airflow/example_dags/example_short_circuit_operator.py for tasks to queue
[2026-02-26T05:36:30.266+0000] {logging_mixin.py:190} INFO - [2026-02-26T05:36:30.266+0000] {dagbag.py:588} INFO - Filling up the DagBag from /home/ubuntu/airflow-venv/lib/python3.12/site-packages/airflow/example_dags/example_short_circuit_operator.py
[2026-02-26T05:36:30.271+0000] {processor.py:925} INFO - DAG(s) 'example_short_circuit_operator' retrieved from /home/ubuntu/airflow-venv/lib/python3.12/site-packages/airflow/example_dags/example_short_circuit_operator.py
[2026-02-26T05:36:30.282+0000] {logging_mixin.py:190} INFO - [2026-02-26T05:36:30.282+0000] {dag.py:3239} INFO - Sync 1 DAGs
[2026-02-26T05:36:30.289+0000] {logging_mixin.py:190} INFO - [2026-02-26T05:36:30.289+0000] {dag.py:4180} INFO - Setting next_dagrun for example_short_circuit_operator to None, run_after=None
[2026-02-26T05:36:30.305+0000] {processor.py:208} INFO - Processing /home/ubuntu/airflow-venv/lib/python3.12/site-packages/airflow/example_dags/example_short_circuit_operator.py took 0.045 seconds
[2026-02-26T05:37:19.173+0000] {processor.py:186} INFO - Started process (PID=3446) to work on /home/ubuntu/airflow-venv/lib/python3.12/site-packages/airflow/example_dags/example_short_circuit_operator.py
[2026-02-26T05:37:19.174+0000] {processor.py:914} INFO - Processing file /home/ubuntu/airflow-venv/lib/python3.12/site-packages/airflow/example_dags/example_short_circuit_operator.py for tasks to queue
[2026-02-26T05:37:19.176+0000] {logging_mixin.py:190} INFO - [2026-02-26T05:37:19.175+0000] {dagbag.py:588} INFO - Filling up the DagBag from /home/ubuntu/airflow-venv/lib/python3.12/site-packages/airflow/example_dags/example_short_circuit_operator.py
[2026-02-26T05:37:19.181+0000] {processor.py:925} INFO - DAG(s) 'example_short_circuit_operator' retrieved from /home/ubuntu/airflow-venv/lib/python3.12/site-packages/airflow/example_dags/example_short_circuit_operator.py
[2026-02-26T05:37:19.192+0000] {logging_mixin.py:190} INFO - [2026-02-26T05:37:19.192+0000] {dag.py:3239} INFO - Sync 1 DAGs
[2026-02-26T05:37:19.200+0000] {logging_mixin.py:190} INFO - [2026-02-26T05:37:19.199+0000] {dag.py:4180} INFO - Setting next_dagrun for example_short_circuit_operator to None, run_after=None
[2026-02-26T05:37:19.216+0000] {processor.py:208} INFO - Processing /home/ubuntu/airflow-venv/lib/python3.12/site-packages/airflow/example_dags/example_short_circuit_operator.py took 0.046 seconds
[2026-02-26T05:38:09.084+0000] {processor.py:186} INFO - Started process (PID=3496) to work on /home/ubuntu/airflow-venv/lib/python3.12/site-packages/airflow/example_dags/example_short_circuit_operator.py
[2026-02-26T05:38:09.086+0000] {processor.py:914} INFO - Processing file /home/ubuntu/airflow-venv/lib/python3.12/site-packages/airflow/example_dags/example_short_circuit_operator.py for tasks to queue
[2026-02-26T05:38:09.087+0000] {logging_mixin.py:190} INFO - [2026-02-26T05:38:09.087+0000] {dagbag.py:588} INFO - Filling up the DagBag from /home/ubuntu/airflow-venv/lib/python3.12/site-packages/airflow/example_dags/example_short_circuit_operator.py
[2026-02-26T05:38:09.092+0000] {processor.py:925} INFO - DAG(s) 'example_short_circuit_operator' retrieved from /home/ubuntu/airflow-venv/lib/python3.12/site-packages/airflow/example_dags/example_short_circuit_operator.py
[2026-02-26T05:38:09.104+0000] {logging_mixin.py:190} INFO - [2026-02-26T05:38:09.104+0000] {dag.py:3239} INFO - Sync 1 DAGs
[2026-02-26T05:38:09.111+0000] {logging_mixin.py:190} INFO - [2026-02-26T05:38:09.111+0000] {dag.py:4180} INFO - Setting next_dagrun for example_short_circuit_operator to None, run_after=None
[2026-02-26T05:38:09.128+0000] {processor.py:208} INFO - Processing /home/ubuntu/airflow-venv/lib/python3.12/site-packages/airflow/example_dags/example_short_circuit_operator.py took 0.047 seconds
[2026-02-26T05:39:00.110+0000] {processor.py:186} INFO - Started process (PID=3549) to work on /home/ubuntu/airflow-venv/lib/python3.12/site-packages/airflow/example_dags/example_short_circuit_operator.py
[2026-02-26T05:39:00.111+0000] {processor.py:914} INFO - Processing file /home/ubuntu/airflow-venv/lib/python3.12/site-packages/airflow/example_dags/example_short_circuit_operator.py for tasks to queue
[2026-02-26T05:39:00.113+0000] {logging_mixin.py:190} INFO - [2026-02-26T05:39:00.112+0000] {dagbag.py:588} INFO - Filling up the DagBag from /home/ubuntu/airflow-venv/lib/python3.12/site-packages/airflow/example_dags/example_short_circuit_operator.py
[2026-02-26T05:39:00.118+0000] {processor.py:925} INFO - DAG(s) 'example_short_circuit_operator' retrieved from /home/ubuntu/airflow-venv/lib/python3.12/site-packages/airflow/example_dags/example_short_circuit_operator.py
[2026-02-26T05:39:00.129+0000] {logging_mixin.py:190} INFO - [2026-02-26T05:39:00.129+0000] {dag.py:3239} INFO - Sync 1 DAGs
[2026-02-26T05:39:00.137+0000] {logging_mixin.py:190} INFO - [2026-02-26T05:39:00.137+0000] {dag.py:4180} INFO - Setting next_dagrun for example_short_circuit_operator to None, run_after=None
[2026-02-26T05:39:00.155+0000] {processor.py:208} INFO - Processing /home/ubuntu/airflow-venv/lib/python3.12/site-packages/airflow/example_dags/example_short_circuit_operator.py took 0.049 seconds
[2026-02-26T05:39:50.353+0000] {processor.py:186} INFO - Started process (PID=3604) to work on /home/ubuntu/airflow-venv/lib/python3.12/site-packages/airflow/example_dags/example_short_circuit_operator.py
[2026-02-26T05:39:50.355+0000] {processor.py:914} INFO - Processing file /home/ubuntu/airflow-venv/lib/python3.12/site-packages/airflow/example_dags/example_short_circuit_operator.py for tasks to queue
[2026-02-26T05:39:50.356+0000] {logging_mixin.py:190} INFO - [2026-02-26T05:39:50.356+0000] {dagbag.py:588} INFO - Filling up the DagBag from /home/ubuntu/airflow-venv/lib/python3.12/site-packages/airflow/example_dags/example_short_circuit_operator.py
[2026-02-26T05:39:50.362+0000] {processor.py:925} INFO - DAG(s) 'example_short_circuit_operator' retrieved from /home/ubuntu/airflow-venv/lib/python3.12/site-packages/airflow/example_dags/example_short_circuit_operator.py
[2026-02-26T05:39:50.373+0000] {logging_mixin.py:190} INFO - [2026-02-26T05:39:50.373+0000] {dag.py:3239} INFO - Sync 1 DAGs
[2026-02-26T05:39:50.380+0000] {logging_mixin.py:190} INFO - [2026-02-26T05:39:50.380+0000] {dag.py:4180} INFO - Setting next_dagrun for example_short_circuit_operator to None, run_after=None
[2026-02-26T05:39:50.397+0000] {processor.py:208} INFO - Processing /home/ubuntu/airflow-venv/lib/python3.12/site-packages/airflow/example_dags/example_short_circuit_operator.py took 0.047 seconds
[2026-02-26T05:40:38.058+0000] {processor.py:186} INFO - Started process (PID=3660) to work on /home/ubuntu/airflow-venv/lib/python3.12/site-packages/airflow/example_dags/example_short_circuit_operator.py
[2026-02-26T05:40:38.059+0000] {processor.py:914} INFO - Processing file /home/ubuntu/airflow-venv/lib/python3.12/site-packages/airflow/example_dags/example_short_circuit_operator.py for tasks to queue
[2026-02-26T05:40:38.061+0000] {logging_mixin.py:190} INFO - [2026-02-26T05:40:38.060+0000] {dagbag.py:588} INFO - Filling up the DagBag from /home/ubuntu/airflow-venv/lib/python3.12/site-packages/airflow/example_dags/example_short_circuit_operator.py
[2026-02-26T05:40:38.066+0000] {processor.py:925} INFO - DAG(s) 'example_short_circuit_operator' retrieved from /home/ubuntu/airflow-venv/lib/python3.12/site-packages/airflow/example_dags/example_short_circuit_operator.py
[2026-02-26T05:40:38.076+0000] {logging_mixin.py:190} INFO - [2026-02-26T05:40:38.076+0000] {dag.py:3239} INFO - Sync 1 DAGs
[2026-02-26T05:40:38.083+0000] {logging_mixin.py:190} INFO - [2026-02-26T05:40:38.082+0000] {dag.py:4180} INFO - Setting next_dagrun for example_short_circuit_operator to None, run_after=None
[2026-02-26T05:40:38.099+0000] {processor.py:208} INFO - Processing /home/ubuntu/airflow-venv/lib/python3.12/site-packages/airflow/example_dags/example_short_circuit_operator.py took 0.044 seconds
[2026-02-26T05:41:27.922+0000] {processor.py:186} INFO - Started process (PID=3711) to work on /home/ubuntu/airflow-venv/lib/python3.12/site-packages/airflow/example_dags/example_short_circuit_operator.py
[2026-02-26T05:41:27.923+0000] {processor.py:914} INFO - Processing file /home/ubuntu/airflow-venv/lib/python3.12/site-packages/airflow/example_dags/example_short_circuit_operator.py for tasks to queue
[2026-02-26T05:41:27.925+0000] {logging_mixin.py:190} INFO - [2026-02-26T05:41:27.924+0000] {dagbag.py:588} INFO - Filling up the DagBag from /home/ubuntu/airflow-venv/lib/python3.12/site-packages/airflow/example_dags/example_short_circuit_operator.py
[2026-02-26T05:41:27.930+0000] {processor.py:925} INFO - DAG(s) 'example_short_circuit_operator' retrieved from /home/ubuntu/airflow-venv/lib/python3.12/site-packages/airflow/example_dags/example_short_circuit_operator.py
[2026-02-26T05:41:27.941+0000] {logging_mixin.py:190} INFO - [2026-02-26T05:41:27.941+0000] {dag.py:3239} INFO - Sync 1 DAGs
[2026-02-26T05:41:27.948+0000] {logging_mixin.py:190} INFO - [2026-02-26T05:41:27.948+0000] {dag.py:4180} INFO - Setting next_dagrun for example_short_circuit_operator to None, run_after=None
[2026-02-26T05:41:27.963+0000] {processor.py:208} INFO - Processing /home/ubuntu/airflow-venv/lib/python3.12/site-packages/airflow/example_dags/example_short_circuit_operator.py took 0.045 seconds
[2026-02-26T05:42:17.037+0000] {processor.py:186} INFO - Started process (PID=3762) to work on /home/ubuntu/airflow-venv/lib/python3.12/site-packages/airflow/example_dags/example_short_circuit_operator.py
[2026-02-26T05:42:17.039+0000] {processor.py:914} INFO - Processing file /home/ubuntu/airflow-venv/lib/python3.12/site-packages/airflow/example_dags/example_short_circuit_operator.py for tasks to queue
[2026-02-26T05:42:17.040+0000] {logging_mixin.py:190} INFO - [2026-02-26T05:42:17.040+0000] {dagbag.py:588} INFO - Filling up the DagBag from /home/ubuntu/airflow-venv/lib/python3.12/site-packages/airflow/example_dags/example_short_circuit_operator.py
[2026-02-26T05:42:17.046+0000] {processor.py:925} INFO - DAG(s) 'example_short_circuit_operator' retrieved from /home/ubuntu/airflow-venv/lib/python3.12/site-packages/airflow/example_dags/example_short_circuit_operator.py
[2026-02-26T05:42:17.057+0000] {logging_mixin.py:190} INFO - [2026-02-26T05:42:17.057+0000] {dag.py:3239} INFO - Sync 1 DAGs
[2026-02-26T05:42:17.065+0000] {logging_mixin.py:190} INFO - [2026-02-26T05:42:17.064+0000] {dag.py:4180} INFO - Setting next_dagrun for example_short_circuit_operator to None, run_after=None
[2026-02-26T05:42:17.081+0000] {processor.py:208} INFO - Processing /home/ubuntu/airflow-venv/lib/python3.12/site-packages/airflow/example_dags/example_short_circuit_operator.py took 0.047 seconds
[2026-02-26T05:43:06.617+0000] {processor.py:186} INFO - Started process (PID=3815) to work on /home/ubuntu/airflow-venv/lib/python3.12/site-packages/airflow/example_dags/example_short_circuit_operator.py
[2026-02-26T05:43:06.619+0000] {processor.py:914} INFO - Processing file /home/ubuntu/airflow-venv/lib/python3.12/site-packages/airflow/example_dags/example_short_circuit_operator.py for tasks to queue
[2026-02-26T05:43:06.620+0000] {logging_mixin.py:190} INFO - [2026-02-26T05:43:06.620+0000] {dagbag.py:588} INFO - Filling up the DagBag from /home/ubuntu/airflow-venv/lib/python3.12/site-packages/airflow/example_dags/example_short_circuit_operator.py
[2026-02-26T05:43:06.625+0000] {processor.py:925} INFO - DAG(s) 'example_short_circuit_operator' retrieved from /home/ubuntu/airflow-venv/lib/python3.12/site-packages/airflow/example_dags/example_short_circuit_operator.py
[2026-02-26T05:43:06.636+0000] {logging_mixin.py:190} INFO - [2026-02-26T05:43:06.636+0000] {dag.py:3239} INFO - Sync 1 DAGs
[2026-02-26T05:43:06.643+0000] {logging_mixin.py:190} INFO - [2026-02-26T05:43:06.643+0000] {dag.py:4180} INFO - Setting next_dagrun for example_short_circuit_operator to None, run_after=None
[2026-02-26T05:43:06.660+0000] {processor.py:208} INFO - Processing /home/ubuntu/airflow-venv/lib/python3.12/site-packages/airflow/example_dags/example_short_circuit_operator.py took 0.046 seconds
[2026-02-26T05:43:57.265+0000] {processor.py:186} INFO - Started process (PID=3867) to work on /home/ubuntu/airflow-venv/lib/python3.12/site-packages/airflow/example_dags/example_short_circuit_operator.py
[2026-02-26T05:43:57.266+0000] {processor.py:914} INFO - Processing file /home/ubuntu/airflow-venv/lib/python3.12/site-packages/airflow/example_dags/example_short_circuit_operator.py for tasks to queue
[2026-02-26T05:43:57.267+0000] {logging_mixin.py:190} INFO - [2026-02-26T05:43:57.267+0000] {dagbag.py:588} INFO - Filling up the DagBag from /home/ubuntu/airflow-venv/lib/python3.12/site-packages/airflow/example_dags/example_short_circuit_operator.py
[2026-02-26T05:43:57.272+0000] {processor.py:925} INFO - DAG(s) 'example_short_circuit_operator' retrieved from /home/ubuntu/airflow-venv/lib/python3.12/site-packages/airflow/example_dags/example_short_circuit_operator.py
[2026-02-26T05:43:57.283+0000] {logging_mixin.py:190} INFO - [2026-02-26T05:43:57.283+0000] {dag.py:3239} INFO - Sync 1 DAGs
[2026-02-26T05:43:57.291+0000] {logging_mixin.py:190} INFO - [2026-02-26T05:43:57.290+0000] {dag.py:4180} INFO - Setting next_dagrun for example_short_circuit_operator to None, run_after=None
[2026-02-26T05:43:57.311+0000] {processor.py:208} INFO - Processing /home/ubuntu/airflow-venv/lib/python3.12/site-packages/airflow/example_dags/example_short_circuit_operator.py took 0.050 seconds
[2026-02-26T05:44:44.768+0000] {processor.py:186} INFO - Started process (PID=3920) to work on /home/ubuntu/airflow-venv/lib/python3.12/site-packages/airflow/example_dags/example_short_circuit_operator.py
[2026-02-26T05:44:44.769+0000] {processor.py:914} INFO - Processing file /home/ubuntu/airflow-venv/lib/python3.12/site-packages/airflow/example_dags/example_short_circuit_operator.py for tasks to queue
[2026-02-26T05:44:44.770+0000] {logging_mixin.py:190} INFO - [2026-02-26T05:44:44.770+0000] {dagbag.py:588} INFO - Filling up the DagBag from /home/ubuntu/airflow-venv/lib/python3.12/site-packages/airflow/example_dags/example_short_circuit_operator.py
[2026-02-26T05:44:44.775+0000] {processor.py:925} INFO - DAG(s) 'example_short_circuit_operator' retrieved from /home/ubuntu/airflow-venv/lib/python3.12/site-packages/airflow/example_dags/example_short_circuit_operator.py
[2026-02-26T05:44:44.786+0000] {logging_mixin.py:190} INFO - [2026-02-26T05:44:44.786+0000] {dag.py:3239} INFO - Sync 1 DAGs
[2026-02-26T05:44:44.793+0000] {logging_mixin.py:190} INFO - [2026-02-26T05:44:44.793+0000] {dag.py:4180} INFO - Setting next_dagrun for example_short_circuit_operator to None, run_after=None
[2026-02-26T05:44:44.810+0000] {processor.py:208} INFO - Processing /home/ubuntu/airflow-venv/lib/python3.12/site-packages/airflow/example_dags/example_short_circuit_operator.py took 0.045 seconds
[2026-02-26T06:13:53.400+0000] {processor.py:186} INFO - Started process (PID=2705) to work on /home/ubuntu/airflow-venv/lib/python3.12/site-packages/airflow/example_dags/example_short_circuit_operator.py
[2026-02-26T06:13:53.402+0000] {processor.py:914} INFO - Processing file /home/ubuntu/airflow-venv/lib/python3.12/site-packages/airflow/example_dags/example_short_circuit_operator.py for tasks to queue
[2026-02-26T06:13:53.403+0000] {logging_mixin.py:190} INFO - [2026-02-26T06:13:53.403+0000] {dagbag.py:588} INFO - Filling up the DagBag from /home/ubuntu/airflow-venv/lib/python3.12/site-packages/airflow/example_dags/example_short_circuit_operator.py
[2026-02-26T06:13:53.409+0000] {processor.py:925} INFO - DAG(s) 'example_short_circuit_operator' retrieved from /home/ubuntu/airflow-venv/lib/python3.12/site-packages/airflow/example_dags/example_short_circuit_operator.py
[2026-02-26T06:13:53.421+0000] {logging_mixin.py:190} INFO - [2026-02-26T06:13:53.421+0000] {dag.py:3239} INFO - Sync 1 DAGs
[2026-02-26T06:13:53.430+0000] {logging_mixin.py:190} INFO - [2026-02-26T06:13:53.430+0000] {dag.py:4180} INFO - Setting next_dagrun for example_short_circuit_operator to None, run_after=None
[2026-02-26T06:13:53.446+0000] {processor.py:208} INFO - Processing /home/ubuntu/airflow-venv/lib/python3.12/site-packages/airflow/example_dags/example_short_circuit_operator.py took 0.050 seconds
[2026-02-26T06:14:53.715+0000] {processor.py:186} INFO - Started process (PID=2769) to work on /home/ubuntu/airflow-venv/lib/python3.12/site-packages/airflow/example_dags/example_short_circuit_operator.py
[2026-02-26T06:14:53.716+0000] {processor.py:914} INFO - Processing file /home/ubuntu/airflow-venv/lib/python3.12/site-packages/airflow/example_dags/example_short_circuit_operator.py for tasks to queue
[2026-02-26T06:14:53.718+0000] {logging_mixin.py:190} INFO - [2026-02-26T06:14:53.718+0000] {dagbag.py:588} INFO - Filling up the DagBag from /home/ubuntu/airflow-venv/lib/python3.12/site-packages/airflow/example_dags/example_short_circuit_operator.py
[2026-02-26T06:14:53.724+0000] {processor.py:925} INFO - DAG(s) 'example_short_circuit_operator' retrieved from /home/ubuntu/airflow-venv/lib/python3.12/site-packages/airflow/example_dags/example_short_circuit_operator.py
[2026-02-26T06:14:53.735+0000] {logging_mixin.py:190} INFO - [2026-02-26T06:14:53.735+0000] {dag.py:3239} INFO - Sync 1 DAGs
[2026-02-26T06:14:53.743+0000] {logging_mixin.py:190} INFO - [2026-02-26T06:14:53.743+0000] {dag.py:4180} INFO - Setting next_dagrun for example_short_circuit_operator to None, run_after=None
[2026-02-26T06:14:53.761+0000] {processor.py:208} INFO - Processing /home/ubuntu/airflow-venv/lib/python3.12/site-packages/airflow/example_dags/example_short_circuit_operator.py took 0.049 seconds
[2026-02-26T06:15:50.069+0000] {processor.py:186} INFO - Started process (PID=2836) to work on /home/ubuntu/airflow-venv/lib/python3.12/site-packages/airflow/example_dags/example_short_circuit_operator.py
[2026-02-26T06:15:50.070+0000] {processor.py:914} INFO - Processing file /home/ubuntu/airflow-venv/lib/python3.12/site-packages/airflow/example_dags/example_short_circuit_operator.py for tasks to queue
[2026-02-26T06:15:50.071+0000] {logging_mixin.py:190} INFO - [2026-02-26T06:15:50.071+0000] {dagbag.py:588} INFO - Filling up the DagBag from /home/ubuntu/airflow-venv/lib/python3.12/site-packages/airflow/example_dags/example_short_circuit_operator.py
[2026-02-26T06:15:50.077+0000] {processor.py:925} INFO - DAG(s) 'example_short_circuit_operator' retrieved from /home/ubuntu/airflow-venv/lib/python3.12/site-packages/airflow/example_dags/example_short_circuit_operator.py
[2026-02-26T06:15:50.088+0000] {logging_mixin.py:190} INFO - [2026-02-26T06:15:50.088+0000] {dag.py:3239} INFO - Sync 1 DAGs
[2026-02-26T06:15:50.095+0000] {logging_mixin.py:190} INFO - [2026-02-26T06:15:50.095+0000] {dag.py:4180} INFO - Setting next_dagrun for example_short_circuit_operator to None, run_after=None
[2026-02-26T06:15:50.112+0000] {processor.py:208} INFO - Processing /home/ubuntu/airflow-venv/lib/python3.12/site-packages/airflow/example_dags/example_short_circuit_operator.py took 0.047 seconds
[2026-02-26T06:16:43.727+0000] {processor.py:186} INFO - Started process (PID=2892) to work on /home/ubuntu/airflow-venv/lib/python3.12/site-packages/airflow/example_dags/example_short_circuit_operator.py
[2026-02-26T06:16:43.728+0000] {processor.py:914} INFO - Processing file /home/ubuntu/airflow-venv/lib/python3.12/site-packages/airflow/example_dags/example_short_circuit_operator.py for tasks to queue
[2026-02-26T06:16:43.730+0000] {logging_mixin.py:190} INFO - [2026-02-26T06:16:43.729+0000] {dagbag.py:588} INFO - Filling up the DagBag from /home/ubuntu/airflow-venv/lib/python3.12/site-packages/airflow/example_dags/example_short_circuit_operator.py
[2026-02-26T06:16:43.735+0000] {processor.py:925} INFO - DAG(s) 'example_short_circuit_operator' retrieved from /home/ubuntu/airflow-venv/lib/python3.12/site-packages/airflow/example_dags/example_short_circuit_operator.py
[2026-02-26T06:16:43.747+0000] {logging_mixin.py:190} INFO - [2026-02-26T06:16:43.746+0000] {dag.py:3239} INFO - Sync 1 DAGs
[2026-02-26T06:16:43.754+0000] {logging_mixin.py:190} INFO - [2026-02-26T06:16:43.754+0000] {dag.py:4180} INFO - Setting next_dagrun for example_short_circuit_operator to None, run_after=None
[2026-02-26T06:16:43.771+0000] {processor.py:208} INFO - Processing /home/ubuntu/airflow-venv/lib/python3.12/site-packages/airflow/example_dags/example_short_circuit_operator.py took 0.048 seconds
[2026-02-26T06:17:37.920+0000] {processor.py:186} INFO - Started process (PID=2953) to work on /home/ubuntu/airflow-venv/lib/python3.12/site-packages/airflow/example_dags/example_short_circuit_operator.py
[2026-02-26T06:17:37.922+0000] {processor.py:914} INFO - Processing file /home/ubuntu/airflow-venv/lib/python3.12/site-packages/airflow/example_dags/example_short_circuit_operator.py for tasks to queue
[2026-02-26T06:17:37.923+0000] {logging_mixin.py:190} INFO - [2026-02-26T06:17:37.923+0000] {dagbag.py:588} INFO - Filling up the DagBag from /home/ubuntu/airflow-venv/lib/python3.12/site-packages/airflow/example_dags/example_short_circuit_operator.py
[2026-02-26T06:17:37.928+0000] {processor.py:925} INFO - DAG(s) 'example_short_circuit_operator' retrieved from /home/ubuntu/airflow-venv/lib/python3.12/site-packages/airflow/example_dags/example_short_circuit_operator.py
[2026-02-26T06:17:37.940+0000] {logging_mixin.py:190} INFO - [2026-02-26T06:17:37.940+0000] {dag.py:3239} INFO - Sync 1 DAGs
[2026-02-26T06:17:37.949+0000] {logging_mixin.py:190} INFO - [2026-02-26T06:17:37.949+0000] {dag.py:4180} INFO - Setting next_dagrun for example_short_circuit_operator to None, run_after=None
[2026-02-26T06:17:37.966+0000] {processor.py:208} INFO - Processing /home/ubuntu/airflow-venv/lib/python3.12/site-packages/airflow/example_dags/example_short_circuit_operator.py took 0.050 seconds
[2026-02-26T06:18:29.971+0000] {processor.py:186} INFO - Started process (PID=3006) to work on /home/ubuntu/airflow-venv/lib/python3.12/site-packages/airflow/example_dags/example_short_circuit_operator.py
[2026-02-26T06:18:29.972+0000] {processor.py:914} INFO - Processing file /home/ubuntu/airflow-venv/lib/python3.12/site-packages/airflow/example_dags/example_short_circuit_operator.py for tasks to queue
[2026-02-26T06:18:29.974+0000] {logging_mixin.py:190} INFO - [2026-02-26T06:18:29.973+0000] {dagbag.py:588} INFO - Filling up the DagBag from /home/ubuntu/airflow-venv/lib/python3.12/site-packages/airflow/example_dags/example_short_circuit_operator.py
[2026-02-26T06:18:29.979+0000] {processor.py:925} INFO - DAG(s) 'example_short_circuit_operator' retrieved from /home/ubuntu/airflow-venv/lib/python3.12/site-packages/airflow/example_dags/example_short_circuit_operator.py
[2026-02-26T06:18:29.990+0000] {logging_mixin.py:190} INFO - [2026-02-26T06:18:29.990+0000] {dag.py:3239} INFO - Sync 1 DAGs
[2026-02-26T06:18:29.998+0000] {logging_mixin.py:190} INFO - [2026-02-26T06:18:29.998+0000] {dag.py:4180} INFO - Setting next_dagrun for example_short_circuit_operator to None, run_after=None
[2026-02-26T06:18:30.015+0000] {processor.py:208} INFO - Processing /home/ubuntu/airflow-venv/lib/python3.12/site-packages/airflow/example_dags/example_short_circuit_operator.py took 0.047 seconds
[2026-02-26T06:19:28.829+0000] {processor.py:186} INFO - Started process (PID=3062) to work on /home/ubuntu/airflow-venv/lib/python3.12/site-packages/airflow/example_dags/example_short_circuit_operator.py
[2026-02-26T06:19:28.830+0000] {processor.py:914} INFO - Processing file /home/ubuntu/airflow-venv/lib/python3.12/site-packages/airflow/example_dags/example_short_circuit_operator.py for tasks to queue
[2026-02-26T06:19:28.832+0000] {logging_mixin.py:190} INFO - [2026-02-26T06:19:28.831+0000] {dagbag.py:588} INFO - Filling up the DagBag from /home/ubuntu/airflow-venv/lib/python3.12/site-packages/airflow/example_dags/example_short_circuit_operator.py
[2026-02-26T06:19:28.920+0000] {processor.py:925} INFO - DAG(s) 'example_short_circuit_operator' retrieved from /home/ubuntu/airflow-venv/lib/python3.12/site-packages/airflow/example_dags/example_short_circuit_operator.py
[2026-02-26T06:19:28.929+0000] {logging_mixin.py:190} INFO - [2026-02-26T06:19:28.929+0000] {dag.py:3239} INFO - Sync 1 DAGs
[2026-02-26T06:19:28.935+0000] {logging_mixin.py:190} INFO - [2026-02-26T06:19:28.935+0000] {dag.py:4180} INFO - Setting next_dagrun for example_short_circuit_operator to None, run_after=None
[2026-02-26T06:19:28.951+0000] {processor.py:208} INFO - Processing /home/ubuntu/airflow-venv/lib/python3.12/site-packages/airflow/example_dags/example_short_circuit_operator.py took 0.126 seconds
[2026-02-26T06:20:22.457+0000] {processor.py:186} INFO - Started process (PID=3117) to work on /home/ubuntu/airflow-venv/lib/python3.12/site-packages/airflow/example_dags/example_short_circuit_operator.py
[2026-02-26T06:20:22.458+0000] {processor.py:914} INFO - Processing file /home/ubuntu/airflow-venv/lib/python3.12/site-packages/airflow/example_dags/example_short_circuit_operator.py for tasks to queue
[2026-02-26T06:20:22.460+0000] {logging_mixin.py:190} INFO - [2026-02-26T06:20:22.459+0000] {dagbag.py:588} INFO - Filling up the DagBag from /home/ubuntu/airflow-venv/lib/python3.12/site-packages/airflow/example_dags/example_short_circuit_operator.py
[2026-02-26T06:20:22.466+0000] {processor.py:925} INFO - DAG(s) 'example_short_circuit_operator' retrieved from /home/ubuntu/airflow-venv/lib/python3.12/site-packages/airflow/example_dags/example_short_circuit_operator.py
[2026-02-26T06:20:22.478+0000] {logging_mixin.py:190} INFO - [2026-02-26T06:20:22.477+0000] {dag.py:3239} INFO - Sync 1 DAGs
[2026-02-26T06:20:22.486+0000] {logging_mixin.py:190} INFO - [2026-02-26T06:20:22.486+0000] {dag.py:4180} INFO - Setting next_dagrun for example_short_circuit_operator to None, run_after=None
[2026-02-26T06:20:22.503+0000] {processor.py:208} INFO - Processing /home/ubuntu/airflow-venv/lib/python3.12/site-packages/airflow/example_dags/example_short_circuit_operator.py took 0.050 seconds
[2026-02-26T06:21:10.407+0000] {processor.py:186} INFO - Started process (PID=3172) to work on /home/ubuntu/airflow-venv/lib/python3.12/site-packages/airflow/example_dags/example_short_circuit_operator.py
[2026-02-26T06:21:10.409+0000] {processor.py:914} INFO - Processing file /home/ubuntu/airflow-venv/lib/python3.12/site-packages/airflow/example_dags/example_short_circuit_operator.py for tasks to queue
[2026-02-26T06:21:10.410+0000] {logging_mixin.py:190} INFO - [2026-02-26T06:21:10.410+0000] {dagbag.py:588} INFO - Filling up the DagBag from /home/ubuntu/airflow-venv/lib/python3.12/site-packages/airflow/example_dags/example_short_circuit_operator.py
[2026-02-26T06:21:10.416+0000] {processor.py:925} INFO - DAG(s) 'example_short_circuit_operator' retrieved from /home/ubuntu/airflow-venv/lib/python3.12/site-packages/airflow/example_dags/example_short_circuit_operator.py
[2026-02-26T06:21:10.428+0000] {logging_mixin.py:190} INFO - [2026-02-26T06:21:10.428+0000] {dag.py:3239} INFO - Sync 1 DAGs
[2026-02-26T06:21:10.436+0000] {logging_mixin.py:190} INFO - [2026-02-26T06:21:10.436+0000] {dag.py:4180} INFO - Setting next_dagrun for example_short_circuit_operator to None, run_after=None
[2026-02-26T06:21:10.453+0000] {processor.py:208} INFO - Processing /home/ubuntu/airflow-venv/lib/python3.12/site-packages/airflow/example_dags/example_short_circuit_operator.py took 0.049 seconds
[2026-02-26T06:22:00.049+0000] {processor.py:186} INFO - Started process (PID=3225) to work on /home/ubuntu/airflow-venv/lib/python3.12/site-packages/airflow/example_dags/example_short_circuit_operator.py
[2026-02-26T06:22:00.050+0000] {processor.py:914} INFO - Processing file /home/ubuntu/airflow-venv/lib/python3.12/site-packages/airflow/example_dags/example_short_circuit_operator.py for tasks to queue
[2026-02-26T06:22:00.052+0000] {logging_mixin.py:190} INFO - [2026-02-26T06:22:00.051+0000] {dagbag.py:588} INFO - Filling up the DagBag from /home/ubuntu/airflow-venv/lib/python3.12/site-packages/airflow/example_dags/example_short_circuit_operator.py
[2026-02-26T06:22:00.057+0000] {processor.py:925} INFO - DAG(s) 'example_short_circuit_operator' retrieved from /home/ubuntu/airflow-venv/lib/python3.12/site-packages/airflow/example_dags/example_short_circuit_operator.py
[2026-02-26T06:22:00.068+0000] {logging_mixin.py:190} INFO - [2026-02-26T06:22:00.068+0000] {dag.py:3239} INFO - Sync 1 DAGs
[2026-02-26T06:22:00.076+0000] {logging_mixin.py:190} INFO - [2026-02-26T06:22:00.076+0000] {dag.py:4180} INFO - Setting next_dagrun for example_short_circuit_operator to None, run_after=None
[2026-02-26T06:22:00.093+0000] {processor.py:208} INFO - Processing /home/ubuntu/airflow-venv/lib/python3.12/site-packages/airflow/example_dags/example_short_circuit_operator.py took 0.048 seconds
[2026-02-26T06:22:50.573+0000] {processor.py:186} INFO - Started process (PID=3280) to work on /home/ubuntu/airflow-venv/lib/python3.12/site-packages/airflow/example_dags/example_short_circuit_operator.py
[2026-02-26T06:22:50.574+0000] {processor.py:914} INFO - Processing file /home/ubuntu/airflow-venv/lib/python3.12/site-packages/airflow/example_dags/example_short_circuit_operator.py for tasks to queue
[2026-02-26T06:22:50.576+0000] {logging_mixin.py:190} INFO - [2026-02-26T06:22:50.575+0000] {dagbag.py:588} INFO - Filling up the DagBag from /home/ubuntu/airflow-venv/lib/python3.12/site-packages/airflow/example_dags/example_short_circuit_operator.py
[2026-02-26T06:22:50.582+0000] {processor.py:925} INFO - DAG(s) 'example_short_circuit_operator' retrieved from /home/ubuntu/airflow-venv/lib/python3.12/site-packages/airflow/example_dags/example_short_circuit_operator.py
[2026-02-26T06:22:50.593+0000] {logging_mixin.py:190} INFO - [2026-02-26T06:22:50.593+0000] {dag.py:3239} INFO - Sync 1 DAGs
[2026-02-26T06:22:50.602+0000] {logging_mixin.py:190} INFO - [2026-02-26T06:22:50.601+0000] {dag.py:4180} INFO - Setting next_dagrun for example_short_circuit_operator to None, run_after=None
[2026-02-26T06:22:50.619+0000] {processor.py:208} INFO - Processing /home/ubuntu/airflow-venv/lib/python3.12/site-packages/airflow/example_dags/example_short_circuit_operator.py took 0.050 seconds
[2026-02-26T06:23:43.270+0000] {processor.py:186} INFO - Started process (PID=3333) to work on /home/ubuntu/airflow-venv/lib/python3.12/site-packages/airflow/example_dags/example_short_circuit_operator.py
[2026-02-26T06:23:43.271+0000] {processor.py:914} INFO - Processing file /home/ubuntu/airflow-venv/lib/python3.12/site-packages/airflow/example_dags/example_short_circuit_operator.py for tasks to queue
[2026-02-26T06:23:43.273+0000] {logging_mixin.py:190} INFO - [2026-02-26T06:23:43.272+0000] {dagbag.py:588} INFO - Filling up the DagBag from /home/ubuntu/airflow-venv/lib/python3.12/site-packages/airflow/example_dags/example_short_circuit_operator.py
[2026-02-26T06:23:43.279+0000] {processor.py:925} INFO - DAG(s) 'example_short_circuit_operator' retrieved from /home/ubuntu/airflow-venv/lib/python3.12/site-packages/airflow/example_dags/example_short_circuit_operator.py
[2026-02-26T06:23:43.291+0000] {logging_mixin.py:190} INFO - [2026-02-26T06:23:43.291+0000] {dag.py:3239} INFO - Sync 1 DAGs
[2026-02-26T06:23:43.299+0000] {logging_mixin.py:190} INFO - [2026-02-26T06:23:43.299+0000] {dag.py:4180} INFO - Setting next_dagrun for example_short_circuit_operator to None, run_after=None
[2026-02-26T06:23:43.316+0000] {processor.py:208} INFO - Processing /home/ubuntu/airflow-venv/lib/python3.12/site-packages/airflow/example_dags/example_short_circuit_operator.py took 0.050 seconds
