[2026-02-26T05:22:49.796+0000] {processor.py:186} INFO - Started process (PID=2130) to work on /home/ubuntu/airflow-venv/lib/python3.12/site-packages/airflow/example_dags/example_short_circuit_decorator.py
[2026-02-26T05:22:49.797+0000] {processor.py:914} INFO - Processing file /home/ubuntu/airflow-venv/lib/python3.12/site-packages/airflow/example_dags/example_short_circuit_decorator.py for tasks to queue
[2026-02-26T05:22:49.798+0000] {logging_mixin.py:190} INFO - [2026-02-26T05:22:49.798+0000] {dagbag.py:588} INFO - Filling up the DagBag from /home/ubuntu/airflow-venv/lib/python3.12/site-packages/airflow/example_dags/example_short_circuit_decorator.py
[2026-02-26T05:22:49.803+0000] {processor.py:925} INFO - DAG(s) 'example_short_circuit_decorator' retrieved from /home/ubuntu/airflow-venv/lib/python3.12/site-packages/airflow/example_dags/example_short_circuit_decorator.py
[2026-02-26T05:22:49.815+0000] {logging_mixin.py:190} INFO - [2026-02-26T05:22:49.815+0000] {dag.py:3239} INFO - Sync 1 DAGs
[2026-02-26T05:22:49.822+0000] {logging_mixin.py:190} INFO - [2026-02-26T05:22:49.822+0000] {dag.py:4180} INFO - Setting next_dagrun for example_short_circuit_decorator to None, run_after=None
[2026-02-26T05:22:49.837+0000] {processor.py:208} INFO - Processing /home/ubuntu/airflow-venv/lib/python3.12/site-packages/airflow/example_dags/example_short_circuit_decorator.py took 0.044 seconds
[2026-02-26T05:23:46.038+0000] {processor.py:186} INFO - Started process (PID=2194) to work on /home/ubuntu/airflow-venv/lib/python3.12/site-packages/airflow/example_dags/example_short_circuit_decorator.py
[2026-02-26T05:23:46.039+0000] {processor.py:914} INFO - Processing file /home/ubuntu/airflow-venv/lib/python3.12/site-packages/airflow/example_dags/example_short_circuit_decorator.py for tasks to queue
[2026-02-26T05:23:46.040+0000] {logging_mixin.py:190} INFO - [2026-02-26T05:23:46.040+0000] {dagbag.py:588} INFO - Filling up the DagBag from /home/ubuntu/airflow-venv/lib/python3.12/site-packages/airflow/example_dags/example_short_circuit_decorator.py
[2026-02-26T05:23:46.046+0000] {processor.py:925} INFO - DAG(s) 'example_short_circuit_decorator' retrieved from /home/ubuntu/airflow-venv/lib/python3.12/site-packages/airflow/example_dags/example_short_circuit_decorator.py
[2026-02-26T05:23:46.057+0000] {logging_mixin.py:190} INFO - [2026-02-26T05:23:46.057+0000] {dag.py:3239} INFO - Sync 1 DAGs
[2026-02-26T05:23:46.064+0000] {logging_mixin.py:190} INFO - [2026-02-26T05:23:46.064+0000] {dag.py:4180} INFO - Setting next_dagrun for example_short_circuit_decorator to None, run_after=None
[2026-02-26T05:23:46.080+0000] {processor.py:208} INFO - Processing /home/ubuntu/airflow-venv/lib/python3.12/site-packages/airflow/example_dags/example_short_circuit_decorator.py took 0.045 seconds
[2026-02-26T05:24:39.969+0000] {processor.py:186} INFO - Started process (PID=2251) to work on /home/ubuntu/airflow-venv/lib/python3.12/site-packages/airflow/example_dags/example_short_circuit_decorator.py
[2026-02-26T05:24:39.970+0000] {processor.py:914} INFO - Processing file /home/ubuntu/airflow-venv/lib/python3.12/site-packages/airflow/example_dags/example_short_circuit_decorator.py for tasks to queue
[2026-02-26T05:24:39.972+0000] {logging_mixin.py:190} INFO - [2026-02-26T05:24:39.971+0000] {dagbag.py:588} INFO - Filling up the DagBag from /home/ubuntu/airflow-venv/lib/python3.12/site-packages/airflow/example_dags/example_short_circuit_decorator.py
[2026-02-26T05:24:39.977+0000] {processor.py:925} INFO - DAG(s) 'example_short_circuit_decorator' retrieved from /home/ubuntu/airflow-venv/lib/python3.12/site-packages/airflow/example_dags/example_short_circuit_decorator.py
[2026-02-26T05:24:39.988+0000] {logging_mixin.py:190} INFO - [2026-02-26T05:24:39.988+0000] {dag.py:3239} INFO - Sync 1 DAGs
[2026-02-26T05:24:39.995+0000] {logging_mixin.py:190} INFO - [2026-02-26T05:24:39.995+0000] {dag.py:4180} INFO - Setting next_dagrun for example_short_circuit_decorator to None, run_after=None
[2026-02-26T05:24:40.011+0000] {processor.py:208} INFO - Processing /home/ubuntu/airflow-venv/lib/python3.12/site-packages/airflow/example_dags/example_short_circuit_decorator.py took 0.045 seconds
[2026-02-26T05:25:29.647+0000] {processor.py:186} INFO - Started process (PID=2316) to work on /home/ubuntu/airflow-venv/lib/python3.12/site-packages/airflow/example_dags/example_short_circuit_decorator.py
[2026-02-26T05:25:29.648+0000] {processor.py:914} INFO - Processing file /home/ubuntu/airflow-venv/lib/python3.12/site-packages/airflow/example_dags/example_short_circuit_decorator.py for tasks to queue
[2026-02-26T05:25:29.649+0000] {logging_mixin.py:190} INFO - [2026-02-26T05:25:29.649+0000] {dagbag.py:588} INFO - Filling up the DagBag from /home/ubuntu/airflow-venv/lib/python3.12/site-packages/airflow/example_dags/example_short_circuit_decorator.py
[2026-02-26T05:25:29.655+0000] {processor.py:925} INFO - DAG(s) 'example_short_circuit_decorator' retrieved from /home/ubuntu/airflow-venv/lib/python3.12/site-packages/airflow/example_dags/example_short_circuit_decorator.py
[2026-02-26T05:25:29.666+0000] {logging_mixin.py:190} INFO - [2026-02-26T05:25:29.666+0000] {dag.py:3239} INFO - Sync 1 DAGs
[2026-02-26T05:25:29.673+0000] {logging_mixin.py:190} INFO - [2026-02-26T05:25:29.673+0000] {dag.py:4180} INFO - Setting next_dagrun for example_short_circuit_decorator to None, run_after=None
[2026-02-26T05:25:29.689+0000] {processor.py:208} INFO - Processing /home/ubuntu/airflow-venv/lib/python3.12/site-packages/airflow/example_dags/example_short_circuit_decorator.py took 0.045 seconds
[2026-02-26T05:26:21.493+0000] {processor.py:186} INFO - Started process (PID=2372) to work on /home/ubuntu/airflow-venv/lib/python3.12/site-packages/airflow/example_dags/example_short_circuit_decorator.py
[2026-02-26T05:26:21.494+0000] {processor.py:914} INFO - Processing file /home/ubuntu/airflow-venv/lib/python3.12/site-packages/airflow/example_dags/example_short_circuit_decorator.py for tasks to queue
[2026-02-26T05:26:21.495+0000] {logging_mixin.py:190} INFO - [2026-02-26T05:26:21.495+0000] {dagbag.py:588} INFO - Filling up the DagBag from /home/ubuntu/airflow-venv/lib/python3.12/site-packages/airflow/example_dags/example_short_circuit_decorator.py
[2026-02-26T05:26:21.501+0000] {processor.py:925} INFO - DAG(s) 'example_short_circuit_decorator' retrieved from /home/ubuntu/airflow-venv/lib/python3.12/site-packages/airflow/example_dags/example_short_circuit_decorator.py
[2026-02-26T05:26:21.512+0000] {logging_mixin.py:190} INFO - [2026-02-26T05:26:21.512+0000] {dag.py:3239} INFO - Sync 1 DAGs
[2026-02-26T05:26:21.519+0000] {logging_mixin.py:190} INFO - [2026-02-26T05:26:21.519+0000] {dag.py:4180} INFO - Setting next_dagrun for example_short_circuit_decorator to None, run_after=None
[2026-02-26T05:26:21.535+0000] {processor.py:208} INFO - Processing /home/ubuntu/airflow-venv/lib/python3.12/site-packages/airflow/example_dags/example_short_circuit_decorator.py took 0.045 seconds
[2026-02-26T05:27:09.975+0000] {processor.py:186} INFO - Started process (PID=2793) to work on /home/ubuntu/airflow-venv/lib/python3.12/site-packages/airflow/example_dags/example_short_circuit_decorator.py
[2026-02-26T05:27:09.976+0000] {processor.py:914} INFO - Processing file /home/ubuntu/airflow-venv/lib/python3.12/site-packages/airflow/example_dags/example_short_circuit_decorator.py for tasks to queue
[2026-02-26T05:27:09.977+0000] {logging_mixin.py:190} INFO - [2026-02-26T05:27:09.977+0000] {dagbag.py:588} INFO - Filling up the DagBag from /home/ubuntu/airflow-venv/lib/python3.12/site-packages/airflow/example_dags/example_short_circuit_decorator.py
[2026-02-26T05:27:09.983+0000] {processor.py:925} INFO - DAG(s) 'example_short_circuit_decorator' retrieved from /home/ubuntu/airflow-venv/lib/python3.12/site-packages/airflow/example_dags/example_short_circuit_decorator.py
[2026-02-26T05:27:09.994+0000] {logging_mixin.py:190} INFO - [2026-02-26T05:27:09.994+0000] {dag.py:3239} INFO - Sync 1 DAGs
[2026-02-26T05:27:10.001+0000] {logging_mixin.py:190} INFO - [2026-02-26T05:27:10.001+0000] {dag.py:4180} INFO - Setting next_dagrun for example_short_circuit_decorator to None, run_after=None
[2026-02-26T05:27:10.017+0000] {processor.py:208} INFO - Processing /home/ubuntu/airflow-venv/lib/python3.12/site-packages/airflow/example_dags/example_short_circuit_decorator.py took 0.045 seconds
[2026-02-26T05:27:59.129+0000] {processor.py:186} INFO - Started process (PID=2845) to work on /home/ubuntu/airflow-venv/lib/python3.12/site-packages/airflow/example_dags/example_short_circuit_decorator.py
[2026-02-26T05:27:59.130+0000] {processor.py:914} INFO - Processing file /home/ubuntu/airflow-venv/lib/python3.12/site-packages/airflow/example_dags/example_short_circuit_decorator.py for tasks to queue
[2026-02-26T05:27:59.131+0000] {logging_mixin.py:190} INFO - [2026-02-26T05:27:59.131+0000] {dagbag.py:588} INFO - Filling up the DagBag from /home/ubuntu/airflow-venv/lib/python3.12/site-packages/airflow/example_dags/example_short_circuit_decorator.py
[2026-02-26T05:27:59.137+0000] {processor.py:925} INFO - DAG(s) 'example_short_circuit_decorator' retrieved from /home/ubuntu/airflow-venv/lib/python3.12/site-packages/airflow/example_dags/example_short_circuit_decorator.py
[2026-02-26T05:27:59.148+0000] {logging_mixin.py:190} INFO - [2026-02-26T05:27:59.148+0000] {dag.py:3239} INFO - Sync 1 DAGs
[2026-02-26T05:27:59.156+0000] {logging_mixin.py:190} INFO - [2026-02-26T05:27:59.155+0000] {dag.py:4180} INFO - Setting next_dagrun for example_short_circuit_decorator to None, run_after=None
[2026-02-26T05:27:59.172+0000] {processor.py:208} INFO - Processing /home/ubuntu/airflow-venv/lib/python3.12/site-packages/airflow/example_dags/example_short_circuit_decorator.py took 0.047 seconds
[2026-02-26T05:28:52.052+0000] {processor.py:186} INFO - Started process (PID=2900) to work on /home/ubuntu/airflow-venv/lib/python3.12/site-packages/airflow/example_dags/example_short_circuit_decorator.py
[2026-02-26T05:28:52.054+0000] {processor.py:914} INFO - Processing file /home/ubuntu/airflow-venv/lib/python3.12/site-packages/airflow/example_dags/example_short_circuit_decorator.py for tasks to queue
[2026-02-26T05:28:52.055+0000] {logging_mixin.py:190} INFO - [2026-02-26T05:28:52.055+0000] {dagbag.py:588} INFO - Filling up the DagBag from /home/ubuntu/airflow-venv/lib/python3.12/site-packages/airflow/example_dags/example_short_circuit_decorator.py
[2026-02-26T05:28:52.061+0000] {processor.py:925} INFO - DAG(s) 'example_short_circuit_decorator' retrieved from /home/ubuntu/airflow-venv/lib/python3.12/site-packages/airflow/example_dags/example_short_circuit_decorator.py
[2026-02-26T05:28:52.072+0000] {logging_mixin.py:190} INFO - [2026-02-26T05:28:52.072+0000] {dag.py:3239} INFO - Sync 1 DAGs
[2026-02-26T05:28:52.080+0000] {logging_mixin.py:190} INFO - [2026-02-26T05:28:52.079+0000] {dag.py:4180} INFO - Setting next_dagrun for example_short_circuit_decorator to None, run_after=None
[2026-02-26T05:28:52.096+0000] {processor.py:208} INFO - Processing /home/ubuntu/airflow-venv/lib/python3.12/site-packages/airflow/example_dags/example_short_circuit_decorator.py took 0.047 seconds
[2026-02-26T05:29:44.482+0000] {processor.py:186} INFO - Started process (PID=2952) to work on /home/ubuntu/airflow-venv/lib/python3.12/site-packages/airflow/example_dags/example_short_circuit_decorator.py
[2026-02-26T05:29:44.483+0000] {processor.py:914} INFO - Processing file /home/ubuntu/airflow-venv/lib/python3.12/site-packages/airflow/example_dags/example_short_circuit_decorator.py for tasks to queue
[2026-02-26T05:29:44.485+0000] {logging_mixin.py:190} INFO - [2026-02-26T05:29:44.484+0000] {dagbag.py:588} INFO - Filling up the DagBag from /home/ubuntu/airflow-venv/lib/python3.12/site-packages/airflow/example_dags/example_short_circuit_decorator.py
[2026-02-26T05:29:44.491+0000] {processor.py:925} INFO - DAG(s) 'example_short_circuit_decorator' retrieved from /home/ubuntu/airflow-venv/lib/python3.12/site-packages/airflow/example_dags/example_short_circuit_decorator.py
[2026-02-26T05:29:44.501+0000] {logging_mixin.py:190} INFO - [2026-02-26T05:29:44.501+0000] {dag.py:3239} INFO - Sync 1 DAGs
[2026-02-26T05:29:44.509+0000] {logging_mixin.py:190} INFO - [2026-02-26T05:29:44.509+0000] {dag.py:4180} INFO - Setting next_dagrun for example_short_circuit_decorator to None, run_after=None
[2026-02-26T05:29:44.526+0000] {processor.py:208} INFO - Processing /home/ubuntu/airflow-venv/lib/python3.12/site-packages/airflow/example_dags/example_short_circuit_decorator.py took 0.047 seconds
[2026-02-26T05:30:35.568+0000] {processor.py:186} INFO - Started process (PID=3011) to work on /home/ubuntu/airflow-venv/lib/python3.12/site-packages/airflow/example_dags/example_short_circuit_decorator.py
[2026-02-26T05:30:35.569+0000] {processor.py:914} INFO - Processing file /home/ubuntu/airflow-venv/lib/python3.12/site-packages/airflow/example_dags/example_short_circuit_decorator.py for tasks to queue
[2026-02-26T05:30:35.570+0000] {logging_mixin.py:190} INFO - [2026-02-26T05:30:35.570+0000] {dagbag.py:588} INFO - Filling up the DagBag from /home/ubuntu/airflow-venv/lib/python3.12/site-packages/airflow/example_dags/example_short_circuit_decorator.py
[2026-02-26T05:30:35.576+0000] {processor.py:925} INFO - DAG(s) 'example_short_circuit_decorator' retrieved from /home/ubuntu/airflow-venv/lib/python3.12/site-packages/airflow/example_dags/example_short_circuit_decorator.py
[2026-02-26T05:30:35.587+0000] {logging_mixin.py:190} INFO - [2026-02-26T05:30:35.587+0000] {dag.py:3239} INFO - Sync 1 DAGs
[2026-02-26T05:30:35.595+0000] {logging_mixin.py:190} INFO - [2026-02-26T05:30:35.595+0000] {dag.py:4180} INFO - Setting next_dagrun for example_short_circuit_decorator to None, run_after=None
[2026-02-26T05:30:35.612+0000] {processor.py:208} INFO - Processing /home/ubuntu/airflow-venv/lib/python3.12/site-packages/airflow/example_dags/example_short_circuit_decorator.py took 0.048 seconds
[2026-02-26T05:31:28.299+0000] {processor.py:186} INFO - Started process (PID=3064) to work on /home/ubuntu/airflow-venv/lib/python3.12/site-packages/airflow/example_dags/example_short_circuit_decorator.py
[2026-02-26T05:31:28.301+0000] {processor.py:914} INFO - Processing file /home/ubuntu/airflow-venv/lib/python3.12/site-packages/airflow/example_dags/example_short_circuit_decorator.py for tasks to queue
[2026-02-26T05:31:28.302+0000] {logging_mixin.py:190} INFO - [2026-02-26T05:31:28.302+0000] {dagbag.py:588} INFO - Filling up the DagBag from /home/ubuntu/airflow-venv/lib/python3.12/site-packages/airflow/example_dags/example_short_circuit_decorator.py
[2026-02-26T05:31:28.308+0000] {processor.py:925} INFO - DAG(s) 'example_short_circuit_decorator' retrieved from /home/ubuntu/airflow-venv/lib/python3.12/site-packages/airflow/example_dags/example_short_circuit_decorator.py
[2026-02-26T05:31:28.319+0000] {logging_mixin.py:190} INFO - [2026-02-26T05:31:28.319+0000] {dag.py:3239} INFO - Sync 1 DAGs
[2026-02-26T05:31:28.326+0000] {logging_mixin.py:190} INFO - [2026-02-26T05:31:28.326+0000] {dag.py:4180} INFO - Setting next_dagrun for example_short_circuit_decorator to None, run_after=None
[2026-02-26T05:31:28.342+0000] {processor.py:208} INFO - Processing /home/ubuntu/airflow-venv/lib/python3.12/site-packages/airflow/example_dags/example_short_circuit_decorator.py took 0.046 seconds
[2026-02-26T05:32:19.168+0000] {processor.py:186} INFO - Started process (PID=3117) to work on /home/ubuntu/airflow-venv/lib/python3.12/site-packages/airflow/example_dags/example_short_circuit_decorator.py
[2026-02-26T05:32:19.169+0000] {processor.py:914} INFO - Processing file /home/ubuntu/airflow-venv/lib/python3.12/site-packages/airflow/example_dags/example_short_circuit_decorator.py for tasks to queue
[2026-02-26T05:32:19.170+0000] {logging_mixin.py:190} INFO - [2026-02-26T05:32:19.170+0000] {dagbag.py:588} INFO - Filling up the DagBag from /home/ubuntu/airflow-venv/lib/python3.12/site-packages/airflow/example_dags/example_short_circuit_decorator.py
[2026-02-26T05:32:19.176+0000] {processor.py:925} INFO - DAG(s) 'example_short_circuit_decorator' retrieved from /home/ubuntu/airflow-venv/lib/python3.12/site-packages/airflow/example_dags/example_short_circuit_decorator.py
[2026-02-26T05:32:19.187+0000] {logging_mixin.py:190} INFO - [2026-02-26T05:32:19.187+0000] {dag.py:3239} INFO - Sync 1 DAGs
[2026-02-26T05:32:19.195+0000] {logging_mixin.py:190} INFO - [2026-02-26T05:32:19.195+0000] {dag.py:4180} INFO - Setting next_dagrun for example_short_circuit_decorator to None, run_after=None
[2026-02-26T05:32:19.211+0000] {processor.py:208} INFO - Processing /home/ubuntu/airflow-venv/lib/python3.12/site-packages/airflow/example_dags/example_short_circuit_decorator.py took 0.046 seconds
[2026-02-26T05:33:07.319+0000] {processor.py:186} INFO - Started process (PID=3168) to work on /home/ubuntu/airflow-venv/lib/python3.12/site-packages/airflow/example_dags/example_short_circuit_decorator.py
[2026-02-26T05:33:07.320+0000] {processor.py:914} INFO - Processing file /home/ubuntu/airflow-venv/lib/python3.12/site-packages/airflow/example_dags/example_short_circuit_decorator.py for tasks to queue
[2026-02-26T05:33:07.322+0000] {logging_mixin.py:190} INFO - [2026-02-26T05:33:07.321+0000] {dagbag.py:588} INFO - Filling up the DagBag from /home/ubuntu/airflow-venv/lib/python3.12/site-packages/airflow/example_dags/example_short_circuit_decorator.py
[2026-02-26T05:33:07.328+0000] {processor.py:925} INFO - DAG(s) 'example_short_circuit_decorator' retrieved from /home/ubuntu/airflow-venv/lib/python3.12/site-packages/airflow/example_dags/example_short_circuit_decorator.py
[2026-02-26T05:33:07.339+0000] {logging_mixin.py:190} INFO - [2026-02-26T05:33:07.338+0000] {dag.py:3239} INFO - Sync 1 DAGs
[2026-02-26T05:33:07.346+0000] {logging_mixin.py:190} INFO - [2026-02-26T05:33:07.346+0000] {dag.py:4180} INFO - Setting next_dagrun for example_short_circuit_decorator to None, run_after=None
[2026-02-26T05:33:07.363+0000] {processor.py:208} INFO - Processing /home/ubuntu/airflow-venv/lib/python3.12/site-packages/airflow/example_dags/example_short_circuit_decorator.py took 0.047 seconds
[2026-02-26T05:33:57.967+0000] {processor.py:186} INFO - Started process (PID=3224) to work on /home/ubuntu/airflow-venv/lib/python3.12/site-packages/airflow/example_dags/example_short_circuit_decorator.py
[2026-02-26T05:33:57.968+0000] {processor.py:914} INFO - Processing file /home/ubuntu/airflow-venv/lib/python3.12/site-packages/airflow/example_dags/example_short_circuit_decorator.py for tasks to queue
[2026-02-26T05:33:57.969+0000] {logging_mixin.py:190} INFO - [2026-02-26T05:33:57.969+0000] {dagbag.py:588} INFO - Filling up the DagBag from /home/ubuntu/airflow-venv/lib/python3.12/site-packages/airflow/example_dags/example_short_circuit_decorator.py
[2026-02-26T05:33:57.975+0000] {processor.py:925} INFO - DAG(s) 'example_short_circuit_decorator' retrieved from /home/ubuntu/airflow-venv/lib/python3.12/site-packages/airflow/example_dags/example_short_circuit_decorator.py
[2026-02-26T05:33:57.986+0000] {logging_mixin.py:190} INFO - [2026-02-26T05:33:57.986+0000] {dag.py:3239} INFO - Sync 1 DAGs
[2026-02-26T05:33:57.994+0000] {logging_mixin.py:190} INFO - [2026-02-26T05:33:57.993+0000] {dag.py:4180} INFO - Setting next_dagrun for example_short_circuit_decorator to None, run_after=None
[2026-02-26T05:33:58.010+0000] {processor.py:208} INFO - Processing /home/ubuntu/airflow-venv/lib/python3.12/site-packages/airflow/example_dags/example_short_circuit_decorator.py took 0.046 seconds
[2026-02-26T05:34:46.304+0000] {processor.py:186} INFO - Started process (PID=3277) to work on /home/ubuntu/airflow-venv/lib/python3.12/site-packages/airflow/example_dags/example_short_circuit_decorator.py
[2026-02-26T05:34:46.306+0000] {processor.py:914} INFO - Processing file /home/ubuntu/airflow-venv/lib/python3.12/site-packages/airflow/example_dags/example_short_circuit_decorator.py for tasks to queue
[2026-02-26T05:34:46.307+0000] {logging_mixin.py:190} INFO - [2026-02-26T05:34:46.307+0000] {dagbag.py:588} INFO - Filling up the DagBag from /home/ubuntu/airflow-venv/lib/python3.12/site-packages/airflow/example_dags/example_short_circuit_decorator.py
[2026-02-26T05:34:46.313+0000] {processor.py:925} INFO - DAG(s) 'example_short_circuit_decorator' retrieved from /home/ubuntu/airflow-venv/lib/python3.12/site-packages/airflow/example_dags/example_short_circuit_decorator.py
[2026-02-26T05:34:46.324+0000] {logging_mixin.py:190} INFO - [2026-02-26T05:34:46.324+0000] {dag.py:3239} INFO - Sync 1 DAGs
[2026-02-26T05:34:46.332+0000] {logging_mixin.py:190} INFO - [2026-02-26T05:34:46.331+0000] {dag.py:4180} INFO - Setting next_dagrun for example_short_circuit_decorator to None, run_after=None
[2026-02-26T05:34:46.348+0000] {processor.py:208} INFO - Processing /home/ubuntu/airflow-venv/lib/python3.12/site-packages/airflow/example_dags/example_short_circuit_decorator.py took 0.047 seconds
[2026-02-26T05:35:39.089+0000] {processor.py:186} INFO - Started process (PID=3337) to work on /home/ubuntu/airflow-venv/lib/python3.12/site-packages/airflow/example_dags/example_short_circuit_decorator.py
[2026-02-26T05:35:39.090+0000] {processor.py:914} INFO - Processing file /home/ubuntu/airflow-venv/lib/python3.12/site-packages/airflow/example_dags/example_short_circuit_decorator.py for tasks to queue
[2026-02-26T05:35:39.092+0000] {logging_mixin.py:190} INFO - [2026-02-26T05:35:39.091+0000] {dagbag.py:588} INFO - Filling up the DagBag from /home/ubuntu/airflow-venv/lib/python3.12/site-packages/airflow/example_dags/example_short_circuit_decorator.py
[2026-02-26T05:35:39.098+0000] {processor.py:925} INFO - DAG(s) 'example_short_circuit_decorator' retrieved from /home/ubuntu/airflow-venv/lib/python3.12/site-packages/airflow/example_dags/example_short_circuit_decorator.py
[2026-02-26T05:35:39.109+0000] {logging_mixin.py:190} INFO - [2026-02-26T05:35:39.108+0000] {dag.py:3239} INFO - Sync 1 DAGs
[2026-02-26T05:35:39.116+0000] {logging_mixin.py:190} INFO - [2026-02-26T05:35:39.116+0000] {dag.py:4180} INFO - Setting next_dagrun for example_short_circuit_decorator to None, run_after=None
[2026-02-26T05:35:39.132+0000] {processor.py:208} INFO - Processing /home/ubuntu/airflow-venv/lib/python3.12/site-packages/airflow/example_dags/example_short_circuit_decorator.py took 0.046 seconds
[2026-02-26T05:36:31.035+0000] {processor.py:186} INFO - Started process (PID=3395) to work on /home/ubuntu/airflow-venv/lib/python3.12/site-packages/airflow/example_dags/example_short_circuit_decorator.py
[2026-02-26T05:36:31.036+0000] {processor.py:914} INFO - Processing file /home/ubuntu/airflow-venv/lib/python3.12/site-packages/airflow/example_dags/example_short_circuit_decorator.py for tasks to queue
[2026-02-26T05:36:31.038+0000] {logging_mixin.py:190} INFO - [2026-02-26T05:36:31.037+0000] {dagbag.py:588} INFO - Filling up the DagBag from /home/ubuntu/airflow-venv/lib/python3.12/site-packages/airflow/example_dags/example_short_circuit_decorator.py
[2026-02-26T05:36:31.044+0000] {processor.py:925} INFO - DAG(s) 'example_short_circuit_decorator' retrieved from /home/ubuntu/airflow-venv/lib/python3.12/site-packages/airflow/example_dags/example_short_circuit_decorator.py
[2026-02-26T05:36:31.055+0000] {logging_mixin.py:190} INFO - [2026-02-26T05:36:31.055+0000] {dag.py:3239} INFO - Sync 1 DAGs
[2026-02-26T05:36:31.063+0000] {logging_mixin.py:190} INFO - [2026-02-26T05:36:31.063+0000] {dag.py:4180} INFO - Setting next_dagrun for example_short_circuit_decorator to None, run_after=None
[2026-02-26T05:36:31.080+0000] {processor.py:208} INFO - Processing /home/ubuntu/airflow-venv/lib/python3.12/site-packages/airflow/example_dags/example_short_circuit_decorator.py took 0.048 seconds
[2026-02-26T05:37:20.304+0000] {processor.py:186} INFO - Started process (PID=3447) to work on /home/ubuntu/airflow-venv/lib/python3.12/site-packages/airflow/example_dags/example_short_circuit_decorator.py
[2026-02-26T05:37:20.306+0000] {processor.py:914} INFO - Processing file /home/ubuntu/airflow-venv/lib/python3.12/site-packages/airflow/example_dags/example_short_circuit_decorator.py for tasks to queue
[2026-02-26T05:37:20.307+0000] {logging_mixin.py:190} INFO - [2026-02-26T05:37:20.307+0000] {dagbag.py:588} INFO - Filling up the DagBag from /home/ubuntu/airflow-venv/lib/python3.12/site-packages/airflow/example_dags/example_short_circuit_decorator.py
[2026-02-26T05:37:20.313+0000] {processor.py:925} INFO - DAG(s) 'example_short_circuit_decorator' retrieved from /home/ubuntu/airflow-venv/lib/python3.12/site-packages/airflow/example_dags/example_short_circuit_decorator.py
[2026-02-26T05:37:20.324+0000] {logging_mixin.py:190} INFO - [2026-02-26T05:37:20.324+0000] {dag.py:3239} INFO - Sync 1 DAGs
[2026-02-26T05:37:20.331+0000] {logging_mixin.py:190} INFO - [2026-02-26T05:37:20.331+0000] {dag.py:4180} INFO - Setting next_dagrun for example_short_circuit_decorator to None, run_after=None
[2026-02-26T05:37:20.348+0000] {processor.py:208} INFO - Processing /home/ubuntu/airflow-venv/lib/python3.12/site-packages/airflow/example_dags/example_short_circuit_decorator.py took 0.047 seconds
[2026-02-26T05:38:09.350+0000] {processor.py:186} INFO - Started process (PID=3497) to work on /home/ubuntu/airflow-venv/lib/python3.12/site-packages/airflow/example_dags/example_short_circuit_decorator.py
[2026-02-26T05:38:09.351+0000] {processor.py:914} INFO - Processing file /home/ubuntu/airflow-venv/lib/python3.12/site-packages/airflow/example_dags/example_short_circuit_decorator.py for tasks to queue
[2026-02-26T05:38:09.352+0000] {logging_mixin.py:190} INFO - [2026-02-26T05:38:09.352+0000] {dagbag.py:588} INFO - Filling up the DagBag from /home/ubuntu/airflow-venv/lib/python3.12/site-packages/airflow/example_dags/example_short_circuit_decorator.py
[2026-02-26T05:38:09.359+0000] {processor.py:925} INFO - DAG(s) 'example_short_circuit_decorator' retrieved from /home/ubuntu/airflow-venv/lib/python3.12/site-packages/airflow/example_dags/example_short_circuit_decorator.py
[2026-02-26T05:38:09.370+0000] {logging_mixin.py:190} INFO - [2026-02-26T05:38:09.370+0000] {dag.py:3239} INFO - Sync 1 DAGs
[2026-02-26T05:38:09.377+0000] {logging_mixin.py:190} INFO - [2026-02-26T05:38:09.377+0000] {dag.py:4180} INFO - Setting next_dagrun for example_short_circuit_decorator to None, run_after=None
[2026-02-26T05:38:09.394+0000] {processor.py:208} INFO - Processing /home/ubuntu/airflow-venv/lib/python3.12/site-packages/airflow/example_dags/example_short_circuit_decorator.py took 0.048 seconds
[2026-02-26T05:39:00.724+0000] {processor.py:186} INFO - Started process (PID=3550) to work on /home/ubuntu/airflow-venv/lib/python3.12/site-packages/airflow/example_dags/example_short_circuit_decorator.py
[2026-02-26T05:39:00.726+0000] {processor.py:914} INFO - Processing file /home/ubuntu/airflow-venv/lib/python3.12/site-packages/airflow/example_dags/example_short_circuit_decorator.py for tasks to queue
[2026-02-26T05:39:00.727+0000] {logging_mixin.py:190} INFO - [2026-02-26T05:39:00.727+0000] {dagbag.py:588} INFO - Filling up the DagBag from /home/ubuntu/airflow-venv/lib/python3.12/site-packages/airflow/example_dags/example_short_circuit_decorator.py
[2026-02-26T05:39:00.733+0000] {processor.py:925} INFO - DAG(s) 'example_short_circuit_decorator' retrieved from /home/ubuntu/airflow-venv/lib/python3.12/site-packages/airflow/example_dags/example_short_circuit_decorator.py
[2026-02-26T05:39:00.744+0000] {logging_mixin.py:190} INFO - [2026-02-26T05:39:00.744+0000] {dag.py:3239} INFO - Sync 1 DAGs
[2026-02-26T05:39:00.751+0000] {logging_mixin.py:190} INFO - [2026-02-26T05:39:00.751+0000] {dag.py:4180} INFO - Setting next_dagrun for example_short_circuit_decorator to None, run_after=None
[2026-02-26T05:39:00.768+0000] {processor.py:208} INFO - Processing /home/ubuntu/airflow-venv/lib/python3.12/site-packages/airflow/example_dags/example_short_circuit_decorator.py took 0.047 seconds
[2026-02-26T05:39:51.482+0000] {processor.py:186} INFO - Started process (PID=3605) to work on /home/ubuntu/airflow-venv/lib/python3.12/site-packages/airflow/example_dags/example_short_circuit_decorator.py
[2026-02-26T05:39:51.483+0000] {processor.py:914} INFO - Processing file /home/ubuntu/airflow-venv/lib/python3.12/site-packages/airflow/example_dags/example_short_circuit_decorator.py for tasks to queue
[2026-02-26T05:39:51.485+0000] {logging_mixin.py:190} INFO - [2026-02-26T05:39:51.484+0000] {dagbag.py:588} INFO - Filling up the DagBag from /home/ubuntu/airflow-venv/lib/python3.12/site-packages/airflow/example_dags/example_short_circuit_decorator.py
[2026-02-26T05:39:51.491+0000] {processor.py:925} INFO - DAG(s) 'example_short_circuit_decorator' retrieved from /home/ubuntu/airflow-venv/lib/python3.12/site-packages/airflow/example_dags/example_short_circuit_decorator.py
[2026-02-26T05:39:51.502+0000] {logging_mixin.py:190} INFO - [2026-02-26T05:39:51.502+0000] {dag.py:3239} INFO - Sync 1 DAGs
[2026-02-26T05:39:51.509+0000] {logging_mixin.py:190} INFO - [2026-02-26T05:39:51.509+0000] {dag.py:4180} INFO - Setting next_dagrun for example_short_circuit_decorator to None, run_after=None
[2026-02-26T05:39:51.526+0000] {processor.py:208} INFO - Processing /home/ubuntu/airflow-venv/lib/python3.12/site-packages/airflow/example_dags/example_short_circuit_decorator.py took 0.048 seconds
[2026-02-26T05:40:38.332+0000] {processor.py:186} INFO - Started process (PID=3661) to work on /home/ubuntu/airflow-venv/lib/python3.12/site-packages/airflow/example_dags/example_short_circuit_decorator.py
[2026-02-26T05:40:38.333+0000] {processor.py:914} INFO - Processing file /home/ubuntu/airflow-venv/lib/python3.12/site-packages/airflow/example_dags/example_short_circuit_decorator.py for tasks to queue
[2026-02-26T05:40:38.334+0000] {logging_mixin.py:190} INFO - [2026-02-26T05:40:38.334+0000] {dagbag.py:588} INFO - Filling up the DagBag from /home/ubuntu/airflow-venv/lib/python3.12/site-packages/airflow/example_dags/example_short_circuit_decorator.py
[2026-02-26T05:40:38.340+0000] {processor.py:925} INFO - DAG(s) 'example_short_circuit_decorator' retrieved from /home/ubuntu/airflow-venv/lib/python3.12/site-packages/airflow/example_dags/example_short_circuit_decorator.py
[2026-02-26T05:40:38.349+0000] {logging_mixin.py:190} INFO - [2026-02-26T05:40:38.349+0000] {dag.py:3239} INFO - Sync 1 DAGs
[2026-02-26T05:40:38.357+0000] {logging_mixin.py:190} INFO - [2026-02-26T05:40:38.357+0000] {dag.py:4180} INFO - Setting next_dagrun for example_short_circuit_decorator to None, run_after=None
[2026-02-26T05:40:38.373+0000] {processor.py:208} INFO - Processing /home/ubuntu/airflow-venv/lib/python3.12/site-packages/airflow/example_dags/example_short_circuit_decorator.py took 0.044 seconds
[2026-02-26T05:41:29.051+0000] {processor.py:186} INFO - Started process (PID=3712) to work on /home/ubuntu/airflow-venv/lib/python3.12/site-packages/airflow/example_dags/example_short_circuit_decorator.py
[2026-02-26T05:41:29.052+0000] {processor.py:914} INFO - Processing file /home/ubuntu/airflow-venv/lib/python3.12/site-packages/airflow/example_dags/example_short_circuit_decorator.py for tasks to queue
[2026-02-26T05:41:29.053+0000] {logging_mixin.py:190} INFO - [2026-02-26T05:41:29.053+0000] {dagbag.py:588} INFO - Filling up the DagBag from /home/ubuntu/airflow-venv/lib/python3.12/site-packages/airflow/example_dags/example_short_circuit_decorator.py
[2026-02-26T05:41:29.059+0000] {processor.py:925} INFO - DAG(s) 'example_short_circuit_decorator' retrieved from /home/ubuntu/airflow-venv/lib/python3.12/site-packages/airflow/example_dags/example_short_circuit_decorator.py
[2026-02-26T05:41:29.070+0000] {logging_mixin.py:190} INFO - [2026-02-26T05:41:29.070+0000] {dag.py:3239} INFO - Sync 1 DAGs
[2026-02-26T05:41:29.077+0000] {logging_mixin.py:190} INFO - [2026-02-26T05:41:29.077+0000] {dag.py:4180} INFO - Setting next_dagrun for example_short_circuit_decorator to None, run_after=None
[2026-02-26T05:41:29.093+0000] {processor.py:208} INFO - Processing /home/ubuntu/airflow-venv/lib/python3.12/site-packages/airflow/example_dags/example_short_circuit_decorator.py took 0.046 seconds
[2026-02-26T05:42:18.166+0000] {processor.py:186} INFO - Started process (PID=3763) to work on /home/ubuntu/airflow-venv/lib/python3.12/site-packages/airflow/example_dags/example_short_circuit_decorator.py
[2026-02-26T05:42:18.167+0000] {processor.py:914} INFO - Processing file /home/ubuntu/airflow-venv/lib/python3.12/site-packages/airflow/example_dags/example_short_circuit_decorator.py for tasks to queue
[2026-02-26T05:42:18.169+0000] {logging_mixin.py:190} INFO - [2026-02-26T05:42:18.168+0000] {dagbag.py:588} INFO - Filling up the DagBag from /home/ubuntu/airflow-venv/lib/python3.12/site-packages/airflow/example_dags/example_short_circuit_decorator.py
[2026-02-26T05:42:18.175+0000] {processor.py:925} INFO - DAG(s) 'example_short_circuit_decorator' retrieved from /home/ubuntu/airflow-venv/lib/python3.12/site-packages/airflow/example_dags/example_short_circuit_decorator.py
[2026-02-26T05:42:18.186+0000] {logging_mixin.py:190} INFO - [2026-02-26T05:42:18.186+0000] {dag.py:3239} INFO - Sync 1 DAGs
[2026-02-26T05:42:18.194+0000] {logging_mixin.py:190} INFO - [2026-02-26T05:42:18.194+0000] {dag.py:4180} INFO - Setting next_dagrun for example_short_circuit_decorator to None, run_after=None
[2026-02-26T05:42:18.211+0000] {processor.py:208} INFO - Processing /home/ubuntu/airflow-venv/lib/python3.12/site-packages/airflow/example_dags/example_short_circuit_decorator.py took 0.048 seconds
[2026-02-26T05:43:07.229+0000] {processor.py:186} INFO - Started process (PID=3816) to work on /home/ubuntu/airflow-venv/lib/python3.12/site-packages/airflow/example_dags/example_short_circuit_decorator.py
[2026-02-26T05:43:07.230+0000] {processor.py:914} INFO - Processing file /home/ubuntu/airflow-venv/lib/python3.12/site-packages/airflow/example_dags/example_short_circuit_decorator.py for tasks to queue
[2026-02-26T05:43:07.231+0000] {logging_mixin.py:190} INFO - [2026-02-26T05:43:07.231+0000] {dagbag.py:588} INFO - Filling up the DagBag from /home/ubuntu/airflow-venv/lib/python3.12/site-packages/airflow/example_dags/example_short_circuit_decorator.py
[2026-02-26T05:43:07.238+0000] {processor.py:925} INFO - DAG(s) 'example_short_circuit_decorator' retrieved from /home/ubuntu/airflow-venv/lib/python3.12/site-packages/airflow/example_dags/example_short_circuit_decorator.py
[2026-02-26T05:43:07.249+0000] {logging_mixin.py:190} INFO - [2026-02-26T05:43:07.248+0000] {dag.py:3239} INFO - Sync 1 DAGs
[2026-02-26T05:43:07.256+0000] {logging_mixin.py:190} INFO - [2026-02-26T05:43:07.256+0000] {dag.py:4180} INFO - Setting next_dagrun for example_short_circuit_decorator to None, run_after=None
[2026-02-26T05:43:07.272+0000] {processor.py:208} INFO - Processing /home/ubuntu/airflow-venv/lib/python3.12/site-packages/airflow/example_dags/example_short_circuit_decorator.py took 0.047 seconds
[2026-02-26T05:43:58.393+0000] {processor.py:186} INFO - Started process (PID=3868) to work on /home/ubuntu/airflow-venv/lib/python3.12/site-packages/airflow/example_dags/example_short_circuit_decorator.py
[2026-02-26T05:43:58.394+0000] {processor.py:914} INFO - Processing file /home/ubuntu/airflow-venv/lib/python3.12/site-packages/airflow/example_dags/example_short_circuit_decorator.py for tasks to queue
[2026-02-26T05:43:58.396+0000] {logging_mixin.py:190} INFO - [2026-02-26T05:43:58.395+0000] {dagbag.py:588} INFO - Filling up the DagBag from /home/ubuntu/airflow-venv/lib/python3.12/site-packages/airflow/example_dags/example_short_circuit_decorator.py
[2026-02-26T05:43:58.402+0000] {processor.py:925} INFO - DAG(s) 'example_short_circuit_decorator' retrieved from /home/ubuntu/airflow-venv/lib/python3.12/site-packages/airflow/example_dags/example_short_circuit_decorator.py
[2026-02-26T05:43:58.413+0000] {logging_mixin.py:190} INFO - [2026-02-26T05:43:58.413+0000] {dag.py:3239} INFO - Sync 1 DAGs
[2026-02-26T05:43:58.421+0000] {logging_mixin.py:190} INFO - [2026-02-26T05:43:58.420+0000] {dag.py:4180} INFO - Setting next_dagrun for example_short_circuit_decorator to None, run_after=None
[2026-02-26T05:43:58.436+0000] {processor.py:208} INFO - Processing /home/ubuntu/airflow-venv/lib/python3.12/site-packages/airflow/example_dags/example_short_circuit_decorator.py took 0.046 seconds
[2026-02-26T05:44:45.651+0000] {processor.py:186} INFO - Started process (PID=3921) to work on /home/ubuntu/airflow-venv/lib/python3.12/site-packages/airflow/example_dags/example_short_circuit_decorator.py
[2026-02-26T05:44:45.652+0000] {processor.py:914} INFO - Processing file /home/ubuntu/airflow-venv/lib/python3.12/site-packages/airflow/example_dags/example_short_circuit_decorator.py for tasks to queue
[2026-02-26T05:44:45.654+0000] {logging_mixin.py:190} INFO - [2026-02-26T05:44:45.653+0000] {dagbag.py:588} INFO - Filling up the DagBag from /home/ubuntu/airflow-venv/lib/python3.12/site-packages/airflow/example_dags/example_short_circuit_decorator.py
[2026-02-26T05:44:45.660+0000] {processor.py:925} INFO - DAG(s) 'example_short_circuit_decorator' retrieved from /home/ubuntu/airflow-venv/lib/python3.12/site-packages/airflow/example_dags/example_short_circuit_decorator.py
[2026-02-26T05:44:45.671+0000] {logging_mixin.py:190} INFO - [2026-02-26T05:44:45.671+0000] {dag.py:3239} INFO - Sync 1 DAGs
[2026-02-26T05:44:45.678+0000] {logging_mixin.py:190} INFO - [2026-02-26T05:44:45.678+0000] {dag.py:4180} INFO - Setting next_dagrun for example_short_circuit_decorator to None, run_after=None
[2026-02-26T05:44:45.695+0000] {processor.py:208} INFO - Processing /home/ubuntu/airflow-venv/lib/python3.12/site-packages/airflow/example_dags/example_short_circuit_decorator.py took 0.047 seconds
[2026-02-26T06:13:54.540+0000] {processor.py:186} INFO - Started process (PID=2706) to work on /home/ubuntu/airflow-venv/lib/python3.12/site-packages/airflow/example_dags/example_short_circuit_decorator.py
[2026-02-26T06:13:54.542+0000] {processor.py:914} INFO - Processing file /home/ubuntu/airflow-venv/lib/python3.12/site-packages/airflow/example_dags/example_short_circuit_decorator.py for tasks to queue
[2026-02-26T06:13:54.543+0000] {logging_mixin.py:190} INFO - [2026-02-26T06:13:54.543+0000] {dagbag.py:588} INFO - Filling up the DagBag from /home/ubuntu/airflow-venv/lib/python3.12/site-packages/airflow/example_dags/example_short_circuit_decorator.py
[2026-02-26T06:13:54.549+0000] {processor.py:925} INFO - DAG(s) 'example_short_circuit_decorator' retrieved from /home/ubuntu/airflow-venv/lib/python3.12/site-packages/airflow/example_dags/example_short_circuit_decorator.py
[2026-02-26T06:13:54.562+0000] {logging_mixin.py:190} INFO - [2026-02-26T06:13:54.561+0000] {dag.py:3239} INFO - Sync 1 DAGs
[2026-02-26T06:13:54.570+0000] {logging_mixin.py:190} INFO - [2026-02-26T06:13:54.570+0000] {dag.py:4180} INFO - Setting next_dagrun for example_short_circuit_decorator to None, run_after=None
[2026-02-26T06:13:54.587+0000] {processor.py:208} INFO - Processing /home/ubuntu/airflow-venv/lib/python3.12/site-packages/airflow/example_dags/example_short_circuit_decorator.py took 0.051 seconds
[2026-02-26T06:14:54.844+0000] {processor.py:186} INFO - Started process (PID=2770) to work on /home/ubuntu/airflow-venv/lib/python3.12/site-packages/airflow/example_dags/example_short_circuit_decorator.py
[2026-02-26T06:14:54.845+0000] {processor.py:914} INFO - Processing file /home/ubuntu/airflow-venv/lib/python3.12/site-packages/airflow/example_dags/example_short_circuit_decorator.py for tasks to queue
[2026-02-26T06:14:54.847+0000] {logging_mixin.py:190} INFO - [2026-02-26T06:14:54.846+0000] {dagbag.py:588} INFO - Filling up the DagBag from /home/ubuntu/airflow-venv/lib/python3.12/site-packages/airflow/example_dags/example_short_circuit_decorator.py
[2026-02-26T06:14:54.853+0000] {processor.py:925} INFO - DAG(s) 'example_short_circuit_decorator' retrieved from /home/ubuntu/airflow-venv/lib/python3.12/site-packages/airflow/example_dags/example_short_circuit_decorator.py
[2026-02-26T06:14:54.864+0000] {logging_mixin.py:190} INFO - [2026-02-26T06:14:54.864+0000] {dag.py:3239} INFO - Sync 1 DAGs
[2026-02-26T06:14:54.872+0000] {logging_mixin.py:190} INFO - [2026-02-26T06:14:54.872+0000] {dag.py:4180} INFO - Setting next_dagrun for example_short_circuit_decorator to None, run_after=None
[2026-02-26T06:14:54.889+0000] {processor.py:208} INFO - Processing /home/ubuntu/airflow-venv/lib/python3.12/site-packages/airflow/example_dags/example_short_circuit_decorator.py took 0.048 seconds
[2026-02-26T06:15:51.208+0000] {processor.py:186} INFO - Started process (PID=2837) to work on /home/ubuntu/airflow-venv/lib/python3.12/site-packages/airflow/example_dags/example_short_circuit_decorator.py
[2026-02-26T06:15:51.209+0000] {processor.py:914} INFO - Processing file /home/ubuntu/airflow-venv/lib/python3.12/site-packages/airflow/example_dags/example_short_circuit_decorator.py for tasks to queue
[2026-02-26T06:15:51.210+0000] {logging_mixin.py:190} INFO - [2026-02-26T06:15:51.210+0000] {dagbag.py:588} INFO - Filling up the DagBag from /home/ubuntu/airflow-venv/lib/python3.12/site-packages/airflow/example_dags/example_short_circuit_decorator.py
[2026-02-26T06:15:51.217+0000] {processor.py:925} INFO - DAG(s) 'example_short_circuit_decorator' retrieved from /home/ubuntu/airflow-venv/lib/python3.12/site-packages/airflow/example_dags/example_short_circuit_decorator.py
[2026-02-26T06:15:51.228+0000] {logging_mixin.py:190} INFO - [2026-02-26T06:15:51.228+0000] {dag.py:3239} INFO - Sync 1 DAGs
[2026-02-26T06:15:51.236+0000] {logging_mixin.py:190} INFO - [2026-02-26T06:15:51.236+0000] {dag.py:4180} INFO - Setting next_dagrun for example_short_circuit_decorator to None, run_after=None
[2026-02-26T06:15:51.252+0000] {processor.py:208} INFO - Processing /home/ubuntu/airflow-venv/lib/python3.12/site-packages/airflow/example_dags/example_short_circuit_decorator.py took 0.048 seconds
[2026-02-26T06:16:44.856+0000] {processor.py:186} INFO - Started process (PID=2893) to work on /home/ubuntu/airflow-venv/lib/python3.12/site-packages/airflow/example_dags/example_short_circuit_decorator.py
[2026-02-26T06:16:44.857+0000] {processor.py:914} INFO - Processing file /home/ubuntu/airflow-venv/lib/python3.12/site-packages/airflow/example_dags/example_short_circuit_decorator.py for tasks to queue
[2026-02-26T06:16:44.858+0000] {logging_mixin.py:190} INFO - [2026-02-26T06:16:44.858+0000] {dagbag.py:588} INFO - Filling up the DagBag from /home/ubuntu/airflow-venv/lib/python3.12/site-packages/airflow/example_dags/example_short_circuit_decorator.py
[2026-02-26T06:16:44.865+0000] {processor.py:925} INFO - DAG(s) 'example_short_circuit_decorator' retrieved from /home/ubuntu/airflow-venv/lib/python3.12/site-packages/airflow/example_dags/example_short_circuit_decorator.py
[2026-02-26T06:16:44.877+0000] {logging_mixin.py:190} INFO - [2026-02-26T06:16:44.877+0000] {dag.py:3239} INFO - Sync 1 DAGs
[2026-02-26T06:16:44.884+0000] {logging_mixin.py:190} INFO - [2026-02-26T06:16:44.884+0000] {dag.py:4180} INFO - Setting next_dagrun for example_short_circuit_decorator to None, run_after=None
[2026-02-26T06:16:44.901+0000] {processor.py:208} INFO - Processing /home/ubuntu/airflow-venv/lib/python3.12/site-packages/airflow/example_dags/example_short_circuit_decorator.py took 0.049 seconds
[2026-02-26T06:17:39.061+0000] {processor.py:186} INFO - Started process (PID=2954) to work on /home/ubuntu/airflow-venv/lib/python3.12/site-packages/airflow/example_dags/example_short_circuit_decorator.py
[2026-02-26T06:17:39.062+0000] {processor.py:914} INFO - Processing file /home/ubuntu/airflow-venv/lib/python3.12/site-packages/airflow/example_dags/example_short_circuit_decorator.py for tasks to queue
[2026-02-26T06:17:39.063+0000] {logging_mixin.py:190} INFO - [2026-02-26T06:17:39.063+0000] {dagbag.py:588} INFO - Filling up the DagBag from /home/ubuntu/airflow-venv/lib/python3.12/site-packages/airflow/example_dags/example_short_circuit_decorator.py
[2026-02-26T06:17:39.070+0000] {processor.py:925} INFO - DAG(s) 'example_short_circuit_decorator' retrieved from /home/ubuntu/airflow-venv/lib/python3.12/site-packages/airflow/example_dags/example_short_circuit_decorator.py
[2026-02-26T06:17:39.082+0000] {logging_mixin.py:190} INFO - [2026-02-26T06:17:39.081+0000] {dag.py:3239} INFO - Sync 1 DAGs
[2026-02-26T06:17:39.090+0000] {logging_mixin.py:190} INFO - [2026-02-26T06:17:39.090+0000] {dag.py:4180} INFO - Setting next_dagrun for example_short_circuit_decorator to None, run_after=None
[2026-02-26T06:17:39.105+0000] {processor.py:208} INFO - Processing /home/ubuntu/airflow-venv/lib/python3.12/site-packages/airflow/example_dags/example_short_circuit_decorator.py took 0.048 seconds
[2026-02-26T06:18:31.106+0000] {processor.py:186} INFO - Started process (PID=3007) to work on /home/ubuntu/airflow-venv/lib/python3.12/site-packages/airflow/example_dags/example_short_circuit_decorator.py
[2026-02-26T06:18:31.107+0000] {processor.py:914} INFO - Processing file /home/ubuntu/airflow-venv/lib/python3.12/site-packages/airflow/example_dags/example_short_circuit_decorator.py for tasks to queue
[2026-02-26T06:18:31.109+0000] {logging_mixin.py:190} INFO - [2026-02-26T06:18:31.108+0000] {dagbag.py:588} INFO - Filling up the DagBag from /home/ubuntu/airflow-venv/lib/python3.12/site-packages/airflow/example_dags/example_short_circuit_decorator.py
[2026-02-26T06:18:31.115+0000] {processor.py:925} INFO - DAG(s) 'example_short_circuit_decorator' retrieved from /home/ubuntu/airflow-venv/lib/python3.12/site-packages/airflow/example_dags/example_short_circuit_decorator.py
[2026-02-26T06:18:31.127+0000] {logging_mixin.py:190} INFO - [2026-02-26T06:18:31.127+0000] {dag.py:3239} INFO - Sync 1 DAGs
[2026-02-26T06:18:31.135+0000] {logging_mixin.py:190} INFO - [2026-02-26T06:18:31.135+0000] {dag.py:4180} INFO - Setting next_dagrun for example_short_circuit_decorator to None, run_after=None
[2026-02-26T06:18:31.152+0000] {processor.py:208} INFO - Processing /home/ubuntu/airflow-venv/lib/python3.12/site-packages/airflow/example_dags/example_short_circuit_decorator.py took 0.050 seconds
[2026-02-26T06:19:29.840+0000] {processor.py:186} INFO - Started process (PID=3063) to work on /home/ubuntu/airflow-venv/lib/python3.12/site-packages/airflow/example_dags/example_short_circuit_decorator.py
[2026-02-26T06:19:29.841+0000] {processor.py:914} INFO - Processing file /home/ubuntu/airflow-venv/lib/python3.12/site-packages/airflow/example_dags/example_short_circuit_decorator.py for tasks to queue
[2026-02-26T06:19:29.842+0000] {logging_mixin.py:190} INFO - [2026-02-26T06:19:29.842+0000] {dagbag.py:588} INFO - Filling up the DagBag from /home/ubuntu/airflow-venv/lib/python3.12/site-packages/airflow/example_dags/example_short_circuit_decorator.py
[2026-02-26T06:19:29.930+0000] {processor.py:925} INFO - DAG(s) 'example_short_circuit_decorator' retrieved from /home/ubuntu/airflow-venv/lib/python3.12/site-packages/airflow/example_dags/example_short_circuit_decorator.py
[2026-02-26T06:19:29.938+0000] {logging_mixin.py:190} INFO - [2026-02-26T06:19:29.938+0000] {dag.py:3239} INFO - Sync 1 DAGs
[2026-02-26T06:19:29.945+0000] {logging_mixin.py:190} INFO - [2026-02-26T06:19:29.944+0000] {dag.py:4180} INFO - Setting next_dagrun for example_short_circuit_decorator to None, run_after=None
[2026-02-26T06:19:29.961+0000] {processor.py:208} INFO - Processing /home/ubuntu/airflow-venv/lib/python3.12/site-packages/airflow/example_dags/example_short_circuit_decorator.py took 0.125 seconds
[2026-02-26T06:20:23.067+0000] {processor.py:186} INFO - Started process (PID=3118) to work on /home/ubuntu/airflow-venv/lib/python3.12/site-packages/airflow/example_dags/example_short_circuit_decorator.py
[2026-02-26T06:20:23.068+0000] {processor.py:914} INFO - Processing file /home/ubuntu/airflow-venv/lib/python3.12/site-packages/airflow/example_dags/example_short_circuit_decorator.py for tasks to queue
[2026-02-26T06:20:23.069+0000] {logging_mixin.py:190} INFO - [2026-02-26T06:20:23.069+0000] {dagbag.py:588} INFO - Filling up the DagBag from /home/ubuntu/airflow-venv/lib/python3.12/site-packages/airflow/example_dags/example_short_circuit_decorator.py
[2026-02-26T06:20:23.076+0000] {processor.py:925} INFO - DAG(s) 'example_short_circuit_decorator' retrieved from /home/ubuntu/airflow-venv/lib/python3.12/site-packages/airflow/example_dags/example_short_circuit_decorator.py
[2026-02-26T06:20:23.088+0000] {logging_mixin.py:190} INFO - [2026-02-26T06:20:23.088+0000] {dag.py:3239} INFO - Sync 1 DAGs
[2026-02-26T06:20:23.096+0000] {logging_mixin.py:190} INFO - [2026-02-26T06:20:23.096+0000] {dag.py:4180} INFO - Setting next_dagrun for example_short_circuit_decorator to None, run_after=None
[2026-02-26T06:20:23.114+0000] {processor.py:208} INFO - Processing /home/ubuntu/airflow-venv/lib/python3.12/site-packages/airflow/example_dags/example_short_circuit_decorator.py took 0.051 seconds
[2026-02-26T06:21:11.537+0000] {processor.py:186} INFO - Started process (PID=3173) to work on /home/ubuntu/airflow-venv/lib/python3.12/site-packages/airflow/example_dags/example_short_circuit_decorator.py
[2026-02-26T06:21:11.538+0000] {processor.py:914} INFO - Processing file /home/ubuntu/airflow-venv/lib/python3.12/site-packages/airflow/example_dags/example_short_circuit_decorator.py for tasks to queue
[2026-02-26T06:21:11.539+0000] {logging_mixin.py:190} INFO - [2026-02-26T06:21:11.539+0000] {dagbag.py:588} INFO - Filling up the DagBag from /home/ubuntu/airflow-venv/lib/python3.12/site-packages/airflow/example_dags/example_short_circuit_decorator.py
[2026-02-26T06:21:11.546+0000] {processor.py:925} INFO - DAG(s) 'example_short_circuit_decorator' retrieved from /home/ubuntu/airflow-venv/lib/python3.12/site-packages/airflow/example_dags/example_short_circuit_decorator.py
[2026-02-26T06:21:11.558+0000] {logging_mixin.py:190} INFO - [2026-02-26T06:21:11.557+0000] {dag.py:3239} INFO - Sync 1 DAGs
[2026-02-26T06:21:11.566+0000] {logging_mixin.py:190} INFO - [2026-02-26T06:21:11.565+0000] {dag.py:4180} INFO - Setting next_dagrun for example_short_circuit_decorator to None, run_after=None
[2026-02-26T06:21:11.583+0000] {processor.py:208} INFO - Processing /home/ubuntu/airflow-venv/lib/python3.12/site-packages/airflow/example_dags/example_short_circuit_decorator.py took 0.050 seconds
[2026-02-26T06:22:00.661+0000] {processor.py:186} INFO - Started process (PID=3226) to work on /home/ubuntu/airflow-venv/lib/python3.12/site-packages/airflow/example_dags/example_short_circuit_decorator.py
[2026-02-26T06:22:00.662+0000] {processor.py:914} INFO - Processing file /home/ubuntu/airflow-venv/lib/python3.12/site-packages/airflow/example_dags/example_short_circuit_decorator.py for tasks to queue
[2026-02-26T06:22:00.664+0000] {logging_mixin.py:190} INFO - [2026-02-26T06:22:00.664+0000] {dagbag.py:588} INFO - Filling up the DagBag from /home/ubuntu/airflow-venv/lib/python3.12/site-packages/airflow/example_dags/example_short_circuit_decorator.py
[2026-02-26T06:22:00.670+0000] {processor.py:925} INFO - DAG(s) 'example_short_circuit_decorator' retrieved from /home/ubuntu/airflow-venv/lib/python3.12/site-packages/airflow/example_dags/example_short_circuit_decorator.py
[2026-02-26T06:22:00.682+0000] {logging_mixin.py:190} INFO - [2026-02-26T06:22:00.682+0000] {dag.py:3239} INFO - Sync 1 DAGs
[2026-02-26T06:22:00.690+0000] {logging_mixin.py:190} INFO - [2026-02-26T06:22:00.690+0000] {dag.py:4180} INFO - Setting next_dagrun for example_short_circuit_decorator to None, run_after=None
[2026-02-26T06:22:00.707+0000] {processor.py:208} INFO - Processing /home/ubuntu/airflow-venv/lib/python3.12/site-packages/airflow/example_dags/example_short_circuit_decorator.py took 0.050 seconds
[2026-02-26T06:22:51.702+0000] {processor.py:186} INFO - Started process (PID=3281) to work on /home/ubuntu/airflow-venv/lib/python3.12/site-packages/airflow/example_dags/example_short_circuit_decorator.py
[2026-02-26T06:22:51.703+0000] {processor.py:914} INFO - Processing file /home/ubuntu/airflow-venv/lib/python3.12/site-packages/airflow/example_dags/example_short_circuit_decorator.py for tasks to queue
[2026-02-26T06:22:51.705+0000] {logging_mixin.py:190} INFO - [2026-02-26T06:22:51.705+0000] {dagbag.py:588} INFO - Filling up the DagBag from /home/ubuntu/airflow-venv/lib/python3.12/site-packages/airflow/example_dags/example_short_circuit_decorator.py
[2026-02-26T06:22:51.712+0000] {processor.py:925} INFO - DAG(s) 'example_short_circuit_decorator' retrieved from /home/ubuntu/airflow-venv/lib/python3.12/site-packages/airflow/example_dags/example_short_circuit_decorator.py
[2026-02-26T06:22:51.723+0000] {logging_mixin.py:190} INFO - [2026-02-26T06:22:51.723+0000] {dag.py:3239} INFO - Sync 1 DAGs
[2026-02-26T06:22:51.732+0000] {logging_mixin.py:190} INFO - [2026-02-26T06:22:51.731+0000] {dag.py:4180} INFO - Setting next_dagrun for example_short_circuit_decorator to None, run_after=None
[2026-02-26T06:22:51.749+0000] {processor.py:208} INFO - Processing /home/ubuntu/airflow-venv/lib/python3.12/site-packages/airflow/example_dags/example_short_circuit_decorator.py took 0.050 seconds
[2026-02-26T06:23:44.410+0000] {processor.py:186} INFO - Started process (PID=3334) to work on /home/ubuntu/airflow-venv/lib/python3.12/site-packages/airflow/example_dags/example_short_circuit_decorator.py
[2026-02-26T06:23:44.411+0000] {processor.py:914} INFO - Processing file /home/ubuntu/airflow-venv/lib/python3.12/site-packages/airflow/example_dags/example_short_circuit_decorator.py for tasks to queue
[2026-02-26T06:23:44.412+0000] {logging_mixin.py:190} INFO - [2026-02-26T06:23:44.412+0000] {dagbag.py:588} INFO - Filling up the DagBag from /home/ubuntu/airflow-venv/lib/python3.12/site-packages/airflow/example_dags/example_short_circuit_decorator.py
[2026-02-26T06:23:44.419+0000] {processor.py:925} INFO - DAG(s) 'example_short_circuit_decorator' retrieved from /home/ubuntu/airflow-venv/lib/python3.12/site-packages/airflow/example_dags/example_short_circuit_decorator.py
[2026-02-26T06:23:44.431+0000] {logging_mixin.py:190} INFO - [2026-02-26T06:23:44.431+0000] {dag.py:3239} INFO - Sync 1 DAGs
[2026-02-26T06:23:44.439+0000] {logging_mixin.py:190} INFO - [2026-02-26T06:23:44.439+0000] {dag.py:4180} INFO - Setting next_dagrun for example_short_circuit_decorator to None, run_after=None
[2026-02-26T06:23:44.457+0000] {processor.py:208} INFO - Processing /home/ubuntu/airflow-venv/lib/python3.12/site-packages/airflow/example_dags/example_short_circuit_decorator.py took 0.051 seconds
