[2026-02-26T05:23:06.348+0000] {processor.py:186} INFO - Started process (PID=2153) to work on /home/ubuntu/airflow-venv/lib/python3.12/site-packages/airflow/example_dags/example_inlet_event_extra.py
[2026-02-26T05:23:06.349+0000] {processor.py:914} INFO - Processing file /home/ubuntu/airflow-venv/lib/python3.12/site-packages/airflow/example_dags/example_inlet_event_extra.py for tasks to queue
[2026-02-26T05:23:06.350+0000] {logging_mixin.py:190} INFO - [2026-02-26T05:23:06.350+0000] {dagbag.py:588} INFO - Filling up the DagBag from /home/ubuntu/airflow-venv/lib/python3.12/site-packages/airflow/example_dags/example_inlet_event_extra.py
[2026-02-26T05:23:06.357+0000] {processor.py:925} INFO - DAG(s) 'read_dataset_event', 'read_dataset_event_from_classic' retrieved from /home/ubuntu/airflow-venv/lib/python3.12/site-packages/airflow/example_dags/example_inlet_event_extra.py
[2026-02-26T05:23:06.369+0000] {logging_mixin.py:190} INFO - [2026-02-26T05:23:06.369+0000] {dag.py:3239} INFO - Sync 2 DAGs
[2026-02-26T05:23:06.381+0000] {logging_mixin.py:190} INFO - [2026-02-26T05:23:06.381+0000] {dag.py:4180} INFO - Setting next_dagrun for read_dataset_event to 2026-02-25 00:00:00+00:00, run_after=2026-02-26 00:00:00+00:00
[2026-02-26T05:23:06.383+0000] {logging_mixin.py:190} INFO - [2026-02-26T05:23:06.383+0000] {dag.py:4180} INFO - Setting next_dagrun for read_dataset_event_from_classic to 2026-02-25 00:00:00+00:00, run_after=2026-02-26 00:00:00+00:00
[2026-02-26T05:23:06.398+0000] {processor.py:208} INFO - Processing /home/ubuntu/airflow-venv/lib/python3.12/site-packages/airflow/example_dags/example_inlet_event_extra.py took 0.052 seconds
[2026-02-26T05:24:00.169+0000] {processor.py:186} INFO - Started process (PID=2210) to work on /home/ubuntu/airflow-venv/lib/python3.12/site-packages/airflow/example_dags/example_inlet_event_extra.py
[2026-02-26T05:24:00.170+0000] {processor.py:914} INFO - Processing file /home/ubuntu/airflow-venv/lib/python3.12/site-packages/airflow/example_dags/example_inlet_event_extra.py for tasks to queue
[2026-02-26T05:24:00.171+0000] {logging_mixin.py:190} INFO - [2026-02-26T05:24:00.171+0000] {dagbag.py:588} INFO - Filling up the DagBag from /home/ubuntu/airflow-venv/lib/python3.12/site-packages/airflow/example_dags/example_inlet_event_extra.py
[2026-02-26T05:24:00.178+0000] {processor.py:925} INFO - DAG(s) 'read_dataset_event_from_classic', 'read_dataset_event' retrieved from /home/ubuntu/airflow-venv/lib/python3.12/site-packages/airflow/example_dags/example_inlet_event_extra.py
[2026-02-26T05:24:00.188+0000] {logging_mixin.py:190} INFO - [2026-02-26T05:24:00.188+0000] {dag.py:3239} INFO - Sync 2 DAGs
[2026-02-26T05:24:00.201+0000] {logging_mixin.py:190} INFO - [2026-02-26T05:24:00.201+0000] {dag.py:4180} INFO - Setting next_dagrun for read_dataset_event to 2026-02-25 00:00:00+00:00, run_after=2026-02-26 00:00:00+00:00
[2026-02-26T05:24:00.203+0000] {logging_mixin.py:190} INFO - [2026-02-26T05:24:00.203+0000] {dag.py:4180} INFO - Setting next_dagrun for read_dataset_event_from_classic to 2026-02-25 00:00:00+00:00, run_after=2026-02-26 00:00:00+00:00
[2026-02-26T05:24:00.218+0000] {processor.py:208} INFO - Processing /home/ubuntu/airflow-venv/lib/python3.12/site-packages/airflow/example_dags/example_inlet_event_extra.py took 0.052 seconds
[2026-02-26T05:24:55.313+0000] {processor.py:186} INFO - Started process (PID=2267) to work on /home/ubuntu/airflow-venv/lib/python3.12/site-packages/airflow/example_dags/example_inlet_event_extra.py
[2026-02-26T05:24:55.314+0000] {processor.py:914} INFO - Processing file /home/ubuntu/airflow-venv/lib/python3.12/site-packages/airflow/example_dags/example_inlet_event_extra.py for tasks to queue
[2026-02-26T05:24:55.316+0000] {logging_mixin.py:190} INFO - [2026-02-26T05:24:55.315+0000] {dagbag.py:588} INFO - Filling up the DagBag from /home/ubuntu/airflow-venv/lib/python3.12/site-packages/airflow/example_dags/example_inlet_event_extra.py
[2026-02-26T05:24:55.323+0000] {processor.py:925} INFO - DAG(s) 'read_dataset_event_from_classic', 'read_dataset_event' retrieved from /home/ubuntu/airflow-venv/lib/python3.12/site-packages/airflow/example_dags/example_inlet_event_extra.py
[2026-02-26T05:24:55.333+0000] {logging_mixin.py:190} INFO - [2026-02-26T05:24:55.333+0000] {dag.py:3239} INFO - Sync 2 DAGs
[2026-02-26T05:24:55.345+0000] {logging_mixin.py:190} INFO - [2026-02-26T05:24:55.345+0000] {dag.py:4180} INFO - Setting next_dagrun for read_dataset_event to 2026-02-25 00:00:00+00:00, run_after=2026-02-26 00:00:00+00:00
[2026-02-26T05:24:55.348+0000] {logging_mixin.py:190} INFO - [2026-02-26T05:24:55.348+0000] {dag.py:4180} INFO - Setting next_dagrun for read_dataset_event_from_classic to 2026-02-25 00:00:00+00:00, run_after=2026-02-26 00:00:00+00:00
[2026-02-26T05:24:55.363+0000] {processor.py:208} INFO - Processing /home/ubuntu/airflow-venv/lib/python3.12/site-packages/airflow/example_dags/example_inlet_event_extra.py took 0.053 seconds
[2026-02-26T05:25:45.562+0000] {processor.py:186} INFO - Started process (PID=2332) to work on /home/ubuntu/airflow-venv/lib/python3.12/site-packages/airflow/example_dags/example_inlet_event_extra.py
[2026-02-26T05:25:45.563+0000] {processor.py:914} INFO - Processing file /home/ubuntu/airflow-venv/lib/python3.12/site-packages/airflow/example_dags/example_inlet_event_extra.py for tasks to queue
[2026-02-26T05:25:45.564+0000] {logging_mixin.py:190} INFO - [2026-02-26T05:25:45.564+0000] {dagbag.py:588} INFO - Filling up the DagBag from /home/ubuntu/airflow-venv/lib/python3.12/site-packages/airflow/example_dags/example_inlet_event_extra.py
[2026-02-26T05:25:45.572+0000] {processor.py:925} INFO - DAG(s) 'read_dataset_event_from_classic', 'read_dataset_event' retrieved from /home/ubuntu/airflow-venv/lib/python3.12/site-packages/airflow/example_dags/example_inlet_event_extra.py
[2026-02-26T05:25:45.582+0000] {logging_mixin.py:190} INFO - [2026-02-26T05:25:45.582+0000] {dag.py:3239} INFO - Sync 2 DAGs
[2026-02-26T05:25:45.594+0000] {logging_mixin.py:190} INFO - [2026-02-26T05:25:45.594+0000] {dag.py:4180} INFO - Setting next_dagrun for read_dataset_event to 2026-02-25 00:00:00+00:00, run_after=2026-02-26 00:00:00+00:00
[2026-02-26T05:25:45.596+0000] {logging_mixin.py:190} INFO - [2026-02-26T05:25:45.596+0000] {dag.py:4180} INFO - Setting next_dagrun for read_dataset_event_from_classic to 2026-02-25 00:00:00+00:00, run_after=2026-02-26 00:00:00+00:00
[2026-02-26T05:25:45.611+0000] {processor.py:208} INFO - Processing /home/ubuntu/airflow-venv/lib/python3.12/site-packages/airflow/example_dags/example_inlet_event_extra.py took 0.052 seconds
[2026-02-26T05:26:34.346+0000] {processor.py:186} INFO - Started process (PID=2392) to work on /home/ubuntu/airflow-venv/lib/python3.12/site-packages/airflow/example_dags/example_inlet_event_extra.py
[2026-02-26T05:26:34.347+0000] {processor.py:914} INFO - Processing file /home/ubuntu/airflow-venv/lib/python3.12/site-packages/airflow/example_dags/example_inlet_event_extra.py for tasks to queue
[2026-02-26T05:26:34.349+0000] {logging_mixin.py:190} INFO - [2026-02-26T05:26:34.348+0000] {dagbag.py:588} INFO - Filling up the DagBag from /home/ubuntu/airflow-venv/lib/python3.12/site-packages/airflow/example_dags/example_inlet_event_extra.py
[2026-02-26T05:26:34.356+0000] {processor.py:925} INFO - DAG(s) 'read_dataset_event_from_classic', 'read_dataset_event' retrieved from /home/ubuntu/airflow-venv/lib/python3.12/site-packages/airflow/example_dags/example_inlet_event_extra.py
[2026-02-26T05:26:34.366+0000] {logging_mixin.py:190} INFO - [2026-02-26T05:26:34.366+0000] {dag.py:3239} INFO - Sync 2 DAGs
[2026-02-26T05:26:34.378+0000] {logging_mixin.py:190} INFO - [2026-02-26T05:26:34.378+0000] {dag.py:4180} INFO - Setting next_dagrun for read_dataset_event to 2026-02-25 00:00:00+00:00, run_after=2026-02-26 00:00:00+00:00
[2026-02-26T05:26:34.381+0000] {logging_mixin.py:190} INFO - [2026-02-26T05:26:34.381+0000] {dag.py:4180} INFO - Setting next_dagrun for read_dataset_event_from_classic to 2026-02-25 00:00:00+00:00, run_after=2026-02-26 00:00:00+00:00
[2026-02-26T05:26:34.395+0000] {processor.py:208} INFO - Processing /home/ubuntu/airflow-venv/lib/python3.12/site-packages/airflow/example_dags/example_inlet_event_extra.py took 0.052 seconds
[2026-02-26T05:27:24.953+0000] {processor.py:186} INFO - Started process (PID=2809) to work on /home/ubuntu/airflow-venv/lib/python3.12/site-packages/airflow/example_dags/example_inlet_event_extra.py
[2026-02-26T05:27:24.955+0000] {processor.py:914} INFO - Processing file /home/ubuntu/airflow-venv/lib/python3.12/site-packages/airflow/example_dags/example_inlet_event_extra.py for tasks to queue
[2026-02-26T05:27:24.956+0000] {logging_mixin.py:190} INFO - [2026-02-26T05:27:24.956+0000] {dagbag.py:588} INFO - Filling up the DagBag from /home/ubuntu/airflow-venv/lib/python3.12/site-packages/airflow/example_dags/example_inlet_event_extra.py
[2026-02-26T05:27:24.963+0000] {processor.py:925} INFO - DAG(s) 'read_dataset_event', 'read_dataset_event_from_classic' retrieved from /home/ubuntu/airflow-venv/lib/python3.12/site-packages/airflow/example_dags/example_inlet_event_extra.py
[2026-02-26T05:27:24.973+0000] {logging_mixin.py:190} INFO - [2026-02-26T05:27:24.973+0000] {dag.py:3239} INFO - Sync 2 DAGs
[2026-02-26T05:27:24.986+0000] {logging_mixin.py:190} INFO - [2026-02-26T05:27:24.985+0000] {dag.py:4180} INFO - Setting next_dagrun for read_dataset_event to 2026-02-25 00:00:00+00:00, run_after=2026-02-26 00:00:00+00:00
[2026-02-26T05:27:24.988+0000] {logging_mixin.py:190} INFO - [2026-02-26T05:27:24.988+0000] {dag.py:4180} INFO - Setting next_dagrun for read_dataset_event_from_classic to 2026-02-25 00:00:00+00:00, run_after=2026-02-26 00:00:00+00:00
[2026-02-26T05:27:25.003+0000] {processor.py:208} INFO - Processing /home/ubuntu/airflow-venv/lib/python3.12/site-packages/airflow/example_dags/example_inlet_event_extra.py took 0.053 seconds
[2026-02-26T05:28:38.015+0000] {processor.py:186} INFO - Started process (PID=2886) to work on /home/ubuntu/airflow-venv/lib/python3.12/site-packages/airflow/example_dags/example_inlet_event_extra.py
[2026-02-26T05:28:38.016+0000] {processor.py:914} INFO - Processing file /home/ubuntu/airflow-venv/lib/python3.12/site-packages/airflow/example_dags/example_inlet_event_extra.py for tasks to queue
[2026-02-26T05:28:38.018+0000] {logging_mixin.py:190} INFO - [2026-02-26T05:28:38.017+0000] {dagbag.py:588} INFO - Filling up the DagBag from /home/ubuntu/airflow-venv/lib/python3.12/site-packages/airflow/example_dags/example_inlet_event_extra.py
[2026-02-26T05:28:38.094+0000] {processor.py:925} INFO - DAG(s) 'read_dataset_event_from_classic', 'read_dataset_event' retrieved from /home/ubuntu/airflow-venv/lib/python3.12/site-packages/airflow/example_dags/example_inlet_event_extra.py
[2026-02-26T05:28:38.101+0000] {logging_mixin.py:190} INFO - [2026-02-26T05:28:38.101+0000] {dag.py:3239} INFO - Sync 2 DAGs
[2026-02-26T05:28:38.111+0000] {logging_mixin.py:190} INFO - [2026-02-26T05:28:38.111+0000] {dag.py:4180} INFO - Setting next_dagrun for read_dataset_event to 2026-02-25 00:00:00+00:00, run_after=2026-02-26 00:00:00+00:00
[2026-02-26T05:28:38.114+0000] {logging_mixin.py:190} INFO - [2026-02-26T05:28:38.114+0000] {dag.py:4180} INFO - Setting next_dagrun for read_dataset_event_from_classic to 2026-02-25 00:00:00+00:00, run_after=2026-02-26 00:00:00+00:00
[2026-02-26T05:28:38.127+0000] {processor.py:208} INFO - Processing /home/ubuntu/airflow-venv/lib/python3.12/site-packages/airflow/example_dags/example_inlet_event_extra.py took 0.116 seconds
[2026-02-26T05:29:32.032+0000] {processor.py:186} INFO - Started process (PID=2940) to work on /home/ubuntu/airflow-venv/lib/python3.12/site-packages/airflow/example_dags/example_inlet_event_extra.py
[2026-02-26T05:29:32.033+0000] {processor.py:914} INFO - Processing file /home/ubuntu/airflow-venv/lib/python3.12/site-packages/airflow/example_dags/example_inlet_event_extra.py for tasks to queue
[2026-02-26T05:29:32.035+0000] {logging_mixin.py:190} INFO - [2026-02-26T05:29:32.034+0000] {dagbag.py:588} INFO - Filling up the DagBag from /home/ubuntu/airflow-venv/lib/python3.12/site-packages/airflow/example_dags/example_inlet_event_extra.py
[2026-02-26T05:29:32.042+0000] {processor.py:925} INFO - DAG(s) 'read_dataset_event_from_classic', 'read_dataset_event' retrieved from /home/ubuntu/airflow-venv/lib/python3.12/site-packages/airflow/example_dags/example_inlet_event_extra.py
[2026-02-26T05:29:32.052+0000] {logging_mixin.py:190} INFO - [2026-02-26T05:29:32.052+0000] {dag.py:3239} INFO - Sync 2 DAGs
[2026-02-26T05:29:32.065+0000] {logging_mixin.py:190} INFO - [2026-02-26T05:29:32.065+0000] {dag.py:4180} INFO - Setting next_dagrun for read_dataset_event to 2026-02-25 00:00:00+00:00, run_after=2026-02-26 00:00:00+00:00
[2026-02-26T05:29:32.068+0000] {logging_mixin.py:190} INFO - [2026-02-26T05:29:32.068+0000] {dag.py:4180} INFO - Setting next_dagrun for read_dataset_event_from_classic to 2026-02-25 00:00:00+00:00, run_after=2026-02-26 00:00:00+00:00
[2026-02-26T05:29:32.083+0000] {processor.py:208} INFO - Processing /home/ubuntu/airflow-venv/lib/python3.12/site-packages/airflow/example_dags/example_inlet_event_extra.py took 0.055 seconds
[2026-02-26T05:30:26.568+0000] {processor.py:186} INFO - Started process (PID=3001) to work on /home/ubuntu/airflow-venv/lib/python3.12/site-packages/airflow/example_dags/example_inlet_event_extra.py
[2026-02-26T05:30:26.569+0000] {processor.py:914} INFO - Processing file /home/ubuntu/airflow-venv/lib/python3.12/site-packages/airflow/example_dags/example_inlet_event_extra.py for tasks to queue
[2026-02-26T05:30:26.570+0000] {logging_mixin.py:190} INFO - [2026-02-26T05:30:26.570+0000] {dagbag.py:588} INFO - Filling up the DagBag from /home/ubuntu/airflow-venv/lib/python3.12/site-packages/airflow/example_dags/example_inlet_event_extra.py
[2026-02-26T05:30:26.578+0000] {processor.py:925} INFO - DAG(s) 'read_dataset_event_from_classic', 'read_dataset_event' retrieved from /home/ubuntu/airflow-venv/lib/python3.12/site-packages/airflow/example_dags/example_inlet_event_extra.py
[2026-02-26T05:30:26.589+0000] {logging_mixin.py:190} INFO - [2026-02-26T05:30:26.588+0000] {dag.py:3239} INFO - Sync 2 DAGs
[2026-02-26T05:30:26.601+0000] {logging_mixin.py:190} INFO - [2026-02-26T05:30:26.601+0000] {dag.py:4180} INFO - Setting next_dagrun for read_dataset_event to 2026-02-25 00:00:00+00:00, run_after=2026-02-26 00:00:00+00:00
[2026-02-26T05:30:26.604+0000] {logging_mixin.py:190} INFO - [2026-02-26T05:30:26.604+0000] {dag.py:4180} INFO - Setting next_dagrun for read_dataset_event_from_classic to 2026-02-25 00:00:00+00:00, run_after=2026-02-26 00:00:00+00:00
[2026-02-26T05:30:26.619+0000] {processor.py:208} INFO - Processing /home/ubuntu/airflow-venv/lib/python3.12/site-packages/airflow/example_dags/example_inlet_event_extra.py took 0.056 seconds
[2026-02-26T05:31:15.966+0000] {processor.py:186} INFO - Started process (PID=3052) to work on /home/ubuntu/airflow-venv/lib/python3.12/site-packages/airflow/example_dags/example_inlet_event_extra.py
[2026-02-26T05:31:15.967+0000] {processor.py:914} INFO - Processing file /home/ubuntu/airflow-venv/lib/python3.12/site-packages/airflow/example_dags/example_inlet_event_extra.py for tasks to queue
[2026-02-26T05:31:15.968+0000] {logging_mixin.py:190} INFO - [2026-02-26T05:31:15.968+0000] {dagbag.py:588} INFO - Filling up the DagBag from /home/ubuntu/airflow-venv/lib/python3.12/site-packages/airflow/example_dags/example_inlet_event_extra.py
[2026-02-26T05:31:15.976+0000] {processor.py:925} INFO - DAG(s) 'read_dataset_event', 'read_dataset_event_from_classic' retrieved from /home/ubuntu/airflow-venv/lib/python3.12/site-packages/airflow/example_dags/example_inlet_event_extra.py
[2026-02-26T05:31:15.986+0000] {logging_mixin.py:190} INFO - [2026-02-26T05:31:15.986+0000] {dag.py:3239} INFO - Sync 2 DAGs
[2026-02-26T05:31:15.998+0000] {logging_mixin.py:190} INFO - [2026-02-26T05:31:15.998+0000] {dag.py:4180} INFO - Setting next_dagrun for read_dataset_event to 2026-02-25 00:00:00+00:00, run_after=2026-02-26 00:00:00+00:00
[2026-02-26T05:31:16.001+0000] {logging_mixin.py:190} INFO - [2026-02-26T05:31:16.000+0000] {dag.py:4180} INFO - Setting next_dagrun for read_dataset_event_from_classic to 2026-02-25 00:00:00+00:00, run_after=2026-02-26 00:00:00+00:00
[2026-02-26T05:31:16.015+0000] {processor.py:208} INFO - Processing /home/ubuntu/airflow-venv/lib/python3.12/site-packages/airflow/example_dags/example_inlet_event_extra.py took 0.053 seconds
[2026-02-26T05:32:07.692+0000] {processor.py:186} INFO - Started process (PID=3105) to work on /home/ubuntu/airflow-venv/lib/python3.12/site-packages/airflow/example_dags/example_inlet_event_extra.py
[2026-02-26T05:32:07.694+0000] {processor.py:914} INFO - Processing file /home/ubuntu/airflow-venv/lib/python3.12/site-packages/airflow/example_dags/example_inlet_event_extra.py for tasks to queue
[2026-02-26T05:32:07.695+0000] {logging_mixin.py:190} INFO - [2026-02-26T05:32:07.695+0000] {dagbag.py:588} INFO - Filling up the DagBag from /home/ubuntu/airflow-venv/lib/python3.12/site-packages/airflow/example_dags/example_inlet_event_extra.py
[2026-02-26T05:32:07.703+0000] {processor.py:925} INFO - DAG(s) 'read_dataset_event_from_classic', 'read_dataset_event' retrieved from /home/ubuntu/airflow-venv/lib/python3.12/site-packages/airflow/example_dags/example_inlet_event_extra.py
[2026-02-26T05:32:07.713+0000] {logging_mixin.py:190} INFO - [2026-02-26T05:32:07.713+0000] {dag.py:3239} INFO - Sync 2 DAGs
[2026-02-26T05:32:07.726+0000] {logging_mixin.py:190} INFO - [2026-02-26T05:32:07.726+0000] {dag.py:4180} INFO - Setting next_dagrun for read_dataset_event to 2026-02-25 00:00:00+00:00, run_after=2026-02-26 00:00:00+00:00
[2026-02-26T05:32:07.729+0000] {logging_mixin.py:190} INFO - [2026-02-26T05:32:07.729+0000] {dag.py:4180} INFO - Setting next_dagrun for read_dataset_event_from_classic to 2026-02-25 00:00:00+00:00, run_after=2026-02-26 00:00:00+00:00
[2026-02-26T05:32:07.743+0000] {processor.py:208} INFO - Processing /home/ubuntu/airflow-venv/lib/python3.12/site-packages/airflow/example_dags/example_inlet_event_extra.py took 0.054 seconds
[2026-02-26T05:32:58.319+0000] {processor.py:186} INFO - Started process (PID=3159) to work on /home/ubuntu/airflow-venv/lib/python3.12/site-packages/airflow/example_dags/example_inlet_event_extra.py
[2026-02-26T05:32:58.320+0000] {processor.py:914} INFO - Processing file /home/ubuntu/airflow-venv/lib/python3.12/site-packages/airflow/example_dags/example_inlet_event_extra.py for tasks to queue
[2026-02-26T05:32:58.322+0000] {logging_mixin.py:190} INFO - [2026-02-26T05:32:58.322+0000] {dagbag.py:588} INFO - Filling up the DagBag from /home/ubuntu/airflow-venv/lib/python3.12/site-packages/airflow/example_dags/example_inlet_event_extra.py
[2026-02-26T05:32:58.330+0000] {processor.py:925} INFO - DAG(s) 'read_dataset_event_from_classic', 'read_dataset_event' retrieved from /home/ubuntu/airflow-venv/lib/python3.12/site-packages/airflow/example_dags/example_inlet_event_extra.py
[2026-02-26T05:32:58.340+0000] {logging_mixin.py:190} INFO - [2026-02-26T05:32:58.340+0000] {dag.py:3239} INFO - Sync 2 DAGs
[2026-02-26T05:32:58.353+0000] {logging_mixin.py:190} INFO - [2026-02-26T05:32:58.353+0000] {dag.py:4180} INFO - Setting next_dagrun for read_dataset_event to 2026-02-25 00:00:00+00:00, run_after=2026-02-26 00:00:00+00:00
[2026-02-26T05:32:58.356+0000] {logging_mixin.py:190} INFO - [2026-02-26T05:32:58.356+0000] {dag.py:4180} INFO - Setting next_dagrun for read_dataset_event_from_classic to 2026-02-25 00:00:00+00:00, run_after=2026-02-26 00:00:00+00:00
[2026-02-26T05:32:58.371+0000] {processor.py:208} INFO - Processing /home/ubuntu/airflow-venv/lib/python3.12/site-packages/airflow/example_dags/example_inlet_event_extra.py took 0.055 seconds
[2026-02-26T05:33:46.909+0000] {processor.py:186} INFO - Started process (PID=3209) to work on /home/ubuntu/airflow-venv/lib/python3.12/site-packages/airflow/example_dags/example_inlet_event_extra.py
[2026-02-26T05:33:46.910+0000] {processor.py:914} INFO - Processing file /home/ubuntu/airflow-venv/lib/python3.12/site-packages/airflow/example_dags/example_inlet_event_extra.py for tasks to queue
[2026-02-26T05:33:46.912+0000] {logging_mixin.py:190} INFO - [2026-02-26T05:33:46.912+0000] {dagbag.py:588} INFO - Filling up the DagBag from /home/ubuntu/airflow-venv/lib/python3.12/site-packages/airflow/example_dags/example_inlet_event_extra.py
[2026-02-26T05:33:46.919+0000] {processor.py:925} INFO - DAG(s) 'read_dataset_event', 'read_dataset_event_from_classic' retrieved from /home/ubuntu/airflow-venv/lib/python3.12/site-packages/airflow/example_dags/example_inlet_event_extra.py
[2026-02-26T05:33:46.929+0000] {logging_mixin.py:190} INFO - [2026-02-26T05:33:46.929+0000] {dag.py:3239} INFO - Sync 2 DAGs
[2026-02-26T05:33:46.941+0000] {logging_mixin.py:190} INFO - [2026-02-26T05:33:46.941+0000] {dag.py:4180} INFO - Setting next_dagrun for read_dataset_event to 2026-02-25 00:00:00+00:00, run_after=2026-02-26 00:00:00+00:00
[2026-02-26T05:33:46.944+0000] {logging_mixin.py:190} INFO - [2026-02-26T05:33:46.944+0000] {dag.py:4180} INFO - Setting next_dagrun for read_dataset_event_from_classic to 2026-02-25 00:00:00+00:00, run_after=2026-02-26 00:00:00+00:00
[2026-02-26T05:33:46.959+0000] {processor.py:208} INFO - Processing /home/ubuntu/airflow-venv/lib/python3.12/site-packages/airflow/example_dags/example_inlet_event_extra.py took 0.053 seconds
[2026-02-26T05:34:34.899+0000] {processor.py:186} INFO - Started process (PID=3263) to work on /home/ubuntu/airflow-venv/lib/python3.12/site-packages/airflow/example_dags/example_inlet_event_extra.py
[2026-02-26T05:34:34.901+0000] {processor.py:914} INFO - Processing file /home/ubuntu/airflow-venv/lib/python3.12/site-packages/airflow/example_dags/example_inlet_event_extra.py for tasks to queue
[2026-02-26T05:34:34.902+0000] {logging_mixin.py:190} INFO - [2026-02-26T05:34:34.902+0000] {dagbag.py:588} INFO - Filling up the DagBag from /home/ubuntu/airflow-venv/lib/python3.12/site-packages/airflow/example_dags/example_inlet_event_extra.py
[2026-02-26T05:34:34.910+0000] {processor.py:925} INFO - DAG(s) 'read_dataset_event_from_classic', 'read_dataset_event' retrieved from /home/ubuntu/airflow-venv/lib/python3.12/site-packages/airflow/example_dags/example_inlet_event_extra.py
[2026-02-26T05:34:34.920+0000] {logging_mixin.py:190} INFO - [2026-02-26T05:34:34.920+0000] {dag.py:3239} INFO - Sync 2 DAGs
[2026-02-26T05:34:34.933+0000] {logging_mixin.py:190} INFO - [2026-02-26T05:34:34.933+0000] {dag.py:4180} INFO - Setting next_dagrun for read_dataset_event to 2026-02-25 00:00:00+00:00, run_after=2026-02-26 00:00:00+00:00
[2026-02-26T05:34:34.935+0000] {logging_mixin.py:190} INFO - [2026-02-26T05:34:34.935+0000] {dag.py:4180} INFO - Setting next_dagrun for read_dataset_event_from_classic to 2026-02-25 00:00:00+00:00, run_after=2026-02-26 00:00:00+00:00
[2026-02-26T05:34:34.950+0000] {processor.py:208} INFO - Processing /home/ubuntu/airflow-venv/lib/python3.12/site-packages/airflow/example_dags/example_inlet_event_extra.py took 0.054 seconds
[2026-02-26T05:35:28.483+0000] {processor.py:186} INFO - Started process (PID=3326) to work on /home/ubuntu/airflow-venv/lib/python3.12/site-packages/airflow/example_dags/example_inlet_event_extra.py
[2026-02-26T05:35:28.484+0000] {processor.py:914} INFO - Processing file /home/ubuntu/airflow-venv/lib/python3.12/site-packages/airflow/example_dags/example_inlet_event_extra.py for tasks to queue
[2026-02-26T05:35:28.485+0000] {logging_mixin.py:190} INFO - [2026-02-26T05:35:28.485+0000] {dagbag.py:588} INFO - Filling up the DagBag from /home/ubuntu/airflow-venv/lib/python3.12/site-packages/airflow/example_dags/example_inlet_event_extra.py
[2026-02-26T05:35:28.493+0000] {processor.py:925} INFO - DAG(s) 'read_dataset_event_from_classic', 'read_dataset_event' retrieved from /home/ubuntu/airflow-venv/lib/python3.12/site-packages/airflow/example_dags/example_inlet_event_extra.py
[2026-02-26T05:35:28.503+0000] {logging_mixin.py:190} INFO - [2026-02-26T05:35:28.503+0000] {dag.py:3239} INFO - Sync 2 DAGs
[2026-02-26T05:35:28.515+0000] {logging_mixin.py:190} INFO - [2026-02-26T05:35:28.515+0000] {dag.py:4180} INFO - Setting next_dagrun for read_dataset_event to 2026-02-25 00:00:00+00:00, run_after=2026-02-26 00:00:00+00:00
[2026-02-26T05:35:28.517+0000] {logging_mixin.py:190} INFO - [2026-02-26T05:35:28.517+0000] {dag.py:4180} INFO - Setting next_dagrun for read_dataset_event_from_classic to 2026-02-25 00:00:00+00:00, run_after=2026-02-26 00:00:00+00:00
[2026-02-26T05:35:28.532+0000] {processor.py:208} INFO - Processing /home/ubuntu/airflow-venv/lib/python3.12/site-packages/airflow/example_dags/example_inlet_event_extra.py took 0.053 seconds
[2026-02-26T05:36:21.585+0000] {processor.py:186} INFO - Started process (PID=3384) to work on /home/ubuntu/airflow-venv/lib/python3.12/site-packages/airflow/example_dags/example_inlet_event_extra.py
[2026-02-26T05:36:21.586+0000] {processor.py:914} INFO - Processing file /home/ubuntu/airflow-venv/lib/python3.12/site-packages/airflow/example_dags/example_inlet_event_extra.py for tasks to queue
[2026-02-26T05:36:21.587+0000] {logging_mixin.py:190} INFO - [2026-02-26T05:36:21.587+0000] {dagbag.py:588} INFO - Filling up the DagBag from /home/ubuntu/airflow-venv/lib/python3.12/site-packages/airflow/example_dags/example_inlet_event_extra.py
[2026-02-26T05:36:21.595+0000] {processor.py:925} INFO - DAG(s) 'read_dataset_event', 'read_dataset_event_from_classic' retrieved from /home/ubuntu/airflow-venv/lib/python3.12/site-packages/airflow/example_dags/example_inlet_event_extra.py
[2026-02-26T05:36:21.605+0000] {logging_mixin.py:190} INFO - [2026-02-26T05:36:21.605+0000] {dag.py:3239} INFO - Sync 2 DAGs
[2026-02-26T05:36:21.618+0000] {logging_mixin.py:190} INFO - [2026-02-26T05:36:21.618+0000] {dag.py:4180} INFO - Setting next_dagrun for read_dataset_event to 2026-02-25 00:00:00+00:00, run_after=2026-02-26 00:00:00+00:00
[2026-02-26T05:36:21.621+0000] {logging_mixin.py:190} INFO - [2026-02-26T05:36:21.621+0000] {dag.py:4180} INFO - Setting next_dagrun for read_dataset_event_from_classic to 2026-02-25 00:00:00+00:00, run_after=2026-02-26 00:00:00+00:00
[2026-02-26T05:36:21.636+0000] {processor.py:208} INFO - Processing /home/ubuntu/airflow-venv/lib/python3.12/site-packages/airflow/example_dags/example_inlet_event_extra.py took 0.054 seconds
[2026-02-26T05:37:11.333+0000] {processor.py:186} INFO - Started process (PID=3438) to work on /home/ubuntu/airflow-venv/lib/python3.12/site-packages/airflow/example_dags/example_inlet_event_extra.py
[2026-02-26T05:37:11.334+0000] {processor.py:914} INFO - Processing file /home/ubuntu/airflow-venv/lib/python3.12/site-packages/airflow/example_dags/example_inlet_event_extra.py for tasks to queue
[2026-02-26T05:37:11.336+0000] {logging_mixin.py:190} INFO - [2026-02-26T05:37:11.335+0000] {dagbag.py:588} INFO - Filling up the DagBag from /home/ubuntu/airflow-venv/lib/python3.12/site-packages/airflow/example_dags/example_inlet_event_extra.py
[2026-02-26T05:37:11.344+0000] {processor.py:925} INFO - DAG(s) 'read_dataset_event', 'read_dataset_event_from_classic' retrieved from /home/ubuntu/airflow-venv/lib/python3.12/site-packages/airflow/example_dags/example_inlet_event_extra.py
[2026-02-26T05:37:11.354+0000] {logging_mixin.py:190} INFO - [2026-02-26T05:37:11.354+0000] {dag.py:3239} INFO - Sync 2 DAGs
[2026-02-26T05:37:11.366+0000] {logging_mixin.py:190} INFO - [2026-02-26T05:37:11.366+0000] {dag.py:4180} INFO - Setting next_dagrun for read_dataset_event to 2026-02-25 00:00:00+00:00, run_after=2026-02-26 00:00:00+00:00
[2026-02-26T05:37:11.368+0000] {logging_mixin.py:190} INFO - [2026-02-26T05:37:11.368+0000] {dag.py:4180} INFO - Setting next_dagrun for read_dataset_event_from_classic to 2026-02-25 00:00:00+00:00, run_after=2026-02-26 00:00:00+00:00
[2026-02-26T05:37:11.383+0000] {processor.py:208} INFO - Processing /home/ubuntu/airflow-venv/lib/python3.12/site-packages/airflow/example_dags/example_inlet_event_extra.py took 0.054 seconds
[2026-02-26T05:38:24.213+0000] {processor.py:186} INFO - Started process (PID=3513) to work on /home/ubuntu/airflow-venv/lib/python3.12/site-packages/airflow/example_dags/example_inlet_event_extra.py
[2026-02-26T05:38:24.214+0000] {processor.py:914} INFO - Processing file /home/ubuntu/airflow-venv/lib/python3.12/site-packages/airflow/example_dags/example_inlet_event_extra.py for tasks to queue
[2026-02-26T05:38:24.216+0000] {logging_mixin.py:190} INFO - [2026-02-26T05:38:24.215+0000] {dagbag.py:588} INFO - Filling up the DagBag from /home/ubuntu/airflow-venv/lib/python3.12/site-packages/airflow/example_dags/example_inlet_event_extra.py
[2026-02-26T05:38:24.223+0000] {processor.py:925} INFO - DAG(s) 'read_dataset_event', 'read_dataset_event_from_classic' retrieved from /home/ubuntu/airflow-venv/lib/python3.12/site-packages/airflow/example_dags/example_inlet_event_extra.py
[2026-02-26T05:38:24.234+0000] {logging_mixin.py:190} INFO - [2026-02-26T05:38:24.234+0000] {dag.py:3239} INFO - Sync 2 DAGs
[2026-02-26T05:38:24.246+0000] {logging_mixin.py:190} INFO - [2026-02-26T05:38:24.246+0000] {dag.py:4180} INFO - Setting next_dagrun for read_dataset_event to 2026-02-25 00:00:00+00:00, run_after=2026-02-26 00:00:00+00:00
[2026-02-26T05:38:24.249+0000] {logging_mixin.py:190} INFO - [2026-02-26T05:38:24.249+0000] {dag.py:4180} INFO - Setting next_dagrun for read_dataset_event_from_classic to 2026-02-25 00:00:00+00:00, run_after=2026-02-26 00:00:00+00:00
[2026-02-26T05:38:24.264+0000] {processor.py:208} INFO - Processing /home/ubuntu/airflow-venv/lib/python3.12/site-packages/airflow/example_dags/example_inlet_event_extra.py took 0.054 seconds
[2026-02-26T05:39:16.137+0000] {processor.py:186} INFO - Started process (PID=3566) to work on /home/ubuntu/airflow-venv/lib/python3.12/site-packages/airflow/example_dags/example_inlet_event_extra.py
[2026-02-26T05:39:16.138+0000] {processor.py:914} INFO - Processing file /home/ubuntu/airflow-venv/lib/python3.12/site-packages/airflow/example_dags/example_inlet_event_extra.py for tasks to queue
[2026-02-26T05:39:16.139+0000] {logging_mixin.py:190} INFO - [2026-02-26T05:39:16.139+0000] {dagbag.py:588} INFO - Filling up the DagBag from /home/ubuntu/airflow-venv/lib/python3.12/site-packages/airflow/example_dags/example_inlet_event_extra.py
[2026-02-26T05:39:16.147+0000] {processor.py:925} INFO - DAG(s) 'read_dataset_event_from_classic', 'read_dataset_event' retrieved from /home/ubuntu/airflow-venv/lib/python3.12/site-packages/airflow/example_dags/example_inlet_event_extra.py
[2026-02-26T05:39:16.158+0000] {logging_mixin.py:190} INFO - [2026-02-26T05:39:16.157+0000] {dag.py:3239} INFO - Sync 2 DAGs
[2026-02-26T05:39:16.171+0000] {logging_mixin.py:190} INFO - [2026-02-26T05:39:16.171+0000] {dag.py:4180} INFO - Setting next_dagrun for read_dataset_event to 2026-02-25 00:00:00+00:00, run_after=2026-02-26 00:00:00+00:00
[2026-02-26T05:39:16.173+0000] {logging_mixin.py:190} INFO - [2026-02-26T05:39:16.173+0000] {dag.py:4180} INFO - Setting next_dagrun for read_dataset_event_from_classic to 2026-02-25 00:00:00+00:00, run_after=2026-02-26 00:00:00+00:00
[2026-02-26T05:39:16.188+0000] {processor.py:208} INFO - Processing /home/ubuntu/airflow-venv/lib/python3.12/site-packages/airflow/example_dags/example_inlet_event_extra.py took 0.055 seconds
[2026-02-26T05:40:06.898+0000] {processor.py:186} INFO - Started process (PID=3621) to work on /home/ubuntu/airflow-venv/lib/python3.12/site-packages/airflow/example_dags/example_inlet_event_extra.py
[2026-02-26T05:40:06.899+0000] {processor.py:914} INFO - Processing file /home/ubuntu/airflow-venv/lib/python3.12/site-packages/airflow/example_dags/example_inlet_event_extra.py for tasks to queue
[2026-02-26T05:40:06.901+0000] {logging_mixin.py:190} INFO - [2026-02-26T05:40:06.900+0000] {dagbag.py:588} INFO - Filling up the DagBag from /home/ubuntu/airflow-venv/lib/python3.12/site-packages/airflow/example_dags/example_inlet_event_extra.py
[2026-02-26T05:40:06.908+0000] {processor.py:925} INFO - DAG(s) 'read_dataset_event', 'read_dataset_event_from_classic' retrieved from /home/ubuntu/airflow-venv/lib/python3.12/site-packages/airflow/example_dags/example_inlet_event_extra.py
[2026-02-26T05:40:06.919+0000] {logging_mixin.py:190} INFO - [2026-02-26T05:40:06.918+0000] {dag.py:3239} INFO - Sync 2 DAGs
[2026-02-26T05:40:06.931+0000] {logging_mixin.py:190} INFO - [2026-02-26T05:40:06.931+0000] {dag.py:4180} INFO - Setting next_dagrun for read_dataset_event to 2026-02-25 00:00:00+00:00, run_after=2026-02-26 00:00:00+00:00
[2026-02-26T05:40:06.934+0000] {logging_mixin.py:190} INFO - [2026-02-26T05:40:06.933+0000] {dag.py:4180} INFO - Setting next_dagrun for read_dataset_event_from_classic to 2026-02-25 00:00:00+00:00, run_after=2026-02-26 00:00:00+00:00
[2026-02-26T05:40:06.949+0000] {processor.py:208} INFO - Processing /home/ubuntu/airflow-venv/lib/python3.12/site-packages/airflow/example_dags/example_inlet_event_extra.py took 0.054 seconds
[2026-02-26T05:41:19.389+0000] {processor.py:186} INFO - Started process (PID=3702) to work on /home/ubuntu/airflow-venv/lib/python3.12/site-packages/airflow/example_dags/example_inlet_event_extra.py
[2026-02-26T05:41:19.391+0000] {processor.py:914} INFO - Processing file /home/ubuntu/airflow-venv/lib/python3.12/site-packages/airflow/example_dags/example_inlet_event_extra.py for tasks to queue
[2026-02-26T05:41:19.392+0000] {logging_mixin.py:190} INFO - [2026-02-26T05:41:19.392+0000] {dagbag.py:588} INFO - Filling up the DagBag from /home/ubuntu/airflow-venv/lib/python3.12/site-packages/airflow/example_dags/example_inlet_event_extra.py
[2026-02-26T05:41:19.399+0000] {processor.py:925} INFO - DAG(s) 'read_dataset_event_from_classic', 'read_dataset_event' retrieved from /home/ubuntu/airflow-venv/lib/python3.12/site-packages/airflow/example_dags/example_inlet_event_extra.py
[2026-02-26T05:41:19.409+0000] {logging_mixin.py:190} INFO - [2026-02-26T05:41:19.409+0000] {dag.py:3239} INFO - Sync 2 DAGs
[2026-02-26T05:41:19.422+0000] {logging_mixin.py:190} INFO - [2026-02-26T05:41:19.421+0000] {dag.py:4180} INFO - Setting next_dagrun for read_dataset_event to 2026-02-25 00:00:00+00:00, run_after=2026-02-26 00:00:00+00:00
[2026-02-26T05:41:19.424+0000] {logging_mixin.py:190} INFO - [2026-02-26T05:41:19.424+0000] {dag.py:4180} INFO - Setting next_dagrun for read_dataset_event_from_classic to 2026-02-25 00:00:00+00:00, run_after=2026-02-26 00:00:00+00:00
[2026-02-26T05:41:19.439+0000] {processor.py:208} INFO - Processing /home/ubuntu/airflow-venv/lib/python3.12/site-packages/airflow/example_dags/example_inlet_event_extra.py took 0.053 seconds
[2026-02-26T05:42:31.730+0000] {processor.py:186} INFO - Started process (PID=3778) to work on /home/ubuntu/airflow-venv/lib/python3.12/site-packages/airflow/example_dags/example_inlet_event_extra.py
[2026-02-26T05:42:31.731+0000] {processor.py:914} INFO - Processing file /home/ubuntu/airflow-venv/lib/python3.12/site-packages/airflow/example_dags/example_inlet_event_extra.py for tasks to queue
[2026-02-26T05:42:31.732+0000] {logging_mixin.py:190} INFO - [2026-02-26T05:42:31.732+0000] {dagbag.py:588} INFO - Filling up the DagBag from /home/ubuntu/airflow-venv/lib/python3.12/site-packages/airflow/example_dags/example_inlet_event_extra.py
[2026-02-26T05:42:31.740+0000] {processor.py:925} INFO - DAG(s) 'read_dataset_event_from_classic', 'read_dataset_event' retrieved from /home/ubuntu/airflow-venv/lib/python3.12/site-packages/airflow/example_dags/example_inlet_event_extra.py
[2026-02-26T05:42:31.750+0000] {logging_mixin.py:190} INFO - [2026-02-26T05:42:31.750+0000] {dag.py:3239} INFO - Sync 2 DAGs
[2026-02-26T05:42:31.763+0000] {logging_mixin.py:190} INFO - [2026-02-26T05:42:31.763+0000] {dag.py:4180} INFO - Setting next_dagrun for read_dataset_event to 2026-02-25 00:00:00+00:00, run_after=2026-02-26 00:00:00+00:00
[2026-02-26T05:42:31.766+0000] {logging_mixin.py:190} INFO - [2026-02-26T05:42:31.765+0000] {dag.py:4180} INFO - Setting next_dagrun for read_dataset_event_from_classic to 2026-02-25 00:00:00+00:00, run_after=2026-02-26 00:00:00+00:00
[2026-02-26T05:42:31.781+0000] {processor.py:208} INFO - Processing /home/ubuntu/airflow-venv/lib/python3.12/site-packages/airflow/example_dags/example_inlet_event_extra.py took 0.055 seconds
[2026-02-26T05:43:22.643+0000] {processor.py:186} INFO - Started process (PID=3831) to work on /home/ubuntu/airflow-venv/lib/python3.12/site-packages/airflow/example_dags/example_inlet_event_extra.py
[2026-02-26T05:43:22.644+0000] {processor.py:914} INFO - Processing file /home/ubuntu/airflow-venv/lib/python3.12/site-packages/airflow/example_dags/example_inlet_event_extra.py for tasks to queue
[2026-02-26T05:43:22.645+0000] {logging_mixin.py:190} INFO - [2026-02-26T05:43:22.645+0000] {dagbag.py:588} INFO - Filling up the DagBag from /home/ubuntu/airflow-venv/lib/python3.12/site-packages/airflow/example_dags/example_inlet_event_extra.py
[2026-02-26T05:43:22.653+0000] {processor.py:925} INFO - DAG(s) 'read_dataset_event', 'read_dataset_event_from_classic' retrieved from /home/ubuntu/airflow-venv/lib/python3.12/site-packages/airflow/example_dags/example_inlet_event_extra.py
[2026-02-26T05:43:22.664+0000] {logging_mixin.py:190} INFO - [2026-02-26T05:43:22.663+0000] {dag.py:3239} INFO - Sync 2 DAGs
[2026-02-26T05:43:22.677+0000] {logging_mixin.py:190} INFO - [2026-02-26T05:43:22.676+0000] {dag.py:4180} INFO - Setting next_dagrun for read_dataset_event to 2026-02-25 00:00:00+00:00, run_after=2026-02-26 00:00:00+00:00
[2026-02-26T05:43:22.679+0000] {logging_mixin.py:190} INFO - [2026-02-26T05:43:22.679+0000] {dag.py:4180} INFO - Setting next_dagrun for read_dataset_event_from_classic to 2026-02-25 00:00:00+00:00, run_after=2026-02-26 00:00:00+00:00
[2026-02-26T05:43:22.694+0000] {processor.py:208} INFO - Processing /home/ubuntu/airflow-venv/lib/python3.12/site-packages/airflow/example_dags/example_inlet_event_extra.py took 0.055 seconds
[2026-02-26T05:44:11.929+0000] {processor.py:186} INFO - Started process (PID=3883) to work on /home/ubuntu/airflow-venv/lib/python3.12/site-packages/airflow/example_dags/example_inlet_event_extra.py
[2026-02-26T05:44:11.930+0000] {processor.py:914} INFO - Processing file /home/ubuntu/airflow-venv/lib/python3.12/site-packages/airflow/example_dags/example_inlet_event_extra.py for tasks to queue
[2026-02-26T05:44:11.931+0000] {logging_mixin.py:190} INFO - [2026-02-26T05:44:11.931+0000] {dagbag.py:588} INFO - Filling up the DagBag from /home/ubuntu/airflow-venv/lib/python3.12/site-packages/airflow/example_dags/example_inlet_event_extra.py
[2026-02-26T05:44:11.939+0000] {processor.py:925} INFO - DAG(s) 'read_dataset_event_from_classic', 'read_dataset_event' retrieved from /home/ubuntu/airflow-venv/lib/python3.12/site-packages/airflow/example_dags/example_inlet_event_extra.py
[2026-02-26T05:44:11.949+0000] {logging_mixin.py:190} INFO - [2026-02-26T05:44:11.949+0000] {dag.py:3239} INFO - Sync 2 DAGs
[2026-02-26T05:44:11.962+0000] {logging_mixin.py:190} INFO - [2026-02-26T05:44:11.962+0000] {dag.py:4180} INFO - Setting next_dagrun for read_dataset_event to 2026-02-25 00:00:00+00:00, run_after=2026-02-26 00:00:00+00:00
[2026-02-26T05:44:11.964+0000] {logging_mixin.py:190} INFO - [2026-02-26T05:44:11.964+0000] {dag.py:4180} INFO - Setting next_dagrun for read_dataset_event_from_classic to 2026-02-25 00:00:00+00:00, run_after=2026-02-26 00:00:00+00:00
[2026-02-26T05:44:11.979+0000] {processor.py:208} INFO - Processing /home/ubuntu/airflow-venv/lib/python3.12/site-packages/airflow/example_dags/example_inlet_event_extra.py took 0.054 seconds
[2026-02-26T06:14:14.351+0000] {processor.py:186} INFO - Started process (PID=2728) to work on /home/ubuntu/airflow-venv/lib/python3.12/site-packages/airflow/example_dags/example_inlet_event_extra.py
[2026-02-26T06:14:14.353+0000] {processor.py:914} INFO - Processing file /home/ubuntu/airflow-venv/lib/python3.12/site-packages/airflow/example_dags/example_inlet_event_extra.py for tasks to queue
[2026-02-26T06:14:14.355+0000] {logging_mixin.py:190} INFO - [2026-02-26T06:14:14.354+0000] {dagbag.py:588} INFO - Filling up the DagBag from /home/ubuntu/airflow-venv/lib/python3.12/site-packages/airflow/example_dags/example_inlet_event_extra.py
[2026-02-26T06:14:14.363+0000] {processor.py:925} INFO - DAG(s) 'read_dataset_event', 'read_dataset_event_from_classic' retrieved from /home/ubuntu/airflow-venv/lib/python3.12/site-packages/airflow/example_dags/example_inlet_event_extra.py
[2026-02-26T06:14:14.375+0000] {logging_mixin.py:190} INFO - [2026-02-26T06:14:14.375+0000] {dag.py:3239} INFO - Sync 2 DAGs
[2026-02-26T06:14:14.388+0000] {logging_mixin.py:190} INFO - [2026-02-26T06:14:14.388+0000] {dag.py:4180} INFO - Setting next_dagrun for read_dataset_event to 2026-02-25 00:00:00+00:00, run_after=2026-02-26 00:00:00+00:00
[2026-02-26T06:14:14.391+0000] {logging_mixin.py:190} INFO - [2026-02-26T06:14:14.391+0000] {dag.py:4180} INFO - Setting next_dagrun for read_dataset_event_from_classic to 2026-02-25 00:00:00+00:00, run_after=2026-02-26 00:00:00+00:00
[2026-02-26T06:14:14.406+0000] {processor.py:208} INFO - Processing /home/ubuntu/airflow-venv/lib/python3.12/site-packages/airflow/example_dags/example_inlet_event_extra.py took 0.059 seconds
[2026-02-26T06:15:10.583+0000] {processor.py:186} INFO - Started process (PID=2790) to work on /home/ubuntu/airflow-venv/lib/python3.12/site-packages/airflow/example_dags/example_inlet_event_extra.py
[2026-02-26T06:15:10.584+0000] {processor.py:914} INFO - Processing file /home/ubuntu/airflow-venv/lib/python3.12/site-packages/airflow/example_dags/example_inlet_event_extra.py for tasks to queue
[2026-02-26T06:15:10.586+0000] {logging_mixin.py:190} INFO - [2026-02-26T06:15:10.585+0000] {dagbag.py:588} INFO - Filling up the DagBag from /home/ubuntu/airflow-venv/lib/python3.12/site-packages/airflow/example_dags/example_inlet_event_extra.py
[2026-02-26T06:15:10.593+0000] {processor.py:925} INFO - DAG(s) 'read_dataset_event', 'read_dataset_event_from_classic' retrieved from /home/ubuntu/airflow-venv/lib/python3.12/site-packages/airflow/example_dags/example_inlet_event_extra.py
[2026-02-26T06:15:10.604+0000] {logging_mixin.py:190} INFO - [2026-02-26T06:15:10.604+0000] {dag.py:3239} INFO - Sync 2 DAGs
[2026-02-26T06:15:10.618+0000] {logging_mixin.py:190} INFO - [2026-02-26T06:15:10.618+0000] {dag.py:4180} INFO - Setting next_dagrun for read_dataset_event to 2026-02-25 00:00:00+00:00, run_after=2026-02-26 00:00:00+00:00
[2026-02-26T06:15:10.621+0000] {logging_mixin.py:190} INFO - [2026-02-26T06:15:10.621+0000] {dag.py:4180} INFO - Setting next_dagrun for read_dataset_event_from_classic to 2026-02-25 00:00:00+00:00, run_after=2026-02-26 00:00:00+00:00
[2026-02-26T06:15:10.637+0000] {processor.py:208} INFO - Processing /home/ubuntu/airflow-venv/lib/python3.12/site-packages/airflow/example_dags/example_inlet_event_extra.py took 0.058 seconds
[2026-02-26T06:16:07.757+0000] {processor.py:186} INFO - Started process (PID=2854) to work on /home/ubuntu/airflow-venv/lib/python3.12/site-packages/airflow/example_dags/example_inlet_event_extra.py
[2026-02-26T06:16:07.758+0000] {processor.py:914} INFO - Processing file /home/ubuntu/airflow-venv/lib/python3.12/site-packages/airflow/example_dags/example_inlet_event_extra.py for tasks to queue
[2026-02-26T06:16:07.760+0000] {logging_mixin.py:190} INFO - [2026-02-26T06:16:07.759+0000] {dagbag.py:588} INFO - Filling up the DagBag from /home/ubuntu/airflow-venv/lib/python3.12/site-packages/airflow/example_dags/example_inlet_event_extra.py
[2026-02-26T06:16:07.768+0000] {processor.py:925} INFO - DAG(s) 'read_dataset_event', 'read_dataset_event_from_classic' retrieved from /home/ubuntu/airflow-venv/lib/python3.12/site-packages/airflow/example_dags/example_inlet_event_extra.py
[2026-02-26T06:16:07.780+0000] {logging_mixin.py:190} INFO - [2026-02-26T06:16:07.779+0000] {dag.py:3239} INFO - Sync 2 DAGs
[2026-02-26T06:16:07.794+0000] {logging_mixin.py:190} INFO - [2026-02-26T06:16:07.794+0000] {dag.py:4180} INFO - Setting next_dagrun for read_dataset_event to 2026-02-25 00:00:00+00:00, run_after=2026-02-26 00:00:00+00:00
[2026-02-26T06:16:07.796+0000] {logging_mixin.py:190} INFO - [2026-02-26T06:16:07.796+0000] {dag.py:4180} INFO - Setting next_dagrun for read_dataset_event_from_classic to 2026-02-25 00:00:00+00:00, run_after=2026-02-26 00:00:00+00:00
[2026-02-26T06:16:07.812+0000] {processor.py:208} INFO - Processing /home/ubuntu/airflow-venv/lib/python3.12/site-packages/airflow/example_dags/example_inlet_event_extra.py took 0.059 seconds
[2026-02-26T06:17:01.946+0000] {processor.py:186} INFO - Started process (PID=2914) to work on /home/ubuntu/airflow-venv/lib/python3.12/site-packages/airflow/example_dags/example_inlet_event_extra.py
[2026-02-26T06:17:01.948+0000] {processor.py:914} INFO - Processing file /home/ubuntu/airflow-venv/lib/python3.12/site-packages/airflow/example_dags/example_inlet_event_extra.py for tasks to queue
[2026-02-26T06:17:01.949+0000] {logging_mixin.py:190} INFO - [2026-02-26T06:17:01.949+0000] {dagbag.py:588} INFO - Filling up the DagBag from /home/ubuntu/airflow-venv/lib/python3.12/site-packages/airflow/example_dags/example_inlet_event_extra.py
[2026-02-26T06:17:01.957+0000] {processor.py:925} INFO - DAG(s) 'read_dataset_event', 'read_dataset_event_from_classic' retrieved from /home/ubuntu/airflow-venv/lib/python3.12/site-packages/airflow/example_dags/example_inlet_event_extra.py
[2026-02-26T06:17:01.969+0000] {logging_mixin.py:190} INFO - [2026-02-26T06:17:01.968+0000] {dag.py:3239} INFO - Sync 2 DAGs
[2026-02-26T06:17:01.982+0000] {logging_mixin.py:190} INFO - [2026-02-26T06:17:01.982+0000] {dag.py:4180} INFO - Setting next_dagrun for read_dataset_event to 2026-02-25 00:00:00+00:00, run_after=2026-02-26 00:00:00+00:00
[2026-02-26T06:17:01.985+0000] {logging_mixin.py:190} INFO - [2026-02-26T06:17:01.985+0000] {dag.py:4180} INFO - Setting next_dagrun for read_dataset_event_from_classic to 2026-02-25 00:00:00+00:00, run_after=2026-02-26 00:00:00+00:00
[2026-02-26T06:17:02.001+0000] {processor.py:208} INFO - Processing /home/ubuntu/airflow-venv/lib/python3.12/site-packages/airflow/example_dags/example_inlet_event_extra.py took 0.058 seconds
[2026-02-26T06:17:55.555+0000] {processor.py:186} INFO - Started process (PID=2970) to work on /home/ubuntu/airflow-venv/lib/python3.12/site-packages/airflow/example_dags/example_inlet_event_extra.py
[2026-02-26T06:17:55.557+0000] {processor.py:914} INFO - Processing file /home/ubuntu/airflow-venv/lib/python3.12/site-packages/airflow/example_dags/example_inlet_event_extra.py for tasks to queue
[2026-02-26T06:17:55.558+0000] {logging_mixin.py:190} INFO - [2026-02-26T06:17:55.558+0000] {dagbag.py:588} INFO - Filling up the DagBag from /home/ubuntu/airflow-venv/lib/python3.12/site-packages/airflow/example_dags/example_inlet_event_extra.py
[2026-02-26T06:17:55.566+0000] {processor.py:925} INFO - DAG(s) 'read_dataset_event_from_classic', 'read_dataset_event' retrieved from /home/ubuntu/airflow-venv/lib/python3.12/site-packages/airflow/example_dags/example_inlet_event_extra.py
[2026-02-26T06:17:55.577+0000] {logging_mixin.py:190} INFO - [2026-02-26T06:17:55.577+0000] {dag.py:3239} INFO - Sync 2 DAGs
[2026-02-26T06:17:55.591+0000] {logging_mixin.py:190} INFO - [2026-02-26T06:17:55.591+0000] {dag.py:4180} INFO - Setting next_dagrun for read_dataset_event to 2026-02-25 00:00:00+00:00, run_after=2026-02-26 00:00:00+00:00
[2026-02-26T06:17:55.594+0000] {logging_mixin.py:190} INFO - [2026-02-26T06:17:55.594+0000] {dag.py:4180} INFO - Setting next_dagrun for read_dataset_event_from_classic to 2026-02-25 00:00:00+00:00, run_after=2026-02-26 00:00:00+00:00
[2026-02-26T06:17:55.610+0000] {processor.py:208} INFO - Processing /home/ubuntu/airflow-venv/lib/python3.12/site-packages/airflow/example_dags/example_inlet_event_extra.py took 0.058 seconds
[2026-02-26T06:18:47.371+0000] {processor.py:186} INFO - Started process (PID=3023) to work on /home/ubuntu/airflow-venv/lib/python3.12/site-packages/airflow/example_dags/example_inlet_event_extra.py
[2026-02-26T06:18:47.372+0000] {processor.py:914} INFO - Processing file /home/ubuntu/airflow-venv/lib/python3.12/site-packages/airflow/example_dags/example_inlet_event_extra.py for tasks to queue
[2026-02-26T06:18:47.373+0000] {logging_mixin.py:190} INFO - [2026-02-26T06:18:47.373+0000] {dagbag.py:588} INFO - Filling up the DagBag from /home/ubuntu/airflow-venv/lib/python3.12/site-packages/airflow/example_dags/example_inlet_event_extra.py
[2026-02-26T06:18:47.382+0000] {processor.py:925} INFO - DAG(s) 'read_dataset_event', 'read_dataset_event_from_classic' retrieved from /home/ubuntu/airflow-venv/lib/python3.12/site-packages/airflow/example_dags/example_inlet_event_extra.py
[2026-02-26T06:18:47.393+0000] {logging_mixin.py:190} INFO - [2026-02-26T06:18:47.392+0000] {dag.py:3239} INFO - Sync 2 DAGs
[2026-02-26T06:18:47.482+0000] {logging_mixin.py:190} INFO - [2026-02-26T06:18:47.482+0000] {dag.py:4180} INFO - Setting next_dagrun for read_dataset_event to 2026-02-25 00:00:00+00:00, run_after=2026-02-26 00:00:00+00:00
[2026-02-26T06:18:47.484+0000] {logging_mixin.py:190} INFO - [2026-02-26T06:18:47.484+0000] {dag.py:4180} INFO - Setting next_dagrun for read_dataset_event_from_classic to 2026-02-25 00:00:00+00:00, run_after=2026-02-26 00:00:00+00:00
[2026-02-26T06:18:47.500+0000] {processor.py:208} INFO - Processing /home/ubuntu/airflow-venv/lib/python3.12/site-packages/airflow/example_dags/example_inlet_event_extra.py took 0.133 seconds
[2026-02-26T06:19:45.206+0000] {processor.py:186} INFO - Started process (PID=3079) to work on /home/ubuntu/airflow-venv/lib/python3.12/site-packages/airflow/example_dags/example_inlet_event_extra.py
[2026-02-26T06:19:45.207+0000] {processor.py:914} INFO - Processing file /home/ubuntu/airflow-venv/lib/python3.12/site-packages/airflow/example_dags/example_inlet_event_extra.py for tasks to queue
[2026-02-26T06:19:45.208+0000] {logging_mixin.py:190} INFO - [2026-02-26T06:19:45.208+0000] {dagbag.py:588} INFO - Filling up the DagBag from /home/ubuntu/airflow-venv/lib/python3.12/site-packages/airflow/example_dags/example_inlet_event_extra.py
[2026-02-26T06:19:45.217+0000] {processor.py:925} INFO - DAG(s) 'read_dataset_event', 'read_dataset_event_from_classic' retrieved from /home/ubuntu/airflow-venv/lib/python3.12/site-packages/airflow/example_dags/example_inlet_event_extra.py
[2026-02-26T06:19:45.228+0000] {logging_mixin.py:190} INFO - [2026-02-26T06:19:45.228+0000] {dag.py:3239} INFO - Sync 2 DAGs
[2026-02-26T06:19:45.241+0000] {logging_mixin.py:190} INFO - [2026-02-26T06:19:45.241+0000] {dag.py:4180} INFO - Setting next_dagrun for read_dataset_event to 2026-02-25 00:00:00+00:00, run_after=2026-02-26 00:00:00+00:00
[2026-02-26T06:19:45.244+0000] {logging_mixin.py:190} INFO - [2026-02-26T06:19:45.244+0000] {dag.py:4180} INFO - Setting next_dagrun for read_dataset_event_from_classic to 2026-02-25 00:00:00+00:00, run_after=2026-02-26 00:00:00+00:00
[2026-02-26T06:19:45.261+0000] {processor.py:208} INFO - Processing /home/ubuntu/airflow-venv/lib/python3.12/site-packages/airflow/example_dags/example_inlet_event_extra.py took 0.059 seconds
[2026-02-26T06:20:38.118+0000] {processor.py:186} INFO - Started process (PID=3137) to work on /home/ubuntu/airflow-venv/lib/python3.12/site-packages/airflow/example_dags/example_inlet_event_extra.py
[2026-02-26T06:20:38.119+0000] {processor.py:914} INFO - Processing file /home/ubuntu/airflow-venv/lib/python3.12/site-packages/airflow/example_dags/example_inlet_event_extra.py for tasks to queue
[2026-02-26T06:20:38.120+0000] {logging_mixin.py:190} INFO - [2026-02-26T06:20:38.120+0000] {dagbag.py:588} INFO - Filling up the DagBag from /home/ubuntu/airflow-venv/lib/python3.12/site-packages/airflow/example_dags/example_inlet_event_extra.py
[2026-02-26T06:20:38.129+0000] {processor.py:925} INFO - DAG(s) 'read_dataset_event_from_classic', 'read_dataset_event' retrieved from /home/ubuntu/airflow-venv/lib/python3.12/site-packages/airflow/example_dags/example_inlet_event_extra.py
[2026-02-26T06:20:38.140+0000] {logging_mixin.py:190} INFO - [2026-02-26T06:20:38.140+0000] {dag.py:3239} INFO - Sync 2 DAGs
[2026-02-26T06:20:38.153+0000] {logging_mixin.py:190} INFO - [2026-02-26T06:20:38.153+0000] {dag.py:4180} INFO - Setting next_dagrun for read_dataset_event to 2026-02-25 00:00:00+00:00, run_after=2026-02-26 00:00:00+00:00
[2026-02-26T06:20:38.156+0000] {logging_mixin.py:190} INFO - [2026-02-26T06:20:38.156+0000] {dag.py:4180} INFO - Setting next_dagrun for read_dataset_event_from_classic to 2026-02-25 00:00:00+00:00, run_after=2026-02-26 00:00:00+00:00
[2026-02-26T06:20:38.174+0000] {processor.py:208} INFO - Processing /home/ubuntu/airflow-venv/lib/python3.12/site-packages/airflow/example_dags/example_inlet_event_extra.py took 0.060 seconds
[2026-02-26T06:21:25.826+0000] {processor.py:186} INFO - Started process (PID=3189) to work on /home/ubuntu/airflow-venv/lib/python3.12/site-packages/airflow/example_dags/example_inlet_event_extra.py
[2026-02-26T06:21:25.827+0000] {processor.py:914} INFO - Processing file /home/ubuntu/airflow-venv/lib/python3.12/site-packages/airflow/example_dags/example_inlet_event_extra.py for tasks to queue
[2026-02-26T06:21:25.829+0000] {logging_mixin.py:190} INFO - [2026-02-26T06:21:25.828+0000] {dagbag.py:588} INFO - Filling up the DagBag from /home/ubuntu/airflow-venv/lib/python3.12/site-packages/airflow/example_dags/example_inlet_event_extra.py
[2026-02-26T06:21:25.837+0000] {processor.py:925} INFO - DAG(s) 'read_dataset_event', 'read_dataset_event_from_classic' retrieved from /home/ubuntu/airflow-venv/lib/python3.12/site-packages/airflow/example_dags/example_inlet_event_extra.py
[2026-02-26T06:21:25.848+0000] {logging_mixin.py:190} INFO - [2026-02-26T06:21:25.848+0000] {dag.py:3239} INFO - Sync 2 DAGs
[2026-02-26T06:21:25.862+0000] {logging_mixin.py:190} INFO - [2026-02-26T06:21:25.862+0000] {dag.py:4180} INFO - Setting next_dagrun for read_dataset_event to 2026-02-25 00:00:00+00:00, run_after=2026-02-26 00:00:00+00:00
[2026-02-26T06:21:25.865+0000] {logging_mixin.py:190} INFO - [2026-02-26T06:21:25.865+0000] {dag.py:4180} INFO - Setting next_dagrun for read_dataset_event_from_classic to 2026-02-25 00:00:00+00:00, run_after=2026-02-26 00:00:00+00:00
[2026-02-26T06:21:25.880+0000] {processor.py:208} INFO - Processing /home/ubuntu/airflow-venv/lib/python3.12/site-packages/airflow/example_dags/example_inlet_event_extra.py took 0.058 seconds
[2026-02-26T06:22:36.596+0000] {processor.py:186} INFO - Started process (PID=3265) to work on /home/ubuntu/airflow-venv/lib/python3.12/site-packages/airflow/example_dags/example_inlet_event_extra.py
[2026-02-26T06:22:36.597+0000] {processor.py:914} INFO - Processing file /home/ubuntu/airflow-venv/lib/python3.12/site-packages/airflow/example_dags/example_inlet_event_extra.py for tasks to queue
[2026-02-26T06:22:36.599+0000] {logging_mixin.py:190} INFO - [2026-02-26T06:22:36.599+0000] {dagbag.py:588} INFO - Filling up the DagBag from /home/ubuntu/airflow-venv/lib/python3.12/site-packages/airflow/example_dags/example_inlet_event_extra.py
[2026-02-26T06:22:36.607+0000] {processor.py:925} INFO - DAG(s) 'read_dataset_event_from_classic', 'read_dataset_event' retrieved from /home/ubuntu/airflow-venv/lib/python3.12/site-packages/airflow/example_dags/example_inlet_event_extra.py
[2026-02-26T06:22:36.618+0000] {logging_mixin.py:190} INFO - [2026-02-26T06:22:36.618+0000] {dag.py:3239} INFO - Sync 2 DAGs
[2026-02-26T06:22:36.632+0000] {logging_mixin.py:190} INFO - [2026-02-26T06:22:36.632+0000] {dag.py:4180} INFO - Setting next_dagrun for read_dataset_event to 2026-02-25 00:00:00+00:00, run_after=2026-02-26 00:00:00+00:00
[2026-02-26T06:22:36.635+0000] {logging_mixin.py:190} INFO - [2026-02-26T06:22:36.635+0000] {dag.py:4180} INFO - Setting next_dagrun for read_dataset_event_from_classic to 2026-02-25 00:00:00+00:00, run_after=2026-02-26 00:00:00+00:00
[2026-02-26T06:22:36.651+0000] {processor.py:208} INFO - Processing /home/ubuntu/airflow-venv/lib/python3.12/site-packages/airflow/example_dags/example_inlet_event_extra.py took 0.059 seconds
[2026-02-26T06:23:29.125+0000] {processor.py:186} INFO - Started process (PID=3319) to work on /home/ubuntu/airflow-venv/lib/python3.12/site-packages/airflow/example_dags/example_inlet_event_extra.py
[2026-02-26T06:23:29.127+0000] {processor.py:914} INFO - Processing file /home/ubuntu/airflow-venv/lib/python3.12/site-packages/airflow/example_dags/example_inlet_event_extra.py for tasks to queue
[2026-02-26T06:23:29.128+0000] {logging_mixin.py:190} INFO - [2026-02-26T06:23:29.128+0000] {dagbag.py:588} INFO - Filling up the DagBag from /home/ubuntu/airflow-venv/lib/python3.12/site-packages/airflow/example_dags/example_inlet_event_extra.py
[2026-02-26T06:23:29.136+0000] {processor.py:925} INFO - DAG(s) 'read_dataset_event_from_classic', 'read_dataset_event' retrieved from /home/ubuntu/airflow-venv/lib/python3.12/site-packages/airflow/example_dags/example_inlet_event_extra.py
[2026-02-26T06:23:29.147+0000] {logging_mixin.py:190} INFO - [2026-02-26T06:23:29.147+0000] {dag.py:3239} INFO - Sync 2 DAGs
[2026-02-26T06:23:29.160+0000] {logging_mixin.py:190} INFO - [2026-02-26T06:23:29.160+0000] {dag.py:4180} INFO - Setting next_dagrun for read_dataset_event to 2026-02-25 00:00:00+00:00, run_after=2026-02-26 00:00:00+00:00
[2026-02-26T06:23:29.163+0000] {logging_mixin.py:190} INFO - [2026-02-26T06:23:29.163+0000] {dag.py:4180} INFO - Setting next_dagrun for read_dataset_event_from_classic to 2026-02-25 00:00:00+00:00, run_after=2026-02-26 00:00:00+00:00
[2026-02-26T06:23:29.178+0000] {processor.py:208} INFO - Processing /home/ubuntu/airflow-venv/lib/python3.12/site-packages/airflow/example_dags/example_inlet_event_extra.py took 0.057 seconds
[2026-02-26T06:24:22.410+0000] {processor.py:186} INFO - Started process (PID=3373) to work on /home/ubuntu/airflow-venv/lib/python3.12/site-packages/airflow/example_dags/example_inlet_event_extra.py
[2026-02-26T06:24:22.411+0000] {processor.py:914} INFO - Processing file /home/ubuntu/airflow-venv/lib/python3.12/site-packages/airflow/example_dags/example_inlet_event_extra.py for tasks to queue
[2026-02-26T06:24:22.413+0000] {logging_mixin.py:190} INFO - [2026-02-26T06:24:22.413+0000] {dagbag.py:588} INFO - Filling up the DagBag from /home/ubuntu/airflow-venv/lib/python3.12/site-packages/airflow/example_dags/example_inlet_event_extra.py
[2026-02-26T06:24:22.421+0000] {processor.py:925} INFO - DAG(s) 'read_dataset_event', 'read_dataset_event_from_classic' retrieved from /home/ubuntu/airflow-venv/lib/python3.12/site-packages/airflow/example_dags/example_inlet_event_extra.py
[2026-02-26T06:24:22.432+0000] {logging_mixin.py:190} INFO - [2026-02-26T06:24:22.432+0000] {dag.py:3239} INFO - Sync 2 DAGs
[2026-02-26T06:24:22.446+0000] {logging_mixin.py:190} INFO - [2026-02-26T06:24:22.445+0000] {dag.py:4180} INFO - Setting next_dagrun for read_dataset_event to 2026-02-25 00:00:00+00:00, run_after=2026-02-26 00:00:00+00:00
[2026-02-26T06:24:22.448+0000] {logging_mixin.py:190} INFO - [2026-02-26T06:24:22.448+0000] {dag.py:4180} INFO - Setting next_dagrun for read_dataset_event_from_classic to 2026-02-25 00:00:00+00:00, run_after=2026-02-26 00:00:00+00:00
[2026-02-26T06:24:22.466+0000] {processor.py:208} INFO - Processing /home/ubuntu/airflow-venv/lib/python3.12/site-packages/airflow/example_dags/example_inlet_event_extra.py took 0.059 seconds
