[2026-02-26T05:22:41.788+0000] {processor.py:186} INFO - Started process (PID=2120) to work on /home/ubuntu/airflow-venv/lib/python3.12/site-packages/airflow/example_dags/example_workday_timetable.py
[2026-02-26T05:22:41.788+0000] {processor.py:914} INFO - Processing file /home/ubuntu/airflow-venv/lib/python3.12/site-packages/airflow/example_dags/example_workday_timetable.py for tasks to queue
[2026-02-26T05:22:41.790+0000] {logging_mixin.py:190} INFO - [2026-02-26T05:22:41.790+0000] {dagbag.py:588} INFO - Filling up the DagBag from /home/ubuntu/airflow-venv/lib/python3.12/site-packages/airflow/example_dags/example_workday_timetable.py
[2026-02-26T05:22:41.794+0000] {processor.py:925} INFO - DAG(s) 'example_workday_timetable' retrieved from /home/ubuntu/airflow-venv/lib/python3.12/site-packages/airflow/example_dags/example_workday_timetable.py
[2026-02-26T05:22:41.805+0000] {logging_mixin.py:190} INFO - [2026-02-26T05:22:41.805+0000] {dag.py:3239} INFO - Sync 1 DAGs
[2026-02-26T05:22:41.818+0000] {logging_mixin.py:190} INFO - [2026-02-26T05:22:41.817+0000] {dag.py:4180} INFO - Setting next_dagrun for example_workday_timetable to 2021-01-01 00:00:00+00:00, run_after=2021-01-02 00:00:00+00:00
[2026-02-26T05:22:41.834+0000] {processor.py:208} INFO - Processing /home/ubuntu/airflow-venv/lib/python3.12/site-packages/airflow/example_dags/example_workday_timetable.py took 0.049 seconds
[2026-02-26T05:23:37.187+0000] {processor.py:186} INFO - Started process (PID=2184) to work on /home/ubuntu/airflow-venv/lib/python3.12/site-packages/airflow/example_dags/example_workday_timetable.py
[2026-02-26T05:23:37.188+0000] {processor.py:914} INFO - Processing file /home/ubuntu/airflow-venv/lib/python3.12/site-packages/airflow/example_dags/example_workday_timetable.py for tasks to queue
[2026-02-26T05:23:37.190+0000] {logging_mixin.py:190} INFO - [2026-02-26T05:23:37.190+0000] {dagbag.py:588} INFO - Filling up the DagBag from /home/ubuntu/airflow-venv/lib/python3.12/site-packages/airflow/example_dags/example_workday_timetable.py
[2026-02-26T05:23:37.193+0000] {processor.py:925} INFO - DAG(s) 'example_workday_timetable' retrieved from /home/ubuntu/airflow-venv/lib/python3.12/site-packages/airflow/example_dags/example_workday_timetable.py
[2026-02-26T05:23:37.202+0000] {logging_mixin.py:190} INFO - [2026-02-26T05:23:37.202+0000] {dag.py:3239} INFO - Sync 1 DAGs
[2026-02-26T05:23:37.213+0000] {logging_mixin.py:190} INFO - [2026-02-26T05:23:37.213+0000] {dag.py:4180} INFO - Setting next_dagrun for example_workday_timetable to 2021-01-01 00:00:00+00:00, run_after=2021-01-02 00:00:00+00:00
[2026-02-26T05:23:37.229+0000] {processor.py:208} INFO - Processing /home/ubuntu/airflow-venv/lib/python3.12/site-packages/airflow/example_dags/example_workday_timetable.py took 0.045 seconds
[2026-02-26T05:24:28.566+0000] {processor.py:186} INFO - Started process (PID=2238) to work on /home/ubuntu/airflow-venv/lib/python3.12/site-packages/airflow/example_dags/example_workday_timetable.py
[2026-02-26T05:24:28.567+0000] {processor.py:914} INFO - Processing file /home/ubuntu/airflow-venv/lib/python3.12/site-packages/airflow/example_dags/example_workday_timetable.py for tasks to queue
[2026-02-26T05:24:28.568+0000] {logging_mixin.py:190} INFO - [2026-02-26T05:24:28.568+0000] {dagbag.py:588} INFO - Filling up the DagBag from /home/ubuntu/airflow-venv/lib/python3.12/site-packages/airflow/example_dags/example_workday_timetable.py
[2026-02-26T05:24:28.572+0000] {processor.py:925} INFO - DAG(s) 'example_workday_timetable' retrieved from /home/ubuntu/airflow-venv/lib/python3.12/site-packages/airflow/example_dags/example_workday_timetable.py
[2026-02-26T05:24:28.581+0000] {logging_mixin.py:190} INFO - [2026-02-26T05:24:28.581+0000] {dag.py:3239} INFO - Sync 1 DAGs
[2026-02-26T05:24:28.592+0000] {logging_mixin.py:190} INFO - [2026-02-26T05:24:28.592+0000] {dag.py:4180} INFO - Setting next_dagrun for example_workday_timetable to 2021-01-01 00:00:00+00:00, run_after=2021-01-02 00:00:00+00:00
[2026-02-26T05:24:28.607+0000] {processor.py:208} INFO - Processing /home/ubuntu/airflow-venv/lib/python3.12/site-packages/airflow/example_dags/example_workday_timetable.py took 0.045 seconds
[2026-02-26T05:25:16.771+0000] {processor.py:186} INFO - Started process (PID=2299) to work on /home/ubuntu/airflow-venv/lib/python3.12/site-packages/airflow/example_dags/example_workday_timetable.py
[2026-02-26T05:25:16.772+0000] {processor.py:914} INFO - Processing file /home/ubuntu/airflow-venv/lib/python3.12/site-packages/airflow/example_dags/example_workday_timetable.py for tasks to queue
[2026-02-26T05:25:16.773+0000] {logging_mixin.py:190} INFO - [2026-02-26T05:25:16.773+0000] {dagbag.py:588} INFO - Filling up the DagBag from /home/ubuntu/airflow-venv/lib/python3.12/site-packages/airflow/example_dags/example_workday_timetable.py
[2026-02-26T05:25:16.777+0000] {processor.py:925} INFO - DAG(s) 'example_workday_timetable' retrieved from /home/ubuntu/airflow-venv/lib/python3.12/site-packages/airflow/example_dags/example_workday_timetable.py
[2026-02-26T05:25:16.786+0000] {logging_mixin.py:190} INFO - [2026-02-26T05:25:16.786+0000] {dag.py:3239} INFO - Sync 1 DAGs
[2026-02-26T05:25:16.801+0000] {logging_mixin.py:190} INFO - [2026-02-26T05:25:16.801+0000] {dag.py:4180} INFO - Setting next_dagrun for example_workday_timetable to 2021-01-01 00:00:00+00:00, run_after=2021-01-02 00:00:00+00:00
[2026-02-26T05:25:16.820+0000] {processor.py:208} INFO - Processing /home/ubuntu/airflow-venv/lib/python3.12/site-packages/airflow/example_dags/example_workday_timetable.py took 0.053 seconds
[2026-02-26T05:26:04.972+0000] {processor.py:186} INFO - Started process (PID=2356) to work on /home/ubuntu/airflow-venv/lib/python3.12/site-packages/airflow/example_dags/example_workday_timetable.py
[2026-02-26T05:26:04.973+0000] {processor.py:914} INFO - Processing file /home/ubuntu/airflow-venv/lib/python3.12/site-packages/airflow/example_dags/example_workday_timetable.py for tasks to queue
[2026-02-26T05:26:04.975+0000] {logging_mixin.py:190} INFO - [2026-02-26T05:26:04.974+0000] {dagbag.py:588} INFO - Filling up the DagBag from /home/ubuntu/airflow-venv/lib/python3.12/site-packages/airflow/example_dags/example_workday_timetable.py
[2026-02-26T05:26:04.978+0000] {processor.py:925} INFO - DAG(s) 'example_workday_timetable' retrieved from /home/ubuntu/airflow-venv/lib/python3.12/site-packages/airflow/example_dags/example_workday_timetable.py
[2026-02-26T05:26:04.987+0000] {logging_mixin.py:190} INFO - [2026-02-26T05:26:04.987+0000] {dag.py:3239} INFO - Sync 1 DAGs
[2026-02-26T05:26:04.998+0000] {logging_mixin.py:190} INFO - [2026-02-26T05:26:04.998+0000] {dag.py:4180} INFO - Setting next_dagrun for example_workday_timetable to 2021-01-01 00:00:00+00:00, run_after=2021-01-02 00:00:00+00:00
[2026-02-26T05:26:05.014+0000] {processor.py:208} INFO - Processing /home/ubuntu/airflow-venv/lib/python3.12/site-packages/airflow/example_dags/example_workday_timetable.py took 0.045 seconds
[2026-02-26T05:26:53.435+0000] {processor.py:186} INFO - Started process (PID=2413) to work on /home/ubuntu/airflow-venv/lib/python3.12/site-packages/airflow/example_dags/example_workday_timetable.py
[2026-02-26T05:26:53.436+0000] {processor.py:914} INFO - Processing file /home/ubuntu/airflow-venv/lib/python3.12/site-packages/airflow/example_dags/example_workday_timetable.py for tasks to queue
[2026-02-26T05:26:53.438+0000] {logging_mixin.py:190} INFO - [2026-02-26T05:26:53.438+0000] {dagbag.py:588} INFO - Filling up the DagBag from /home/ubuntu/airflow-venv/lib/python3.12/site-packages/airflow/example_dags/example_workday_timetable.py
[2026-02-26T05:26:53.441+0000] {processor.py:925} INFO - DAG(s) 'example_workday_timetable' retrieved from /home/ubuntu/airflow-venv/lib/python3.12/site-packages/airflow/example_dags/example_workday_timetable.py
[2026-02-26T05:26:53.450+0000] {logging_mixin.py:190} INFO - [2026-02-26T05:26:53.450+0000] {dag.py:3239} INFO - Sync 1 DAGs
[2026-02-26T05:26:53.461+0000] {logging_mixin.py:190} INFO - [2026-02-26T05:26:53.461+0000] {dag.py:4180} INFO - Setting next_dagrun for example_workday_timetable to 2021-01-01 00:00:00+00:00, run_after=2021-01-02 00:00:00+00:00
[2026-02-26T05:26:53.477+0000] {processor.py:208} INFO - Processing /home/ubuntu/airflow-venv/lib/python3.12/site-packages/airflow/example_dags/example_workday_timetable.py took 0.045 seconds
[2026-02-26T05:27:42.477+0000] {processor.py:186} INFO - Started process (PID=2828) to work on /home/ubuntu/airflow-venv/lib/python3.12/site-packages/airflow/example_dags/example_workday_timetable.py
[2026-02-26T05:27:42.479+0000] {processor.py:914} INFO - Processing file /home/ubuntu/airflow-venv/lib/python3.12/site-packages/airflow/example_dags/example_workday_timetable.py for tasks to queue
[2026-02-26T05:27:42.480+0000] {logging_mixin.py:190} INFO - [2026-02-26T05:27:42.480+0000] {dagbag.py:588} INFO - Filling up the DagBag from /home/ubuntu/airflow-venv/lib/python3.12/site-packages/airflow/example_dags/example_workday_timetable.py
[2026-02-26T05:27:42.484+0000] {processor.py:925} INFO - DAG(s) 'example_workday_timetable' retrieved from /home/ubuntu/airflow-venv/lib/python3.12/site-packages/airflow/example_dags/example_workday_timetable.py
[2026-02-26T05:27:42.493+0000] {logging_mixin.py:190} INFO - [2026-02-26T05:27:42.492+0000] {dag.py:3239} INFO - Sync 1 DAGs
[2026-02-26T05:27:42.504+0000] {logging_mixin.py:190} INFO - [2026-02-26T05:27:42.504+0000] {dag.py:4180} INFO - Setting next_dagrun for example_workday_timetable to 2021-01-01 00:00:00+00:00, run_after=2021-01-02 00:00:00+00:00
[2026-02-26T05:27:42.521+0000] {processor.py:208} INFO - Processing /home/ubuntu/airflow-venv/lib/python3.12/site-packages/airflow/example_dags/example_workday_timetable.py took 0.047 seconds
[2026-02-26T05:28:32.297+0000] {processor.py:186} INFO - Started process (PID=2880) to work on /home/ubuntu/airflow-venv/lib/python3.12/site-packages/airflow/example_dags/example_workday_timetable.py
[2026-02-26T05:28:32.298+0000] {processor.py:914} INFO - Processing file /home/ubuntu/airflow-venv/lib/python3.12/site-packages/airflow/example_dags/example_workday_timetable.py for tasks to queue
[2026-02-26T05:28:32.299+0000] {logging_mixin.py:190} INFO - [2026-02-26T05:28:32.299+0000] {dagbag.py:588} INFO - Filling up the DagBag from /home/ubuntu/airflow-venv/lib/python3.12/site-packages/airflow/example_dags/example_workday_timetable.py
[2026-02-26T05:28:32.303+0000] {processor.py:925} INFO - DAG(s) 'example_workday_timetable' retrieved from /home/ubuntu/airflow-venv/lib/python3.12/site-packages/airflow/example_dags/example_workday_timetable.py
[2026-02-26T05:28:32.380+0000] {logging_mixin.py:190} INFO - [2026-02-26T05:28:32.380+0000] {dag.py:3239} INFO - Sync 1 DAGs
[2026-02-26T05:28:32.389+0000] {logging_mixin.py:190} INFO - [2026-02-26T05:28:32.389+0000] {dag.py:4180} INFO - Setting next_dagrun for example_workday_timetable to 2021-01-01 00:00:00+00:00, run_after=2021-01-02 00:00:00+00:00
[2026-02-26T05:28:32.404+0000] {processor.py:208} INFO - Processing /home/ubuntu/airflow-venv/lib/python3.12/site-packages/airflow/example_dags/example_workday_timetable.py took 0.110 seconds
[2026-02-26T05:29:25.755+0000] {processor.py:186} INFO - Started process (PID=2934) to work on /home/ubuntu/airflow-venv/lib/python3.12/site-packages/airflow/example_dags/example_workday_timetable.py
[2026-02-26T05:29:25.756+0000] {processor.py:914} INFO - Processing file /home/ubuntu/airflow-venv/lib/python3.12/site-packages/airflow/example_dags/example_workday_timetable.py for tasks to queue
[2026-02-26T05:29:25.758+0000] {logging_mixin.py:190} INFO - [2026-02-26T05:29:25.758+0000] {dagbag.py:588} INFO - Filling up the DagBag from /home/ubuntu/airflow-venv/lib/python3.12/site-packages/airflow/example_dags/example_workday_timetable.py
[2026-02-26T05:29:25.762+0000] {processor.py:925} INFO - DAG(s) 'example_workday_timetable' retrieved from /home/ubuntu/airflow-venv/lib/python3.12/site-packages/airflow/example_dags/example_workday_timetable.py
[2026-02-26T05:29:25.771+0000] {logging_mixin.py:190} INFO - [2026-02-26T05:29:25.771+0000] {dag.py:3239} INFO - Sync 1 DAGs
[2026-02-26T05:29:25.783+0000] {logging_mixin.py:190} INFO - [2026-02-26T05:29:25.783+0000] {dag.py:4180} INFO - Setting next_dagrun for example_workday_timetable to 2021-01-01 00:00:00+00:00, run_after=2021-01-02 00:00:00+00:00
[2026-02-26T05:29:25.800+0000] {processor.py:208} INFO - Processing /home/ubuntu/airflow-venv/lib/python3.12/site-packages/airflow/example_dags/example_workday_timetable.py took 0.048 seconds
[2026-02-26T05:30:20.446+0000] {processor.py:186} INFO - Started process (PID=2995) to work on /home/ubuntu/airflow-venv/lib/python3.12/site-packages/airflow/example_dags/example_workday_timetable.py
[2026-02-26T05:30:20.447+0000] {processor.py:914} INFO - Processing file /home/ubuntu/airflow-venv/lib/python3.12/site-packages/airflow/example_dags/example_workday_timetable.py for tasks to queue
[2026-02-26T05:30:20.449+0000] {logging_mixin.py:190} INFO - [2026-02-26T05:30:20.448+0000] {dagbag.py:588} INFO - Filling up the DagBag from /home/ubuntu/airflow-venv/lib/python3.12/site-packages/airflow/example_dags/example_workday_timetable.py
[2026-02-26T05:30:20.452+0000] {processor.py:925} INFO - DAG(s) 'example_workday_timetable' retrieved from /home/ubuntu/airflow-venv/lib/python3.12/site-packages/airflow/example_dags/example_workday_timetable.py
[2026-02-26T05:30:20.461+0000] {logging_mixin.py:190} INFO - [2026-02-26T05:30:20.461+0000] {dag.py:3239} INFO - Sync 1 DAGs
[2026-02-26T05:30:20.473+0000] {logging_mixin.py:190} INFO - [2026-02-26T05:30:20.473+0000] {dag.py:4180} INFO - Setting next_dagrun for example_workday_timetable to 2021-01-01 00:00:00+00:00, run_after=2021-01-02 00:00:00+00:00
[2026-02-26T05:30:20.489+0000] {processor.py:208} INFO - Processing /home/ubuntu/airflow-venv/lib/python3.12/site-packages/airflow/example_dags/example_workday_timetable.py took 0.047 seconds
[2026-02-26T05:31:10.630+0000] {processor.py:186} INFO - Started process (PID=3046) to work on /home/ubuntu/airflow-venv/lib/python3.12/site-packages/airflow/example_dags/example_workday_timetable.py
[2026-02-26T05:31:10.631+0000] {processor.py:914} INFO - Processing file /home/ubuntu/airflow-venv/lib/python3.12/site-packages/airflow/example_dags/example_workday_timetable.py for tasks to queue
[2026-02-26T05:31:10.633+0000] {logging_mixin.py:190} INFO - [2026-02-26T05:31:10.632+0000] {dagbag.py:588} INFO - Filling up the DagBag from /home/ubuntu/airflow-venv/lib/python3.12/site-packages/airflow/example_dags/example_workday_timetable.py
[2026-02-26T05:31:10.636+0000] {processor.py:925} INFO - DAG(s) 'example_workday_timetable' retrieved from /home/ubuntu/airflow-venv/lib/python3.12/site-packages/airflow/example_dags/example_workday_timetable.py
[2026-02-26T05:31:10.645+0000] {logging_mixin.py:190} INFO - [2026-02-26T05:31:10.645+0000] {dag.py:3239} INFO - Sync 1 DAGs
[2026-02-26T05:31:10.657+0000] {logging_mixin.py:190} INFO - [2026-02-26T05:31:10.657+0000] {dag.py:4180} INFO - Setting next_dagrun for example_workday_timetable to 2021-01-01 00:00:00+00:00, run_after=2021-01-02 00:00:00+00:00
[2026-02-26T05:31:10.673+0000] {processor.py:208} INFO - Processing /home/ubuntu/airflow-venv/lib/python3.12/site-packages/airflow/example_dags/example_workday_timetable.py took 0.047 seconds
[2026-02-26T05:32:02.004+0000] {processor.py:186} INFO - Started process (PID=3099) to work on /home/ubuntu/airflow-venv/lib/python3.12/site-packages/airflow/example_dags/example_workday_timetable.py
[2026-02-26T05:32:02.005+0000] {processor.py:914} INFO - Processing file /home/ubuntu/airflow-venv/lib/python3.12/site-packages/airflow/example_dags/example_workday_timetable.py for tasks to queue
[2026-02-26T05:32:02.007+0000] {logging_mixin.py:190} INFO - [2026-02-26T05:32:02.006+0000] {dagbag.py:588} INFO - Filling up the DagBag from /home/ubuntu/airflow-venv/lib/python3.12/site-packages/airflow/example_dags/example_workday_timetable.py
[2026-02-26T05:32:02.010+0000] {processor.py:925} INFO - DAG(s) 'example_workday_timetable' retrieved from /home/ubuntu/airflow-venv/lib/python3.12/site-packages/airflow/example_dags/example_workday_timetable.py
[2026-02-26T05:32:02.019+0000] {logging_mixin.py:190} INFO - [2026-02-26T05:32:02.019+0000] {dag.py:3239} INFO - Sync 1 DAGs
[2026-02-26T05:32:02.033+0000] {logging_mixin.py:190} INFO - [2026-02-26T05:32:02.032+0000] {dag.py:4180} INFO - Setting next_dagrun for example_workday_timetable to 2021-01-01 00:00:00+00:00, run_after=2021-01-02 00:00:00+00:00
[2026-02-26T05:32:02.049+0000] {processor.py:208} INFO - Processing /home/ubuntu/airflow-venv/lib/python3.12/site-packages/airflow/example_dags/example_workday_timetable.py took 0.049 seconds
[2026-02-26T05:32:52.198+0000] {processor.py:186} INFO - Started process (PID=3153) to work on /home/ubuntu/airflow-venv/lib/python3.12/site-packages/airflow/example_dags/example_workday_timetable.py
[2026-02-26T05:32:52.199+0000] {processor.py:914} INFO - Processing file /home/ubuntu/airflow-venv/lib/python3.12/site-packages/airflow/example_dags/example_workday_timetable.py for tasks to queue
[2026-02-26T05:32:52.200+0000] {logging_mixin.py:190} INFO - [2026-02-26T05:32:52.200+0000] {dagbag.py:588} INFO - Filling up the DagBag from /home/ubuntu/airflow-venv/lib/python3.12/site-packages/airflow/example_dags/example_workday_timetable.py
[2026-02-26T05:32:52.204+0000] {processor.py:925} INFO - DAG(s) 'example_workday_timetable' retrieved from /home/ubuntu/airflow-venv/lib/python3.12/site-packages/airflow/example_dags/example_workday_timetable.py
[2026-02-26T05:32:52.213+0000] {logging_mixin.py:190} INFO - [2026-02-26T05:32:52.213+0000] {dag.py:3239} INFO - Sync 1 DAGs
[2026-02-26T05:32:52.225+0000] {logging_mixin.py:190} INFO - [2026-02-26T05:32:52.225+0000] {dag.py:4180} INFO - Setting next_dagrun for example_workday_timetable to 2021-01-01 00:00:00+00:00, run_after=2021-01-02 00:00:00+00:00
[2026-02-26T05:32:52.241+0000] {processor.py:208} INFO - Processing /home/ubuntu/airflow-venv/lib/python3.12/site-packages/airflow/example_dags/example_workday_timetable.py took 0.046 seconds
[2026-02-26T05:33:41.095+0000] {processor.py:186} INFO - Started process (PID=3203) to work on /home/ubuntu/airflow-venv/lib/python3.12/site-packages/airflow/example_dags/example_workday_timetable.py
[2026-02-26T05:33:41.096+0000] {processor.py:914} INFO - Processing file /home/ubuntu/airflow-venv/lib/python3.12/site-packages/airflow/example_dags/example_workday_timetable.py for tasks to queue
[2026-02-26T05:33:41.098+0000] {logging_mixin.py:190} INFO - [2026-02-26T05:33:41.097+0000] {dagbag.py:588} INFO - Filling up the DagBag from /home/ubuntu/airflow-venv/lib/python3.12/site-packages/airflow/example_dags/example_workday_timetable.py
[2026-02-26T05:33:41.101+0000] {processor.py:925} INFO - DAG(s) 'example_workday_timetable' retrieved from /home/ubuntu/airflow-venv/lib/python3.12/site-packages/airflow/example_dags/example_workday_timetable.py
[2026-02-26T05:33:41.110+0000] {logging_mixin.py:190} INFO - [2026-02-26T05:33:41.110+0000] {dag.py:3239} INFO - Sync 1 DAGs
[2026-02-26T05:33:41.122+0000] {logging_mixin.py:190} INFO - [2026-02-26T05:33:41.122+0000] {dag.py:4180} INFO - Setting next_dagrun for example_workday_timetable to 2021-01-01 00:00:00+00:00, run_after=2021-01-02 00:00:00+00:00
[2026-02-26T05:33:41.137+0000] {processor.py:208} INFO - Processing /home/ubuntu/airflow-venv/lib/python3.12/site-packages/airflow/example_dags/example_workday_timetable.py took 0.045 seconds
[2026-02-26T05:34:29.760+0000] {processor.py:186} INFO - Started process (PID=3257) to work on /home/ubuntu/airflow-venv/lib/python3.12/site-packages/airflow/example_dags/example_workday_timetable.py
[2026-02-26T05:34:29.761+0000] {processor.py:914} INFO - Processing file /home/ubuntu/airflow-venv/lib/python3.12/site-packages/airflow/example_dags/example_workday_timetable.py for tasks to queue
[2026-02-26T05:34:29.763+0000] {logging_mixin.py:190} INFO - [2026-02-26T05:34:29.763+0000] {dagbag.py:588} INFO - Filling up the DagBag from /home/ubuntu/airflow-venv/lib/python3.12/site-packages/airflow/example_dags/example_workday_timetable.py
[2026-02-26T05:34:29.767+0000] {processor.py:925} INFO - DAG(s) 'example_workday_timetable' retrieved from /home/ubuntu/airflow-venv/lib/python3.12/site-packages/airflow/example_dags/example_workday_timetable.py
[2026-02-26T05:34:29.776+0000] {logging_mixin.py:190} INFO - [2026-02-26T05:34:29.775+0000] {dag.py:3239} INFO - Sync 1 DAGs
[2026-02-26T05:34:29.787+0000] {logging_mixin.py:190} INFO - [2026-02-26T05:34:29.787+0000] {dag.py:4180} INFO - Setting next_dagrun for example_workday_timetable to 2021-01-01 00:00:00+00:00, run_after=2021-01-02 00:00:00+00:00
[2026-02-26T05:34:29.803+0000] {processor.py:208} INFO - Processing /home/ubuntu/airflow-venv/lib/python3.12/site-packages/airflow/example_dags/example_workday_timetable.py took 0.046 seconds
[2026-02-26T05:35:20.001+0000] {processor.py:186} INFO - Started process (PID=3318) to work on /home/ubuntu/airflow-venv/lib/python3.12/site-packages/airflow/example_dags/example_workday_timetable.py
[2026-02-26T05:35:20.002+0000] {processor.py:914} INFO - Processing file /home/ubuntu/airflow-venv/lib/python3.12/site-packages/airflow/example_dags/example_workday_timetable.py for tasks to queue
[2026-02-26T05:35:20.004+0000] {logging_mixin.py:190} INFO - [2026-02-26T05:35:20.004+0000] {dagbag.py:588} INFO - Filling up the DagBag from /home/ubuntu/airflow-venv/lib/python3.12/site-packages/airflow/example_dags/example_workday_timetable.py
[2026-02-26T05:35:20.008+0000] {processor.py:925} INFO - DAG(s) 'example_workday_timetable' retrieved from /home/ubuntu/airflow-venv/lib/python3.12/site-packages/airflow/example_dags/example_workday_timetable.py
[2026-02-26T05:35:20.017+0000] {logging_mixin.py:190} INFO - [2026-02-26T05:35:20.017+0000] {dag.py:3239} INFO - Sync 1 DAGs
[2026-02-26T05:35:20.029+0000] {logging_mixin.py:190} INFO - [2026-02-26T05:35:20.029+0000] {dag.py:4180} INFO - Setting next_dagrun for example_workday_timetable to 2021-01-01 00:00:00+00:00, run_after=2021-01-02 00:00:00+00:00
[2026-02-26T05:35:20.045+0000] {processor.py:208} INFO - Processing /home/ubuntu/airflow-venv/lib/python3.12/site-packages/airflow/example_dags/example_workday_timetable.py took 0.048 seconds
[2026-02-26T05:36:14.706+0000] {processor.py:186} INFO - Started process (PID=3376) to work on /home/ubuntu/airflow-venv/lib/python3.12/site-packages/airflow/example_dags/example_workday_timetable.py
[2026-02-26T05:36:14.707+0000] {processor.py:914} INFO - Processing file /home/ubuntu/airflow-venv/lib/python3.12/site-packages/airflow/example_dags/example_workday_timetable.py for tasks to queue
[2026-02-26T05:36:14.708+0000] {logging_mixin.py:190} INFO - [2026-02-26T05:36:14.708+0000] {dagbag.py:588} INFO - Filling up the DagBag from /home/ubuntu/airflow-venv/lib/python3.12/site-packages/airflow/example_dags/example_workday_timetable.py
[2026-02-26T05:36:14.713+0000] {processor.py:925} INFO - DAG(s) 'example_workday_timetable' retrieved from /home/ubuntu/airflow-venv/lib/python3.12/site-packages/airflow/example_dags/example_workday_timetable.py
[2026-02-26T05:36:14.722+0000] {logging_mixin.py:190} INFO - [2026-02-26T05:36:14.721+0000] {dag.py:3239} INFO - Sync 1 DAGs
[2026-02-26T05:36:14.733+0000] {logging_mixin.py:190} INFO - [2026-02-26T05:36:14.733+0000] {dag.py:4180} INFO - Setting next_dagrun for example_workday_timetable to 2021-01-01 00:00:00+00:00, run_after=2021-01-02 00:00:00+00:00
[2026-02-26T05:36:14.750+0000] {processor.py:208} INFO - Processing /home/ubuntu/airflow-venv/lib/python3.12/site-packages/airflow/example_dags/example_workday_timetable.py took 0.047 seconds
[2026-02-26T05:37:04.891+0000] {processor.py:186} INFO - Started process (PID=3430) to work on /home/ubuntu/airflow-venv/lib/python3.12/site-packages/airflow/example_dags/example_workday_timetable.py
[2026-02-26T05:37:04.892+0000] {processor.py:914} INFO - Processing file /home/ubuntu/airflow-venv/lib/python3.12/site-packages/airflow/example_dags/example_workday_timetable.py for tasks to queue
[2026-02-26T05:37:04.894+0000] {logging_mixin.py:190} INFO - [2026-02-26T05:37:04.894+0000] {dagbag.py:588} INFO - Filling up the DagBag from /home/ubuntu/airflow-venv/lib/python3.12/site-packages/airflow/example_dags/example_workday_timetable.py
[2026-02-26T05:37:04.898+0000] {processor.py:925} INFO - DAG(s) 'example_workday_timetable' retrieved from /home/ubuntu/airflow-venv/lib/python3.12/site-packages/airflow/example_dags/example_workday_timetable.py
[2026-02-26T05:37:04.907+0000] {logging_mixin.py:190} INFO - [2026-02-26T05:37:04.907+0000] {dag.py:3239} INFO - Sync 1 DAGs
[2026-02-26T05:37:04.920+0000] {logging_mixin.py:190} INFO - [2026-02-26T05:37:04.919+0000] {dag.py:4180} INFO - Setting next_dagrun for example_workday_timetable to 2021-01-01 00:00:00+00:00, run_after=2021-01-02 00:00:00+00:00
[2026-02-26T05:37:04.936+0000] {processor.py:208} INFO - Processing /home/ubuntu/airflow-venv/lib/python3.12/site-packages/airflow/example_dags/example_workday_timetable.py took 0.048 seconds
[2026-02-26T05:37:52.828+0000] {processor.py:186} INFO - Started process (PID=3480) to work on /home/ubuntu/airflow-venv/lib/python3.12/site-packages/airflow/example_dags/example_workday_timetable.py
[2026-02-26T05:37:52.829+0000] {processor.py:914} INFO - Processing file /home/ubuntu/airflow-venv/lib/python3.12/site-packages/airflow/example_dags/example_workday_timetable.py for tasks to queue
[2026-02-26T05:37:52.830+0000] {logging_mixin.py:190} INFO - [2026-02-26T05:37:52.830+0000] {dagbag.py:588} INFO - Filling up the DagBag from /home/ubuntu/airflow-venv/lib/python3.12/site-packages/airflow/example_dags/example_workday_timetable.py
[2026-02-26T05:37:52.834+0000] {processor.py:925} INFO - DAG(s) 'example_workday_timetable' retrieved from /home/ubuntu/airflow-venv/lib/python3.12/site-packages/airflow/example_dags/example_workday_timetable.py
[2026-02-26T05:37:52.843+0000] {logging_mixin.py:190} INFO - [2026-02-26T05:37:52.843+0000] {dag.py:3239} INFO - Sync 1 DAGs
[2026-02-26T05:37:52.856+0000] {logging_mixin.py:190} INFO - [2026-02-26T05:37:52.856+0000] {dag.py:4180} INFO - Setting next_dagrun for example_workday_timetable to 2021-01-01 00:00:00+00:00, run_after=2021-01-02 00:00:00+00:00
[2026-02-26T05:37:52.872+0000] {processor.py:208} INFO - Processing /home/ubuntu/airflow-venv/lib/python3.12/site-packages/airflow/example_dags/example_workday_timetable.py took 0.048 seconds
[2026-02-26T05:38:44.698+0000] {processor.py:186} INFO - Started process (PID=3534) to work on /home/ubuntu/airflow-venv/lib/python3.12/site-packages/airflow/example_dags/example_workday_timetable.py
[2026-02-26T05:38:44.699+0000] {processor.py:914} INFO - Processing file /home/ubuntu/airflow-venv/lib/python3.12/site-packages/airflow/example_dags/example_workday_timetable.py for tasks to queue
[2026-02-26T05:38:44.700+0000] {logging_mixin.py:190} INFO - [2026-02-26T05:38:44.700+0000] {dagbag.py:588} INFO - Filling up the DagBag from /home/ubuntu/airflow-venv/lib/python3.12/site-packages/airflow/example_dags/example_workday_timetable.py
[2026-02-26T05:38:44.704+0000] {processor.py:925} INFO - DAG(s) 'example_workday_timetable' retrieved from /home/ubuntu/airflow-venv/lib/python3.12/site-packages/airflow/example_dags/example_workday_timetable.py
[2026-02-26T05:38:44.713+0000] {logging_mixin.py:190} INFO - [2026-02-26T05:38:44.713+0000] {dag.py:3239} INFO - Sync 1 DAGs
[2026-02-26T05:38:44.725+0000] {logging_mixin.py:190} INFO - [2026-02-26T05:38:44.725+0000] {dag.py:4180} INFO - Setting next_dagrun for example_workday_timetable to 2021-01-01 00:00:00+00:00, run_after=2021-01-02 00:00:00+00:00
[2026-02-26T05:38:44.741+0000] {processor.py:208} INFO - Processing /home/ubuntu/airflow-venv/lib/python3.12/site-packages/airflow/example_dags/example_workday_timetable.py took 0.047 seconds
[2026-02-26T05:39:34.223+0000] {processor.py:186} INFO - Started process (PID=3586) to work on /home/ubuntu/airflow-venv/lib/python3.12/site-packages/airflow/example_dags/example_workday_timetable.py
[2026-02-26T05:39:34.225+0000] {processor.py:914} INFO - Processing file /home/ubuntu/airflow-venv/lib/python3.12/site-packages/airflow/example_dags/example_workday_timetable.py for tasks to queue
[2026-02-26T05:39:34.226+0000] {logging_mixin.py:190} INFO - [2026-02-26T05:39:34.226+0000] {dagbag.py:588} INFO - Filling up the DagBag from /home/ubuntu/airflow-venv/lib/python3.12/site-packages/airflow/example_dags/example_workday_timetable.py
[2026-02-26T05:39:34.230+0000] {processor.py:925} INFO - DAG(s) 'example_workday_timetable' retrieved from /home/ubuntu/airflow-venv/lib/python3.12/site-packages/airflow/example_dags/example_workday_timetable.py
[2026-02-26T05:39:34.239+0000] {logging_mixin.py:190} INFO - [2026-02-26T05:39:34.239+0000] {dag.py:3239} INFO - Sync 1 DAGs
[2026-02-26T05:39:34.251+0000] {logging_mixin.py:190} INFO - [2026-02-26T05:39:34.251+0000] {dag.py:4180} INFO - Setting next_dagrun for example_workday_timetable to 2021-01-01 00:00:00+00:00, run_after=2021-01-02 00:00:00+00:00
[2026-02-26T05:39:34.267+0000] {processor.py:208} INFO - Processing /home/ubuntu/airflow-venv/lib/python3.12/site-packages/airflow/example_dags/example_workday_timetable.py took 0.048 seconds
[2026-02-26T05:40:22.497+0000] {processor.py:186} INFO - Started process (PID=3643) to work on /home/ubuntu/airflow-venv/lib/python3.12/site-packages/airflow/example_dags/example_workday_timetable.py
[2026-02-26T05:40:22.498+0000] {processor.py:914} INFO - Processing file /home/ubuntu/airflow-venv/lib/python3.12/site-packages/airflow/example_dags/example_workday_timetable.py for tasks to queue
[2026-02-26T05:40:22.500+0000] {logging_mixin.py:190} INFO - [2026-02-26T05:40:22.500+0000] {dagbag.py:588} INFO - Filling up the DagBag from /home/ubuntu/airflow-venv/lib/python3.12/site-packages/airflow/example_dags/example_workday_timetable.py
[2026-02-26T05:40:22.504+0000] {processor.py:925} INFO - DAG(s) 'example_workday_timetable' retrieved from /home/ubuntu/airflow-venv/lib/python3.12/site-packages/airflow/example_dags/example_workday_timetable.py
[2026-02-26T05:40:22.512+0000] {logging_mixin.py:190} INFO - [2026-02-26T05:40:22.512+0000] {dag.py:3239} INFO - Sync 1 DAGs
[2026-02-26T05:40:22.524+0000] {logging_mixin.py:190} INFO - [2026-02-26T05:40:22.524+0000] {dag.py:4180} INFO - Setting next_dagrun for example_workday_timetable to 2021-01-01 00:00:00+00:00, run_after=2021-01-02 00:00:00+00:00
[2026-02-26T05:40:22.541+0000] {processor.py:208} INFO - Processing /home/ubuntu/airflow-venv/lib/python3.12/site-packages/airflow/example_dags/example_workday_timetable.py took 0.047 seconds
[2026-02-26T05:41:11.425+0000] {processor.py:186} INFO - Started process (PID=3694) to work on /home/ubuntu/airflow-venv/lib/python3.12/site-packages/airflow/example_dags/example_workday_timetable.py
[2026-02-26T05:41:11.426+0000] {processor.py:914} INFO - Processing file /home/ubuntu/airflow-venv/lib/python3.12/site-packages/airflow/example_dags/example_workday_timetable.py for tasks to queue
[2026-02-26T05:41:11.428+0000] {logging_mixin.py:190} INFO - [2026-02-26T05:41:11.428+0000] {dagbag.py:588} INFO - Filling up the DagBag from /home/ubuntu/airflow-venv/lib/python3.12/site-packages/airflow/example_dags/example_workday_timetable.py
[2026-02-26T05:41:11.432+0000] {processor.py:925} INFO - DAG(s) 'example_workday_timetable' retrieved from /home/ubuntu/airflow-venv/lib/python3.12/site-packages/airflow/example_dags/example_workday_timetable.py
[2026-02-26T05:41:11.441+0000] {logging_mixin.py:190} INFO - [2026-02-26T05:41:11.441+0000] {dag.py:3239} INFO - Sync 1 DAGs
[2026-02-26T05:41:11.452+0000] {logging_mixin.py:190} INFO - [2026-02-26T05:41:11.452+0000] {dag.py:4180} INFO - Setting next_dagrun for example_workday_timetable to 2021-01-01 00:00:00+00:00, run_after=2021-01-02 00:00:00+00:00
[2026-02-26T05:41:11.469+0000] {processor.py:208} INFO - Processing /home/ubuntu/airflow-venv/lib/python3.12/site-packages/airflow/example_dags/example_workday_timetable.py took 0.047 seconds
[2026-02-26T05:42:00.484+0000] {processor.py:186} INFO - Started process (PID=3746) to work on /home/ubuntu/airflow-venv/lib/python3.12/site-packages/airflow/example_dags/example_workday_timetable.py
[2026-02-26T05:42:00.485+0000] {processor.py:914} INFO - Processing file /home/ubuntu/airflow-venv/lib/python3.12/site-packages/airflow/example_dags/example_workday_timetable.py for tasks to queue
[2026-02-26T05:42:00.487+0000] {logging_mixin.py:190} INFO - [2026-02-26T05:42:00.487+0000] {dagbag.py:588} INFO - Filling up the DagBag from /home/ubuntu/airflow-venv/lib/python3.12/site-packages/airflow/example_dags/example_workday_timetable.py
[2026-02-26T05:42:00.491+0000] {processor.py:925} INFO - DAG(s) 'example_workday_timetable' retrieved from /home/ubuntu/airflow-venv/lib/python3.12/site-packages/airflow/example_dags/example_workday_timetable.py
[2026-02-26T05:42:00.500+0000] {logging_mixin.py:190} INFO - [2026-02-26T05:42:00.500+0000] {dag.py:3239} INFO - Sync 1 DAGs
[2026-02-26T05:42:00.513+0000] {logging_mixin.py:190} INFO - [2026-02-26T05:42:00.513+0000] {dag.py:4180} INFO - Setting next_dagrun for example_workday_timetable to 2021-01-01 00:00:00+00:00, run_after=2021-01-02 00:00:00+00:00
[2026-02-26T05:42:00.529+0000] {processor.py:208} INFO - Processing /home/ubuntu/airflow-venv/lib/python3.12/site-packages/airflow/example_dags/example_workday_timetable.py took 0.048 seconds
[2026-02-26T05:42:48.948+0000] {processor.py:186} INFO - Started process (PID=3797) to work on /home/ubuntu/airflow-venv/lib/python3.12/site-packages/airflow/example_dags/example_workday_timetable.py
[2026-02-26T05:42:48.949+0000] {processor.py:914} INFO - Processing file /home/ubuntu/airflow-venv/lib/python3.12/site-packages/airflow/example_dags/example_workday_timetable.py for tasks to queue
[2026-02-26T05:42:48.951+0000] {logging_mixin.py:190} INFO - [2026-02-26T05:42:48.950+0000] {dagbag.py:588} INFO - Filling up the DagBag from /home/ubuntu/airflow-venv/lib/python3.12/site-packages/airflow/example_dags/example_workday_timetable.py
[2026-02-26T05:42:48.955+0000] {processor.py:925} INFO - DAG(s) 'example_workday_timetable' retrieved from /home/ubuntu/airflow-venv/lib/python3.12/site-packages/airflow/example_dags/example_workday_timetable.py
[2026-02-26T05:42:48.964+0000] {logging_mixin.py:190} INFO - [2026-02-26T05:42:48.964+0000] {dag.py:3239} INFO - Sync 1 DAGs
[2026-02-26T05:42:48.976+0000] {logging_mixin.py:190} INFO - [2026-02-26T05:42:48.976+0000] {dag.py:4180} INFO - Setting next_dagrun for example_workday_timetable to 2021-01-01 00:00:00+00:00, run_after=2021-01-02 00:00:00+00:00
[2026-02-26T05:42:48.993+0000] {processor.py:208} INFO - Processing /home/ubuntu/airflow-venv/lib/python3.12/site-packages/airflow/example_dags/example_workday_timetable.py took 0.048 seconds
[2026-02-26T05:43:39.197+0000] {processor.py:186} INFO - Started process (PID=3848) to work on /home/ubuntu/airflow-venv/lib/python3.12/site-packages/airflow/example_dags/example_workday_timetable.py
[2026-02-26T05:43:39.198+0000] {processor.py:914} INFO - Processing file /home/ubuntu/airflow-venv/lib/python3.12/site-packages/airflow/example_dags/example_workday_timetable.py for tasks to queue
[2026-02-26T05:43:39.199+0000] {logging_mixin.py:190} INFO - [2026-02-26T05:43:39.199+0000] {dagbag.py:588} INFO - Filling up the DagBag from /home/ubuntu/airflow-venv/lib/python3.12/site-packages/airflow/example_dags/example_workday_timetable.py
[2026-02-26T05:43:39.203+0000] {processor.py:925} INFO - DAG(s) 'example_workday_timetable' retrieved from /home/ubuntu/airflow-venv/lib/python3.12/site-packages/airflow/example_dags/example_workday_timetable.py
[2026-02-26T05:43:39.212+0000] {logging_mixin.py:190} INFO - [2026-02-26T05:43:39.212+0000] {dag.py:3239} INFO - Sync 1 DAGs
[2026-02-26T05:43:39.224+0000] {logging_mixin.py:190} INFO - [2026-02-26T05:43:39.224+0000] {dag.py:4180} INFO - Setting next_dagrun for example_workday_timetable to 2021-01-01 00:00:00+00:00, run_after=2021-01-02 00:00:00+00:00
[2026-02-26T05:43:39.240+0000] {processor.py:208} INFO - Processing /home/ubuntu/airflow-venv/lib/python3.12/site-packages/airflow/example_dags/example_workday_timetable.py took 0.047 seconds
[2026-02-26T05:44:28.779+0000] {processor.py:186} INFO - Started process (PID=3901) to work on /home/ubuntu/airflow-venv/lib/python3.12/site-packages/airflow/example_dags/example_workday_timetable.py
[2026-02-26T05:44:28.780+0000] {processor.py:914} INFO - Processing file /home/ubuntu/airflow-venv/lib/python3.12/site-packages/airflow/example_dags/example_workday_timetable.py for tasks to queue
[2026-02-26T05:44:28.781+0000] {logging_mixin.py:190} INFO - [2026-02-26T05:44:28.781+0000] {dagbag.py:588} INFO - Filling up the DagBag from /home/ubuntu/airflow-venv/lib/python3.12/site-packages/airflow/example_dags/example_workday_timetable.py
[2026-02-26T05:44:28.785+0000] {processor.py:925} INFO - DAG(s) 'example_workday_timetable' retrieved from /home/ubuntu/airflow-venv/lib/python3.12/site-packages/airflow/example_dags/example_workday_timetable.py
[2026-02-26T05:44:28.794+0000] {logging_mixin.py:190} INFO - [2026-02-26T05:44:28.794+0000] {dag.py:3239} INFO - Sync 1 DAGs
[2026-02-26T05:44:28.806+0000] {logging_mixin.py:190} INFO - [2026-02-26T05:44:28.805+0000] {dag.py:4180} INFO - Setting next_dagrun for example_workday_timetable to 2021-01-01 00:00:00+00:00, run_after=2021-01-02 00:00:00+00:00
[2026-02-26T05:44:28.822+0000] {processor.py:208} INFO - Processing /home/ubuntu/airflow-venv/lib/python3.12/site-packages/airflow/example_dags/example_workday_timetable.py took 0.047 seconds
[2026-02-26T06:13:44.262+0000] {processor.py:186} INFO - Started process (PID=2696) to work on /home/ubuntu/airflow-venv/lib/python3.12/site-packages/airflow/example_dags/example_workday_timetable.py
[2026-02-26T06:13:44.264+0000] {processor.py:914} INFO - Processing file /home/ubuntu/airflow-venv/lib/python3.12/site-packages/airflow/example_dags/example_workday_timetable.py for tasks to queue
[2026-02-26T06:13:44.266+0000] {logging_mixin.py:190} INFO - [2026-02-26T06:13:44.265+0000] {dagbag.py:588} INFO - Filling up the DagBag from /home/ubuntu/airflow-venv/lib/python3.12/site-packages/airflow/example_dags/example_workday_timetable.py
[2026-02-26T06:13:44.270+0000] {processor.py:925} INFO - DAG(s) 'example_workday_timetable' retrieved from /home/ubuntu/airflow-venv/lib/python3.12/site-packages/airflow/example_dags/example_workday_timetable.py
[2026-02-26T06:13:44.282+0000] {logging_mixin.py:190} INFO - [2026-02-26T06:13:44.281+0000] {dag.py:3239} INFO - Sync 1 DAGs
[2026-02-26T06:13:44.295+0000] {logging_mixin.py:190} INFO - [2026-02-26T06:13:44.295+0000] {dag.py:4180} INFO - Setting next_dagrun for example_workday_timetable to 2021-01-01 00:00:00+00:00, run_after=2021-01-02 00:00:00+00:00
[2026-02-26T06:13:44.311+0000] {processor.py:208} INFO - Processing /home/ubuntu/airflow-venv/lib/python3.12/site-packages/airflow/example_dags/example_workday_timetable.py took 0.052 seconds
[2026-02-26T06:14:44.480+0000] {processor.py:186} INFO - Started process (PID=2760) to work on /home/ubuntu/airflow-venv/lib/python3.12/site-packages/airflow/example_dags/example_workday_timetable.py
[2026-02-26T06:14:44.481+0000] {processor.py:914} INFO - Processing file /home/ubuntu/airflow-venv/lib/python3.12/site-packages/airflow/example_dags/example_workday_timetable.py for tasks to queue
[2026-02-26T06:14:44.483+0000] {logging_mixin.py:190} INFO - [2026-02-26T06:14:44.483+0000] {dagbag.py:588} INFO - Filling up the DagBag from /home/ubuntu/airflow-venv/lib/python3.12/site-packages/airflow/example_dags/example_workday_timetable.py
[2026-02-26T06:14:44.487+0000] {processor.py:925} INFO - DAG(s) 'example_workday_timetable' retrieved from /home/ubuntu/airflow-venv/lib/python3.12/site-packages/airflow/example_dags/example_workday_timetable.py
[2026-02-26T06:14:44.496+0000] {logging_mixin.py:190} INFO - [2026-02-26T06:14:44.496+0000] {dag.py:3239} INFO - Sync 1 DAGs
[2026-02-26T06:14:44.509+0000] {logging_mixin.py:190} INFO - [2026-02-26T06:14:44.508+0000] {dag.py:4180} INFO - Setting next_dagrun for example_workday_timetable to 2021-01-01 00:00:00+00:00, run_after=2021-01-02 00:00:00+00:00
[2026-02-26T06:14:44.526+0000] {processor.py:208} INFO - Processing /home/ubuntu/airflow-venv/lib/python3.12/site-packages/airflow/example_dags/example_workday_timetable.py took 0.050 seconds
[2026-02-26T06:15:42.060+0000] {processor.py:186} INFO - Started process (PID=2827) to work on /home/ubuntu/airflow-venv/lib/python3.12/site-packages/airflow/example_dags/example_workday_timetable.py
[2026-02-26T06:15:42.061+0000] {processor.py:914} INFO - Processing file /home/ubuntu/airflow-venv/lib/python3.12/site-packages/airflow/example_dags/example_workday_timetable.py for tasks to queue
[2026-02-26T06:15:42.063+0000] {logging_mixin.py:190} INFO - [2026-02-26T06:15:42.062+0000] {dagbag.py:588} INFO - Filling up the DagBag from /home/ubuntu/airflow-venv/lib/python3.12/site-packages/airflow/example_dags/example_workday_timetable.py
[2026-02-26T06:15:42.066+0000] {processor.py:925} INFO - DAG(s) 'example_workday_timetable' retrieved from /home/ubuntu/airflow-venv/lib/python3.12/site-packages/airflow/example_dags/example_workday_timetable.py
[2026-02-26T06:15:42.076+0000] {logging_mixin.py:190} INFO - [2026-02-26T06:15:42.075+0000] {dag.py:3239} INFO - Sync 1 DAGs
[2026-02-26T06:15:42.087+0000] {logging_mixin.py:190} INFO - [2026-02-26T06:15:42.087+0000] {dag.py:4180} INFO - Setting next_dagrun for example_workday_timetable to 2021-01-01 00:00:00+00:00, run_after=2021-01-02 00:00:00+00:00
[2026-02-26T06:15:42.104+0000] {processor.py:208} INFO - Processing /home/ubuntu/airflow-venv/lib/python3.12/site-packages/airflow/example_dags/example_workday_timetable.py took 0.048 seconds
[2026-02-26T06:16:34.580+0000] {processor.py:186} INFO - Started process (PID=2883) to work on /home/ubuntu/airflow-venv/lib/python3.12/site-packages/airflow/example_dags/example_workday_timetable.py
[2026-02-26T06:16:34.582+0000] {processor.py:914} INFO - Processing file /home/ubuntu/airflow-venv/lib/python3.12/site-packages/airflow/example_dags/example_workday_timetable.py for tasks to queue
[2026-02-26T06:16:34.584+0000] {logging_mixin.py:190} INFO - [2026-02-26T06:16:34.583+0000] {dagbag.py:588} INFO - Filling up the DagBag from /home/ubuntu/airflow-venv/lib/python3.12/site-packages/airflow/example_dags/example_workday_timetable.py
[2026-02-26T06:16:34.588+0000] {processor.py:925} INFO - DAG(s) 'example_workday_timetable' retrieved from /home/ubuntu/airflow-venv/lib/python3.12/site-packages/airflow/example_dags/example_workday_timetable.py
[2026-02-26T06:16:34.597+0000] {logging_mixin.py:190} INFO - [2026-02-26T06:16:34.597+0000] {dag.py:3239} INFO - Sync 1 DAGs
[2026-02-26T06:16:34.610+0000] {logging_mixin.py:190} INFO - [2026-02-26T06:16:34.610+0000] {dag.py:4180} INFO - Setting next_dagrun for example_workday_timetable to 2021-01-01 00:00:00+00:00, run_after=2021-01-02 00:00:00+00:00
[2026-02-26T06:16:34.627+0000] {processor.py:208} INFO - Processing /home/ubuntu/airflow-venv/lib/python3.12/site-packages/airflow/example_dags/example_workday_timetable.py took 0.050 seconds
[2026-02-26T06:17:24.772+0000] {processor.py:186} INFO - Started process (PID=2938) to work on /home/ubuntu/airflow-venv/lib/python3.12/site-packages/airflow/example_dags/example_workday_timetable.py
[2026-02-26T06:17:24.773+0000] {processor.py:914} INFO - Processing file /home/ubuntu/airflow-venv/lib/python3.12/site-packages/airflow/example_dags/example_workday_timetable.py for tasks to queue
[2026-02-26T06:17:24.775+0000] {logging_mixin.py:190} INFO - [2026-02-26T06:17:24.775+0000] {dagbag.py:588} INFO - Filling up the DagBag from /home/ubuntu/airflow-venv/lib/python3.12/site-packages/airflow/example_dags/example_workday_timetable.py
[2026-02-26T06:17:24.779+0000] {processor.py:925} INFO - DAG(s) 'example_workday_timetable' retrieved from /home/ubuntu/airflow-venv/lib/python3.12/site-packages/airflow/example_dags/example_workday_timetable.py
[2026-02-26T06:17:24.788+0000] {logging_mixin.py:190} INFO - [2026-02-26T06:17:24.788+0000] {dag.py:3239} INFO - Sync 1 DAGs
[2026-02-26T06:17:24.801+0000] {logging_mixin.py:190} INFO - [2026-02-26T06:17:24.801+0000] {dag.py:4180} INFO - Setting next_dagrun for example_workday_timetable to 2021-01-01 00:00:00+00:00, run_after=2021-01-02 00:00:00+00:00
[2026-02-26T06:17:24.817+0000] {processor.py:208} INFO - Processing /home/ubuntu/airflow-venv/lib/python3.12/site-packages/airflow/example_dags/example_workday_timetable.py took 0.049 seconds
[2026-02-26T06:18:13.839+0000] {processor.py:186} INFO - Started process (PID=2990) to work on /home/ubuntu/airflow-venv/lib/python3.12/site-packages/airflow/example_dags/example_workday_timetable.py
[2026-02-26T06:18:13.840+0000] {processor.py:914} INFO - Processing file /home/ubuntu/airflow-venv/lib/python3.12/site-packages/airflow/example_dags/example_workday_timetable.py for tasks to queue
[2026-02-26T06:18:13.842+0000] {logging_mixin.py:190} INFO - [2026-02-26T06:18:13.841+0000] {dagbag.py:588} INFO - Filling up the DagBag from /home/ubuntu/airflow-venv/lib/python3.12/site-packages/airflow/example_dags/example_workday_timetable.py
[2026-02-26T06:18:13.845+0000] {processor.py:925} INFO - DAG(s) 'example_workday_timetable' retrieved from /home/ubuntu/airflow-venv/lib/python3.12/site-packages/airflow/example_dags/example_workday_timetable.py
[2026-02-26T06:18:13.855+0000] {logging_mixin.py:190} INFO - [2026-02-26T06:18:13.855+0000] {dag.py:3239} INFO - Sync 1 DAGs
[2026-02-26T06:18:13.867+0000] {logging_mixin.py:190} INFO - [2026-02-26T06:18:13.867+0000] {dag.py:4180} INFO - Setting next_dagrun for example_workday_timetable to 2021-01-01 00:00:00+00:00, run_after=2021-01-02 00:00:00+00:00
[2026-02-26T06:18:13.884+0000] {processor.py:208} INFO - Processing /home/ubuntu/airflow-venv/lib/python3.12/site-packages/airflow/example_dags/example_workday_timetable.py took 0.048 seconds
[2026-02-26T06:19:10.375+0000] {processor.py:186} INFO - Started process (PID=3044) to work on /home/ubuntu/airflow-venv/lib/python3.12/site-packages/airflow/example_dags/example_workday_timetable.py
[2026-02-26T06:19:10.376+0000] {processor.py:914} INFO - Processing file /home/ubuntu/airflow-venv/lib/python3.12/site-packages/airflow/example_dags/example_workday_timetable.py for tasks to queue
[2026-02-26T06:19:10.378+0000] {logging_mixin.py:190} INFO - [2026-02-26T06:19:10.377+0000] {dagbag.py:588} INFO - Filling up the DagBag from /home/ubuntu/airflow-venv/lib/python3.12/site-packages/airflow/example_dags/example_workday_timetable.py
[2026-02-26T06:19:10.382+0000] {processor.py:925} INFO - DAG(s) 'example_workday_timetable' retrieved from /home/ubuntu/airflow-venv/lib/python3.12/site-packages/airflow/example_dags/example_workday_timetable.py
[2026-02-26T06:19:10.392+0000] {logging_mixin.py:190} INFO - [2026-02-26T06:19:10.391+0000] {dag.py:3239} INFO - Sync 1 DAGs
[2026-02-26T06:19:10.476+0000] {logging_mixin.py:190} INFO - [2026-02-26T06:19:10.475+0000] {dag.py:4180} INFO - Setting next_dagrun for example_workday_timetable to 2021-01-01 00:00:00+00:00, run_after=2021-01-02 00:00:00+00:00
[2026-02-26T06:19:10.491+0000] {processor.py:208} INFO - Processing /home/ubuntu/airflow-venv/lib/python3.12/site-packages/airflow/example_dags/example_workday_timetable.py took 0.120 seconds
[2026-02-26T06:20:06.597+0000] {processor.py:186} INFO - Started process (PID=3101) to work on /home/ubuntu/airflow-venv/lib/python3.12/site-packages/airflow/example_dags/example_workday_timetable.py
[2026-02-26T06:20:06.598+0000] {processor.py:914} INFO - Processing file /home/ubuntu/airflow-venv/lib/python3.12/site-packages/airflow/example_dags/example_workday_timetable.py for tasks to queue
[2026-02-26T06:20:06.600+0000] {logging_mixin.py:190} INFO - [2026-02-26T06:20:06.600+0000] {dagbag.py:588} INFO - Filling up the DagBag from /home/ubuntu/airflow-venv/lib/python3.12/site-packages/airflow/example_dags/example_workday_timetable.py
[2026-02-26T06:20:06.604+0000] {processor.py:925} INFO - DAG(s) 'example_workday_timetable' retrieved from /home/ubuntu/airflow-venv/lib/python3.12/site-packages/airflow/example_dags/example_workday_timetable.py
[2026-02-26T06:20:06.614+0000] {logging_mixin.py:190} INFO - [2026-02-26T06:20:06.614+0000] {dag.py:3239} INFO - Sync 1 DAGs
[2026-02-26T06:20:06.627+0000] {logging_mixin.py:190} INFO - [2026-02-26T06:20:06.627+0000] {dag.py:4180} INFO - Setting next_dagrun for example_workday_timetable to 2021-01-01 00:00:00+00:00, run_after=2021-01-02 00:00:00+00:00
[2026-02-26T06:20:06.646+0000] {processor.py:208} INFO - Processing /home/ubuntu/airflow-venv/lib/python3.12/site-packages/airflow/example_dags/example_workday_timetable.py took 0.052 seconds
[2026-02-26T06:20:57.252+0000] {processor.py:186} INFO - Started process (PID=3158) to work on /home/ubuntu/airflow-venv/lib/python3.12/site-packages/airflow/example_dags/example_workday_timetable.py
[2026-02-26T06:20:57.253+0000] {processor.py:914} INFO - Processing file /home/ubuntu/airflow-venv/lib/python3.12/site-packages/airflow/example_dags/example_workday_timetable.py for tasks to queue
[2026-02-26T06:20:57.255+0000] {logging_mixin.py:190} INFO - [2026-02-26T06:20:57.254+0000] {dagbag.py:588} INFO - Filling up the DagBag from /home/ubuntu/airflow-venv/lib/python3.12/site-packages/airflow/example_dags/example_workday_timetable.py
[2026-02-26T06:20:57.259+0000] {processor.py:925} INFO - DAG(s) 'example_workday_timetable' retrieved from /home/ubuntu/airflow-venv/lib/python3.12/site-packages/airflow/example_dags/example_workday_timetable.py
[2026-02-26T06:20:57.268+0000] {logging_mixin.py:190} INFO - [2026-02-26T06:20:57.268+0000] {dag.py:3239} INFO - Sync 1 DAGs
[2026-02-26T06:20:57.281+0000] {logging_mixin.py:190} INFO - [2026-02-26T06:20:57.281+0000] {dag.py:4180} INFO - Setting next_dagrun for example_workday_timetable to 2021-01-01 00:00:00+00:00, run_after=2021-01-02 00:00:00+00:00
[2026-02-26T06:20:57.299+0000] {processor.py:208} INFO - Processing /home/ubuntu/airflow-venv/lib/python3.12/site-packages/airflow/example_dags/example_workday_timetable.py took 0.052 seconds
[2026-02-26T06:21:43.503+0000] {processor.py:186} INFO - Started process (PID=3208) to work on /home/ubuntu/airflow-venv/lib/python3.12/site-packages/airflow/example_dags/example_workday_timetable.py
[2026-02-26T06:21:43.504+0000] {processor.py:914} INFO - Processing file /home/ubuntu/airflow-venv/lib/python3.12/site-packages/airflow/example_dags/example_workday_timetable.py for tasks to queue
[2026-02-26T06:21:43.506+0000] {logging_mixin.py:190} INFO - [2026-02-26T06:21:43.506+0000] {dagbag.py:588} INFO - Filling up the DagBag from /home/ubuntu/airflow-venv/lib/python3.12/site-packages/airflow/example_dags/example_workday_timetable.py
[2026-02-26T06:21:43.510+0000] {processor.py:925} INFO - DAG(s) 'example_workday_timetable' retrieved from /home/ubuntu/airflow-venv/lib/python3.12/site-packages/airflow/example_dags/example_workday_timetable.py
[2026-02-26T06:21:43.520+0000] {logging_mixin.py:190} INFO - [2026-02-26T06:21:43.520+0000] {dag.py:3239} INFO - Sync 1 DAGs
[2026-02-26T06:21:43.533+0000] {logging_mixin.py:190} INFO - [2026-02-26T06:21:43.533+0000] {dag.py:4180} INFO - Setting next_dagrun for example_workday_timetable to 2021-01-01 00:00:00+00:00, run_after=2021-01-02 00:00:00+00:00
[2026-02-26T06:21:43.550+0000] {processor.py:208} INFO - Processing /home/ubuntu/airflow-venv/lib/python3.12/site-packages/airflow/example_dags/example_workday_timetable.py took 0.051 seconds
[2026-02-26T06:22:31.457+0000] {processor.py:186} INFO - Started process (PID=3259) to work on /home/ubuntu/airflow-venv/lib/python3.12/site-packages/airflow/example_dags/example_workday_timetable.py
[2026-02-26T06:22:31.458+0000] {processor.py:914} INFO - Processing file /home/ubuntu/airflow-venv/lib/python3.12/site-packages/airflow/example_dags/example_workday_timetable.py for tasks to queue
[2026-02-26T06:22:31.460+0000] {logging_mixin.py:190} INFO - [2026-02-26T06:22:31.459+0000] {dagbag.py:588} INFO - Filling up the DagBag from /home/ubuntu/airflow-venv/lib/python3.12/site-packages/airflow/example_dags/example_workday_timetable.py
[2026-02-26T06:22:31.464+0000] {processor.py:925} INFO - DAG(s) 'example_workday_timetable' retrieved from /home/ubuntu/airflow-venv/lib/python3.12/site-packages/airflow/example_dags/example_workday_timetable.py
[2026-02-26T06:22:31.474+0000] {logging_mixin.py:190} INFO - [2026-02-26T06:22:31.474+0000] {dag.py:3239} INFO - Sync 1 DAGs
[2026-02-26T06:22:31.487+0000] {logging_mixin.py:190} INFO - [2026-02-26T06:22:31.487+0000] {dag.py:4180} INFO - Setting next_dagrun for example_workday_timetable to 2021-01-01 00:00:00+00:00, run_after=2021-01-02 00:00:00+00:00
[2026-02-26T06:22:31.504+0000] {processor.py:208} INFO - Processing /home/ubuntu/airflow-venv/lib/python3.12/site-packages/airflow/example_dags/example_workday_timetable.py took 0.051 seconds
[2026-02-26T06:23:23.986+0000] {processor.py:186} INFO - Started process (PID=3313) to work on /home/ubuntu/airflow-venv/lib/python3.12/site-packages/airflow/example_dags/example_workday_timetable.py
[2026-02-26T06:23:23.987+0000] {processor.py:914} INFO - Processing file /home/ubuntu/airflow-venv/lib/python3.12/site-packages/airflow/example_dags/example_workday_timetable.py for tasks to queue
[2026-02-26T06:23:23.988+0000] {logging_mixin.py:190} INFO - [2026-02-26T06:23:23.988+0000] {dagbag.py:588} INFO - Filling up the DagBag from /home/ubuntu/airflow-venv/lib/python3.12/site-packages/airflow/example_dags/example_workday_timetable.py
[2026-02-26T06:23:23.992+0000] {processor.py:925} INFO - DAG(s) 'example_workday_timetable' retrieved from /home/ubuntu/airflow-venv/lib/python3.12/site-packages/airflow/example_dags/example_workday_timetable.py
[2026-02-26T06:23:24.002+0000] {logging_mixin.py:190} INFO - [2026-02-26T06:23:24.002+0000] {dag.py:3239} INFO - Sync 1 DAGs
[2026-02-26T06:23:24.016+0000] {logging_mixin.py:190} INFO - [2026-02-26T06:23:24.016+0000] {dag.py:4180} INFO - Setting next_dagrun for example_workday_timetable to 2021-01-01 00:00:00+00:00, run_after=2021-01-02 00:00:00+00:00
[2026-02-26T06:23:24.033+0000] {processor.py:208} INFO - Processing /home/ubuntu/airflow-venv/lib/python3.12/site-packages/airflow/example_dags/example_workday_timetable.py took 0.051 seconds
[2026-02-26T06:24:16.351+0000] {processor.py:186} INFO - Started process (PID=3367) to work on /home/ubuntu/airflow-venv/lib/python3.12/site-packages/airflow/example_dags/example_workday_timetable.py
[2026-02-26T06:24:16.352+0000] {processor.py:914} INFO - Processing file /home/ubuntu/airflow-venv/lib/python3.12/site-packages/airflow/example_dags/example_workday_timetable.py for tasks to queue
[2026-02-26T06:24:16.354+0000] {logging_mixin.py:190} INFO - [2026-02-26T06:24:16.354+0000] {dagbag.py:588} INFO - Filling up the DagBag from /home/ubuntu/airflow-venv/lib/python3.12/site-packages/airflow/example_dags/example_workday_timetable.py
[2026-02-26T06:24:16.358+0000] {processor.py:925} INFO - DAG(s) 'example_workday_timetable' retrieved from /home/ubuntu/airflow-venv/lib/python3.12/site-packages/airflow/example_dags/example_workday_timetable.py
[2026-02-26T06:24:16.368+0000] {logging_mixin.py:190} INFO - [2026-02-26T06:24:16.368+0000] {dag.py:3239} INFO - Sync 1 DAGs
[2026-02-26T06:24:16.381+0000] {logging_mixin.py:190} INFO - [2026-02-26T06:24:16.381+0000] {dag.py:4180} INFO - Setting next_dagrun for example_workday_timetable to 2021-01-01 00:00:00+00:00, run_after=2021-01-02 00:00:00+00:00
[2026-02-26T06:24:16.399+0000] {processor.py:208} INFO - Processing /home/ubuntu/airflow-venv/lib/python3.12/site-packages/airflow/example_dags/example_workday_timetable.py took 0.051 seconds
