[2026-02-26T05:23:16.623+0000] {processor.py:186} INFO - Started process (PID=2163) to work on /home/ubuntu/airflow-venv/lib/python3.12/site-packages/airflow/example_dags/example_branch_python_dop_operator_3.py
[2026-02-26T05:23:16.624+0000] {processor.py:914} INFO - Processing file /home/ubuntu/airflow-venv/lib/python3.12/site-packages/airflow/example_dags/example_branch_python_dop_operator_3.py for tasks to queue
[2026-02-26T05:23:16.625+0000] {logging_mixin.py:190} INFO - [2026-02-26T05:23:16.625+0000] {dagbag.py:588} INFO - Filling up the DagBag from /home/ubuntu/airflow-venv/lib/python3.12/site-packages/airflow/example_dags/example_branch_python_dop_operator_3.py
[2026-02-26T05:23:16.631+0000] {processor.py:925} INFO - DAG(s) 'example_branch_dop_operator_v3' retrieved from /home/ubuntu/airflow-venv/lib/python3.12/site-packages/airflow/example_dags/example_branch_python_dop_operator_3.py
[2026-02-26T05:23:16.640+0000] {logging_mixin.py:190} INFO - [2026-02-26T05:23:16.640+0000] {dag.py:3239} INFO - Sync 1 DAGs
[2026-02-26T05:23:16.653+0000] {logging_mixin.py:190} INFO - [2026-02-26T05:23:16.653+0000] {dag.py:4180} INFO - Setting next_dagrun for example_branch_dop_operator_v3 to 2026-02-26 05:22:00+00:00, run_after=2026-02-26 05:23:00+00:00
[2026-02-26T05:23:16.668+0000] {processor.py:208} INFO - Processing /home/ubuntu/airflow-venv/lib/python3.12/site-packages/airflow/example_dags/example_branch_python_dop_operator_3.py took 0.049 seconds
[2026-02-26T05:24:10.270+0000] {processor.py:186} INFO - Started process (PID=2220) to work on /home/ubuntu/airflow-venv/lib/python3.12/site-packages/airflow/example_dags/example_branch_python_dop_operator_3.py
[2026-02-26T05:24:10.271+0000] {processor.py:914} INFO - Processing file /home/ubuntu/airflow-venv/lib/python3.12/site-packages/airflow/example_dags/example_branch_python_dop_operator_3.py for tasks to queue
[2026-02-26T05:24:10.272+0000] {logging_mixin.py:190} INFO - [2026-02-26T05:24:10.272+0000] {dagbag.py:588} INFO - Filling up the DagBag from /home/ubuntu/airflow-venv/lib/python3.12/site-packages/airflow/example_dags/example_branch_python_dop_operator_3.py
[2026-02-26T05:24:10.279+0000] {processor.py:925} INFO - DAG(s) 'example_branch_dop_operator_v3' retrieved from /home/ubuntu/airflow-venv/lib/python3.12/site-packages/airflow/example_dags/example_branch_python_dop_operator_3.py
[2026-02-26T05:24:10.287+0000] {logging_mixin.py:190} INFO - [2026-02-26T05:24:10.287+0000] {dag.py:3239} INFO - Sync 1 DAGs
[2026-02-26T05:24:10.300+0000] {logging_mixin.py:190} INFO - [2026-02-26T05:24:10.300+0000] {dag.py:4180} INFO - Setting next_dagrun for example_branch_dop_operator_v3 to 2026-02-26 05:23:00+00:00, run_after=2026-02-26 05:24:00+00:00
[2026-02-26T05:24:10.316+0000] {processor.py:208} INFO - Processing /home/ubuntu/airflow-venv/lib/python3.12/site-packages/airflow/example_dags/example_branch_python_dop_operator_3.py took 0.050 seconds
[2026-02-26T05:25:23.872+0000] {processor.py:186} INFO - Started process (PID=2307) to work on /home/ubuntu/airflow-venv/lib/python3.12/site-packages/airflow/example_dags/example_branch_python_dop_operator_3.py
[2026-02-26T05:25:23.873+0000] {processor.py:914} INFO - Processing file /home/ubuntu/airflow-venv/lib/python3.12/site-packages/airflow/example_dags/example_branch_python_dop_operator_3.py for tasks to queue
[2026-02-26T05:25:23.874+0000] {logging_mixin.py:190} INFO - [2026-02-26T05:25:23.874+0000] {dagbag.py:588} INFO - Filling up the DagBag from /home/ubuntu/airflow-venv/lib/python3.12/site-packages/airflow/example_dags/example_branch_python_dop_operator_3.py
[2026-02-26T05:25:23.880+0000] {processor.py:925} INFO - DAG(s) 'example_branch_dop_operator_v3' retrieved from /home/ubuntu/airflow-venv/lib/python3.12/site-packages/airflow/example_dags/example_branch_python_dop_operator_3.py
[2026-02-26T05:25:23.889+0000] {logging_mixin.py:190} INFO - [2026-02-26T05:25:23.889+0000] {dag.py:3239} INFO - Sync 1 DAGs
[2026-02-26T05:25:23.902+0000] {logging_mixin.py:190} INFO - [2026-02-26T05:25:23.902+0000] {dag.py:4180} INFO - Setting next_dagrun for example_branch_dop_operator_v3 to 2026-02-26 05:24:00+00:00, run_after=2026-02-26 05:25:00+00:00
[2026-02-26T05:25:23.918+0000] {processor.py:208} INFO - Processing /home/ubuntu/airflow-venv/lib/python3.12/site-packages/airflow/example_dags/example_branch_python_dop_operator_3.py took 0.050 seconds
[2026-02-26T05:26:36.899+0000] {processor.py:186} INFO - Started process (PID=2395) to work on /home/ubuntu/airflow-venv/lib/python3.12/site-packages/airflow/example_dags/example_branch_python_dop_operator_3.py
[2026-02-26T05:26:36.901+0000] {processor.py:914} INFO - Processing file /home/ubuntu/airflow-venv/lib/python3.12/site-packages/airflow/example_dags/example_branch_python_dop_operator_3.py for tasks to queue
[2026-02-26T05:26:36.902+0000] {logging_mixin.py:190} INFO - [2026-02-26T05:26:36.902+0000] {dagbag.py:588} INFO - Filling up the DagBag from /home/ubuntu/airflow-venv/lib/python3.12/site-packages/airflow/example_dags/example_branch_python_dop_operator_3.py
[2026-02-26T05:26:36.908+0000] {processor.py:925} INFO - DAG(s) 'example_branch_dop_operator_v3' retrieved from /home/ubuntu/airflow-venv/lib/python3.12/site-packages/airflow/example_dags/example_branch_python_dop_operator_3.py
[2026-02-26T05:26:36.917+0000] {logging_mixin.py:190} INFO - [2026-02-26T05:26:36.917+0000] {dag.py:3239} INFO - Sync 1 DAGs
[2026-02-26T05:26:36.930+0000] {logging_mixin.py:190} INFO - [2026-02-26T05:26:36.930+0000] {dag.py:4180} INFO - Setting next_dagrun for example_branch_dop_operator_v3 to 2026-02-26 05:25:00+00:00, run_after=2026-02-26 05:26:00+00:00
[2026-02-26T05:26:36.945+0000] {processor.py:208} INFO - Processing /home/ubuntu/airflow-venv/lib/python3.12/site-packages/airflow/example_dags/example_branch_python_dop_operator_3.py took 0.049 seconds
[2026-02-26T05:27:49.881+0000] {processor.py:186} INFO - Started process (PID=2836) to work on /home/ubuntu/airflow-venv/lib/python3.12/site-packages/airflow/example_dags/example_branch_python_dop_operator_3.py
[2026-02-26T05:27:49.882+0000] {processor.py:914} INFO - Processing file /home/ubuntu/airflow-venv/lib/python3.12/site-packages/airflow/example_dags/example_branch_python_dop_operator_3.py for tasks to queue
[2026-02-26T05:27:49.884+0000] {logging_mixin.py:190} INFO - [2026-02-26T05:27:49.884+0000] {dagbag.py:588} INFO - Filling up the DagBag from /home/ubuntu/airflow-venv/lib/python3.12/site-packages/airflow/example_dags/example_branch_python_dop_operator_3.py
[2026-02-26T05:27:49.890+0000] {processor.py:925} INFO - DAG(s) 'example_branch_dop_operator_v3' retrieved from /home/ubuntu/airflow-venv/lib/python3.12/site-packages/airflow/example_dags/example_branch_python_dop_operator_3.py
[2026-02-26T05:27:49.899+0000] {logging_mixin.py:190} INFO - [2026-02-26T05:27:49.899+0000] {dag.py:3239} INFO - Sync 1 DAGs
[2026-02-26T05:27:49.912+0000] {logging_mixin.py:190} INFO - [2026-02-26T05:27:49.912+0000] {dag.py:4180} INFO - Setting next_dagrun for example_branch_dop_operator_v3 to 2026-02-26 05:26:00+00:00, run_after=2026-02-26 05:27:00+00:00
[2026-02-26T05:27:49.929+0000] {processor.py:208} INFO - Processing /home/ubuntu/airflow-venv/lib/python3.12/site-packages/airflow/example_dags/example_branch_python_dop_operator_3.py took 0.051 seconds
[2026-02-26T05:28:45.907+0000] {processor.py:186} INFO - Started process (PID=2894) to work on /home/ubuntu/airflow-venv/lib/python3.12/site-packages/airflow/example_dags/example_branch_python_dop_operator_3.py
[2026-02-26T05:28:45.908+0000] {processor.py:914} INFO - Processing file /home/ubuntu/airflow-venv/lib/python3.12/site-packages/airflow/example_dags/example_branch_python_dop_operator_3.py for tasks to queue
[2026-02-26T05:28:45.909+0000] {logging_mixin.py:190} INFO - [2026-02-26T05:28:45.909+0000] {dagbag.py:588} INFO - Filling up the DagBag from /home/ubuntu/airflow-venv/lib/python3.12/site-packages/airflow/example_dags/example_branch_python_dop_operator_3.py
[2026-02-26T05:28:45.916+0000] {processor.py:925} INFO - DAG(s) 'example_branch_dop_operator_v3' retrieved from /home/ubuntu/airflow-venv/lib/python3.12/site-packages/airflow/example_dags/example_branch_python_dop_operator_3.py
[2026-02-26T05:28:45.925+0000] {logging_mixin.py:190} INFO - [2026-02-26T05:28:45.925+0000] {dag.py:3239} INFO - Sync 1 DAGs
[2026-02-26T05:28:45.938+0000] {logging_mixin.py:190} INFO - [2026-02-26T05:28:45.938+0000] {dag.py:4180} INFO - Setting next_dagrun for example_branch_dop_operator_v3 to 2026-02-26 05:27:00+00:00, run_after=2026-02-26 05:28:00+00:00
[2026-02-26T05:28:45.955+0000] {processor.py:208} INFO - Processing /home/ubuntu/airflow-venv/lib/python3.12/site-packages/airflow/example_dags/example_branch_python_dop_operator_3.py took 0.051 seconds
[2026-02-26T05:30:03.137+0000] {processor.py:186} INFO - Started process (PID=2973) to work on /home/ubuntu/airflow-venv/lib/python3.12/site-packages/airflow/example_dags/example_branch_python_dop_operator_3.py
[2026-02-26T05:30:03.138+0000] {processor.py:914} INFO - Processing file /home/ubuntu/airflow-venv/lib/python3.12/site-packages/airflow/example_dags/example_branch_python_dop_operator_3.py for tasks to queue
[2026-02-26T05:30:03.139+0000] {logging_mixin.py:190} INFO - [2026-02-26T05:30:03.139+0000] {dagbag.py:588} INFO - Filling up the DagBag from /home/ubuntu/airflow-venv/lib/python3.12/site-packages/airflow/example_dags/example_branch_python_dop_operator_3.py
[2026-02-26T05:30:03.146+0000] {processor.py:925} INFO - DAG(s) 'example_branch_dop_operator_v3' retrieved from /home/ubuntu/airflow-venv/lib/python3.12/site-packages/airflow/example_dags/example_branch_python_dop_operator_3.py
[2026-02-26T05:30:03.155+0000] {logging_mixin.py:190} INFO - [2026-02-26T05:30:03.155+0000] {dag.py:3239} INFO - Sync 1 DAGs
[2026-02-26T05:30:03.168+0000] {logging_mixin.py:190} INFO - [2026-02-26T05:30:03.168+0000] {dag.py:4180} INFO - Setting next_dagrun for example_branch_dop_operator_v3 to 2026-02-26 05:29:00+00:00, run_after=2026-02-26 05:30:00+00:00
[2026-02-26T05:30:03.184+0000] {processor.py:208} INFO - Processing /home/ubuntu/airflow-venv/lib/python3.12/site-packages/airflow/example_dags/example_branch_python_dop_operator_3.py took 0.050 seconds
[2026-02-26T05:31:19.776+0000] {processor.py:186} INFO - Started process (PID=3056) to work on /home/ubuntu/airflow-venv/lib/python3.12/site-packages/airflow/example_dags/example_branch_python_dop_operator_3.py
[2026-02-26T05:31:19.778+0000] {processor.py:914} INFO - Processing file /home/ubuntu/airflow-venv/lib/python3.12/site-packages/airflow/example_dags/example_branch_python_dop_operator_3.py for tasks to queue
[2026-02-26T05:31:19.779+0000] {logging_mixin.py:190} INFO - [2026-02-26T05:31:19.779+0000] {dagbag.py:588} INFO - Filling up the DagBag from /home/ubuntu/airflow-venv/lib/python3.12/site-packages/airflow/example_dags/example_branch_python_dop_operator_3.py
[2026-02-26T05:31:19.785+0000] {processor.py:925} INFO - DAG(s) 'example_branch_dop_operator_v3' retrieved from /home/ubuntu/airflow-venv/lib/python3.12/site-packages/airflow/example_dags/example_branch_python_dop_operator_3.py
[2026-02-26T05:31:19.794+0000] {logging_mixin.py:190} INFO - [2026-02-26T05:31:19.794+0000] {dag.py:3239} INFO - Sync 1 DAGs
[2026-02-26T05:31:19.807+0000] {logging_mixin.py:190} INFO - [2026-02-26T05:31:19.807+0000] {dag.py:4180} INFO - Setting next_dagrun for example_branch_dop_operator_v3 to 2026-02-26 05:30:00+00:00, run_after=2026-02-26 05:31:00+00:00
[2026-02-26T05:31:19.823+0000] {processor.py:208} INFO - Processing /home/ubuntu/airflow-venv/lib/python3.12/site-packages/airflow/example_dags/example_branch_python_dop_operator_3.py took 0.050 seconds
[2026-02-26T05:32:35.643+0000] {processor.py:186} INFO - Started process (PID=3136) to work on /home/ubuntu/airflow-venv/lib/python3.12/site-packages/airflow/example_dags/example_branch_python_dop_operator_3.py
[2026-02-26T05:32:35.644+0000] {processor.py:914} INFO - Processing file /home/ubuntu/airflow-venv/lib/python3.12/site-packages/airflow/example_dags/example_branch_python_dop_operator_3.py for tasks to queue
[2026-02-26T05:32:35.646+0000] {logging_mixin.py:190} INFO - [2026-02-26T05:32:35.645+0000] {dagbag.py:588} INFO - Filling up the DagBag from /home/ubuntu/airflow-venv/lib/python3.12/site-packages/airflow/example_dags/example_branch_python_dop_operator_3.py
[2026-02-26T05:32:35.652+0000] {processor.py:925} INFO - DAG(s) 'example_branch_dop_operator_v3' retrieved from /home/ubuntu/airflow-venv/lib/python3.12/site-packages/airflow/example_dags/example_branch_python_dop_operator_3.py
[2026-02-26T05:32:35.661+0000] {logging_mixin.py:190} INFO - [2026-02-26T05:32:35.661+0000] {dag.py:3239} INFO - Sync 1 DAGs
[2026-02-26T05:32:35.675+0000] {logging_mixin.py:190} INFO - [2026-02-26T05:32:35.674+0000] {dag.py:4180} INFO - Setting next_dagrun for example_branch_dop_operator_v3 to 2026-02-26 05:31:00+00:00, run_after=2026-02-26 05:32:00+00:00
[2026-02-26T05:32:35.690+0000] {processor.py:208} INFO - Processing /home/ubuntu/airflow-venv/lib/python3.12/site-packages/airflow/example_dags/example_branch_python_dop_operator_3.py took 0.051 seconds
[2026-02-26T05:33:50.967+0000] {processor.py:186} INFO - Started process (PID=3216) to work on /home/ubuntu/airflow-venv/lib/python3.12/site-packages/airflow/example_dags/example_branch_python_dop_operator_3.py
[2026-02-26T05:33:50.968+0000] {processor.py:914} INFO - Processing file /home/ubuntu/airflow-venv/lib/python3.12/site-packages/airflow/example_dags/example_branch_python_dop_operator_3.py for tasks to queue
[2026-02-26T05:33:50.969+0000] {logging_mixin.py:190} INFO - [2026-02-26T05:33:50.969+0000] {dagbag.py:588} INFO - Filling up the DagBag from /home/ubuntu/airflow-venv/lib/python3.12/site-packages/airflow/example_dags/example_branch_python_dop_operator_3.py
[2026-02-26T05:33:50.976+0000] {processor.py:925} INFO - DAG(s) 'example_branch_dop_operator_v3' retrieved from /home/ubuntu/airflow-venv/lib/python3.12/site-packages/airflow/example_dags/example_branch_python_dop_operator_3.py
[2026-02-26T05:33:50.984+0000] {logging_mixin.py:190} INFO - [2026-02-26T05:33:50.984+0000] {dag.py:3239} INFO - Sync 1 DAGs
[2026-02-26T05:33:50.998+0000] {logging_mixin.py:190} INFO - [2026-02-26T05:33:50.997+0000] {dag.py:4180} INFO - Setting next_dagrun for example_branch_dop_operator_v3 to 2026-02-26 05:32:00+00:00, run_after=2026-02-26 05:33:00+00:00
[2026-02-26T05:33:51.013+0000] {processor.py:208} INFO - Processing /home/ubuntu/airflow-venv/lib/python3.12/site-packages/airflow/example_dags/example_branch_python_dop_operator_3.py took 0.050 seconds
[2026-02-26T05:35:02.845+0000] {processor.py:186} INFO - Started process (PID=3296) to work on /home/ubuntu/airflow-venv/lib/python3.12/site-packages/airflow/example_dags/example_branch_python_dop_operator_3.py
[2026-02-26T05:35:02.846+0000] {processor.py:914} INFO - Processing file /home/ubuntu/airflow-venv/lib/python3.12/site-packages/airflow/example_dags/example_branch_python_dop_operator_3.py for tasks to queue
[2026-02-26T05:35:02.847+0000] {logging_mixin.py:190} INFO - [2026-02-26T05:35:02.847+0000] {dagbag.py:588} INFO - Filling up the DagBag from /home/ubuntu/airflow-venv/lib/python3.12/site-packages/airflow/example_dags/example_branch_python_dop_operator_3.py
[2026-02-26T05:35:02.854+0000] {processor.py:925} INFO - DAG(s) 'example_branch_dop_operator_v3' retrieved from /home/ubuntu/airflow-venv/lib/python3.12/site-packages/airflow/example_dags/example_branch_python_dop_operator_3.py
[2026-02-26T05:35:02.863+0000] {logging_mixin.py:190} INFO - [2026-02-26T05:35:02.863+0000] {dag.py:3239} INFO - Sync 1 DAGs
[2026-02-26T05:35:02.877+0000] {logging_mixin.py:190} INFO - [2026-02-26T05:35:02.877+0000] {dag.py:4180} INFO - Setting next_dagrun for example_branch_dop_operator_v3 to 2026-02-26 05:34:00+00:00, run_after=2026-02-26 05:35:00+00:00
[2026-02-26T05:35:02.894+0000] {processor.py:208} INFO - Processing /home/ubuntu/airflow-venv/lib/python3.12/site-packages/airflow/example_dags/example_branch_python_dop_operator_3.py took 0.053 seconds
[2026-02-26T05:35:55.898+0000] {processor.py:186} INFO - Started process (PID=3356) to work on /home/ubuntu/airflow-venv/lib/python3.12/site-packages/airflow/example_dags/example_branch_python_dop_operator_3.py
[2026-02-26T05:35:55.899+0000] {processor.py:914} INFO - Processing file /home/ubuntu/airflow-venv/lib/python3.12/site-packages/airflow/example_dags/example_branch_python_dop_operator_3.py for tasks to queue
[2026-02-26T05:35:55.900+0000] {logging_mixin.py:190} INFO - [2026-02-26T05:35:55.900+0000] {dagbag.py:588} INFO - Filling up the DagBag from /home/ubuntu/airflow-venv/lib/python3.12/site-packages/airflow/example_dags/example_branch_python_dop_operator_3.py
[2026-02-26T05:35:55.907+0000] {processor.py:925} INFO - DAG(s) 'example_branch_dop_operator_v3' retrieved from /home/ubuntu/airflow-venv/lib/python3.12/site-packages/airflow/example_dags/example_branch_python_dop_operator_3.py
[2026-02-26T05:35:55.916+0000] {logging_mixin.py:190} INFO - [2026-02-26T05:35:55.915+0000] {dag.py:3239} INFO - Sync 1 DAGs
[2026-02-26T05:35:55.928+0000] {logging_mixin.py:190} INFO - [2026-02-26T05:35:55.928+0000] {dag.py:4180} INFO - Setting next_dagrun for example_branch_dop_operator_v3 to 2026-02-26 05:34:00+00:00, run_after=2026-02-26 05:35:00+00:00
[2026-02-26T05:35:55.944+0000] {processor.py:208} INFO - Processing /home/ubuntu/airflow-venv/lib/python3.12/site-packages/airflow/example_dags/example_branch_python_dop_operator_3.py took 0.050 seconds
[2026-02-26T05:36:49.944+0000] {processor.py:186} INFO - Started process (PID=3414) to work on /home/ubuntu/airflow-venv/lib/python3.12/site-packages/airflow/example_dags/example_branch_python_dop_operator_3.py
[2026-02-26T05:36:49.945+0000] {processor.py:914} INFO - Processing file /home/ubuntu/airflow-venv/lib/python3.12/site-packages/airflow/example_dags/example_branch_python_dop_operator_3.py for tasks to queue
[2026-02-26T05:36:49.947+0000] {logging_mixin.py:190} INFO - [2026-02-26T05:36:49.946+0000] {dagbag.py:588} INFO - Filling up the DagBag from /home/ubuntu/airflow-venv/lib/python3.12/site-packages/airflow/example_dags/example_branch_python_dop_operator_3.py
[2026-02-26T05:36:49.953+0000] {processor.py:925} INFO - DAG(s) 'example_branch_dop_operator_v3' retrieved from /home/ubuntu/airflow-venv/lib/python3.12/site-packages/airflow/example_dags/example_branch_python_dop_operator_3.py
[2026-02-26T05:36:49.961+0000] {logging_mixin.py:190} INFO - [2026-02-26T05:36:49.961+0000] {dag.py:3239} INFO - Sync 1 DAGs
[2026-02-26T05:36:49.974+0000] {logging_mixin.py:190} INFO - [2026-02-26T05:36:49.974+0000] {dag.py:4180} INFO - Setting next_dagrun for example_branch_dop_operator_v3 to 2026-02-26 05:35:00+00:00, run_after=2026-02-26 05:36:00+00:00
[2026-02-26T05:36:49.990+0000] {processor.py:208} INFO - Processing /home/ubuntu/airflow-venv/lib/python3.12/site-packages/airflow/example_dags/example_branch_python_dop_operator_3.py took 0.049 seconds
[2026-02-26T05:38:03.083+0000] {processor.py:186} INFO - Started process (PID=3490) to work on /home/ubuntu/airflow-venv/lib/python3.12/site-packages/airflow/example_dags/example_branch_python_dop_operator_3.py
[2026-02-26T05:38:03.084+0000] {processor.py:914} INFO - Processing file /home/ubuntu/airflow-venv/lib/python3.12/site-packages/airflow/example_dags/example_branch_python_dop_operator_3.py for tasks to queue
[2026-02-26T05:38:03.085+0000] {logging_mixin.py:190} INFO - [2026-02-26T05:38:03.085+0000] {dagbag.py:588} INFO - Filling up the DagBag from /home/ubuntu/airflow-venv/lib/python3.12/site-packages/airflow/example_dags/example_branch_python_dop_operator_3.py
[2026-02-26T05:38:03.092+0000] {processor.py:925} INFO - DAG(s) 'example_branch_dop_operator_v3' retrieved from /home/ubuntu/airflow-venv/lib/python3.12/site-packages/airflow/example_dags/example_branch_python_dop_operator_3.py
[2026-02-26T05:38:03.101+0000] {logging_mixin.py:190} INFO - [2026-02-26T05:38:03.101+0000] {dag.py:3239} INFO - Sync 1 DAGs
[2026-02-26T05:38:03.114+0000] {logging_mixin.py:190} INFO - [2026-02-26T05:38:03.114+0000] {dag.py:4180} INFO - Setting next_dagrun for example_branch_dop_operator_v3 to 2026-02-26 05:37:00+00:00, run_after=2026-02-26 05:38:00+00:00
[2026-02-26T05:38:03.130+0000] {processor.py:208} INFO - Processing /home/ubuntu/airflow-venv/lib/python3.12/site-packages/airflow/example_dags/example_branch_python_dop_operator_3.py took 0.051 seconds
[2026-02-26T05:39:20.661+0000] {processor.py:186} INFO - Started process (PID=3570) to work on /home/ubuntu/airflow-venv/lib/python3.12/site-packages/airflow/example_dags/example_branch_python_dop_operator_3.py
[2026-02-26T05:39:20.663+0000] {processor.py:914} INFO - Processing file /home/ubuntu/airflow-venv/lib/python3.12/site-packages/airflow/example_dags/example_branch_python_dop_operator_3.py for tasks to queue
[2026-02-26T05:39:20.664+0000] {logging_mixin.py:190} INFO - [2026-02-26T05:39:20.664+0000] {dagbag.py:588} INFO - Filling up the DagBag from /home/ubuntu/airflow-venv/lib/python3.12/site-packages/airflow/example_dags/example_branch_python_dop_operator_3.py
[2026-02-26T05:39:20.671+0000] {processor.py:925} INFO - DAG(s) 'example_branch_dop_operator_v3' retrieved from /home/ubuntu/airflow-venv/lib/python3.12/site-packages/airflow/example_dags/example_branch_python_dop_operator_3.py
[2026-02-26T05:39:20.680+0000] {logging_mixin.py:190} INFO - [2026-02-26T05:39:20.680+0000] {dag.py:3239} INFO - Sync 1 DAGs
[2026-02-26T05:39:20.693+0000] {logging_mixin.py:190} INFO - [2026-02-26T05:39:20.693+0000] {dag.py:4180} INFO - Setting next_dagrun for example_branch_dop_operator_v3 to 2026-02-26 05:38:00+00:00, run_after=2026-02-26 05:39:00+00:00
[2026-02-26T05:39:20.710+0000] {processor.py:208} INFO - Processing /home/ubuntu/airflow-venv/lib/python3.12/site-packages/airflow/example_dags/example_branch_python_dop_operator_3.py took 0.052 seconds
[2026-02-26T05:40:31.469+0000] {processor.py:186} INFO - Started process (PID=3653) to work on /home/ubuntu/airflow-venv/lib/python3.12/site-packages/airflow/example_dags/example_branch_python_dop_operator_3.py
[2026-02-26T05:40:31.470+0000] {processor.py:914} INFO - Processing file /home/ubuntu/airflow-venv/lib/python3.12/site-packages/airflow/example_dags/example_branch_python_dop_operator_3.py for tasks to queue
[2026-02-26T05:40:31.472+0000] {logging_mixin.py:190} INFO - [2026-02-26T05:40:31.471+0000] {dagbag.py:588} INFO - Filling up the DagBag from /home/ubuntu/airflow-venv/lib/python3.12/site-packages/airflow/example_dags/example_branch_python_dop_operator_3.py
[2026-02-26T05:40:31.478+0000] {processor.py:925} INFO - DAG(s) 'example_branch_dop_operator_v3' retrieved from /home/ubuntu/airflow-venv/lib/python3.12/site-packages/airflow/example_dags/example_branch_python_dop_operator_3.py
[2026-02-26T05:40:31.487+0000] {logging_mixin.py:190} INFO - [2026-02-26T05:40:31.487+0000] {dag.py:3239} INFO - Sync 1 DAGs
[2026-02-26T05:40:31.500+0000] {logging_mixin.py:190} INFO - [2026-02-26T05:40:31.500+0000] {dag.py:4180} INFO - Setting next_dagrun for example_branch_dop_operator_v3 to 2026-02-26 05:39:00+00:00, run_after=2026-02-26 05:40:00+00:00
[2026-02-26T05:40:31.518+0000] {processor.py:208} INFO - Processing /home/ubuntu/airflow-venv/lib/python3.12/site-packages/airflow/example_dags/example_branch_python_dop_operator_3.py took 0.052 seconds
[2026-02-26T05:41:45.073+0000] {processor.py:186} INFO - Started process (PID=3731) to work on /home/ubuntu/airflow-venv/lib/python3.12/site-packages/airflow/example_dags/example_branch_python_dop_operator_3.py
[2026-02-26T05:41:45.074+0000] {processor.py:914} INFO - Processing file /home/ubuntu/airflow-venv/lib/python3.12/site-packages/airflow/example_dags/example_branch_python_dop_operator_3.py for tasks to queue
[2026-02-26T05:41:45.076+0000] {logging_mixin.py:190} INFO - [2026-02-26T05:41:45.075+0000] {dagbag.py:588} INFO - Filling up the DagBag from /home/ubuntu/airflow-venv/lib/python3.12/site-packages/airflow/example_dags/example_branch_python_dop_operator_3.py
[2026-02-26T05:41:45.082+0000] {processor.py:925} INFO - DAG(s) 'example_branch_dop_operator_v3' retrieved from /home/ubuntu/airflow-venv/lib/python3.12/site-packages/airflow/example_dags/example_branch_python_dop_operator_3.py
[2026-02-26T05:41:45.091+0000] {logging_mixin.py:190} INFO - [2026-02-26T05:41:45.091+0000] {dag.py:3239} INFO - Sync 1 DAGs
[2026-02-26T05:41:45.105+0000] {logging_mixin.py:190} INFO - [2026-02-26T05:41:45.105+0000] {dag.py:4180} INFO - Setting next_dagrun for example_branch_dop_operator_v3 to 2026-02-26 05:40:00+00:00, run_after=2026-02-26 05:41:00+00:00
[2026-02-26T05:41:45.122+0000] {processor.py:208} INFO - Processing /home/ubuntu/airflow-venv/lib/python3.12/site-packages/airflow/example_dags/example_branch_python_dop_operator_3.py took 0.052 seconds
[2026-02-26T05:42:59.222+0000] {processor.py:186} INFO - Started process (PID=3808) to work on /home/ubuntu/airflow-venv/lib/python3.12/site-packages/airflow/example_dags/example_branch_python_dop_operator_3.py
[2026-02-26T05:42:59.223+0000] {processor.py:914} INFO - Processing file /home/ubuntu/airflow-venv/lib/python3.12/site-packages/airflow/example_dags/example_branch_python_dop_operator_3.py for tasks to queue
[2026-02-26T05:42:59.224+0000] {logging_mixin.py:190} INFO - [2026-02-26T05:42:59.224+0000] {dagbag.py:588} INFO - Filling up the DagBag from /home/ubuntu/airflow-venv/lib/python3.12/site-packages/airflow/example_dags/example_branch_python_dop_operator_3.py
[2026-02-26T05:42:59.231+0000] {processor.py:925} INFO - DAG(s) 'example_branch_dop_operator_v3' retrieved from /home/ubuntu/airflow-venv/lib/python3.12/site-packages/airflow/example_dags/example_branch_python_dop_operator_3.py
[2026-02-26T05:42:59.240+0000] {logging_mixin.py:190} INFO - [2026-02-26T05:42:59.240+0000] {dag.py:3239} INFO - Sync 1 DAGs
[2026-02-26T05:42:59.253+0000] {logging_mixin.py:190} INFO - [2026-02-26T05:42:59.253+0000] {dag.py:4180} INFO - Setting next_dagrun for example_branch_dop_operator_v3 to 2026-02-26 05:41:00+00:00, run_after=2026-02-26 05:42:00+00:00
[2026-02-26T05:42:59.269+0000] {processor.py:208} INFO - Processing /home/ubuntu/airflow-venv/lib/python3.12/site-packages/airflow/example_dags/example_branch_python_dop_operator_3.py took 0.051 seconds
[2026-02-26T05:44:15.083+0000] {processor.py:186} INFO - Started process (PID=3886) to work on /home/ubuntu/airflow-venv/lib/python3.12/site-packages/airflow/example_dags/example_branch_python_dop_operator_3.py
[2026-02-26T05:44:15.084+0000] {processor.py:914} INFO - Processing file /home/ubuntu/airflow-venv/lib/python3.12/site-packages/airflow/example_dags/example_branch_python_dop_operator_3.py for tasks to queue
[2026-02-26T05:44:15.085+0000] {logging_mixin.py:190} INFO - [2026-02-26T05:44:15.085+0000] {dagbag.py:588} INFO - Filling up the DagBag from /home/ubuntu/airflow-venv/lib/python3.12/site-packages/airflow/example_dags/example_branch_python_dop_operator_3.py
[2026-02-26T05:44:15.092+0000] {processor.py:925} INFO - DAG(s) 'example_branch_dop_operator_v3' retrieved from /home/ubuntu/airflow-venv/lib/python3.12/site-packages/airflow/example_dags/example_branch_python_dop_operator_3.py
[2026-02-26T05:44:15.101+0000] {logging_mixin.py:190} INFO - [2026-02-26T05:44:15.101+0000] {dag.py:3239} INFO - Sync 1 DAGs
[2026-02-26T05:44:15.114+0000] {logging_mixin.py:190} INFO - [2026-02-26T05:44:15.114+0000] {dag.py:4180} INFO - Setting next_dagrun for example_branch_dop_operator_v3 to 2026-02-26 05:43:00+00:00, run_after=2026-02-26 05:44:00+00:00
[2026-02-26T05:44:15.130+0000] {processor.py:208} INFO - Processing /home/ubuntu/airflow-venv/lib/python3.12/site-packages/airflow/example_dags/example_branch_python_dop_operator_3.py took 0.050 seconds
[2026-02-26T06:14:24.639+0000] {processor.py:186} INFO - Started process (PID=2739) to work on /home/ubuntu/airflow-venv/lib/python3.12/site-packages/airflow/example_dags/example_branch_python_dop_operator_3.py
[2026-02-26T06:14:24.641+0000] {processor.py:914} INFO - Processing file /home/ubuntu/airflow-venv/lib/python3.12/site-packages/airflow/example_dags/example_branch_python_dop_operator_3.py for tasks to queue
[2026-02-26T06:14:24.642+0000] {logging_mixin.py:190} INFO - [2026-02-26T06:14:24.642+0000] {dagbag.py:588} INFO - Filling up the DagBag from /home/ubuntu/airflow-venv/lib/python3.12/site-packages/airflow/example_dags/example_branch_python_dop_operator_3.py
[2026-02-26T06:14:24.649+0000] {processor.py:925} INFO - DAG(s) 'example_branch_dop_operator_v3' retrieved from /home/ubuntu/airflow-venv/lib/python3.12/site-packages/airflow/example_dags/example_branch_python_dop_operator_3.py
[2026-02-26T06:14:24.659+0000] {logging_mixin.py:190} INFO - [2026-02-26T06:14:24.659+0000] {dag.py:3239} INFO - Sync 1 DAGs
[2026-02-26T06:14:24.674+0000] {logging_mixin.py:190} INFO - [2026-02-26T06:14:24.673+0000] {dag.py:4180} INFO - Setting next_dagrun for example_branch_dop_operator_v3 to 2026-02-26 06:13:00+00:00, run_after=2026-02-26 06:14:00+00:00
[2026-02-26T06:14:24.691+0000] {processor.py:208} INFO - Processing /home/ubuntu/airflow-venv/lib/python3.12/site-packages/airflow/example_dags/example_branch_python_dop_operator_3.py took 0.055 seconds
[2026-02-26T06:15:18.456+0000] {processor.py:186} INFO - Started process (PID=2800) to work on /home/ubuntu/airflow-venv/lib/python3.12/site-packages/airflow/example_dags/example_branch_python_dop_operator_3.py
[2026-02-26T06:15:18.457+0000] {processor.py:914} INFO - Processing file /home/ubuntu/airflow-venv/lib/python3.12/site-packages/airflow/example_dags/example_branch_python_dop_operator_3.py for tasks to queue
[2026-02-26T06:15:18.459+0000] {logging_mixin.py:190} INFO - [2026-02-26T06:15:18.458+0000] {dagbag.py:588} INFO - Filling up the DagBag from /home/ubuntu/airflow-venv/lib/python3.12/site-packages/airflow/example_dags/example_branch_python_dop_operator_3.py
[2026-02-26T06:15:18.465+0000] {processor.py:925} INFO - DAG(s) 'example_branch_dop_operator_v3' retrieved from /home/ubuntu/airflow-venv/lib/python3.12/site-packages/airflow/example_dags/example_branch_python_dop_operator_3.py
[2026-02-26T06:15:18.476+0000] {logging_mixin.py:190} INFO - [2026-02-26T06:15:18.475+0000] {dag.py:3239} INFO - Sync 1 DAGs
[2026-02-26T06:15:18.489+0000] {logging_mixin.py:190} INFO - [2026-02-26T06:15:18.489+0000] {dag.py:4180} INFO - Setting next_dagrun for example_branch_dop_operator_v3 to 2026-02-26 06:14:00+00:00, run_after=2026-02-26 06:15:00+00:00
[2026-02-26T06:15:18.506+0000] {processor.py:208} INFO - Processing /home/ubuntu/airflow-venv/lib/python3.12/site-packages/airflow/example_dags/example_branch_python_dop_operator_3.py took 0.054 seconds
[2026-02-26T06:16:16.905+0000] {processor.py:186} INFO - Started process (PID=2864) to work on /home/ubuntu/airflow-venv/lib/python3.12/site-packages/airflow/example_dags/example_branch_python_dop_operator_3.py
[2026-02-26T06:16:16.906+0000] {processor.py:914} INFO - Processing file /home/ubuntu/airflow-venv/lib/python3.12/site-packages/airflow/example_dags/example_branch_python_dop_operator_3.py for tasks to queue
[2026-02-26T06:16:16.907+0000] {logging_mixin.py:190} INFO - [2026-02-26T06:16:16.907+0000] {dagbag.py:588} INFO - Filling up the DagBag from /home/ubuntu/airflow-venv/lib/python3.12/site-packages/airflow/example_dags/example_branch_python_dop_operator_3.py
[2026-02-26T06:16:16.914+0000] {processor.py:925} INFO - DAG(s) 'example_branch_dop_operator_v3' retrieved from /home/ubuntu/airflow-venv/lib/python3.12/site-packages/airflow/example_dags/example_branch_python_dop_operator_3.py
[2026-02-26T06:16:16.924+0000] {logging_mixin.py:190} INFO - [2026-02-26T06:16:16.924+0000] {dag.py:3239} INFO - Sync 1 DAGs
[2026-02-26T06:16:16.938+0000] {logging_mixin.py:190} INFO - [2026-02-26T06:16:16.938+0000] {dag.py:4180} INFO - Setting next_dagrun for example_branch_dop_operator_v3 to 2026-02-26 06:15:00+00:00, run_after=2026-02-26 06:16:00+00:00
[2026-02-26T06:16:16.954+0000] {processor.py:208} INFO - Processing /home/ubuntu/airflow-venv/lib/python3.12/site-packages/airflow/example_dags/example_branch_python_dop_operator_3.py took 0.053 seconds
[2026-02-26T06:17:12.077+0000] {processor.py:186} INFO - Started process (PID=2924) to work on /home/ubuntu/airflow-venv/lib/python3.12/site-packages/airflow/example_dags/example_branch_python_dop_operator_3.py
[2026-02-26T06:17:12.079+0000] {processor.py:914} INFO - Processing file /home/ubuntu/airflow-venv/lib/python3.12/site-packages/airflow/example_dags/example_branch_python_dop_operator_3.py for tasks to queue
[2026-02-26T06:17:12.080+0000] {logging_mixin.py:190} INFO - [2026-02-26T06:17:12.080+0000] {dagbag.py:588} INFO - Filling up the DagBag from /home/ubuntu/airflow-venv/lib/python3.12/site-packages/airflow/example_dags/example_branch_python_dop_operator_3.py
[2026-02-26T06:17:12.086+0000] {processor.py:925} INFO - DAG(s) 'example_branch_dop_operator_v3' retrieved from /home/ubuntu/airflow-venv/lib/python3.12/site-packages/airflow/example_dags/example_branch_python_dop_operator_3.py
[2026-02-26T06:17:12.096+0000] {logging_mixin.py:190} INFO - [2026-02-26T06:17:12.096+0000] {dag.py:3239} INFO - Sync 1 DAGs
[2026-02-26T06:17:12.110+0000] {logging_mixin.py:190} INFO - [2026-02-26T06:17:12.110+0000] {dag.py:4180} INFO - Setting next_dagrun for example_branch_dop_operator_v3 to 2026-02-26 06:16:00+00:00, run_after=2026-02-26 06:17:00+00:00
[2026-02-26T06:17:12.128+0000] {processor.py:208} INFO - Processing /home/ubuntu/airflow-venv/lib/python3.12/site-packages/airflow/example_dags/example_branch_python_dop_operator_3.py took 0.054 seconds
[2026-02-26T06:18:27.152+0000] {processor.py:186} INFO - Started process (PID=3003) to work on /home/ubuntu/airflow-venv/lib/python3.12/site-packages/airflow/example_dags/example_branch_python_dop_operator_3.py
[2026-02-26T06:18:27.153+0000] {processor.py:914} INFO - Processing file /home/ubuntu/airflow-venv/lib/python3.12/site-packages/airflow/example_dags/example_branch_python_dop_operator_3.py for tasks to queue
[2026-02-26T06:18:27.154+0000] {logging_mixin.py:190} INFO - [2026-02-26T06:18:27.154+0000] {dagbag.py:588} INFO - Filling up the DagBag from /home/ubuntu/airflow-venv/lib/python3.12/site-packages/airflow/example_dags/example_branch_python_dop_operator_3.py
[2026-02-26T06:18:27.161+0000] {processor.py:925} INFO - DAG(s) 'example_branch_dop_operator_v3' retrieved from /home/ubuntu/airflow-venv/lib/python3.12/site-packages/airflow/example_dags/example_branch_python_dop_operator_3.py
[2026-02-26T06:18:27.171+0000] {logging_mixin.py:190} INFO - [2026-02-26T06:18:27.171+0000] {dag.py:3239} INFO - Sync 1 DAGs
[2026-02-26T06:18:27.185+0000] {logging_mixin.py:190} INFO - [2026-02-26T06:18:27.185+0000] {dag.py:4180} INFO - Setting next_dagrun for example_branch_dop_operator_v3 to 2026-02-26 06:17:00+00:00, run_after=2026-02-26 06:18:00+00:00
[2026-02-26T06:18:27.202+0000] {processor.py:208} INFO - Processing /home/ubuntu/airflow-venv/lib/python3.12/site-packages/airflow/example_dags/example_branch_python_dop_operator_3.py took 0.054 seconds
[2026-02-26T06:19:25.130+0000] {processor.py:186} INFO - Started process (PID=3059) to work on /home/ubuntu/airflow-venv/lib/python3.12/site-packages/airflow/example_dags/example_branch_python_dop_operator_3.py
[2026-02-26T06:19:25.132+0000] {processor.py:914} INFO - Processing file /home/ubuntu/airflow-venv/lib/python3.12/site-packages/airflow/example_dags/example_branch_python_dop_operator_3.py for tasks to queue
[2026-02-26T06:19:25.133+0000] {logging_mixin.py:190} INFO - [2026-02-26T06:19:25.133+0000] {dagbag.py:588} INFO - Filling up the DagBag from /home/ubuntu/airflow-venv/lib/python3.12/site-packages/airflow/example_dags/example_branch_python_dop_operator_3.py
[2026-02-26T06:19:25.213+0000] {processor.py:925} INFO - DAG(s) 'example_branch_dop_operator_v3' retrieved from /home/ubuntu/airflow-venv/lib/python3.12/site-packages/airflow/example_dags/example_branch_python_dop_operator_3.py
[2026-02-26T06:19:25.220+0000] {logging_mixin.py:190} INFO - [2026-02-26T06:19:25.220+0000] {dag.py:3239} INFO - Sync 1 DAGs
[2026-02-26T06:19:25.231+0000] {logging_mixin.py:190} INFO - [2026-02-26T06:19:25.231+0000] {dag.py:4180} INFO - Setting next_dagrun for example_branch_dop_operator_v3 to 2026-02-26 06:18:00+00:00, run_after=2026-02-26 06:19:00+00:00
[2026-02-26T06:19:25.247+0000] {processor.py:208} INFO - Processing /home/ubuntu/airflow-venv/lib/python3.12/site-packages/airflow/example_dags/example_branch_python_dop_operator_3.py took 0.120 seconds
[2026-02-26T06:20:41.832+0000] {processor.py:186} INFO - Started process (PID=3141) to work on /home/ubuntu/airflow-venv/lib/python3.12/site-packages/airflow/example_dags/example_branch_python_dop_operator_3.py
[2026-02-26T06:20:41.833+0000] {processor.py:914} INFO - Processing file /home/ubuntu/airflow-venv/lib/python3.12/site-packages/airflow/example_dags/example_branch_python_dop_operator_3.py for tasks to queue
[2026-02-26T06:20:41.835+0000] {logging_mixin.py:190} INFO - [2026-02-26T06:20:41.835+0000] {dagbag.py:588} INFO - Filling up the DagBag from /home/ubuntu/airflow-venv/lib/python3.12/site-packages/airflow/example_dags/example_branch_python_dop_operator_3.py
[2026-02-26T06:20:41.842+0000] {processor.py:925} INFO - DAG(s) 'example_branch_dop_operator_v3' retrieved from /home/ubuntu/airflow-venv/lib/python3.12/site-packages/airflow/example_dags/example_branch_python_dop_operator_3.py
[2026-02-26T06:20:41.852+0000] {logging_mixin.py:190} INFO - [2026-02-26T06:20:41.852+0000] {dag.py:3239} INFO - Sync 1 DAGs
[2026-02-26T06:20:41.866+0000] {logging_mixin.py:190} INFO - [2026-02-26T06:20:41.866+0000] {dag.py:4180} INFO - Setting next_dagrun for example_branch_dop_operator_v3 to 2026-02-26 06:19:00+00:00, run_after=2026-02-26 06:20:00+00:00
[2026-02-26T06:20:41.883+0000] {processor.py:208} INFO - Processing /home/ubuntu/airflow-venv/lib/python3.12/site-packages/airflow/example_dags/example_branch_python_dop_operator_3.py took 0.055 seconds
[2026-02-26T06:21:50.045+0000] {processor.py:186} INFO - Started process (PID=3215) to work on /home/ubuntu/airflow-venv/lib/python3.12/site-packages/airflow/example_dags/example_branch_python_dop_operator_3.py
[2026-02-26T06:21:50.046+0000] {processor.py:914} INFO - Processing file /home/ubuntu/airflow-venv/lib/python3.12/site-packages/airflow/example_dags/example_branch_python_dop_operator_3.py for tasks to queue
[2026-02-26T06:21:50.048+0000] {logging_mixin.py:190} INFO - [2026-02-26T06:21:50.047+0000] {dagbag.py:588} INFO - Filling up the DagBag from /home/ubuntu/airflow-venv/lib/python3.12/site-packages/airflow/example_dags/example_branch_python_dop_operator_3.py
[2026-02-26T06:21:50.054+0000] {processor.py:925} INFO - DAG(s) 'example_branch_dop_operator_v3' retrieved from /home/ubuntu/airflow-venv/lib/python3.12/site-packages/airflow/example_dags/example_branch_python_dop_operator_3.py
[2026-02-26T06:21:50.064+0000] {logging_mixin.py:190} INFO - [2026-02-26T06:21:50.064+0000] {dag.py:3239} INFO - Sync 1 DAGs
[2026-02-26T06:21:50.078+0000] {logging_mixin.py:190} INFO - [2026-02-26T06:21:50.078+0000] {dag.py:4180} INFO - Setting next_dagrun for example_branch_dop_operator_v3 to 2026-02-26 06:20:00+00:00, run_after=2026-02-26 06:21:00+00:00
[2026-02-26T06:21:50.095+0000] {processor.py:208} INFO - Processing /home/ubuntu/airflow-venv/lib/python3.12/site-packages/airflow/example_dags/example_branch_python_dop_operator_3.py took 0.054 seconds
[2026-02-26T06:22:45.299+0000] {processor.py:186} INFO - Started process (PID=3274) to work on /home/ubuntu/airflow-venv/lib/python3.12/site-packages/airflow/example_dags/example_branch_python_dop_operator_3.py
[2026-02-26T06:22:45.300+0000] {processor.py:914} INFO - Processing file /home/ubuntu/airflow-venv/lib/python3.12/site-packages/airflow/example_dags/example_branch_python_dop_operator_3.py for tasks to queue
[2026-02-26T06:22:45.302+0000] {logging_mixin.py:190} INFO - [2026-02-26T06:22:45.302+0000] {dagbag.py:588} INFO - Filling up the DagBag from /home/ubuntu/airflow-venv/lib/python3.12/site-packages/airflow/example_dags/example_branch_python_dop_operator_3.py
[2026-02-26T06:22:45.309+0000] {processor.py:925} INFO - DAG(s) 'example_branch_dop_operator_v3' retrieved from /home/ubuntu/airflow-venv/lib/python3.12/site-packages/airflow/example_dags/example_branch_python_dop_operator_3.py
[2026-02-26T06:22:45.319+0000] {logging_mixin.py:190} INFO - [2026-02-26T06:22:45.319+0000] {dag.py:3239} INFO - Sync 1 DAGs
[2026-02-26T06:22:45.334+0000] {logging_mixin.py:190} INFO - [2026-02-26T06:22:45.334+0000] {dag.py:4180} INFO - Setting next_dagrun for example_branch_dop_operator_v3 to 2026-02-26 06:21:00+00:00, run_after=2026-02-26 06:22:00+00:00
[2026-02-26T06:22:45.351+0000] {processor.py:208} INFO - Processing /home/ubuntu/airflow-venv/lib/python3.12/site-packages/airflow/example_dags/example_branch_python_dop_operator_3.py took 0.056 seconds
[2026-02-26T06:24:03.593+0000] {processor.py:186} INFO - Started process (PID=3353) to work on /home/ubuntu/airflow-venv/lib/python3.12/site-packages/airflow/example_dags/example_branch_python_dop_operator_3.py
[2026-02-26T06:24:03.594+0000] {processor.py:914} INFO - Processing file /home/ubuntu/airflow-venv/lib/python3.12/site-packages/airflow/example_dags/example_branch_python_dop_operator_3.py for tasks to queue
[2026-02-26T06:24:03.595+0000] {logging_mixin.py:190} INFO - [2026-02-26T06:24:03.595+0000] {dagbag.py:588} INFO - Filling up the DagBag from /home/ubuntu/airflow-venv/lib/python3.12/site-packages/airflow/example_dags/example_branch_python_dop_operator_3.py
[2026-02-26T06:24:03.602+0000] {processor.py:925} INFO - DAG(s) 'example_branch_dop_operator_v3' retrieved from /home/ubuntu/airflow-venv/lib/python3.12/site-packages/airflow/example_dags/example_branch_python_dop_operator_3.py
[2026-02-26T06:24:03.613+0000] {logging_mixin.py:190} INFO - [2026-02-26T06:24:03.612+0000] {dag.py:3239} INFO - Sync 1 DAGs
[2026-02-26T06:24:03.627+0000] {logging_mixin.py:190} INFO - [2026-02-26T06:24:03.626+0000] {dag.py:4180} INFO - Setting next_dagrun for example_branch_dop_operator_v3 to 2026-02-26 06:23:00+00:00, run_after=2026-02-26 06:24:00+00:00
[2026-02-26T06:24:03.644+0000] {processor.py:208} INFO - Processing /home/ubuntu/airflow-venv/lib/python3.12/site-packages/airflow/example_dags/example_branch_python_dop_operator_3.py took 0.055 seconds
