[2026-02-26T05:23:12.614+0000] {processor.py:186} INFO - Started process (PID=2159) to work on /home/ubuntu/airflow-venv/lib/python3.12/site-packages/airflow/example_dags/example_dataset_alias_with_no_taskflow.py
[2026-02-26T05:23:12.615+0000] {processor.py:914} INFO - Processing file /home/ubuntu/airflow-venv/lib/python3.12/site-packages/airflow/example_dags/example_dataset_alias_with_no_taskflow.py for tasks to queue
[2026-02-26T05:23:12.616+0000] {logging_mixin.py:190} INFO - [2026-02-26T05:23:12.616+0000] {dagbag.py:588} INFO - Filling up the DagBag from /home/ubuntu/airflow-venv/lib/python3.12/site-packages/airflow/example_dags/example_dataset_alias_with_no_taskflow.py
[2026-02-26T05:23:12.630+0000] {processor.py:925} INFO - DAG(s) 'dataset_alias_example_alias_consumer_with_no_taskflow', 'dataset_s3_bucket_producer_with_no_taskflow', 'dataset_alias_example_alias_producer_with_no_taskflow', 'dataset_s3_bucket_consumer_with_no_taskflow' retrieved from /home/ubuntu/airflow-venv/lib/python3.12/site-packages/airflow/example_dags/example_dataset_alias_with_no_taskflow.py
[2026-02-26T05:23:12.641+0000] {logging_mixin.py:190} INFO - [2026-02-26T05:23:12.641+0000] {dag.py:3239} INFO - Sync 4 DAGs
[2026-02-26T05:23:12.652+0000] {logging_mixin.py:190} INFO - [2026-02-26T05:23:12.651+0000] {dag.py:4180} INFO - Setting next_dagrun for dataset_alias_example_alias_consumer_with_no_taskflow to None, run_after=None
[2026-02-26T05:23:12.653+0000] {logging_mixin.py:190} INFO - [2026-02-26T05:23:12.653+0000] {dag.py:4180} INFO - Setting next_dagrun for dataset_alias_example_alias_producer_with_no_taskflow to None, run_after=None
[2026-02-26T05:23:12.653+0000] {logging_mixin.py:190} INFO - [2026-02-26T05:23:12.653+0000] {dag.py:4180} INFO - Setting next_dagrun for dataset_s3_bucket_consumer_with_no_taskflow to None, run_after=None
[2026-02-26T05:23:12.654+0000] {logging_mixin.py:190} INFO - [2026-02-26T05:23:12.654+0000] {dag.py:4180} INFO - Setting next_dagrun for dataset_s3_bucket_producer_with_no_taskflow to None, run_after=None
[2026-02-26T05:23:12.670+0000] {processor.py:208} INFO - Processing /home/ubuntu/airflow-venv/lib/python3.12/site-packages/airflow/example_dags/example_dataset_alias_with_no_taskflow.py took 0.059 seconds
[2026-02-26T05:24:06.261+0000] {processor.py:186} INFO - Started process (PID=2216) to work on /home/ubuntu/airflow-venv/lib/python3.12/site-packages/airflow/example_dags/example_dataset_alias_with_no_taskflow.py
[2026-02-26T05:24:06.262+0000] {processor.py:914} INFO - Processing file /home/ubuntu/airflow-venv/lib/python3.12/site-packages/airflow/example_dags/example_dataset_alias_with_no_taskflow.py for tasks to queue
[2026-02-26T05:24:06.263+0000] {logging_mixin.py:190} INFO - [2026-02-26T05:24:06.263+0000] {dagbag.py:588} INFO - Filling up the DagBag from /home/ubuntu/airflow-venv/lib/python3.12/site-packages/airflow/example_dags/example_dataset_alias_with_no_taskflow.py
[2026-02-26T05:24:06.276+0000] {processor.py:925} INFO - DAG(s) 'dataset_alias_example_alias_consumer_with_no_taskflow', 'dataset_s3_bucket_producer_with_no_taskflow', 'dataset_alias_example_alias_producer_with_no_taskflow', 'dataset_s3_bucket_consumer_with_no_taskflow' retrieved from /home/ubuntu/airflow-venv/lib/python3.12/site-packages/airflow/example_dags/example_dataset_alias_with_no_taskflow.py
[2026-02-26T05:24:06.288+0000] {logging_mixin.py:190} INFO - [2026-02-26T05:24:06.288+0000] {dag.py:3239} INFO - Sync 4 DAGs
[2026-02-26T05:24:06.299+0000] {logging_mixin.py:190} INFO - [2026-02-26T05:24:06.299+0000] {dag.py:4180} INFO - Setting next_dagrun for dataset_alias_example_alias_consumer_with_no_taskflow to None, run_after=None
[2026-02-26T05:24:06.300+0000] {logging_mixin.py:190} INFO - [2026-02-26T05:24:06.300+0000] {dag.py:4180} INFO - Setting next_dagrun for dataset_alias_example_alias_producer_with_no_taskflow to None, run_after=None
[2026-02-26T05:24:06.301+0000] {logging_mixin.py:190} INFO - [2026-02-26T05:24:06.301+0000] {dag.py:4180} INFO - Setting next_dagrun for dataset_s3_bucket_consumer_with_no_taskflow to None, run_after=None
[2026-02-26T05:24:06.301+0000] {logging_mixin.py:190} INFO - [2026-02-26T05:24:06.301+0000] {dag.py:4180} INFO - Setting next_dagrun for dataset_s3_bucket_producer_with_no_taskflow to None, run_after=None
[2026-02-26T05:24:06.318+0000] {processor.py:208} INFO - Processing /home/ubuntu/airflow-venv/lib/python3.12/site-packages/airflow/example_dags/example_dataset_alias_with_no_taskflow.py took 0.060 seconds
[2026-02-26T05:25:00.919+0000] {processor.py:186} INFO - Started process (PID=2273) to work on /home/ubuntu/airflow-venv/lib/python3.12/site-packages/airflow/example_dags/example_dataset_alias_with_no_taskflow.py
[2026-02-26T05:25:00.920+0000] {processor.py:914} INFO - Processing file /home/ubuntu/airflow-venv/lib/python3.12/site-packages/airflow/example_dags/example_dataset_alias_with_no_taskflow.py for tasks to queue
[2026-02-26T05:25:00.921+0000] {logging_mixin.py:190} INFO - [2026-02-26T05:25:00.921+0000] {dagbag.py:588} INFO - Filling up the DagBag from /home/ubuntu/airflow-venv/lib/python3.12/site-packages/airflow/example_dags/example_dataset_alias_with_no_taskflow.py
[2026-02-26T05:25:00.934+0000] {processor.py:925} INFO - DAG(s) 'dataset_s3_bucket_producer_with_no_taskflow', 'dataset_alias_example_alias_consumer_with_no_taskflow', 'dataset_alias_example_alias_producer_with_no_taskflow', 'dataset_s3_bucket_consumer_with_no_taskflow' retrieved from /home/ubuntu/airflow-venv/lib/python3.12/site-packages/airflow/example_dags/example_dataset_alias_with_no_taskflow.py
[2026-02-26T05:25:00.946+0000] {logging_mixin.py:190} INFO - [2026-02-26T05:25:00.946+0000] {dag.py:3239} INFO - Sync 4 DAGs
[2026-02-26T05:25:00.957+0000] {logging_mixin.py:190} INFO - [2026-02-26T05:25:00.957+0000] {dag.py:4180} INFO - Setting next_dagrun for dataset_alias_example_alias_consumer_with_no_taskflow to None, run_after=None
[2026-02-26T05:25:00.959+0000] {logging_mixin.py:190} INFO - [2026-02-26T05:25:00.959+0000] {dag.py:4180} INFO - Setting next_dagrun for dataset_alias_example_alias_producer_with_no_taskflow to None, run_after=None
[2026-02-26T05:25:00.959+0000] {logging_mixin.py:190} INFO - [2026-02-26T05:25:00.959+0000] {dag.py:4180} INFO - Setting next_dagrun for dataset_s3_bucket_consumer_with_no_taskflow to None, run_after=None
[2026-02-26T05:25:00.960+0000] {logging_mixin.py:190} INFO - [2026-02-26T05:25:00.960+0000] {dag.py:4180} INFO - Setting next_dagrun for dataset_s3_bucket_producer_with_no_taskflow to None, run_after=None
[2026-02-26T05:25:00.976+0000] {processor.py:208} INFO - Processing /home/ubuntu/airflow-venv/lib/python3.12/site-packages/airflow/example_dags/example_dataset_alias_with_no_taskflow.py took 0.061 seconds
[2026-02-26T05:26:12.958+0000] {processor.py:186} INFO - Started process (PID=2364) to work on /home/ubuntu/airflow-venv/lib/python3.12/site-packages/airflow/example_dags/example_dataset_alias_with_no_taskflow.py
[2026-02-26T05:26:12.959+0000] {processor.py:914} INFO - Processing file /home/ubuntu/airflow-venv/lib/python3.12/site-packages/airflow/example_dags/example_dataset_alias_with_no_taskflow.py for tasks to queue
[2026-02-26T05:26:12.960+0000] {logging_mixin.py:190} INFO - [2026-02-26T05:26:12.960+0000] {dagbag.py:588} INFO - Filling up the DagBag from /home/ubuntu/airflow-venv/lib/python3.12/site-packages/airflow/example_dags/example_dataset_alias_with_no_taskflow.py
[2026-02-26T05:26:12.974+0000] {processor.py:925} INFO - DAG(s) 'dataset_s3_bucket_consumer_with_no_taskflow', 'dataset_alias_example_alias_consumer_with_no_taskflow', 'dataset_s3_bucket_producer_with_no_taskflow', 'dataset_alias_example_alias_producer_with_no_taskflow' retrieved from /home/ubuntu/airflow-venv/lib/python3.12/site-packages/airflow/example_dags/example_dataset_alias_with_no_taskflow.py
[2026-02-26T05:26:12.985+0000] {logging_mixin.py:190} INFO - [2026-02-26T05:26:12.985+0000] {dag.py:3239} INFO - Sync 4 DAGs
[2026-02-26T05:26:12.996+0000] {logging_mixin.py:190} INFO - [2026-02-26T05:26:12.996+0000] {dag.py:4180} INFO - Setting next_dagrun for dataset_alias_example_alias_consumer_with_no_taskflow to None, run_after=None
[2026-02-26T05:26:12.997+0000] {logging_mixin.py:190} INFO - [2026-02-26T05:26:12.997+0000] {dag.py:4180} INFO - Setting next_dagrun for dataset_alias_example_alias_producer_with_no_taskflow to None, run_after=None
[2026-02-26T05:26:12.998+0000] {logging_mixin.py:190} INFO - [2026-02-26T05:26:12.998+0000] {dag.py:4180} INFO - Setting next_dagrun for dataset_s3_bucket_consumer_with_no_taskflow to None, run_after=None
[2026-02-26T05:26:12.998+0000] {logging_mixin.py:190} INFO - [2026-02-26T05:26:12.998+0000] {dag.py:4180} INFO - Setting next_dagrun for dataset_s3_bucket_producer_with_no_taskflow to None, run_after=None
[2026-02-26T05:26:13.016+0000] {processor.py:208} INFO - Processing /home/ubuntu/airflow-venv/lib/python3.12/site-packages/airflow/example_dags/example_dataset_alias_with_no_taskflow.py took 0.061 seconds
[2026-02-26T05:27:27.131+0000] {processor.py:186} INFO - Started process (PID=2811) to work on /home/ubuntu/airflow-venv/lib/python3.12/site-packages/airflow/example_dags/example_dataset_alias_with_no_taskflow.py
[2026-02-26T05:27:27.132+0000] {processor.py:914} INFO - Processing file /home/ubuntu/airflow-venv/lib/python3.12/site-packages/airflow/example_dags/example_dataset_alias_with_no_taskflow.py for tasks to queue
[2026-02-26T05:27:27.133+0000] {logging_mixin.py:190} INFO - [2026-02-26T05:27:27.133+0000] {dagbag.py:588} INFO - Filling up the DagBag from /home/ubuntu/airflow-venv/lib/python3.12/site-packages/airflow/example_dags/example_dataset_alias_with_no_taskflow.py
[2026-02-26T05:27:27.147+0000] {processor.py:925} INFO - DAG(s) 'dataset_alias_example_alias_consumer_with_no_taskflow', 'dataset_alias_example_alias_producer_with_no_taskflow', 'dataset_s3_bucket_consumer_with_no_taskflow', 'dataset_s3_bucket_producer_with_no_taskflow' retrieved from /home/ubuntu/airflow-venv/lib/python3.12/site-packages/airflow/example_dags/example_dataset_alias_with_no_taskflow.py
[2026-02-26T05:27:27.158+0000] {logging_mixin.py:190} INFO - [2026-02-26T05:27:27.158+0000] {dag.py:3239} INFO - Sync 4 DAGs
[2026-02-26T05:27:27.169+0000] {logging_mixin.py:190} INFO - [2026-02-26T05:27:27.169+0000] {dag.py:4180} INFO - Setting next_dagrun for dataset_alias_example_alias_consumer_with_no_taskflow to None, run_after=None
[2026-02-26T05:27:27.170+0000] {logging_mixin.py:190} INFO - [2026-02-26T05:27:27.170+0000] {dag.py:4180} INFO - Setting next_dagrun for dataset_alias_example_alias_producer_with_no_taskflow to None, run_after=None
[2026-02-26T05:27:27.171+0000] {logging_mixin.py:190} INFO - [2026-02-26T05:27:27.171+0000] {dag.py:4180} INFO - Setting next_dagrun for dataset_s3_bucket_consumer_with_no_taskflow to None, run_after=None
[2026-02-26T05:27:27.171+0000] {logging_mixin.py:190} INFO - [2026-02-26T05:27:27.171+0000] {dag.py:4180} INFO - Setting next_dagrun for dataset_s3_bucket_producer_with_no_taskflow to None, run_after=None
[2026-02-26T05:27:27.188+0000] {processor.py:208} INFO - Processing /home/ubuntu/airflow-venv/lib/python3.12/site-packages/airflow/example_dags/example_dataset_alias_with_no_taskflow.py took 0.060 seconds
[2026-02-26T05:28:41.924+0000] {processor.py:186} INFO - Started process (PID=2890) to work on /home/ubuntu/airflow-venv/lib/python3.12/site-packages/airflow/example_dags/example_dataset_alias_with_no_taskflow.py
[2026-02-26T05:28:41.925+0000] {processor.py:914} INFO - Processing file /home/ubuntu/airflow-venv/lib/python3.12/site-packages/airflow/example_dags/example_dataset_alias_with_no_taskflow.py for tasks to queue
[2026-02-26T05:28:41.926+0000] {logging_mixin.py:190} INFO - [2026-02-26T05:28:41.926+0000] {dagbag.py:588} INFO - Filling up the DagBag from /home/ubuntu/airflow-venv/lib/python3.12/site-packages/airflow/example_dags/example_dataset_alias_with_no_taskflow.py
[2026-02-26T05:28:42.005+0000] {processor.py:925} INFO - DAG(s) 'dataset_s3_bucket_consumer_with_no_taskflow', 'dataset_alias_example_alias_producer_with_no_taskflow', 'dataset_alias_example_alias_consumer_with_no_taskflow', 'dataset_s3_bucket_producer_with_no_taskflow' retrieved from /home/ubuntu/airflow-venv/lib/python3.12/site-packages/airflow/example_dags/example_dataset_alias_with_no_taskflow.py
[2026-02-26T05:28:42.015+0000] {logging_mixin.py:190} INFO - [2026-02-26T05:28:42.015+0000] {dag.py:3239} INFO - Sync 4 DAGs
[2026-02-26T05:28:42.024+0000] {logging_mixin.py:190} INFO - [2026-02-26T05:28:42.024+0000] {dag.py:4180} INFO - Setting next_dagrun for dataset_alias_example_alias_consumer_with_no_taskflow to None, run_after=None
[2026-02-26T05:28:42.026+0000] {logging_mixin.py:190} INFO - [2026-02-26T05:28:42.025+0000] {dag.py:4180} INFO - Setting next_dagrun for dataset_alias_example_alias_producer_with_no_taskflow to None, run_after=None
[2026-02-26T05:28:42.026+0000] {logging_mixin.py:190} INFO - [2026-02-26T05:28:42.026+0000] {dag.py:4180} INFO - Setting next_dagrun for dataset_s3_bucket_consumer_with_no_taskflow to None, run_after=None
[2026-02-26T05:28:42.027+0000] {logging_mixin.py:190} INFO - [2026-02-26T05:28:42.027+0000] {dag.py:4180} INFO - Setting next_dagrun for dataset_s3_bucket_producer_with_no_taskflow to None, run_after=None
[2026-02-26T05:28:42.042+0000] {processor.py:208} INFO - Processing /home/ubuntu/airflow-venv/lib/python3.12/site-packages/airflow/example_dags/example_dataset_alias_with_no_taskflow.py took 0.121 seconds
[2026-02-26T05:29:35.947+0000] {processor.py:186} INFO - Started process (PID=2944) to work on /home/ubuntu/airflow-venv/lib/python3.12/site-packages/airflow/example_dags/example_dataset_alias_with_no_taskflow.py
[2026-02-26T05:29:35.948+0000] {processor.py:914} INFO - Processing file /home/ubuntu/airflow-venv/lib/python3.12/site-packages/airflow/example_dags/example_dataset_alias_with_no_taskflow.py for tasks to queue
[2026-02-26T05:29:35.949+0000] {logging_mixin.py:190} INFO - [2026-02-26T05:29:35.949+0000] {dagbag.py:588} INFO - Filling up the DagBag from /home/ubuntu/airflow-venv/lib/python3.12/site-packages/airflow/example_dags/example_dataset_alias_with_no_taskflow.py
[2026-02-26T05:29:35.963+0000] {processor.py:925} INFO - DAG(s) 'dataset_alias_example_alias_consumer_with_no_taskflow', 'dataset_alias_example_alias_producer_with_no_taskflow', 'dataset_s3_bucket_consumer_with_no_taskflow', 'dataset_s3_bucket_producer_with_no_taskflow' retrieved from /home/ubuntu/airflow-venv/lib/python3.12/site-packages/airflow/example_dags/example_dataset_alias_with_no_taskflow.py
[2026-02-26T05:29:35.975+0000] {logging_mixin.py:190} INFO - [2026-02-26T05:29:35.975+0000] {dag.py:3239} INFO - Sync 4 DAGs
[2026-02-26T05:29:35.986+0000] {logging_mixin.py:190} INFO - [2026-02-26T05:29:35.986+0000] {dag.py:4180} INFO - Setting next_dagrun for dataset_alias_example_alias_consumer_with_no_taskflow to None, run_after=None
[2026-02-26T05:29:35.988+0000] {logging_mixin.py:190} INFO - [2026-02-26T05:29:35.987+0000] {dag.py:4180} INFO - Setting next_dagrun for dataset_alias_example_alias_producer_with_no_taskflow to None, run_after=None
[2026-02-26T05:29:35.988+0000] {logging_mixin.py:190} INFO - [2026-02-26T05:29:35.988+0000] {dag.py:4180} INFO - Setting next_dagrun for dataset_s3_bucket_consumer_with_no_taskflow to None, run_after=None
[2026-02-26T05:29:35.989+0000] {logging_mixin.py:190} INFO - [2026-02-26T05:29:35.988+0000] {dag.py:4180} INFO - Setting next_dagrun for dataset_s3_bucket_producer_with_no_taskflow to None, run_after=None
[2026-02-26T05:29:36.006+0000] {processor.py:208} INFO - Processing /home/ubuntu/airflow-venv/lib/python3.12/site-packages/airflow/example_dags/example_dataset_alias_with_no_taskflow.py took 0.062 seconds
[2026-02-26T05:30:29.875+0000] {processor.py:186} INFO - Started process (PID=3005) to work on /home/ubuntu/airflow-venv/lib/python3.12/site-packages/airflow/example_dags/example_dataset_alias_with_no_taskflow.py
[2026-02-26T05:30:29.876+0000] {processor.py:914} INFO - Processing file /home/ubuntu/airflow-venv/lib/python3.12/site-packages/airflow/example_dags/example_dataset_alias_with_no_taskflow.py for tasks to queue
[2026-02-26T05:30:29.878+0000] {logging_mixin.py:190} INFO - [2026-02-26T05:30:29.877+0000] {dagbag.py:588} INFO - Filling up the DagBag from /home/ubuntu/airflow-venv/lib/python3.12/site-packages/airflow/example_dags/example_dataset_alias_with_no_taskflow.py
[2026-02-26T05:30:29.891+0000] {processor.py:925} INFO - DAG(s) 'dataset_s3_bucket_producer_with_no_taskflow', 'dataset_alias_example_alias_consumer_with_no_taskflow', 'dataset_s3_bucket_consumer_with_no_taskflow', 'dataset_alias_example_alias_producer_with_no_taskflow' retrieved from /home/ubuntu/airflow-venv/lib/python3.12/site-packages/airflow/example_dags/example_dataset_alias_with_no_taskflow.py
[2026-02-26T05:30:29.903+0000] {logging_mixin.py:190} INFO - [2026-02-26T05:30:29.903+0000] {dag.py:3239} INFO - Sync 4 DAGs
[2026-02-26T05:30:29.915+0000] {logging_mixin.py:190} INFO - [2026-02-26T05:30:29.915+0000] {dag.py:4180} INFO - Setting next_dagrun for dataset_alias_example_alias_consumer_with_no_taskflow to None, run_after=None
[2026-02-26T05:30:29.916+0000] {logging_mixin.py:190} INFO - [2026-02-26T05:30:29.916+0000] {dag.py:4180} INFO - Setting next_dagrun for dataset_alias_example_alias_producer_with_no_taskflow to None, run_after=None
[2026-02-26T05:30:29.917+0000] {logging_mixin.py:190} INFO - [2026-02-26T05:30:29.917+0000] {dag.py:4180} INFO - Setting next_dagrun for dataset_s3_bucket_consumer_with_no_taskflow to None, run_after=None
[2026-02-26T05:30:29.917+0000] {logging_mixin.py:190} INFO - [2026-02-26T05:30:29.917+0000] {dag.py:4180} INFO - Setting next_dagrun for dataset_s3_bucket_producer_with_no_taskflow to None, run_after=None
[2026-02-26T05:30:29.934+0000] {processor.py:208} INFO - Processing /home/ubuntu/airflow-venv/lib/python3.12/site-packages/airflow/example_dags/example_dataset_alias_with_no_taskflow.py took 0.062 seconds
[2026-02-26T05:31:47.432+0000] {processor.py:186} INFO - Started process (PID=3084) to work on /home/ubuntu/airflow-venv/lib/python3.12/site-packages/airflow/example_dags/example_dataset_alias_with_no_taskflow.py
[2026-02-26T05:31:47.434+0000] {processor.py:914} INFO - Processing file /home/ubuntu/airflow-venv/lib/python3.12/site-packages/airflow/example_dags/example_dataset_alias_with_no_taskflow.py for tasks to queue
[2026-02-26T05:31:47.435+0000] {logging_mixin.py:190} INFO - [2026-02-26T05:31:47.435+0000] {dagbag.py:588} INFO - Filling up the DagBag from /home/ubuntu/airflow-venv/lib/python3.12/site-packages/airflow/example_dags/example_dataset_alias_with_no_taskflow.py
[2026-02-26T05:31:47.448+0000] {processor.py:925} INFO - DAG(s) 'dataset_s3_bucket_producer_with_no_taskflow', 'dataset_alias_example_alias_consumer_with_no_taskflow', 'dataset_alias_example_alias_producer_with_no_taskflow', 'dataset_s3_bucket_consumer_with_no_taskflow' retrieved from /home/ubuntu/airflow-venv/lib/python3.12/site-packages/airflow/example_dags/example_dataset_alias_with_no_taskflow.py
[2026-02-26T05:31:47.460+0000] {logging_mixin.py:190} INFO - [2026-02-26T05:31:47.460+0000] {dag.py:3239} INFO - Sync 4 DAGs
[2026-02-26T05:31:47.472+0000] {logging_mixin.py:190} INFO - [2026-02-26T05:31:47.472+0000] {dag.py:4180} INFO - Setting next_dagrun for dataset_alias_example_alias_consumer_with_no_taskflow to None, run_after=None
[2026-02-26T05:31:47.473+0000] {logging_mixin.py:190} INFO - [2026-02-26T05:31:47.473+0000] {dag.py:4180} INFO - Setting next_dagrun for dataset_alias_example_alias_producer_with_no_taskflow to None, run_after=None
[2026-02-26T05:31:47.474+0000] {logging_mixin.py:190} INFO - [2026-02-26T05:31:47.474+0000] {dag.py:4180} INFO - Setting next_dagrun for dataset_s3_bucket_consumer_with_no_taskflow to None, run_after=None
[2026-02-26T05:31:47.474+0000] {logging_mixin.py:190} INFO - [2026-02-26T05:31:47.474+0000] {dag.py:4180} INFO - Setting next_dagrun for dataset_s3_bucket_producer_with_no_taskflow to None, run_after=None
[2026-02-26T05:31:47.491+0000] {processor.py:208} INFO - Processing /home/ubuntu/airflow-venv/lib/python3.12/site-packages/airflow/example_dags/example_dataset_alias_with_no_taskflow.py took 0.062 seconds
[2026-02-26T05:33:01.335+0000] {processor.py:186} INFO - Started process (PID=3162) to work on /home/ubuntu/airflow-venv/lib/python3.12/site-packages/airflow/example_dags/example_dataset_alias_with_no_taskflow.py
[2026-02-26T05:33:01.337+0000] {processor.py:914} INFO - Processing file /home/ubuntu/airflow-venv/lib/python3.12/site-packages/airflow/example_dags/example_dataset_alias_with_no_taskflow.py for tasks to queue
[2026-02-26T05:33:01.338+0000] {logging_mixin.py:190} INFO - [2026-02-26T05:33:01.338+0000] {dagbag.py:588} INFO - Filling up the DagBag from /home/ubuntu/airflow-venv/lib/python3.12/site-packages/airflow/example_dags/example_dataset_alias_with_no_taskflow.py
[2026-02-26T05:33:01.352+0000] {processor.py:925} INFO - DAG(s) 'dataset_s3_bucket_consumer_with_no_taskflow', 'dataset_alias_example_alias_producer_with_no_taskflow', 'dataset_s3_bucket_producer_with_no_taskflow', 'dataset_alias_example_alias_consumer_with_no_taskflow' retrieved from /home/ubuntu/airflow-venv/lib/python3.12/site-packages/airflow/example_dags/example_dataset_alias_with_no_taskflow.py
[2026-02-26T05:33:01.363+0000] {logging_mixin.py:190} INFO - [2026-02-26T05:33:01.363+0000] {dag.py:3239} INFO - Sync 4 DAGs
[2026-02-26T05:33:01.375+0000] {logging_mixin.py:190} INFO - [2026-02-26T05:33:01.375+0000] {dag.py:4180} INFO - Setting next_dagrun for dataset_alias_example_alias_consumer_with_no_taskflow to None, run_after=None
[2026-02-26T05:33:01.376+0000] {logging_mixin.py:190} INFO - [2026-02-26T05:33:01.376+0000] {dag.py:4180} INFO - Setting next_dagrun for dataset_alias_example_alias_producer_with_no_taskflow to None, run_after=None
[2026-02-26T05:33:01.376+0000] {logging_mixin.py:190} INFO - [2026-02-26T05:33:01.376+0000] {dag.py:4180} INFO - Setting next_dagrun for dataset_s3_bucket_consumer_with_no_taskflow to None, run_after=None
[2026-02-26T05:33:01.377+0000] {logging_mixin.py:190} INFO - [2026-02-26T05:33:01.377+0000] {dag.py:4180} INFO - Setting next_dagrun for dataset_s3_bucket_producer_with_no_taskflow to None, run_after=None
[2026-02-26T05:33:01.395+0000] {processor.py:208} INFO - Processing /home/ubuntu/airflow-venv/lib/python3.12/site-packages/airflow/example_dags/example_dataset_alias_with_no_taskflow.py took 0.063 seconds
[2026-02-26T05:34:15.485+0000] {processor.py:186} INFO - Started process (PID=3241) to work on /home/ubuntu/airflow-venv/lib/python3.12/site-packages/airflow/example_dags/example_dataset_alias_with_no_taskflow.py
[2026-02-26T05:34:15.486+0000] {processor.py:914} INFO - Processing file /home/ubuntu/airflow-venv/lib/python3.12/site-packages/airflow/example_dags/example_dataset_alias_with_no_taskflow.py for tasks to queue
[2026-02-26T05:34:15.487+0000] {logging_mixin.py:190} INFO - [2026-02-26T05:34:15.487+0000] {dagbag.py:588} INFO - Filling up the DagBag from /home/ubuntu/airflow-venv/lib/python3.12/site-packages/airflow/example_dags/example_dataset_alias_with_no_taskflow.py
[2026-02-26T05:34:15.501+0000] {processor.py:925} INFO - DAG(s) 'dataset_alias_example_alias_consumer_with_no_taskflow', 'dataset_alias_example_alias_producer_with_no_taskflow', 'dataset_s3_bucket_producer_with_no_taskflow', 'dataset_s3_bucket_consumer_with_no_taskflow' retrieved from /home/ubuntu/airflow-venv/lib/python3.12/site-packages/airflow/example_dags/example_dataset_alias_with_no_taskflow.py
[2026-02-26T05:34:15.513+0000] {logging_mixin.py:190} INFO - [2026-02-26T05:34:15.513+0000] {dag.py:3239} INFO - Sync 4 DAGs
[2026-02-26T05:34:15.524+0000] {logging_mixin.py:190} INFO - [2026-02-26T05:34:15.524+0000] {dag.py:4180} INFO - Setting next_dagrun for dataset_alias_example_alias_consumer_with_no_taskflow to None, run_after=None
[2026-02-26T05:34:15.525+0000] {logging_mixin.py:190} INFO - [2026-02-26T05:34:15.525+0000] {dag.py:4180} INFO - Setting next_dagrun for dataset_alias_example_alias_producer_with_no_taskflow to None, run_after=None
[2026-02-26T05:34:15.526+0000] {logging_mixin.py:190} INFO - [2026-02-26T05:34:15.525+0000] {dag.py:4180} INFO - Setting next_dagrun for dataset_s3_bucket_consumer_with_no_taskflow to None, run_after=None
[2026-02-26T05:34:15.526+0000] {logging_mixin.py:190} INFO - [2026-02-26T05:34:15.526+0000] {dag.py:4180} INFO - Setting next_dagrun for dataset_s3_bucket_producer_with_no_taskflow to None, run_after=None
[2026-02-26T05:34:15.543+0000] {processor.py:208} INFO - Processing /home/ubuntu/airflow-venv/lib/python3.12/site-packages/airflow/example_dags/example_dataset_alias_with_no_taskflow.py took 0.061 seconds
[2026-02-26T05:35:32.037+0000] {processor.py:186} INFO - Started process (PID=3330) to work on /home/ubuntu/airflow-venv/lib/python3.12/site-packages/airflow/example_dags/example_dataset_alias_with_no_taskflow.py
[2026-02-26T05:35:32.038+0000] {processor.py:914} INFO - Processing file /home/ubuntu/airflow-venv/lib/python3.12/site-packages/airflow/example_dags/example_dataset_alias_with_no_taskflow.py for tasks to queue
[2026-02-26T05:35:32.040+0000] {logging_mixin.py:190} INFO - [2026-02-26T05:35:32.039+0000] {dagbag.py:588} INFO - Filling up the DagBag from /home/ubuntu/airflow-venv/lib/python3.12/site-packages/airflow/example_dags/example_dataset_alias_with_no_taskflow.py
[2026-02-26T05:35:32.054+0000] {processor.py:925} INFO - DAG(s) 'dataset_alias_example_alias_consumer_with_no_taskflow', 'dataset_s3_bucket_consumer_with_no_taskflow', 'dataset_s3_bucket_producer_with_no_taskflow', 'dataset_alias_example_alias_producer_with_no_taskflow' retrieved from /home/ubuntu/airflow-venv/lib/python3.12/site-packages/airflow/example_dags/example_dataset_alias_with_no_taskflow.py
[2026-02-26T05:35:32.065+0000] {logging_mixin.py:190} INFO - [2026-02-26T05:35:32.065+0000] {dag.py:3239} INFO - Sync 4 DAGs
[2026-02-26T05:35:32.077+0000] {logging_mixin.py:190} INFO - [2026-02-26T05:35:32.077+0000] {dag.py:4180} INFO - Setting next_dagrun for dataset_alias_example_alias_consumer_with_no_taskflow to None, run_after=None
[2026-02-26T05:35:32.078+0000] {logging_mixin.py:190} INFO - [2026-02-26T05:35:32.078+0000] {dag.py:4180} INFO - Setting next_dagrun for dataset_alias_example_alias_producer_with_no_taskflow to None, run_after=None
[2026-02-26T05:35:32.079+0000] {logging_mixin.py:190} INFO - [2026-02-26T05:35:32.078+0000] {dag.py:4180} INFO - Setting next_dagrun for dataset_s3_bucket_consumer_with_no_taskflow to None, run_after=None
[2026-02-26T05:35:32.079+0000] {logging_mixin.py:190} INFO - [2026-02-26T05:35:32.079+0000] {dag.py:4180} INFO - Setting next_dagrun for dataset_s3_bucket_producer_with_no_taskflow to None, run_after=None
[2026-02-26T05:35:32.096+0000] {processor.py:208} INFO - Processing /home/ubuntu/airflow-venv/lib/python3.12/site-packages/airflow/example_dags/example_dataset_alias_with_no_taskflow.py took 0.062 seconds
[2026-02-26T05:36:26.109+0000] {processor.py:186} INFO - Started process (PID=3388) to work on /home/ubuntu/airflow-venv/lib/python3.12/site-packages/airflow/example_dags/example_dataset_alias_with_no_taskflow.py
[2026-02-26T05:36:26.110+0000] {processor.py:914} INFO - Processing file /home/ubuntu/airflow-venv/lib/python3.12/site-packages/airflow/example_dags/example_dataset_alias_with_no_taskflow.py for tasks to queue
[2026-02-26T05:36:26.111+0000] {logging_mixin.py:190} INFO - [2026-02-26T05:36:26.111+0000] {dagbag.py:588} INFO - Filling up the DagBag from /home/ubuntu/airflow-venv/lib/python3.12/site-packages/airflow/example_dags/example_dataset_alias_with_no_taskflow.py
[2026-02-26T05:36:26.126+0000] {processor.py:925} INFO - DAG(s) 'dataset_s3_bucket_consumer_with_no_taskflow', 'dataset_s3_bucket_producer_with_no_taskflow', 'dataset_alias_example_alias_consumer_with_no_taskflow', 'dataset_alias_example_alias_producer_with_no_taskflow' retrieved from /home/ubuntu/airflow-venv/lib/python3.12/site-packages/airflow/example_dags/example_dataset_alias_with_no_taskflow.py
[2026-02-26T05:36:26.137+0000] {logging_mixin.py:190} INFO - [2026-02-26T05:36:26.137+0000] {dag.py:3239} INFO - Sync 4 DAGs
[2026-02-26T05:36:26.150+0000] {logging_mixin.py:190} INFO - [2026-02-26T05:36:26.149+0000] {dag.py:4180} INFO - Setting next_dagrun for dataset_alias_example_alias_consumer_with_no_taskflow to None, run_after=None
[2026-02-26T05:36:26.151+0000] {logging_mixin.py:190} INFO - [2026-02-26T05:36:26.151+0000] {dag.py:4180} INFO - Setting next_dagrun for dataset_alias_example_alias_producer_with_no_taskflow to None, run_after=None
[2026-02-26T05:36:26.151+0000] {logging_mixin.py:190} INFO - [2026-02-26T05:36:26.151+0000] {dag.py:4180} INFO - Setting next_dagrun for dataset_s3_bucket_consumer_with_no_taskflow to None, run_after=None
[2026-02-26T05:36:26.152+0000] {logging_mixin.py:190} INFO - [2026-02-26T05:36:26.152+0000] {dag.py:4180} INFO - Setting next_dagrun for dataset_s3_bucket_producer_with_no_taskflow to None, run_after=None
[2026-02-26T05:36:26.168+0000] {processor.py:208} INFO - Processing /home/ubuntu/airflow-venv/lib/python3.12/site-packages/airflow/example_dags/example_dataset_alias_with_no_taskflow.py took 0.063 seconds
[2026-02-26T05:37:37.698+0000] {processor.py:186} INFO - Started process (PID=3465) to work on /home/ubuntu/airflow-venv/lib/python3.12/site-packages/airflow/example_dags/example_dataset_alias_with_no_taskflow.py
[2026-02-26T05:37:37.699+0000] {processor.py:914} INFO - Processing file /home/ubuntu/airflow-venv/lib/python3.12/site-packages/airflow/example_dags/example_dataset_alias_with_no_taskflow.py for tasks to queue
[2026-02-26T05:37:37.700+0000] {logging_mixin.py:190} INFO - [2026-02-26T05:37:37.700+0000] {dagbag.py:588} INFO - Filling up the DagBag from /home/ubuntu/airflow-venv/lib/python3.12/site-packages/airflow/example_dags/example_dataset_alias_with_no_taskflow.py
[2026-02-26T05:37:37.714+0000] {processor.py:925} INFO - DAG(s) 'dataset_alias_example_alias_producer_with_no_taskflow', 'dataset_s3_bucket_producer_with_no_taskflow', 'dataset_s3_bucket_consumer_with_no_taskflow', 'dataset_alias_example_alias_consumer_with_no_taskflow' retrieved from /home/ubuntu/airflow-venv/lib/python3.12/site-packages/airflow/example_dags/example_dataset_alias_with_no_taskflow.py
[2026-02-26T05:37:37.725+0000] {logging_mixin.py:190} INFO - [2026-02-26T05:37:37.725+0000] {dag.py:3239} INFO - Sync 4 DAGs
[2026-02-26T05:37:37.737+0000] {logging_mixin.py:190} INFO - [2026-02-26T05:37:37.737+0000] {dag.py:4180} INFO - Setting next_dagrun for dataset_alias_example_alias_consumer_with_no_taskflow to None, run_after=None
[2026-02-26T05:37:37.738+0000] {logging_mixin.py:190} INFO - [2026-02-26T05:37:37.738+0000] {dag.py:4180} INFO - Setting next_dagrun for dataset_alias_example_alias_producer_with_no_taskflow to None, run_after=None
[2026-02-26T05:37:37.739+0000] {logging_mixin.py:190} INFO - [2026-02-26T05:37:37.739+0000] {dag.py:4180} INFO - Setting next_dagrun for dataset_s3_bucket_consumer_with_no_taskflow to None, run_after=None
[2026-02-26T05:37:37.739+0000] {logging_mixin.py:190} INFO - [2026-02-26T05:37:37.739+0000] {dag.py:4180} INFO - Setting next_dagrun for dataset_s3_bucket_producer_with_no_taskflow to None, run_after=None
[2026-02-26T05:37:37.756+0000] {processor.py:208} INFO - Processing /home/ubuntu/airflow-venv/lib/python3.12/site-packages/airflow/example_dags/example_dataset_alias_with_no_taskflow.py took 0.062 seconds
[2026-02-26T05:38:52.214+0000] {processor.py:186} INFO - Started process (PID=3542) to work on /home/ubuntu/airflow-venv/lib/python3.12/site-packages/airflow/example_dags/example_dataset_alias_with_no_taskflow.py
[2026-02-26T05:38:52.215+0000] {processor.py:914} INFO - Processing file /home/ubuntu/airflow-venv/lib/python3.12/site-packages/airflow/example_dags/example_dataset_alias_with_no_taskflow.py for tasks to queue
[2026-02-26T05:38:52.217+0000] {logging_mixin.py:190} INFO - [2026-02-26T05:38:52.216+0000] {dagbag.py:588} INFO - Filling up the DagBag from /home/ubuntu/airflow-venv/lib/python3.12/site-packages/airflow/example_dags/example_dataset_alias_with_no_taskflow.py
[2026-02-26T05:38:52.231+0000] {processor.py:925} INFO - DAG(s) 'dataset_s3_bucket_consumer_with_no_taskflow', 'dataset_s3_bucket_producer_with_no_taskflow', 'dataset_alias_example_alias_producer_with_no_taskflow', 'dataset_alias_example_alias_consumer_with_no_taskflow' retrieved from /home/ubuntu/airflow-venv/lib/python3.12/site-packages/airflow/example_dags/example_dataset_alias_with_no_taskflow.py
[2026-02-26T05:38:52.242+0000] {logging_mixin.py:190} INFO - [2026-02-26T05:38:52.242+0000] {dag.py:3239} INFO - Sync 4 DAGs
[2026-02-26T05:38:52.254+0000] {logging_mixin.py:190} INFO - [2026-02-26T05:38:52.254+0000] {dag.py:4180} INFO - Setting next_dagrun for dataset_alias_example_alias_consumer_with_no_taskflow to None, run_after=None
[2026-02-26T05:38:52.256+0000] {logging_mixin.py:190} INFO - [2026-02-26T05:38:52.256+0000] {dag.py:4180} INFO - Setting next_dagrun for dataset_alias_example_alias_producer_with_no_taskflow to None, run_after=None
[2026-02-26T05:38:52.256+0000] {logging_mixin.py:190} INFO - [2026-02-26T05:38:52.256+0000] {dag.py:4180} INFO - Setting next_dagrun for dataset_s3_bucket_consumer_with_no_taskflow to None, run_after=None
[2026-02-26T05:38:52.257+0000] {logging_mixin.py:190} INFO - [2026-02-26T05:38:52.256+0000] {dag.py:4180} INFO - Setting next_dagrun for dataset_s3_bucket_producer_with_no_taskflow to None, run_after=None
[2026-02-26T05:38:52.273+0000] {processor.py:208} INFO - Processing /home/ubuntu/airflow-venv/lib/python3.12/site-packages/airflow/example_dags/example_dataset_alias_with_no_taskflow.py took 0.063 seconds
[2026-02-26T05:39:42.095+0000] {processor.py:186} INFO - Started process (PID=3595) to work on /home/ubuntu/airflow-venv/lib/python3.12/site-packages/airflow/example_dags/example_dataset_alias_with_no_taskflow.py
[2026-02-26T05:39:42.096+0000] {processor.py:914} INFO - Processing file /home/ubuntu/airflow-venv/lib/python3.12/site-packages/airflow/example_dags/example_dataset_alias_with_no_taskflow.py for tasks to queue
[2026-02-26T05:39:42.097+0000] {logging_mixin.py:190} INFO - [2026-02-26T05:39:42.097+0000] {dagbag.py:588} INFO - Filling up the DagBag from /home/ubuntu/airflow-venv/lib/python3.12/site-packages/airflow/example_dags/example_dataset_alias_with_no_taskflow.py
[2026-02-26T05:39:42.111+0000] {processor.py:925} INFO - DAG(s) 'dataset_alias_example_alias_producer_with_no_taskflow', 'dataset_s3_bucket_consumer_with_no_taskflow', 'dataset_alias_example_alias_consumer_with_no_taskflow', 'dataset_s3_bucket_producer_with_no_taskflow' retrieved from /home/ubuntu/airflow-venv/lib/python3.12/site-packages/airflow/example_dags/example_dataset_alias_with_no_taskflow.py
[2026-02-26T05:39:42.122+0000] {logging_mixin.py:190} INFO - [2026-02-26T05:39:42.122+0000] {dag.py:3239} INFO - Sync 4 DAGs
[2026-02-26T05:39:42.133+0000] {logging_mixin.py:190} INFO - [2026-02-26T05:39:42.133+0000] {dag.py:4180} INFO - Setting next_dagrun for dataset_alias_example_alias_consumer_with_no_taskflow to None, run_after=None
[2026-02-26T05:39:42.134+0000] {logging_mixin.py:190} INFO - [2026-02-26T05:39:42.134+0000] {dag.py:4180} INFO - Setting next_dagrun for dataset_alias_example_alias_producer_with_no_taskflow to None, run_after=None
[2026-02-26T05:39:42.134+0000] {logging_mixin.py:190} INFO - [2026-02-26T05:39:42.134+0000] {dag.py:4180} INFO - Setting next_dagrun for dataset_s3_bucket_consumer_with_no_taskflow to None, run_after=None
[2026-02-26T05:39:42.135+0000] {logging_mixin.py:190} INFO - [2026-02-26T05:39:42.135+0000] {dag.py:4180} INFO - Setting next_dagrun for dataset_s3_bucket_producer_with_no_taskflow to None, run_after=None
[2026-02-26T05:39:42.152+0000] {processor.py:208} INFO - Processing /home/ubuntu/airflow-venv/lib/python3.12/site-packages/airflow/example_dags/example_dataset_alias_with_no_taskflow.py took 0.060 seconds
[2026-02-26T05:40:53.743+0000] {processor.py:186} INFO - Started process (PID=3677) to work on /home/ubuntu/airflow-venv/lib/python3.12/site-packages/airflow/example_dags/example_dataset_alias_with_no_taskflow.py
[2026-02-26T05:40:53.744+0000] {processor.py:914} INFO - Processing file /home/ubuntu/airflow-venv/lib/python3.12/site-packages/airflow/example_dags/example_dataset_alias_with_no_taskflow.py for tasks to queue
[2026-02-26T05:40:53.745+0000] {logging_mixin.py:190} INFO - [2026-02-26T05:40:53.745+0000] {dagbag.py:588} INFO - Filling up the DagBag from /home/ubuntu/airflow-venv/lib/python3.12/site-packages/airflow/example_dags/example_dataset_alias_with_no_taskflow.py
[2026-02-26T05:40:53.759+0000] {processor.py:925} INFO - DAG(s) 'dataset_s3_bucket_consumer_with_no_taskflow', 'dataset_alias_example_alias_consumer_with_no_taskflow', 'dataset_alias_example_alias_producer_with_no_taskflow', 'dataset_s3_bucket_producer_with_no_taskflow' retrieved from /home/ubuntu/airflow-venv/lib/python3.12/site-packages/airflow/example_dags/example_dataset_alias_with_no_taskflow.py
[2026-02-26T05:40:53.770+0000] {logging_mixin.py:190} INFO - [2026-02-26T05:40:53.770+0000] {dag.py:3239} INFO - Sync 4 DAGs
[2026-02-26T05:40:53.781+0000] {logging_mixin.py:190} INFO - [2026-02-26T05:40:53.781+0000] {dag.py:4180} INFO - Setting next_dagrun for dataset_alias_example_alias_consumer_with_no_taskflow to None, run_after=None
[2026-02-26T05:40:53.782+0000] {logging_mixin.py:190} INFO - [2026-02-26T05:40:53.782+0000] {dag.py:4180} INFO - Setting next_dagrun for dataset_alias_example_alias_producer_with_no_taskflow to None, run_after=None
[2026-02-26T05:40:53.783+0000] {logging_mixin.py:190} INFO - [2026-02-26T05:40:53.783+0000] {dag.py:4180} INFO - Setting next_dagrun for dataset_s3_bucket_consumer_with_no_taskflow to None, run_after=None
[2026-02-26T05:40:53.783+0000] {logging_mixin.py:190} INFO - [2026-02-26T05:40:53.783+0000] {dag.py:4180} INFO - Setting next_dagrun for dataset_s3_bucket_producer_with_no_taskflow to None, run_after=None
[2026-02-26T05:40:53.800+0000] {processor.py:208} INFO - Processing /home/ubuntu/airflow-venv/lib/python3.12/site-packages/airflow/example_dags/example_dataset_alias_with_no_taskflow.py took 0.060 seconds
[2026-02-26T05:42:07.889+0000] {processor.py:186} INFO - Started process (PID=3753) to work on /home/ubuntu/airflow-venv/lib/python3.12/site-packages/airflow/example_dags/example_dataset_alias_with_no_taskflow.py
[2026-02-26T05:42:07.890+0000] {processor.py:914} INFO - Processing file /home/ubuntu/airflow-venv/lib/python3.12/site-packages/airflow/example_dags/example_dataset_alias_with_no_taskflow.py for tasks to queue
[2026-02-26T05:42:07.891+0000] {logging_mixin.py:190} INFO - [2026-02-26T05:42:07.891+0000] {dagbag.py:588} INFO - Filling up the DagBag from /home/ubuntu/airflow-venv/lib/python3.12/site-packages/airflow/example_dags/example_dataset_alias_with_no_taskflow.py
[2026-02-26T05:42:07.905+0000] {processor.py:925} INFO - DAG(s) 'dataset_alias_example_alias_consumer_with_no_taskflow', 'dataset_alias_example_alias_producer_with_no_taskflow', 'dataset_s3_bucket_consumer_with_no_taskflow', 'dataset_s3_bucket_producer_with_no_taskflow' retrieved from /home/ubuntu/airflow-venv/lib/python3.12/site-packages/airflow/example_dags/example_dataset_alias_with_no_taskflow.py
[2026-02-26T05:42:07.916+0000] {logging_mixin.py:190} INFO - [2026-02-26T05:42:07.916+0000] {dag.py:3239} INFO - Sync 4 DAGs
[2026-02-26T05:42:07.928+0000] {logging_mixin.py:190} INFO - [2026-02-26T05:42:07.928+0000] {dag.py:4180} INFO - Setting next_dagrun for dataset_alias_example_alias_consumer_with_no_taskflow to None, run_after=None
[2026-02-26T05:42:07.929+0000] {logging_mixin.py:190} INFO - [2026-02-26T05:42:07.929+0000] {dag.py:4180} INFO - Setting next_dagrun for dataset_alias_example_alias_producer_with_no_taskflow to None, run_after=None
[2026-02-26T05:42:07.930+0000] {logging_mixin.py:190} INFO - [2026-02-26T05:42:07.930+0000] {dag.py:4180} INFO - Setting next_dagrun for dataset_s3_bucket_consumer_with_no_taskflow to None, run_after=None
[2026-02-26T05:42:07.930+0000] {logging_mixin.py:190} INFO - [2026-02-26T05:42:07.930+0000] {dag.py:4180} INFO - Setting next_dagrun for dataset_s3_bucket_producer_with_no_taskflow to None, run_after=None
[2026-02-26T05:42:07.947+0000] {processor.py:208} INFO - Processing /home/ubuntu/airflow-venv/lib/python3.12/site-packages/airflow/example_dags/example_dataset_alias_with_no_taskflow.py took 0.062 seconds
[2026-02-26T05:42:56.954+0000] {processor.py:186} INFO - Started process (PID=3806) to work on /home/ubuntu/airflow-venv/lib/python3.12/site-packages/airflow/example_dags/example_dataset_alias_with_no_taskflow.py
[2026-02-26T05:42:56.955+0000] {processor.py:914} INFO - Processing file /home/ubuntu/airflow-venv/lib/python3.12/site-packages/airflow/example_dags/example_dataset_alias_with_no_taskflow.py for tasks to queue
[2026-02-26T05:42:56.957+0000] {logging_mixin.py:190} INFO - [2026-02-26T05:42:56.956+0000] {dagbag.py:588} INFO - Filling up the DagBag from /home/ubuntu/airflow-venv/lib/python3.12/site-packages/airflow/example_dags/example_dataset_alias_with_no_taskflow.py
[2026-02-26T05:42:56.970+0000] {processor.py:925} INFO - DAG(s) 'dataset_alias_example_alias_producer_with_no_taskflow', 'dataset_s3_bucket_producer_with_no_taskflow', 'dataset_s3_bucket_consumer_with_no_taskflow', 'dataset_alias_example_alias_consumer_with_no_taskflow' retrieved from /home/ubuntu/airflow-venv/lib/python3.12/site-packages/airflow/example_dags/example_dataset_alias_with_no_taskflow.py
[2026-02-26T05:42:56.981+0000] {logging_mixin.py:190} INFO - [2026-02-26T05:42:56.981+0000] {dag.py:3239} INFO - Sync 4 DAGs
[2026-02-26T05:42:56.992+0000] {logging_mixin.py:190} INFO - [2026-02-26T05:42:56.992+0000] {dag.py:4180} INFO - Setting next_dagrun for dataset_alias_example_alias_consumer_with_no_taskflow to None, run_after=None
[2026-02-26T05:42:56.993+0000] {logging_mixin.py:190} INFO - [2026-02-26T05:42:56.993+0000] {dag.py:4180} INFO - Setting next_dagrun for dataset_alias_example_alias_producer_with_no_taskflow to None, run_after=None
[2026-02-26T05:42:56.994+0000] {logging_mixin.py:190} INFO - [2026-02-26T05:42:56.994+0000] {dag.py:4180} INFO - Setting next_dagrun for dataset_s3_bucket_consumer_with_no_taskflow to None, run_after=None
[2026-02-26T05:42:56.994+0000] {logging_mixin.py:190} INFO - [2026-02-26T05:42:56.994+0000] {dag.py:4180} INFO - Setting next_dagrun for dataset_s3_bucket_producer_with_no_taskflow to None, run_after=None
[2026-02-26T05:42:57.012+0000] {processor.py:208} INFO - Processing /home/ubuntu/airflow-venv/lib/python3.12/site-packages/airflow/example_dags/example_dataset_alias_with_no_taskflow.py took 0.061 seconds
[2026-02-26T05:44:13.058+0000] {processor.py:186} INFO - Started process (PID=3884) to work on /home/ubuntu/airflow-venv/lib/python3.12/site-packages/airflow/example_dags/example_dataset_alias_with_no_taskflow.py
[2026-02-26T05:44:13.059+0000] {processor.py:914} INFO - Processing file /home/ubuntu/airflow-venv/lib/python3.12/site-packages/airflow/example_dags/example_dataset_alias_with_no_taskflow.py for tasks to queue
[2026-02-26T05:44:13.060+0000] {logging_mixin.py:190} INFO - [2026-02-26T05:44:13.060+0000] {dagbag.py:588} INFO - Filling up the DagBag from /home/ubuntu/airflow-venv/lib/python3.12/site-packages/airflow/example_dags/example_dataset_alias_with_no_taskflow.py
[2026-02-26T05:44:13.074+0000] {processor.py:925} INFO - DAG(s) 'dataset_s3_bucket_consumer_with_no_taskflow', 'dataset_alias_example_alias_producer_with_no_taskflow', 'dataset_s3_bucket_producer_with_no_taskflow', 'dataset_alias_example_alias_consumer_with_no_taskflow' retrieved from /home/ubuntu/airflow-venv/lib/python3.12/site-packages/airflow/example_dags/example_dataset_alias_with_no_taskflow.py
[2026-02-26T05:44:13.086+0000] {logging_mixin.py:190} INFO - [2026-02-26T05:44:13.086+0000] {dag.py:3239} INFO - Sync 4 DAGs
[2026-02-26T05:44:13.097+0000] {logging_mixin.py:190} INFO - [2026-02-26T05:44:13.097+0000] {dag.py:4180} INFO - Setting next_dagrun for dataset_alias_example_alias_consumer_with_no_taskflow to None, run_after=None
[2026-02-26T05:44:13.098+0000] {logging_mixin.py:190} INFO - [2026-02-26T05:44:13.098+0000] {dag.py:4180} INFO - Setting next_dagrun for dataset_alias_example_alias_producer_with_no_taskflow to None, run_after=None
[2026-02-26T05:44:13.099+0000] {logging_mixin.py:190} INFO - [2026-02-26T05:44:13.099+0000] {dag.py:4180} INFO - Setting next_dagrun for dataset_s3_bucket_consumer_with_no_taskflow to None, run_after=None
[2026-02-26T05:44:13.099+0000] {logging_mixin.py:190} INFO - [2026-02-26T05:44:13.099+0000] {dag.py:4180} INFO - Setting next_dagrun for dataset_s3_bucket_producer_with_no_taskflow to None, run_after=None
[2026-02-26T05:44:13.116+0000] {processor.py:208} INFO - Processing /home/ubuntu/airflow-venv/lib/python3.12/site-packages/airflow/example_dags/example_dataset_alias_with_no_taskflow.py took 0.062 seconds
[2026-02-26T06:14:20.639+0000] {processor.py:186} INFO - Started process (PID=2734) to work on /home/ubuntu/airflow-venv/lib/python3.12/site-packages/airflow/example_dags/example_dataset_alias_with_no_taskflow.py
[2026-02-26T06:14:20.641+0000] {processor.py:914} INFO - Processing file /home/ubuntu/airflow-venv/lib/python3.12/site-packages/airflow/example_dags/example_dataset_alias_with_no_taskflow.py for tasks to queue
[2026-02-26T06:14:20.643+0000] {logging_mixin.py:190} INFO - [2026-02-26T06:14:20.642+0000] {dagbag.py:588} INFO - Filling up the DagBag from /home/ubuntu/airflow-venv/lib/python3.12/site-packages/airflow/example_dags/example_dataset_alias_with_no_taskflow.py
[2026-02-26T06:14:20.658+0000] {processor.py:925} INFO - DAG(s) 'dataset_alias_example_alias_producer_with_no_taskflow', 'dataset_alias_example_alias_consumer_with_no_taskflow', 'dataset_s3_bucket_consumer_with_no_taskflow', 'dataset_s3_bucket_producer_with_no_taskflow' retrieved from /home/ubuntu/airflow-venv/lib/python3.12/site-packages/airflow/example_dags/example_dataset_alias_with_no_taskflow.py
[2026-02-26T06:14:20.671+0000] {logging_mixin.py:190} INFO - [2026-02-26T06:14:20.671+0000] {dag.py:3239} INFO - Sync 4 DAGs
[2026-02-26T06:14:20.682+0000] {logging_mixin.py:190} INFO - [2026-02-26T06:14:20.682+0000] {dag.py:4180} INFO - Setting next_dagrun for dataset_alias_example_alias_consumer_with_no_taskflow to None, run_after=None
[2026-02-26T06:14:20.684+0000] {logging_mixin.py:190} INFO - [2026-02-26T06:14:20.684+0000] {dag.py:4180} INFO - Setting next_dagrun for dataset_alias_example_alias_producer_with_no_taskflow to None, run_after=None
[2026-02-26T06:14:20.684+0000] {logging_mixin.py:190} INFO - [2026-02-26T06:14:20.684+0000] {dag.py:4180} INFO - Setting next_dagrun for dataset_s3_bucket_consumer_with_no_taskflow to None, run_after=None
[2026-02-26T06:14:20.685+0000] {logging_mixin.py:190} INFO - [2026-02-26T06:14:20.685+0000] {dag.py:4180} INFO - Setting next_dagrun for dataset_s3_bucket_producer_with_no_taskflow to None, run_after=None
[2026-02-26T06:14:20.702+0000] {processor.py:208} INFO - Processing /home/ubuntu/airflow-venv/lib/python3.12/site-packages/airflow/example_dags/example_dataset_alias_with_no_taskflow.py took 0.066 seconds
[2026-02-26T06:15:15.872+0000] {processor.py:186} INFO - Started process (PID=2796) to work on /home/ubuntu/airflow-venv/lib/python3.12/site-packages/airflow/example_dags/example_dataset_alias_with_no_taskflow.py
[2026-02-26T06:15:15.873+0000] {processor.py:914} INFO - Processing file /home/ubuntu/airflow-venv/lib/python3.12/site-packages/airflow/example_dags/example_dataset_alias_with_no_taskflow.py for tasks to queue
[2026-02-26T06:15:15.875+0000] {logging_mixin.py:190} INFO - [2026-02-26T06:15:15.874+0000] {dagbag.py:588} INFO - Filling up the DagBag from /home/ubuntu/airflow-venv/lib/python3.12/site-packages/airflow/example_dags/example_dataset_alias_with_no_taskflow.py
[2026-02-26T06:15:15.889+0000] {processor.py:925} INFO - DAG(s) 'dataset_s3_bucket_producer_with_no_taskflow', 'dataset_alias_example_alias_consumer_with_no_taskflow', 'dataset_alias_example_alias_producer_with_no_taskflow', 'dataset_s3_bucket_consumer_with_no_taskflow' retrieved from /home/ubuntu/airflow-venv/lib/python3.12/site-packages/airflow/example_dags/example_dataset_alias_with_no_taskflow.py
[2026-02-26T06:15:15.901+0000] {logging_mixin.py:190} INFO - [2026-02-26T06:15:15.901+0000] {dag.py:3239} INFO - Sync 4 DAGs
[2026-02-26T06:15:15.913+0000] {logging_mixin.py:190} INFO - [2026-02-26T06:15:15.912+0000] {dag.py:4180} INFO - Setting next_dagrun for dataset_alias_example_alias_consumer_with_no_taskflow to None, run_after=None
[2026-02-26T06:15:15.914+0000] {logging_mixin.py:190} INFO - [2026-02-26T06:15:15.914+0000] {dag.py:4180} INFO - Setting next_dagrun for dataset_alias_example_alias_producer_with_no_taskflow to None, run_after=None
[2026-02-26T06:15:15.915+0000] {logging_mixin.py:190} INFO - [2026-02-26T06:15:15.914+0000] {dag.py:4180} INFO - Setting next_dagrun for dataset_s3_bucket_consumer_with_no_taskflow to None, run_after=None
[2026-02-26T06:15:15.915+0000] {logging_mixin.py:190} INFO - [2026-02-26T06:15:15.915+0000] {dag.py:4180} INFO - Setting next_dagrun for dataset_s3_bucket_producer_with_no_taskflow to None, run_after=None
[2026-02-26T06:15:15.933+0000] {processor.py:208} INFO - Processing /home/ubuntu/airflow-venv/lib/python3.12/site-packages/airflow/example_dags/example_dataset_alias_with_no_taskflow.py took 0.065 seconds
[2026-02-26T06:16:12.894+0000] {processor.py:186} INFO - Started process (PID=2860) to work on /home/ubuntu/airflow-venv/lib/python3.12/site-packages/airflow/example_dags/example_dataset_alias_with_no_taskflow.py
[2026-02-26T06:16:12.896+0000] {processor.py:914} INFO - Processing file /home/ubuntu/airflow-venv/lib/python3.12/site-packages/airflow/example_dags/example_dataset_alias_with_no_taskflow.py for tasks to queue
[2026-02-26T06:16:12.897+0000] {logging_mixin.py:190} INFO - [2026-02-26T06:16:12.897+0000] {dagbag.py:588} INFO - Filling up the DagBag from /home/ubuntu/airflow-venv/lib/python3.12/site-packages/airflow/example_dags/example_dataset_alias_with_no_taskflow.py
[2026-02-26T06:16:12.911+0000] {processor.py:925} INFO - DAG(s) 'dataset_alias_example_alias_consumer_with_no_taskflow', 'dataset_alias_example_alias_producer_with_no_taskflow', 'dataset_s3_bucket_producer_with_no_taskflow', 'dataset_s3_bucket_consumer_with_no_taskflow' retrieved from /home/ubuntu/airflow-venv/lib/python3.12/site-packages/airflow/example_dags/example_dataset_alias_with_no_taskflow.py
[2026-02-26T06:16:12.923+0000] {logging_mixin.py:190} INFO - [2026-02-26T06:16:12.923+0000] {dag.py:3239} INFO - Sync 4 DAGs
[2026-02-26T06:16:12.935+0000] {logging_mixin.py:190} INFO - [2026-02-26T06:16:12.935+0000] {dag.py:4180} INFO - Setting next_dagrun for dataset_alias_example_alias_consumer_with_no_taskflow to None, run_after=None
[2026-02-26T06:16:12.937+0000] {logging_mixin.py:190} INFO - [2026-02-26T06:16:12.936+0000] {dag.py:4180} INFO - Setting next_dagrun for dataset_alias_example_alias_producer_with_no_taskflow to None, run_after=None
[2026-02-26T06:16:12.937+0000] {logging_mixin.py:190} INFO - [2026-02-26T06:16:12.937+0000] {dag.py:4180} INFO - Setting next_dagrun for dataset_s3_bucket_consumer_with_no_taskflow to None, run_after=None
[2026-02-26T06:16:12.938+0000] {logging_mixin.py:190} INFO - [2026-02-26T06:16:12.937+0000] {dag.py:4180} INFO - Setting next_dagrun for dataset_s3_bucket_producer_with_no_taskflow to None, run_after=None
[2026-02-26T06:16:12.955+0000] {processor.py:208} INFO - Processing /home/ubuntu/airflow-venv/lib/python3.12/site-packages/airflow/example_dags/example_dataset_alias_with_no_taskflow.py took 0.065 seconds
[2026-02-26T06:17:08.225+0000] {processor.py:186} INFO - Started process (PID=2920) to work on /home/ubuntu/airflow-venv/lib/python3.12/site-packages/airflow/example_dags/example_dataset_alias_with_no_taskflow.py
[2026-02-26T06:17:08.227+0000] {processor.py:914} INFO - Processing file /home/ubuntu/airflow-venv/lib/python3.12/site-packages/airflow/example_dags/example_dataset_alias_with_no_taskflow.py for tasks to queue
[2026-02-26T06:17:08.228+0000] {logging_mixin.py:190} INFO - [2026-02-26T06:17:08.228+0000] {dagbag.py:588} INFO - Filling up the DagBag from /home/ubuntu/airflow-venv/lib/python3.12/site-packages/airflow/example_dags/example_dataset_alias_with_no_taskflow.py
[2026-02-26T06:17:08.243+0000] {processor.py:925} INFO - DAG(s) 'dataset_s3_bucket_producer_with_no_taskflow', 'dataset_alias_example_alias_consumer_with_no_taskflow', 'dataset_alias_example_alias_producer_with_no_taskflow', 'dataset_s3_bucket_consumer_with_no_taskflow' retrieved from /home/ubuntu/airflow-venv/lib/python3.12/site-packages/airflow/example_dags/example_dataset_alias_with_no_taskflow.py
[2026-02-26T06:17:08.255+0000] {logging_mixin.py:190} INFO - [2026-02-26T06:17:08.255+0000] {dag.py:3239} INFO - Sync 4 DAGs
[2026-02-26T06:17:08.267+0000] {logging_mixin.py:190} INFO - [2026-02-26T06:17:08.266+0000] {dag.py:4180} INFO - Setting next_dagrun for dataset_alias_example_alias_consumer_with_no_taskflow to None, run_after=None
[2026-02-26T06:17:08.268+0000] {logging_mixin.py:190} INFO - [2026-02-26T06:17:08.268+0000] {dag.py:4180} INFO - Setting next_dagrun for dataset_alias_example_alias_producer_with_no_taskflow to None, run_after=None
[2026-02-26T06:17:08.269+0000] {logging_mixin.py:190} INFO - [2026-02-26T06:17:08.269+0000] {dag.py:4180} INFO - Setting next_dagrun for dataset_s3_bucket_consumer_with_no_taskflow to None, run_after=None
[2026-02-26T06:17:08.270+0000] {logging_mixin.py:190} INFO - [2026-02-26T06:17:08.270+0000] {dag.py:4180} INFO - Setting next_dagrun for dataset_s3_bucket_producer_with_no_taskflow to None, run_after=None
[2026-02-26T06:17:08.288+0000] {processor.py:208} INFO - Processing /home/ubuntu/airflow-venv/lib/python3.12/site-packages/airflow/example_dags/example_dataset_alias_with_no_taskflow.py took 0.066 seconds
[2026-02-26T06:18:22.975+0000] {processor.py:186} INFO - Started process (PID=2999) to work on /home/ubuntu/airflow-venv/lib/python3.12/site-packages/airflow/example_dags/example_dataset_alias_with_no_taskflow.py
[2026-02-26T06:18:22.976+0000] {processor.py:914} INFO - Processing file /home/ubuntu/airflow-venv/lib/python3.12/site-packages/airflow/example_dags/example_dataset_alias_with_no_taskflow.py for tasks to queue
[2026-02-26T06:18:22.977+0000] {logging_mixin.py:190} INFO - [2026-02-26T06:18:22.977+0000] {dagbag.py:588} INFO - Filling up the DagBag from /home/ubuntu/airflow-venv/lib/python3.12/site-packages/airflow/example_dags/example_dataset_alias_with_no_taskflow.py
[2026-02-26T06:18:22.992+0000] {processor.py:925} INFO - DAG(s) 'dataset_s3_bucket_producer_with_no_taskflow', 'dataset_alias_example_alias_consumer_with_no_taskflow', 'dataset_s3_bucket_consumer_with_no_taskflow', 'dataset_alias_example_alias_producer_with_no_taskflow' retrieved from /home/ubuntu/airflow-venv/lib/python3.12/site-packages/airflow/example_dags/example_dataset_alias_with_no_taskflow.py
[2026-02-26T06:18:23.004+0000] {logging_mixin.py:190} INFO - [2026-02-26T06:18:23.004+0000] {dag.py:3239} INFO - Sync 4 DAGs
[2026-02-26T06:18:23.016+0000] {logging_mixin.py:190} INFO - [2026-02-26T06:18:23.016+0000] {dag.py:4180} INFO - Setting next_dagrun for dataset_alias_example_alias_consumer_with_no_taskflow to None, run_after=None
[2026-02-26T06:18:23.017+0000] {logging_mixin.py:190} INFO - [2026-02-26T06:18:23.017+0000] {dag.py:4180} INFO - Setting next_dagrun for dataset_alias_example_alias_producer_with_no_taskflow to None, run_after=None
[2026-02-26T06:18:23.018+0000] {logging_mixin.py:190} INFO - [2026-02-26T06:18:23.017+0000] {dag.py:4180} INFO - Setting next_dagrun for dataset_s3_bucket_consumer_with_no_taskflow to None, run_after=None
[2026-02-26T06:18:23.018+0000] {logging_mixin.py:190} INFO - [2026-02-26T06:18:23.018+0000] {dag.py:4180} INFO - Setting next_dagrun for dataset_s3_bucket_producer_with_no_taskflow to None, run_after=None
[2026-02-26T06:18:23.035+0000] {processor.py:208} INFO - Processing /home/ubuntu/airflow-venv/lib/python3.12/site-packages/airflow/example_dags/example_dataset_alias_with_no_taskflow.py took 0.065 seconds
[2026-02-26T06:19:21.164+0000] {processor.py:186} INFO - Started process (PID=3055) to work on /home/ubuntu/airflow-venv/lib/python3.12/site-packages/airflow/example_dags/example_dataset_alias_with_no_taskflow.py
[2026-02-26T06:19:21.165+0000] {processor.py:914} INFO - Processing file /home/ubuntu/airflow-venv/lib/python3.12/site-packages/airflow/example_dags/example_dataset_alias_with_no_taskflow.py for tasks to queue
[2026-02-26T06:19:21.166+0000] {logging_mixin.py:190} INFO - [2026-02-26T06:19:21.166+0000] {dagbag.py:588} INFO - Filling up the DagBag from /home/ubuntu/airflow-venv/lib/python3.12/site-packages/airflow/example_dags/example_dataset_alias_with_no_taskflow.py
[2026-02-26T06:19:21.253+0000] {processor.py:925} INFO - DAG(s) 'dataset_s3_bucket_consumer_with_no_taskflow', 'dataset_s3_bucket_producer_with_no_taskflow', 'dataset_alias_example_alias_producer_with_no_taskflow', 'dataset_alias_example_alias_consumer_with_no_taskflow' retrieved from /home/ubuntu/airflow-venv/lib/python3.12/site-packages/airflow/example_dags/example_dataset_alias_with_no_taskflow.py
[2026-02-26T06:19:21.264+0000] {logging_mixin.py:190} INFO - [2026-02-26T06:19:21.264+0000] {dag.py:3239} INFO - Sync 4 DAGs
[2026-02-26T06:19:21.274+0000] {logging_mixin.py:190} INFO - [2026-02-26T06:19:21.274+0000] {dag.py:4180} INFO - Setting next_dagrun for dataset_alias_example_alias_consumer_with_no_taskflow to None, run_after=None
[2026-02-26T06:19:21.275+0000] {logging_mixin.py:190} INFO - [2026-02-26T06:19:21.275+0000] {dag.py:4180} INFO - Setting next_dagrun for dataset_alias_example_alias_producer_with_no_taskflow to None, run_after=None
[2026-02-26T06:19:21.276+0000] {logging_mixin.py:190} INFO - [2026-02-26T06:19:21.276+0000] {dag.py:4180} INFO - Setting next_dagrun for dataset_s3_bucket_consumer_with_no_taskflow to None, run_after=None
[2026-02-26T06:19:21.276+0000] {logging_mixin.py:190} INFO - [2026-02-26T06:19:21.276+0000] {dag.py:4180} INFO - Setting next_dagrun for dataset_s3_bucket_producer_with_no_taskflow to None, run_after=None
[2026-02-26T06:19:21.293+0000] {processor.py:208} INFO - Processing /home/ubuntu/airflow-venv/lib/python3.12/site-packages/airflow/example_dags/example_dataset_alias_with_no_taskflow.py took 0.132 seconds
[2026-02-26T06:20:17.032+0000] {processor.py:186} INFO - Started process (PID=3112) to work on /home/ubuntu/airflow-venv/lib/python3.12/site-packages/airflow/example_dags/example_dataset_alias_with_no_taskflow.py
[2026-02-26T06:20:17.033+0000] {processor.py:914} INFO - Processing file /home/ubuntu/airflow-venv/lib/python3.12/site-packages/airflow/example_dags/example_dataset_alias_with_no_taskflow.py for tasks to queue
[2026-02-26T06:20:17.035+0000] {logging_mixin.py:190} INFO - [2026-02-26T06:20:17.034+0000] {dagbag.py:588} INFO - Filling up the DagBag from /home/ubuntu/airflow-venv/lib/python3.12/site-packages/airflow/example_dags/example_dataset_alias_with_no_taskflow.py
[2026-02-26T06:20:17.049+0000] {processor.py:925} INFO - DAG(s) 'dataset_alias_example_alias_consumer_with_no_taskflow', 'dataset_s3_bucket_producer_with_no_taskflow', 'dataset_s3_bucket_consumer_with_no_taskflow', 'dataset_alias_example_alias_producer_with_no_taskflow' retrieved from /home/ubuntu/airflow-venv/lib/python3.12/site-packages/airflow/example_dags/example_dataset_alias_with_no_taskflow.py
[2026-02-26T06:20:17.062+0000] {logging_mixin.py:190} INFO - [2026-02-26T06:20:17.062+0000] {dag.py:3239} INFO - Sync 4 DAGs
[2026-02-26T06:20:17.074+0000] {logging_mixin.py:190} INFO - [2026-02-26T06:20:17.073+0000] {dag.py:4180} INFO - Setting next_dagrun for dataset_alias_example_alias_consumer_with_no_taskflow to None, run_after=None
[2026-02-26T06:20:17.075+0000] {logging_mixin.py:190} INFO - [2026-02-26T06:20:17.075+0000] {dag.py:4180} INFO - Setting next_dagrun for dataset_alias_example_alias_producer_with_no_taskflow to None, run_after=None
[2026-02-26T06:20:17.076+0000] {logging_mixin.py:190} INFO - [2026-02-26T06:20:17.075+0000] {dag.py:4180} INFO - Setting next_dagrun for dataset_s3_bucket_consumer_with_no_taskflow to None, run_after=None
[2026-02-26T06:20:17.076+0000] {logging_mixin.py:190} INFO - [2026-02-26T06:20:17.076+0000] {dag.py:4180} INFO - Setting next_dagrun for dataset_s3_bucket_producer_with_no_taskflow to None, run_after=None
[2026-02-26T06:20:17.094+0000] {processor.py:208} INFO - Processing /home/ubuntu/airflow-venv/lib/python3.12/site-packages/airflow/example_dags/example_dataset_alias_with_no_taskflow.py took 0.066 seconds
[2026-02-26T06:21:29.214+0000] {processor.py:186} INFO - Started process (PID=3192) to work on /home/ubuntu/airflow-venv/lib/python3.12/site-packages/airflow/example_dags/example_dataset_alias_with_no_taskflow.py
[2026-02-26T06:21:29.215+0000] {processor.py:914} INFO - Processing file /home/ubuntu/airflow-venv/lib/python3.12/site-packages/airflow/example_dags/example_dataset_alias_with_no_taskflow.py for tasks to queue
[2026-02-26T06:21:29.217+0000] {logging_mixin.py:190} INFO - [2026-02-26T06:21:29.217+0000] {dagbag.py:588} INFO - Filling up the DagBag from /home/ubuntu/airflow-venv/lib/python3.12/site-packages/airflow/example_dags/example_dataset_alias_with_no_taskflow.py
[2026-02-26T06:21:29.232+0000] {processor.py:925} INFO - DAG(s) 'dataset_s3_bucket_producer_with_no_taskflow', 'dataset_s3_bucket_consumer_with_no_taskflow', 'dataset_alias_example_alias_producer_with_no_taskflow', 'dataset_alias_example_alias_consumer_with_no_taskflow' retrieved from /home/ubuntu/airflow-venv/lib/python3.12/site-packages/airflow/example_dags/example_dataset_alias_with_no_taskflow.py
[2026-02-26T06:21:29.244+0000] {logging_mixin.py:190} INFO - [2026-02-26T06:21:29.244+0000] {dag.py:3239} INFO - Sync 4 DAGs
[2026-02-26T06:21:29.256+0000] {logging_mixin.py:190} INFO - [2026-02-26T06:21:29.256+0000] {dag.py:4180} INFO - Setting next_dagrun for dataset_alias_example_alias_consumer_with_no_taskflow to None, run_after=None
[2026-02-26T06:21:29.258+0000] {logging_mixin.py:190} INFO - [2026-02-26T06:21:29.258+0000] {dag.py:4180} INFO - Setting next_dagrun for dataset_alias_example_alias_producer_with_no_taskflow to None, run_after=None
[2026-02-26T06:21:29.258+0000] {logging_mixin.py:190} INFO - [2026-02-26T06:21:29.258+0000] {dag.py:4180} INFO - Setting next_dagrun for dataset_s3_bucket_consumer_with_no_taskflow to None, run_after=None
[2026-02-26T06:21:29.259+0000] {logging_mixin.py:190} INFO - [2026-02-26T06:21:29.259+0000] {dag.py:4180} INFO - Setting next_dagrun for dataset_s3_bucket_producer_with_no_taskflow to None, run_after=None
[2026-02-26T06:21:29.276+0000] {processor.py:208} INFO - Processing /home/ubuntu/airflow-venv/lib/python3.12/site-packages/airflow/example_dags/example_dataset_alias_with_no_taskflow.py took 0.066 seconds
[2026-02-26T06:22:41.735+0000] {processor.py:186} INFO - Started process (PID=3270) to work on /home/ubuntu/airflow-venv/lib/python3.12/site-packages/airflow/example_dags/example_dataset_alias_with_no_taskflow.py
[2026-02-26T06:22:41.737+0000] {processor.py:914} INFO - Processing file /home/ubuntu/airflow-venv/lib/python3.12/site-packages/airflow/example_dags/example_dataset_alias_with_no_taskflow.py for tasks to queue
[2026-02-26T06:22:41.738+0000] {logging_mixin.py:190} INFO - [2026-02-26T06:22:41.738+0000] {dagbag.py:588} INFO - Filling up the DagBag from /home/ubuntu/airflow-venv/lib/python3.12/site-packages/airflow/example_dags/example_dataset_alias_with_no_taskflow.py
[2026-02-26T06:22:41.753+0000] {processor.py:925} INFO - DAG(s) 'dataset_alias_example_alias_consumer_with_no_taskflow', 'dataset_s3_bucket_producer_with_no_taskflow', 'dataset_s3_bucket_consumer_with_no_taskflow', 'dataset_alias_example_alias_producer_with_no_taskflow' retrieved from /home/ubuntu/airflow-venv/lib/python3.12/site-packages/airflow/example_dags/example_dataset_alias_with_no_taskflow.py
[2026-02-26T06:22:41.765+0000] {logging_mixin.py:190} INFO - [2026-02-26T06:22:41.765+0000] {dag.py:3239} INFO - Sync 4 DAGs
[2026-02-26T06:22:41.778+0000] {logging_mixin.py:190} INFO - [2026-02-26T06:22:41.778+0000] {dag.py:4180} INFO - Setting next_dagrun for dataset_alias_example_alias_consumer_with_no_taskflow to None, run_after=None
[2026-02-26T06:22:41.779+0000] {logging_mixin.py:190} INFO - [2026-02-26T06:22:41.779+0000] {dag.py:4180} INFO - Setting next_dagrun for dataset_alias_example_alias_producer_with_no_taskflow to None, run_after=None
[2026-02-26T06:22:41.780+0000] {logging_mixin.py:190} INFO - [2026-02-26T06:22:41.780+0000] {dag.py:4180} INFO - Setting next_dagrun for dataset_s3_bucket_consumer_with_no_taskflow to None, run_after=None
[2026-02-26T06:22:41.780+0000] {logging_mixin.py:190} INFO - [2026-02-26T06:22:41.780+0000] {dag.py:4180} INFO - Setting next_dagrun for dataset_s3_bucket_producer_with_no_taskflow to None, run_after=None
[2026-02-26T06:22:41.798+0000] {processor.py:208} INFO - Processing /home/ubuntu/airflow-venv/lib/python3.12/site-packages/airflow/example_dags/example_dataset_alias_with_no_taskflow.py took 0.067 seconds
[2026-02-26T06:23:33.694+0000] {processor.py:186} INFO - Started process (PID=3324) to work on /home/ubuntu/airflow-venv/lib/python3.12/site-packages/airflow/example_dags/example_dataset_alias_with_no_taskflow.py
[2026-02-26T06:23:33.695+0000] {processor.py:914} INFO - Processing file /home/ubuntu/airflow-venv/lib/python3.12/site-packages/airflow/example_dags/example_dataset_alias_with_no_taskflow.py for tasks to queue
[2026-02-26T06:23:33.697+0000] {logging_mixin.py:190} INFO - [2026-02-26T06:23:33.696+0000] {dagbag.py:588} INFO - Filling up the DagBag from /home/ubuntu/airflow-venv/lib/python3.12/site-packages/airflow/example_dags/example_dataset_alias_with_no_taskflow.py
[2026-02-26T06:23:33.712+0000] {processor.py:925} INFO - DAG(s) 'dataset_s3_bucket_producer_with_no_taskflow', 'dataset_alias_example_alias_producer_with_no_taskflow', 'dataset_s3_bucket_consumer_with_no_taskflow', 'dataset_alias_example_alias_consumer_with_no_taskflow' retrieved from /home/ubuntu/airflow-venv/lib/python3.12/site-packages/airflow/example_dags/example_dataset_alias_with_no_taskflow.py
[2026-02-26T06:23:33.724+0000] {logging_mixin.py:190} INFO - [2026-02-26T06:23:33.724+0000] {dag.py:3239} INFO - Sync 4 DAGs
[2026-02-26T06:23:33.736+0000] {logging_mixin.py:190} INFO - [2026-02-26T06:23:33.736+0000] {dag.py:4180} INFO - Setting next_dagrun for dataset_alias_example_alias_consumer_with_no_taskflow to None, run_after=None
[2026-02-26T06:23:33.737+0000] {logging_mixin.py:190} INFO - [2026-02-26T06:23:33.737+0000] {dag.py:4180} INFO - Setting next_dagrun for dataset_alias_example_alias_producer_with_no_taskflow to None, run_after=None
[2026-02-26T06:23:33.738+0000] {logging_mixin.py:190} INFO - [2026-02-26T06:23:33.738+0000] {dag.py:4180} INFO - Setting next_dagrun for dataset_s3_bucket_consumer_with_no_taskflow to None, run_after=None
[2026-02-26T06:23:33.738+0000] {logging_mixin.py:190} INFO - [2026-02-26T06:23:33.738+0000] {dag.py:4180} INFO - Setting next_dagrun for dataset_s3_bucket_producer_with_no_taskflow to None, run_after=None
[2026-02-26T06:23:33.756+0000] {processor.py:208} INFO - Processing /home/ubuntu/airflow-venv/lib/python3.12/site-packages/airflow/example_dags/example_dataset_alias_with_no_taskflow.py took 0.066 seconds
[2026-02-26T06:24:27.546+0000] {processor.py:186} INFO - Started process (PID=3378) to work on /home/ubuntu/airflow-venv/lib/python3.12/site-packages/airflow/example_dags/example_dataset_alias_with_no_taskflow.py
[2026-02-26T06:24:27.548+0000] {processor.py:914} INFO - Processing file /home/ubuntu/airflow-venv/lib/python3.12/site-packages/airflow/example_dags/example_dataset_alias_with_no_taskflow.py for tasks to queue
[2026-02-26T06:24:27.549+0000] {logging_mixin.py:190} INFO - [2026-02-26T06:24:27.549+0000] {dagbag.py:588} INFO - Filling up the DagBag from /home/ubuntu/airflow-venv/lib/python3.12/site-packages/airflow/example_dags/example_dataset_alias_with_no_taskflow.py
[2026-02-26T06:24:27.564+0000] {processor.py:925} INFO - DAG(s) 'dataset_alias_example_alias_producer_with_no_taskflow', 'dataset_alias_example_alias_consumer_with_no_taskflow', 'dataset_s3_bucket_consumer_with_no_taskflow', 'dataset_s3_bucket_producer_with_no_taskflow' retrieved from /home/ubuntu/airflow-venv/lib/python3.12/site-packages/airflow/example_dags/example_dataset_alias_with_no_taskflow.py
[2026-02-26T06:24:27.576+0000] {logging_mixin.py:190} INFO - [2026-02-26T06:24:27.576+0000] {dag.py:3239} INFO - Sync 4 DAGs
[2026-02-26T06:24:27.589+0000] {logging_mixin.py:190} INFO - [2026-02-26T06:24:27.589+0000] {dag.py:4180} INFO - Setting next_dagrun for dataset_alias_example_alias_consumer_with_no_taskflow to None, run_after=None
[2026-02-26T06:24:27.590+0000] {logging_mixin.py:190} INFO - [2026-02-26T06:24:27.590+0000] {dag.py:4180} INFO - Setting next_dagrun for dataset_alias_example_alias_producer_with_no_taskflow to None, run_after=None
[2026-02-26T06:24:27.591+0000] {logging_mixin.py:190} INFO - [2026-02-26T06:24:27.590+0000] {dag.py:4180} INFO - Setting next_dagrun for dataset_s3_bucket_consumer_with_no_taskflow to None, run_after=None
[2026-02-26T06:24:27.591+0000] {logging_mixin.py:190} INFO - [2026-02-26T06:24:27.591+0000] {dag.py:4180} INFO - Setting next_dagrun for dataset_s3_bucket_producer_with_no_taskflow to None, run_after=None
[2026-02-26T06:24:27.609+0000] {processor.py:208} INFO - Processing /home/ubuntu/airflow-venv/lib/python3.12/site-packages/airflow/example_dags/example_dataset_alias_with_no_taskflow.py took 0.066 seconds
