[2026-02-26T05:23:07.478+0000] {processor.py:186} INFO - Started process (PID=2154) to work on /home/ubuntu/airflow-venv/lib/python3.12/site-packages/airflow/example_dags/example_external_task_marker_dag.py
[2026-02-26T05:23:07.478+0000] {processor.py:914} INFO - Processing file /home/ubuntu/airflow-venv/lib/python3.12/site-packages/airflow/example_dags/example_external_task_marker_dag.py for tasks to queue
[2026-02-26T05:23:07.480+0000] {logging_mixin.py:190} INFO - [2026-02-26T05:23:07.479+0000] {dagbag.py:588} INFO - Filling up the DagBag from /home/ubuntu/airflow-venv/lib/python3.12/site-packages/airflow/example_dags/example_external_task_marker_dag.py
[2026-02-26T05:23:07.484+0000] {processor.py:925} INFO - DAG(s) 'example_external_task_marker_child', 'example_external_task_marker_parent' retrieved from /home/ubuntu/airflow-venv/lib/python3.12/site-packages/airflow/example_dags/example_external_task_marker_dag.py
[2026-02-26T05:23:07.495+0000] {logging_mixin.py:190} INFO - [2026-02-26T05:23:07.495+0000] {dag.py:3239} INFO - Sync 2 DAGs
[2026-02-26T05:23:07.502+0000] {logging_mixin.py:190} INFO - [2026-02-26T05:23:07.502+0000] {dag.py:4180} INFO - Setting next_dagrun for example_external_task_marker_child to None, run_after=None
[2026-02-26T05:23:07.504+0000] {logging_mixin.py:190} INFO - [2026-02-26T05:23:07.504+0000] {dag.py:4180} INFO - Setting next_dagrun for example_external_task_marker_parent to None, run_after=None
[2026-02-26T05:23:07.519+0000] {processor.py:208} INFO - Processing /home/ubuntu/airflow-venv/lib/python3.12/site-packages/airflow/example_dags/example_external_task_marker_dag.py took 0.044 seconds
[2026-02-26T05:24:01.298+0000] {processor.py:186} INFO - Started process (PID=2211) to work on /home/ubuntu/airflow-venv/lib/python3.12/site-packages/airflow/example_dags/example_external_task_marker_dag.py
[2026-02-26T05:24:01.299+0000] {processor.py:914} INFO - Processing file /home/ubuntu/airflow-venv/lib/python3.12/site-packages/airflow/example_dags/example_external_task_marker_dag.py for tasks to queue
[2026-02-26T05:24:01.300+0000] {logging_mixin.py:190} INFO - [2026-02-26T05:24:01.300+0000] {dagbag.py:588} INFO - Filling up the DagBag from /home/ubuntu/airflow-venv/lib/python3.12/site-packages/airflow/example_dags/example_external_task_marker_dag.py
[2026-02-26T05:24:01.305+0000] {processor.py:925} INFO - DAG(s) 'example_external_task_marker_parent', 'example_external_task_marker_child' retrieved from /home/ubuntu/airflow-venv/lib/python3.12/site-packages/airflow/example_dags/example_external_task_marker_dag.py
[2026-02-26T05:24:01.316+0000] {logging_mixin.py:190} INFO - [2026-02-26T05:24:01.316+0000] {dag.py:3239} INFO - Sync 2 DAGs
[2026-02-26T05:24:01.323+0000] {logging_mixin.py:190} INFO - [2026-02-26T05:24:01.323+0000] {dag.py:4180} INFO - Setting next_dagrun for example_external_task_marker_child to None, run_after=None
[2026-02-26T05:24:01.325+0000] {logging_mixin.py:190} INFO - [2026-02-26T05:24:01.325+0000] {dag.py:4180} INFO - Setting next_dagrun for example_external_task_marker_parent to None, run_after=None
[2026-02-26T05:24:01.340+0000] {processor.py:208} INFO - Processing /home/ubuntu/airflow-venv/lib/python3.12/site-packages/airflow/example_dags/example_external_task_marker_dag.py took 0.045 seconds
[2026-02-26T05:24:56.441+0000] {processor.py:186} INFO - Started process (PID=2268) to work on /home/ubuntu/airflow-venv/lib/python3.12/site-packages/airflow/example_dags/example_external_task_marker_dag.py
[2026-02-26T05:24:56.443+0000] {processor.py:914} INFO - Processing file /home/ubuntu/airflow-venv/lib/python3.12/site-packages/airflow/example_dags/example_external_task_marker_dag.py for tasks to queue
[2026-02-26T05:24:56.444+0000] {logging_mixin.py:190} INFO - [2026-02-26T05:24:56.444+0000] {dagbag.py:588} INFO - Filling up the DagBag from /home/ubuntu/airflow-venv/lib/python3.12/site-packages/airflow/example_dags/example_external_task_marker_dag.py
[2026-02-26T05:24:56.449+0000] {processor.py:925} INFO - DAG(s) 'example_external_task_marker_child', 'example_external_task_marker_parent' retrieved from /home/ubuntu/airflow-venv/lib/python3.12/site-packages/airflow/example_dags/example_external_task_marker_dag.py
[2026-02-26T05:24:56.460+0000] {logging_mixin.py:190} INFO - [2026-02-26T05:24:56.460+0000] {dag.py:3239} INFO - Sync 2 DAGs
[2026-02-26T05:24:56.467+0000] {logging_mixin.py:190} INFO - [2026-02-26T05:24:56.467+0000] {dag.py:4180} INFO - Setting next_dagrun for example_external_task_marker_child to None, run_after=None
[2026-02-26T05:24:56.469+0000] {logging_mixin.py:190} INFO - [2026-02-26T05:24:56.469+0000] {dag.py:4180} INFO - Setting next_dagrun for example_external_task_marker_parent to None, run_after=None
[2026-02-26T05:24:56.483+0000] {processor.py:208} INFO - Processing /home/ubuntu/airflow-venv/lib/python3.12/site-packages/airflow/example_dags/example_external_task_marker_dag.py took 0.046 seconds
[2026-02-26T05:25:45.901+0000] {processor.py:186} INFO - Started process (PID=2333) to work on /home/ubuntu/airflow-venv/lib/python3.12/site-packages/airflow/example_dags/example_external_task_marker_dag.py
[2026-02-26T05:25:45.902+0000] {processor.py:914} INFO - Processing file /home/ubuntu/airflow-venv/lib/python3.12/site-packages/airflow/example_dags/example_external_task_marker_dag.py for tasks to queue
[2026-02-26T05:25:45.903+0000] {logging_mixin.py:190} INFO - [2026-02-26T05:25:45.903+0000] {dagbag.py:588} INFO - Filling up the DagBag from /home/ubuntu/airflow-venv/lib/python3.12/site-packages/airflow/example_dags/example_external_task_marker_dag.py
[2026-02-26T05:25:45.908+0000] {processor.py:925} INFO - DAG(s) 'example_external_task_marker_parent', 'example_external_task_marker_child' retrieved from /home/ubuntu/airflow-venv/lib/python3.12/site-packages/airflow/example_dags/example_external_task_marker_dag.py
[2026-02-26T05:25:45.919+0000] {logging_mixin.py:190} INFO - [2026-02-26T05:25:45.918+0000] {dag.py:3239} INFO - Sync 2 DAGs
[2026-02-26T05:25:45.926+0000] {logging_mixin.py:190} INFO - [2026-02-26T05:25:45.925+0000] {dag.py:4180} INFO - Setting next_dagrun for example_external_task_marker_child to None, run_after=None
[2026-02-26T05:25:45.927+0000] {logging_mixin.py:190} INFO - [2026-02-26T05:25:45.927+0000] {dag.py:4180} INFO - Setting next_dagrun for example_external_task_marker_parent to None, run_after=None
[2026-02-26T05:25:45.942+0000] {processor.py:208} INFO - Processing /home/ubuntu/airflow-venv/lib/python3.12/site-packages/airflow/example_dags/example_external_task_marker_dag.py took 0.044 seconds
[2026-02-26T05:26:35.474+0000] {processor.py:186} INFO - Started process (PID=2393) to work on /home/ubuntu/airflow-venv/lib/python3.12/site-packages/airflow/example_dags/example_external_task_marker_dag.py
[2026-02-26T05:26:35.476+0000] {processor.py:914} INFO - Processing file /home/ubuntu/airflow-venv/lib/python3.12/site-packages/airflow/example_dags/example_external_task_marker_dag.py for tasks to queue
[2026-02-26T05:26:35.477+0000] {logging_mixin.py:190} INFO - [2026-02-26T05:26:35.477+0000] {dagbag.py:588} INFO - Filling up the DagBag from /home/ubuntu/airflow-venv/lib/python3.12/site-packages/airflow/example_dags/example_external_task_marker_dag.py
[2026-02-26T05:26:35.482+0000] {processor.py:925} INFO - DAG(s) 'example_external_task_marker_child', 'example_external_task_marker_parent' retrieved from /home/ubuntu/airflow-venv/lib/python3.12/site-packages/airflow/example_dags/example_external_task_marker_dag.py
[2026-02-26T05:26:35.492+0000] {logging_mixin.py:190} INFO - [2026-02-26T05:26:35.492+0000] {dag.py:3239} INFO - Sync 2 DAGs
[2026-02-26T05:26:35.500+0000] {logging_mixin.py:190} INFO - [2026-02-26T05:26:35.500+0000] {dag.py:4180} INFO - Setting next_dagrun for example_external_task_marker_child to None, run_after=None
[2026-02-26T05:26:35.501+0000] {logging_mixin.py:190} INFO - [2026-02-26T05:26:35.501+0000] {dag.py:4180} INFO - Setting next_dagrun for example_external_task_marker_parent to None, run_after=None
[2026-02-26T05:26:35.516+0000] {processor.py:208} INFO - Processing /home/ubuntu/airflow-venv/lib/python3.12/site-packages/airflow/example_dags/example_external_task_marker_dag.py took 0.045 seconds
[2026-02-26T05:27:26.081+0000] {processor.py:186} INFO - Started process (PID=2810) to work on /home/ubuntu/airflow-venv/lib/python3.12/site-packages/airflow/example_dags/example_external_task_marker_dag.py
[2026-02-26T05:27:26.082+0000] {processor.py:914} INFO - Processing file /home/ubuntu/airflow-venv/lib/python3.12/site-packages/airflow/example_dags/example_external_task_marker_dag.py for tasks to queue
[2026-02-26T05:27:26.084+0000] {logging_mixin.py:190} INFO - [2026-02-26T05:27:26.083+0000] {dagbag.py:588} INFO - Filling up the DagBag from /home/ubuntu/airflow-venv/lib/python3.12/site-packages/airflow/example_dags/example_external_task_marker_dag.py
[2026-02-26T05:27:26.089+0000] {processor.py:925} INFO - DAG(s) 'example_external_task_marker_child', 'example_external_task_marker_parent' retrieved from /home/ubuntu/airflow-venv/lib/python3.12/site-packages/airflow/example_dags/example_external_task_marker_dag.py
[2026-02-26T05:27:26.099+0000] {logging_mixin.py:190} INFO - [2026-02-26T05:27:26.099+0000] {dag.py:3239} INFO - Sync 2 DAGs
[2026-02-26T05:27:26.106+0000] {logging_mixin.py:190} INFO - [2026-02-26T05:27:26.106+0000] {dag.py:4180} INFO - Setting next_dagrun for example_external_task_marker_child to None, run_after=None
[2026-02-26T05:27:26.109+0000] {logging_mixin.py:190} INFO - [2026-02-26T05:27:26.109+0000] {dag.py:4180} INFO - Setting next_dagrun for example_external_task_marker_parent to None, run_after=None
[2026-02-26T05:27:26.124+0000] {processor.py:208} INFO - Processing /home/ubuntu/airflow-venv/lib/python3.12/site-packages/airflow/example_dags/example_external_task_marker_dag.py took 0.046 seconds
[2026-02-26T05:28:39.243+0000] {processor.py:186} INFO - Started process (PID=2887) to work on /home/ubuntu/airflow-venv/lib/python3.12/site-packages/airflow/example_dags/example_external_task_marker_dag.py
[2026-02-26T05:28:39.244+0000] {processor.py:914} INFO - Processing file /home/ubuntu/airflow-venv/lib/python3.12/site-packages/airflow/example_dags/example_external_task_marker_dag.py for tasks to queue
[2026-02-26T05:28:39.246+0000] {logging_mixin.py:190} INFO - [2026-02-26T05:28:39.246+0000] {dagbag.py:588} INFO - Filling up the DagBag from /home/ubuntu/airflow-venv/lib/python3.12/site-packages/airflow/example_dags/example_external_task_marker_dag.py
[2026-02-26T05:28:39.319+0000] {processor.py:925} INFO - DAG(s) 'example_external_task_marker_child', 'example_external_task_marker_parent' retrieved from /home/ubuntu/airflow-venv/lib/python3.12/site-packages/airflow/example_dags/example_external_task_marker_dag.py
[2026-02-26T05:28:39.327+0000] {logging_mixin.py:190} INFO - [2026-02-26T05:28:39.327+0000] {dag.py:3239} INFO - Sync 2 DAGs
[2026-02-26T05:28:39.333+0000] {logging_mixin.py:190} INFO - [2026-02-26T05:28:39.333+0000] {dag.py:4180} INFO - Setting next_dagrun for example_external_task_marker_child to None, run_after=None
[2026-02-26T05:28:39.334+0000] {logging_mixin.py:190} INFO - [2026-02-26T05:28:39.334+0000] {dag.py:4180} INFO - Setting next_dagrun for example_external_task_marker_parent to None, run_after=None
[2026-02-26T05:28:39.348+0000] {processor.py:208} INFO - Processing /home/ubuntu/airflow-venv/lib/python3.12/site-packages/airflow/example_dags/example_external_task_marker_dag.py took 0.108 seconds
[2026-02-26T05:29:32.878+0000] {processor.py:186} INFO - Started process (PID=2941) to work on /home/ubuntu/airflow-venv/lib/python3.12/site-packages/airflow/example_dags/example_external_task_marker_dag.py
[2026-02-26T05:29:32.879+0000] {processor.py:914} INFO - Processing file /home/ubuntu/airflow-venv/lib/python3.12/site-packages/airflow/example_dags/example_external_task_marker_dag.py for tasks to queue
[2026-02-26T05:29:32.880+0000] {logging_mixin.py:190} INFO - [2026-02-26T05:29:32.880+0000] {dagbag.py:588} INFO - Filling up the DagBag from /home/ubuntu/airflow-venv/lib/python3.12/site-packages/airflow/example_dags/example_external_task_marker_dag.py
[2026-02-26T05:29:32.885+0000] {processor.py:925} INFO - DAG(s) 'example_external_task_marker_parent', 'example_external_task_marker_child' retrieved from /home/ubuntu/airflow-venv/lib/python3.12/site-packages/airflow/example_dags/example_external_task_marker_dag.py
[2026-02-26T05:29:32.896+0000] {logging_mixin.py:190} INFO - [2026-02-26T05:29:32.896+0000] {dag.py:3239} INFO - Sync 2 DAGs
[2026-02-26T05:29:32.904+0000] {logging_mixin.py:190} INFO - [2026-02-26T05:29:32.904+0000] {dag.py:4180} INFO - Setting next_dagrun for example_external_task_marker_child to None, run_after=None
[2026-02-26T05:29:32.906+0000] {logging_mixin.py:190} INFO - [2026-02-26T05:29:32.906+0000] {dag.py:4180} INFO - Setting next_dagrun for example_external_task_marker_parent to None, run_after=None
[2026-02-26T05:29:32.921+0000] {processor.py:208} INFO - Processing /home/ubuntu/airflow-venv/lib/python3.12/site-packages/airflow/example_dags/example_external_task_marker_dag.py took 0.047 seconds
[2026-02-26T05:30:27.324+0000] {processor.py:186} INFO - Started process (PID=3002) to work on /home/ubuntu/airflow-venv/lib/python3.12/site-packages/airflow/example_dags/example_external_task_marker_dag.py
[2026-02-26T05:30:27.325+0000] {processor.py:914} INFO - Processing file /home/ubuntu/airflow-venv/lib/python3.12/site-packages/airflow/example_dags/example_external_task_marker_dag.py for tasks to queue
[2026-02-26T05:30:27.327+0000] {logging_mixin.py:190} INFO - [2026-02-26T05:30:27.327+0000] {dagbag.py:588} INFO - Filling up the DagBag from /home/ubuntu/airflow-venv/lib/python3.12/site-packages/airflow/example_dags/example_external_task_marker_dag.py
[2026-02-26T05:30:27.332+0000] {processor.py:925} INFO - DAG(s) 'example_external_task_marker_child', 'example_external_task_marker_parent' retrieved from /home/ubuntu/airflow-venv/lib/python3.12/site-packages/airflow/example_dags/example_external_task_marker_dag.py
[2026-02-26T05:30:27.343+0000] {logging_mixin.py:190} INFO - [2026-02-26T05:30:27.343+0000] {dag.py:3239} INFO - Sync 2 DAGs
[2026-02-26T05:30:27.350+0000] {logging_mixin.py:190} INFO - [2026-02-26T05:30:27.350+0000] {dag.py:4180} INFO - Setting next_dagrun for example_external_task_marker_child to None, run_after=None
[2026-02-26T05:30:27.353+0000] {logging_mixin.py:190} INFO - [2026-02-26T05:30:27.352+0000] {dag.py:4180} INFO - Setting next_dagrun for example_external_task_marker_parent to None, run_after=None
[2026-02-26T05:30:27.368+0000] {processor.py:208} INFO - Processing /home/ubuntu/airflow-venv/lib/python3.12/site-packages/airflow/example_dags/example_external_task_marker_dag.py took 0.047 seconds
[2026-02-26T05:31:17.096+0000] {processor.py:186} INFO - Started process (PID=3053) to work on /home/ubuntu/airflow-venv/lib/python3.12/site-packages/airflow/example_dags/example_external_task_marker_dag.py
[2026-02-26T05:31:17.097+0000] {processor.py:914} INFO - Processing file /home/ubuntu/airflow-venv/lib/python3.12/site-packages/airflow/example_dags/example_external_task_marker_dag.py for tasks to queue
[2026-02-26T05:31:17.098+0000] {logging_mixin.py:190} INFO - [2026-02-26T05:31:17.098+0000] {dagbag.py:588} INFO - Filling up the DagBag from /home/ubuntu/airflow-venv/lib/python3.12/site-packages/airflow/example_dags/example_external_task_marker_dag.py
[2026-02-26T05:31:17.103+0000] {processor.py:925} INFO - DAG(s) 'example_external_task_marker_parent', 'example_external_task_marker_child' retrieved from /home/ubuntu/airflow-venv/lib/python3.12/site-packages/airflow/example_dags/example_external_task_marker_dag.py
[2026-02-26T05:31:17.114+0000] {logging_mixin.py:190} INFO - [2026-02-26T05:31:17.114+0000] {dag.py:3239} INFO - Sync 2 DAGs
[2026-02-26T05:31:17.121+0000] {logging_mixin.py:190} INFO - [2026-02-26T05:31:17.121+0000] {dag.py:4180} INFO - Setting next_dagrun for example_external_task_marker_child to None, run_after=None
[2026-02-26T05:31:17.123+0000] {logging_mixin.py:190} INFO - [2026-02-26T05:31:17.123+0000] {dag.py:4180} INFO - Setting next_dagrun for example_external_task_marker_parent to None, run_after=None
[2026-02-26T05:31:17.138+0000] {processor.py:208} INFO - Processing /home/ubuntu/airflow-venv/lib/python3.12/site-packages/airflow/example_dags/example_external_task_marker_dag.py took 0.046 seconds
[2026-02-26T05:32:08.822+0000] {processor.py:186} INFO - Started process (PID=3106) to work on /home/ubuntu/airflow-venv/lib/python3.12/site-packages/airflow/example_dags/example_external_task_marker_dag.py
[2026-02-26T05:32:08.823+0000] {processor.py:914} INFO - Processing file /home/ubuntu/airflow-venv/lib/python3.12/site-packages/airflow/example_dags/example_external_task_marker_dag.py for tasks to queue
[2026-02-26T05:32:08.824+0000] {logging_mixin.py:190} INFO - [2026-02-26T05:32:08.824+0000] {dagbag.py:588} INFO - Filling up the DagBag from /home/ubuntu/airflow-venv/lib/python3.12/site-packages/airflow/example_dags/example_external_task_marker_dag.py
[2026-02-26T05:32:08.829+0000] {processor.py:925} INFO - DAG(s) 'example_external_task_marker_parent', 'example_external_task_marker_child' retrieved from /home/ubuntu/airflow-venv/lib/python3.12/site-packages/airflow/example_dags/example_external_task_marker_dag.py
[2026-02-26T05:32:08.840+0000] {logging_mixin.py:190} INFO - [2026-02-26T05:32:08.840+0000] {dag.py:3239} INFO - Sync 2 DAGs
[2026-02-26T05:32:08.848+0000] {logging_mixin.py:190} INFO - [2026-02-26T05:32:08.847+0000] {dag.py:4180} INFO - Setting next_dagrun for example_external_task_marker_child to None, run_after=None
[2026-02-26T05:32:08.850+0000] {logging_mixin.py:190} INFO - [2026-02-26T05:32:08.849+0000] {dag.py:4180} INFO - Setting next_dagrun for example_external_task_marker_parent to None, run_after=None
[2026-02-26T05:32:08.864+0000] {processor.py:208} INFO - Processing /home/ubuntu/airflow-venv/lib/python3.12/site-packages/airflow/example_dags/example_external_task_marker_dag.py took 0.047 seconds
[2026-02-26T05:32:59.448+0000] {processor.py:186} INFO - Started process (PID=3160) to work on /home/ubuntu/airflow-venv/lib/python3.12/site-packages/airflow/example_dags/example_external_task_marker_dag.py
[2026-02-26T05:32:59.450+0000] {processor.py:914} INFO - Processing file /home/ubuntu/airflow-venv/lib/python3.12/site-packages/airflow/example_dags/example_external_task_marker_dag.py for tasks to queue
[2026-02-26T05:32:59.452+0000] {logging_mixin.py:190} INFO - [2026-02-26T05:32:59.451+0000] {dagbag.py:588} INFO - Filling up the DagBag from /home/ubuntu/airflow-venv/lib/python3.12/site-packages/airflow/example_dags/example_external_task_marker_dag.py
[2026-02-26T05:32:59.457+0000] {processor.py:925} INFO - DAG(s) 'example_external_task_marker_child', 'example_external_task_marker_parent' retrieved from /home/ubuntu/airflow-venv/lib/python3.12/site-packages/airflow/example_dags/example_external_task_marker_dag.py
[2026-02-26T05:32:59.468+0000] {logging_mixin.py:190} INFO - [2026-02-26T05:32:59.468+0000] {dag.py:3239} INFO - Sync 2 DAGs
[2026-02-26T05:32:59.476+0000] {logging_mixin.py:190} INFO - [2026-02-26T05:32:59.475+0000] {dag.py:4180} INFO - Setting next_dagrun for example_external_task_marker_child to None, run_after=None
[2026-02-26T05:32:59.478+0000] {logging_mixin.py:190} INFO - [2026-02-26T05:32:59.477+0000] {dag.py:4180} INFO - Setting next_dagrun for example_external_task_marker_parent to None, run_after=None
[2026-02-26T05:32:59.493+0000] {processor.py:208} INFO - Processing /home/ubuntu/airflow-venv/lib/python3.12/site-packages/airflow/example_dags/example_external_task_marker_dag.py took 0.048 seconds
[2026-02-26T05:33:47.521+0000] {processor.py:186} INFO - Started process (PID=3212) to work on /home/ubuntu/airflow-venv/lib/python3.12/site-packages/airflow/example_dags/example_external_task_marker_dag.py
[2026-02-26T05:33:47.522+0000] {processor.py:914} INFO - Processing file /home/ubuntu/airflow-venv/lib/python3.12/site-packages/airflow/example_dags/example_external_task_marker_dag.py for tasks to queue
[2026-02-26T05:33:47.524+0000] {logging_mixin.py:190} INFO - [2026-02-26T05:33:47.523+0000] {dagbag.py:588} INFO - Filling up the DagBag from /home/ubuntu/airflow-venv/lib/python3.12/site-packages/airflow/example_dags/example_external_task_marker_dag.py
[2026-02-26T05:33:47.529+0000] {processor.py:925} INFO - DAG(s) 'example_external_task_marker_child', 'example_external_task_marker_parent' retrieved from /home/ubuntu/airflow-venv/lib/python3.12/site-packages/airflow/example_dags/example_external_task_marker_dag.py
[2026-02-26T05:33:47.539+0000] {logging_mixin.py:190} INFO - [2026-02-26T05:33:47.539+0000] {dag.py:3239} INFO - Sync 2 DAGs
[2026-02-26T05:33:47.547+0000] {logging_mixin.py:190} INFO - [2026-02-26T05:33:47.547+0000] {dag.py:4180} INFO - Setting next_dagrun for example_external_task_marker_child to None, run_after=None
[2026-02-26T05:33:47.549+0000] {logging_mixin.py:190} INFO - [2026-02-26T05:33:47.549+0000] {dag.py:4180} INFO - Setting next_dagrun for example_external_task_marker_parent to None, run_after=None
[2026-02-26T05:33:47.562+0000] {processor.py:208} INFO - Processing /home/ubuntu/airflow-venv/lib/python3.12/site-packages/airflow/example_dags/example_external_task_marker_dag.py took 0.045 seconds
[2026-02-26T05:34:35.227+0000] {processor.py:186} INFO - Started process (PID=3264) to work on /home/ubuntu/airflow-venv/lib/python3.12/site-packages/airflow/example_dags/example_external_task_marker_dag.py
[2026-02-26T05:34:35.228+0000] {processor.py:914} INFO - Processing file /home/ubuntu/airflow-venv/lib/python3.12/site-packages/airflow/example_dags/example_external_task_marker_dag.py for tasks to queue
[2026-02-26T05:34:35.230+0000] {logging_mixin.py:190} INFO - [2026-02-26T05:34:35.230+0000] {dagbag.py:588} INFO - Filling up the DagBag from /home/ubuntu/airflow-venv/lib/python3.12/site-packages/airflow/example_dags/example_external_task_marker_dag.py
[2026-02-26T05:34:35.235+0000] {processor.py:925} INFO - DAG(s) 'example_external_task_marker_parent', 'example_external_task_marker_child' retrieved from /home/ubuntu/airflow-venv/lib/python3.12/site-packages/airflow/example_dags/example_external_task_marker_dag.py
[2026-02-26T05:34:35.245+0000] {logging_mixin.py:190} INFO - [2026-02-26T05:34:35.245+0000] {dag.py:3239} INFO - Sync 2 DAGs
[2026-02-26T05:34:35.253+0000] {logging_mixin.py:190} INFO - [2026-02-26T05:34:35.253+0000] {dag.py:4180} INFO - Setting next_dagrun for example_external_task_marker_child to None, run_after=None
[2026-02-26T05:34:35.255+0000] {logging_mixin.py:190} INFO - [2026-02-26T05:34:35.255+0000] {dag.py:4180} INFO - Setting next_dagrun for example_external_task_marker_parent to None, run_after=None
[2026-02-26T05:34:35.269+0000] {processor.py:208} INFO - Processing /home/ubuntu/airflow-venv/lib/python3.12/site-packages/airflow/example_dags/example_external_task_marker_dag.py took 0.046 seconds
[2026-02-26T05:35:29.082+0000] {processor.py:186} INFO - Started process (PID=3327) to work on /home/ubuntu/airflow-venv/lib/python3.12/site-packages/airflow/example_dags/example_external_task_marker_dag.py
[2026-02-26T05:35:29.083+0000] {processor.py:914} INFO - Processing file /home/ubuntu/airflow-venv/lib/python3.12/site-packages/airflow/example_dags/example_external_task_marker_dag.py for tasks to queue
[2026-02-26T05:35:29.085+0000] {logging_mixin.py:190} INFO - [2026-02-26T05:35:29.084+0000] {dagbag.py:588} INFO - Filling up the DagBag from /home/ubuntu/airflow-venv/lib/python3.12/site-packages/airflow/example_dags/example_external_task_marker_dag.py
[2026-02-26T05:35:29.090+0000] {processor.py:925} INFO - DAG(s) 'example_external_task_marker_child', 'example_external_task_marker_parent' retrieved from /home/ubuntu/airflow-venv/lib/python3.12/site-packages/airflow/example_dags/example_external_task_marker_dag.py
[2026-02-26T05:35:29.101+0000] {logging_mixin.py:190} INFO - [2026-02-26T05:35:29.101+0000] {dag.py:3239} INFO - Sync 2 DAGs
[2026-02-26T05:35:29.108+0000] {logging_mixin.py:190} INFO - [2026-02-26T05:35:29.108+0000] {dag.py:4180} INFO - Setting next_dagrun for example_external_task_marker_child to None, run_after=None
[2026-02-26T05:35:29.110+0000] {logging_mixin.py:190} INFO - [2026-02-26T05:35:29.110+0000] {dag.py:4180} INFO - Setting next_dagrun for example_external_task_marker_parent to None, run_after=None
[2026-02-26T05:35:29.125+0000] {processor.py:208} INFO - Processing /home/ubuntu/airflow-venv/lib/python3.12/site-packages/airflow/example_dags/example_external_task_marker_dag.py took 0.046 seconds
[2026-02-26T05:36:22.722+0000] {processor.py:186} INFO - Started process (PID=3385) to work on /home/ubuntu/airflow-venv/lib/python3.12/site-packages/airflow/example_dags/example_external_task_marker_dag.py
[2026-02-26T05:36:22.724+0000] {processor.py:914} INFO - Processing file /home/ubuntu/airflow-venv/lib/python3.12/site-packages/airflow/example_dags/example_external_task_marker_dag.py for tasks to queue
[2026-02-26T05:36:22.725+0000] {logging_mixin.py:190} INFO - [2026-02-26T05:36:22.725+0000] {dagbag.py:588} INFO - Filling up the DagBag from /home/ubuntu/airflow-venv/lib/python3.12/site-packages/airflow/example_dags/example_external_task_marker_dag.py
[2026-02-26T05:36:22.730+0000] {processor.py:925} INFO - DAG(s) 'example_external_task_marker_parent', 'example_external_task_marker_child' retrieved from /home/ubuntu/airflow-venv/lib/python3.12/site-packages/airflow/example_dags/example_external_task_marker_dag.py
[2026-02-26T05:36:22.741+0000] {logging_mixin.py:190} INFO - [2026-02-26T05:36:22.741+0000] {dag.py:3239} INFO - Sync 2 DAGs
[2026-02-26T05:36:22.748+0000] {logging_mixin.py:190} INFO - [2026-02-26T05:36:22.748+0000] {dag.py:4180} INFO - Setting next_dagrun for example_external_task_marker_child to None, run_after=None
[2026-02-26T05:36:22.751+0000] {logging_mixin.py:190} INFO - [2026-02-26T05:36:22.750+0000] {dag.py:4180} INFO - Setting next_dagrun for example_external_task_marker_parent to None, run_after=None
[2026-02-26T05:36:22.765+0000] {processor.py:208} INFO - Processing /home/ubuntu/airflow-venv/lib/python3.12/site-packages/airflow/example_dags/example_external_task_marker_dag.py took 0.046 seconds
[2026-02-26T05:37:33.424+0000] {processor.py:186} INFO - Started process (PID=3461) to work on /home/ubuntu/airflow-venv/lib/python3.12/site-packages/airflow/example_dags/example_external_task_marker_dag.py
[2026-02-26T05:37:33.426+0000] {processor.py:914} INFO - Processing file /home/ubuntu/airflow-venv/lib/python3.12/site-packages/airflow/example_dags/example_external_task_marker_dag.py for tasks to queue
[2026-02-26T05:37:33.427+0000] {logging_mixin.py:190} INFO - [2026-02-26T05:37:33.427+0000] {dagbag.py:588} INFO - Filling up the DagBag from /home/ubuntu/airflow-venv/lib/python3.12/site-packages/airflow/example_dags/example_external_task_marker_dag.py
[2026-02-26T05:37:33.432+0000] {processor.py:925} INFO - DAG(s) 'example_external_task_marker_parent', 'example_external_task_marker_child' retrieved from /home/ubuntu/airflow-venv/lib/python3.12/site-packages/airflow/example_dags/example_external_task_marker_dag.py
[2026-02-26T05:37:33.443+0000] {logging_mixin.py:190} INFO - [2026-02-26T05:37:33.443+0000] {dag.py:3239} INFO - Sync 2 DAGs
[2026-02-26T05:37:33.450+0000] {logging_mixin.py:190} INFO - [2026-02-26T05:37:33.450+0000] {dag.py:4180} INFO - Setting next_dagrun for example_external_task_marker_child to None, run_after=None
[2026-02-26T05:37:33.452+0000] {logging_mixin.py:190} INFO - [2026-02-26T05:37:33.452+0000] {dag.py:4180} INFO - Setting next_dagrun for example_external_task_marker_parent to None, run_after=None
[2026-02-26T05:37:33.467+0000] {processor.py:208} INFO - Processing /home/ubuntu/airflow-venv/lib/python3.12/site-packages/airflow/example_dags/example_external_task_marker_dag.py took 0.047 seconds
[2026-02-26T05:38:24.760+0000] {processor.py:186} INFO - Started process (PID=3514) to work on /home/ubuntu/airflow-venv/lib/python3.12/site-packages/airflow/example_dags/example_external_task_marker_dag.py
[2026-02-26T05:38:24.762+0000] {processor.py:914} INFO - Processing file /home/ubuntu/airflow-venv/lib/python3.12/site-packages/airflow/example_dags/example_external_task_marker_dag.py for tasks to queue
[2026-02-26T05:38:24.763+0000] {logging_mixin.py:190} INFO - [2026-02-26T05:38:24.763+0000] {dagbag.py:588} INFO - Filling up the DagBag from /home/ubuntu/airflow-venv/lib/python3.12/site-packages/airflow/example_dags/example_external_task_marker_dag.py
[2026-02-26T05:38:24.768+0000] {processor.py:925} INFO - DAG(s) 'example_external_task_marker_child', 'example_external_task_marker_parent' retrieved from /home/ubuntu/airflow-venv/lib/python3.12/site-packages/airflow/example_dags/example_external_task_marker_dag.py
[2026-02-26T05:38:24.779+0000] {logging_mixin.py:190} INFO - [2026-02-26T05:38:24.779+0000] {dag.py:3239} INFO - Sync 2 DAGs
[2026-02-26T05:38:24.786+0000] {logging_mixin.py:190} INFO - [2026-02-26T05:38:24.786+0000] {dag.py:4180} INFO - Setting next_dagrun for example_external_task_marker_child to None, run_after=None
[2026-02-26T05:38:24.788+0000] {logging_mixin.py:190} INFO - [2026-02-26T05:38:24.788+0000] {dag.py:4180} INFO - Setting next_dagrun for example_external_task_marker_parent to None, run_after=None
[2026-02-26T05:38:24.803+0000] {processor.py:208} INFO - Processing /home/ubuntu/airflow-venv/lib/python3.12/site-packages/airflow/example_dags/example_external_task_marker_dag.py took 0.046 seconds
[2026-02-26T05:39:17.275+0000] {processor.py:186} INFO - Started process (PID=3567) to work on /home/ubuntu/airflow-venv/lib/python3.12/site-packages/airflow/example_dags/example_external_task_marker_dag.py
[2026-02-26T05:39:17.276+0000] {processor.py:914} INFO - Processing file /home/ubuntu/airflow-venv/lib/python3.12/site-packages/airflow/example_dags/example_external_task_marker_dag.py for tasks to queue
[2026-02-26T05:39:17.278+0000] {logging_mixin.py:190} INFO - [2026-02-26T05:39:17.277+0000] {dagbag.py:588} INFO - Filling up the DagBag from /home/ubuntu/airflow-venv/lib/python3.12/site-packages/airflow/example_dags/example_external_task_marker_dag.py
[2026-02-26T05:39:17.283+0000] {processor.py:925} INFO - DAG(s) 'example_external_task_marker_parent', 'example_external_task_marker_child' retrieved from /home/ubuntu/airflow-venv/lib/python3.12/site-packages/airflow/example_dags/example_external_task_marker_dag.py
[2026-02-26T05:39:17.295+0000] {logging_mixin.py:190} INFO - [2026-02-26T05:39:17.294+0000] {dag.py:3239} INFO - Sync 2 DAGs
[2026-02-26T05:39:17.302+0000] {logging_mixin.py:190} INFO - [2026-02-26T05:39:17.302+0000] {dag.py:4180} INFO - Setting next_dagrun for example_external_task_marker_child to None, run_after=None
[2026-02-26T05:39:17.304+0000] {logging_mixin.py:190} INFO - [2026-02-26T05:39:17.304+0000] {dag.py:4180} INFO - Setting next_dagrun for example_external_task_marker_parent to None, run_after=None
[2026-02-26T05:39:17.319+0000] {processor.py:208} INFO - Processing /home/ubuntu/airflow-venv/lib/python3.12/site-packages/airflow/example_dags/example_external_task_marker_dag.py took 0.048 seconds
[2026-02-26T05:40:28.059+0000] {processor.py:186} INFO - Started process (PID=3649) to work on /home/ubuntu/airflow-venv/lib/python3.12/site-packages/airflow/example_dags/example_external_task_marker_dag.py
[2026-02-26T05:40:28.060+0000] {processor.py:914} INFO - Processing file /home/ubuntu/airflow-venv/lib/python3.12/site-packages/airflow/example_dags/example_external_task_marker_dag.py for tasks to queue
[2026-02-26T05:40:28.062+0000] {logging_mixin.py:190} INFO - [2026-02-26T05:40:28.061+0000] {dagbag.py:588} INFO - Filling up the DagBag from /home/ubuntu/airflow-venv/lib/python3.12/site-packages/airflow/example_dags/example_external_task_marker_dag.py
[2026-02-26T05:40:28.067+0000] {processor.py:925} INFO - DAG(s) 'example_external_task_marker_parent', 'example_external_task_marker_child' retrieved from /home/ubuntu/airflow-venv/lib/python3.12/site-packages/airflow/example_dags/example_external_task_marker_dag.py
[2026-02-26T05:40:28.077+0000] {logging_mixin.py:190} INFO - [2026-02-26T05:40:28.077+0000] {dag.py:3239} INFO - Sync 2 DAGs
[2026-02-26T05:40:28.084+0000] {logging_mixin.py:190} INFO - [2026-02-26T05:40:28.084+0000] {dag.py:4180} INFO - Setting next_dagrun for example_external_task_marker_child to None, run_after=None
[2026-02-26T05:40:28.086+0000] {logging_mixin.py:190} INFO - [2026-02-26T05:40:28.086+0000] {dag.py:4180} INFO - Setting next_dagrun for example_external_task_marker_parent to None, run_after=None
[2026-02-26T05:40:28.101+0000] {processor.py:208} INFO - Processing /home/ubuntu/airflow-venv/lib/python3.12/site-packages/airflow/example_dags/example_external_task_marker_dag.py took 0.045 seconds
[2026-02-26T05:41:20.528+0000] {processor.py:186} INFO - Started process (PID=3703) to work on /home/ubuntu/airflow-venv/lib/python3.12/site-packages/airflow/example_dags/example_external_task_marker_dag.py
[2026-02-26T05:41:20.529+0000] {processor.py:914} INFO - Processing file /home/ubuntu/airflow-venv/lib/python3.12/site-packages/airflow/example_dags/example_external_task_marker_dag.py for tasks to queue
[2026-02-26T05:41:20.530+0000] {logging_mixin.py:190} INFO - [2026-02-26T05:41:20.530+0000] {dagbag.py:588} INFO - Filling up the DagBag from /home/ubuntu/airflow-venv/lib/python3.12/site-packages/airflow/example_dags/example_external_task_marker_dag.py
[2026-02-26T05:41:20.535+0000] {processor.py:925} INFO - DAG(s) 'example_external_task_marker_parent', 'example_external_task_marker_child' retrieved from /home/ubuntu/airflow-venv/lib/python3.12/site-packages/airflow/example_dags/example_external_task_marker_dag.py
[2026-02-26T05:41:20.547+0000] {logging_mixin.py:190} INFO - [2026-02-26T05:41:20.546+0000] {dag.py:3239} INFO - Sync 2 DAGs
[2026-02-26T05:41:20.554+0000] {logging_mixin.py:190} INFO - [2026-02-26T05:41:20.554+0000] {dag.py:4180} INFO - Setting next_dagrun for example_external_task_marker_child to None, run_after=None
[2026-02-26T05:41:20.556+0000] {logging_mixin.py:190} INFO - [2026-02-26T05:41:20.556+0000] {dag.py:4180} INFO - Setting next_dagrun for example_external_task_marker_parent to None, run_after=None
[2026-02-26T05:41:20.571+0000] {processor.py:208} INFO - Processing /home/ubuntu/airflow-venv/lib/python3.12/site-packages/airflow/example_dags/example_external_task_marker_dag.py took 0.047 seconds
[2026-02-26T05:42:32.861+0000] {processor.py:186} INFO - Started process (PID=3779) to work on /home/ubuntu/airflow-venv/lib/python3.12/site-packages/airflow/example_dags/example_external_task_marker_dag.py
[2026-02-26T05:42:32.862+0000] {processor.py:914} INFO - Processing file /home/ubuntu/airflow-venv/lib/python3.12/site-packages/airflow/example_dags/example_external_task_marker_dag.py for tasks to queue
[2026-02-26T05:42:32.864+0000] {logging_mixin.py:190} INFO - [2026-02-26T05:42:32.864+0000] {dagbag.py:588} INFO - Filling up the DagBag from /home/ubuntu/airflow-venv/lib/python3.12/site-packages/airflow/example_dags/example_external_task_marker_dag.py
[2026-02-26T05:42:32.869+0000] {processor.py:925} INFO - DAG(s) 'example_external_task_marker_child', 'example_external_task_marker_parent' retrieved from /home/ubuntu/airflow-venv/lib/python3.12/site-packages/airflow/example_dags/example_external_task_marker_dag.py
[2026-02-26T05:42:32.881+0000] {logging_mixin.py:190} INFO - [2026-02-26T05:42:32.880+0000] {dag.py:3239} INFO - Sync 2 DAGs
[2026-02-26T05:42:32.888+0000] {logging_mixin.py:190} INFO - [2026-02-26T05:42:32.888+0000] {dag.py:4180} INFO - Setting next_dagrun for example_external_task_marker_child to None, run_after=None
[2026-02-26T05:42:32.890+0000] {logging_mixin.py:190} INFO - [2026-02-26T05:42:32.890+0000] {dag.py:4180} INFO - Setting next_dagrun for example_external_task_marker_parent to None, run_after=None
[2026-02-26T05:42:32.905+0000] {processor.py:208} INFO - Processing /home/ubuntu/airflow-venv/lib/python3.12/site-packages/airflow/example_dags/example_external_task_marker_dag.py took 0.048 seconds
[2026-02-26T05:43:44.876+0000] {processor.py:186} INFO - Started process (PID=3855) to work on /home/ubuntu/airflow-venv/lib/python3.12/site-packages/airflow/example_dags/example_external_task_marker_dag.py
[2026-02-26T05:43:44.877+0000] {processor.py:914} INFO - Processing file /home/ubuntu/airflow-venv/lib/python3.12/site-packages/airflow/example_dags/example_external_task_marker_dag.py for tasks to queue
[2026-02-26T05:43:44.879+0000] {logging_mixin.py:190} INFO - [2026-02-26T05:43:44.878+0000] {dagbag.py:588} INFO - Filling up the DagBag from /home/ubuntu/airflow-venv/lib/python3.12/site-packages/airflow/example_dags/example_external_task_marker_dag.py
[2026-02-26T05:43:44.884+0000] {processor.py:925} INFO - DAG(s) 'example_external_task_marker_parent', 'example_external_task_marker_child' retrieved from /home/ubuntu/airflow-venv/lib/python3.12/site-packages/airflow/example_dags/example_external_task_marker_dag.py
[2026-02-26T05:43:44.894+0000] {logging_mixin.py:190} INFO - [2026-02-26T05:43:44.894+0000] {dag.py:3239} INFO - Sync 2 DAGs
[2026-02-26T05:43:44.902+0000] {logging_mixin.py:190} INFO - [2026-02-26T05:43:44.901+0000] {dag.py:4180} INFO - Setting next_dagrun for example_external_task_marker_child to None, run_after=None
[2026-02-26T05:43:44.904+0000] {logging_mixin.py:190} INFO - [2026-02-26T05:43:44.903+0000] {dag.py:4180} INFO - Setting next_dagrun for example_external_task_marker_parent to None, run_after=None
[2026-02-26T05:43:44.918+0000] {processor.py:208} INFO - Processing /home/ubuntu/airflow-venv/lib/python3.12/site-packages/airflow/example_dags/example_external_task_marker_dag.py took 0.046 seconds
[2026-02-26T05:44:34.493+0000] {processor.py:186} INFO - Started process (PID=3909) to work on /home/ubuntu/airflow-venv/lib/python3.12/site-packages/airflow/example_dags/example_external_task_marker_dag.py
[2026-02-26T05:44:34.494+0000] {processor.py:914} INFO - Processing file /home/ubuntu/airflow-venv/lib/python3.12/site-packages/airflow/example_dags/example_external_task_marker_dag.py for tasks to queue
[2026-02-26T05:44:34.496+0000] {logging_mixin.py:190} INFO - [2026-02-26T05:44:34.496+0000] {dagbag.py:588} INFO - Filling up the DagBag from /home/ubuntu/airflow-venv/lib/python3.12/site-packages/airflow/example_dags/example_external_task_marker_dag.py
[2026-02-26T05:44:34.501+0000] {processor.py:925} INFO - DAG(s) 'example_external_task_marker_child', 'example_external_task_marker_parent' retrieved from /home/ubuntu/airflow-venv/lib/python3.12/site-packages/airflow/example_dags/example_external_task_marker_dag.py
[2026-02-26T05:44:34.512+0000] {logging_mixin.py:190} INFO - [2026-02-26T05:44:34.512+0000] {dag.py:3239} INFO - Sync 2 DAGs
[2026-02-26T05:44:34.519+0000] {logging_mixin.py:190} INFO - [2026-02-26T05:44:34.519+0000] {dag.py:4180} INFO - Setting next_dagrun for example_external_task_marker_child to None, run_after=None
[2026-02-26T05:44:34.521+0000] {logging_mixin.py:190} INFO - [2026-02-26T05:44:34.521+0000] {dag.py:4180} INFO - Setting next_dagrun for example_external_task_marker_parent to None, run_after=None
[2026-02-26T05:44:34.536+0000] {processor.py:208} INFO - Processing /home/ubuntu/airflow-venv/lib/python3.12/site-packages/airflow/example_dags/example_external_task_marker_dag.py took 0.046 seconds
[2026-02-26T06:14:15.502+0000] {processor.py:186} INFO - Started process (PID=2729) to work on /home/ubuntu/airflow-venv/lib/python3.12/site-packages/airflow/example_dags/example_external_task_marker_dag.py
[2026-02-26T06:14:15.503+0000] {processor.py:914} INFO - Processing file /home/ubuntu/airflow-venv/lib/python3.12/site-packages/airflow/example_dags/example_external_task_marker_dag.py for tasks to queue
[2026-02-26T06:14:15.505+0000] {logging_mixin.py:190} INFO - [2026-02-26T06:14:15.505+0000] {dagbag.py:588} INFO - Filling up the DagBag from /home/ubuntu/airflow-venv/lib/python3.12/site-packages/airflow/example_dags/example_external_task_marker_dag.py
[2026-02-26T06:14:15.510+0000] {processor.py:925} INFO - DAG(s) 'example_external_task_marker_parent', 'example_external_task_marker_child' retrieved from /home/ubuntu/airflow-venv/lib/python3.12/site-packages/airflow/example_dags/example_external_task_marker_dag.py
[2026-02-26T06:14:15.522+0000] {logging_mixin.py:190} INFO - [2026-02-26T06:14:15.522+0000] {dag.py:3239} INFO - Sync 2 DAGs
[2026-02-26T06:14:15.530+0000] {logging_mixin.py:190} INFO - [2026-02-26T06:14:15.529+0000] {dag.py:4180} INFO - Setting next_dagrun for example_external_task_marker_child to None, run_after=None
[2026-02-26T06:14:15.532+0000] {logging_mixin.py:190} INFO - [2026-02-26T06:14:15.531+0000] {dag.py:4180} INFO - Setting next_dagrun for example_external_task_marker_parent to None, run_after=None
[2026-02-26T06:14:15.547+0000] {processor.py:208} INFO - Processing /home/ubuntu/airflow-venv/lib/python3.12/site-packages/airflow/example_dags/example_external_task_marker_dag.py took 0.049 seconds
[2026-02-26T06:15:10.874+0000] {processor.py:186} INFO - Started process (PID=2791) to work on /home/ubuntu/airflow-venv/lib/python3.12/site-packages/airflow/example_dags/example_external_task_marker_dag.py
[2026-02-26T06:15:10.875+0000] {processor.py:914} INFO - Processing file /home/ubuntu/airflow-venv/lib/python3.12/site-packages/airflow/example_dags/example_external_task_marker_dag.py for tasks to queue
[2026-02-26T06:15:10.876+0000] {logging_mixin.py:190} INFO - [2026-02-26T06:15:10.876+0000] {dagbag.py:588} INFO - Filling up the DagBag from /home/ubuntu/airflow-venv/lib/python3.12/site-packages/airflow/example_dags/example_external_task_marker_dag.py
[2026-02-26T06:15:10.882+0000] {processor.py:925} INFO - DAG(s) 'example_external_task_marker_parent', 'example_external_task_marker_child' retrieved from /home/ubuntu/airflow-venv/lib/python3.12/site-packages/airflow/example_dags/example_external_task_marker_dag.py
[2026-02-26T06:15:10.893+0000] {logging_mixin.py:190} INFO - [2026-02-26T06:15:10.893+0000] {dag.py:3239} INFO - Sync 2 DAGs
[2026-02-26T06:15:10.901+0000] {logging_mixin.py:190} INFO - [2026-02-26T06:15:10.901+0000] {dag.py:4180} INFO - Setting next_dagrun for example_external_task_marker_child to None, run_after=None
[2026-02-26T06:15:10.903+0000] {logging_mixin.py:190} INFO - [2026-02-26T06:15:10.903+0000] {dag.py:4180} INFO - Setting next_dagrun for example_external_task_marker_parent to None, run_after=None
[2026-02-26T06:15:10.919+0000] {processor.py:208} INFO - Processing /home/ubuntu/airflow-venv/lib/python3.12/site-packages/airflow/example_dags/example_external_task_marker_dag.py took 0.049 seconds
[2026-02-26T06:16:08.886+0000] {processor.py:186} INFO - Started process (PID=2855) to work on /home/ubuntu/airflow-venv/lib/python3.12/site-packages/airflow/example_dags/example_external_task_marker_dag.py
[2026-02-26T06:16:08.888+0000] {processor.py:914} INFO - Processing file /home/ubuntu/airflow-venv/lib/python3.12/site-packages/airflow/example_dags/example_external_task_marker_dag.py for tasks to queue
[2026-02-26T06:16:08.889+0000] {logging_mixin.py:190} INFO - [2026-02-26T06:16:08.889+0000] {dagbag.py:588} INFO - Filling up the DagBag from /home/ubuntu/airflow-venv/lib/python3.12/site-packages/airflow/example_dags/example_external_task_marker_dag.py
[2026-02-26T06:16:08.895+0000] {processor.py:925} INFO - DAG(s) 'example_external_task_marker_parent', 'example_external_task_marker_child' retrieved from /home/ubuntu/airflow-venv/lib/python3.12/site-packages/airflow/example_dags/example_external_task_marker_dag.py
[2026-02-26T06:16:08.906+0000] {logging_mixin.py:190} INFO - [2026-02-26T06:16:08.906+0000] {dag.py:3239} INFO - Sync 2 DAGs
[2026-02-26T06:16:08.914+0000] {logging_mixin.py:190} INFO - [2026-02-26T06:16:08.914+0000] {dag.py:4180} INFO - Setting next_dagrun for example_external_task_marker_child to None, run_after=None
[2026-02-26T06:16:08.916+0000] {logging_mixin.py:190} INFO - [2026-02-26T06:16:08.916+0000] {dag.py:4180} INFO - Setting next_dagrun for example_external_task_marker_parent to None, run_after=None
[2026-02-26T06:16:08.932+0000] {processor.py:208} INFO - Processing /home/ubuntu/airflow-venv/lib/python3.12/site-packages/airflow/example_dags/example_external_task_marker_dag.py took 0.050 seconds
[2026-02-26T06:17:03.085+0000] {processor.py:186} INFO - Started process (PID=2915) to work on /home/ubuntu/airflow-venv/lib/python3.12/site-packages/airflow/example_dags/example_external_task_marker_dag.py
[2026-02-26T06:17:03.086+0000] {processor.py:914} INFO - Processing file /home/ubuntu/airflow-venv/lib/python3.12/site-packages/airflow/example_dags/example_external_task_marker_dag.py for tasks to queue
[2026-02-26T06:17:03.088+0000] {logging_mixin.py:190} INFO - [2026-02-26T06:17:03.087+0000] {dagbag.py:588} INFO - Filling up the DagBag from /home/ubuntu/airflow-venv/lib/python3.12/site-packages/airflow/example_dags/example_external_task_marker_dag.py
[2026-02-26T06:17:03.093+0000] {processor.py:925} INFO - DAG(s) 'example_external_task_marker_parent', 'example_external_task_marker_child' retrieved from /home/ubuntu/airflow-venv/lib/python3.12/site-packages/airflow/example_dags/example_external_task_marker_dag.py
[2026-02-26T06:17:03.105+0000] {logging_mixin.py:190} INFO - [2026-02-26T06:17:03.105+0000] {dag.py:3239} INFO - Sync 2 DAGs
[2026-02-26T06:17:03.113+0000] {logging_mixin.py:190} INFO - [2026-02-26T06:17:03.113+0000] {dag.py:4180} INFO - Setting next_dagrun for example_external_task_marker_child to None, run_after=None
[2026-02-26T06:17:03.115+0000] {logging_mixin.py:190} INFO - [2026-02-26T06:17:03.115+0000] {dag.py:4180} INFO - Setting next_dagrun for example_external_task_marker_parent to None, run_after=None
[2026-02-26T06:17:03.130+0000] {processor.py:208} INFO - Processing /home/ubuntu/airflow-venv/lib/python3.12/site-packages/airflow/example_dags/example_external_task_marker_dag.py took 0.049 seconds
[2026-02-26T06:17:56.684+0000] {processor.py:186} INFO - Started process (PID=2971) to work on /home/ubuntu/airflow-venv/lib/python3.12/site-packages/airflow/example_dags/example_external_task_marker_dag.py
[2026-02-26T06:17:56.685+0000] {processor.py:914} INFO - Processing file /home/ubuntu/airflow-venv/lib/python3.12/site-packages/airflow/example_dags/example_external_task_marker_dag.py for tasks to queue
[2026-02-26T06:17:56.687+0000] {logging_mixin.py:190} INFO - [2026-02-26T06:17:56.686+0000] {dagbag.py:588} INFO - Filling up the DagBag from /home/ubuntu/airflow-venv/lib/python3.12/site-packages/airflow/example_dags/example_external_task_marker_dag.py
[2026-02-26T06:17:56.692+0000] {processor.py:925} INFO - DAG(s) 'example_external_task_marker_parent', 'example_external_task_marker_child' retrieved from /home/ubuntu/airflow-venv/lib/python3.12/site-packages/airflow/example_dags/example_external_task_marker_dag.py
[2026-02-26T06:17:56.704+0000] {logging_mixin.py:190} INFO - [2026-02-26T06:17:56.704+0000] {dag.py:3239} INFO - Sync 2 DAGs
[2026-02-26T06:17:56.712+0000] {logging_mixin.py:190} INFO - [2026-02-26T06:17:56.712+0000] {dag.py:4180} INFO - Setting next_dagrun for example_external_task_marker_child to None, run_after=None
[2026-02-26T06:17:56.714+0000] {logging_mixin.py:190} INFO - [2026-02-26T06:17:56.714+0000] {dag.py:4180} INFO - Setting next_dagrun for example_external_task_marker_parent to None, run_after=None
[2026-02-26T06:17:56.729+0000] {processor.py:208} INFO - Processing /home/ubuntu/airflow-venv/lib/python3.12/site-packages/airflow/example_dags/example_external_task_marker_dag.py took 0.049 seconds
[2026-02-26T06:18:48.601+0000] {processor.py:186} INFO - Started process (PID=3024) to work on /home/ubuntu/airflow-venv/lib/python3.12/site-packages/airflow/example_dags/example_external_task_marker_dag.py
[2026-02-26T06:18:48.602+0000] {processor.py:914} INFO - Processing file /home/ubuntu/airflow-venv/lib/python3.12/site-packages/airflow/example_dags/example_external_task_marker_dag.py for tasks to queue
[2026-02-26T06:18:48.603+0000] {logging_mixin.py:190} INFO - [2026-02-26T06:18:48.603+0000] {dagbag.py:588} INFO - Filling up the DagBag from /home/ubuntu/airflow-venv/lib/python3.12/site-packages/airflow/example_dags/example_external_task_marker_dag.py
[2026-02-26T06:18:48.609+0000] {processor.py:925} INFO - DAG(s) 'example_external_task_marker_parent', 'example_external_task_marker_child' retrieved from /home/ubuntu/airflow-venv/lib/python3.12/site-packages/airflow/example_dags/example_external_task_marker_dag.py
[2026-02-26T06:18:48.620+0000] {logging_mixin.py:190} INFO - [2026-02-26T06:18:48.620+0000] {dag.py:3239} INFO - Sync 2 DAGs
[2026-02-26T06:18:48.628+0000] {logging_mixin.py:190} INFO - [2026-02-26T06:18:48.628+0000] {dag.py:4180} INFO - Setting next_dagrun for example_external_task_marker_child to None, run_after=None
[2026-02-26T06:18:48.707+0000] {logging_mixin.py:190} INFO - [2026-02-26T06:18:48.707+0000] {dag.py:4180} INFO - Setting next_dagrun for example_external_task_marker_parent to None, run_after=None
[2026-02-26T06:18:48.723+0000] {processor.py:208} INFO - Processing /home/ubuntu/airflow-venv/lib/python3.12/site-packages/airflow/example_dags/example_external_task_marker_dag.py took 0.125 seconds
[2026-02-26T06:19:46.335+0000] {processor.py:186} INFO - Started process (PID=3080) to work on /home/ubuntu/airflow-venv/lib/python3.12/site-packages/airflow/example_dags/example_external_task_marker_dag.py
[2026-02-26T06:19:46.336+0000] {processor.py:914} INFO - Processing file /home/ubuntu/airflow-venv/lib/python3.12/site-packages/airflow/example_dags/example_external_task_marker_dag.py for tasks to queue
[2026-02-26T06:19:46.337+0000] {logging_mixin.py:190} INFO - [2026-02-26T06:19:46.337+0000] {dagbag.py:588} INFO - Filling up the DagBag from /home/ubuntu/airflow-venv/lib/python3.12/site-packages/airflow/example_dags/example_external_task_marker_dag.py
[2026-02-26T06:19:46.343+0000] {processor.py:925} INFO - DAG(s) 'example_external_task_marker_child', 'example_external_task_marker_parent' retrieved from /home/ubuntu/airflow-venv/lib/python3.12/site-packages/airflow/example_dags/example_external_task_marker_dag.py
[2026-02-26T06:19:46.354+0000] {logging_mixin.py:190} INFO - [2026-02-26T06:19:46.354+0000] {dag.py:3239} INFO - Sync 2 DAGs
[2026-02-26T06:19:46.362+0000] {logging_mixin.py:190} INFO - [2026-02-26T06:19:46.362+0000] {dag.py:4180} INFO - Setting next_dagrun for example_external_task_marker_child to None, run_after=None
[2026-02-26T06:19:46.364+0000] {logging_mixin.py:190} INFO - [2026-02-26T06:19:46.364+0000] {dag.py:4180} INFO - Setting next_dagrun for example_external_task_marker_parent to None, run_after=None
[2026-02-26T06:19:46.380+0000] {processor.py:208} INFO - Processing /home/ubuntu/airflow-venv/lib/python3.12/site-packages/airflow/example_dags/example_external_task_marker_dag.py took 0.049 seconds
[2026-02-26T06:20:38.435+0000] {processor.py:186} INFO - Started process (PID=3138) to work on /home/ubuntu/airflow-venv/lib/python3.12/site-packages/airflow/example_dags/example_external_task_marker_dag.py
[2026-02-26T06:20:38.436+0000] {processor.py:914} INFO - Processing file /home/ubuntu/airflow-venv/lib/python3.12/site-packages/airflow/example_dags/example_external_task_marker_dag.py for tasks to queue
[2026-02-26T06:20:38.438+0000] {logging_mixin.py:190} INFO - [2026-02-26T06:20:38.438+0000] {dagbag.py:588} INFO - Filling up the DagBag from /home/ubuntu/airflow-venv/lib/python3.12/site-packages/airflow/example_dags/example_external_task_marker_dag.py
[2026-02-26T06:20:38.443+0000] {processor.py:925} INFO - DAG(s) 'example_external_task_marker_parent', 'example_external_task_marker_child' retrieved from /home/ubuntu/airflow-venv/lib/python3.12/site-packages/airflow/example_dags/example_external_task_marker_dag.py
[2026-02-26T06:20:38.455+0000] {logging_mixin.py:190} INFO - [2026-02-26T06:20:38.454+0000] {dag.py:3239} INFO - Sync 2 DAGs
[2026-02-26T06:20:38.463+0000] {logging_mixin.py:190} INFO - [2026-02-26T06:20:38.462+0000] {dag.py:4180} INFO - Setting next_dagrun for example_external_task_marker_child to None, run_after=None
[2026-02-26T06:20:38.464+0000] {logging_mixin.py:190} INFO - [2026-02-26T06:20:38.464+0000] {dag.py:4180} INFO - Setting next_dagrun for example_external_task_marker_parent to None, run_after=None
[2026-02-26T06:20:38.480+0000] {processor.py:208} INFO - Processing /home/ubuntu/airflow-venv/lib/python3.12/site-packages/airflow/example_dags/example_external_task_marker_dag.py took 0.048 seconds
[2026-02-26T06:21:26.955+0000] {processor.py:186} INFO - Started process (PID=3190) to work on /home/ubuntu/airflow-venv/lib/python3.12/site-packages/airflow/example_dags/example_external_task_marker_dag.py
[2026-02-26T06:21:26.957+0000] {processor.py:914} INFO - Processing file /home/ubuntu/airflow-venv/lib/python3.12/site-packages/airflow/example_dags/example_external_task_marker_dag.py for tasks to queue
[2026-02-26T06:21:26.958+0000] {logging_mixin.py:190} INFO - [2026-02-26T06:21:26.958+0000] {dagbag.py:588} INFO - Filling up the DagBag from /home/ubuntu/airflow-venv/lib/python3.12/site-packages/airflow/example_dags/example_external_task_marker_dag.py
[2026-02-26T06:21:26.964+0000] {processor.py:925} INFO - DAG(s) 'example_external_task_marker_parent', 'example_external_task_marker_child' retrieved from /home/ubuntu/airflow-venv/lib/python3.12/site-packages/airflow/example_dags/example_external_task_marker_dag.py
[2026-02-26T06:21:26.976+0000] {logging_mixin.py:190} INFO - [2026-02-26T06:21:26.975+0000] {dag.py:3239} INFO - Sync 2 DAGs
[2026-02-26T06:21:26.984+0000] {logging_mixin.py:190} INFO - [2026-02-26T06:21:26.984+0000] {dag.py:4180} INFO - Setting next_dagrun for example_external_task_marker_child to None, run_after=None
[2026-02-26T06:21:26.986+0000] {logging_mixin.py:190} INFO - [2026-02-26T06:21:26.986+0000] {dag.py:4180} INFO - Setting next_dagrun for example_external_task_marker_parent to None, run_after=None
[2026-02-26T06:21:27.002+0000] {processor.py:208} INFO - Processing /home/ubuntu/airflow-venv/lib/python3.12/site-packages/airflow/example_dags/example_external_task_marker_dag.py took 0.050 seconds
[2026-02-26T06:22:37.736+0000] {processor.py:186} INFO - Started process (PID=3266) to work on /home/ubuntu/airflow-venv/lib/python3.12/site-packages/airflow/example_dags/example_external_task_marker_dag.py
[2026-02-26T06:22:37.737+0000] {processor.py:914} INFO - Processing file /home/ubuntu/airflow-venv/lib/python3.12/site-packages/airflow/example_dags/example_external_task_marker_dag.py for tasks to queue
[2026-02-26T06:22:37.738+0000] {logging_mixin.py:190} INFO - [2026-02-26T06:22:37.738+0000] {dagbag.py:588} INFO - Filling up the DagBag from /home/ubuntu/airflow-venv/lib/python3.12/site-packages/airflow/example_dags/example_external_task_marker_dag.py
[2026-02-26T06:22:37.744+0000] {processor.py:925} INFO - DAG(s) 'example_external_task_marker_child', 'example_external_task_marker_parent' retrieved from /home/ubuntu/airflow-venv/lib/python3.12/site-packages/airflow/example_dags/example_external_task_marker_dag.py
[2026-02-26T06:22:37.755+0000] {logging_mixin.py:190} INFO - [2026-02-26T06:22:37.755+0000] {dag.py:3239} INFO - Sync 2 DAGs
[2026-02-26T06:22:37.763+0000] {logging_mixin.py:190} INFO - [2026-02-26T06:22:37.763+0000] {dag.py:4180} INFO - Setting next_dagrun for example_external_task_marker_child to None, run_after=None
[2026-02-26T06:22:37.766+0000] {logging_mixin.py:190} INFO - [2026-02-26T06:22:37.765+0000] {dag.py:4180} INFO - Setting next_dagrun for example_external_task_marker_parent to None, run_after=None
[2026-02-26T06:22:37.782+0000] {processor.py:208} INFO - Processing /home/ubuntu/airflow-venv/lib/python3.12/site-packages/airflow/example_dags/example_external_task_marker_dag.py took 0.050 seconds
[2026-02-26T06:23:30.204+0000] {processor.py:186} INFO - Started process (PID=3320) to work on /home/ubuntu/airflow-venv/lib/python3.12/site-packages/airflow/example_dags/example_external_task_marker_dag.py
[2026-02-26T06:23:30.205+0000] {processor.py:914} INFO - Processing file /home/ubuntu/airflow-venv/lib/python3.12/site-packages/airflow/example_dags/example_external_task_marker_dag.py for tasks to queue
[2026-02-26T06:23:30.207+0000] {logging_mixin.py:190} INFO - [2026-02-26T06:23:30.206+0000] {dagbag.py:588} INFO - Filling up the DagBag from /home/ubuntu/airflow-venv/lib/python3.12/site-packages/airflow/example_dags/example_external_task_marker_dag.py
[2026-02-26T06:23:30.212+0000] {processor.py:925} INFO - DAG(s) 'example_external_task_marker_parent', 'example_external_task_marker_child' retrieved from /home/ubuntu/airflow-venv/lib/python3.12/site-packages/airflow/example_dags/example_external_task_marker_dag.py
[2026-02-26T06:23:30.224+0000] {logging_mixin.py:190} INFO - [2026-02-26T06:23:30.224+0000] {dag.py:3239} INFO - Sync 2 DAGs
[2026-02-26T06:23:30.232+0000] {logging_mixin.py:190} INFO - [2026-02-26T06:23:30.232+0000] {dag.py:4180} INFO - Setting next_dagrun for example_external_task_marker_child to None, run_after=None
[2026-02-26T06:23:30.234+0000] {logging_mixin.py:190} INFO - [2026-02-26T06:23:30.234+0000] {dag.py:4180} INFO - Setting next_dagrun for example_external_task_marker_parent to None, run_after=None
[2026-02-26T06:23:30.250+0000] {processor.py:208} INFO - Processing /home/ubuntu/airflow-venv/lib/python3.12/site-packages/airflow/example_dags/example_external_task_marker_dag.py took 0.050 seconds
[2026-02-26T06:24:23.538+0000] {processor.py:186} INFO - Started process (PID=3374) to work on /home/ubuntu/airflow-venv/lib/python3.12/site-packages/airflow/example_dags/example_external_task_marker_dag.py
[2026-02-26T06:24:23.540+0000] {processor.py:914} INFO - Processing file /home/ubuntu/airflow-venv/lib/python3.12/site-packages/airflow/example_dags/example_external_task_marker_dag.py for tasks to queue
[2026-02-26T06:24:23.541+0000] {logging_mixin.py:190} INFO - [2026-02-26T06:24:23.541+0000] {dagbag.py:588} INFO - Filling up the DagBag from /home/ubuntu/airflow-venv/lib/python3.12/site-packages/airflow/example_dags/example_external_task_marker_dag.py
[2026-02-26T06:24:23.547+0000] {processor.py:925} INFO - DAG(s) 'example_external_task_marker_parent', 'example_external_task_marker_child' retrieved from /home/ubuntu/airflow-venv/lib/python3.12/site-packages/airflow/example_dags/example_external_task_marker_dag.py
[2026-02-26T06:24:23.558+0000] {logging_mixin.py:190} INFO - [2026-02-26T06:24:23.558+0000] {dag.py:3239} INFO - Sync 2 DAGs
[2026-02-26T06:24:23.567+0000] {logging_mixin.py:190} INFO - [2026-02-26T06:24:23.567+0000] {dag.py:4180} INFO - Setting next_dagrun for example_external_task_marker_child to None, run_after=None
[2026-02-26T06:24:23.569+0000] {logging_mixin.py:190} INFO - [2026-02-26T06:24:23.569+0000] {dag.py:4180} INFO - Setting next_dagrun for example_external_task_marker_parent to None, run_after=None
[2026-02-26T06:24:23.583+0000] {processor.py:208} INFO - Processing /home/ubuntu/airflow-venv/lib/python3.12/site-packages/airflow/example_dags/example_external_task_marker_dag.py took 0.048 seconds
