[2026-02-26T05:23:15.486+0000] {processor.py:186} INFO - Started process (PID=2162) to work on /home/ubuntu/airflow-venv/lib/python3.12/site-packages/airflow/example_dags/example_complex.py
[2026-02-26T05:23:15.487+0000] {processor.py:914} INFO - Processing file /home/ubuntu/airflow-venv/lib/python3.12/site-packages/airflow/example_dags/example_complex.py for tasks to queue
[2026-02-26T05:23:15.488+0000] {logging_mixin.py:190} INFO - [2026-02-26T05:23:15.487+0000] {dagbag.py:588} INFO - Filling up the DagBag from /home/ubuntu/airflow-venv/lib/python3.12/site-packages/airflow/example_dags/example_complex.py
[2026-02-26T05:23:15.494+0000] {processor.py:925} INFO - DAG(s) 'example_complex' retrieved from /home/ubuntu/airflow-venv/lib/python3.12/site-packages/airflow/example_dags/example_complex.py
[2026-02-26T05:23:15.508+0000] {logging_mixin.py:190} INFO - [2026-02-26T05:23:15.508+0000] {dag.py:3239} INFO - Sync 1 DAGs
[2026-02-26T05:23:15.515+0000] {logging_mixin.py:190} INFO - [2026-02-26T05:23:15.515+0000] {dag.py:4180} INFO - Setting next_dagrun for example_complex to None, run_after=None
[2026-02-26T05:23:15.531+0000] {processor.py:208} INFO - Processing /home/ubuntu/airflow-venv/lib/python3.12/site-packages/airflow/example_dags/example_complex.py took 0.048 seconds
[2026-02-26T05:24:09.142+0000] {processor.py:186} INFO - Started process (PID=2219) to work on /home/ubuntu/airflow-venv/lib/python3.12/site-packages/airflow/example_dags/example_complex.py
[2026-02-26T05:24:09.143+0000] {processor.py:914} INFO - Processing file /home/ubuntu/airflow-venv/lib/python3.12/site-packages/airflow/example_dags/example_complex.py for tasks to queue
[2026-02-26T05:24:09.144+0000] {logging_mixin.py:190} INFO - [2026-02-26T05:24:09.144+0000] {dagbag.py:588} INFO - Filling up the DagBag from /home/ubuntu/airflow-venv/lib/python3.12/site-packages/airflow/example_dags/example_complex.py
[2026-02-26T05:24:09.151+0000] {processor.py:925} INFO - DAG(s) 'example_complex' retrieved from /home/ubuntu/airflow-venv/lib/python3.12/site-packages/airflow/example_dags/example_complex.py
[2026-02-26T05:24:09.165+0000] {logging_mixin.py:190} INFO - [2026-02-26T05:24:09.165+0000] {dag.py:3239} INFO - Sync 1 DAGs
[2026-02-26T05:24:09.173+0000] {logging_mixin.py:190} INFO - [2026-02-26T05:24:09.172+0000] {dag.py:4180} INFO - Setting next_dagrun for example_complex to None, run_after=None
[2026-02-26T05:24:09.188+0000] {processor.py:208} INFO - Processing /home/ubuntu/airflow-venv/lib/python3.12/site-packages/airflow/example_dags/example_complex.py took 0.049 seconds
[2026-02-26T05:25:03.320+0000] {processor.py:186} INFO - Started process (PID=2279) to work on /home/ubuntu/airflow-venv/lib/python3.12/site-packages/airflow/example_dags/example_complex.py
[2026-02-26T05:25:03.321+0000] {processor.py:914} INFO - Processing file /home/ubuntu/airflow-venv/lib/python3.12/site-packages/airflow/example_dags/example_complex.py for tasks to queue
[2026-02-26T05:25:03.322+0000] {logging_mixin.py:190} INFO - [2026-02-26T05:25:03.322+0000] {dagbag.py:588} INFO - Filling up the DagBag from /home/ubuntu/airflow-venv/lib/python3.12/site-packages/airflow/example_dags/example_complex.py
[2026-02-26T05:25:03.329+0000] {processor.py:925} INFO - DAG(s) 'example_complex' retrieved from /home/ubuntu/airflow-venv/lib/python3.12/site-packages/airflow/example_dags/example_complex.py
[2026-02-26T05:25:03.343+0000] {logging_mixin.py:190} INFO - [2026-02-26T05:25:03.343+0000] {dag.py:3239} INFO - Sync 1 DAGs
[2026-02-26T05:25:03.350+0000] {logging_mixin.py:190} INFO - [2026-02-26T05:25:03.350+0000] {dag.py:4180} INFO - Setting next_dagrun for example_complex to None, run_after=None
[2026-02-26T05:25:03.366+0000] {processor.py:208} INFO - Processing /home/ubuntu/airflow-venv/lib/python3.12/site-packages/airflow/example_dags/example_complex.py took 0.049 seconds
[2026-02-26T05:26:16.103+0000] {processor.py:186} INFO - Started process (PID=2367) to work on /home/ubuntu/airflow-venv/lib/python3.12/site-packages/airflow/example_dags/example_complex.py
[2026-02-26T05:26:16.104+0000] {processor.py:914} INFO - Processing file /home/ubuntu/airflow-venv/lib/python3.12/site-packages/airflow/example_dags/example_complex.py for tasks to queue
[2026-02-26T05:26:16.105+0000] {logging_mixin.py:190} INFO - [2026-02-26T05:26:16.105+0000] {dagbag.py:588} INFO - Filling up the DagBag from /home/ubuntu/airflow-venv/lib/python3.12/site-packages/airflow/example_dags/example_complex.py
[2026-02-26T05:26:16.112+0000] {processor.py:925} INFO - DAG(s) 'example_complex' retrieved from /home/ubuntu/airflow-venv/lib/python3.12/site-packages/airflow/example_dags/example_complex.py
[2026-02-26T05:26:16.126+0000] {logging_mixin.py:190} INFO - [2026-02-26T05:26:16.126+0000] {dag.py:3239} INFO - Sync 1 DAGs
[2026-02-26T05:26:16.134+0000] {logging_mixin.py:190} INFO - [2026-02-26T05:26:16.133+0000] {dag.py:4180} INFO - Setting next_dagrun for example_complex to None, run_after=None
[2026-02-26T05:26:16.150+0000] {processor.py:208} INFO - Processing /home/ubuntu/airflow-venv/lib/python3.12/site-packages/airflow/example_dags/example_complex.py took 0.051 seconds
[2026-02-26T05:27:29.776+0000] {processor.py:186} INFO - Started process (PID=2814) to work on /home/ubuntu/airflow-venv/lib/python3.12/site-packages/airflow/example_dags/example_complex.py
[2026-02-26T05:27:29.777+0000] {processor.py:914} INFO - Processing file /home/ubuntu/airflow-venv/lib/python3.12/site-packages/airflow/example_dags/example_complex.py for tasks to queue
[2026-02-26T05:27:29.778+0000] {logging_mixin.py:190} INFO - [2026-02-26T05:27:29.778+0000] {dagbag.py:588} INFO - Filling up the DagBag from /home/ubuntu/airflow-venv/lib/python3.12/site-packages/airflow/example_dags/example_complex.py
[2026-02-26T05:27:29.785+0000] {processor.py:925} INFO - DAG(s) 'example_complex' retrieved from /home/ubuntu/airflow-venv/lib/python3.12/site-packages/airflow/example_dags/example_complex.py
[2026-02-26T05:27:29.799+0000] {logging_mixin.py:190} INFO - [2026-02-26T05:27:29.799+0000] {dag.py:3239} INFO - Sync 1 DAGs
[2026-02-26T05:27:29.806+0000] {logging_mixin.py:190} INFO - [2026-02-26T05:27:29.806+0000] {dag.py:4180} INFO - Setting next_dagrun for example_complex to None, run_after=None
[2026-02-26T05:27:29.822+0000] {processor.py:208} INFO - Processing /home/ubuntu/airflow-venv/lib/python3.12/site-packages/airflow/example_dags/example_complex.py took 0.049 seconds
[2026-02-26T05:28:44.768+0000] {processor.py:186} INFO - Started process (PID=2893) to work on /home/ubuntu/airflow-venv/lib/python3.12/site-packages/airflow/example_dags/example_complex.py
[2026-02-26T05:28:44.769+0000] {processor.py:914} INFO - Processing file /home/ubuntu/airflow-venv/lib/python3.12/site-packages/airflow/example_dags/example_complex.py for tasks to queue
[2026-02-26T05:28:44.770+0000] {logging_mixin.py:190} INFO - [2026-02-26T05:28:44.770+0000] {dagbag.py:588} INFO - Filling up the DagBag from /home/ubuntu/airflow-venv/lib/python3.12/site-packages/airflow/example_dags/example_complex.py
[2026-02-26T05:28:44.777+0000] {processor.py:925} INFO - DAG(s) 'example_complex' retrieved from /home/ubuntu/airflow-venv/lib/python3.12/site-packages/airflow/example_dags/example_complex.py
[2026-02-26T05:28:44.791+0000] {logging_mixin.py:190} INFO - [2026-02-26T05:28:44.791+0000] {dag.py:3239} INFO - Sync 1 DAGs
[2026-02-26T05:28:44.798+0000] {logging_mixin.py:190} INFO - [2026-02-26T05:28:44.798+0000] {dag.py:4180} INFO - Setting next_dagrun for example_complex to None, run_after=None
[2026-02-26T05:28:44.814+0000] {processor.py:208} INFO - Processing /home/ubuntu/airflow-venv/lib/python3.12/site-packages/airflow/example_dags/example_complex.py took 0.050 seconds
[2026-02-26T05:30:02.773+0000] {processor.py:186} INFO - Started process (PID=2972) to work on /home/ubuntu/airflow-venv/lib/python3.12/site-packages/airflow/example_dags/example_complex.py
[2026-02-26T05:30:02.774+0000] {processor.py:914} INFO - Processing file /home/ubuntu/airflow-venv/lib/python3.12/site-packages/airflow/example_dags/example_complex.py for tasks to queue
[2026-02-26T05:30:02.776+0000] {logging_mixin.py:190} INFO - [2026-02-26T05:30:02.775+0000] {dagbag.py:588} INFO - Filling up the DagBag from /home/ubuntu/airflow-venv/lib/python3.12/site-packages/airflow/example_dags/example_complex.py
[2026-02-26T05:30:02.783+0000] {processor.py:925} INFO - DAG(s) 'example_complex' retrieved from /home/ubuntu/airflow-venv/lib/python3.12/site-packages/airflow/example_dags/example_complex.py
[2026-02-26T05:30:02.797+0000] {logging_mixin.py:190} INFO - [2026-02-26T05:30:02.797+0000] {dag.py:3239} INFO - Sync 1 DAGs
[2026-02-26T05:30:02.805+0000] {logging_mixin.py:190} INFO - [2026-02-26T05:30:02.805+0000] {dag.py:4180} INFO - Setting next_dagrun for example_complex to None, run_after=None
[2026-02-26T05:30:02.821+0000] {processor.py:208} INFO - Processing /home/ubuntu/airflow-venv/lib/python3.12/site-packages/airflow/example_dags/example_complex.py took 0.051 seconds
[2026-02-26T05:31:18.637+0000] {processor.py:186} INFO - Started process (PID=3055) to work on /home/ubuntu/airflow-venv/lib/python3.12/site-packages/airflow/example_dags/example_complex.py
[2026-02-26T05:31:18.639+0000] {processor.py:914} INFO - Processing file /home/ubuntu/airflow-venv/lib/python3.12/site-packages/airflow/example_dags/example_complex.py for tasks to queue
[2026-02-26T05:31:18.640+0000] {logging_mixin.py:190} INFO - [2026-02-26T05:31:18.640+0000] {dagbag.py:588} INFO - Filling up the DagBag from /home/ubuntu/airflow-venv/lib/python3.12/site-packages/airflow/example_dags/example_complex.py
[2026-02-26T05:31:18.647+0000] {processor.py:925} INFO - DAG(s) 'example_complex' retrieved from /home/ubuntu/airflow-venv/lib/python3.12/site-packages/airflow/example_dags/example_complex.py
[2026-02-26T05:31:18.661+0000] {logging_mixin.py:190} INFO - [2026-02-26T05:31:18.661+0000] {dag.py:3239} INFO - Sync 1 DAGs
[2026-02-26T05:31:18.669+0000] {logging_mixin.py:190} INFO - [2026-02-26T05:31:18.668+0000] {dag.py:4180} INFO - Setting next_dagrun for example_complex to None, run_after=None
[2026-02-26T05:31:18.684+0000] {processor.py:208} INFO - Processing /home/ubuntu/airflow-venv/lib/python3.12/site-packages/airflow/example_dags/example_complex.py took 0.050 seconds
[2026-02-26T05:32:12.220+0000] {processor.py:186} INFO - Started process (PID=3109) to work on /home/ubuntu/airflow-venv/lib/python3.12/site-packages/airflow/example_dags/example_complex.py
[2026-02-26T05:32:12.221+0000] {processor.py:914} INFO - Processing file /home/ubuntu/airflow-venv/lib/python3.12/site-packages/airflow/example_dags/example_complex.py for tasks to queue
[2026-02-26T05:32:12.223+0000] {logging_mixin.py:190} INFO - [2026-02-26T05:32:12.222+0000] {dagbag.py:588} INFO - Filling up the DagBag from /home/ubuntu/airflow-venv/lib/python3.12/site-packages/airflow/example_dags/example_complex.py
[2026-02-26T05:32:12.230+0000] {processor.py:925} INFO - DAG(s) 'example_complex' retrieved from /home/ubuntu/airflow-venv/lib/python3.12/site-packages/airflow/example_dags/example_complex.py
[2026-02-26T05:32:12.244+0000] {logging_mixin.py:190} INFO - [2026-02-26T05:32:12.244+0000] {dag.py:3239} INFO - Sync 1 DAGs
[2026-02-26T05:32:12.252+0000] {logging_mixin.py:190} INFO - [2026-02-26T05:32:12.252+0000] {dag.py:4180} INFO - Setting next_dagrun for example_complex to None, run_after=None
[2026-02-26T05:32:12.267+0000] {processor.py:208} INFO - Processing /home/ubuntu/airflow-venv/lib/python3.12/site-packages/airflow/example_dags/example_complex.py took 0.051 seconds
[2026-02-26T05:33:26.360+0000] {processor.py:186} INFO - Started process (PID=3186) to work on /home/ubuntu/airflow-venv/lib/python3.12/site-packages/airflow/example_dags/example_complex.py
[2026-02-26T05:33:26.361+0000] {processor.py:914} INFO - Processing file /home/ubuntu/airflow-venv/lib/python3.12/site-packages/airflow/example_dags/example_complex.py for tasks to queue
[2026-02-26T05:33:26.362+0000] {logging_mixin.py:190} INFO - [2026-02-26T05:33:26.362+0000] {dagbag.py:588} INFO - Filling up the DagBag from /home/ubuntu/airflow-venv/lib/python3.12/site-packages/airflow/example_dags/example_complex.py
[2026-02-26T05:33:26.369+0000] {processor.py:925} INFO - DAG(s) 'example_complex' retrieved from /home/ubuntu/airflow-venv/lib/python3.12/site-packages/airflow/example_dags/example_complex.py
[2026-02-26T05:33:26.384+0000] {logging_mixin.py:190} INFO - [2026-02-26T05:33:26.383+0000] {dag.py:3239} INFO - Sync 1 DAGs
[2026-02-26T05:33:26.391+0000] {logging_mixin.py:190} INFO - [2026-02-26T05:33:26.391+0000] {dag.py:4180} INFO - Setting next_dagrun for example_complex to None, run_after=None
[2026-02-26T05:33:26.407+0000] {processor.py:208} INFO - Processing /home/ubuntu/airflow-venv/lib/python3.12/site-packages/airflow/example_dags/example_complex.py took 0.051 seconds
[2026-02-26T05:34:38.475+0000] {processor.py:186} INFO - Started process (PID=3269) to work on /home/ubuntu/airflow-venv/lib/python3.12/site-packages/airflow/example_dags/example_complex.py
[2026-02-26T05:34:38.476+0000] {processor.py:914} INFO - Processing file /home/ubuntu/airflow-venv/lib/python3.12/site-packages/airflow/example_dags/example_complex.py for tasks to queue
[2026-02-26T05:34:38.477+0000] {logging_mixin.py:190} INFO - [2026-02-26T05:34:38.477+0000] {dagbag.py:588} INFO - Filling up the DagBag from /home/ubuntu/airflow-venv/lib/python3.12/site-packages/airflow/example_dags/example_complex.py
[2026-02-26T05:34:38.484+0000] {processor.py:925} INFO - DAG(s) 'example_complex' retrieved from /home/ubuntu/airflow-venv/lib/python3.12/site-packages/airflow/example_dags/example_complex.py
[2026-02-26T05:34:38.499+0000] {logging_mixin.py:190} INFO - [2026-02-26T05:34:38.499+0000] {dag.py:3239} INFO - Sync 1 DAGs
[2026-02-26T05:34:38.506+0000] {logging_mixin.py:190} INFO - [2026-02-26T05:34:38.506+0000] {dag.py:4180} INFO - Setting next_dagrun for example_complex to None, run_after=None
[2026-02-26T05:34:38.522+0000] {processor.py:208} INFO - Processing /home/ubuntu/airflow-venv/lib/python3.12/site-packages/airflow/example_dags/example_complex.py took 0.051 seconds
[2026-02-26T05:35:55.284+0000] {processor.py:186} INFO - Started process (PID=3354) to work on /home/ubuntu/airflow-venv/lib/python3.12/site-packages/airflow/example_dags/example_complex.py
[2026-02-26T05:35:55.285+0000] {processor.py:914} INFO - Processing file /home/ubuntu/airflow-venv/lib/python3.12/site-packages/airflow/example_dags/example_complex.py for tasks to queue
[2026-02-26T05:35:55.287+0000] {logging_mixin.py:190} INFO - [2026-02-26T05:35:55.287+0000] {dagbag.py:588} INFO - Filling up the DagBag from /home/ubuntu/airflow-venv/lib/python3.12/site-packages/airflow/example_dags/example_complex.py
[2026-02-26T05:35:55.293+0000] {processor.py:925} INFO - DAG(s) 'example_complex' retrieved from /home/ubuntu/airflow-venv/lib/python3.12/site-packages/airflow/example_dags/example_complex.py
[2026-02-26T05:35:55.308+0000] {logging_mixin.py:190} INFO - [2026-02-26T05:35:55.308+0000] {dag.py:3239} INFO - Sync 1 DAGs
[2026-02-26T05:35:55.315+0000] {logging_mixin.py:190} INFO - [2026-02-26T05:35:55.315+0000] {dag.py:4180} INFO - Setting next_dagrun for example_complex to None, run_after=None
[2026-02-26T05:35:55.330+0000] {processor.py:208} INFO - Processing /home/ubuntu/airflow-venv/lib/python3.12/site-packages/airflow/example_dags/example_complex.py took 0.049 seconds
[2026-02-26T05:36:49.482+0000] {processor.py:186} INFO - Started process (PID=3413) to work on /home/ubuntu/airflow-venv/lib/python3.12/site-packages/airflow/example_dags/example_complex.py
[2026-02-26T05:36:49.483+0000] {processor.py:914} INFO - Processing file /home/ubuntu/airflow-venv/lib/python3.12/site-packages/airflow/example_dags/example_complex.py for tasks to queue
[2026-02-26T05:36:49.485+0000] {logging_mixin.py:190} INFO - [2026-02-26T05:36:49.484+0000] {dagbag.py:588} INFO - Filling up the DagBag from /home/ubuntu/airflow-venv/lib/python3.12/site-packages/airflow/example_dags/example_complex.py
[2026-02-26T05:36:49.492+0000] {processor.py:925} INFO - DAG(s) 'example_complex' retrieved from /home/ubuntu/airflow-venv/lib/python3.12/site-packages/airflow/example_dags/example_complex.py
[2026-02-26T05:36:49.506+0000] {logging_mixin.py:190} INFO - [2026-02-26T05:36:49.506+0000] {dag.py:3239} INFO - Sync 1 DAGs
[2026-02-26T05:36:49.513+0000] {logging_mixin.py:190} INFO - [2026-02-26T05:36:49.513+0000] {dag.py:4180} INFO - Setting next_dagrun for example_complex to None, run_after=None
[2026-02-26T05:36:49.529+0000] {processor.py:208} INFO - Processing /home/ubuntu/airflow-venv/lib/python3.12/site-packages/airflow/example_dags/example_complex.py took 0.051 seconds
[2026-02-26T05:38:01.954+0000] {processor.py:186} INFO - Started process (PID=3489) to work on /home/ubuntu/airflow-venv/lib/python3.12/site-packages/airflow/example_dags/example_complex.py
[2026-02-26T05:38:01.956+0000] {processor.py:914} INFO - Processing file /home/ubuntu/airflow-venv/lib/python3.12/site-packages/airflow/example_dags/example_complex.py for tasks to queue
[2026-02-26T05:38:01.957+0000] {logging_mixin.py:190} INFO - [2026-02-26T05:38:01.957+0000] {dagbag.py:588} INFO - Filling up the DagBag from /home/ubuntu/airflow-venv/lib/python3.12/site-packages/airflow/example_dags/example_complex.py
[2026-02-26T05:38:01.964+0000] {processor.py:925} INFO - DAG(s) 'example_complex' retrieved from /home/ubuntu/airflow-venv/lib/python3.12/site-packages/airflow/example_dags/example_complex.py
[2026-02-26T05:38:01.978+0000] {logging_mixin.py:190} INFO - [2026-02-26T05:38:01.978+0000] {dag.py:3239} INFO - Sync 1 DAGs
[2026-02-26T05:38:01.986+0000] {logging_mixin.py:190} INFO - [2026-02-26T05:38:01.986+0000] {dag.py:4180} INFO - Setting next_dagrun for example_complex to None, run_after=None
[2026-02-26T05:38:02.002+0000] {processor.py:208} INFO - Processing /home/ubuntu/airflow-venv/lib/python3.12/site-packages/airflow/example_dags/example_complex.py took 0.051 seconds
[2026-02-26T05:39:19.533+0000] {processor.py:186} INFO - Started process (PID=3569) to work on /home/ubuntu/airflow-venv/lib/python3.12/site-packages/airflow/example_dags/example_complex.py
[2026-02-26T05:39:19.534+0000] {processor.py:914} INFO - Processing file /home/ubuntu/airflow-venv/lib/python3.12/site-packages/airflow/example_dags/example_complex.py for tasks to queue
[2026-02-26T05:39:19.535+0000] {logging_mixin.py:190} INFO - [2026-02-26T05:39:19.535+0000] {dagbag.py:588} INFO - Filling up the DagBag from /home/ubuntu/airflow-venv/lib/python3.12/site-packages/airflow/example_dags/example_complex.py
[2026-02-26T05:39:19.542+0000] {processor.py:925} INFO - DAG(s) 'example_complex' retrieved from /home/ubuntu/airflow-venv/lib/python3.12/site-packages/airflow/example_dags/example_complex.py
[2026-02-26T05:39:19.557+0000] {logging_mixin.py:190} INFO - [2026-02-26T05:39:19.557+0000] {dag.py:3239} INFO - Sync 1 DAGs
[2026-02-26T05:39:19.565+0000] {logging_mixin.py:190} INFO - [2026-02-26T05:39:19.565+0000] {dag.py:4180} INFO - Setting next_dagrun for example_complex to None, run_after=None
[2026-02-26T05:39:19.581+0000] {processor.py:208} INFO - Processing /home/ubuntu/airflow-venv/lib/python3.12/site-packages/airflow/example_dags/example_complex.py took 0.052 seconds
[2026-02-26T05:40:30.524+0000] {processor.py:186} INFO - Started process (PID=3652) to work on /home/ubuntu/airflow-venv/lib/python3.12/site-packages/airflow/example_dags/example_complex.py
[2026-02-26T05:40:30.525+0000] {processor.py:914} INFO - Processing file /home/ubuntu/airflow-venv/lib/python3.12/site-packages/airflow/example_dags/example_complex.py for tasks to queue
[2026-02-26T05:40:30.526+0000] {logging_mixin.py:190} INFO - [2026-02-26T05:40:30.526+0000] {dagbag.py:588} INFO - Filling up the DagBag from /home/ubuntu/airflow-venv/lib/python3.12/site-packages/airflow/example_dags/example_complex.py
[2026-02-26T05:40:30.533+0000] {processor.py:925} INFO - DAG(s) 'example_complex' retrieved from /home/ubuntu/airflow-venv/lib/python3.12/site-packages/airflow/example_dags/example_complex.py
[2026-02-26T05:40:30.547+0000] {logging_mixin.py:190} INFO - [2026-02-26T05:40:30.547+0000] {dag.py:3239} INFO - Sync 1 DAGs
[2026-02-26T05:40:30.555+0000] {logging_mixin.py:190} INFO - [2026-02-26T05:40:30.555+0000] {dag.py:4180} INFO - Setting next_dagrun for example_complex to None, run_after=None
[2026-02-26T05:40:30.571+0000] {processor.py:208} INFO - Processing /home/ubuntu/airflow-venv/lib/python3.12/site-packages/airflow/example_dags/example_complex.py took 0.051 seconds
[2026-02-26T05:41:44.641+0000] {processor.py:186} INFO - Started process (PID=3730) to work on /home/ubuntu/airflow-venv/lib/python3.12/site-packages/airflow/example_dags/example_complex.py
[2026-02-26T05:41:44.642+0000] {processor.py:914} INFO - Processing file /home/ubuntu/airflow-venv/lib/python3.12/site-packages/airflow/example_dags/example_complex.py for tasks to queue
[2026-02-26T05:41:44.643+0000] {logging_mixin.py:190} INFO - [2026-02-26T05:41:44.643+0000] {dagbag.py:588} INFO - Filling up the DagBag from /home/ubuntu/airflow-venv/lib/python3.12/site-packages/airflow/example_dags/example_complex.py
[2026-02-26T05:41:44.650+0000] {processor.py:925} INFO - DAG(s) 'example_complex' retrieved from /home/ubuntu/airflow-venv/lib/python3.12/site-packages/airflow/example_dags/example_complex.py
[2026-02-26T05:41:44.665+0000] {logging_mixin.py:190} INFO - [2026-02-26T05:41:44.664+0000] {dag.py:3239} INFO - Sync 1 DAGs
[2026-02-26T05:41:44.672+0000] {logging_mixin.py:190} INFO - [2026-02-26T05:41:44.672+0000] {dag.py:4180} INFO - Setting next_dagrun for example_complex to None, run_after=None
[2026-02-26T05:41:44.688+0000] {processor.py:208} INFO - Processing /home/ubuntu/airflow-venv/lib/python3.12/site-packages/airflow/example_dags/example_complex.py took 0.050 seconds
[2026-02-26T05:42:58.093+0000] {processor.py:186} INFO - Started process (PID=3807) to work on /home/ubuntu/airflow-venv/lib/python3.12/site-packages/airflow/example_dags/example_complex.py
[2026-02-26T05:42:58.094+0000] {processor.py:914} INFO - Processing file /home/ubuntu/airflow-venv/lib/python3.12/site-packages/airflow/example_dags/example_complex.py for tasks to queue
[2026-02-26T05:42:58.095+0000] {logging_mixin.py:190} INFO - [2026-02-26T05:42:58.095+0000] {dagbag.py:588} INFO - Filling up the DagBag from /home/ubuntu/airflow-venv/lib/python3.12/site-packages/airflow/example_dags/example_complex.py
[2026-02-26T05:42:58.102+0000] {processor.py:925} INFO - DAG(s) 'example_complex' retrieved from /home/ubuntu/airflow-venv/lib/python3.12/site-packages/airflow/example_dags/example_complex.py
[2026-02-26T05:42:58.117+0000] {logging_mixin.py:190} INFO - [2026-02-26T05:42:58.117+0000] {dag.py:3239} INFO - Sync 1 DAGs
[2026-02-26T05:42:58.125+0000] {logging_mixin.py:190} INFO - [2026-02-26T05:42:58.125+0000] {dag.py:4180} INFO - Setting next_dagrun for example_complex to None, run_after=None
[2026-02-26T05:42:58.142+0000] {processor.py:208} INFO - Processing /home/ubuntu/airflow-venv/lib/python3.12/site-packages/airflow/example_dags/example_complex.py took 0.053 seconds
[2026-02-26T05:44:13.945+0000] {processor.py:186} INFO - Started process (PID=3885) to work on /home/ubuntu/airflow-venv/lib/python3.12/site-packages/airflow/example_dags/example_complex.py
[2026-02-26T05:44:13.946+0000] {processor.py:914} INFO - Processing file /home/ubuntu/airflow-venv/lib/python3.12/site-packages/airflow/example_dags/example_complex.py for tasks to queue
[2026-02-26T05:44:13.948+0000] {logging_mixin.py:190} INFO - [2026-02-26T05:44:13.947+0000] {dagbag.py:588} INFO - Filling up the DagBag from /home/ubuntu/airflow-venv/lib/python3.12/site-packages/airflow/example_dags/example_complex.py
[2026-02-26T05:44:13.955+0000] {processor.py:925} INFO - DAG(s) 'example_complex' retrieved from /home/ubuntu/airflow-venv/lib/python3.12/site-packages/airflow/example_dags/example_complex.py
[2026-02-26T05:44:13.969+0000] {logging_mixin.py:190} INFO - [2026-02-26T05:44:13.969+0000] {dag.py:3239} INFO - Sync 1 DAGs
[2026-02-26T05:44:13.976+0000] {logging_mixin.py:190} INFO - [2026-02-26T05:44:13.976+0000] {dag.py:4180} INFO - Setting next_dagrun for example_complex to None, run_after=None
[2026-02-26T05:44:13.992+0000] {processor.py:208} INFO - Processing /home/ubuntu/airflow-venv/lib/python3.12/site-packages/airflow/example_dags/example_complex.py took 0.050 seconds
[2026-02-26T06:14:24.029+0000] {processor.py:186} INFO - Started process (PID=2738) to work on /home/ubuntu/airflow-venv/lib/python3.12/site-packages/airflow/example_dags/example_complex.py
[2026-02-26T06:14:24.031+0000] {processor.py:914} INFO - Processing file /home/ubuntu/airflow-venv/lib/python3.12/site-packages/airflow/example_dags/example_complex.py for tasks to queue
[2026-02-26T06:14:24.032+0000] {logging_mixin.py:190} INFO - [2026-02-26T06:14:24.032+0000] {dagbag.py:588} INFO - Filling up the DagBag from /home/ubuntu/airflow-venv/lib/python3.12/site-packages/airflow/example_dags/example_complex.py
[2026-02-26T06:14:24.040+0000] {processor.py:925} INFO - DAG(s) 'example_complex' retrieved from /home/ubuntu/airflow-venv/lib/python3.12/site-packages/airflow/example_dags/example_complex.py
[2026-02-26T06:14:24.056+0000] {logging_mixin.py:190} INFO - [2026-02-26T06:14:24.055+0000] {dag.py:3239} INFO - Sync 1 DAGs
[2026-02-26T06:14:24.063+0000] {logging_mixin.py:190} INFO - [2026-02-26T06:14:24.063+0000] {dag.py:4180} INFO - Setting next_dagrun for example_complex to None, run_after=None
[2026-02-26T06:14:24.080+0000] {processor.py:208} INFO - Processing /home/ubuntu/airflow-venv/lib/python3.12/site-packages/airflow/example_dags/example_complex.py took 0.055 seconds
[2026-02-26T06:15:17.325+0000] {processor.py:186} INFO - Started process (PID=2799) to work on /home/ubuntu/airflow-venv/lib/python3.12/site-packages/airflow/example_dags/example_complex.py
[2026-02-26T06:15:17.326+0000] {processor.py:914} INFO - Processing file /home/ubuntu/airflow-venv/lib/python3.12/site-packages/airflow/example_dags/example_complex.py for tasks to queue
[2026-02-26T06:15:17.328+0000] {logging_mixin.py:190} INFO - [2026-02-26T06:15:17.327+0000] {dagbag.py:588} INFO - Filling up the DagBag from /home/ubuntu/airflow-venv/lib/python3.12/site-packages/airflow/example_dags/example_complex.py
[2026-02-26T06:15:17.335+0000] {processor.py:925} INFO - DAG(s) 'example_complex' retrieved from /home/ubuntu/airflow-venv/lib/python3.12/site-packages/airflow/example_dags/example_complex.py
[2026-02-26T06:15:17.351+0000] {logging_mixin.py:190} INFO - [2026-02-26T06:15:17.350+0000] {dag.py:3239} INFO - Sync 1 DAGs
[2026-02-26T06:15:17.358+0000] {logging_mixin.py:190} INFO - [2026-02-26T06:15:17.358+0000] {dag.py:4180} INFO - Setting next_dagrun for example_complex to None, run_after=None
[2026-02-26T06:15:17.374+0000] {processor.py:208} INFO - Processing /home/ubuntu/airflow-venv/lib/python3.12/site-packages/airflow/example_dags/example_complex.py took 0.053 seconds
[2026-02-26T06:16:15.766+0000] {processor.py:186} INFO - Started process (PID=2863) to work on /home/ubuntu/airflow-venv/lib/python3.12/site-packages/airflow/example_dags/example_complex.py
[2026-02-26T06:16:15.767+0000] {processor.py:914} INFO - Processing file /home/ubuntu/airflow-venv/lib/python3.12/site-packages/airflow/example_dags/example_complex.py for tasks to queue
[2026-02-26T06:16:15.768+0000] {logging_mixin.py:190} INFO - [2026-02-26T06:16:15.768+0000] {dagbag.py:588} INFO - Filling up the DagBag from /home/ubuntu/airflow-venv/lib/python3.12/site-packages/airflow/example_dags/example_complex.py
[2026-02-26T06:16:15.776+0000] {processor.py:925} INFO - DAG(s) 'example_complex' retrieved from /home/ubuntu/airflow-venv/lib/python3.12/site-packages/airflow/example_dags/example_complex.py
[2026-02-26T06:16:15.792+0000] {logging_mixin.py:190} INFO - [2026-02-26T06:16:15.792+0000] {dag.py:3239} INFO - Sync 1 DAGs
[2026-02-26T06:16:15.800+0000] {logging_mixin.py:190} INFO - [2026-02-26T06:16:15.800+0000] {dag.py:4180} INFO - Setting next_dagrun for example_complex to None, run_after=None
[2026-02-26T06:16:15.816+0000] {processor.py:208} INFO - Processing /home/ubuntu/airflow-venv/lib/python3.12/site-packages/airflow/example_dags/example_complex.py took 0.054 seconds
[2026-02-26T06:17:10.947+0000] {processor.py:186} INFO - Started process (PID=2923) to work on /home/ubuntu/airflow-venv/lib/python3.12/site-packages/airflow/example_dags/example_complex.py
[2026-02-26T06:17:10.948+0000] {processor.py:914} INFO - Processing file /home/ubuntu/airflow-venv/lib/python3.12/site-packages/airflow/example_dags/example_complex.py for tasks to queue
[2026-02-26T06:17:10.949+0000] {logging_mixin.py:190} INFO - [2026-02-26T06:17:10.949+0000] {dagbag.py:588} INFO - Filling up the DagBag from /home/ubuntu/airflow-venv/lib/python3.12/site-packages/airflow/example_dags/example_complex.py
[2026-02-26T06:17:10.956+0000] {processor.py:925} INFO - DAG(s) 'example_complex' retrieved from /home/ubuntu/airflow-venv/lib/python3.12/site-packages/airflow/example_dags/example_complex.py
[2026-02-26T06:17:10.972+0000] {logging_mixin.py:190} INFO - [2026-02-26T06:17:10.972+0000] {dag.py:3239} INFO - Sync 1 DAGs
[2026-02-26T06:17:10.979+0000] {logging_mixin.py:190} INFO - [2026-02-26T06:17:10.979+0000] {dag.py:4180} INFO - Setting next_dagrun for example_complex to None, run_after=None
[2026-02-26T06:17:10.995+0000] {processor.py:208} INFO - Processing /home/ubuntu/airflow-venv/lib/python3.12/site-packages/airflow/example_dags/example_complex.py took 0.052 seconds
[2026-02-26T06:18:26.020+0000] {processor.py:186} INFO - Started process (PID=3002) to work on /home/ubuntu/airflow-venv/lib/python3.12/site-packages/airflow/example_dags/example_complex.py
[2026-02-26T06:18:26.021+0000] {processor.py:914} INFO - Processing file /home/ubuntu/airflow-venv/lib/python3.12/site-packages/airflow/example_dags/example_complex.py for tasks to queue
[2026-02-26T06:18:26.022+0000] {logging_mixin.py:190} INFO - [2026-02-26T06:18:26.022+0000] {dagbag.py:588} INFO - Filling up the DagBag from /home/ubuntu/airflow-venv/lib/python3.12/site-packages/airflow/example_dags/example_complex.py
[2026-02-26T06:18:26.030+0000] {processor.py:925} INFO - DAG(s) 'example_complex' retrieved from /home/ubuntu/airflow-venv/lib/python3.12/site-packages/airflow/example_dags/example_complex.py
[2026-02-26T06:18:26.045+0000] {logging_mixin.py:190} INFO - [2026-02-26T06:18:26.045+0000] {dag.py:3239} INFO - Sync 1 DAGs
[2026-02-26T06:18:26.052+0000] {logging_mixin.py:190} INFO - [2026-02-26T06:18:26.052+0000] {dag.py:4180} INFO - Setting next_dagrun for example_complex to None, run_after=None
[2026-02-26T06:18:26.070+0000] {processor.py:208} INFO - Processing /home/ubuntu/airflow-venv/lib/python3.12/site-packages/airflow/example_dags/example_complex.py took 0.054 seconds
[2026-02-26T06:19:23.901+0000] {processor.py:186} INFO - Started process (PID=3058) to work on /home/ubuntu/airflow-venv/lib/python3.12/site-packages/airflow/example_dags/example_complex.py
[2026-02-26T06:19:23.902+0000] {processor.py:914} INFO - Processing file /home/ubuntu/airflow-venv/lib/python3.12/site-packages/airflow/example_dags/example_complex.py for tasks to queue
[2026-02-26T06:19:23.904+0000] {logging_mixin.py:190} INFO - [2026-02-26T06:19:23.903+0000] {dagbag.py:588} INFO - Filling up the DagBag from /home/ubuntu/airflow-venv/lib/python3.12/site-packages/airflow/example_dags/example_complex.py
[2026-02-26T06:19:23.988+0000] {processor.py:925} INFO - DAG(s) 'example_complex' retrieved from /home/ubuntu/airflow-venv/lib/python3.12/site-packages/airflow/example_dags/example_complex.py
[2026-02-26T06:19:24.001+0000] {logging_mixin.py:190} INFO - [2026-02-26T06:19:24.000+0000] {dag.py:3239} INFO - Sync 1 DAGs
[2026-02-26T06:19:24.007+0000] {logging_mixin.py:190} INFO - [2026-02-26T06:19:24.007+0000] {dag.py:4180} INFO - Setting next_dagrun for example_complex to None, run_after=None
[2026-02-26T06:19:24.022+0000] {processor.py:208} INFO - Processing /home/ubuntu/airflow-venv/lib/python3.12/site-packages/airflow/example_dags/example_complex.py took 0.125 seconds
[2026-02-26T06:20:20.197+0000] {processor.py:186} INFO - Started process (PID=3115) to work on /home/ubuntu/airflow-venv/lib/python3.12/site-packages/airflow/example_dags/example_complex.py
[2026-02-26T06:20:20.198+0000] {processor.py:914} INFO - Processing file /home/ubuntu/airflow-venv/lib/python3.12/site-packages/airflow/example_dags/example_complex.py for tasks to queue
[2026-02-26T06:20:20.199+0000] {logging_mixin.py:190} INFO - [2026-02-26T06:20:20.199+0000] {dagbag.py:588} INFO - Filling up the DagBag from /home/ubuntu/airflow-venv/lib/python3.12/site-packages/airflow/example_dags/example_complex.py
[2026-02-26T06:20:20.207+0000] {processor.py:925} INFO - DAG(s) 'example_complex' retrieved from /home/ubuntu/airflow-venv/lib/python3.12/site-packages/airflow/example_dags/example_complex.py
[2026-02-26T06:20:20.223+0000] {logging_mixin.py:190} INFO - [2026-02-26T06:20:20.223+0000] {dag.py:3239} INFO - Sync 1 DAGs
[2026-02-26T06:20:20.231+0000] {logging_mixin.py:190} INFO - [2026-02-26T06:20:20.231+0000] {dag.py:4180} INFO - Setting next_dagrun for example_complex to None, run_after=None
[2026-02-26T06:20:20.247+0000] {processor.py:208} INFO - Processing /home/ubuntu/airflow-venv/lib/python3.12/site-packages/airflow/example_dags/example_complex.py took 0.054 seconds
[2026-02-26T06:21:30.465+0000] {processor.py:186} INFO - Started process (PID=3195) to work on /home/ubuntu/airflow-venv/lib/python3.12/site-packages/airflow/example_dags/example_complex.py
[2026-02-26T06:21:30.466+0000] {processor.py:914} INFO - Processing file /home/ubuntu/airflow-venv/lib/python3.12/site-packages/airflow/example_dags/example_complex.py for tasks to queue
[2026-02-26T06:21:30.467+0000] {logging_mixin.py:190} INFO - [2026-02-26T06:21:30.467+0000] {dagbag.py:588} INFO - Filling up the DagBag from /home/ubuntu/airflow-venv/lib/python3.12/site-packages/airflow/example_dags/example_complex.py
[2026-02-26T06:21:30.475+0000] {processor.py:925} INFO - DAG(s) 'example_complex' retrieved from /home/ubuntu/airflow-venv/lib/python3.12/site-packages/airflow/example_dags/example_complex.py
[2026-02-26T06:21:30.491+0000] {logging_mixin.py:190} INFO - [2026-02-26T06:21:30.491+0000] {dag.py:3239} INFO - Sync 1 DAGs
[2026-02-26T06:21:30.499+0000] {logging_mixin.py:190} INFO - [2026-02-26T06:21:30.499+0000] {dag.py:4180} INFO - Setting next_dagrun for example_complex to None, run_after=None
[2026-02-26T06:21:30.515+0000] {processor.py:208} INFO - Processing /home/ubuntu/airflow-venv/lib/python3.12/site-packages/airflow/example_dags/example_complex.py took 0.054 seconds
[2026-02-26T06:22:45.137+0000] {processor.py:186} INFO - Started process (PID=3273) to work on /home/ubuntu/airflow-venv/lib/python3.12/site-packages/airflow/example_dags/example_complex.py
[2026-02-26T06:22:45.138+0000] {processor.py:914} INFO - Processing file /home/ubuntu/airflow-venv/lib/python3.12/site-packages/airflow/example_dags/example_complex.py for tasks to queue
[2026-02-26T06:22:45.139+0000] {logging_mixin.py:190} INFO - [2026-02-26T06:22:45.139+0000] {dagbag.py:588} INFO - Filling up the DagBag from /home/ubuntu/airflow-venv/lib/python3.12/site-packages/airflow/example_dags/example_complex.py
[2026-02-26T06:22:45.146+0000] {processor.py:925} INFO - DAG(s) 'example_complex' retrieved from /home/ubuntu/airflow-venv/lib/python3.12/site-packages/airflow/example_dags/example_complex.py
[2026-02-26T06:22:45.163+0000] {logging_mixin.py:190} INFO - [2026-02-26T06:22:45.162+0000] {dag.py:3239} INFO - Sync 1 DAGs
[2026-02-26T06:22:45.171+0000] {logging_mixin.py:190} INFO - [2026-02-26T06:22:45.171+0000] {dag.py:4180} INFO - Setting next_dagrun for example_complex to None, run_after=None
[2026-02-26T06:22:45.189+0000] {processor.py:208} INFO - Processing /home/ubuntu/airflow-venv/lib/python3.12/site-packages/airflow/example_dags/example_complex.py took 0.056 seconds
[2026-02-26T06:24:03.083+0000] {processor.py:186} INFO - Started process (PID=3352) to work on /home/ubuntu/airflow-venv/lib/python3.12/site-packages/airflow/example_dags/example_complex.py
[2026-02-26T06:24:03.084+0000] {processor.py:914} INFO - Processing file /home/ubuntu/airflow-venv/lib/python3.12/site-packages/airflow/example_dags/example_complex.py for tasks to queue
[2026-02-26T06:24:03.086+0000] {logging_mixin.py:190} INFO - [2026-02-26T06:24:03.086+0000] {dagbag.py:588} INFO - Filling up the DagBag from /home/ubuntu/airflow-venv/lib/python3.12/site-packages/airflow/example_dags/example_complex.py
[2026-02-26T06:24:03.093+0000] {processor.py:925} INFO - DAG(s) 'example_complex' retrieved from /home/ubuntu/airflow-venv/lib/python3.12/site-packages/airflow/example_dags/example_complex.py
[2026-02-26T06:24:03.109+0000] {logging_mixin.py:190} INFO - [2026-02-26T06:24:03.109+0000] {dag.py:3239} INFO - Sync 1 DAGs
[2026-02-26T06:24:03.117+0000] {logging_mixin.py:190} INFO - [2026-02-26T06:24:03.117+0000] {dag.py:4180} INFO - Setting next_dagrun for example_complex to None, run_after=None
[2026-02-26T06:24:03.135+0000] {processor.py:208} INFO - Processing /home/ubuntu/airflow-venv/lib/python3.12/site-packages/airflow/example_dags/example_complex.py took 0.056 seconds
