[2026-02-26T05:23:04.597+0000] {processor.py:186} INFO - Started process (PID=2151) to work on /home/ubuntu/airflow-venv/lib/python3.12/site-packages/airflow/example_dags/example_latest_only.py
[2026-02-26T05:23:04.598+0000] {processor.py:914} INFO - Processing file /home/ubuntu/airflow-venv/lib/python3.12/site-packages/airflow/example_dags/example_latest_only.py for tasks to queue
[2026-02-26T05:23:04.599+0000] {logging_mixin.py:190} INFO - [2026-02-26T05:23:04.599+0000] {dagbag.py:588} INFO - Filling up the DagBag from /home/ubuntu/airflow-venv/lib/python3.12/site-packages/airflow/example_dags/example_latest_only.py
[2026-02-26T05:23:04.603+0000] {processor.py:925} INFO - DAG(s) 'latest_only' retrieved from /home/ubuntu/airflow-venv/lib/python3.12/site-packages/airflow/example_dags/example_latest_only.py
[2026-02-26T05:23:04.614+0000] {logging_mixin.py:190} INFO - [2026-02-26T05:23:04.614+0000] {dag.py:3239} INFO - Sync 1 DAGs
[2026-02-26T05:23:04.626+0000] {logging_mixin.py:190} INFO - [2026-02-26T05:23:04.625+0000] {dag.py:4180} INFO - Setting next_dagrun for latest_only to 2026-02-26 00:00:00+00:00, run_after=2026-02-26 04:00:00+00:00
[2026-02-26T05:23:04.642+0000] {processor.py:208} INFO - Processing /home/ubuntu/airflow-venv/lib/python3.12/site-packages/airflow/example_dags/example_latest_only.py took 0.048 seconds
[2026-02-26T05:23:58.868+0000] {processor.py:186} INFO - Started process (PID=2208) to work on /home/ubuntu/airflow-venv/lib/python3.12/site-packages/airflow/example_dags/example_latest_only.py
[2026-02-26T05:23:58.869+0000] {processor.py:914} INFO - Processing file /home/ubuntu/airflow-venv/lib/python3.12/site-packages/airflow/example_dags/example_latest_only.py for tasks to queue
[2026-02-26T05:23:58.870+0000] {logging_mixin.py:190} INFO - [2026-02-26T05:23:58.870+0000] {dagbag.py:588} INFO - Filling up the DagBag from /home/ubuntu/airflow-venv/lib/python3.12/site-packages/airflow/example_dags/example_latest_only.py
[2026-02-26T05:23:58.875+0000] {processor.py:925} INFO - DAG(s) 'latest_only' retrieved from /home/ubuntu/airflow-venv/lib/python3.12/site-packages/airflow/example_dags/example_latest_only.py
[2026-02-26T05:23:58.884+0000] {logging_mixin.py:190} INFO - [2026-02-26T05:23:58.884+0000] {dag.py:3239} INFO - Sync 1 DAGs
[2026-02-26T05:23:58.896+0000] {logging_mixin.py:190} INFO - [2026-02-26T05:23:58.896+0000] {dag.py:4180} INFO - Setting next_dagrun for latest_only to 2026-02-26 00:00:00+00:00, run_after=2026-02-26 04:00:00+00:00
[2026-02-26T05:23:58.911+0000] {processor.py:208} INFO - Processing /home/ubuntu/airflow-venv/lib/python3.12/site-packages/airflow/example_dags/example_latest_only.py took 0.047 seconds
[2026-02-26T05:24:53.046+0000] {processor.py:186} INFO - Started process (PID=2265) to work on /home/ubuntu/airflow-venv/lib/python3.12/site-packages/airflow/example_dags/example_latest_only.py
[2026-02-26T05:24:53.048+0000] {processor.py:914} INFO - Processing file /home/ubuntu/airflow-venv/lib/python3.12/site-packages/airflow/example_dags/example_latest_only.py for tasks to queue
[2026-02-26T05:24:53.049+0000] {logging_mixin.py:190} INFO - [2026-02-26T05:24:53.049+0000] {dagbag.py:588} INFO - Filling up the DagBag from /home/ubuntu/airflow-venv/lib/python3.12/site-packages/airflow/example_dags/example_latest_only.py
[2026-02-26T05:24:53.054+0000] {processor.py:925} INFO - DAG(s) 'latest_only' retrieved from /home/ubuntu/airflow-venv/lib/python3.12/site-packages/airflow/example_dags/example_latest_only.py
[2026-02-26T05:24:53.063+0000] {logging_mixin.py:190} INFO - [2026-02-26T05:24:53.063+0000] {dag.py:3239} INFO - Sync 1 DAGs
[2026-02-26T05:24:53.075+0000] {logging_mixin.py:190} INFO - [2026-02-26T05:24:53.075+0000] {dag.py:4180} INFO - Setting next_dagrun for latest_only to 2026-02-26 00:00:00+00:00, run_after=2026-02-26 04:00:00+00:00
[2026-02-26T05:24:53.091+0000] {processor.py:208} INFO - Processing /home/ubuntu/airflow-venv/lib/python3.12/site-packages/airflow/example_dags/example_latest_only.py took 0.048 seconds
[2026-02-26T05:25:43.697+0000] {processor.py:186} INFO - Started process (PID=2330) to work on /home/ubuntu/airflow-venv/lib/python3.12/site-packages/airflow/example_dags/example_latest_only.py
[2026-02-26T05:25:43.698+0000] {processor.py:914} INFO - Processing file /home/ubuntu/airflow-venv/lib/python3.12/site-packages/airflow/example_dags/example_latest_only.py for tasks to queue
[2026-02-26T05:25:43.699+0000] {logging_mixin.py:190} INFO - [2026-02-26T05:25:43.699+0000] {dagbag.py:588} INFO - Filling up the DagBag from /home/ubuntu/airflow-venv/lib/python3.12/site-packages/airflow/example_dags/example_latest_only.py
[2026-02-26T05:25:43.704+0000] {processor.py:925} INFO - DAG(s) 'latest_only' retrieved from /home/ubuntu/airflow-venv/lib/python3.12/site-packages/airflow/example_dags/example_latest_only.py
[2026-02-26T05:25:43.714+0000] {logging_mixin.py:190} INFO - [2026-02-26T05:25:43.713+0000] {dag.py:3239} INFO - Sync 1 DAGs
[2026-02-26T05:25:43.725+0000] {logging_mixin.py:190} INFO - [2026-02-26T05:25:43.725+0000] {dag.py:4180} INFO - Setting next_dagrun for latest_only to 2026-02-26 00:00:00+00:00, run_after=2026-02-26 04:00:00+00:00
[2026-02-26T05:25:43.741+0000] {processor.py:208} INFO - Processing /home/ubuntu/airflow-venv/lib/python3.12/site-packages/airflow/example_dags/example_latest_only.py took 0.048 seconds
[2026-02-26T05:26:32.087+0000] {processor.py:186} INFO - Started process (PID=2390) to work on /home/ubuntu/airflow-venv/lib/python3.12/site-packages/airflow/example_dags/example_latest_only.py
[2026-02-26T05:26:32.088+0000] {processor.py:914} INFO - Processing file /home/ubuntu/airflow-venv/lib/python3.12/site-packages/airflow/example_dags/example_latest_only.py for tasks to queue
[2026-02-26T05:26:32.089+0000] {logging_mixin.py:190} INFO - [2026-02-26T05:26:32.089+0000] {dagbag.py:588} INFO - Filling up the DagBag from /home/ubuntu/airflow-venv/lib/python3.12/site-packages/airflow/example_dags/example_latest_only.py
[2026-02-26T05:26:32.093+0000] {processor.py:925} INFO - DAG(s) 'latest_only' retrieved from /home/ubuntu/airflow-venv/lib/python3.12/site-packages/airflow/example_dags/example_latest_only.py
[2026-02-26T05:26:32.102+0000] {logging_mixin.py:190} INFO - [2026-02-26T05:26:32.102+0000] {dag.py:3239} INFO - Sync 1 DAGs
[2026-02-26T05:26:32.114+0000] {logging_mixin.py:190} INFO - [2026-02-26T05:26:32.113+0000] {dag.py:4180} INFO - Setting next_dagrun for latest_only to 2026-02-26 00:00:00+00:00, run_after=2026-02-26 04:00:00+00:00
[2026-02-26T05:26:32.129+0000] {processor.py:208} INFO - Processing /home/ubuntu/airflow-venv/lib/python3.12/site-packages/airflow/example_dags/example_latest_only.py took 0.045 seconds
[2026-02-26T05:27:22.695+0000] {processor.py:186} INFO - Started process (PID=2807) to work on /home/ubuntu/airflow-venv/lib/python3.12/site-packages/airflow/example_dags/example_latest_only.py
[2026-02-26T05:27:22.696+0000] {processor.py:914} INFO - Processing file /home/ubuntu/airflow-venv/lib/python3.12/site-packages/airflow/example_dags/example_latest_only.py for tasks to queue
[2026-02-26T05:27:22.697+0000] {logging_mixin.py:190} INFO - [2026-02-26T05:27:22.697+0000] {dagbag.py:588} INFO - Filling up the DagBag from /home/ubuntu/airflow-venv/lib/python3.12/site-packages/airflow/example_dags/example_latest_only.py
[2026-02-26T05:27:22.702+0000] {processor.py:925} INFO - DAG(s) 'latest_only' retrieved from /home/ubuntu/airflow-venv/lib/python3.12/site-packages/airflow/example_dags/example_latest_only.py
[2026-02-26T05:27:22.711+0000] {logging_mixin.py:190} INFO - [2026-02-26T05:27:22.710+0000] {dag.py:3239} INFO - Sync 1 DAGs
[2026-02-26T05:27:22.722+0000] {logging_mixin.py:190} INFO - [2026-02-26T05:27:22.722+0000] {dag.py:4180} INFO - Setting next_dagrun for latest_only to 2026-02-26 00:00:00+00:00, run_after=2026-02-26 04:00:00+00:00
[2026-02-26T05:27:22.737+0000] {processor.py:208} INFO - Processing /home/ubuntu/airflow-venv/lib/python3.12/site-packages/airflow/example_dags/example_latest_only.py took 0.046 seconds
[2026-02-26T05:28:13.469+0000] {processor.py:186} INFO - Started process (PID=2859) to work on /home/ubuntu/airflow-venv/lib/python3.12/site-packages/airflow/example_dags/example_latest_only.py
[2026-02-26T05:28:13.470+0000] {processor.py:914} INFO - Processing file /home/ubuntu/airflow-venv/lib/python3.12/site-packages/airflow/example_dags/example_latest_only.py for tasks to queue
[2026-02-26T05:28:13.471+0000] {logging_mixin.py:190} INFO - [2026-02-26T05:28:13.471+0000] {dagbag.py:588} INFO - Filling up the DagBag from /home/ubuntu/airflow-venv/lib/python3.12/site-packages/airflow/example_dags/example_latest_only.py
[2026-02-26T05:28:13.476+0000] {processor.py:925} INFO - DAG(s) 'latest_only' retrieved from /home/ubuntu/airflow-venv/lib/python3.12/site-packages/airflow/example_dags/example_latest_only.py
[2026-02-26T05:28:13.485+0000] {logging_mixin.py:190} INFO - [2026-02-26T05:28:13.484+0000] {dag.py:3239} INFO - Sync 1 DAGs
[2026-02-26T05:28:13.570+0000] {logging_mixin.py:190} INFO - [2026-02-26T05:28:13.570+0000] {dag.py:4180} INFO - Setting next_dagrun for latest_only to 2026-02-26 00:00:00+00:00, run_after=2026-02-26 04:00:00+00:00
[2026-02-26T05:28:13.585+0000] {processor.py:208} INFO - Processing /home/ubuntu/airflow-venv/lib/python3.12/site-packages/airflow/example_dags/example_latest_only.py took 0.119 seconds
[2026-02-26T05:29:05.202+0000] {processor.py:186} INFO - Started process (PID=2914) to work on /home/ubuntu/airflow-venv/lib/python3.12/site-packages/airflow/example_dags/example_latest_only.py
[2026-02-26T05:29:05.203+0000] {processor.py:914} INFO - Processing file /home/ubuntu/airflow-venv/lib/python3.12/site-packages/airflow/example_dags/example_latest_only.py for tasks to queue
[2026-02-26T05:29:05.204+0000] {logging_mixin.py:190} INFO - [2026-02-26T05:29:05.204+0000] {dagbag.py:588} INFO - Filling up the DagBag from /home/ubuntu/airflow-venv/lib/python3.12/site-packages/airflow/example_dags/example_latest_only.py
[2026-02-26T05:29:05.209+0000] {processor.py:925} INFO - DAG(s) 'latest_only' retrieved from /home/ubuntu/airflow-venv/lib/python3.12/site-packages/airflow/example_dags/example_latest_only.py
[2026-02-26T05:29:05.219+0000] {logging_mixin.py:190} INFO - [2026-02-26T05:29:05.218+0000] {dag.py:3239} INFO - Sync 1 DAGs
[2026-02-26T05:29:05.230+0000] {logging_mixin.py:190} INFO - [2026-02-26T05:29:05.230+0000] {dag.py:4180} INFO - Setting next_dagrun for latest_only to 2026-02-26 00:00:00+00:00, run_after=2026-02-26 04:00:00+00:00
[2026-02-26T05:29:05.247+0000] {processor.py:208} INFO - Processing /home/ubuntu/airflow-venv/lib/python3.12/site-packages/airflow/example_dags/example_latest_only.py took 0.049 seconds
[2026-02-26T05:29:56.496+0000] {processor.py:186} INFO - Started process (PID=2966) to work on /home/ubuntu/airflow-venv/lib/python3.12/site-packages/airflow/example_dags/example_latest_only.py
[2026-02-26T05:29:56.497+0000] {processor.py:914} INFO - Processing file /home/ubuntu/airflow-venv/lib/python3.12/site-packages/airflow/example_dags/example_latest_only.py for tasks to queue
[2026-02-26T05:29:56.499+0000] {logging_mixin.py:190} INFO - [2026-02-26T05:29:56.499+0000] {dagbag.py:588} INFO - Filling up the DagBag from /home/ubuntu/airflow-venv/lib/python3.12/site-packages/airflow/example_dags/example_latest_only.py
[2026-02-26T05:29:56.503+0000] {processor.py:925} INFO - DAG(s) 'latest_only' retrieved from /home/ubuntu/airflow-venv/lib/python3.12/site-packages/airflow/example_dags/example_latest_only.py
[2026-02-26T05:29:56.512+0000] {logging_mixin.py:190} INFO - [2026-02-26T05:29:56.512+0000] {dag.py:3239} INFO - Sync 1 DAGs
[2026-02-26T05:29:56.524+0000] {logging_mixin.py:190} INFO - [2026-02-26T05:29:56.524+0000] {dag.py:4180} INFO - Setting next_dagrun for latest_only to 2026-02-26 00:00:00+00:00, run_after=2026-02-26 04:00:00+00:00
[2026-02-26T05:29:56.540+0000] {processor.py:208} INFO - Processing /home/ubuntu/airflow-venv/lib/python3.12/site-packages/airflow/example_dags/example_latest_only.py took 0.047 seconds
[2026-02-26T05:30:49.578+0000] {processor.py:186} INFO - Started process (PID=3025) to work on /home/ubuntu/airflow-venv/lib/python3.12/site-packages/airflow/example_dags/example_latest_only.py
[2026-02-26T05:30:49.579+0000] {processor.py:914} INFO - Processing file /home/ubuntu/airflow-venv/lib/python3.12/site-packages/airflow/example_dags/example_latest_only.py for tasks to queue
[2026-02-26T05:30:49.581+0000] {logging_mixin.py:190} INFO - [2026-02-26T05:30:49.580+0000] {dagbag.py:588} INFO - Filling up the DagBag from /home/ubuntu/airflow-venv/lib/python3.12/site-packages/airflow/example_dags/example_latest_only.py
[2026-02-26T05:30:49.585+0000] {processor.py:925} INFO - DAG(s) 'latest_only' retrieved from /home/ubuntu/airflow-venv/lib/python3.12/site-packages/airflow/example_dags/example_latest_only.py
[2026-02-26T05:30:49.595+0000] {logging_mixin.py:190} INFO - [2026-02-26T05:30:49.595+0000] {dag.py:3239} INFO - Sync 1 DAGs
[2026-02-26T05:30:49.608+0000] {logging_mixin.py:190} INFO - [2026-02-26T05:30:49.607+0000] {dag.py:4180} INFO - Setting next_dagrun for latest_only to 2026-02-26 00:00:00+00:00, run_after=2026-02-26 04:00:00+00:00
[2026-02-26T05:30:49.624+0000] {processor.py:208} INFO - Processing /home/ubuntu/airflow-venv/lib/python3.12/site-packages/airflow/example_dags/example_latest_only.py took 0.049 seconds
[2026-02-26T05:31:41.456+0000] {processor.py:186} INFO - Started process (PID=3078) to work on /home/ubuntu/airflow-venv/lib/python3.12/site-packages/airflow/example_dags/example_latest_only.py
[2026-02-26T05:31:41.457+0000] {processor.py:914} INFO - Processing file /home/ubuntu/airflow-venv/lib/python3.12/site-packages/airflow/example_dags/example_latest_only.py for tasks to queue
[2026-02-26T05:31:41.459+0000] {logging_mixin.py:190} INFO - [2026-02-26T05:31:41.459+0000] {dagbag.py:588} INFO - Filling up the DagBag from /home/ubuntu/airflow-venv/lib/python3.12/site-packages/airflow/example_dags/example_latest_only.py
[2026-02-26T05:31:41.463+0000] {processor.py:925} INFO - DAG(s) 'latest_only' retrieved from /home/ubuntu/airflow-venv/lib/python3.12/site-packages/airflow/example_dags/example_latest_only.py
[2026-02-26T05:31:41.473+0000] {logging_mixin.py:190} INFO - [2026-02-26T05:31:41.473+0000] {dag.py:3239} INFO - Sync 1 DAGs
[2026-02-26T05:31:41.485+0000] {logging_mixin.py:190} INFO - [2026-02-26T05:31:41.485+0000] {dag.py:4180} INFO - Setting next_dagrun for latest_only to 2026-02-26 00:00:00+00:00, run_after=2026-02-26 04:00:00+00:00
[2026-02-26T05:31:41.501+0000] {processor.py:208} INFO - Processing /home/ubuntu/airflow-venv/lib/python3.12/site-packages/airflow/example_dags/example_latest_only.py took 0.049 seconds
[2026-02-26T05:32:31.645+0000] {processor.py:186} INFO - Started process (PID=3131) to work on /home/ubuntu/airflow-venv/lib/python3.12/site-packages/airflow/example_dags/example_latest_only.py
[2026-02-26T05:32:31.646+0000] {processor.py:914} INFO - Processing file /home/ubuntu/airflow-venv/lib/python3.12/site-packages/airflow/example_dags/example_latest_only.py for tasks to queue
[2026-02-26T05:32:31.648+0000] {logging_mixin.py:190} INFO - [2026-02-26T05:32:31.647+0000] {dagbag.py:588} INFO - Filling up the DagBag from /home/ubuntu/airflow-venv/lib/python3.12/site-packages/airflow/example_dags/example_latest_only.py
[2026-02-26T05:32:31.652+0000] {processor.py:925} INFO - DAG(s) 'latest_only' retrieved from /home/ubuntu/airflow-venv/lib/python3.12/site-packages/airflow/example_dags/example_latest_only.py
[2026-02-26T05:32:31.662+0000] {logging_mixin.py:190} INFO - [2026-02-26T05:32:31.661+0000] {dag.py:3239} INFO - Sync 1 DAGs
[2026-02-26T05:32:31.673+0000] {logging_mixin.py:190} INFO - [2026-02-26T05:32:31.673+0000] {dag.py:4180} INFO - Setting next_dagrun for latest_only to 2026-02-26 00:00:00+00:00, run_after=2026-02-26 04:00:00+00:00
[2026-02-26T05:32:31.689+0000] {processor.py:208} INFO - Processing /home/ubuntu/airflow-venv/lib/python3.12/site-packages/airflow/example_dags/example_latest_only.py took 0.047 seconds
[2026-02-26T05:33:21.835+0000] {processor.py:186} INFO - Started process (PID=3182) to work on /home/ubuntu/airflow-venv/lib/python3.12/site-packages/airflow/example_dags/example_latest_only.py
[2026-02-26T05:33:21.836+0000] {processor.py:914} INFO - Processing file /home/ubuntu/airflow-venv/lib/python3.12/site-packages/airflow/example_dags/example_latest_only.py for tasks to queue
[2026-02-26T05:33:21.838+0000] {logging_mixin.py:190} INFO - [2026-02-26T05:33:21.837+0000] {dagbag.py:588} INFO - Filling up the DagBag from /home/ubuntu/airflow-venv/lib/python3.12/site-packages/airflow/example_dags/example_latest_only.py
[2026-02-26T05:33:21.842+0000] {processor.py:925} INFO - DAG(s) 'latest_only' retrieved from /home/ubuntu/airflow-venv/lib/python3.12/site-packages/airflow/example_dags/example_latest_only.py
[2026-02-26T05:33:21.851+0000] {logging_mixin.py:190} INFO - [2026-02-26T05:33:21.851+0000] {dag.py:3239} INFO - Sync 1 DAGs
[2026-02-26T05:33:21.863+0000] {logging_mixin.py:190} INFO - [2026-02-26T05:33:21.863+0000] {dag.py:4180} INFO - Setting next_dagrun for latest_only to 2026-02-26 00:00:00+00:00, run_after=2026-02-26 04:00:00+00:00
[2026-02-26T05:33:21.879+0000] {processor.py:208} INFO - Processing /home/ubuntu/airflow-venv/lib/python3.12/site-packages/airflow/example_dags/example_latest_only.py took 0.047 seconds
[2026-02-26T05:34:12.602+0000] {processor.py:186} INFO - Started process (PID=3238) to work on /home/ubuntu/airflow-venv/lib/python3.12/site-packages/airflow/example_dags/example_latest_only.py
[2026-02-26T05:34:12.603+0000] {processor.py:914} INFO - Processing file /home/ubuntu/airflow-venv/lib/python3.12/site-packages/airflow/example_dags/example_latest_only.py for tasks to queue
[2026-02-26T05:34:12.604+0000] {logging_mixin.py:190} INFO - [2026-02-26T05:34:12.604+0000] {dagbag.py:588} INFO - Filling up the DagBag from /home/ubuntu/airflow-venv/lib/python3.12/site-packages/airflow/example_dags/example_latest_only.py
[2026-02-26T05:34:12.609+0000] {processor.py:925} INFO - DAG(s) 'latest_only' retrieved from /home/ubuntu/airflow-venv/lib/python3.12/site-packages/airflow/example_dags/example_latest_only.py
[2026-02-26T05:34:12.619+0000] {logging_mixin.py:190} INFO - [2026-02-26T05:34:12.618+0000] {dag.py:3239} INFO - Sync 1 DAGs
[2026-02-26T05:34:12.630+0000] {logging_mixin.py:190} INFO - [2026-02-26T05:34:12.630+0000] {dag.py:4180} INFO - Setting next_dagrun for latest_only to 2026-02-26 00:00:00+00:00, run_after=2026-02-26 04:00:00+00:00
[2026-02-26T05:34:12.646+0000] {processor.py:208} INFO - Processing /home/ubuntu/airflow-venv/lib/python3.12/site-packages/airflow/example_dags/example_latest_only.py took 0.048 seconds
[2026-02-26T05:35:26.225+0000] {processor.py:186} INFO - Started process (PID=3324) to work on /home/ubuntu/airflow-venv/lib/python3.12/site-packages/airflow/example_dags/example_latest_only.py
[2026-02-26T05:35:26.226+0000] {processor.py:914} INFO - Processing file /home/ubuntu/airflow-venv/lib/python3.12/site-packages/airflow/example_dags/example_latest_only.py for tasks to queue
[2026-02-26T05:35:26.228+0000] {logging_mixin.py:190} INFO - [2026-02-26T05:35:26.227+0000] {dagbag.py:588} INFO - Filling up the DagBag from /home/ubuntu/airflow-venv/lib/python3.12/site-packages/airflow/example_dags/example_latest_only.py
[2026-02-26T05:35:26.232+0000] {processor.py:925} INFO - DAG(s) 'latest_only' retrieved from /home/ubuntu/airflow-venv/lib/python3.12/site-packages/airflow/example_dags/example_latest_only.py
[2026-02-26T05:35:26.241+0000] {logging_mixin.py:190} INFO - [2026-02-26T05:35:26.241+0000] {dag.py:3239} INFO - Sync 1 DAGs
[2026-02-26T05:35:26.252+0000] {logging_mixin.py:190} INFO - [2026-02-26T05:35:26.252+0000] {dag.py:4180} INFO - Setting next_dagrun for latest_only to 2026-02-26 00:00:00+00:00, run_after=2026-02-26 04:00:00+00:00
[2026-02-26T05:35:26.268+0000] {processor.py:208} INFO - Processing /home/ubuntu/airflow-venv/lib/python3.12/site-packages/airflow/example_dags/example_latest_only.py took 0.047 seconds
[2026-02-26T05:36:20.686+0000] {processor.py:186} INFO - Started process (PID=3382) to work on /home/ubuntu/airflow-venv/lib/python3.12/site-packages/airflow/example_dags/example_latest_only.py
[2026-02-26T05:36:20.687+0000] {processor.py:914} INFO - Processing file /home/ubuntu/airflow-venv/lib/python3.12/site-packages/airflow/example_dags/example_latest_only.py for tasks to queue
[2026-02-26T05:36:20.688+0000] {logging_mixin.py:190} INFO - [2026-02-26T05:36:20.688+0000] {dagbag.py:588} INFO - Filling up the DagBag from /home/ubuntu/airflow-venv/lib/python3.12/site-packages/airflow/example_dags/example_latest_only.py
[2026-02-26T05:36:20.693+0000] {processor.py:925} INFO - DAG(s) 'latest_only' retrieved from /home/ubuntu/airflow-venv/lib/python3.12/site-packages/airflow/example_dags/example_latest_only.py
[2026-02-26T05:36:20.702+0000] {logging_mixin.py:190} INFO - [2026-02-26T05:36:20.702+0000] {dag.py:3239} INFO - Sync 1 DAGs
[2026-02-26T05:36:20.715+0000] {logging_mixin.py:190} INFO - [2026-02-26T05:36:20.714+0000] {dag.py:4180} INFO - Setting next_dagrun for latest_only to 2026-02-26 00:00:00+00:00, run_after=2026-02-26 04:00:00+00:00
[2026-02-26T05:36:20.731+0000] {processor.py:208} INFO - Processing /home/ubuntu/airflow-venv/lib/python3.12/site-packages/airflow/example_dags/example_latest_only.py took 0.049 seconds
[2026-02-26T05:37:10.026+0000] {processor.py:186} INFO - Started process (PID=3436) to work on /home/ubuntu/airflow-venv/lib/python3.12/site-packages/airflow/example_dags/example_latest_only.py
[2026-02-26T05:37:10.027+0000] {processor.py:914} INFO - Processing file /home/ubuntu/airflow-venv/lib/python3.12/site-packages/airflow/example_dags/example_latest_only.py for tasks to queue
[2026-02-26T05:37:10.029+0000] {logging_mixin.py:190} INFO - [2026-02-26T05:37:10.029+0000] {dagbag.py:588} INFO - Filling up the DagBag from /home/ubuntu/airflow-venv/lib/python3.12/site-packages/airflow/example_dags/example_latest_only.py
[2026-02-26T05:37:10.033+0000] {processor.py:925} INFO - DAG(s) 'latest_only' retrieved from /home/ubuntu/airflow-venv/lib/python3.12/site-packages/airflow/example_dags/example_latest_only.py
[2026-02-26T05:37:10.043+0000] {logging_mixin.py:190} INFO - [2026-02-26T05:37:10.043+0000] {dag.py:3239} INFO - Sync 1 DAGs
[2026-02-26T05:37:10.054+0000] {logging_mixin.py:190} INFO - [2026-02-26T05:37:10.054+0000] {dag.py:4180} INFO - Setting next_dagrun for latest_only to 2026-02-26 00:00:00+00:00, run_after=2026-02-26 04:00:00+00:00
[2026-02-26T05:37:10.070+0000] {processor.py:208} INFO - Processing /home/ubuntu/airflow-venv/lib/python3.12/site-packages/airflow/example_dags/example_latest_only.py took 0.047 seconds
[2026-02-26T05:38:21.954+0000] {processor.py:186} INFO - Started process (PID=3511) to work on /home/ubuntu/airflow-venv/lib/python3.12/site-packages/airflow/example_dags/example_latest_only.py
[2026-02-26T05:38:21.955+0000] {processor.py:914} INFO - Processing file /home/ubuntu/airflow-venv/lib/python3.12/site-packages/airflow/example_dags/example_latest_only.py for tasks to queue
[2026-02-26T05:38:21.956+0000] {logging_mixin.py:190} INFO - [2026-02-26T05:38:21.956+0000] {dagbag.py:588} INFO - Filling up the DagBag from /home/ubuntu/airflow-venv/lib/python3.12/site-packages/airflow/example_dags/example_latest_only.py
[2026-02-26T05:38:21.961+0000] {processor.py:925} INFO - DAG(s) 'latest_only' retrieved from /home/ubuntu/airflow-venv/lib/python3.12/site-packages/airflow/example_dags/example_latest_only.py
[2026-02-26T05:38:21.970+0000] {logging_mixin.py:190} INFO - [2026-02-26T05:38:21.970+0000] {dag.py:3239} INFO - Sync 1 DAGs
[2026-02-26T05:38:21.982+0000] {logging_mixin.py:190} INFO - [2026-02-26T05:38:21.982+0000] {dag.py:4180} INFO - Setting next_dagrun for latest_only to 2026-02-26 00:00:00+00:00, run_after=2026-02-26 04:00:00+00:00
[2026-02-26T05:38:21.998+0000] {processor.py:208} INFO - Processing /home/ubuntu/airflow-venv/lib/python3.12/site-packages/airflow/example_dags/example_latest_only.py took 0.048 seconds
[2026-02-26T05:39:13.963+0000] {processor.py:186} INFO - Started process (PID=3564) to work on /home/ubuntu/airflow-venv/lib/python3.12/site-packages/airflow/example_dags/example_latest_only.py
[2026-02-26T05:39:13.964+0000] {processor.py:914} INFO - Processing file /home/ubuntu/airflow-venv/lib/python3.12/site-packages/airflow/example_dags/example_latest_only.py for tasks to queue
[2026-02-26T05:39:13.965+0000] {logging_mixin.py:190} INFO - [2026-02-26T05:39:13.965+0000] {dagbag.py:588} INFO - Filling up the DagBag from /home/ubuntu/airflow-venv/lib/python3.12/site-packages/airflow/example_dags/example_latest_only.py
[2026-02-26T05:39:13.970+0000] {processor.py:925} INFO - DAG(s) 'latest_only' retrieved from /home/ubuntu/airflow-venv/lib/python3.12/site-packages/airflow/example_dags/example_latest_only.py
[2026-02-26T05:39:13.979+0000] {logging_mixin.py:190} INFO - [2026-02-26T05:39:13.979+0000] {dag.py:3239} INFO - Sync 1 DAGs
[2026-02-26T05:39:13.991+0000] {logging_mixin.py:190} INFO - [2026-02-26T05:39:13.991+0000] {dag.py:4180} INFO - Setting next_dagrun for latest_only to 2026-02-26 00:00:00+00:00, run_after=2026-02-26 04:00:00+00:00
[2026-02-26T05:39:14.007+0000] {processor.py:208} INFO - Processing /home/ubuntu/airflow-venv/lib/python3.12/site-packages/airflow/example_dags/example_latest_only.py took 0.048 seconds
[2026-02-26T05:40:04.640+0000] {processor.py:186} INFO - Started process (PID=3619) to work on /home/ubuntu/airflow-venv/lib/python3.12/site-packages/airflow/example_dags/example_latest_only.py
[2026-02-26T05:40:04.641+0000] {processor.py:914} INFO - Processing file /home/ubuntu/airflow-venv/lib/python3.12/site-packages/airflow/example_dags/example_latest_only.py for tasks to queue
[2026-02-26T05:40:04.642+0000] {logging_mixin.py:190} INFO - [2026-02-26T05:40:04.642+0000] {dagbag.py:588} INFO - Filling up the DagBag from /home/ubuntu/airflow-venv/lib/python3.12/site-packages/airflow/example_dags/example_latest_only.py
[2026-02-26T05:40:04.647+0000] {processor.py:925} INFO - DAG(s) 'latest_only' retrieved from /home/ubuntu/airflow-venv/lib/python3.12/site-packages/airflow/example_dags/example_latest_only.py
[2026-02-26T05:40:04.656+0000] {logging_mixin.py:190} INFO - [2026-02-26T05:40:04.656+0000] {dag.py:3239} INFO - Sync 1 DAGs
[2026-02-26T05:40:04.667+0000] {logging_mixin.py:190} INFO - [2026-02-26T05:40:04.667+0000] {dag.py:4180} INFO - Setting next_dagrun for latest_only to 2026-02-26 00:00:00+00:00, run_after=2026-02-26 04:00:00+00:00
[2026-02-26T05:40:04.683+0000] {processor.py:208} INFO - Processing /home/ubuntu/airflow-venv/lib/python3.12/site-packages/airflow/example_dags/example_latest_only.py took 0.047 seconds
[2026-02-26T05:41:17.647+0000] {processor.py:186} INFO - Started process (PID=3700) to work on /home/ubuntu/airflow-venv/lib/python3.12/site-packages/airflow/example_dags/example_latest_only.py
[2026-02-26T05:41:17.648+0000] {processor.py:914} INFO - Processing file /home/ubuntu/airflow-venv/lib/python3.12/site-packages/airflow/example_dags/example_latest_only.py for tasks to queue
[2026-02-26T05:41:17.650+0000] {logging_mixin.py:190} INFO - [2026-02-26T05:41:17.650+0000] {dagbag.py:588} INFO - Filling up the DagBag from /home/ubuntu/airflow-venv/lib/python3.12/site-packages/airflow/example_dags/example_latest_only.py
[2026-02-26T05:41:17.654+0000] {processor.py:925} INFO - DAG(s) 'latest_only' retrieved from /home/ubuntu/airflow-venv/lib/python3.12/site-packages/airflow/example_dags/example_latest_only.py
[2026-02-26T05:41:17.663+0000] {logging_mixin.py:190} INFO - [2026-02-26T05:41:17.663+0000] {dag.py:3239} INFO - Sync 1 DAGs
[2026-02-26T05:41:17.675+0000] {logging_mixin.py:190} INFO - [2026-02-26T05:41:17.675+0000] {dag.py:4180} INFO - Setting next_dagrun for latest_only to 2026-02-26 00:00:00+00:00, run_after=2026-02-26 04:00:00+00:00
[2026-02-26T05:41:17.691+0000] {processor.py:208} INFO - Processing /home/ubuntu/airflow-venv/lib/python3.12/site-packages/airflow/example_dags/example_latest_only.py took 0.047 seconds
[2026-02-26T05:42:06.760+0000] {processor.py:186} INFO - Started process (PID=3752) to work on /home/ubuntu/airflow-venv/lib/python3.12/site-packages/airflow/example_dags/example_latest_only.py
[2026-02-26T05:42:06.762+0000] {processor.py:914} INFO - Processing file /home/ubuntu/airflow-venv/lib/python3.12/site-packages/airflow/example_dags/example_latest_only.py for tasks to queue
[2026-02-26T05:42:06.763+0000] {logging_mixin.py:190} INFO - [2026-02-26T05:42:06.763+0000] {dagbag.py:588} INFO - Filling up the DagBag from /home/ubuntu/airflow-venv/lib/python3.12/site-packages/airflow/example_dags/example_latest_only.py
[2026-02-26T05:42:06.768+0000] {processor.py:925} INFO - DAG(s) 'latest_only' retrieved from /home/ubuntu/airflow-venv/lib/python3.12/site-packages/airflow/example_dags/example_latest_only.py
[2026-02-26T05:42:06.777+0000] {logging_mixin.py:190} INFO - [2026-02-26T05:42:06.777+0000] {dag.py:3239} INFO - Sync 1 DAGs
[2026-02-26T05:42:06.789+0000] {logging_mixin.py:190} INFO - [2026-02-26T05:42:06.789+0000] {dag.py:4180} INFO - Setting next_dagrun for latest_only to 2026-02-26 00:00:00+00:00, run_after=2026-02-26 04:00:00+00:00
[2026-02-26T05:42:06.806+0000] {processor.py:208} INFO - Processing /home/ubuntu/airflow-venv/lib/python3.12/site-packages/airflow/example_dags/example_latest_only.py took 0.049 seconds
[2026-02-26T05:42:54.247+0000] {processor.py:186} INFO - Started process (PID=3803) to work on /home/ubuntu/airflow-venv/lib/python3.12/site-packages/airflow/example_dags/example_latest_only.py
[2026-02-26T05:42:54.248+0000] {processor.py:914} INFO - Processing file /home/ubuntu/airflow-venv/lib/python3.12/site-packages/airflow/example_dags/example_latest_only.py for tasks to queue
[2026-02-26T05:42:54.250+0000] {logging_mixin.py:190} INFO - [2026-02-26T05:42:54.250+0000] {dagbag.py:588} INFO - Filling up the DagBag from /home/ubuntu/airflow-venv/lib/python3.12/site-packages/airflow/example_dags/example_latest_only.py
[2026-02-26T05:42:54.254+0000] {processor.py:925} INFO - DAG(s) 'latest_only' retrieved from /home/ubuntu/airflow-venv/lib/python3.12/site-packages/airflow/example_dags/example_latest_only.py
[2026-02-26T05:42:54.262+0000] {logging_mixin.py:190} INFO - [2026-02-26T05:42:54.262+0000] {dag.py:3239} INFO - Sync 1 DAGs
[2026-02-26T05:42:54.274+0000] {logging_mixin.py:190} INFO - [2026-02-26T05:42:54.273+0000] {dag.py:4180} INFO - Setting next_dagrun for latest_only to 2026-02-26 00:00:00+00:00, run_after=2026-02-26 04:00:00+00:00
[2026-02-26T05:42:54.289+0000] {processor.py:208} INFO - Processing /home/ubuntu/airflow-venv/lib/python3.12/site-packages/airflow/example_dags/example_latest_only.py took 0.045 seconds
[2026-02-26T05:43:44.332+0000] {processor.py:186} INFO - Started process (PID=3854) to work on /home/ubuntu/airflow-venv/lib/python3.12/site-packages/airflow/example_dags/example_latest_only.py
[2026-02-26T05:43:44.333+0000] {processor.py:914} INFO - Processing file /home/ubuntu/airflow-venv/lib/python3.12/site-packages/airflow/example_dags/example_latest_only.py for tasks to queue
[2026-02-26T05:43:44.335+0000] {logging_mixin.py:190} INFO - [2026-02-26T05:43:44.334+0000] {dagbag.py:588} INFO - Filling up the DagBag from /home/ubuntu/airflow-venv/lib/python3.12/site-packages/airflow/example_dags/example_latest_only.py
[2026-02-26T05:43:44.339+0000] {processor.py:925} INFO - DAG(s) 'latest_only' retrieved from /home/ubuntu/airflow-venv/lib/python3.12/site-packages/airflow/example_dags/example_latest_only.py
[2026-02-26T05:43:44.348+0000] {logging_mixin.py:190} INFO - [2026-02-26T05:43:44.348+0000] {dag.py:3239} INFO - Sync 1 DAGs
[2026-02-26T05:43:44.360+0000] {logging_mixin.py:190} INFO - [2026-02-26T05:43:44.359+0000] {dag.py:4180} INFO - Setting next_dagrun for latest_only to 2026-02-26 00:00:00+00:00, run_after=2026-02-26 04:00:00+00:00
[2026-02-26T05:43:44.375+0000] {processor.py:208} INFO - Processing /home/ubuntu/airflow-venv/lib/python3.12/site-packages/airflow/example_dags/example_latest_only.py took 0.047 seconds
[2026-02-26T05:44:34.178+0000] {processor.py:186} INFO - Started process (PID=3908) to work on /home/ubuntu/airflow-venv/lib/python3.12/site-packages/airflow/example_dags/example_latest_only.py
[2026-02-26T05:44:34.179+0000] {processor.py:914} INFO - Processing file /home/ubuntu/airflow-venv/lib/python3.12/site-packages/airflow/example_dags/example_latest_only.py for tasks to queue
[2026-02-26T05:44:34.181+0000] {logging_mixin.py:190} INFO - [2026-02-26T05:44:34.181+0000] {dagbag.py:588} INFO - Filling up the DagBag from /home/ubuntu/airflow-venv/lib/python3.12/site-packages/airflow/example_dags/example_latest_only.py
[2026-02-26T05:44:34.185+0000] {processor.py:925} INFO - DAG(s) 'latest_only' retrieved from /home/ubuntu/airflow-venv/lib/python3.12/site-packages/airflow/example_dags/example_latest_only.py
[2026-02-26T05:44:34.194+0000] {logging_mixin.py:190} INFO - [2026-02-26T05:44:34.194+0000] {dag.py:3239} INFO - Sync 1 DAGs
[2026-02-26T05:44:34.206+0000] {logging_mixin.py:190} INFO - [2026-02-26T05:44:34.206+0000] {dag.py:4180} INFO - Setting next_dagrun for latest_only to 2026-02-26 00:00:00+00:00, run_after=2026-02-26 04:00:00+00:00
[2026-02-26T05:44:34.222+0000] {processor.py:208} INFO - Processing /home/ubuntu/airflow-venv/lib/python3.12/site-packages/airflow/example_dags/example_latest_only.py took 0.048 seconds
[2026-02-26T06:14:07.533+0000] {processor.py:186} INFO - Started process (PID=2720) to work on /home/ubuntu/airflow-venv/lib/python3.12/site-packages/airflow/example_dags/example_latest_only.py
[2026-02-26T06:14:07.535+0000] {processor.py:914} INFO - Processing file /home/ubuntu/airflow-venv/lib/python3.12/site-packages/airflow/example_dags/example_latest_only.py for tasks to queue
[2026-02-26T06:14:07.537+0000] {logging_mixin.py:190} INFO - [2026-02-26T06:14:07.537+0000] {dagbag.py:588} INFO - Filling up the DagBag from /home/ubuntu/airflow-venv/lib/python3.12/site-packages/airflow/example_dags/example_latest_only.py
[2026-02-26T06:14:07.541+0000] {processor.py:925} INFO - DAG(s) 'latest_only' retrieved from /home/ubuntu/airflow-venv/lib/python3.12/site-packages/airflow/example_dags/example_latest_only.py
[2026-02-26T06:14:07.553+0000] {logging_mixin.py:190} INFO - [2026-02-26T06:14:07.553+0000] {dag.py:3239} INFO - Sync 1 DAGs
[2026-02-26T06:14:07.565+0000] {logging_mixin.py:190} INFO - [2026-02-26T06:14:07.565+0000] {dag.py:4180} INFO - Setting next_dagrun for latest_only to 2026-02-26 00:00:00+00:00, run_after=2026-02-26 04:00:00+00:00
[2026-02-26T06:14:07.582+0000] {processor.py:208} INFO - Processing /home/ubuntu/airflow-venv/lib/python3.12/site-packages/airflow/example_dags/example_latest_only.py took 0.052 seconds
[2026-02-26T06:15:08.324+0000] {processor.py:186} INFO - Started process (PID=2788) to work on /home/ubuntu/airflow-venv/lib/python3.12/site-packages/airflow/example_dags/example_latest_only.py
[2026-02-26T06:15:08.326+0000] {processor.py:914} INFO - Processing file /home/ubuntu/airflow-venv/lib/python3.12/site-packages/airflow/example_dags/example_latest_only.py for tasks to queue
[2026-02-26T06:15:08.327+0000] {logging_mixin.py:190} INFO - [2026-02-26T06:15:08.327+0000] {dagbag.py:588} INFO - Filling up the DagBag from /home/ubuntu/airflow-venv/lib/python3.12/site-packages/airflow/example_dags/example_latest_only.py
[2026-02-26T06:15:08.332+0000] {processor.py:925} INFO - DAG(s) 'latest_only' retrieved from /home/ubuntu/airflow-venv/lib/python3.12/site-packages/airflow/example_dags/example_latest_only.py
[2026-02-26T06:15:08.342+0000] {logging_mixin.py:190} INFO - [2026-02-26T06:15:08.341+0000] {dag.py:3239} INFO - Sync 1 DAGs
[2026-02-26T06:15:08.354+0000] {logging_mixin.py:190} INFO - [2026-02-26T06:15:08.354+0000] {dag.py:4180} INFO - Setting next_dagrun for latest_only to 2026-02-26 00:00:00+00:00, run_after=2026-02-26 04:00:00+00:00
[2026-02-26T06:15:08.371+0000] {processor.py:208} INFO - Processing /home/ubuntu/airflow-venv/lib/python3.12/site-packages/airflow/example_dags/example_latest_only.py took 0.051 seconds
[2026-02-26T06:16:05.487+0000] {processor.py:186} INFO - Started process (PID=2852) to work on /home/ubuntu/airflow-venv/lib/python3.12/site-packages/airflow/example_dags/example_latest_only.py
[2026-02-26T06:16:05.488+0000] {processor.py:914} INFO - Processing file /home/ubuntu/airflow-venv/lib/python3.12/site-packages/airflow/example_dags/example_latest_only.py for tasks to queue
[2026-02-26T06:16:05.490+0000] {logging_mixin.py:190} INFO - [2026-02-26T06:16:05.489+0000] {dagbag.py:588} INFO - Filling up the DagBag from /home/ubuntu/airflow-venv/lib/python3.12/site-packages/airflow/example_dags/example_latest_only.py
[2026-02-26T06:16:05.494+0000] {processor.py:925} INFO - DAG(s) 'latest_only' retrieved from /home/ubuntu/airflow-venv/lib/python3.12/site-packages/airflow/example_dags/example_latest_only.py
[2026-02-26T06:16:05.504+0000] {logging_mixin.py:190} INFO - [2026-02-26T06:16:05.504+0000] {dag.py:3239} INFO - Sync 1 DAGs
[2026-02-26T06:16:05.516+0000] {logging_mixin.py:190} INFO - [2026-02-26T06:16:05.516+0000] {dag.py:4180} INFO - Setting next_dagrun for latest_only to 2026-02-26 00:00:00+00:00, run_after=2026-02-26 04:00:00+00:00
[2026-02-26T06:16:05.532+0000] {processor.py:208} INFO - Processing /home/ubuntu/airflow-venv/lib/python3.12/site-packages/airflow/example_dags/example_latest_only.py took 0.049 seconds
[2026-02-26T06:17:00.548+0000] {processor.py:186} INFO - Started process (PID=2909) to work on /home/ubuntu/airflow-venv/lib/python3.12/site-packages/airflow/example_dags/example_latest_only.py
[2026-02-26T06:17:00.549+0000] {processor.py:914} INFO - Processing file /home/ubuntu/airflow-venv/lib/python3.12/site-packages/airflow/example_dags/example_latest_only.py for tasks to queue
[2026-02-26T06:17:00.550+0000] {logging_mixin.py:190} INFO - [2026-02-26T06:17:00.550+0000] {dagbag.py:588} INFO - Filling up the DagBag from /home/ubuntu/airflow-venv/lib/python3.12/site-packages/airflow/example_dags/example_latest_only.py
[2026-02-26T06:17:00.555+0000] {processor.py:925} INFO - DAG(s) 'latest_only' retrieved from /home/ubuntu/airflow-venv/lib/python3.12/site-packages/airflow/example_dags/example_latest_only.py
[2026-02-26T06:17:00.565+0000] {logging_mixin.py:190} INFO - [2026-02-26T06:17:00.565+0000] {dag.py:3239} INFO - Sync 1 DAGs
[2026-02-26T06:17:00.578+0000] {logging_mixin.py:190} INFO - [2026-02-26T06:17:00.578+0000] {dag.py:4180} INFO - Setting next_dagrun for latest_only to 2026-02-26 00:00:00+00:00, run_after=2026-02-26 04:00:00+00:00
[2026-02-26T06:17:00.595+0000] {processor.py:208} INFO - Processing /home/ubuntu/airflow-venv/lib/python3.12/site-packages/airflow/example_dags/example_latest_only.py took 0.051 seconds
[2026-02-26T06:17:53.286+0000] {processor.py:186} INFO - Started process (PID=2968) to work on /home/ubuntu/airflow-venv/lib/python3.12/site-packages/airflow/example_dags/example_latest_only.py
[2026-02-26T06:17:53.287+0000] {processor.py:914} INFO - Processing file /home/ubuntu/airflow-venv/lib/python3.12/site-packages/airflow/example_dags/example_latest_only.py for tasks to queue
[2026-02-26T06:17:53.289+0000] {logging_mixin.py:190} INFO - [2026-02-26T06:17:53.288+0000] {dagbag.py:588} INFO - Filling up the DagBag from /home/ubuntu/airflow-venv/lib/python3.12/site-packages/airflow/example_dags/example_latest_only.py
[2026-02-26T06:17:53.293+0000] {processor.py:925} INFO - DAG(s) 'latest_only' retrieved from /home/ubuntu/airflow-venv/lib/python3.12/site-packages/airflow/example_dags/example_latest_only.py
[2026-02-26T06:17:53.303+0000] {logging_mixin.py:190} INFO - [2026-02-26T06:17:53.303+0000] {dag.py:3239} INFO - Sync 1 DAGs
[2026-02-26T06:17:53.316+0000] {logging_mixin.py:190} INFO - [2026-02-26T06:17:53.316+0000] {dag.py:4180} INFO - Setting next_dagrun for latest_only to 2026-02-26 00:00:00+00:00, run_after=2026-02-26 04:00:00+00:00
[2026-02-26T06:17:53.332+0000] {processor.py:208} INFO - Processing /home/ubuntu/airflow-venv/lib/python3.12/site-packages/airflow/example_dags/example_latest_only.py took 0.049 seconds
[2026-02-26T06:18:45.955+0000] {processor.py:186} INFO - Started process (PID=3021) to work on /home/ubuntu/airflow-venv/lib/python3.12/site-packages/airflow/example_dags/example_latest_only.py
[2026-02-26T06:18:45.956+0000] {processor.py:914} INFO - Processing file /home/ubuntu/airflow-venv/lib/python3.12/site-packages/airflow/example_dags/example_latest_only.py for tasks to queue
[2026-02-26T06:18:45.958+0000] {logging_mixin.py:190} INFO - [2026-02-26T06:18:45.957+0000] {dagbag.py:588} INFO - Filling up the DagBag from /home/ubuntu/airflow-venv/lib/python3.12/site-packages/airflow/example_dags/example_latest_only.py
[2026-02-26T06:18:45.962+0000] {processor.py:925} INFO - DAG(s) 'latest_only' retrieved from /home/ubuntu/airflow-venv/lib/python3.12/site-packages/airflow/example_dags/example_latest_only.py
[2026-02-26T06:18:45.973+0000] {logging_mixin.py:190} INFO - [2026-02-26T06:18:45.973+0000] {dag.py:3239} INFO - Sync 1 DAGs
[2026-02-26T06:18:45.986+0000] {logging_mixin.py:190} INFO - [2026-02-26T06:18:45.986+0000] {dag.py:4180} INFO - Setting next_dagrun for latest_only to 2026-02-26 00:00:00+00:00, run_after=2026-02-26 04:00:00+00:00
[2026-02-26T06:18:46.081+0000] {processor.py:208} INFO - Processing /home/ubuntu/airflow-venv/lib/python3.12/site-packages/airflow/example_dags/example_latest_only.py took 0.129 seconds
[2026-02-26T06:19:42.946+0000] {processor.py:186} INFO - Started process (PID=3077) to work on /home/ubuntu/airflow-venv/lib/python3.12/site-packages/airflow/example_dags/example_latest_only.py
[2026-02-26T06:19:42.947+0000] {processor.py:914} INFO - Processing file /home/ubuntu/airflow-venv/lib/python3.12/site-packages/airflow/example_dags/example_latest_only.py for tasks to queue
[2026-02-26T06:19:42.949+0000] {logging_mixin.py:190} INFO - [2026-02-26T06:19:42.949+0000] {dagbag.py:588} INFO - Filling up the DagBag from /home/ubuntu/airflow-venv/lib/python3.12/site-packages/airflow/example_dags/example_latest_only.py
[2026-02-26T06:19:42.954+0000] {processor.py:925} INFO - DAG(s) 'latest_only' retrieved from /home/ubuntu/airflow-venv/lib/python3.12/site-packages/airflow/example_dags/example_latest_only.py
[2026-02-26T06:19:42.964+0000] {logging_mixin.py:190} INFO - [2026-02-26T06:19:42.964+0000] {dag.py:3239} INFO - Sync 1 DAGs
[2026-02-26T06:19:42.976+0000] {logging_mixin.py:190} INFO - [2026-02-26T06:19:42.976+0000] {dag.py:4180} INFO - Setting next_dagrun for latest_only to 2026-02-26 00:00:00+00:00, run_after=2026-02-26 04:00:00+00:00
[2026-02-26T06:19:42.993+0000] {processor.py:208} INFO - Processing /home/ubuntu/airflow-venv/lib/python3.12/site-packages/airflow/example_dags/example_latest_only.py took 0.051 seconds
[2026-02-26T06:20:35.858+0000] {processor.py:186} INFO - Started process (PID=3135) to work on /home/ubuntu/airflow-venv/lib/python3.12/site-packages/airflow/example_dags/example_latest_only.py
[2026-02-26T06:20:35.859+0000] {processor.py:914} INFO - Processing file /home/ubuntu/airflow-venv/lib/python3.12/site-packages/airflow/example_dags/example_latest_only.py for tasks to queue
[2026-02-26T06:20:35.861+0000] {logging_mixin.py:190} INFO - [2026-02-26T06:20:35.861+0000] {dagbag.py:588} INFO - Filling up the DagBag from /home/ubuntu/airflow-venv/lib/python3.12/site-packages/airflow/example_dags/example_latest_only.py
[2026-02-26T06:20:35.866+0000] {processor.py:925} INFO - DAG(s) 'latest_only' retrieved from /home/ubuntu/airflow-venv/lib/python3.12/site-packages/airflow/example_dags/example_latest_only.py
[2026-02-26T06:20:35.876+0000] {logging_mixin.py:190} INFO - [2026-02-26T06:20:35.876+0000] {dag.py:3239} INFO - Sync 1 DAGs
[2026-02-26T06:20:35.889+0000] {logging_mixin.py:190} INFO - [2026-02-26T06:20:35.889+0000] {dag.py:4180} INFO - Setting next_dagrun for latest_only to 2026-02-26 00:00:00+00:00, run_after=2026-02-26 04:00:00+00:00
[2026-02-26T06:20:35.906+0000] {processor.py:208} INFO - Processing /home/ubuntu/airflow-venv/lib/python3.12/site-packages/airflow/example_dags/example_latest_only.py took 0.051 seconds
[2026-02-26T06:21:24.254+0000] {processor.py:186} INFO - Started process (PID=3187) to work on /home/ubuntu/airflow-venv/lib/python3.12/site-packages/airflow/example_dags/example_latest_only.py
[2026-02-26T06:21:24.256+0000] {processor.py:914} INFO - Processing file /home/ubuntu/airflow-venv/lib/python3.12/site-packages/airflow/example_dags/example_latest_only.py for tasks to queue
[2026-02-26T06:21:24.257+0000] {logging_mixin.py:190} INFO - [2026-02-26T06:21:24.257+0000] {dagbag.py:588} INFO - Filling up the DagBag from /home/ubuntu/airflow-venv/lib/python3.12/site-packages/airflow/example_dags/example_latest_only.py
[2026-02-26T06:21:24.262+0000] {processor.py:925} INFO - DAG(s) 'latest_only' retrieved from /home/ubuntu/airflow-venv/lib/python3.12/site-packages/airflow/example_dags/example_latest_only.py
[2026-02-26T06:21:24.271+0000] {logging_mixin.py:190} INFO - [2026-02-26T06:21:24.271+0000] {dag.py:3239} INFO - Sync 1 DAGs
[2026-02-26T06:21:24.284+0000] {logging_mixin.py:190} INFO - [2026-02-26T06:21:24.284+0000] {dag.py:4180} INFO - Setting next_dagrun for latest_only to 2026-02-26 00:00:00+00:00, run_after=2026-02-26 04:00:00+00:00
[2026-02-26T06:21:24.301+0000] {processor.py:208} INFO - Processing /home/ubuntu/airflow-venv/lib/python3.12/site-packages/airflow/example_dags/example_latest_only.py took 0.050 seconds
[2026-02-26T06:22:14.908+0000] {processor.py:186} INFO - Started process (PID=3242) to work on /home/ubuntu/airflow-venv/lib/python3.12/site-packages/airflow/example_dags/example_latest_only.py
[2026-02-26T06:22:14.909+0000] {processor.py:914} INFO - Processing file /home/ubuntu/airflow-venv/lib/python3.12/site-packages/airflow/example_dags/example_latest_only.py for tasks to queue
[2026-02-26T06:22:14.911+0000] {logging_mixin.py:190} INFO - [2026-02-26T06:22:14.910+0000] {dagbag.py:588} INFO - Filling up the DagBag from /home/ubuntu/airflow-venv/lib/python3.12/site-packages/airflow/example_dags/example_latest_only.py
[2026-02-26T06:22:14.916+0000] {processor.py:925} INFO - DAG(s) 'latest_only' retrieved from /home/ubuntu/airflow-venv/lib/python3.12/site-packages/airflow/example_dags/example_latest_only.py
[2026-02-26T06:22:14.926+0000] {logging_mixin.py:190} INFO - [2026-02-26T06:22:14.925+0000] {dag.py:3239} INFO - Sync 1 DAGs
[2026-02-26T06:22:14.939+0000] {logging_mixin.py:190} INFO - [2026-02-26T06:22:14.939+0000] {dag.py:4180} INFO - Setting next_dagrun for latest_only to 2026-02-26 00:00:00+00:00, run_after=2026-02-26 04:00:00+00:00
[2026-02-26T06:22:14.956+0000] {processor.py:208} INFO - Processing /home/ubuntu/airflow-venv/lib/python3.12/site-packages/airflow/example_dags/example_latest_only.py took 0.052 seconds
[2026-02-26T06:23:05.541+0000] {processor.py:186} INFO - Started process (PID=3295) to work on /home/ubuntu/airflow-venv/lib/python3.12/site-packages/airflow/example_dags/example_latest_only.py
[2026-02-26T06:23:05.542+0000] {processor.py:914} INFO - Processing file /home/ubuntu/airflow-venv/lib/python3.12/site-packages/airflow/example_dags/example_latest_only.py for tasks to queue
[2026-02-26T06:23:05.544+0000] {logging_mixin.py:190} INFO - [2026-02-26T06:23:05.543+0000] {dagbag.py:588} INFO - Filling up the DagBag from /home/ubuntu/airflow-venv/lib/python3.12/site-packages/airflow/example_dags/example_latest_only.py
[2026-02-26T06:23:05.549+0000] {processor.py:925} INFO - DAG(s) 'latest_only' retrieved from /home/ubuntu/airflow-venv/lib/python3.12/site-packages/airflow/example_dags/example_latest_only.py
[2026-02-26T06:23:05.559+0000] {logging_mixin.py:190} INFO - [2026-02-26T06:23:05.559+0000] {dag.py:3239} INFO - Sync 1 DAGs
[2026-02-26T06:23:05.572+0000] {logging_mixin.py:190} INFO - [2026-02-26T06:23:05.572+0000] {dag.py:4180} INFO - Setting next_dagrun for latest_only to 2026-02-26 00:00:00+00:00, run_after=2026-02-26 04:00:00+00:00
[2026-02-26T06:23:05.590+0000] {processor.py:208} INFO - Processing /home/ubuntu/airflow-venv/lib/python3.12/site-packages/airflow/example_dags/example_latest_only.py took 0.053 seconds
[2026-02-26T06:23:58.455+0000] {processor.py:186} INFO - Started process (PID=3348) to work on /home/ubuntu/airflow-venv/lib/python3.12/site-packages/airflow/example_dags/example_latest_only.py
[2026-02-26T06:23:58.456+0000] {processor.py:914} INFO - Processing file /home/ubuntu/airflow-venv/lib/python3.12/site-packages/airflow/example_dags/example_latest_only.py for tasks to queue
[2026-02-26T06:23:58.457+0000] {logging_mixin.py:190} INFO - [2026-02-26T06:23:58.457+0000] {dagbag.py:588} INFO - Filling up the DagBag from /home/ubuntu/airflow-venv/lib/python3.12/site-packages/airflow/example_dags/example_latest_only.py
[2026-02-26T06:23:58.462+0000] {processor.py:925} INFO - DAG(s) 'latest_only' retrieved from /home/ubuntu/airflow-venv/lib/python3.12/site-packages/airflow/example_dags/example_latest_only.py
[2026-02-26T06:23:58.472+0000] {logging_mixin.py:190} INFO - [2026-02-26T06:23:58.472+0000] {dag.py:3239} INFO - Sync 1 DAGs
[2026-02-26T06:23:58.485+0000] {logging_mixin.py:190} INFO - [2026-02-26T06:23:58.484+0000] {dag.py:4180} INFO - Setting next_dagrun for latest_only to 2026-02-26 00:00:00+00:00, run_after=2026-02-26 04:00:00+00:00
[2026-02-26T06:23:58.501+0000] {processor.py:208} INFO - Processing /home/ubuntu/airflow-venv/lib/python3.12/site-packages/airflow/example_dags/example_latest_only.py took 0.050 seconds
