[2026-02-26T05:23:01.211+0000] {processor.py:186} INFO - Started process (PID=2148) to work on /home/ubuntu/airflow-venv/lib/python3.12/site-packages/airflow/example_dags/example_nested_branch_dag.py
[2026-02-26T05:23:01.212+0000] {processor.py:914} INFO - Processing file /home/ubuntu/airflow-venv/lib/python3.12/site-packages/airflow/example_dags/example_nested_branch_dag.py for tasks to queue
[2026-02-26T05:23:01.213+0000] {logging_mixin.py:190} INFO - [2026-02-26T05:23:01.213+0000] {dagbag.py:588} INFO - Filling up the DagBag from /home/ubuntu/airflow-venv/lib/python3.12/site-packages/airflow/example_dags/example_nested_branch_dag.py
[2026-02-26T05:23:01.220+0000] {processor.py:925} INFO - DAG(s) 'example_nested_branch_dag' retrieved from /home/ubuntu/airflow-venv/lib/python3.12/site-packages/airflow/example_dags/example_nested_branch_dag.py
[2026-02-26T05:23:01.232+0000] {logging_mixin.py:190} INFO - [2026-02-26T05:23:01.232+0000] {dag.py:3239} INFO - Sync 1 DAGs
[2026-02-26T05:23:01.243+0000] {logging_mixin.py:190} INFO - [2026-02-26T05:23:01.243+0000] {dag.py:4180} INFO - Setting next_dagrun for example_nested_branch_dag to 2026-02-25 00:00:00+00:00, run_after=2026-02-26 00:00:00+00:00
[2026-02-26T05:23:01.259+0000] {processor.py:208} INFO - Processing /home/ubuntu/airflow-venv/lib/python3.12/site-packages/airflow/example_dags/example_nested_branch_dag.py took 0.051 seconds
[2026-02-26T05:23:55.988+0000] {processor.py:186} INFO - Started process (PID=2205) to work on /home/ubuntu/airflow-venv/lib/python3.12/site-packages/airflow/example_dags/example_nested_branch_dag.py
[2026-02-26T05:23:55.989+0000] {processor.py:914} INFO - Processing file /home/ubuntu/airflow-venv/lib/python3.12/site-packages/airflow/example_dags/example_nested_branch_dag.py for tasks to queue
[2026-02-26T05:23:55.991+0000] {logging_mixin.py:190} INFO - [2026-02-26T05:23:55.990+0000] {dagbag.py:588} INFO - Filling up the DagBag from /home/ubuntu/airflow-venv/lib/python3.12/site-packages/airflow/example_dags/example_nested_branch_dag.py
[2026-02-26T05:23:55.997+0000] {processor.py:925} INFO - DAG(s) 'example_nested_branch_dag' retrieved from /home/ubuntu/airflow-venv/lib/python3.12/site-packages/airflow/example_dags/example_nested_branch_dag.py
[2026-02-26T05:23:56.007+0000] {logging_mixin.py:190} INFO - [2026-02-26T05:23:56.007+0000] {dag.py:3239} INFO - Sync 1 DAGs
[2026-02-26T05:23:56.019+0000] {logging_mixin.py:190} INFO - [2026-02-26T05:23:56.019+0000] {dag.py:4180} INFO - Setting next_dagrun for example_nested_branch_dag to 2026-02-25 00:00:00+00:00, run_after=2026-02-26 00:00:00+00:00
[2026-02-26T05:23:56.034+0000] {processor.py:208} INFO - Processing /home/ubuntu/airflow-venv/lib/python3.12/site-packages/airflow/example_dags/example_nested_branch_dag.py took 0.049 seconds
[2026-02-26T05:24:50.242+0000] {processor.py:186} INFO - Started process (PID=2262) to work on /home/ubuntu/airflow-venv/lib/python3.12/site-packages/airflow/example_dags/example_nested_branch_dag.py
[2026-02-26T05:24:50.243+0000] {processor.py:914} INFO - Processing file /home/ubuntu/airflow-venv/lib/python3.12/site-packages/airflow/example_dags/example_nested_branch_dag.py for tasks to queue
[2026-02-26T05:24:50.244+0000] {logging_mixin.py:190} INFO - [2026-02-26T05:24:50.244+0000] {dagbag.py:588} INFO - Filling up the DagBag from /home/ubuntu/airflow-venv/lib/python3.12/site-packages/airflow/example_dags/example_nested_branch_dag.py
[2026-02-26T05:24:50.251+0000] {processor.py:925} INFO - DAG(s) 'example_nested_branch_dag' retrieved from /home/ubuntu/airflow-venv/lib/python3.12/site-packages/airflow/example_dags/example_nested_branch_dag.py
[2026-02-26T05:24:50.261+0000] {logging_mixin.py:190} INFO - [2026-02-26T05:24:50.261+0000] {dag.py:3239} INFO - Sync 1 DAGs
[2026-02-26T05:24:50.273+0000] {logging_mixin.py:190} INFO - [2026-02-26T05:24:50.273+0000] {dag.py:4180} INFO - Setting next_dagrun for example_nested_branch_dag to 2026-02-25 00:00:00+00:00, run_after=2026-02-26 00:00:00+00:00
[2026-02-26T05:24:50.289+0000] {processor.py:208} INFO - Processing /home/ubuntu/airflow-venv/lib/python3.12/site-packages/airflow/example_dags/example_nested_branch_dag.py took 0.051 seconds
[2026-02-26T05:25:40.424+0000] {processor.py:186} INFO - Started process (PID=2327) to work on /home/ubuntu/airflow-venv/lib/python3.12/site-packages/airflow/example_dags/example_nested_branch_dag.py
[2026-02-26T05:25:40.425+0000] {processor.py:914} INFO - Processing file /home/ubuntu/airflow-venv/lib/python3.12/site-packages/airflow/example_dags/example_nested_branch_dag.py for tasks to queue
[2026-02-26T05:25:40.426+0000] {logging_mixin.py:190} INFO - [2026-02-26T05:25:40.426+0000] {dagbag.py:588} INFO - Filling up the DagBag from /home/ubuntu/airflow-venv/lib/python3.12/site-packages/airflow/example_dags/example_nested_branch_dag.py
[2026-02-26T05:25:40.433+0000] {processor.py:925} INFO - DAG(s) 'example_nested_branch_dag' retrieved from /home/ubuntu/airflow-venv/lib/python3.12/site-packages/airflow/example_dags/example_nested_branch_dag.py
[2026-02-26T05:25:40.444+0000] {logging_mixin.py:190} INFO - [2026-02-26T05:25:40.443+0000] {dag.py:3239} INFO - Sync 1 DAGs
[2026-02-26T05:25:40.456+0000] {logging_mixin.py:190} INFO - [2026-02-26T05:25:40.455+0000] {dag.py:4180} INFO - Setting next_dagrun for example_nested_branch_dag to 2026-02-25 00:00:00+00:00, run_after=2026-02-26 00:00:00+00:00
[2026-02-26T05:25:40.472+0000] {processor.py:208} INFO - Processing /home/ubuntu/airflow-venv/lib/python3.12/site-packages/airflow/example_dags/example_nested_branch_dag.py took 0.051 seconds
[2026-02-26T05:26:29.775+0000] {processor.py:186} INFO - Started process (PID=2387) to work on /home/ubuntu/airflow-venv/lib/python3.12/site-packages/airflow/example_dags/example_nested_branch_dag.py
[2026-02-26T05:26:29.776+0000] {processor.py:914} INFO - Processing file /home/ubuntu/airflow-venv/lib/python3.12/site-packages/airflow/example_dags/example_nested_branch_dag.py for tasks to queue
[2026-02-26T05:26:29.778+0000] {logging_mixin.py:190} INFO - [2026-02-26T05:26:29.777+0000] {dagbag.py:588} INFO - Filling up the DagBag from /home/ubuntu/airflow-venv/lib/python3.12/site-packages/airflow/example_dags/example_nested_branch_dag.py
[2026-02-26T05:26:29.784+0000] {processor.py:925} INFO - DAG(s) 'example_nested_branch_dag' retrieved from /home/ubuntu/airflow-venv/lib/python3.12/site-packages/airflow/example_dags/example_nested_branch_dag.py
[2026-02-26T05:26:29.794+0000] {logging_mixin.py:190} INFO - [2026-02-26T05:26:29.794+0000] {dag.py:3239} INFO - Sync 1 DAGs
[2026-02-26T05:26:29.806+0000] {logging_mixin.py:190} INFO - [2026-02-26T05:26:29.806+0000] {dag.py:4180} INFO - Setting next_dagrun for example_nested_branch_dag to 2026-02-25 00:00:00+00:00, run_after=2026-02-26 00:00:00+00:00
[2026-02-26T05:26:29.821+0000] {processor.py:208} INFO - Processing /home/ubuntu/airflow-venv/lib/python3.12/site-packages/airflow/example_dags/example_nested_branch_dag.py took 0.049 seconds
[2026-02-26T05:27:20.249+0000] {processor.py:186} INFO - Started process (PID=2804) to work on /home/ubuntu/airflow-venv/lib/python3.12/site-packages/airflow/example_dags/example_nested_branch_dag.py
[2026-02-26T05:27:20.250+0000] {processor.py:914} INFO - Processing file /home/ubuntu/airflow-venv/lib/python3.12/site-packages/airflow/example_dags/example_nested_branch_dag.py for tasks to queue
[2026-02-26T05:27:20.252+0000] {logging_mixin.py:190} INFO - [2026-02-26T05:27:20.251+0000] {dagbag.py:588} INFO - Filling up the DagBag from /home/ubuntu/airflow-venv/lib/python3.12/site-packages/airflow/example_dags/example_nested_branch_dag.py
[2026-02-26T05:27:20.259+0000] {processor.py:925} INFO - DAG(s) 'example_nested_branch_dag' retrieved from /home/ubuntu/airflow-venv/lib/python3.12/site-packages/airflow/example_dags/example_nested_branch_dag.py
[2026-02-26T05:27:20.268+0000] {logging_mixin.py:190} INFO - [2026-02-26T05:27:20.268+0000] {dag.py:3239} INFO - Sync 1 DAGs
[2026-02-26T05:27:20.280+0000] {logging_mixin.py:190} INFO - [2026-02-26T05:27:20.280+0000] {dag.py:4180} INFO - Setting next_dagrun for example_nested_branch_dag to 2026-02-25 00:00:00+00:00, run_after=2026-02-26 00:00:00+00:00
[2026-02-26T05:27:20.296+0000] {processor.py:208} INFO - Processing /home/ubuntu/airflow-venv/lib/python3.12/site-packages/airflow/example_dags/example_nested_branch_dag.py took 0.050 seconds
[2026-02-26T05:28:10.699+0000] {processor.py:186} INFO - Started process (PID=2856) to work on /home/ubuntu/airflow-venv/lib/python3.12/site-packages/airflow/example_dags/example_nested_branch_dag.py
[2026-02-26T05:28:10.701+0000] {processor.py:914} INFO - Processing file /home/ubuntu/airflow-venv/lib/python3.12/site-packages/airflow/example_dags/example_nested_branch_dag.py for tasks to queue
[2026-02-26T05:28:10.702+0000] {logging_mixin.py:190} INFO - [2026-02-26T05:28:10.702+0000] {dagbag.py:588} INFO - Filling up the DagBag from /home/ubuntu/airflow-venv/lib/python3.12/site-packages/airflow/example_dags/example_nested_branch_dag.py
[2026-02-26T05:28:10.709+0000] {processor.py:925} INFO - DAG(s) 'example_nested_branch_dag' retrieved from /home/ubuntu/airflow-venv/lib/python3.12/site-packages/airflow/example_dags/example_nested_branch_dag.py
[2026-02-26T05:28:10.719+0000] {logging_mixin.py:190} INFO - [2026-02-26T05:28:10.719+0000] {dag.py:3239} INFO - Sync 1 DAGs
[2026-02-26T05:28:10.805+0000] {logging_mixin.py:190} INFO - [2026-02-26T05:28:10.805+0000] {dag.py:4180} INFO - Setting next_dagrun for example_nested_branch_dag to 2026-02-25 00:00:00+00:00, run_after=2026-02-26 00:00:00+00:00
[2026-02-26T05:28:10.821+0000] {processor.py:208} INFO - Processing /home/ubuntu/airflow-venv/lib/python3.12/site-packages/airflow/example_dags/example_nested_branch_dag.py took 0.125 seconds
[2026-02-26T05:29:02.657+0000] {processor.py:186} INFO - Started process (PID=2911) to work on /home/ubuntu/airflow-venv/lib/python3.12/site-packages/airflow/example_dags/example_nested_branch_dag.py
[2026-02-26T05:29:02.658+0000] {processor.py:914} INFO - Processing file /home/ubuntu/airflow-venv/lib/python3.12/site-packages/airflow/example_dags/example_nested_branch_dag.py for tasks to queue
[2026-02-26T05:29:02.659+0000] {logging_mixin.py:190} INFO - [2026-02-26T05:29:02.659+0000] {dagbag.py:588} INFO - Filling up the DagBag from /home/ubuntu/airflow-venv/lib/python3.12/site-packages/airflow/example_dags/example_nested_branch_dag.py
[2026-02-26T05:29:02.667+0000] {processor.py:925} INFO - DAG(s) 'example_nested_branch_dag' retrieved from /home/ubuntu/airflow-venv/lib/python3.12/site-packages/airflow/example_dags/example_nested_branch_dag.py
[2026-02-26T05:29:02.677+0000] {logging_mixin.py:190} INFO - [2026-02-26T05:29:02.677+0000] {dag.py:3239} INFO - Sync 1 DAGs
[2026-02-26T05:29:02.689+0000] {logging_mixin.py:190} INFO - [2026-02-26T05:29:02.689+0000] {dag.py:4180} INFO - Setting next_dagrun for example_nested_branch_dag to 2026-02-25 00:00:00+00:00, run_after=2026-02-26 00:00:00+00:00
[2026-02-26T05:29:02.706+0000] {processor.py:208} INFO - Processing /home/ubuntu/airflow-venv/lib/python3.12/site-packages/airflow/example_dags/example_nested_branch_dag.py took 0.053 seconds
[2026-02-26T05:29:54.757+0000] {processor.py:186} INFO - Started process (PID=2963) to work on /home/ubuntu/airflow-venv/lib/python3.12/site-packages/airflow/example_dags/example_nested_branch_dag.py
[2026-02-26T05:29:54.758+0000] {processor.py:914} INFO - Processing file /home/ubuntu/airflow-venv/lib/python3.12/site-packages/airflow/example_dags/example_nested_branch_dag.py for tasks to queue
[2026-02-26T05:29:54.759+0000] {logging_mixin.py:190} INFO - [2026-02-26T05:29:54.759+0000] {dagbag.py:588} INFO - Filling up the DagBag from /home/ubuntu/airflow-venv/lib/python3.12/site-packages/airflow/example_dags/example_nested_branch_dag.py
[2026-02-26T05:29:54.766+0000] {processor.py:925} INFO - DAG(s) 'example_nested_branch_dag' retrieved from /home/ubuntu/airflow-venv/lib/python3.12/site-packages/airflow/example_dags/example_nested_branch_dag.py
[2026-02-26T05:29:54.776+0000] {logging_mixin.py:190} INFO - [2026-02-26T05:29:54.776+0000] {dag.py:3239} INFO - Sync 1 DAGs
[2026-02-26T05:29:54.788+0000] {logging_mixin.py:190} INFO - [2026-02-26T05:29:54.788+0000] {dag.py:4180} INFO - Setting next_dagrun for example_nested_branch_dag to 2026-02-25 00:00:00+00:00, run_after=2026-02-26 00:00:00+00:00
[2026-02-26T05:29:54.804+0000] {processor.py:208} INFO - Processing /home/ubuntu/airflow-venv/lib/python3.12/site-packages/airflow/example_dags/example_nested_branch_dag.py took 0.051 seconds
[2026-02-26T05:30:46.828+0000] {processor.py:186} INFO - Started process (PID=3022) to work on /home/ubuntu/airflow-venv/lib/python3.12/site-packages/airflow/example_dags/example_nested_branch_dag.py
[2026-02-26T05:30:46.829+0000] {processor.py:914} INFO - Processing file /home/ubuntu/airflow-venv/lib/python3.12/site-packages/airflow/example_dags/example_nested_branch_dag.py for tasks to queue
[2026-02-26T05:30:46.830+0000] {logging_mixin.py:190} INFO - [2026-02-26T05:30:46.830+0000] {dagbag.py:588} INFO - Filling up the DagBag from /home/ubuntu/airflow-venv/lib/python3.12/site-packages/airflow/example_dags/example_nested_branch_dag.py
[2026-02-26T05:30:46.837+0000] {processor.py:925} INFO - DAG(s) 'example_nested_branch_dag' retrieved from /home/ubuntu/airflow-venv/lib/python3.12/site-packages/airflow/example_dags/example_nested_branch_dag.py
[2026-02-26T05:30:46.848+0000] {logging_mixin.py:190} INFO - [2026-02-26T05:30:46.848+0000] {dag.py:3239} INFO - Sync 1 DAGs
[2026-02-26T05:30:46.861+0000] {logging_mixin.py:190} INFO - [2026-02-26T05:30:46.861+0000] {dag.py:4180} INFO - Setting next_dagrun for example_nested_branch_dag to 2026-02-25 00:00:00+00:00, run_after=2026-02-26 00:00:00+00:00
[2026-02-26T05:30:46.877+0000] {processor.py:208} INFO - Processing /home/ubuntu/airflow-venv/lib/python3.12/site-packages/airflow/example_dags/example_nested_branch_dag.py took 0.053 seconds
[2026-02-26T05:31:38.431+0000] {processor.py:186} INFO - Started process (PID=3075) to work on /home/ubuntu/airflow-venv/lib/python3.12/site-packages/airflow/example_dags/example_nested_branch_dag.py
[2026-02-26T05:31:38.432+0000] {processor.py:914} INFO - Processing file /home/ubuntu/airflow-venv/lib/python3.12/site-packages/airflow/example_dags/example_nested_branch_dag.py for tasks to queue
[2026-02-26T05:31:38.434+0000] {logging_mixin.py:190} INFO - [2026-02-26T05:31:38.433+0000] {dagbag.py:588} INFO - Filling up the DagBag from /home/ubuntu/airflow-venv/lib/python3.12/site-packages/airflow/example_dags/example_nested_branch_dag.py
[2026-02-26T05:31:38.441+0000] {processor.py:925} INFO - DAG(s) 'example_nested_branch_dag' retrieved from /home/ubuntu/airflow-venv/lib/python3.12/site-packages/airflow/example_dags/example_nested_branch_dag.py
[2026-02-26T05:31:38.451+0000] {logging_mixin.py:190} INFO - [2026-02-26T05:31:38.451+0000] {dag.py:3239} INFO - Sync 1 DAGs
[2026-02-26T05:31:38.464+0000] {logging_mixin.py:190} INFO - [2026-02-26T05:31:38.464+0000] {dag.py:4180} INFO - Setting next_dagrun for example_nested_branch_dag to 2026-02-25 00:00:00+00:00, run_after=2026-02-26 00:00:00+00:00
[2026-02-26T05:31:38.480+0000] {processor.py:208} INFO - Processing /home/ubuntu/airflow-venv/lib/python3.12/site-packages/airflow/example_dags/example_nested_branch_dag.py took 0.052 seconds
[2026-02-26T05:32:29.643+0000] {processor.py:186} INFO - Started process (PID=3128) to work on /home/ubuntu/airflow-venv/lib/python3.12/site-packages/airflow/example_dags/example_nested_branch_dag.py
[2026-02-26T05:32:29.645+0000] {processor.py:914} INFO - Processing file /home/ubuntu/airflow-venv/lib/python3.12/site-packages/airflow/example_dags/example_nested_branch_dag.py for tasks to queue
[2026-02-26T05:32:29.646+0000] {logging_mixin.py:190} INFO - [2026-02-26T05:32:29.646+0000] {dagbag.py:588} INFO - Filling up the DagBag from /home/ubuntu/airflow-venv/lib/python3.12/site-packages/airflow/example_dags/example_nested_branch_dag.py
[2026-02-26T05:32:29.653+0000] {processor.py:925} INFO - DAG(s) 'example_nested_branch_dag' retrieved from /home/ubuntu/airflow-venv/lib/python3.12/site-packages/airflow/example_dags/example_nested_branch_dag.py
[2026-02-26T05:32:29.663+0000] {logging_mixin.py:190} INFO - [2026-02-26T05:32:29.663+0000] {dag.py:3239} INFO - Sync 1 DAGs
[2026-02-26T05:32:29.675+0000] {logging_mixin.py:190} INFO - [2026-02-26T05:32:29.675+0000] {dag.py:4180} INFO - Setting next_dagrun for example_nested_branch_dag to 2026-02-25 00:00:00+00:00, run_after=2026-02-26 00:00:00+00:00
[2026-02-26T05:32:29.691+0000] {processor.py:208} INFO - Processing /home/ubuntu/airflow-venv/lib/python3.12/site-packages/airflow/example_dags/example_nested_branch_dag.py took 0.051 seconds
[2026-02-26T05:33:18.579+0000] {processor.py:186} INFO - Started process (PID=3179) to work on /home/ubuntu/airflow-venv/lib/python3.12/site-packages/airflow/example_dags/example_nested_branch_dag.py
[2026-02-26T05:33:18.580+0000] {processor.py:914} INFO - Processing file /home/ubuntu/airflow-venv/lib/python3.12/site-packages/airflow/example_dags/example_nested_branch_dag.py for tasks to queue
[2026-02-26T05:33:18.582+0000] {logging_mixin.py:190} INFO - [2026-02-26T05:33:18.581+0000] {dagbag.py:588} INFO - Filling up the DagBag from /home/ubuntu/airflow-venv/lib/python3.12/site-packages/airflow/example_dags/example_nested_branch_dag.py
[2026-02-26T05:33:18.589+0000] {processor.py:925} INFO - DAG(s) 'example_nested_branch_dag' retrieved from /home/ubuntu/airflow-venv/lib/python3.12/site-packages/airflow/example_dags/example_nested_branch_dag.py
[2026-02-26T05:33:18.599+0000] {logging_mixin.py:190} INFO - [2026-02-26T05:33:18.599+0000] {dag.py:3239} INFO - Sync 1 DAGs
[2026-02-26T05:33:18.611+0000] {logging_mixin.py:190} INFO - [2026-02-26T05:33:18.611+0000] {dag.py:4180} INFO - Setting next_dagrun for example_nested_branch_dag to 2026-02-25 00:00:00+00:00, run_after=2026-02-26 00:00:00+00:00
[2026-02-26T05:33:18.627+0000] {processor.py:208} INFO - Processing /home/ubuntu/airflow-venv/lib/python3.12/site-packages/airflow/example_dags/example_nested_branch_dag.py took 0.052 seconds
[2026-02-26T05:34:09.215+0000] {processor.py:186} INFO - Started process (PID=3235) to work on /home/ubuntu/airflow-venv/lib/python3.12/site-packages/airflow/example_dags/example_nested_branch_dag.py
[2026-02-26T05:34:09.216+0000] {processor.py:914} INFO - Processing file /home/ubuntu/airflow-venv/lib/python3.12/site-packages/airflow/example_dags/example_nested_branch_dag.py for tasks to queue
[2026-02-26T05:34:09.218+0000] {logging_mixin.py:190} INFO - [2026-02-26T05:34:09.217+0000] {dagbag.py:588} INFO - Filling up the DagBag from /home/ubuntu/airflow-venv/lib/python3.12/site-packages/airflow/example_dags/example_nested_branch_dag.py
[2026-02-26T05:34:09.225+0000] {processor.py:925} INFO - DAG(s) 'example_nested_branch_dag' retrieved from /home/ubuntu/airflow-venv/lib/python3.12/site-packages/airflow/example_dags/example_nested_branch_dag.py
[2026-02-26T05:34:09.235+0000] {logging_mixin.py:190} INFO - [2026-02-26T05:34:09.235+0000] {dag.py:3239} INFO - Sync 1 DAGs
[2026-02-26T05:34:09.248+0000] {logging_mixin.py:190} INFO - [2026-02-26T05:34:09.247+0000] {dag.py:4180} INFO - Setting next_dagrun for example_nested_branch_dag to 2026-02-25 00:00:00+00:00, run_after=2026-02-26 00:00:00+00:00
[2026-02-26T05:34:09.264+0000] {processor.py:208} INFO - Processing /home/ubuntu/airflow-venv/lib/python3.12/site-packages/airflow/example_dags/example_nested_branch_dag.py took 0.052 seconds
[2026-02-26T05:34:57.707+0000] {processor.py:186} INFO - Started process (PID=3288) to work on /home/ubuntu/airflow-venv/lib/python3.12/site-packages/airflow/example_dags/example_nested_branch_dag.py
[2026-02-26T05:34:57.708+0000] {processor.py:914} INFO - Processing file /home/ubuntu/airflow-venv/lib/python3.12/site-packages/airflow/example_dags/example_nested_branch_dag.py for tasks to queue
[2026-02-26T05:34:57.709+0000] {logging_mixin.py:190} INFO - [2026-02-26T05:34:57.709+0000] {dagbag.py:588} INFO - Filling up the DagBag from /home/ubuntu/airflow-venv/lib/python3.12/site-packages/airflow/example_dags/example_nested_branch_dag.py
[2026-02-26T05:34:57.717+0000] {processor.py:925} INFO - DAG(s) 'example_nested_branch_dag' retrieved from /home/ubuntu/airflow-venv/lib/python3.12/site-packages/airflow/example_dags/example_nested_branch_dag.py
[2026-02-26T05:34:57.727+0000] {logging_mixin.py:190} INFO - [2026-02-26T05:34:57.727+0000] {dag.py:3239} INFO - Sync 1 DAGs
[2026-02-26T05:34:57.740+0000] {logging_mixin.py:190} INFO - [2026-02-26T05:34:57.740+0000] {dag.py:4180} INFO - Setting next_dagrun for example_nested_branch_dag to 2026-02-25 00:00:00+00:00, run_after=2026-02-26 00:00:00+00:00
[2026-02-26T05:34:57.756+0000] {processor.py:208} INFO - Processing /home/ubuntu/airflow-venv/lib/python3.12/site-packages/airflow/example_dags/example_nested_branch_dag.py took 0.052 seconds
[2026-02-26T05:35:49.219+0000] {processor.py:186} INFO - Started process (PID=3348) to work on /home/ubuntu/airflow-venv/lib/python3.12/site-packages/airflow/example_dags/example_nested_branch_dag.py
[2026-02-26T05:35:49.220+0000] {processor.py:914} INFO - Processing file /home/ubuntu/airflow-venv/lib/python3.12/site-packages/airflow/example_dags/example_nested_branch_dag.py for tasks to queue
[2026-02-26T05:35:49.221+0000] {logging_mixin.py:190} INFO - [2026-02-26T05:35:49.221+0000] {dagbag.py:588} INFO - Filling up the DagBag from /home/ubuntu/airflow-venv/lib/python3.12/site-packages/airflow/example_dags/example_nested_branch_dag.py
[2026-02-26T05:35:49.228+0000] {processor.py:925} INFO - DAG(s) 'example_nested_branch_dag' retrieved from /home/ubuntu/airflow-venv/lib/python3.12/site-packages/airflow/example_dags/example_nested_branch_dag.py
[2026-02-26T05:35:49.238+0000] {logging_mixin.py:190} INFO - [2026-02-26T05:35:49.238+0000] {dag.py:3239} INFO - Sync 1 DAGs
[2026-02-26T05:35:49.250+0000] {logging_mixin.py:190} INFO - [2026-02-26T05:35:49.250+0000] {dag.py:4180} INFO - Setting next_dagrun for example_nested_branch_dag to 2026-02-25 00:00:00+00:00, run_after=2026-02-26 00:00:00+00:00
[2026-02-26T05:35:49.265+0000] {processor.py:208} INFO - Processing /home/ubuntu/airflow-venv/lib/python3.12/site-packages/airflow/example_dags/example_nested_branch_dag.py took 0.050 seconds
[2026-02-26T05:36:42.075+0000] {processor.py:186} INFO - Started process (PID=3406) to work on /home/ubuntu/airflow-venv/lib/python3.12/site-packages/airflow/example_dags/example_nested_branch_dag.py
[2026-02-26T05:36:42.076+0000] {processor.py:914} INFO - Processing file /home/ubuntu/airflow-venv/lib/python3.12/site-packages/airflow/example_dags/example_nested_branch_dag.py for tasks to queue
[2026-02-26T05:36:42.078+0000] {logging_mixin.py:190} INFO - [2026-02-26T05:36:42.078+0000] {dagbag.py:588} INFO - Filling up the DagBag from /home/ubuntu/airflow-venv/lib/python3.12/site-packages/airflow/example_dags/example_nested_branch_dag.py
[2026-02-26T05:36:42.085+0000] {processor.py:925} INFO - DAG(s) 'example_nested_branch_dag' retrieved from /home/ubuntu/airflow-venv/lib/python3.12/site-packages/airflow/example_dags/example_nested_branch_dag.py
[2026-02-26T05:36:42.096+0000] {logging_mixin.py:190} INFO - [2026-02-26T05:36:42.096+0000] {dag.py:3239} INFO - Sync 1 DAGs
[2026-02-26T05:36:42.108+0000] {logging_mixin.py:190} INFO - [2026-02-26T05:36:42.108+0000] {dag.py:4180} INFO - Setting next_dagrun for example_nested_branch_dag to 2026-02-25 00:00:00+00:00, run_after=2026-02-26 00:00:00+00:00
[2026-02-26T05:36:42.125+0000] {processor.py:208} INFO - Processing /home/ubuntu/airflow-venv/lib/python3.12/site-packages/airflow/example_dags/example_nested_branch_dag.py took 0.053 seconds
[2026-02-26T05:37:30.434+0000] {processor.py:186} INFO - Started process (PID=3458) to work on /home/ubuntu/airflow-venv/lib/python3.12/site-packages/airflow/example_dags/example_nested_branch_dag.py
[2026-02-26T05:37:30.435+0000] {processor.py:914} INFO - Processing file /home/ubuntu/airflow-venv/lib/python3.12/site-packages/airflow/example_dags/example_nested_branch_dag.py for tasks to queue
[2026-02-26T05:37:30.437+0000] {logging_mixin.py:190} INFO - [2026-02-26T05:37:30.436+0000] {dagbag.py:588} INFO - Filling up the DagBag from /home/ubuntu/airflow-venv/lib/python3.12/site-packages/airflow/example_dags/example_nested_branch_dag.py
[2026-02-26T05:37:30.444+0000] {processor.py:925} INFO - DAG(s) 'example_nested_branch_dag' retrieved from /home/ubuntu/airflow-venv/lib/python3.12/site-packages/airflow/example_dags/example_nested_branch_dag.py
[2026-02-26T05:37:30.454+0000] {logging_mixin.py:190} INFO - [2026-02-26T05:37:30.454+0000] {dag.py:3239} INFO - Sync 1 DAGs
[2026-02-26T05:37:30.466+0000] {logging_mixin.py:190} INFO - [2026-02-26T05:37:30.466+0000] {dag.py:4180} INFO - Setting next_dagrun for example_nested_branch_dag to 2026-02-25 00:00:00+00:00, run_after=2026-02-26 00:00:00+00:00
[2026-02-26T05:37:30.484+0000] {processor.py:208} INFO - Processing /home/ubuntu/airflow-venv/lib/python3.12/site-packages/airflow/example_dags/example_nested_branch_dag.py took 0.053 seconds
[2026-02-26T05:38:19.624+0000] {processor.py:186} INFO - Started process (PID=3508) to work on /home/ubuntu/airflow-venv/lib/python3.12/site-packages/airflow/example_dags/example_nested_branch_dag.py
[2026-02-26T05:38:19.625+0000] {processor.py:914} INFO - Processing file /home/ubuntu/airflow-venv/lib/python3.12/site-packages/airflow/example_dags/example_nested_branch_dag.py for tasks to queue
[2026-02-26T05:38:19.626+0000] {logging_mixin.py:190} INFO - [2026-02-26T05:38:19.626+0000] {dagbag.py:588} INFO - Filling up the DagBag from /home/ubuntu/airflow-venv/lib/python3.12/site-packages/airflow/example_dags/example_nested_branch_dag.py
[2026-02-26T05:38:19.633+0000] {processor.py:925} INFO - DAG(s) 'example_nested_branch_dag' retrieved from /home/ubuntu/airflow-venv/lib/python3.12/site-packages/airflow/example_dags/example_nested_branch_dag.py
[2026-02-26T05:38:19.643+0000] {logging_mixin.py:190} INFO - [2026-02-26T05:38:19.643+0000] {dag.py:3239} INFO - Sync 1 DAGs
[2026-02-26T05:38:19.656+0000] {logging_mixin.py:190} INFO - [2026-02-26T05:38:19.655+0000] {dag.py:4180} INFO - Setting next_dagrun for example_nested_branch_dag to 2026-02-25 00:00:00+00:00, run_after=2026-02-26 00:00:00+00:00
[2026-02-26T05:38:19.672+0000] {processor.py:208} INFO - Processing /home/ubuntu/airflow-venv/lib/python3.12/site-packages/airflow/example_dags/example_nested_branch_dag.py took 0.052 seconds
[2026-02-26T05:39:10.999+0000] {processor.py:186} INFO - Started process (PID=3561) to work on /home/ubuntu/airflow-venv/lib/python3.12/site-packages/airflow/example_dags/example_nested_branch_dag.py
[2026-02-26T05:39:11.000+0000] {processor.py:914} INFO - Processing file /home/ubuntu/airflow-venv/lib/python3.12/site-packages/airflow/example_dags/example_nested_branch_dag.py for tasks to queue
[2026-02-26T05:39:11.001+0000] {logging_mixin.py:190} INFO - [2026-02-26T05:39:11.001+0000] {dagbag.py:588} INFO - Filling up the DagBag from /home/ubuntu/airflow-venv/lib/python3.12/site-packages/airflow/example_dags/example_nested_branch_dag.py
[2026-02-26T05:39:11.008+0000] {processor.py:925} INFO - DAG(s) 'example_nested_branch_dag' retrieved from /home/ubuntu/airflow-venv/lib/python3.12/site-packages/airflow/example_dags/example_nested_branch_dag.py
[2026-02-26T05:39:11.017+0000] {logging_mixin.py:190} INFO - [2026-02-26T05:39:11.017+0000] {dag.py:3239} INFO - Sync 1 DAGs
[2026-02-26T05:39:11.029+0000] {logging_mixin.py:190} INFO - [2026-02-26T05:39:11.029+0000] {dag.py:4180} INFO - Setting next_dagrun for example_nested_branch_dag to 2026-02-25 00:00:00+00:00, run_after=2026-02-26 00:00:00+00:00
[2026-02-26T05:39:11.045+0000] {processor.py:208} INFO - Processing /home/ubuntu/airflow-venv/lib/python3.12/site-packages/airflow/example_dags/example_nested_branch_dag.py took 0.050 seconds
[2026-02-26T05:40:02.238+0000] {processor.py:186} INFO - Started process (PID=3616) to work on /home/ubuntu/airflow-venv/lib/python3.12/site-packages/airflow/example_dags/example_nested_branch_dag.py
[2026-02-26T05:40:02.240+0000] {processor.py:914} INFO - Processing file /home/ubuntu/airflow-venv/lib/python3.12/site-packages/airflow/example_dags/example_nested_branch_dag.py for tasks to queue
[2026-02-26T05:40:02.241+0000] {logging_mixin.py:190} INFO - [2026-02-26T05:40:02.241+0000] {dagbag.py:588} INFO - Filling up the DagBag from /home/ubuntu/airflow-venv/lib/python3.12/site-packages/airflow/example_dags/example_nested_branch_dag.py
[2026-02-26T05:40:02.249+0000] {processor.py:925} INFO - DAG(s) 'example_nested_branch_dag' retrieved from /home/ubuntu/airflow-venv/lib/python3.12/site-packages/airflow/example_dags/example_nested_branch_dag.py
[2026-02-26T05:40:02.259+0000] {logging_mixin.py:190} INFO - [2026-02-26T05:40:02.259+0000] {dag.py:3239} INFO - Sync 1 DAGs
[2026-02-26T05:40:02.271+0000] {logging_mixin.py:190} INFO - [2026-02-26T05:40:02.271+0000] {dag.py:4180} INFO - Setting next_dagrun for example_nested_branch_dag to 2026-02-25 00:00:00+00:00, run_after=2026-02-26 00:00:00+00:00
[2026-02-26T05:40:02.287+0000] {processor.py:208} INFO - Processing /home/ubuntu/airflow-venv/lib/python3.12/site-packages/airflow/example_dags/example_nested_branch_dag.py took 0.053 seconds
[2026-02-26T05:40:49.744+0000] {processor.py:186} INFO - Started process (PID=3672) to work on /home/ubuntu/airflow-venv/lib/python3.12/site-packages/airflow/example_dags/example_nested_branch_dag.py
[2026-02-26T05:40:49.745+0000] {processor.py:914} INFO - Processing file /home/ubuntu/airflow-venv/lib/python3.12/site-packages/airflow/example_dags/example_nested_branch_dag.py for tasks to queue
[2026-02-26T05:40:49.747+0000] {logging_mixin.py:190} INFO - [2026-02-26T05:40:49.746+0000] {dagbag.py:588} INFO - Filling up the DagBag from /home/ubuntu/airflow-venv/lib/python3.12/site-packages/airflow/example_dags/example_nested_branch_dag.py
[2026-02-26T05:40:49.754+0000] {processor.py:925} INFO - DAG(s) 'example_nested_branch_dag' retrieved from /home/ubuntu/airflow-venv/lib/python3.12/site-packages/airflow/example_dags/example_nested_branch_dag.py
[2026-02-26T05:40:49.764+0000] {logging_mixin.py:190} INFO - [2026-02-26T05:40:49.764+0000] {dag.py:3239} INFO - Sync 1 DAGs
[2026-02-26T05:40:49.777+0000] {logging_mixin.py:190} INFO - [2026-02-26T05:40:49.777+0000] {dag.py:4180} INFO - Setting next_dagrun for example_nested_branch_dag to 2026-02-25 00:00:00+00:00, run_after=2026-02-26 00:00:00+00:00
[2026-02-26T05:40:49.793+0000] {processor.py:208} INFO - Processing /home/ubuntu/airflow-venv/lib/python3.12/site-packages/airflow/example_dags/example_nested_branch_dag.py took 0.053 seconds
[2026-02-26T05:41:38.572+0000] {processor.py:186} INFO - Started process (PID=3723) to work on /home/ubuntu/airflow-venv/lib/python3.12/site-packages/airflow/example_dags/example_nested_branch_dag.py
[2026-02-26T05:41:38.573+0000] {processor.py:914} INFO - Processing file /home/ubuntu/airflow-venv/lib/python3.12/site-packages/airflow/example_dags/example_nested_branch_dag.py for tasks to queue
[2026-02-26T05:41:38.575+0000] {logging_mixin.py:190} INFO - [2026-02-26T05:41:38.574+0000] {dagbag.py:588} INFO - Filling up the DagBag from /home/ubuntu/airflow-venv/lib/python3.12/site-packages/airflow/example_dags/example_nested_branch_dag.py
[2026-02-26T05:41:38.582+0000] {processor.py:925} INFO - DAG(s) 'example_nested_branch_dag' retrieved from /home/ubuntu/airflow-venv/lib/python3.12/site-packages/airflow/example_dags/example_nested_branch_dag.py
[2026-02-26T05:41:38.591+0000] {logging_mixin.py:190} INFO - [2026-02-26T05:41:38.591+0000] {dag.py:3239} INFO - Sync 1 DAGs
[2026-02-26T05:41:38.603+0000] {logging_mixin.py:190} INFO - [2026-02-26T05:41:38.603+0000] {dag.py:4180} INFO - Setting next_dagrun for example_nested_branch_dag to 2026-02-25 00:00:00+00:00, run_after=2026-02-26 00:00:00+00:00
[2026-02-26T05:41:38.619+0000] {processor.py:208} INFO - Processing /home/ubuntu/airflow-venv/lib/python3.12/site-packages/airflow/example_dags/example_nested_branch_dag.py took 0.050 seconds
[2026-02-26T05:42:29.530+0000] {processor.py:186} INFO - Started process (PID=3774) to work on /home/ubuntu/airflow-venv/lib/python3.12/site-packages/airflow/example_dags/example_nested_branch_dag.py
[2026-02-26T05:42:29.531+0000] {processor.py:914} INFO - Processing file /home/ubuntu/airflow-venv/lib/python3.12/site-packages/airflow/example_dags/example_nested_branch_dag.py for tasks to queue
[2026-02-26T05:42:29.532+0000] {logging_mixin.py:190} INFO - [2026-02-26T05:42:29.532+0000] {dagbag.py:588} INFO - Filling up the DagBag from /home/ubuntu/airflow-venv/lib/python3.12/site-packages/airflow/example_dags/example_nested_branch_dag.py
[2026-02-26T05:42:29.540+0000] {processor.py:925} INFO - DAG(s) 'example_nested_branch_dag' retrieved from /home/ubuntu/airflow-venv/lib/python3.12/site-packages/airflow/example_dags/example_nested_branch_dag.py
[2026-02-26T05:42:29.550+0000] {logging_mixin.py:190} INFO - [2026-02-26T05:42:29.550+0000] {dag.py:3239} INFO - Sync 1 DAGs
[2026-02-26T05:42:29.563+0000] {logging_mixin.py:190} INFO - [2026-02-26T05:42:29.563+0000] {dag.py:4180} INFO - Setting next_dagrun for example_nested_branch_dag to 2026-02-25 00:00:00+00:00, run_after=2026-02-26 00:00:00+00:00
[2026-02-26T05:42:29.579+0000] {processor.py:208} INFO - Processing /home/ubuntu/airflow-venv/lib/python3.12/site-packages/airflow/example_dags/example_nested_branch_dag.py took 0.053 seconds
[2026-02-26T05:43:18.644+0000] {processor.py:186} INFO - Started process (PID=3827) to work on /home/ubuntu/airflow-venv/lib/python3.12/site-packages/airflow/example_dags/example_nested_branch_dag.py
[2026-02-26T05:43:18.645+0000] {processor.py:914} INFO - Processing file /home/ubuntu/airflow-venv/lib/python3.12/site-packages/airflow/example_dags/example_nested_branch_dag.py for tasks to queue
[2026-02-26T05:43:18.646+0000] {logging_mixin.py:190} INFO - [2026-02-26T05:43:18.646+0000] {dagbag.py:588} INFO - Filling up the DagBag from /home/ubuntu/airflow-venv/lib/python3.12/site-packages/airflow/example_dags/example_nested_branch_dag.py
[2026-02-26T05:43:18.654+0000] {processor.py:925} INFO - DAG(s) 'example_nested_branch_dag' retrieved from /home/ubuntu/airflow-venv/lib/python3.12/site-packages/airflow/example_dags/example_nested_branch_dag.py
[2026-02-26T05:43:18.664+0000] {logging_mixin.py:190} INFO - [2026-02-26T05:43:18.664+0000] {dag.py:3239} INFO - Sync 1 DAGs
[2026-02-26T05:43:18.677+0000] {logging_mixin.py:190} INFO - [2026-02-26T05:43:18.677+0000] {dag.py:4180} INFO - Setting next_dagrun for example_nested_branch_dag to 2026-02-25 00:00:00+00:00, run_after=2026-02-26 00:00:00+00:00
[2026-02-26T05:43:18.694+0000] {processor.py:208} INFO - Processing /home/ubuntu/airflow-venv/lib/python3.12/site-packages/airflow/example_dags/example_nested_branch_dag.py took 0.054 seconds
[2026-02-26T05:44:08.524+0000] {processor.py:186} INFO - Started process (PID=3879) to work on /home/ubuntu/airflow-venv/lib/python3.12/site-packages/airflow/example_dags/example_nested_branch_dag.py
[2026-02-26T05:44:08.526+0000] {processor.py:914} INFO - Processing file /home/ubuntu/airflow-venv/lib/python3.12/site-packages/airflow/example_dags/example_nested_branch_dag.py for tasks to queue
[2026-02-26T05:44:08.527+0000] {logging_mixin.py:190} INFO - [2026-02-26T05:44:08.527+0000] {dagbag.py:588} INFO - Filling up the DagBag from /home/ubuntu/airflow-venv/lib/python3.12/site-packages/airflow/example_dags/example_nested_branch_dag.py
[2026-02-26T05:44:08.534+0000] {processor.py:925} INFO - DAG(s) 'example_nested_branch_dag' retrieved from /home/ubuntu/airflow-venv/lib/python3.12/site-packages/airflow/example_dags/example_nested_branch_dag.py
[2026-02-26T05:44:08.544+0000] {logging_mixin.py:190} INFO - [2026-02-26T05:44:08.544+0000] {dag.py:3239} INFO - Sync 1 DAGs
[2026-02-26T05:44:08.556+0000] {logging_mixin.py:190} INFO - [2026-02-26T05:44:08.556+0000] {dag.py:4180} INFO - Setting next_dagrun for example_nested_branch_dag to 2026-02-25 00:00:00+00:00, run_after=2026-02-26 00:00:00+00:00
[2026-02-26T05:44:08.572+0000] {processor.py:208} INFO - Processing /home/ubuntu/airflow-venv/lib/python3.12/site-packages/airflow/example_dags/example_nested_branch_dag.py took 0.051 seconds
[2026-02-26T05:44:56.910+0000] {processor.py:186} INFO - Started process (PID=3932) to work on /home/ubuntu/airflow-venv/lib/python3.12/site-packages/airflow/example_dags/example_nested_branch_dag.py
[2026-02-26T05:44:56.911+0000] {processor.py:914} INFO - Processing file /home/ubuntu/airflow-venv/lib/python3.12/site-packages/airflow/example_dags/example_nested_branch_dag.py for tasks to queue
[2026-02-26T05:44:56.913+0000] {logging_mixin.py:190} INFO - [2026-02-26T05:44:56.912+0000] {dagbag.py:588} INFO - Filling up the DagBag from /home/ubuntu/airflow-venv/lib/python3.12/site-packages/airflow/example_dags/example_nested_branch_dag.py
[2026-02-26T05:44:56.920+0000] {processor.py:925} INFO - DAG(s) 'example_nested_branch_dag' retrieved from /home/ubuntu/airflow-venv/lib/python3.12/site-packages/airflow/example_dags/example_nested_branch_dag.py
[2026-02-26T05:44:56.930+0000] {logging_mixin.py:190} INFO - [2026-02-26T05:44:56.930+0000] {dag.py:3239} INFO - Sync 1 DAGs
[2026-02-26T05:44:56.942+0000] {logging_mixin.py:190} INFO - [2026-02-26T05:44:56.942+0000] {dag.py:4180} INFO - Setting next_dagrun for example_nested_branch_dag to 2026-02-25 00:00:00+00:00, run_after=2026-02-26 00:00:00+00:00
[2026-02-26T05:44:56.957+0000] {processor.py:208} INFO - Processing /home/ubuntu/airflow-venv/lib/python3.12/site-packages/airflow/example_dags/example_nested_branch_dag.py took 0.051 seconds
[2026-02-26T06:14:04.809+0000] {processor.py:186} INFO - Started process (PID=2717) to work on /home/ubuntu/airflow-venv/lib/python3.12/site-packages/airflow/example_dags/example_nested_branch_dag.py
[2026-02-26T06:14:04.811+0000] {processor.py:914} INFO - Processing file /home/ubuntu/airflow-venv/lib/python3.12/site-packages/airflow/example_dags/example_nested_branch_dag.py for tasks to queue
[2026-02-26T06:14:04.813+0000] {logging_mixin.py:190} INFO - [2026-02-26T06:14:04.812+0000] {dagbag.py:588} INFO - Filling up the DagBag from /home/ubuntu/airflow-venv/lib/python3.12/site-packages/airflow/example_dags/example_nested_branch_dag.py
[2026-02-26T06:14:04.820+0000] {processor.py:925} INFO - DAG(s) 'example_nested_branch_dag' retrieved from /home/ubuntu/airflow-venv/lib/python3.12/site-packages/airflow/example_dags/example_nested_branch_dag.py
[2026-02-26T06:14:04.833+0000] {logging_mixin.py:190} INFO - [2026-02-26T06:14:04.833+0000] {dag.py:3239} INFO - Sync 1 DAGs
[2026-02-26T06:14:04.845+0000] {logging_mixin.py:190} INFO - [2026-02-26T06:14:04.845+0000] {dag.py:4180} INFO - Setting next_dagrun for example_nested_branch_dag to 2026-02-25 00:00:00+00:00, run_after=2026-02-26 00:00:00+00:00
[2026-02-26T06:14:04.861+0000] {processor.py:208} INFO - Processing /home/ubuntu/airflow-venv/lib/python3.12/site-packages/airflow/example_dags/example_nested_branch_dag.py took 0.055 seconds
[2026-02-26T06:15:05.735+0000] {processor.py:186} INFO - Started process (PID=2785) to work on /home/ubuntu/airflow-venv/lib/python3.12/site-packages/airflow/example_dags/example_nested_branch_dag.py
[2026-02-26T06:15:05.737+0000] {processor.py:914} INFO - Processing file /home/ubuntu/airflow-venv/lib/python3.12/site-packages/airflow/example_dags/example_nested_branch_dag.py for tasks to queue
[2026-02-26T06:15:05.738+0000] {logging_mixin.py:190} INFO - [2026-02-26T06:15:05.738+0000] {dagbag.py:588} INFO - Filling up the DagBag from /home/ubuntu/airflow-venv/lib/python3.12/site-packages/airflow/example_dags/example_nested_branch_dag.py
[2026-02-26T06:15:05.746+0000] {processor.py:925} INFO - DAG(s) 'example_nested_branch_dag' retrieved from /home/ubuntu/airflow-venv/lib/python3.12/site-packages/airflow/example_dags/example_nested_branch_dag.py
[2026-02-26T06:15:05.757+0000] {logging_mixin.py:190} INFO - [2026-02-26T06:15:05.756+0000] {dag.py:3239} INFO - Sync 1 DAGs
[2026-02-26T06:15:05.770+0000] {logging_mixin.py:190} INFO - [2026-02-26T06:15:05.770+0000] {dag.py:4180} INFO - Setting next_dagrun for example_nested_branch_dag to 2026-02-25 00:00:00+00:00, run_after=2026-02-26 00:00:00+00:00
[2026-02-26T06:15:05.786+0000] {processor.py:208} INFO - Processing /home/ubuntu/airflow-venv/lib/python3.12/site-packages/airflow/example_dags/example_nested_branch_dag.py took 0.054 seconds
[2026-02-26T06:16:02.617+0000] {processor.py:186} INFO - Started process (PID=2849) to work on /home/ubuntu/airflow-venv/lib/python3.12/site-packages/airflow/example_dags/example_nested_branch_dag.py
[2026-02-26T06:16:02.619+0000] {processor.py:914} INFO - Processing file /home/ubuntu/airflow-venv/lib/python3.12/site-packages/airflow/example_dags/example_nested_branch_dag.py for tasks to queue
[2026-02-26T06:16:02.620+0000] {logging_mixin.py:190} INFO - [2026-02-26T06:16:02.620+0000] {dagbag.py:588} INFO - Filling up the DagBag from /home/ubuntu/airflow-venv/lib/python3.12/site-packages/airflow/example_dags/example_nested_branch_dag.py
[2026-02-26T06:16:02.628+0000] {processor.py:925} INFO - DAG(s) 'example_nested_branch_dag' retrieved from /home/ubuntu/airflow-venv/lib/python3.12/site-packages/airflow/example_dags/example_nested_branch_dag.py
[2026-02-26T06:16:02.639+0000] {logging_mixin.py:190} INFO - [2026-02-26T06:16:02.638+0000] {dag.py:3239} INFO - Sync 1 DAGs
[2026-02-26T06:16:02.651+0000] {logging_mixin.py:190} INFO - [2026-02-26T06:16:02.651+0000] {dag.py:4180} INFO - Setting next_dagrun for example_nested_branch_dag to 2026-02-25 00:00:00+00:00, run_after=2026-02-26 00:00:00+00:00
[2026-02-26T06:16:02.670+0000] {processor.py:208} INFO - Processing /home/ubuntu/airflow-venv/lib/python3.12/site-packages/airflow/example_dags/example_nested_branch_dag.py took 0.056 seconds
[2026-02-26T06:16:57.964+0000] {processor.py:186} INFO - Started process (PID=2906) to work on /home/ubuntu/airflow-venv/lib/python3.12/site-packages/airflow/example_dags/example_nested_branch_dag.py
[2026-02-26T06:16:57.965+0000] {processor.py:914} INFO - Processing file /home/ubuntu/airflow-venv/lib/python3.12/site-packages/airflow/example_dags/example_nested_branch_dag.py for tasks to queue
[2026-02-26T06:16:57.966+0000] {logging_mixin.py:190} INFO - [2026-02-26T06:16:57.966+0000] {dagbag.py:588} INFO - Filling up the DagBag from /home/ubuntu/airflow-venv/lib/python3.12/site-packages/airflow/example_dags/example_nested_branch_dag.py
[2026-02-26T06:16:57.974+0000] {processor.py:925} INFO - DAG(s) 'example_nested_branch_dag' retrieved from /home/ubuntu/airflow-venv/lib/python3.12/site-packages/airflow/example_dags/example_nested_branch_dag.py
[2026-02-26T06:16:57.985+0000] {logging_mixin.py:190} INFO - [2026-02-26T06:16:57.985+0000] {dag.py:3239} INFO - Sync 1 DAGs
[2026-02-26T06:16:57.998+0000] {logging_mixin.py:190} INFO - [2026-02-26T06:16:57.997+0000] {dag.py:4180} INFO - Setting next_dagrun for example_nested_branch_dag to 2026-02-25 00:00:00+00:00, run_after=2026-02-26 00:00:00+00:00
[2026-02-26T06:16:58.014+0000] {processor.py:208} INFO - Processing /home/ubuntu/airflow-venv/lib/python3.12/site-packages/airflow/example_dags/example_nested_branch_dag.py took 0.054 seconds
[2026-02-26T06:17:50.415+0000] {processor.py:186} INFO - Started process (PID=2965) to work on /home/ubuntu/airflow-venv/lib/python3.12/site-packages/airflow/example_dags/example_nested_branch_dag.py
[2026-02-26T06:17:50.416+0000] {processor.py:914} INFO - Processing file /home/ubuntu/airflow-venv/lib/python3.12/site-packages/airflow/example_dags/example_nested_branch_dag.py for tasks to queue
[2026-02-26T06:17:50.418+0000] {logging_mixin.py:190} INFO - [2026-02-26T06:17:50.417+0000] {dagbag.py:588} INFO - Filling up the DagBag from /home/ubuntu/airflow-venv/lib/python3.12/site-packages/airflow/example_dags/example_nested_branch_dag.py
[2026-02-26T06:17:50.425+0000] {processor.py:925} INFO - DAG(s) 'example_nested_branch_dag' retrieved from /home/ubuntu/airflow-venv/lib/python3.12/site-packages/airflow/example_dags/example_nested_branch_dag.py
[2026-02-26T06:17:50.436+0000] {logging_mixin.py:190} INFO - [2026-02-26T06:17:50.436+0000] {dag.py:3239} INFO - Sync 1 DAGs
[2026-02-26T06:17:50.449+0000] {logging_mixin.py:190} INFO - [2026-02-26T06:17:50.448+0000] {dag.py:4180} INFO - Setting next_dagrun for example_nested_branch_dag to 2026-02-25 00:00:00+00:00, run_after=2026-02-26 00:00:00+00:00
[2026-02-26T06:17:50.465+0000] {processor.py:208} INFO - Processing /home/ubuntu/airflow-venv/lib/python3.12/site-packages/airflow/example_dags/example_nested_branch_dag.py took 0.054 seconds
[2026-02-26T06:18:43.177+0000] {processor.py:186} INFO - Started process (PID=3018) to work on /home/ubuntu/airflow-venv/lib/python3.12/site-packages/airflow/example_dags/example_nested_branch_dag.py
[2026-02-26T06:18:43.178+0000] {processor.py:914} INFO - Processing file /home/ubuntu/airflow-venv/lib/python3.12/site-packages/airflow/example_dags/example_nested_branch_dag.py for tasks to queue
[2026-02-26T06:18:43.180+0000] {logging_mixin.py:190} INFO - [2026-02-26T06:18:43.179+0000] {dagbag.py:588} INFO - Filling up the DagBag from /home/ubuntu/airflow-venv/lib/python3.12/site-packages/airflow/example_dags/example_nested_branch_dag.py
[2026-02-26T06:18:43.187+0000] {processor.py:925} INFO - DAG(s) 'example_nested_branch_dag' retrieved from /home/ubuntu/airflow-venv/lib/python3.12/site-packages/airflow/example_dags/example_nested_branch_dag.py
[2026-02-26T06:18:43.198+0000] {logging_mixin.py:190} INFO - [2026-02-26T06:18:43.198+0000] {dag.py:3239} INFO - Sync 1 DAGs
[2026-02-26T06:18:43.211+0000] {logging_mixin.py:190} INFO - [2026-02-26T06:18:43.211+0000] {dag.py:4180} INFO - Setting next_dagrun for example_nested_branch_dag to 2026-02-25 00:00:00+00:00, run_after=2026-02-26 00:00:00+00:00
[2026-02-26T06:18:43.304+0000] {processor.py:208} INFO - Processing /home/ubuntu/airflow-venv/lib/python3.12/site-packages/airflow/example_dags/example_nested_branch_dag.py took 0.130 seconds
[2026-02-26T06:19:40.211+0000] {processor.py:186} INFO - Started process (PID=3074) to work on /home/ubuntu/airflow-venv/lib/python3.12/site-packages/airflow/example_dags/example_nested_branch_dag.py
[2026-02-26T06:19:40.212+0000] {processor.py:914} INFO - Processing file /home/ubuntu/airflow-venv/lib/python3.12/site-packages/airflow/example_dags/example_nested_branch_dag.py for tasks to queue
[2026-02-26T06:19:40.214+0000] {logging_mixin.py:190} INFO - [2026-02-26T06:19:40.213+0000] {dagbag.py:588} INFO - Filling up the DagBag from /home/ubuntu/airflow-venv/lib/python3.12/site-packages/airflow/example_dags/example_nested_branch_dag.py
[2026-02-26T06:19:40.221+0000] {processor.py:925} INFO - DAG(s) 'example_nested_branch_dag' retrieved from /home/ubuntu/airflow-venv/lib/python3.12/site-packages/airflow/example_dags/example_nested_branch_dag.py
[2026-02-26T06:19:40.232+0000] {logging_mixin.py:190} INFO - [2026-02-26T06:19:40.232+0000] {dag.py:3239} INFO - Sync 1 DAGs
[2026-02-26T06:19:40.245+0000] {logging_mixin.py:190} INFO - [2026-02-26T06:19:40.245+0000] {dag.py:4180} INFO - Setting next_dagrun for example_nested_branch_dag to 2026-02-25 00:00:00+00:00, run_after=2026-02-26 00:00:00+00:00
[2026-02-26T06:19:40.263+0000] {processor.py:208} INFO - Processing /home/ubuntu/airflow-venv/lib/python3.12/site-packages/airflow/example_dags/example_nested_branch_dag.py took 0.056 seconds
[2026-02-26T06:20:33.296+0000] {processor.py:186} INFO - Started process (PID=3132) to work on /home/ubuntu/airflow-venv/lib/python3.12/site-packages/airflow/example_dags/example_nested_branch_dag.py
[2026-02-26T06:20:33.297+0000] {processor.py:914} INFO - Processing file /home/ubuntu/airflow-venv/lib/python3.12/site-packages/airflow/example_dags/example_nested_branch_dag.py for tasks to queue
[2026-02-26T06:20:33.298+0000] {logging_mixin.py:190} INFO - [2026-02-26T06:20:33.298+0000] {dagbag.py:588} INFO - Filling up the DagBag from /home/ubuntu/airflow-venv/lib/python3.12/site-packages/airflow/example_dags/example_nested_branch_dag.py
[2026-02-26T06:20:33.306+0000] {processor.py:925} INFO - DAG(s) 'example_nested_branch_dag' retrieved from /home/ubuntu/airflow-venv/lib/python3.12/site-packages/airflow/example_dags/example_nested_branch_dag.py
[2026-02-26T06:20:33.317+0000] {logging_mixin.py:190} INFO - [2026-02-26T06:20:33.317+0000] {dag.py:3239} INFO - Sync 1 DAGs
[2026-02-26T06:20:33.330+0000] {logging_mixin.py:190} INFO - [2026-02-26T06:20:33.330+0000] {dag.py:4180} INFO - Setting next_dagrun for example_nested_branch_dag to 2026-02-25 00:00:00+00:00, run_after=2026-02-26 00:00:00+00:00
[2026-02-26T06:20:33.348+0000] {processor.py:208} INFO - Processing /home/ubuntu/airflow-venv/lib/python3.12/site-packages/airflow/example_dags/example_nested_branch_dag.py took 0.056 seconds
[2026-02-26T06:21:21.816+0000] {processor.py:186} INFO - Started process (PID=3184) to work on /home/ubuntu/airflow-venv/lib/python3.12/site-packages/airflow/example_dags/example_nested_branch_dag.py
[2026-02-26T06:21:21.818+0000] {processor.py:914} INFO - Processing file /home/ubuntu/airflow-venv/lib/python3.12/site-packages/airflow/example_dags/example_nested_branch_dag.py for tasks to queue
[2026-02-26T06:21:21.819+0000] {logging_mixin.py:190} INFO - [2026-02-26T06:21:21.819+0000] {dagbag.py:588} INFO - Filling up the DagBag from /home/ubuntu/airflow-venv/lib/python3.12/site-packages/airflow/example_dags/example_nested_branch_dag.py
[2026-02-26T06:21:21.827+0000] {processor.py:925} INFO - DAG(s) 'example_nested_branch_dag' retrieved from /home/ubuntu/airflow-venv/lib/python3.12/site-packages/airflow/example_dags/example_nested_branch_dag.py
[2026-02-26T06:21:21.838+0000] {logging_mixin.py:190} INFO - [2026-02-26T06:21:21.838+0000] {dag.py:3239} INFO - Sync 1 DAGs
[2026-02-26T06:21:21.852+0000] {logging_mixin.py:190} INFO - [2026-02-26T06:21:21.852+0000] {dag.py:4180} INFO - Setting next_dagrun for example_nested_branch_dag to 2026-02-25 00:00:00+00:00, run_after=2026-02-26 00:00:00+00:00
[2026-02-26T06:21:21.868+0000] {processor.py:208} INFO - Processing /home/ubuntu/airflow-venv/lib/python3.12/site-packages/airflow/example_dags/example_nested_branch_dag.py took 0.056 seconds
[2026-02-26T06:22:12.077+0000] {processor.py:186} INFO - Started process (PID=3239) to work on /home/ubuntu/airflow-venv/lib/python3.12/site-packages/airflow/example_dags/example_nested_branch_dag.py
[2026-02-26T06:22:12.079+0000] {processor.py:914} INFO - Processing file /home/ubuntu/airflow-venv/lib/python3.12/site-packages/airflow/example_dags/example_nested_branch_dag.py for tasks to queue
[2026-02-26T06:22:12.080+0000] {logging_mixin.py:190} INFO - [2026-02-26T06:22:12.080+0000] {dagbag.py:588} INFO - Filling up the DagBag from /home/ubuntu/airflow-venv/lib/python3.12/site-packages/airflow/example_dags/example_nested_branch_dag.py
[2026-02-26T06:22:12.088+0000] {processor.py:925} INFO - DAG(s) 'example_nested_branch_dag' retrieved from /home/ubuntu/airflow-venv/lib/python3.12/site-packages/airflow/example_dags/example_nested_branch_dag.py
[2026-02-26T06:22:12.099+0000] {logging_mixin.py:190} INFO - [2026-02-26T06:22:12.098+0000] {dag.py:3239} INFO - Sync 1 DAGs
[2026-02-26T06:22:12.112+0000] {logging_mixin.py:190} INFO - [2026-02-26T06:22:12.112+0000] {dag.py:4180} INFO - Setting next_dagrun for example_nested_branch_dag to 2026-02-25 00:00:00+00:00, run_after=2026-02-26 00:00:00+00:00
[2026-02-26T06:22:12.129+0000] {processor.py:208} INFO - Processing /home/ubuntu/airflow-venv/lib/python3.12/site-packages/airflow/example_dags/example_nested_branch_dag.py took 0.055 seconds
[2026-02-26T06:23:02.290+0000] {processor.py:186} INFO - Started process (PID=3292) to work on /home/ubuntu/airflow-venv/lib/python3.12/site-packages/airflow/example_dags/example_nested_branch_dag.py
[2026-02-26T06:23:02.291+0000] {processor.py:914} INFO - Processing file /home/ubuntu/airflow-venv/lib/python3.12/site-packages/airflow/example_dags/example_nested_branch_dag.py for tasks to queue
[2026-02-26T06:23:02.293+0000] {logging_mixin.py:190} INFO - [2026-02-26T06:23:02.293+0000] {dagbag.py:588} INFO - Filling up the DagBag from /home/ubuntu/airflow-venv/lib/python3.12/site-packages/airflow/example_dags/example_nested_branch_dag.py
[2026-02-26T06:23:02.300+0000] {processor.py:925} INFO - DAG(s) 'example_nested_branch_dag' retrieved from /home/ubuntu/airflow-venv/lib/python3.12/site-packages/airflow/example_dags/example_nested_branch_dag.py
[2026-02-26T06:23:02.311+0000] {logging_mixin.py:190} INFO - [2026-02-26T06:23:02.311+0000] {dag.py:3239} INFO - Sync 1 DAGs
[2026-02-26T06:23:02.325+0000] {logging_mixin.py:190} INFO - [2026-02-26T06:23:02.325+0000] {dag.py:4180} INFO - Setting next_dagrun for example_nested_branch_dag to 2026-02-25 00:00:00+00:00, run_after=2026-02-26 00:00:00+00:00
[2026-02-26T06:23:02.342+0000] {processor.py:208} INFO - Processing /home/ubuntu/airflow-venv/lib/python3.12/site-packages/airflow/example_dags/example_nested_branch_dag.py took 0.056 seconds
[2026-02-26T06:23:55.614+0000] {processor.py:186} INFO - Started process (PID=3345) to work on /home/ubuntu/airflow-venv/lib/python3.12/site-packages/airflow/example_dags/example_nested_branch_dag.py
[2026-02-26T06:23:55.616+0000] {processor.py:914} INFO - Processing file /home/ubuntu/airflow-venv/lib/python3.12/site-packages/airflow/example_dags/example_nested_branch_dag.py for tasks to queue
[2026-02-26T06:23:55.617+0000] {logging_mixin.py:190} INFO - [2026-02-26T06:23:55.617+0000] {dagbag.py:588} INFO - Filling up the DagBag from /home/ubuntu/airflow-venv/lib/python3.12/site-packages/airflow/example_dags/example_nested_branch_dag.py
[2026-02-26T06:23:55.625+0000] {processor.py:925} INFO - DAG(s) 'example_nested_branch_dag' retrieved from /home/ubuntu/airflow-venv/lib/python3.12/site-packages/airflow/example_dags/example_nested_branch_dag.py
[2026-02-26T06:23:55.637+0000] {logging_mixin.py:190} INFO - [2026-02-26T06:23:55.637+0000] {dag.py:3239} INFO - Sync 1 DAGs
[2026-02-26T06:23:55.650+0000] {logging_mixin.py:190} INFO - [2026-02-26T06:23:55.650+0000] {dag.py:4180} INFO - Setting next_dagrun for example_nested_branch_dag to 2026-02-25 00:00:00+00:00, run_after=2026-02-26 00:00:00+00:00
[2026-02-26T06:23:55.668+0000] {processor.py:208} INFO - Processing /home/ubuntu/airflow-venv/lib/python3.12/site-packages/airflow/example_dags/example_nested_branch_dag.py took 0.057 seconds
