[2026-02-26T05:23:05.211+0000] {processor.py:186} INFO - Started process (PID=2152) to work on /home/ubuntu/airflow-venv/lib/python3.12/site-packages/airflow/example_dags/example_kubernetes_executor.py
[2026-02-26T05:23:05.212+0000] {processor.py:914} INFO - Processing file /home/ubuntu/airflow-venv/lib/python3.12/site-packages/airflow/example_dags/example_kubernetes_executor.py for tasks to queue
[2026-02-26T05:23:05.213+0000] {logging_mixin.py:190} INFO - [2026-02-26T05:23:05.213+0000] {dagbag.py:588} INFO - Filling up the DagBag from /home/ubuntu/airflow-venv/lib/python3.12/site-packages/airflow/example_dags/example_kubernetes_executor.py
[2026-02-26T05:23:05.215+0000] {logging_mixin.py:190} INFO - [2026-02-26T05:23:05.215+0000] {example_kubernetes_executor.py:39} WARNING - The example_kubernetes_executor example DAG requires the kubernetes provider. Please install it with: pip install apache-airflow[cncf.kubernetes]
[2026-02-26T05:23:05.215+0000] {processor.py:927} WARNING - No viable dags retrieved from /home/ubuntu/airflow-venv/lib/python3.12/site-packages/airflow/example_dags/example_kubernetes_executor.py
[2026-02-26T05:23:05.222+0000] {processor.py:208} INFO - Processing /home/ubuntu/airflow-venv/lib/python3.12/site-packages/airflow/example_dags/example_kubernetes_executor.py took 0.014 seconds
[2026-02-26T05:23:59.997+0000] {processor.py:186} INFO - Started process (PID=2209) to work on /home/ubuntu/airflow-venv/lib/python3.12/site-packages/airflow/example_dags/example_kubernetes_executor.py
[2026-02-26T05:23:59.998+0000] {processor.py:914} INFO - Processing file /home/ubuntu/airflow-venv/lib/python3.12/site-packages/airflow/example_dags/example_kubernetes_executor.py for tasks to queue
[2026-02-26T05:23:59.999+0000] {logging_mixin.py:190} INFO - [2026-02-26T05:23:59.999+0000] {dagbag.py:588} INFO - Filling up the DagBag from /home/ubuntu/airflow-venv/lib/python3.12/site-packages/airflow/example_dags/example_kubernetes_executor.py
[2026-02-26T05:24:00.001+0000] {logging_mixin.py:190} INFO - [2026-02-26T05:24:00.001+0000] {example_kubernetes_executor.py:39} WARNING - The example_kubernetes_executor example DAG requires the kubernetes provider. Please install it with: pip install apache-airflow[cncf.kubernetes]
[2026-02-26T05:24:00.001+0000] {processor.py:927} WARNING - No viable dags retrieved from /home/ubuntu/airflow-venv/lib/python3.12/site-packages/airflow/example_dags/example_kubernetes_executor.py
[2026-02-26T05:24:00.007+0000] {processor.py:208} INFO - Processing /home/ubuntu/airflow-venv/lib/python3.12/site-packages/airflow/example_dags/example_kubernetes_executor.py took 0.014 seconds
[2026-02-26T05:24:54.185+0000] {processor.py:186} INFO - Started process (PID=2266) to work on /home/ubuntu/airflow-venv/lib/python3.12/site-packages/airflow/example_dags/example_kubernetes_executor.py
[2026-02-26T05:24:54.186+0000] {processor.py:914} INFO - Processing file /home/ubuntu/airflow-venv/lib/python3.12/site-packages/airflow/example_dags/example_kubernetes_executor.py for tasks to queue
[2026-02-26T05:24:54.187+0000] {logging_mixin.py:190} INFO - [2026-02-26T05:24:54.187+0000] {dagbag.py:588} INFO - Filling up the DagBag from /home/ubuntu/airflow-venv/lib/python3.12/site-packages/airflow/example_dags/example_kubernetes_executor.py
[2026-02-26T05:24:54.189+0000] {logging_mixin.py:190} INFO - [2026-02-26T05:24:54.189+0000] {example_kubernetes_executor.py:39} WARNING - The example_kubernetes_executor example DAG requires the kubernetes provider. Please install it with: pip install apache-airflow[cncf.kubernetes]
[2026-02-26T05:24:54.189+0000] {processor.py:927} WARNING - No viable dags retrieved from /home/ubuntu/airflow-venv/lib/python3.12/site-packages/airflow/example_dags/example_kubernetes_executor.py
[2026-02-26T05:24:54.195+0000] {processor.py:208} INFO - Processing /home/ubuntu/airflow-venv/lib/python3.12/site-packages/airflow/example_dags/example_kubernetes_executor.py took 0.014 seconds
[2026-02-26T05:25:44.424+0000] {processor.py:186} INFO - Started process (PID=2331) to work on /home/ubuntu/airflow-venv/lib/python3.12/site-packages/airflow/example_dags/example_kubernetes_executor.py
[2026-02-26T05:25:44.426+0000] {processor.py:914} INFO - Processing file /home/ubuntu/airflow-venv/lib/python3.12/site-packages/airflow/example_dags/example_kubernetes_executor.py for tasks to queue
[2026-02-26T05:25:44.427+0000] {logging_mixin.py:190} INFO - [2026-02-26T05:25:44.427+0000] {dagbag.py:588} INFO - Filling up the DagBag from /home/ubuntu/airflow-venv/lib/python3.12/site-packages/airflow/example_dags/example_kubernetes_executor.py
[2026-02-26T05:25:44.429+0000] {logging_mixin.py:190} INFO - [2026-02-26T05:25:44.428+0000] {example_kubernetes_executor.py:39} WARNING - The example_kubernetes_executor example DAG requires the kubernetes provider. Please install it with: pip install apache-airflow[cncf.kubernetes]
[2026-02-26T05:25:44.429+0000] {processor.py:927} WARNING - No viable dags retrieved from /home/ubuntu/airflow-venv/lib/python3.12/site-packages/airflow/example_dags/example_kubernetes_executor.py
[2026-02-26T05:25:44.435+0000] {processor.py:208} INFO - Processing /home/ubuntu/airflow-venv/lib/python3.12/site-packages/airflow/example_dags/example_kubernetes_executor.py took 0.014 seconds
[2026-02-26T05:26:33.216+0000] {processor.py:186} INFO - Started process (PID=2391) to work on /home/ubuntu/airflow-venv/lib/python3.12/site-packages/airflow/example_dags/example_kubernetes_executor.py
[2026-02-26T05:26:33.217+0000] {processor.py:914} INFO - Processing file /home/ubuntu/airflow-venv/lib/python3.12/site-packages/airflow/example_dags/example_kubernetes_executor.py for tasks to queue
[2026-02-26T05:26:33.219+0000] {logging_mixin.py:190} INFO - [2026-02-26T05:26:33.219+0000] {dagbag.py:588} INFO - Filling up the DagBag from /home/ubuntu/airflow-venv/lib/python3.12/site-packages/airflow/example_dags/example_kubernetes_executor.py
[2026-02-26T05:26:33.220+0000] {logging_mixin.py:190} INFO - [2026-02-26T05:26:33.220+0000] {example_kubernetes_executor.py:39} WARNING - The example_kubernetes_executor example DAG requires the kubernetes provider. Please install it with: pip install apache-airflow[cncf.kubernetes]
[2026-02-26T05:26:33.220+0000] {processor.py:927} WARNING - No viable dags retrieved from /home/ubuntu/airflow-venv/lib/python3.12/site-packages/airflow/example_dags/example_kubernetes_executor.py
[2026-02-26T05:26:33.227+0000] {processor.py:208} INFO - Processing /home/ubuntu/airflow-venv/lib/python3.12/site-packages/airflow/example_dags/example_kubernetes_executor.py took 0.014 seconds
[2026-02-26T05:27:23.826+0000] {processor.py:186} INFO - Started process (PID=2808) to work on /home/ubuntu/airflow-venv/lib/python3.12/site-packages/airflow/example_dags/example_kubernetes_executor.py
[2026-02-26T05:27:23.827+0000] {processor.py:914} INFO - Processing file /home/ubuntu/airflow-venv/lib/python3.12/site-packages/airflow/example_dags/example_kubernetes_executor.py for tasks to queue
[2026-02-26T05:27:23.829+0000] {logging_mixin.py:190} INFO - [2026-02-26T05:27:23.828+0000] {dagbag.py:588} INFO - Filling up the DagBag from /home/ubuntu/airflow-venv/lib/python3.12/site-packages/airflow/example_dags/example_kubernetes_executor.py
[2026-02-26T05:27:23.830+0000] {logging_mixin.py:190} INFO - [2026-02-26T05:27:23.830+0000] {example_kubernetes_executor.py:39} WARNING - The example_kubernetes_executor example DAG requires the kubernetes provider. Please install it with: pip install apache-airflow[cncf.kubernetes]
[2026-02-26T05:27:23.831+0000] {processor.py:927} WARNING - No viable dags retrieved from /home/ubuntu/airflow-venv/lib/python3.12/site-packages/airflow/example_dags/example_kubernetes_executor.py
[2026-02-26T05:27:23.837+0000] {processor.py:208} INFO - Processing /home/ubuntu/airflow-venv/lib/python3.12/site-packages/airflow/example_dags/example_kubernetes_executor.py took 0.015 seconds
[2026-02-26T05:28:14.709+0000] {processor.py:186} INFO - Started process (PID=2860) to work on /home/ubuntu/airflow-venv/lib/python3.12/site-packages/airflow/example_dags/example_kubernetes_executor.py
[2026-02-26T05:28:14.710+0000] {processor.py:914} INFO - Processing file /home/ubuntu/airflow-venv/lib/python3.12/site-packages/airflow/example_dags/example_kubernetes_executor.py for tasks to queue
[2026-02-26T05:28:14.711+0000] {logging_mixin.py:190} INFO - [2026-02-26T05:28:14.711+0000] {dagbag.py:588} INFO - Filling up the DagBag from /home/ubuntu/airflow-venv/lib/python3.12/site-packages/airflow/example_dags/example_kubernetes_executor.py
[2026-02-26T05:28:14.713+0000] {logging_mixin.py:190} INFO - [2026-02-26T05:28:14.713+0000] {example_kubernetes_executor.py:39} WARNING - The example_kubernetes_executor example DAG requires the kubernetes provider. Please install it with: pip install apache-airflow[cncf.kubernetes]
[2026-02-26T05:28:14.713+0000] {processor.py:927} WARNING - No viable dags retrieved from /home/ubuntu/airflow-venv/lib/python3.12/site-packages/airflow/example_dags/example_kubernetes_executor.py
[2026-02-26T05:28:14.719+0000] {processor.py:208} INFO - Processing /home/ubuntu/airflow-venv/lib/python3.12/site-packages/airflow/example_dags/example_kubernetes_executor.py took 0.014 seconds
[2026-02-26T05:29:06.340+0000] {processor.py:186} INFO - Started process (PID=2915) to work on /home/ubuntu/airflow-venv/lib/python3.12/site-packages/airflow/example_dags/example_kubernetes_executor.py
[2026-02-26T05:29:06.341+0000] {processor.py:914} INFO - Processing file /home/ubuntu/airflow-venv/lib/python3.12/site-packages/airflow/example_dags/example_kubernetes_executor.py for tasks to queue
[2026-02-26T05:29:06.342+0000] {logging_mixin.py:190} INFO - [2026-02-26T05:29:06.342+0000] {dagbag.py:588} INFO - Filling up the DagBag from /home/ubuntu/airflow-venv/lib/python3.12/site-packages/airflow/example_dags/example_kubernetes_executor.py
[2026-02-26T05:29:06.344+0000] {logging_mixin.py:190} INFO - [2026-02-26T05:29:06.344+0000] {example_kubernetes_executor.py:39} WARNING - The example_kubernetes_executor example DAG requires the kubernetes provider. Please install it with: pip install apache-airflow[cncf.kubernetes]
[2026-02-26T05:29:06.344+0000] {processor.py:927} WARNING - No viable dags retrieved from /home/ubuntu/airflow-venv/lib/python3.12/site-packages/airflow/example_dags/example_kubernetes_executor.py
[2026-02-26T05:29:06.350+0000] {processor.py:208} INFO - Processing /home/ubuntu/airflow-venv/lib/python3.12/site-packages/airflow/example_dags/example_kubernetes_executor.py took 0.014 seconds
[2026-02-26T05:29:57.634+0000] {processor.py:186} INFO - Started process (PID=2967) to work on /home/ubuntu/airflow-venv/lib/python3.12/site-packages/airflow/example_dags/example_kubernetes_executor.py
[2026-02-26T05:29:57.636+0000] {processor.py:914} INFO - Processing file /home/ubuntu/airflow-venv/lib/python3.12/site-packages/airflow/example_dags/example_kubernetes_executor.py for tasks to queue
[2026-02-26T05:29:57.637+0000] {logging_mixin.py:190} INFO - [2026-02-26T05:29:57.637+0000] {dagbag.py:588} INFO - Filling up the DagBag from /home/ubuntu/airflow-venv/lib/python3.12/site-packages/airflow/example_dags/example_kubernetes_executor.py
[2026-02-26T05:29:57.638+0000] {logging_mixin.py:190} INFO - [2026-02-26T05:29:57.638+0000] {example_kubernetes_executor.py:39} WARNING - The example_kubernetes_executor example DAG requires the kubernetes provider. Please install it with: pip install apache-airflow[cncf.kubernetes]
[2026-02-26T05:29:57.639+0000] {processor.py:927} WARNING - No viable dags retrieved from /home/ubuntu/airflow-venv/lib/python3.12/site-packages/airflow/example_dags/example_kubernetes_executor.py
[2026-02-26T05:29:57.645+0000] {processor.py:208} INFO - Processing /home/ubuntu/airflow-venv/lib/python3.12/site-packages/airflow/example_dags/example_kubernetes_executor.py took 0.014 seconds
[2026-02-26T05:30:50.708+0000] {processor.py:186} INFO - Started process (PID=3026) to work on /home/ubuntu/airflow-venv/lib/python3.12/site-packages/airflow/example_dags/example_kubernetes_executor.py
[2026-02-26T05:30:50.709+0000] {processor.py:914} INFO - Processing file /home/ubuntu/airflow-venv/lib/python3.12/site-packages/airflow/example_dags/example_kubernetes_executor.py for tasks to queue
[2026-02-26T05:30:50.710+0000] {logging_mixin.py:190} INFO - [2026-02-26T05:30:50.710+0000] {dagbag.py:588} INFO - Filling up the DagBag from /home/ubuntu/airflow-venv/lib/python3.12/site-packages/airflow/example_dags/example_kubernetes_executor.py
[2026-02-26T05:30:50.712+0000] {logging_mixin.py:190} INFO - [2026-02-26T05:30:50.712+0000] {example_kubernetes_executor.py:39} WARNING - The example_kubernetes_executor example DAG requires the kubernetes provider. Please install it with: pip install apache-airflow[cncf.kubernetes]
[2026-02-26T05:30:50.712+0000] {processor.py:927} WARNING - No viable dags retrieved from /home/ubuntu/airflow-venv/lib/python3.12/site-packages/airflow/example_dags/example_kubernetes_executor.py
[2026-02-26T05:30:50.719+0000] {processor.py:208} INFO - Processing /home/ubuntu/airflow-venv/lib/python3.12/site-packages/airflow/example_dags/example_kubernetes_executor.py took 0.015 seconds
[2026-02-26T05:31:42.586+0000] {processor.py:186} INFO - Started process (PID=3079) to work on /home/ubuntu/airflow-venv/lib/python3.12/site-packages/airflow/example_dags/example_kubernetes_executor.py
[2026-02-26T05:31:42.587+0000] {processor.py:914} INFO - Processing file /home/ubuntu/airflow-venv/lib/python3.12/site-packages/airflow/example_dags/example_kubernetes_executor.py for tasks to queue
[2026-02-26T05:31:42.588+0000] {logging_mixin.py:190} INFO - [2026-02-26T05:31:42.588+0000] {dagbag.py:588} INFO - Filling up the DagBag from /home/ubuntu/airflow-venv/lib/python3.12/site-packages/airflow/example_dags/example_kubernetes_executor.py
[2026-02-26T05:31:42.590+0000] {logging_mixin.py:190} INFO - [2026-02-26T05:31:42.590+0000] {example_kubernetes_executor.py:39} WARNING - The example_kubernetes_executor example DAG requires the kubernetes provider. Please install it with: pip install apache-airflow[cncf.kubernetes]
[2026-02-26T05:31:42.590+0000] {processor.py:927} WARNING - No viable dags retrieved from /home/ubuntu/airflow-venv/lib/python3.12/site-packages/airflow/example_dags/example_kubernetes_executor.py
[2026-02-26T05:31:42.596+0000] {processor.py:208} INFO - Processing /home/ubuntu/airflow-venv/lib/python3.12/site-packages/airflow/example_dags/example_kubernetes_executor.py took 0.014 seconds
[2026-02-26T05:32:32.774+0000] {processor.py:186} INFO - Started process (PID=3132) to work on /home/ubuntu/airflow-venv/lib/python3.12/site-packages/airflow/example_dags/example_kubernetes_executor.py
[2026-02-26T05:32:32.776+0000] {processor.py:914} INFO - Processing file /home/ubuntu/airflow-venv/lib/python3.12/site-packages/airflow/example_dags/example_kubernetes_executor.py for tasks to queue
[2026-02-26T05:32:32.777+0000] {logging_mixin.py:190} INFO - [2026-02-26T05:32:32.777+0000] {dagbag.py:588} INFO - Filling up the DagBag from /home/ubuntu/airflow-venv/lib/python3.12/site-packages/airflow/example_dags/example_kubernetes_executor.py
[2026-02-26T05:32:32.779+0000] {logging_mixin.py:190} INFO - [2026-02-26T05:32:32.778+0000] {example_kubernetes_executor.py:39} WARNING - The example_kubernetes_executor example DAG requires the kubernetes provider. Please install it with: pip install apache-airflow[cncf.kubernetes]
[2026-02-26T05:32:32.779+0000] {processor.py:927} WARNING - No viable dags retrieved from /home/ubuntu/airflow-venv/lib/python3.12/site-packages/airflow/example_dags/example_kubernetes_executor.py
[2026-02-26T05:32:32.785+0000] {processor.py:208} INFO - Processing /home/ubuntu/airflow-venv/lib/python3.12/site-packages/airflow/example_dags/example_kubernetes_executor.py took 0.014 seconds
[2026-02-26T05:33:22.973+0000] {processor.py:186} INFO - Started process (PID=3183) to work on /home/ubuntu/airflow-venv/lib/python3.12/site-packages/airflow/example_dags/example_kubernetes_executor.py
[2026-02-26T05:33:22.975+0000] {processor.py:914} INFO - Processing file /home/ubuntu/airflow-venv/lib/python3.12/site-packages/airflow/example_dags/example_kubernetes_executor.py for tasks to queue
[2026-02-26T05:33:22.976+0000] {logging_mixin.py:190} INFO - [2026-02-26T05:33:22.976+0000] {dagbag.py:588} INFO - Filling up the DagBag from /home/ubuntu/airflow-venv/lib/python3.12/site-packages/airflow/example_dags/example_kubernetes_executor.py
[2026-02-26T05:33:22.978+0000] {logging_mixin.py:190} INFO - [2026-02-26T05:33:22.977+0000] {example_kubernetes_executor.py:39} WARNING - The example_kubernetes_executor example DAG requires the kubernetes provider. Please install it with: pip install apache-airflow[cncf.kubernetes]
[2026-02-26T05:33:22.978+0000] {processor.py:927} WARNING - No viable dags retrieved from /home/ubuntu/airflow-venv/lib/python3.12/site-packages/airflow/example_dags/example_kubernetes_executor.py
[2026-02-26T05:33:22.984+0000] {processor.py:208} INFO - Processing /home/ubuntu/airflow-venv/lib/python3.12/site-packages/airflow/example_dags/example_kubernetes_executor.py took 0.014 seconds
[2026-02-26T05:34:13.214+0000] {processor.py:186} INFO - Started process (PID=3239) to work on /home/ubuntu/airflow-venv/lib/python3.12/site-packages/airflow/example_dags/example_kubernetes_executor.py
[2026-02-26T05:34:13.215+0000] {processor.py:914} INFO - Processing file /home/ubuntu/airflow-venv/lib/python3.12/site-packages/airflow/example_dags/example_kubernetes_executor.py for tasks to queue
[2026-02-26T05:34:13.217+0000] {logging_mixin.py:190} INFO - [2026-02-26T05:34:13.216+0000] {dagbag.py:588} INFO - Filling up the DagBag from /home/ubuntu/airflow-venv/lib/python3.12/site-packages/airflow/example_dags/example_kubernetes_executor.py
[2026-02-26T05:34:13.218+0000] {logging_mixin.py:190} INFO - [2026-02-26T05:34:13.218+0000] {example_kubernetes_executor.py:39} WARNING - The example_kubernetes_executor example DAG requires the kubernetes provider. Please install it with: pip install apache-airflow[cncf.kubernetes]
[2026-02-26T05:34:13.218+0000] {processor.py:927} WARNING - No viable dags retrieved from /home/ubuntu/airflow-venv/lib/python3.12/site-packages/airflow/example_dags/example_kubernetes_executor.py
[2026-02-26T05:34:13.225+0000] {processor.py:208} INFO - Processing /home/ubuntu/airflow-venv/lib/python3.12/site-packages/airflow/example_dags/example_kubernetes_executor.py took 0.015 seconds
[2026-02-26T05:35:27.354+0000] {processor.py:186} INFO - Started process (PID=3325) to work on /home/ubuntu/airflow-venv/lib/python3.12/site-packages/airflow/example_dags/example_kubernetes_executor.py
[2026-02-26T05:35:27.355+0000] {processor.py:914} INFO - Processing file /home/ubuntu/airflow-venv/lib/python3.12/site-packages/airflow/example_dags/example_kubernetes_executor.py for tasks to queue
[2026-02-26T05:35:27.357+0000] {logging_mixin.py:190} INFO - [2026-02-26T05:35:27.356+0000] {dagbag.py:588} INFO - Filling up the DagBag from /home/ubuntu/airflow-venv/lib/python3.12/site-packages/airflow/example_dags/example_kubernetes_executor.py
[2026-02-26T05:35:27.358+0000] {logging_mixin.py:190} INFO - [2026-02-26T05:35:27.358+0000] {example_kubernetes_executor.py:39} WARNING - The example_kubernetes_executor example DAG requires the kubernetes provider. Please install it with: pip install apache-airflow[cncf.kubernetes]
[2026-02-26T05:35:27.358+0000] {processor.py:927} WARNING - No viable dags retrieved from /home/ubuntu/airflow-venv/lib/python3.12/site-packages/airflow/example_dags/example_kubernetes_executor.py
[2026-02-26T05:35:27.364+0000] {processor.py:208} INFO - Processing /home/ubuntu/airflow-venv/lib/python3.12/site-packages/airflow/example_dags/example_kubernetes_executor.py took 0.014 seconds
[2026-02-26T05:36:21.030+0000] {processor.py:186} INFO - Started process (PID=3383) to work on /home/ubuntu/airflow-venv/lib/python3.12/site-packages/airflow/example_dags/example_kubernetes_executor.py
[2026-02-26T05:36:21.032+0000] {processor.py:914} INFO - Processing file /home/ubuntu/airflow-venv/lib/python3.12/site-packages/airflow/example_dags/example_kubernetes_executor.py for tasks to queue
[2026-02-26T05:36:21.033+0000] {logging_mixin.py:190} INFO - [2026-02-26T05:36:21.033+0000] {dagbag.py:588} INFO - Filling up the DagBag from /home/ubuntu/airflow-venv/lib/python3.12/site-packages/airflow/example_dags/example_kubernetes_executor.py
[2026-02-26T05:36:21.035+0000] {logging_mixin.py:190} INFO - [2026-02-26T05:36:21.035+0000] {example_kubernetes_executor.py:39} WARNING - The example_kubernetes_executor example DAG requires the kubernetes provider. Please install it with: pip install apache-airflow[cncf.kubernetes]
[2026-02-26T05:36:21.035+0000] {processor.py:927} WARNING - No viable dags retrieved from /home/ubuntu/airflow-venv/lib/python3.12/site-packages/airflow/example_dags/example_kubernetes_executor.py
[2026-02-26T05:36:21.041+0000] {processor.py:208} INFO - Processing /home/ubuntu/airflow-venv/lib/python3.12/site-packages/airflow/example_dags/example_kubernetes_executor.py took 0.015 seconds
[2026-02-26T05:37:10.202+0000] {processor.py:186} INFO - Started process (PID=3437) to work on /home/ubuntu/airflow-venv/lib/python3.12/site-packages/airflow/example_dags/example_kubernetes_executor.py
[2026-02-26T05:37:10.203+0000] {processor.py:914} INFO - Processing file /home/ubuntu/airflow-venv/lib/python3.12/site-packages/airflow/example_dags/example_kubernetes_executor.py for tasks to queue
[2026-02-26T05:37:10.204+0000] {logging_mixin.py:190} INFO - [2026-02-26T05:37:10.204+0000] {dagbag.py:588} INFO - Filling up the DagBag from /home/ubuntu/airflow-venv/lib/python3.12/site-packages/airflow/example_dags/example_kubernetes_executor.py
[2026-02-26T05:37:10.206+0000] {logging_mixin.py:190} INFO - [2026-02-26T05:37:10.206+0000] {example_kubernetes_executor.py:39} WARNING - The example_kubernetes_executor example DAG requires the kubernetes provider. Please install it with: pip install apache-airflow[cncf.kubernetes]
[2026-02-26T05:37:10.206+0000] {processor.py:927} WARNING - No viable dags retrieved from /home/ubuntu/airflow-venv/lib/python3.12/site-packages/airflow/example_dags/example_kubernetes_executor.py
[2026-02-26T05:37:10.213+0000] {processor.py:208} INFO - Processing /home/ubuntu/airflow-venv/lib/python3.12/site-packages/airflow/example_dags/example_kubernetes_executor.py took 0.014 seconds
[2026-02-26T05:38:23.084+0000] {processor.py:186} INFO - Started process (PID=3512) to work on /home/ubuntu/airflow-venv/lib/python3.12/site-packages/airflow/example_dags/example_kubernetes_executor.py
[2026-02-26T05:38:23.085+0000] {processor.py:914} INFO - Processing file /home/ubuntu/airflow-venv/lib/python3.12/site-packages/airflow/example_dags/example_kubernetes_executor.py for tasks to queue
[2026-02-26T05:38:23.087+0000] {logging_mixin.py:190} INFO - [2026-02-26T05:38:23.086+0000] {dagbag.py:588} INFO - Filling up the DagBag from /home/ubuntu/airflow-venv/lib/python3.12/site-packages/airflow/example_dags/example_kubernetes_executor.py
[2026-02-26T05:38:23.088+0000] {logging_mixin.py:190} INFO - [2026-02-26T05:38:23.088+0000] {example_kubernetes_executor.py:39} WARNING - The example_kubernetes_executor example DAG requires the kubernetes provider. Please install it with: pip install apache-airflow[cncf.kubernetes]
[2026-02-26T05:38:23.089+0000] {processor.py:927} WARNING - No viable dags retrieved from /home/ubuntu/airflow-venv/lib/python3.12/site-packages/airflow/example_dags/example_kubernetes_executor.py
[2026-02-26T05:38:23.095+0000] {processor.py:208} INFO - Processing /home/ubuntu/airflow-venv/lib/python3.12/site-packages/airflow/example_dags/example_kubernetes_executor.py took 0.014 seconds
[2026-02-26T05:39:15.093+0000] {processor.py:186} INFO - Started process (PID=3565) to work on /home/ubuntu/airflow-venv/lib/python3.12/site-packages/airflow/example_dags/example_kubernetes_executor.py
[2026-02-26T05:39:15.094+0000] {processor.py:914} INFO - Processing file /home/ubuntu/airflow-venv/lib/python3.12/site-packages/airflow/example_dags/example_kubernetes_executor.py for tasks to queue
[2026-02-26T05:39:15.096+0000] {logging_mixin.py:190} INFO - [2026-02-26T05:39:15.095+0000] {dagbag.py:588} INFO - Filling up the DagBag from /home/ubuntu/airflow-venv/lib/python3.12/site-packages/airflow/example_dags/example_kubernetes_executor.py
[2026-02-26T05:39:15.097+0000] {logging_mixin.py:190} INFO - [2026-02-26T05:39:15.097+0000] {example_kubernetes_executor.py:39} WARNING - The example_kubernetes_executor example DAG requires the kubernetes provider. Please install it with: pip install apache-airflow[cncf.kubernetes]
[2026-02-26T05:39:15.097+0000] {processor.py:927} WARNING - No viable dags retrieved from /home/ubuntu/airflow-venv/lib/python3.12/site-packages/airflow/example_dags/example_kubernetes_executor.py
[2026-02-26T05:39:15.104+0000] {processor.py:208} INFO - Processing /home/ubuntu/airflow-venv/lib/python3.12/site-packages/airflow/example_dags/example_kubernetes_executor.py took 0.015 seconds
[2026-02-26T05:40:05.769+0000] {processor.py:186} INFO - Started process (PID=3620) to work on /home/ubuntu/airflow-venv/lib/python3.12/site-packages/airflow/example_dags/example_kubernetes_executor.py
[2026-02-26T05:40:05.771+0000] {processor.py:914} INFO - Processing file /home/ubuntu/airflow-venv/lib/python3.12/site-packages/airflow/example_dags/example_kubernetes_executor.py for tasks to queue
[2026-02-26T05:40:05.772+0000] {logging_mixin.py:190} INFO - [2026-02-26T05:40:05.772+0000] {dagbag.py:588} INFO - Filling up the DagBag from /home/ubuntu/airflow-venv/lib/python3.12/site-packages/airflow/example_dags/example_kubernetes_executor.py
[2026-02-26T05:40:05.774+0000] {logging_mixin.py:190} INFO - [2026-02-26T05:40:05.773+0000] {example_kubernetes_executor.py:39} WARNING - The example_kubernetes_executor example DAG requires the kubernetes provider. Please install it with: pip install apache-airflow[cncf.kubernetes]
[2026-02-26T05:40:05.774+0000] {processor.py:927} WARNING - No viable dags retrieved from /home/ubuntu/airflow-venv/lib/python3.12/site-packages/airflow/example_dags/example_kubernetes_executor.py
[2026-02-26T05:40:05.780+0000] {processor.py:208} INFO - Processing /home/ubuntu/airflow-venv/lib/python3.12/site-packages/airflow/example_dags/example_kubernetes_executor.py took 0.014 seconds
[2026-02-26T05:41:18.777+0000] {processor.py:186} INFO - Started process (PID=3701) to work on /home/ubuntu/airflow-venv/lib/python3.12/site-packages/airflow/example_dags/example_kubernetes_executor.py
[2026-02-26T05:41:18.778+0000] {processor.py:914} INFO - Processing file /home/ubuntu/airflow-venv/lib/python3.12/site-packages/airflow/example_dags/example_kubernetes_executor.py for tasks to queue
[2026-02-26T05:41:18.779+0000] {logging_mixin.py:190} INFO - [2026-02-26T05:41:18.779+0000] {dagbag.py:588} INFO - Filling up the DagBag from /home/ubuntu/airflow-venv/lib/python3.12/site-packages/airflow/example_dags/example_kubernetes_executor.py
[2026-02-26T05:41:18.781+0000] {logging_mixin.py:190} INFO - [2026-02-26T05:41:18.781+0000] {example_kubernetes_executor.py:39} WARNING - The example_kubernetes_executor example DAG requires the kubernetes provider. Please install it with: pip install apache-airflow[cncf.kubernetes]
[2026-02-26T05:41:18.781+0000] {processor.py:927} WARNING - No viable dags retrieved from /home/ubuntu/airflow-venv/lib/python3.12/site-packages/airflow/example_dags/example_kubernetes_executor.py
[2026-02-26T05:41:18.788+0000] {processor.py:208} INFO - Processing /home/ubuntu/airflow-venv/lib/python3.12/site-packages/airflow/example_dags/example_kubernetes_executor.py took 0.014 seconds
[2026-02-26T05:42:31.271+0000] {processor.py:186} INFO - Started process (PID=3777) to work on /home/ubuntu/airflow-venv/lib/python3.12/site-packages/airflow/example_dags/example_kubernetes_executor.py
[2026-02-26T05:42:31.272+0000] {processor.py:914} INFO - Processing file /home/ubuntu/airflow-venv/lib/python3.12/site-packages/airflow/example_dags/example_kubernetes_executor.py for tasks to queue
[2026-02-26T05:42:31.274+0000] {logging_mixin.py:190} INFO - [2026-02-26T05:42:31.273+0000] {dagbag.py:588} INFO - Filling up the DagBag from /home/ubuntu/airflow-venv/lib/python3.12/site-packages/airflow/example_dags/example_kubernetes_executor.py
[2026-02-26T05:42:31.275+0000] {logging_mixin.py:190} INFO - [2026-02-26T05:42:31.275+0000] {example_kubernetes_executor.py:39} WARNING - The example_kubernetes_executor example DAG requires the kubernetes provider. Please install it with: pip install apache-airflow[cncf.kubernetes]
[2026-02-26T05:42:31.275+0000] {processor.py:927} WARNING - No viable dags retrieved from /home/ubuntu/airflow-venv/lib/python3.12/site-packages/airflow/example_dags/example_kubernetes_executor.py
[2026-02-26T05:42:31.282+0000] {processor.py:208} INFO - Processing /home/ubuntu/airflow-venv/lib/python3.12/site-packages/airflow/example_dags/example_kubernetes_executor.py took 0.014 seconds
[2026-02-26T05:43:22.031+0000] {processor.py:186} INFO - Started process (PID=3830) to work on /home/ubuntu/airflow-venv/lib/python3.12/site-packages/airflow/example_dags/example_kubernetes_executor.py
[2026-02-26T05:43:22.032+0000] {processor.py:914} INFO - Processing file /home/ubuntu/airflow-venv/lib/python3.12/site-packages/airflow/example_dags/example_kubernetes_executor.py for tasks to queue
[2026-02-26T05:43:22.034+0000] {logging_mixin.py:190} INFO - [2026-02-26T05:43:22.034+0000] {dagbag.py:588} INFO - Filling up the DagBag from /home/ubuntu/airflow-venv/lib/python3.12/site-packages/airflow/example_dags/example_kubernetes_executor.py
[2026-02-26T05:43:22.035+0000] {logging_mixin.py:190} INFO - [2026-02-26T05:43:22.035+0000] {example_kubernetes_executor.py:39} WARNING - The example_kubernetes_executor example DAG requires the kubernetes provider. Please install it with: pip install apache-airflow[cncf.kubernetes]
[2026-02-26T05:43:22.036+0000] {processor.py:927} WARNING - No viable dags retrieved from /home/ubuntu/airflow-venv/lib/python3.12/site-packages/airflow/example_dags/example_kubernetes_executor.py
[2026-02-26T05:43:22.042+0000] {processor.py:208} INFO - Processing /home/ubuntu/airflow-venv/lib/python3.12/site-packages/airflow/example_dags/example_kubernetes_executor.py took 0.014 seconds
[2026-02-26T05:44:10.800+0000] {processor.py:186} INFO - Started process (PID=3882) to work on /home/ubuntu/airflow-venv/lib/python3.12/site-packages/airflow/example_dags/example_kubernetes_executor.py
[2026-02-26T05:44:10.801+0000] {processor.py:914} INFO - Processing file /home/ubuntu/airflow-venv/lib/python3.12/site-packages/airflow/example_dags/example_kubernetes_executor.py for tasks to queue
[2026-02-26T05:44:10.803+0000] {logging_mixin.py:190} INFO - [2026-02-26T05:44:10.802+0000] {dagbag.py:588} INFO - Filling up the DagBag from /home/ubuntu/airflow-venv/lib/python3.12/site-packages/airflow/example_dags/example_kubernetes_executor.py
[2026-02-26T05:44:10.804+0000] {logging_mixin.py:190} INFO - [2026-02-26T05:44:10.804+0000] {example_kubernetes_executor.py:39} WARNING - The example_kubernetes_executor example DAG requires the kubernetes provider. Please install it with: pip install apache-airflow[cncf.kubernetes]
[2026-02-26T05:44:10.805+0000] {processor.py:927} WARNING - No viable dags retrieved from /home/ubuntu/airflow-venv/lib/python3.12/site-packages/airflow/example_dags/example_kubernetes_executor.py
[2026-02-26T05:44:10.811+0000] {processor.py:208} INFO - Processing /home/ubuntu/airflow-venv/lib/python3.12/site-packages/airflow/example_dags/example_kubernetes_executor.py took 0.015 seconds
[2026-02-26T05:45:00.182+0000] {processor.py:186} INFO - Started process (PID=3935) to work on /home/ubuntu/airflow-venv/lib/python3.12/site-packages/airflow/example_dags/example_kubernetes_executor.py
[2026-02-26T05:45:00.183+0000] {processor.py:914} INFO - Processing file /home/ubuntu/airflow-venv/lib/python3.12/site-packages/airflow/example_dags/example_kubernetes_executor.py for tasks to queue
[2026-02-26T05:45:00.185+0000] {logging_mixin.py:190} INFO - [2026-02-26T05:45:00.184+0000] {dagbag.py:588} INFO - Filling up the DagBag from /home/ubuntu/airflow-venv/lib/python3.12/site-packages/airflow/example_dags/example_kubernetes_executor.py
[2026-02-26T05:45:00.186+0000] {logging_mixin.py:190} INFO - [2026-02-26T05:45:00.186+0000] {example_kubernetes_executor.py:39} WARNING - The example_kubernetes_executor example DAG requires the kubernetes provider. Please install it with: pip install apache-airflow[cncf.kubernetes]
[2026-02-26T05:45:00.186+0000] {processor.py:927} WARNING - No viable dags retrieved from /home/ubuntu/airflow-venv/lib/python3.12/site-packages/airflow/example_dags/example_kubernetes_executor.py
[2026-02-26T05:45:00.193+0000] {processor.py:208} INFO - Processing /home/ubuntu/airflow-venv/lib/python3.12/site-packages/airflow/example_dags/example_kubernetes_executor.py took 0.014 seconds
[2026-02-26T06:14:09.493+0000] {processor.py:186} INFO - Started process (PID=2724) to work on /home/ubuntu/airflow-venv/lib/python3.12/site-packages/airflow/example_dags/example_kubernetes_executor.py
[2026-02-26T06:14:09.496+0000] {processor.py:914} INFO - Processing file /home/ubuntu/airflow-venv/lib/python3.12/site-packages/airflow/example_dags/example_kubernetes_executor.py for tasks to queue
[2026-02-26T06:14:09.497+0000] {logging_mixin.py:190} INFO - [2026-02-26T06:14:09.497+0000] {dagbag.py:588} INFO - Filling up the DagBag from /home/ubuntu/airflow-venv/lib/python3.12/site-packages/airflow/example_dags/example_kubernetes_executor.py
[2026-02-26T06:14:09.499+0000] {logging_mixin.py:190} INFO - [2026-02-26T06:14:09.498+0000] {example_kubernetes_executor.py:39} WARNING - The example_kubernetes_executor example DAG requires the kubernetes provider. Please install it with: pip install apache-airflow[cncf.kubernetes]
[2026-02-26T06:14:09.499+0000] {processor.py:927} WARNING - No viable dags retrieved from /home/ubuntu/airflow-venv/lib/python3.12/site-packages/airflow/example_dags/example_kubernetes_executor.py
[2026-02-26T06:14:09.505+0000] {processor.py:208} INFO - Processing /home/ubuntu/airflow-venv/lib/python3.12/site-packages/airflow/example_dags/example_kubernetes_executor.py took 0.015 seconds
[2026-02-26T06:15:09.454+0000] {processor.py:186} INFO - Started process (PID=2789) to work on /home/ubuntu/airflow-venv/lib/python3.12/site-packages/airflow/example_dags/example_kubernetes_executor.py
[2026-02-26T06:15:09.455+0000] {processor.py:914} INFO - Processing file /home/ubuntu/airflow-venv/lib/python3.12/site-packages/airflow/example_dags/example_kubernetes_executor.py for tasks to queue
[2026-02-26T06:15:09.456+0000] {logging_mixin.py:190} INFO - [2026-02-26T06:15:09.456+0000] {dagbag.py:588} INFO - Filling up the DagBag from /home/ubuntu/airflow-venv/lib/python3.12/site-packages/airflow/example_dags/example_kubernetes_executor.py
[2026-02-26T06:15:09.458+0000] {logging_mixin.py:190} INFO - [2026-02-26T06:15:09.458+0000] {example_kubernetes_executor.py:39} WARNING - The example_kubernetes_executor example DAG requires the kubernetes provider. Please install it with: pip install apache-airflow[cncf.kubernetes]
[2026-02-26T06:15:09.458+0000] {processor.py:927} WARNING - No viable dags retrieved from /home/ubuntu/airflow-venv/lib/python3.12/site-packages/airflow/example_dags/example_kubernetes_executor.py
[2026-02-26T06:15:09.465+0000] {processor.py:208} INFO - Processing /home/ubuntu/airflow-venv/lib/python3.12/site-packages/airflow/example_dags/example_kubernetes_executor.py took 0.015 seconds
[2026-02-26T06:16:06.627+0000] {processor.py:186} INFO - Started process (PID=2853) to work on /home/ubuntu/airflow-venv/lib/python3.12/site-packages/airflow/example_dags/example_kubernetes_executor.py
[2026-02-26T06:16:06.629+0000] {processor.py:914} INFO - Processing file /home/ubuntu/airflow-venv/lib/python3.12/site-packages/airflow/example_dags/example_kubernetes_executor.py for tasks to queue
[2026-02-26T06:16:06.630+0000] {logging_mixin.py:190} INFO - [2026-02-26T06:16:06.630+0000] {dagbag.py:588} INFO - Filling up the DagBag from /home/ubuntu/airflow-venv/lib/python3.12/site-packages/airflow/example_dags/example_kubernetes_executor.py
[2026-02-26T06:16:06.632+0000] {logging_mixin.py:190} INFO - [2026-02-26T06:16:06.632+0000] {example_kubernetes_executor.py:39} WARNING - The example_kubernetes_executor example DAG requires the kubernetes provider. Please install it with: pip install apache-airflow[cncf.kubernetes]
[2026-02-26T06:16:06.632+0000] {processor.py:927} WARNING - No viable dags retrieved from /home/ubuntu/airflow-venv/lib/python3.12/site-packages/airflow/example_dags/example_kubernetes_executor.py
[2026-02-26T06:16:06.639+0000] {processor.py:208} INFO - Processing /home/ubuntu/airflow-venv/lib/python3.12/site-packages/airflow/example_dags/example_kubernetes_executor.py took 0.015 seconds
[2026-02-26T06:17:00.815+0000] {processor.py:186} INFO - Started process (PID=2910) to work on /home/ubuntu/airflow-venv/lib/python3.12/site-packages/airflow/example_dags/example_kubernetes_executor.py
[2026-02-26T06:17:00.816+0000] {processor.py:914} INFO - Processing file /home/ubuntu/airflow-venv/lib/python3.12/site-packages/airflow/example_dags/example_kubernetes_executor.py for tasks to queue
[2026-02-26T06:17:00.818+0000] {logging_mixin.py:190} INFO - [2026-02-26T06:17:00.817+0000] {dagbag.py:588} INFO - Filling up the DagBag from /home/ubuntu/airflow-venv/lib/python3.12/site-packages/airflow/example_dags/example_kubernetes_executor.py
[2026-02-26T06:17:00.819+0000] {logging_mixin.py:190} INFO - [2026-02-26T06:17:00.819+0000] {example_kubernetes_executor.py:39} WARNING - The example_kubernetes_executor example DAG requires the kubernetes provider. Please install it with: pip install apache-airflow[cncf.kubernetes]
[2026-02-26T06:17:00.819+0000] {processor.py:927} WARNING - No viable dags retrieved from /home/ubuntu/airflow-venv/lib/python3.12/site-packages/airflow/example_dags/example_kubernetes_executor.py
[2026-02-26T06:17:00.826+0000] {processor.py:208} INFO - Processing /home/ubuntu/airflow-venv/lib/python3.12/site-packages/airflow/example_dags/example_kubernetes_executor.py took 0.015 seconds
[2026-02-26T06:17:54.426+0000] {processor.py:186} INFO - Started process (PID=2969) to work on /home/ubuntu/airflow-venv/lib/python3.12/site-packages/airflow/example_dags/example_kubernetes_executor.py
[2026-02-26T06:17:54.427+0000] {processor.py:914} INFO - Processing file /home/ubuntu/airflow-venv/lib/python3.12/site-packages/airflow/example_dags/example_kubernetes_executor.py for tasks to queue
[2026-02-26T06:17:54.428+0000] {logging_mixin.py:190} INFO - [2026-02-26T06:17:54.428+0000] {dagbag.py:588} INFO - Filling up the DagBag from /home/ubuntu/airflow-venv/lib/python3.12/site-packages/airflow/example_dags/example_kubernetes_executor.py
[2026-02-26T06:17:54.430+0000] {logging_mixin.py:190} INFO - [2026-02-26T06:17:54.430+0000] {example_kubernetes_executor.py:39} WARNING - The example_kubernetes_executor example DAG requires the kubernetes provider. Please install it with: pip install apache-airflow[cncf.kubernetes]
[2026-02-26T06:17:54.430+0000] {processor.py:927} WARNING - No viable dags retrieved from /home/ubuntu/airflow-venv/lib/python3.12/site-packages/airflow/example_dags/example_kubernetes_executor.py
[2026-02-26T06:17:54.437+0000] {processor.py:208} INFO - Processing /home/ubuntu/airflow-venv/lib/python3.12/site-packages/airflow/example_dags/example_kubernetes_executor.py took 0.015 seconds
[2026-02-26T06:18:46.240+0000] {processor.py:186} INFO - Started process (PID=3022) to work on /home/ubuntu/airflow-venv/lib/python3.12/site-packages/airflow/example_dags/example_kubernetes_executor.py
[2026-02-26T06:18:46.241+0000] {processor.py:914} INFO - Processing file /home/ubuntu/airflow-venv/lib/python3.12/site-packages/airflow/example_dags/example_kubernetes_executor.py for tasks to queue
[2026-02-26T06:18:46.243+0000] {logging_mixin.py:190} INFO - [2026-02-26T06:18:46.242+0000] {dagbag.py:588} INFO - Filling up the DagBag from /home/ubuntu/airflow-venv/lib/python3.12/site-packages/airflow/example_dags/example_kubernetes_executor.py
[2026-02-26T06:18:46.244+0000] {logging_mixin.py:190} INFO - [2026-02-26T06:18:46.244+0000] {example_kubernetes_executor.py:39} WARNING - The example_kubernetes_executor example DAG requires the kubernetes provider. Please install it with: pip install apache-airflow[cncf.kubernetes]
[2026-02-26T06:18:46.245+0000] {processor.py:927} WARNING - No viable dags retrieved from /home/ubuntu/airflow-venv/lib/python3.12/site-packages/airflow/example_dags/example_kubernetes_executor.py
[2026-02-26T06:18:46.252+0000] {processor.py:208} INFO - Processing /home/ubuntu/airflow-venv/lib/python3.12/site-packages/airflow/example_dags/example_kubernetes_executor.py took 0.015 seconds
[2026-02-26T06:19:44.077+0000] {processor.py:186} INFO - Started process (PID=3078) to work on /home/ubuntu/airflow-venv/lib/python3.12/site-packages/airflow/example_dags/example_kubernetes_executor.py
[2026-02-26T06:19:44.078+0000] {processor.py:914} INFO - Processing file /home/ubuntu/airflow-venv/lib/python3.12/site-packages/airflow/example_dags/example_kubernetes_executor.py for tasks to queue
[2026-02-26T06:19:44.079+0000] {logging_mixin.py:190} INFO - [2026-02-26T06:19:44.079+0000] {dagbag.py:588} INFO - Filling up the DagBag from /home/ubuntu/airflow-venv/lib/python3.12/site-packages/airflow/example_dags/example_kubernetes_executor.py
[2026-02-26T06:19:44.081+0000] {logging_mixin.py:190} INFO - [2026-02-26T06:19:44.081+0000] {example_kubernetes_executor.py:39} WARNING - The example_kubernetes_executor example DAG requires the kubernetes provider. Please install it with: pip install apache-airflow[cncf.kubernetes]
[2026-02-26T06:19:44.081+0000] {processor.py:927} WARNING - No viable dags retrieved from /home/ubuntu/airflow-venv/lib/python3.12/site-packages/airflow/example_dags/example_kubernetes_executor.py
[2026-02-26T06:19:44.088+0000] {processor.py:208} INFO - Processing /home/ubuntu/airflow-venv/lib/python3.12/site-packages/airflow/example_dags/example_kubernetes_executor.py took 0.015 seconds
[2026-02-26T06:20:36.988+0000] {processor.py:186} INFO - Started process (PID=3136) to work on /home/ubuntu/airflow-venv/lib/python3.12/site-packages/airflow/example_dags/example_kubernetes_executor.py
[2026-02-26T06:20:36.990+0000] {processor.py:914} INFO - Processing file /home/ubuntu/airflow-venv/lib/python3.12/site-packages/airflow/example_dags/example_kubernetes_executor.py for tasks to queue
[2026-02-26T06:20:36.991+0000] {logging_mixin.py:190} INFO - [2026-02-26T06:20:36.991+0000] {dagbag.py:588} INFO - Filling up the DagBag from /home/ubuntu/airflow-venv/lib/python3.12/site-packages/airflow/example_dags/example_kubernetes_executor.py
[2026-02-26T06:20:36.993+0000] {logging_mixin.py:190} INFO - [2026-02-26T06:20:36.993+0000] {example_kubernetes_executor.py:39} WARNING - The example_kubernetes_executor example DAG requires the kubernetes provider. Please install it with: pip install apache-airflow[cncf.kubernetes]
[2026-02-26T06:20:36.993+0000] {processor.py:927} WARNING - No viable dags retrieved from /home/ubuntu/airflow-venv/lib/python3.12/site-packages/airflow/example_dags/example_kubernetes_executor.py
[2026-02-26T06:20:37.000+0000] {processor.py:208} INFO - Processing /home/ubuntu/airflow-venv/lib/python3.12/site-packages/airflow/example_dags/example_kubernetes_executor.py took 0.015 seconds
[2026-02-26T06:21:24.688+0000] {processor.py:186} INFO - Started process (PID=3188) to work on /home/ubuntu/airflow-venv/lib/python3.12/site-packages/airflow/example_dags/example_kubernetes_executor.py
[2026-02-26T06:21:24.690+0000] {processor.py:914} INFO - Processing file /home/ubuntu/airflow-venv/lib/python3.12/site-packages/airflow/example_dags/example_kubernetes_executor.py for tasks to queue
[2026-02-26T06:21:24.691+0000] {logging_mixin.py:190} INFO - [2026-02-26T06:21:24.691+0000] {dagbag.py:588} INFO - Filling up the DagBag from /home/ubuntu/airflow-venv/lib/python3.12/site-packages/airflow/example_dags/example_kubernetes_executor.py
[2026-02-26T06:21:24.693+0000] {logging_mixin.py:190} INFO - [2026-02-26T06:21:24.693+0000] {example_kubernetes_executor.py:39} WARNING - The example_kubernetes_executor example DAG requires the kubernetes provider. Please install it with: pip install apache-airflow[cncf.kubernetes]
[2026-02-26T06:21:24.693+0000] {processor.py:927} WARNING - No viable dags retrieved from /home/ubuntu/airflow-venv/lib/python3.12/site-packages/airflow/example_dags/example_kubernetes_executor.py
[2026-02-26T06:21:24.700+0000] {processor.py:208} INFO - Processing /home/ubuntu/airflow-venv/lib/python3.12/site-packages/airflow/example_dags/example_kubernetes_executor.py took 0.016 seconds
[2026-02-26T06:22:36.300+0000] {processor.py:186} INFO - Started process (PID=3264) to work on /home/ubuntu/airflow-venv/lib/python3.12/site-packages/airflow/example_dags/example_kubernetes_executor.py
[2026-02-26T06:22:36.302+0000] {processor.py:914} INFO - Processing file /home/ubuntu/airflow-venv/lib/python3.12/site-packages/airflow/example_dags/example_kubernetes_executor.py for tasks to queue
[2026-02-26T06:22:36.303+0000] {logging_mixin.py:190} INFO - [2026-02-26T06:22:36.303+0000] {dagbag.py:588} INFO - Filling up the DagBag from /home/ubuntu/airflow-venv/lib/python3.12/site-packages/airflow/example_dags/example_kubernetes_executor.py
[2026-02-26T06:22:36.305+0000] {logging_mixin.py:190} INFO - [2026-02-26T06:22:36.305+0000] {example_kubernetes_executor.py:39} WARNING - The example_kubernetes_executor example DAG requires the kubernetes provider. Please install it with: pip install apache-airflow[cncf.kubernetes]
[2026-02-26T06:22:36.305+0000] {processor.py:927} WARNING - No viable dags retrieved from /home/ubuntu/airflow-venv/lib/python3.12/site-packages/airflow/example_dags/example_kubernetes_executor.py
[2026-02-26T06:22:36.313+0000] {processor.py:208} INFO - Processing /home/ubuntu/airflow-venv/lib/python3.12/site-packages/airflow/example_dags/example_kubernetes_executor.py took 0.016 seconds
[2026-02-26T06:23:27.987+0000] {processor.py:186} INFO - Started process (PID=3318) to work on /home/ubuntu/airflow-venv/lib/python3.12/site-packages/airflow/example_dags/example_kubernetes_executor.py
[2026-02-26T06:23:27.989+0000] {processor.py:914} INFO - Processing file /home/ubuntu/airflow-venv/lib/python3.12/site-packages/airflow/example_dags/example_kubernetes_executor.py for tasks to queue
[2026-02-26T06:23:27.990+0000] {logging_mixin.py:190} INFO - [2026-02-26T06:23:27.990+0000] {dagbag.py:588} INFO - Filling up the DagBag from /home/ubuntu/airflow-venv/lib/python3.12/site-packages/airflow/example_dags/example_kubernetes_executor.py
[2026-02-26T06:23:27.992+0000] {logging_mixin.py:190} INFO - [2026-02-26T06:23:27.992+0000] {example_kubernetes_executor.py:39} WARNING - The example_kubernetes_executor example DAG requires the kubernetes provider. Please install it with: pip install apache-airflow[cncf.kubernetes]
[2026-02-26T06:23:27.992+0000] {processor.py:927} WARNING - No viable dags retrieved from /home/ubuntu/airflow-venv/lib/python3.12/site-packages/airflow/example_dags/example_kubernetes_executor.py
[2026-02-26T06:23:27.999+0000] {processor.py:208} INFO - Processing /home/ubuntu/airflow-venv/lib/python3.12/site-packages/airflow/example_dags/example_kubernetes_executor.py took 0.015 seconds
[2026-02-26T06:24:21.281+0000] {processor.py:186} INFO - Started process (PID=3372) to work on /home/ubuntu/airflow-venv/lib/python3.12/site-packages/airflow/example_dags/example_kubernetes_executor.py
[2026-02-26T06:24:21.283+0000] {processor.py:914} INFO - Processing file /home/ubuntu/airflow-venv/lib/python3.12/site-packages/airflow/example_dags/example_kubernetes_executor.py for tasks to queue
[2026-02-26T06:24:21.284+0000] {logging_mixin.py:190} INFO - [2026-02-26T06:24:21.284+0000] {dagbag.py:588} INFO - Filling up the DagBag from /home/ubuntu/airflow-venv/lib/python3.12/site-packages/airflow/example_dags/example_kubernetes_executor.py
[2026-02-26T06:24:21.286+0000] {logging_mixin.py:190} INFO - [2026-02-26T06:24:21.286+0000] {example_kubernetes_executor.py:39} WARNING - The example_kubernetes_executor example DAG requires the kubernetes provider. Please install it with: pip install apache-airflow[cncf.kubernetes]
[2026-02-26T06:24:21.286+0000] {processor.py:927} WARNING - No viable dags retrieved from /home/ubuntu/airflow-venv/lib/python3.12/site-packages/airflow/example_dags/example_kubernetes_executor.py
[2026-02-26T06:24:21.294+0000] {processor.py:208} INFO - Processing /home/ubuntu/airflow-venv/lib/python3.12/site-packages/airflow/example_dags/example_kubernetes_executor.py took 0.016 seconds
