[2026-02-26T05:22:52.071+0000] {processor.py:186} INFO - Started process (PID=2135) to work on /home/ubuntu/airflow-venv/lib/python3.12/site-packages/airflow/example_dags/example_setup_teardown.py
[2026-02-26T05:22:52.071+0000] {processor.py:914} INFO - Processing file /home/ubuntu/airflow-venv/lib/python3.12/site-packages/airflow/example_dags/example_setup_teardown.py for tasks to queue
[2026-02-26T05:22:52.073+0000] {logging_mixin.py:190} INFO - [2026-02-26T05:22:52.073+0000] {dagbag.py:588} INFO - Filling up the DagBag from /home/ubuntu/airflow-venv/lib/python3.12/site-packages/airflow/example_dags/example_setup_teardown.py
[2026-02-26T05:22:52.079+0000] {processor.py:925} INFO - DAG(s) 'example_setup_teardown' retrieved from /home/ubuntu/airflow-venv/lib/python3.12/site-packages/airflow/example_dags/example_setup_teardown.py
[2026-02-26T05:22:52.094+0000] {logging_mixin.py:190} INFO - [2026-02-26T05:22:52.094+0000] {dag.py:3239} INFO - Sync 1 DAGs
[2026-02-26T05:22:52.105+0000] {logging_mixin.py:190} INFO - [2026-02-26T05:22:52.105+0000] {dag.py:4180} INFO - Setting next_dagrun for example_setup_teardown to None, run_after=None
[2026-02-26T05:22:52.125+0000] {processor.py:208} INFO - Processing /home/ubuntu/airflow-venv/lib/python3.12/site-packages/airflow/example_dags/example_setup_teardown.py took 0.058 seconds
[2026-02-26T05:23:47.464+0000] {processor.py:186} INFO - Started process (PID=2196) to work on /home/ubuntu/airflow-venv/lib/python3.12/site-packages/airflow/example_dags/example_setup_teardown.py
[2026-02-26T05:23:47.465+0000] {processor.py:914} INFO - Processing file /home/ubuntu/airflow-venv/lib/python3.12/site-packages/airflow/example_dags/example_setup_teardown.py for tasks to queue
[2026-02-26T05:23:47.467+0000] {logging_mixin.py:190} INFO - [2026-02-26T05:23:47.466+0000] {dagbag.py:588} INFO - Filling up the DagBag from /home/ubuntu/airflow-venv/lib/python3.12/site-packages/airflow/example_dags/example_setup_teardown.py
[2026-02-26T05:23:47.472+0000] {processor.py:925} INFO - DAG(s) 'example_setup_teardown' retrieved from /home/ubuntu/airflow-venv/lib/python3.12/site-packages/airflow/example_dags/example_setup_teardown.py
[2026-02-26T05:23:47.481+0000] {logging_mixin.py:190} INFO - [2026-02-26T05:23:47.481+0000] {dag.py:3239} INFO - Sync 1 DAGs
[2026-02-26T05:23:47.488+0000] {logging_mixin.py:190} INFO - [2026-02-26T05:23:47.488+0000] {dag.py:4180} INFO - Setting next_dagrun for example_setup_teardown to None, run_after=None
[2026-02-26T05:23:47.504+0000] {processor.py:208} INFO - Processing /home/ubuntu/airflow-venv/lib/python3.12/site-packages/airflow/example_dags/example_setup_teardown.py took 0.044 seconds
[2026-02-26T05:24:41.790+0000] {processor.py:186} INFO - Started process (PID=2253) to work on /home/ubuntu/airflow-venv/lib/python3.12/site-packages/airflow/example_dags/example_setup_teardown.py
[2026-02-26T05:24:41.791+0000] {processor.py:914} INFO - Processing file /home/ubuntu/airflow-venv/lib/python3.12/site-packages/airflow/example_dags/example_setup_teardown.py for tasks to queue
[2026-02-26T05:24:41.792+0000] {logging_mixin.py:190} INFO - [2026-02-26T05:24:41.792+0000] {dagbag.py:588} INFO - Filling up the DagBag from /home/ubuntu/airflow-venv/lib/python3.12/site-packages/airflow/example_dags/example_setup_teardown.py
[2026-02-26T05:24:41.798+0000] {processor.py:925} INFO - DAG(s) 'example_setup_teardown' retrieved from /home/ubuntu/airflow-venv/lib/python3.12/site-packages/airflow/example_dags/example_setup_teardown.py
[2026-02-26T05:24:41.807+0000] {logging_mixin.py:190} INFO - [2026-02-26T05:24:41.807+0000] {dag.py:3239} INFO - Sync 1 DAGs
[2026-02-26T05:24:41.814+0000] {logging_mixin.py:190} INFO - [2026-02-26T05:24:41.814+0000] {dag.py:4180} INFO - Setting next_dagrun for example_setup_teardown to None, run_after=None
[2026-02-26T05:24:41.830+0000] {processor.py:208} INFO - Processing /home/ubuntu/airflow-venv/lib/python3.12/site-packages/airflow/example_dags/example_setup_teardown.py took 0.043 seconds
[2026-02-26T05:25:31.309+0000] {processor.py:186} INFO - Started process (PID=2318) to work on /home/ubuntu/airflow-venv/lib/python3.12/site-packages/airflow/example_dags/example_setup_teardown.py
[2026-02-26T05:25:31.310+0000] {processor.py:914} INFO - Processing file /home/ubuntu/airflow-venv/lib/python3.12/site-packages/airflow/example_dags/example_setup_teardown.py for tasks to queue
[2026-02-26T05:25:31.311+0000] {logging_mixin.py:190} INFO - [2026-02-26T05:25:31.311+0000] {dagbag.py:588} INFO - Filling up the DagBag from /home/ubuntu/airflow-venv/lib/python3.12/site-packages/airflow/example_dags/example_setup_teardown.py
[2026-02-26T05:25:31.316+0000] {processor.py:925} INFO - DAG(s) 'example_setup_teardown' retrieved from /home/ubuntu/airflow-venv/lib/python3.12/site-packages/airflow/example_dags/example_setup_teardown.py
[2026-02-26T05:25:31.325+0000] {logging_mixin.py:190} INFO - [2026-02-26T05:25:31.325+0000] {dag.py:3239} INFO - Sync 1 DAGs
[2026-02-26T05:25:31.333+0000] {logging_mixin.py:190} INFO - [2026-02-26T05:25:31.332+0000] {dag.py:4180} INFO - Setting next_dagrun for example_setup_teardown to None, run_after=None
[2026-02-26T05:25:31.347+0000] {processor.py:208} INFO - Processing /home/ubuntu/airflow-venv/lib/python3.12/site-packages/airflow/example_dags/example_setup_teardown.py took 0.042 seconds
[2026-02-26T05:26:23.088+0000] {processor.py:186} INFO - Started process (PID=2378) to work on /home/ubuntu/airflow-venv/lib/python3.12/site-packages/airflow/example_dags/example_setup_teardown.py
[2026-02-26T05:26:23.090+0000] {processor.py:914} INFO - Processing file /home/ubuntu/airflow-venv/lib/python3.12/site-packages/airflow/example_dags/example_setup_teardown.py for tasks to queue
[2026-02-26T05:26:23.091+0000] {logging_mixin.py:190} INFO - [2026-02-26T05:26:23.090+0000] {dagbag.py:588} INFO - Filling up the DagBag from /home/ubuntu/airflow-venv/lib/python3.12/site-packages/airflow/example_dags/example_setup_teardown.py
[2026-02-26T05:26:23.096+0000] {processor.py:925} INFO - DAG(s) 'example_setup_teardown' retrieved from /home/ubuntu/airflow-venv/lib/python3.12/site-packages/airflow/example_dags/example_setup_teardown.py
[2026-02-26T05:26:23.105+0000] {logging_mixin.py:190} INFO - [2026-02-26T05:26:23.105+0000] {dag.py:3239} INFO - Sync 1 DAGs
[2026-02-26T05:26:23.112+0000] {logging_mixin.py:190} INFO - [2026-02-26T05:26:23.112+0000] {dag.py:4180} INFO - Setting next_dagrun for example_setup_teardown to None, run_after=None
[2026-02-26T05:26:23.128+0000] {processor.py:208} INFO - Processing /home/ubuntu/airflow-venv/lib/python3.12/site-packages/airflow/example_dags/example_setup_teardown.py took 0.043 seconds
[2026-02-26T05:27:11.717+0000] {processor.py:186} INFO - Started process (PID=2795) to work on /home/ubuntu/airflow-venv/lib/python3.12/site-packages/airflow/example_dags/example_setup_teardown.py
[2026-02-26T05:27:11.719+0000] {processor.py:914} INFO - Processing file /home/ubuntu/airflow-venv/lib/python3.12/site-packages/airflow/example_dags/example_setup_teardown.py for tasks to queue
[2026-02-26T05:27:11.720+0000] {logging_mixin.py:190} INFO - [2026-02-26T05:27:11.720+0000] {dagbag.py:588} INFO - Filling up the DagBag from /home/ubuntu/airflow-venv/lib/python3.12/site-packages/airflow/example_dags/example_setup_teardown.py
[2026-02-26T05:27:11.725+0000] {processor.py:925} INFO - DAG(s) 'example_setup_teardown' retrieved from /home/ubuntu/airflow-venv/lib/python3.12/site-packages/airflow/example_dags/example_setup_teardown.py
[2026-02-26T05:27:11.735+0000] {logging_mixin.py:190} INFO - [2026-02-26T05:27:11.735+0000] {dag.py:3239} INFO - Sync 1 DAGs
[2026-02-26T05:27:11.742+0000] {logging_mixin.py:190} INFO - [2026-02-26T05:27:11.742+0000] {dag.py:4180} INFO - Setting next_dagrun for example_setup_teardown to None, run_after=None
[2026-02-26T05:27:11.757+0000] {processor.py:208} INFO - Processing /home/ubuntu/airflow-venv/lib/python3.12/site-packages/airflow/example_dags/example_setup_teardown.py took 0.043 seconds
[2026-02-26T05:28:01.386+0000] {processor.py:186} INFO - Started process (PID=2847) to work on /home/ubuntu/airflow-venv/lib/python3.12/site-packages/airflow/example_dags/example_setup_teardown.py
[2026-02-26T05:28:01.387+0000] {processor.py:914} INFO - Processing file /home/ubuntu/airflow-venv/lib/python3.12/site-packages/airflow/example_dags/example_setup_teardown.py for tasks to queue
[2026-02-26T05:28:01.389+0000] {logging_mixin.py:190} INFO - [2026-02-26T05:28:01.388+0000] {dagbag.py:588} INFO - Filling up the DagBag from /home/ubuntu/airflow-venv/lib/python3.12/site-packages/airflow/example_dags/example_setup_teardown.py
[2026-02-26T05:28:01.394+0000] {processor.py:925} INFO - DAG(s) 'example_setup_teardown' retrieved from /home/ubuntu/airflow-venv/lib/python3.12/site-packages/airflow/example_dags/example_setup_teardown.py
[2026-02-26T05:28:01.403+0000] {logging_mixin.py:190} INFO - [2026-02-26T05:28:01.403+0000] {dag.py:3239} INFO - Sync 1 DAGs
[2026-02-26T05:28:01.410+0000] {logging_mixin.py:190} INFO - [2026-02-26T05:28:01.410+0000] {dag.py:4180} INFO - Setting next_dagrun for example_setup_teardown to None, run_after=None
[2026-02-26T05:28:01.427+0000] {processor.py:208} INFO - Processing /home/ubuntu/airflow-venv/lib/python3.12/site-packages/airflow/example_dags/example_setup_teardown.py took 0.044 seconds
[2026-02-26T05:28:54.295+0000] {processor.py:186} INFO - Started process (PID=2902) to work on /home/ubuntu/airflow-venv/lib/python3.12/site-packages/airflow/example_dags/example_setup_teardown.py
[2026-02-26T05:28:54.296+0000] {processor.py:914} INFO - Processing file /home/ubuntu/airflow-venv/lib/python3.12/site-packages/airflow/example_dags/example_setup_teardown.py for tasks to queue
[2026-02-26T05:28:54.298+0000] {logging_mixin.py:190} INFO - [2026-02-26T05:28:54.297+0000] {dagbag.py:588} INFO - Filling up the DagBag from /home/ubuntu/airflow-venv/lib/python3.12/site-packages/airflow/example_dags/example_setup_teardown.py
[2026-02-26T05:28:54.303+0000] {processor.py:925} INFO - DAG(s) 'example_setup_teardown' retrieved from /home/ubuntu/airflow-venv/lib/python3.12/site-packages/airflow/example_dags/example_setup_teardown.py
[2026-02-26T05:28:54.313+0000] {logging_mixin.py:190} INFO - [2026-02-26T05:28:54.312+0000] {dag.py:3239} INFO - Sync 1 DAGs
[2026-02-26T05:28:54.320+0000] {logging_mixin.py:190} INFO - [2026-02-26T05:28:54.320+0000] {dag.py:4180} INFO - Setting next_dagrun for example_setup_teardown to None, run_after=None
[2026-02-26T05:28:54.337+0000] {processor.py:208} INFO - Processing /home/ubuntu/airflow-venv/lib/python3.12/site-packages/airflow/example_dags/example_setup_teardown.py took 0.045 seconds
[2026-02-26T05:29:46.076+0000] {processor.py:186} INFO - Started process (PID=2954) to work on /home/ubuntu/airflow-venv/lib/python3.12/site-packages/airflow/example_dags/example_setup_teardown.py
[2026-02-26T05:29:46.078+0000] {processor.py:914} INFO - Processing file /home/ubuntu/airflow-venv/lib/python3.12/site-packages/airflow/example_dags/example_setup_teardown.py for tasks to queue
[2026-02-26T05:29:46.079+0000] {logging_mixin.py:190} INFO - [2026-02-26T05:29:46.079+0000] {dagbag.py:588} INFO - Filling up the DagBag from /home/ubuntu/airflow-venv/lib/python3.12/site-packages/airflow/example_dags/example_setup_teardown.py
[2026-02-26T05:29:46.084+0000] {processor.py:925} INFO - DAG(s) 'example_setup_teardown' retrieved from /home/ubuntu/airflow-venv/lib/python3.12/site-packages/airflow/example_dags/example_setup_teardown.py
[2026-02-26T05:29:46.094+0000] {logging_mixin.py:190} INFO - [2026-02-26T05:29:46.094+0000] {dag.py:3239} INFO - Sync 1 DAGs
[2026-02-26T05:29:46.101+0000] {logging_mixin.py:190} INFO - [2026-02-26T05:29:46.101+0000] {dag.py:4180} INFO - Setting next_dagrun for example_setup_teardown to None, run_after=None
[2026-02-26T05:29:46.118+0000] {processor.py:208} INFO - Processing /home/ubuntu/airflow-venv/lib/python3.12/site-packages/airflow/example_dags/example_setup_teardown.py took 0.044 seconds
[2026-02-26T05:30:37.600+0000] {processor.py:186} INFO - Started process (PID=3013) to work on /home/ubuntu/airflow-venv/lib/python3.12/site-packages/airflow/example_dags/example_setup_teardown.py
[2026-02-26T05:30:37.602+0000] {processor.py:914} INFO - Processing file /home/ubuntu/airflow-venv/lib/python3.12/site-packages/airflow/example_dags/example_setup_teardown.py for tasks to queue
[2026-02-26T05:30:37.603+0000] {logging_mixin.py:190} INFO - [2026-02-26T05:30:37.603+0000] {dagbag.py:588} INFO - Filling up the DagBag from /home/ubuntu/airflow-venv/lib/python3.12/site-packages/airflow/example_dags/example_setup_teardown.py
[2026-02-26T05:30:37.608+0000] {processor.py:925} INFO - DAG(s) 'example_setup_teardown' retrieved from /home/ubuntu/airflow-venv/lib/python3.12/site-packages/airflow/example_dags/example_setup_teardown.py
[2026-02-26T05:30:37.618+0000] {logging_mixin.py:190} INFO - [2026-02-26T05:30:37.618+0000] {dag.py:3239} INFO - Sync 1 DAGs
[2026-02-26T05:30:37.625+0000] {logging_mixin.py:190} INFO - [2026-02-26T05:30:37.625+0000] {dag.py:4180} INFO - Setting next_dagrun for example_setup_teardown to None, run_after=None
[2026-02-26T05:30:37.642+0000] {processor.py:208} INFO - Processing /home/ubuntu/airflow-venv/lib/python3.12/site-packages/airflow/example_dags/example_setup_teardown.py took 0.045 seconds
[2026-02-26T05:31:30.051+0000] {processor.py:186} INFO - Started process (PID=3066) to work on /home/ubuntu/airflow-venv/lib/python3.12/site-packages/airflow/example_dags/example_setup_teardown.py
[2026-02-26T05:31:30.052+0000] {processor.py:914} INFO - Processing file /home/ubuntu/airflow-venv/lib/python3.12/site-packages/airflow/example_dags/example_setup_teardown.py for tasks to queue
[2026-02-26T05:31:30.054+0000] {logging_mixin.py:190} INFO - [2026-02-26T05:31:30.053+0000] {dagbag.py:588} INFO - Filling up the DagBag from /home/ubuntu/airflow-venv/lib/python3.12/site-packages/airflow/example_dags/example_setup_teardown.py
[2026-02-26T05:31:30.059+0000] {processor.py:925} INFO - DAG(s) 'example_setup_teardown' retrieved from /home/ubuntu/airflow-venv/lib/python3.12/site-packages/airflow/example_dags/example_setup_teardown.py
[2026-02-26T05:31:30.068+0000] {logging_mixin.py:190} INFO - [2026-02-26T05:31:30.068+0000] {dag.py:3239} INFO - Sync 1 DAGs
[2026-02-26T05:31:30.076+0000] {logging_mixin.py:190} INFO - [2026-02-26T05:31:30.076+0000] {dag.py:4180} INFO - Setting next_dagrun for example_setup_teardown to None, run_after=None
[2026-02-26T05:31:30.092+0000] {processor.py:208} INFO - Processing /home/ubuntu/airflow-venv/lib/python3.12/site-packages/airflow/example_dags/example_setup_teardown.py took 0.045 seconds
[2026-02-26T05:32:21.366+0000] {processor.py:186} INFO - Started process (PID=3119) to work on /home/ubuntu/airflow-venv/lib/python3.12/site-packages/airflow/example_dags/example_setup_teardown.py
[2026-02-26T05:32:21.367+0000] {processor.py:914} INFO - Processing file /home/ubuntu/airflow-venv/lib/python3.12/site-packages/airflow/example_dags/example_setup_teardown.py for tasks to queue
[2026-02-26T05:32:21.369+0000] {logging_mixin.py:190} INFO - [2026-02-26T05:32:21.369+0000] {dagbag.py:588} INFO - Filling up the DagBag from /home/ubuntu/airflow-venv/lib/python3.12/site-packages/airflow/example_dags/example_setup_teardown.py
[2026-02-26T05:32:21.374+0000] {processor.py:925} INFO - DAG(s) 'example_setup_teardown' retrieved from /home/ubuntu/airflow-venv/lib/python3.12/site-packages/airflow/example_dags/example_setup_teardown.py
[2026-02-26T05:32:21.384+0000] {logging_mixin.py:190} INFO - [2026-02-26T05:32:21.383+0000] {dag.py:3239} INFO - Sync 1 DAGs
[2026-02-26T05:32:21.391+0000] {logging_mixin.py:190} INFO - [2026-02-26T05:32:21.391+0000] {dag.py:4180} INFO - Setting next_dagrun for example_setup_teardown to None, run_after=None
[2026-02-26T05:32:21.408+0000] {processor.py:208} INFO - Processing /home/ubuntu/airflow-venv/lib/python3.12/site-packages/airflow/example_dags/example_setup_teardown.py took 0.045 seconds
[2026-02-26T05:33:09.577+0000] {processor.py:186} INFO - Started process (PID=3170) to work on /home/ubuntu/airflow-venv/lib/python3.12/site-packages/airflow/example_dags/example_setup_teardown.py
[2026-02-26T05:33:09.579+0000] {processor.py:914} INFO - Processing file /home/ubuntu/airflow-venv/lib/python3.12/site-packages/airflow/example_dags/example_setup_teardown.py for tasks to queue
[2026-02-26T05:33:09.580+0000] {logging_mixin.py:190} INFO - [2026-02-26T05:33:09.580+0000] {dagbag.py:588} INFO - Filling up the DagBag from /home/ubuntu/airflow-venv/lib/python3.12/site-packages/airflow/example_dags/example_setup_teardown.py
[2026-02-26T05:33:09.585+0000] {processor.py:925} INFO - DAG(s) 'example_setup_teardown' retrieved from /home/ubuntu/airflow-venv/lib/python3.12/site-packages/airflow/example_dags/example_setup_teardown.py
[2026-02-26T05:33:09.595+0000] {logging_mixin.py:190} INFO - [2026-02-26T05:33:09.594+0000] {dag.py:3239} INFO - Sync 1 DAGs
[2026-02-26T05:33:09.602+0000] {logging_mixin.py:190} INFO - [2026-02-26T05:33:09.602+0000] {dag.py:4180} INFO - Setting next_dagrun for example_setup_teardown to None, run_after=None
[2026-02-26T05:33:09.618+0000] {processor.py:208} INFO - Processing /home/ubuntu/airflow-venv/lib/python3.12/site-packages/airflow/example_dags/example_setup_teardown.py took 0.044 seconds
[2026-02-26T05:34:00.226+0000] {processor.py:186} INFO - Started process (PID=3226) to work on /home/ubuntu/airflow-venv/lib/python3.12/site-packages/airflow/example_dags/example_setup_teardown.py
[2026-02-26T05:34:00.227+0000] {processor.py:914} INFO - Processing file /home/ubuntu/airflow-venv/lib/python3.12/site-packages/airflow/example_dags/example_setup_teardown.py for tasks to queue
[2026-02-26T05:34:00.229+0000] {logging_mixin.py:190} INFO - [2026-02-26T05:34:00.228+0000] {dagbag.py:588} INFO - Filling up the DagBag from /home/ubuntu/airflow-venv/lib/python3.12/site-packages/airflow/example_dags/example_setup_teardown.py
[2026-02-26T05:34:00.234+0000] {processor.py:925} INFO - DAG(s) 'example_setup_teardown' retrieved from /home/ubuntu/airflow-venv/lib/python3.12/site-packages/airflow/example_dags/example_setup_teardown.py
[2026-02-26T05:34:00.244+0000] {logging_mixin.py:190} INFO - [2026-02-26T05:34:00.244+0000] {dag.py:3239} INFO - Sync 1 DAGs
[2026-02-26T05:34:00.251+0000] {logging_mixin.py:190} INFO - [2026-02-26T05:34:00.251+0000] {dag.py:4180} INFO - Setting next_dagrun for example_setup_teardown to None, run_after=None
[2026-02-26T05:34:00.268+0000] {processor.py:208} INFO - Processing /home/ubuntu/airflow-venv/lib/python3.12/site-packages/airflow/example_dags/example_setup_teardown.py took 0.046 seconds
[2026-02-26T05:34:48.562+0000] {processor.py:186} INFO - Started process (PID=3279) to work on /home/ubuntu/airflow-venv/lib/python3.12/site-packages/airflow/example_dags/example_setup_teardown.py
[2026-02-26T05:34:48.563+0000] {processor.py:914} INFO - Processing file /home/ubuntu/airflow-venv/lib/python3.12/site-packages/airflow/example_dags/example_setup_teardown.py for tasks to queue
[2026-02-26T05:34:48.565+0000] {logging_mixin.py:190} INFO - [2026-02-26T05:34:48.564+0000] {dagbag.py:588} INFO - Filling up the DagBag from /home/ubuntu/airflow-venv/lib/python3.12/site-packages/airflow/example_dags/example_setup_teardown.py
[2026-02-26T05:34:48.570+0000] {processor.py:925} INFO - DAG(s) 'example_setup_teardown' retrieved from /home/ubuntu/airflow-venv/lib/python3.12/site-packages/airflow/example_dags/example_setup_teardown.py
[2026-02-26T05:34:48.581+0000] {logging_mixin.py:190} INFO - [2026-02-26T05:34:48.581+0000] {dag.py:3239} INFO - Sync 1 DAGs
[2026-02-26T05:34:48.588+0000] {logging_mixin.py:190} INFO - [2026-02-26T05:34:48.588+0000] {dag.py:4180} INFO - Setting next_dagrun for example_setup_teardown to None, run_after=None
[2026-02-26T05:34:48.605+0000] {processor.py:208} INFO - Processing /home/ubuntu/airflow-venv/lib/python3.12/site-packages/airflow/example_dags/example_setup_teardown.py took 0.047 seconds
[2026-02-26T05:35:40.489+0000] {processor.py:186} INFO - Started process (PID=3339) to work on /home/ubuntu/airflow-venv/lib/python3.12/site-packages/airflow/example_dags/example_setup_teardown.py
[2026-02-26T05:35:40.490+0000] {processor.py:914} INFO - Processing file /home/ubuntu/airflow-venv/lib/python3.12/site-packages/airflow/example_dags/example_setup_teardown.py for tasks to queue
[2026-02-26T05:35:40.491+0000] {logging_mixin.py:190} INFO - [2026-02-26T05:35:40.491+0000] {dagbag.py:588} INFO - Filling up the DagBag from /home/ubuntu/airflow-venv/lib/python3.12/site-packages/airflow/example_dags/example_setup_teardown.py
[2026-02-26T05:35:40.496+0000] {processor.py:925} INFO - DAG(s) 'example_setup_teardown' retrieved from /home/ubuntu/airflow-venv/lib/python3.12/site-packages/airflow/example_dags/example_setup_teardown.py
[2026-02-26T05:35:40.505+0000] {logging_mixin.py:190} INFO - [2026-02-26T05:35:40.505+0000] {dag.py:3239} INFO - Sync 1 DAGs
[2026-02-26T05:35:40.512+0000] {logging_mixin.py:190} INFO - [2026-02-26T05:35:40.512+0000] {dag.py:4180} INFO - Setting next_dagrun for example_setup_teardown to None, run_after=None
[2026-02-26T05:35:40.528+0000] {processor.py:208} INFO - Processing /home/ubuntu/airflow-venv/lib/python3.12/site-packages/airflow/example_dags/example_setup_teardown.py took 0.042 seconds
[2026-02-26T05:36:32.997+0000] {processor.py:186} INFO - Started process (PID=3397) to work on /home/ubuntu/airflow-venv/lib/python3.12/site-packages/airflow/example_dags/example_setup_teardown.py
[2026-02-26T05:36:32.998+0000] {processor.py:914} INFO - Processing file /home/ubuntu/airflow-venv/lib/python3.12/site-packages/airflow/example_dags/example_setup_teardown.py for tasks to queue
[2026-02-26T05:36:32.999+0000] {logging_mixin.py:190} INFO - [2026-02-26T05:36:32.999+0000] {dagbag.py:588} INFO - Filling up the DagBag from /home/ubuntu/airflow-venv/lib/python3.12/site-packages/airflow/example_dags/example_setup_teardown.py
[2026-02-26T05:36:33.005+0000] {processor.py:925} INFO - DAG(s) 'example_setup_teardown' retrieved from /home/ubuntu/airflow-venv/lib/python3.12/site-packages/airflow/example_dags/example_setup_teardown.py
[2026-02-26T05:36:33.014+0000] {logging_mixin.py:190} INFO - [2026-02-26T05:36:33.014+0000] {dag.py:3239} INFO - Sync 1 DAGs
[2026-02-26T05:36:33.022+0000] {logging_mixin.py:190} INFO - [2026-02-26T05:36:33.022+0000] {dag.py:4180} INFO - Setting next_dagrun for example_setup_teardown to None, run_after=None
[2026-02-26T05:36:33.038+0000] {processor.py:208} INFO - Processing /home/ubuntu/airflow-venv/lib/python3.12/site-packages/airflow/example_dags/example_setup_teardown.py took 0.045 seconds
[2026-02-26T05:37:22.566+0000] {processor.py:186} INFO - Started process (PID=3449) to work on /home/ubuntu/airflow-venv/lib/python3.12/site-packages/airflow/example_dags/example_setup_teardown.py
[2026-02-26T05:37:22.567+0000] {processor.py:914} INFO - Processing file /home/ubuntu/airflow-venv/lib/python3.12/site-packages/airflow/example_dags/example_setup_teardown.py for tasks to queue
[2026-02-26T05:37:22.569+0000] {logging_mixin.py:190} INFO - [2026-02-26T05:37:22.569+0000] {dagbag.py:588} INFO - Filling up the DagBag from /home/ubuntu/airflow-venv/lib/python3.12/site-packages/airflow/example_dags/example_setup_teardown.py
[2026-02-26T05:37:22.574+0000] {processor.py:925} INFO - DAG(s) 'example_setup_teardown' retrieved from /home/ubuntu/airflow-venv/lib/python3.12/site-packages/airflow/example_dags/example_setup_teardown.py
[2026-02-26T05:37:22.584+0000] {logging_mixin.py:190} INFO - [2026-02-26T05:37:22.584+0000] {dag.py:3239} INFO - Sync 1 DAGs
[2026-02-26T05:37:22.591+0000] {logging_mixin.py:190} INFO - [2026-02-26T05:37:22.591+0000] {dag.py:4180} INFO - Setting next_dagrun for example_setup_teardown to None, run_after=None
[2026-02-26T05:37:22.608+0000] {processor.py:208} INFO - Processing /home/ubuntu/airflow-venv/lib/python3.12/site-packages/airflow/example_dags/example_setup_teardown.py took 0.046 seconds
[2026-02-26T05:38:10.952+0000] {processor.py:186} INFO - Started process (PID=3499) to work on /home/ubuntu/airflow-venv/lib/python3.12/site-packages/airflow/example_dags/example_setup_teardown.py
[2026-02-26T05:38:10.953+0000] {processor.py:914} INFO - Processing file /home/ubuntu/airflow-venv/lib/python3.12/site-packages/airflow/example_dags/example_setup_teardown.py for tasks to queue
[2026-02-26T05:38:10.954+0000] {logging_mixin.py:190} INFO - [2026-02-26T05:38:10.954+0000] {dagbag.py:588} INFO - Filling up the DagBag from /home/ubuntu/airflow-venv/lib/python3.12/site-packages/airflow/example_dags/example_setup_teardown.py
[2026-02-26T05:38:10.959+0000] {processor.py:925} INFO - DAG(s) 'example_setup_teardown' retrieved from /home/ubuntu/airflow-venv/lib/python3.12/site-packages/airflow/example_dags/example_setup_teardown.py
[2026-02-26T05:38:10.969+0000] {logging_mixin.py:190} INFO - [2026-02-26T05:38:10.969+0000] {dag.py:3239} INFO - Sync 1 DAGs
[2026-02-26T05:38:10.977+0000] {logging_mixin.py:190} INFO - [2026-02-26T05:38:10.976+0000] {dag.py:4180} INFO - Setting next_dagrun for example_setup_teardown to None, run_after=None
[2026-02-26T05:38:10.993+0000] {processor.py:208} INFO - Processing /home/ubuntu/airflow-venv/lib/python3.12/site-packages/airflow/example_dags/example_setup_teardown.py took 0.045 seconds
[2026-02-26T05:39:02.704+0000] {processor.py:186} INFO - Started process (PID=3552) to work on /home/ubuntu/airflow-venv/lib/python3.12/site-packages/airflow/example_dags/example_setup_teardown.py
[2026-02-26T05:39:02.705+0000] {processor.py:914} INFO - Processing file /home/ubuntu/airflow-venv/lib/python3.12/site-packages/airflow/example_dags/example_setup_teardown.py for tasks to queue
[2026-02-26T05:39:02.707+0000] {logging_mixin.py:190} INFO - [2026-02-26T05:39:02.707+0000] {dagbag.py:588} INFO - Filling up the DagBag from /home/ubuntu/airflow-venv/lib/python3.12/site-packages/airflow/example_dags/example_setup_teardown.py
[2026-02-26T05:39:02.712+0000] {processor.py:925} INFO - DAG(s) 'example_setup_teardown' retrieved from /home/ubuntu/airflow-venv/lib/python3.12/site-packages/airflow/example_dags/example_setup_teardown.py
[2026-02-26T05:39:02.722+0000] {logging_mixin.py:190} INFO - [2026-02-26T05:39:02.722+0000] {dag.py:3239} INFO - Sync 1 DAGs
[2026-02-26T05:39:02.729+0000] {logging_mixin.py:190} INFO - [2026-02-26T05:39:02.729+0000] {dag.py:4180} INFO - Setting next_dagrun for example_setup_teardown to None, run_after=None
[2026-02-26T05:39:02.746+0000] {processor.py:208} INFO - Processing /home/ubuntu/airflow-venv/lib/python3.12/site-packages/airflow/example_dags/example_setup_teardown.py took 0.045 seconds
[2026-02-26T05:39:52.733+0000] {processor.py:186} INFO - Started process (PID=3607) to work on /home/ubuntu/airflow-venv/lib/python3.12/site-packages/airflow/example_dags/example_setup_teardown.py
[2026-02-26T05:39:52.734+0000] {processor.py:914} INFO - Processing file /home/ubuntu/airflow-venv/lib/python3.12/site-packages/airflow/example_dags/example_setup_teardown.py for tasks to queue
[2026-02-26T05:39:52.736+0000] {logging_mixin.py:190} INFO - [2026-02-26T05:39:52.736+0000] {dagbag.py:588} INFO - Filling up the DagBag from /home/ubuntu/airflow-venv/lib/python3.12/site-packages/airflow/example_dags/example_setup_teardown.py
[2026-02-26T05:39:52.741+0000] {processor.py:925} INFO - DAG(s) 'example_setup_teardown' retrieved from /home/ubuntu/airflow-venv/lib/python3.12/site-packages/airflow/example_dags/example_setup_teardown.py
[2026-02-26T05:39:52.751+0000] {logging_mixin.py:190} INFO - [2026-02-26T05:39:52.751+0000] {dag.py:3239} INFO - Sync 1 DAGs
[2026-02-26T05:39:52.758+0000] {logging_mixin.py:190} INFO - [2026-02-26T05:39:52.758+0000] {dag.py:4180} INFO - Setting next_dagrun for example_setup_teardown to None, run_after=None
[2026-02-26T05:39:52.774+0000] {processor.py:208} INFO - Processing /home/ubuntu/airflow-venv/lib/python3.12/site-packages/airflow/example_dags/example_setup_teardown.py took 0.045 seconds
[2026-02-26T05:40:40.599+0000] {processor.py:186} INFO - Started process (PID=3663) to work on /home/ubuntu/airflow-venv/lib/python3.12/site-packages/airflow/example_dags/example_setup_teardown.py
[2026-02-26T05:40:40.600+0000] {processor.py:914} INFO - Processing file /home/ubuntu/airflow-venv/lib/python3.12/site-packages/airflow/example_dags/example_setup_teardown.py for tasks to queue
[2026-02-26T05:40:40.601+0000] {logging_mixin.py:190} INFO - [2026-02-26T05:40:40.601+0000] {dagbag.py:588} INFO - Filling up the DagBag from /home/ubuntu/airflow-venv/lib/python3.12/site-packages/airflow/example_dags/example_setup_teardown.py
[2026-02-26T05:40:40.607+0000] {processor.py:925} INFO - DAG(s) 'example_setup_teardown' retrieved from /home/ubuntu/airflow-venv/lib/python3.12/site-packages/airflow/example_dags/example_setup_teardown.py
[2026-02-26T05:40:40.617+0000] {logging_mixin.py:190} INFO - [2026-02-26T05:40:40.617+0000] {dag.py:3239} INFO - Sync 1 DAGs
[2026-02-26T05:40:40.624+0000] {logging_mixin.py:190} INFO - [2026-02-26T05:40:40.624+0000] {dag.py:4180} INFO - Setting next_dagrun for example_setup_teardown to None, run_after=None
[2026-02-26T05:40:40.640+0000] {processor.py:208} INFO - Processing /home/ubuntu/airflow-venv/lib/python3.12/site-packages/airflow/example_dags/example_setup_teardown.py took 0.045 seconds
[2026-02-26T05:41:30.802+0000] {processor.py:186} INFO - Started process (PID=3714) to work on /home/ubuntu/airflow-venv/lib/python3.12/site-packages/airflow/example_dags/example_setup_teardown.py
[2026-02-26T05:41:30.804+0000] {processor.py:914} INFO - Processing file /home/ubuntu/airflow-venv/lib/python3.12/site-packages/airflow/example_dags/example_setup_teardown.py for tasks to queue
[2026-02-26T05:41:30.806+0000] {logging_mixin.py:190} INFO - [2026-02-26T05:41:30.806+0000] {dagbag.py:588} INFO - Filling up the DagBag from /home/ubuntu/airflow-venv/lib/python3.12/site-packages/airflow/example_dags/example_setup_teardown.py
[2026-02-26T05:41:30.811+0000] {processor.py:925} INFO - DAG(s) 'example_setup_teardown' retrieved from /home/ubuntu/airflow-venv/lib/python3.12/site-packages/airflow/example_dags/example_setup_teardown.py
[2026-02-26T05:41:30.821+0000] {logging_mixin.py:190} INFO - [2026-02-26T05:41:30.820+0000] {dag.py:3239} INFO - Sync 1 DAGs
[2026-02-26T05:41:30.828+0000] {logging_mixin.py:190} INFO - [2026-02-26T05:41:30.828+0000] {dag.py:4180} INFO - Setting next_dagrun for example_setup_teardown to None, run_after=None
[2026-02-26T05:41:30.843+0000] {processor.py:208} INFO - Processing /home/ubuntu/airflow-venv/lib/python3.12/site-packages/airflow/example_dags/example_setup_teardown.py took 0.045 seconds
[2026-02-26T05:42:20.424+0000] {processor.py:186} INFO - Started process (PID=3765) to work on /home/ubuntu/airflow-venv/lib/python3.12/site-packages/airflow/example_dags/example_setup_teardown.py
[2026-02-26T05:42:20.425+0000] {processor.py:914} INFO - Processing file /home/ubuntu/airflow-venv/lib/python3.12/site-packages/airflow/example_dags/example_setup_teardown.py for tasks to queue
[2026-02-26T05:42:20.427+0000] {logging_mixin.py:190} INFO - [2026-02-26T05:42:20.427+0000] {dagbag.py:588} INFO - Filling up the DagBag from /home/ubuntu/airflow-venv/lib/python3.12/site-packages/airflow/example_dags/example_setup_teardown.py
[2026-02-26T05:42:20.432+0000] {processor.py:925} INFO - DAG(s) 'example_setup_teardown' retrieved from /home/ubuntu/airflow-venv/lib/python3.12/site-packages/airflow/example_dags/example_setup_teardown.py
[2026-02-26T05:42:20.442+0000] {logging_mixin.py:190} INFO - [2026-02-26T05:42:20.442+0000] {dag.py:3239} INFO - Sync 1 DAGs
[2026-02-26T05:42:20.450+0000] {logging_mixin.py:190} INFO - [2026-02-26T05:42:20.450+0000] {dag.py:4180} INFO - Setting next_dagrun for example_setup_teardown to None, run_after=None
[2026-02-26T05:42:20.466+0000] {processor.py:208} INFO - Processing /home/ubuntu/airflow-venv/lib/python3.12/site-packages/airflow/example_dags/example_setup_teardown.py took 0.046 seconds
[2026-02-26T05:43:09.216+0000] {processor.py:186} INFO - Started process (PID=3818) to work on /home/ubuntu/airflow-venv/lib/python3.12/site-packages/airflow/example_dags/example_setup_teardown.py
[2026-02-26T05:43:09.217+0000] {processor.py:914} INFO - Processing file /home/ubuntu/airflow-venv/lib/python3.12/site-packages/airflow/example_dags/example_setup_teardown.py for tasks to queue
[2026-02-26T05:43:09.218+0000] {logging_mixin.py:190} INFO - [2026-02-26T05:43:09.218+0000] {dagbag.py:588} INFO - Filling up the DagBag from /home/ubuntu/airflow-venv/lib/python3.12/site-packages/airflow/example_dags/example_setup_teardown.py
[2026-02-26T05:43:09.224+0000] {processor.py:925} INFO - DAG(s) 'example_setup_teardown' retrieved from /home/ubuntu/airflow-venv/lib/python3.12/site-packages/airflow/example_dags/example_setup_teardown.py
[2026-02-26T05:43:09.234+0000] {logging_mixin.py:190} INFO - [2026-02-26T05:43:09.234+0000] {dag.py:3239} INFO - Sync 1 DAGs
[2026-02-26T05:43:09.241+0000] {logging_mixin.py:190} INFO - [2026-02-26T05:43:09.241+0000] {dag.py:4180} INFO - Setting next_dagrun for example_setup_teardown to None, run_after=None
[2026-02-26T05:43:09.258+0000] {processor.py:208} INFO - Processing /home/ubuntu/airflow-venv/lib/python3.12/site-packages/airflow/example_dags/example_setup_teardown.py took 0.045 seconds
[2026-02-26T05:43:59.673+0000] {processor.py:186} INFO - Started process (PID=3870) to work on /home/ubuntu/airflow-venv/lib/python3.12/site-packages/airflow/example_dags/example_setup_teardown.py
[2026-02-26T05:43:59.674+0000] {processor.py:914} INFO - Processing file /home/ubuntu/airflow-venv/lib/python3.12/site-packages/airflow/example_dags/example_setup_teardown.py for tasks to queue
[2026-02-26T05:43:59.676+0000] {logging_mixin.py:190} INFO - [2026-02-26T05:43:59.676+0000] {dagbag.py:588} INFO - Filling up the DagBag from /home/ubuntu/airflow-venv/lib/python3.12/site-packages/airflow/example_dags/example_setup_teardown.py
[2026-02-26T05:43:59.681+0000] {processor.py:925} INFO - DAG(s) 'example_setup_teardown' retrieved from /home/ubuntu/airflow-venv/lib/python3.12/site-packages/airflow/example_dags/example_setup_teardown.py
[2026-02-26T05:43:59.691+0000] {logging_mixin.py:190} INFO - [2026-02-26T05:43:59.691+0000] {dag.py:3239} INFO - Sync 1 DAGs
[2026-02-26T05:43:59.698+0000] {logging_mixin.py:190} INFO - [2026-02-26T05:43:59.698+0000] {dag.py:4180} INFO - Setting next_dagrun for example_setup_teardown to None, run_after=None
[2026-02-26T05:43:59.714+0000] {processor.py:208} INFO - Processing /home/ubuntu/airflow-venv/lib/python3.12/site-packages/airflow/example_dags/example_setup_teardown.py took 0.044 seconds
[2026-02-26T05:44:47.909+0000] {processor.py:186} INFO - Started process (PID=3923) to work on /home/ubuntu/airflow-venv/lib/python3.12/site-packages/airflow/example_dags/example_setup_teardown.py
[2026-02-26T05:44:47.911+0000] {processor.py:914} INFO - Processing file /home/ubuntu/airflow-venv/lib/python3.12/site-packages/airflow/example_dags/example_setup_teardown.py for tasks to queue
[2026-02-26T05:44:47.912+0000] {logging_mixin.py:190} INFO - [2026-02-26T05:44:47.912+0000] {dagbag.py:588} INFO - Filling up the DagBag from /home/ubuntu/airflow-venv/lib/python3.12/site-packages/airflow/example_dags/example_setup_teardown.py
[2026-02-26T05:44:47.918+0000] {processor.py:925} INFO - DAG(s) 'example_setup_teardown' retrieved from /home/ubuntu/airflow-venv/lib/python3.12/site-packages/airflow/example_dags/example_setup_teardown.py
[2026-02-26T05:44:47.927+0000] {logging_mixin.py:190} INFO - [2026-02-26T05:44:47.927+0000] {dag.py:3239} INFO - Sync 1 DAGs
[2026-02-26T05:44:47.935+0000] {logging_mixin.py:190} INFO - [2026-02-26T05:44:47.934+0000] {dag.py:4180} INFO - Setting next_dagrun for example_setup_teardown to None, run_after=None
[2026-02-26T05:44:47.951+0000] {processor.py:208} INFO - Processing /home/ubuntu/airflow-venv/lib/python3.12/site-packages/airflow/example_dags/example_setup_teardown.py took 0.045 seconds
[2026-02-26T06:13:56.135+0000] {processor.py:186} INFO - Started process (PID=2708) to work on /home/ubuntu/airflow-venv/lib/python3.12/site-packages/airflow/example_dags/example_setup_teardown.py
[2026-02-26T06:13:56.137+0000] {processor.py:914} INFO - Processing file /home/ubuntu/airflow-venv/lib/python3.12/site-packages/airflow/example_dags/example_setup_teardown.py for tasks to queue
[2026-02-26T06:13:56.139+0000] {logging_mixin.py:190} INFO - [2026-02-26T06:13:56.138+0000] {dagbag.py:588} INFO - Filling up the DagBag from /home/ubuntu/airflow-venv/lib/python3.12/site-packages/airflow/example_dags/example_setup_teardown.py
[2026-02-26T06:13:56.144+0000] {processor.py:925} INFO - DAG(s) 'example_setup_teardown' retrieved from /home/ubuntu/airflow-venv/lib/python3.12/site-packages/airflow/example_dags/example_setup_teardown.py
[2026-02-26T06:13:56.155+0000] {logging_mixin.py:190} INFO - [2026-02-26T06:13:56.155+0000] {dag.py:3239} INFO - Sync 1 DAGs
[2026-02-26T06:13:56.164+0000] {logging_mixin.py:190} INFO - [2026-02-26T06:13:56.163+0000] {dag.py:4180} INFO - Setting next_dagrun for example_setup_teardown to None, run_after=None
[2026-02-26T06:13:56.180+0000] {processor.py:208} INFO - Processing /home/ubuntu/airflow-venv/lib/python3.12/site-packages/airflow/example_dags/example_setup_teardown.py took 0.048 seconds
[2026-02-26T06:14:56.598+0000] {processor.py:186} INFO - Started process (PID=2772) to work on /home/ubuntu/airflow-venv/lib/python3.12/site-packages/airflow/example_dags/example_setup_teardown.py
[2026-02-26T06:14:56.599+0000] {processor.py:914} INFO - Processing file /home/ubuntu/airflow-venv/lib/python3.12/site-packages/airflow/example_dags/example_setup_teardown.py for tasks to queue
[2026-02-26T06:14:56.600+0000] {logging_mixin.py:190} INFO - [2026-02-26T06:14:56.600+0000] {dagbag.py:588} INFO - Filling up the DagBag from /home/ubuntu/airflow-venv/lib/python3.12/site-packages/airflow/example_dags/example_setup_teardown.py
[2026-02-26T06:14:56.606+0000] {processor.py:925} INFO - DAG(s) 'example_setup_teardown' retrieved from /home/ubuntu/airflow-venv/lib/python3.12/site-packages/airflow/example_dags/example_setup_teardown.py
[2026-02-26T06:14:56.616+0000] {logging_mixin.py:190} INFO - [2026-02-26T06:14:56.616+0000] {dag.py:3239} INFO - Sync 1 DAGs
[2026-02-26T06:14:56.624+0000] {logging_mixin.py:190} INFO - [2026-02-26T06:14:56.624+0000] {dag.py:4180} INFO - Setting next_dagrun for example_setup_teardown to None, run_after=None
[2026-02-26T06:14:56.640+0000] {processor.py:208} INFO - Processing /home/ubuntu/airflow-venv/lib/python3.12/site-packages/airflow/example_dags/example_setup_teardown.py took 0.046 seconds
[2026-02-26T06:15:53.466+0000] {processor.py:186} INFO - Started process (PID=2839) to work on /home/ubuntu/airflow-venv/lib/python3.12/site-packages/airflow/example_dags/example_setup_teardown.py
[2026-02-26T06:15:53.467+0000] {processor.py:914} INFO - Processing file /home/ubuntu/airflow-venv/lib/python3.12/site-packages/airflow/example_dags/example_setup_teardown.py for tasks to queue
[2026-02-26T06:15:53.468+0000] {logging_mixin.py:190} INFO - [2026-02-26T06:15:53.468+0000] {dagbag.py:588} INFO - Filling up the DagBag from /home/ubuntu/airflow-venv/lib/python3.12/site-packages/airflow/example_dags/example_setup_teardown.py
[2026-02-26T06:15:53.474+0000] {processor.py:925} INFO - DAG(s) 'example_setup_teardown' retrieved from /home/ubuntu/airflow-venv/lib/python3.12/site-packages/airflow/example_dags/example_setup_teardown.py
[2026-02-26T06:15:53.485+0000] {logging_mixin.py:190} INFO - [2026-02-26T06:15:53.484+0000] {dag.py:3239} INFO - Sync 1 DAGs
[2026-02-26T06:15:53.492+0000] {logging_mixin.py:190} INFO - [2026-02-26T06:15:53.492+0000] {dag.py:4180} INFO - Setting next_dagrun for example_setup_teardown to None, run_after=None
[2026-02-26T06:15:53.509+0000] {processor.py:208} INFO - Processing /home/ubuntu/airflow-venv/lib/python3.12/site-packages/airflow/example_dags/example_setup_teardown.py took 0.047 seconds
[2026-02-26T06:16:46.548+0000] {processor.py:186} INFO - Started process (PID=2895) to work on /home/ubuntu/airflow-venv/lib/python3.12/site-packages/airflow/example_dags/example_setup_teardown.py
[2026-02-26T06:16:46.549+0000] {processor.py:914} INFO - Processing file /home/ubuntu/airflow-venv/lib/python3.12/site-packages/airflow/example_dags/example_setup_teardown.py for tasks to queue
[2026-02-26T06:16:46.550+0000] {logging_mixin.py:190} INFO - [2026-02-26T06:16:46.550+0000] {dagbag.py:588} INFO - Filling up the DagBag from /home/ubuntu/airflow-venv/lib/python3.12/site-packages/airflow/example_dags/example_setup_teardown.py
[2026-02-26T06:16:46.556+0000] {processor.py:925} INFO - DAG(s) 'example_setup_teardown' retrieved from /home/ubuntu/airflow-venv/lib/python3.12/site-packages/airflow/example_dags/example_setup_teardown.py
[2026-02-26T06:16:46.566+0000] {logging_mixin.py:190} INFO - [2026-02-26T06:16:46.566+0000] {dag.py:3239} INFO - Sync 1 DAGs
[2026-02-26T06:16:46.574+0000] {logging_mixin.py:190} INFO - [2026-02-26T06:16:46.574+0000] {dag.py:4180} INFO - Setting next_dagrun for example_setup_teardown to None, run_after=None
[2026-02-26T06:16:46.590+0000] {processor.py:208} INFO - Processing /home/ubuntu/airflow-venv/lib/python3.12/site-packages/airflow/example_dags/example_setup_teardown.py took 0.046 seconds
[2026-02-26T06:17:41.319+0000] {processor.py:186} INFO - Started process (PID=2956) to work on /home/ubuntu/airflow-venv/lib/python3.12/site-packages/airflow/example_dags/example_setup_teardown.py
[2026-02-26T06:17:41.320+0000] {processor.py:914} INFO - Processing file /home/ubuntu/airflow-venv/lib/python3.12/site-packages/airflow/example_dags/example_setup_teardown.py for tasks to queue
[2026-02-26T06:17:41.322+0000] {logging_mixin.py:190} INFO - [2026-02-26T06:17:41.322+0000] {dagbag.py:588} INFO - Filling up the DagBag from /home/ubuntu/airflow-venv/lib/python3.12/site-packages/airflow/example_dags/example_setup_teardown.py
[2026-02-26T06:17:41.327+0000] {processor.py:925} INFO - DAG(s) 'example_setup_teardown' retrieved from /home/ubuntu/airflow-venv/lib/python3.12/site-packages/airflow/example_dags/example_setup_teardown.py
[2026-02-26T06:17:41.337+0000] {logging_mixin.py:190} INFO - [2026-02-26T06:17:41.337+0000] {dag.py:3239} INFO - Sync 1 DAGs
[2026-02-26T06:17:41.345+0000] {logging_mixin.py:190} INFO - [2026-02-26T06:17:41.345+0000] {dag.py:4180} INFO - Setting next_dagrun for example_setup_teardown to None, run_after=None
[2026-02-26T06:17:41.363+0000] {processor.py:208} INFO - Processing /home/ubuntu/airflow-venv/lib/python3.12/site-packages/airflow/example_dags/example_setup_teardown.py took 0.047 seconds
[2026-02-26T06:18:33.105+0000] {processor.py:186} INFO - Started process (PID=3009) to work on /home/ubuntu/airflow-venv/lib/python3.12/site-packages/airflow/example_dags/example_setup_teardown.py
[2026-02-26T06:18:33.106+0000] {processor.py:914} INFO - Processing file /home/ubuntu/airflow-venv/lib/python3.12/site-packages/airflow/example_dags/example_setup_teardown.py for tasks to queue
[2026-02-26T06:18:33.107+0000] {logging_mixin.py:190} INFO - [2026-02-26T06:18:33.107+0000] {dagbag.py:588} INFO - Filling up the DagBag from /home/ubuntu/airflow-venv/lib/python3.12/site-packages/airflow/example_dags/example_setup_teardown.py
[2026-02-26T06:18:33.113+0000] {processor.py:925} INFO - DAG(s) 'example_setup_teardown' retrieved from /home/ubuntu/airflow-venv/lib/python3.12/site-packages/airflow/example_dags/example_setup_teardown.py
[2026-02-26T06:18:33.123+0000] {logging_mixin.py:190} INFO - [2026-02-26T06:18:33.123+0000] {dag.py:3239} INFO - Sync 1 DAGs
[2026-02-26T06:18:33.131+0000] {logging_mixin.py:190} INFO - [2026-02-26T06:18:33.131+0000] {dag.py:4180} INFO - Setting next_dagrun for example_setup_teardown to None, run_after=None
[2026-02-26T06:18:33.148+0000] {processor.py:208} INFO - Processing /home/ubuntu/airflow-venv/lib/python3.12/site-packages/airflow/example_dags/example_setup_teardown.py took 0.047 seconds
[2026-02-26T06:19:31.335+0000] {processor.py:186} INFO - Started process (PID=3065) to work on /home/ubuntu/airflow-venv/lib/python3.12/site-packages/airflow/example_dags/example_setup_teardown.py
[2026-02-26T06:19:31.337+0000] {processor.py:914} INFO - Processing file /home/ubuntu/airflow-venv/lib/python3.12/site-packages/airflow/example_dags/example_setup_teardown.py for tasks to queue
[2026-02-26T06:19:31.338+0000] {logging_mixin.py:190} INFO - [2026-02-26T06:19:31.338+0000] {dagbag.py:588} INFO - Filling up the DagBag from /home/ubuntu/airflow-venv/lib/python3.12/site-packages/airflow/example_dags/example_setup_teardown.py
[2026-02-26T06:19:31.429+0000] {processor.py:925} INFO - DAG(s) 'example_setup_teardown' retrieved from /home/ubuntu/airflow-venv/lib/python3.12/site-packages/airflow/example_dags/example_setup_teardown.py
[2026-02-26T06:19:31.437+0000] {logging_mixin.py:190} INFO - [2026-02-26T06:19:31.437+0000] {dag.py:3239} INFO - Sync 1 DAGs
[2026-02-26T06:19:31.443+0000] {logging_mixin.py:190} INFO - [2026-02-26T06:19:31.443+0000] {dag.py:4180} INFO - Setting next_dagrun for example_setup_teardown to None, run_after=None
[2026-02-26T06:19:31.459+0000] {processor.py:208} INFO - Processing /home/ubuntu/airflow-venv/lib/python3.12/site-packages/airflow/example_dags/example_setup_teardown.py took 0.127 seconds
[2026-02-26T06:20:24.599+0000] {processor.py:186} INFO - Started process (PID=3120) to work on /home/ubuntu/airflow-venv/lib/python3.12/site-packages/airflow/example_dags/example_setup_teardown.py
[2026-02-26T06:20:24.600+0000] {processor.py:914} INFO - Processing file /home/ubuntu/airflow-venv/lib/python3.12/site-packages/airflow/example_dags/example_setup_teardown.py for tasks to queue
[2026-02-26T06:20:24.602+0000] {logging_mixin.py:190} INFO - [2026-02-26T06:20:24.601+0000] {dagbag.py:588} INFO - Filling up the DagBag from /home/ubuntu/airflow-venv/lib/python3.12/site-packages/airflow/example_dags/example_setup_teardown.py
[2026-02-26T06:20:24.607+0000] {processor.py:925} INFO - DAG(s) 'example_setup_teardown' retrieved from /home/ubuntu/airflow-venv/lib/python3.12/site-packages/airflow/example_dags/example_setup_teardown.py
[2026-02-26T06:20:24.618+0000] {logging_mixin.py:190} INFO - [2026-02-26T06:20:24.618+0000] {dag.py:3239} INFO - Sync 1 DAGs
[2026-02-26T06:20:24.626+0000] {logging_mixin.py:190} INFO - [2026-02-26T06:20:24.626+0000] {dag.py:4180} INFO - Setting next_dagrun for example_setup_teardown to None, run_after=None
[2026-02-26T06:20:24.643+0000] {processor.py:208} INFO - Processing /home/ubuntu/airflow-venv/lib/python3.12/site-packages/airflow/example_dags/example_setup_teardown.py took 0.048 seconds
[2026-02-26T06:21:13.795+0000] {processor.py:186} INFO - Started process (PID=3175) to work on /home/ubuntu/airflow-venv/lib/python3.12/site-packages/airflow/example_dags/example_setup_teardown.py
[2026-02-26T06:21:13.796+0000] {processor.py:914} INFO - Processing file /home/ubuntu/airflow-venv/lib/python3.12/site-packages/airflow/example_dags/example_setup_teardown.py for tasks to queue
[2026-02-26T06:21:13.798+0000] {logging_mixin.py:190} INFO - [2026-02-26T06:21:13.797+0000] {dagbag.py:588} INFO - Filling up the DagBag from /home/ubuntu/airflow-venv/lib/python3.12/site-packages/airflow/example_dags/example_setup_teardown.py
[2026-02-26T06:21:13.803+0000] {processor.py:925} INFO - DAG(s) 'example_setup_teardown' retrieved from /home/ubuntu/airflow-venv/lib/python3.12/site-packages/airflow/example_dags/example_setup_teardown.py
[2026-02-26T06:21:13.814+0000] {logging_mixin.py:190} INFO - [2026-02-26T06:21:13.813+0000] {dag.py:3239} INFO - Sync 1 DAGs
[2026-02-26T06:21:13.822+0000] {logging_mixin.py:190} INFO - [2026-02-26T06:21:13.822+0000] {dag.py:4180} INFO - Setting next_dagrun for example_setup_teardown to None, run_after=None
[2026-02-26T06:21:13.839+0000] {processor.py:208} INFO - Processing /home/ubuntu/airflow-venv/lib/python3.12/site-packages/airflow/example_dags/example_setup_teardown.py took 0.048 seconds
[2026-02-26T06:22:02.917+0000] {processor.py:186} INFO - Started process (PID=3229) to work on /home/ubuntu/airflow-venv/lib/python3.12/site-packages/airflow/example_dags/example_setup_teardown.py
[2026-02-26T06:22:02.918+0000] {processor.py:914} INFO - Processing file /home/ubuntu/airflow-venv/lib/python3.12/site-packages/airflow/example_dags/example_setup_teardown.py for tasks to queue
[2026-02-26T06:22:02.920+0000] {logging_mixin.py:190} INFO - [2026-02-26T06:22:02.919+0000] {dagbag.py:588} INFO - Filling up the DagBag from /home/ubuntu/airflow-venv/lib/python3.12/site-packages/airflow/example_dags/example_setup_teardown.py
[2026-02-26T06:22:02.925+0000] {processor.py:925} INFO - DAG(s) 'example_setup_teardown' retrieved from /home/ubuntu/airflow-venv/lib/python3.12/site-packages/airflow/example_dags/example_setup_teardown.py
[2026-02-26T06:22:02.935+0000] {logging_mixin.py:190} INFO - [2026-02-26T06:22:02.935+0000] {dag.py:3239} INFO - Sync 1 DAGs
[2026-02-26T06:22:02.943+0000] {logging_mixin.py:190} INFO - [2026-02-26T06:22:02.943+0000] {dag.py:4180} INFO - Setting next_dagrun for example_setup_teardown to None, run_after=None
[2026-02-26T06:22:02.960+0000] {processor.py:208} INFO - Processing /home/ubuntu/airflow-venv/lib/python3.12/site-packages/airflow/example_dags/example_setup_teardown.py took 0.047 seconds
[2026-02-26T06:22:53.152+0000] {processor.py:186} INFO - Started process (PID=3283) to work on /home/ubuntu/airflow-venv/lib/python3.12/site-packages/airflow/example_dags/example_setup_teardown.py
[2026-02-26T06:22:53.153+0000] {processor.py:914} INFO - Processing file /home/ubuntu/airflow-venv/lib/python3.12/site-packages/airflow/example_dags/example_setup_teardown.py for tasks to queue
[2026-02-26T06:22:53.155+0000] {logging_mixin.py:190} INFO - [2026-02-26T06:22:53.155+0000] {dagbag.py:588} INFO - Filling up the DagBag from /home/ubuntu/airflow-venv/lib/python3.12/site-packages/airflow/example_dags/example_setup_teardown.py
[2026-02-26T06:22:53.160+0000] {processor.py:925} INFO - DAG(s) 'example_setup_teardown' retrieved from /home/ubuntu/airflow-venv/lib/python3.12/site-packages/airflow/example_dags/example_setup_teardown.py
[2026-02-26T06:22:53.170+0000] {logging_mixin.py:190} INFO - [2026-02-26T06:22:53.170+0000] {dag.py:3239} INFO - Sync 1 DAGs
[2026-02-26T06:22:53.179+0000] {logging_mixin.py:190} INFO - [2026-02-26T06:22:53.179+0000] {dag.py:4180} INFO - Setting next_dagrun for example_setup_teardown to None, run_after=None
[2026-02-26T06:22:53.196+0000] {processor.py:208} INFO - Processing /home/ubuntu/airflow-venv/lib/python3.12/site-packages/airflow/example_dags/example_setup_teardown.py took 0.047 seconds
[2026-02-26T06:23:46.065+0000] {processor.py:186} INFO - Started process (PID=3336) to work on /home/ubuntu/airflow-venv/lib/python3.12/site-packages/airflow/example_dags/example_setup_teardown.py
[2026-02-26T06:23:46.066+0000] {processor.py:914} INFO - Processing file /home/ubuntu/airflow-venv/lib/python3.12/site-packages/airflow/example_dags/example_setup_teardown.py for tasks to queue
[2026-02-26T06:23:46.068+0000] {logging_mixin.py:190} INFO - [2026-02-26T06:23:46.068+0000] {dagbag.py:588} INFO - Filling up the DagBag from /home/ubuntu/airflow-venv/lib/python3.12/site-packages/airflow/example_dags/example_setup_teardown.py
[2026-02-26T06:23:46.073+0000] {processor.py:925} INFO - DAG(s) 'example_setup_teardown' retrieved from /home/ubuntu/airflow-venv/lib/python3.12/site-packages/airflow/example_dags/example_setup_teardown.py
[2026-02-26T06:23:46.084+0000] {logging_mixin.py:190} INFO - [2026-02-26T06:23:46.084+0000] {dag.py:3239} INFO - Sync 1 DAGs
[2026-02-26T06:23:46.092+0000] {logging_mixin.py:190} INFO - [2026-02-26T06:23:46.092+0000] {dag.py:4180} INFO - Setting next_dagrun for example_setup_teardown to None, run_after=None
[2026-02-26T06:23:46.109+0000] {processor.py:208} INFO - Processing /home/ubuntu/airflow-venv/lib/python3.12/site-packages/airflow/example_dags/example_setup_teardown.py took 0.048 seconds
