[2026-02-26T05:22:53.210+0000] {processor.py:186} INFO - Started process (PID=2140) to work on /home/ubuntu/airflow-venv/lib/python3.12/site-packages/airflow/example_dags/example_sensors.py
[2026-02-26T05:22:53.210+0000] {processor.py:914} INFO - Processing file /home/ubuntu/airflow-venv/lib/python3.12/site-packages/airflow/example_dags/example_sensors.py for tasks to queue
[2026-02-26T05:22:53.211+0000] {logging_mixin.py:190} INFO - [2026-02-26T05:22:53.211+0000] {dagbag.py:588} INFO - Filling up the DagBag from /home/ubuntu/airflow-venv/lib/python3.12/site-packages/airflow/example_dags/example_sensors.py
[2026-02-26T05:22:53.217+0000] {processor.py:925} INFO - DAG(s) 'example_sensors' retrieved from /home/ubuntu/airflow-venv/lib/python3.12/site-packages/airflow/example_dags/example_sensors.py
[2026-02-26T05:22:53.232+0000] {logging_mixin.py:190} INFO - [2026-02-26T05:22:53.231+0000] {dag.py:3239} INFO - Sync 1 DAGs
[2026-02-26T05:22:53.239+0000] {logging_mixin.py:190} INFO - [2026-02-26T05:22:53.238+0000] {dag.py:4180} INFO - Setting next_dagrun for example_sensors to None, run_after=None
[2026-02-26T05:22:53.256+0000] {processor.py:208} INFO - Processing /home/ubuntu/airflow-venv/lib/python3.12/site-packages/airflow/example_dags/example_sensors.py took 0.049 seconds
[2026-02-26T05:23:48.592+0000] {processor.py:186} INFO - Started process (PID=2197) to work on /home/ubuntu/airflow-venv/lib/python3.12/site-packages/airflow/example_dags/example_sensors.py
[2026-02-26T05:23:48.593+0000] {processor.py:914} INFO - Processing file /home/ubuntu/airflow-venv/lib/python3.12/site-packages/airflow/example_dags/example_sensors.py for tasks to queue
[2026-02-26T05:23:48.594+0000] {logging_mixin.py:190} INFO - [2026-02-26T05:23:48.594+0000] {dagbag.py:588} INFO - Filling up the DagBag from /home/ubuntu/airflow-venv/lib/python3.12/site-packages/airflow/example_dags/example_sensors.py
[2026-02-26T05:23:48.601+0000] {processor.py:925} INFO - DAG(s) 'example_sensors' retrieved from /home/ubuntu/airflow-venv/lib/python3.12/site-packages/airflow/example_dags/example_sensors.py
[2026-02-26T05:23:48.613+0000] {logging_mixin.py:190} INFO - [2026-02-26T05:23:48.613+0000] {dag.py:3239} INFO - Sync 1 DAGs
[2026-02-26T05:23:48.620+0000] {logging_mixin.py:190} INFO - [2026-02-26T05:23:48.620+0000] {dag.py:4180} INFO - Setting next_dagrun for example_sensors to None, run_after=None
[2026-02-26T05:23:48.637+0000] {processor.py:208} INFO - Processing /home/ubuntu/airflow-venv/lib/python3.12/site-packages/airflow/example_dags/example_sensors.py took 0.048 seconds
[2026-02-26T05:24:42.841+0000] {processor.py:186} INFO - Started process (PID=2254) to work on /home/ubuntu/airflow-venv/lib/python3.12/site-packages/airflow/example_dags/example_sensors.py
[2026-02-26T05:24:42.843+0000] {processor.py:914} INFO - Processing file /home/ubuntu/airflow-venv/lib/python3.12/site-packages/airflow/example_dags/example_sensors.py for tasks to queue
[2026-02-26T05:24:42.844+0000] {logging_mixin.py:190} INFO - [2026-02-26T05:24:42.844+0000] {dagbag.py:588} INFO - Filling up the DagBag from /home/ubuntu/airflow-venv/lib/python3.12/site-packages/airflow/example_dags/example_sensors.py
[2026-02-26T05:24:42.850+0000] {processor.py:925} INFO - DAG(s) 'example_sensors' retrieved from /home/ubuntu/airflow-venv/lib/python3.12/site-packages/airflow/example_dags/example_sensors.py
[2026-02-26T05:24:42.863+0000] {logging_mixin.py:190} INFO - [2026-02-26T05:24:42.862+0000] {dag.py:3239} INFO - Sync 1 DAGs
[2026-02-26T05:24:42.869+0000] {logging_mixin.py:190} INFO - [2026-02-26T05:24:42.869+0000] {dag.py:4180} INFO - Setting next_dagrun for example_sensors to None, run_after=None
[2026-02-26T05:24:42.885+0000] {processor.py:208} INFO - Processing /home/ubuntu/airflow-venv/lib/python3.12/site-packages/airflow/example_dags/example_sensors.py took 0.048 seconds
[2026-02-26T05:25:32.439+0000] {processor.py:186} INFO - Started process (PID=2319) to work on /home/ubuntu/airflow-venv/lib/python3.12/site-packages/airflow/example_dags/example_sensors.py
[2026-02-26T05:25:32.440+0000] {processor.py:914} INFO - Processing file /home/ubuntu/airflow-venv/lib/python3.12/site-packages/airflow/example_dags/example_sensors.py for tasks to queue
[2026-02-26T05:25:32.441+0000] {logging_mixin.py:190} INFO - [2026-02-26T05:25:32.441+0000] {dagbag.py:588} INFO - Filling up the DagBag from /home/ubuntu/airflow-venv/lib/python3.12/site-packages/airflow/example_dags/example_sensors.py
[2026-02-26T05:25:32.447+0000] {processor.py:925} INFO - DAG(s) 'example_sensors' retrieved from /home/ubuntu/airflow-venv/lib/python3.12/site-packages/airflow/example_dags/example_sensors.py
[2026-02-26T05:25:32.460+0000] {logging_mixin.py:190} INFO - [2026-02-26T05:25:32.459+0000] {dag.py:3239} INFO - Sync 1 DAGs
[2026-02-26T05:25:32.466+0000] {logging_mixin.py:190} INFO - [2026-02-26T05:25:32.466+0000] {dag.py:4180} INFO - Setting next_dagrun for example_sensors to None, run_after=None
[2026-02-26T05:25:32.481+0000] {processor.py:208} INFO - Processing /home/ubuntu/airflow-venv/lib/python3.12/site-packages/airflow/example_dags/example_sensors.py took 0.046 seconds
[2026-02-26T05:26:24.216+0000] {processor.py:186} INFO - Started process (PID=2379) to work on /home/ubuntu/airflow-venv/lib/python3.12/site-packages/airflow/example_dags/example_sensors.py
[2026-02-26T05:26:24.217+0000] {processor.py:914} INFO - Processing file /home/ubuntu/airflow-venv/lib/python3.12/site-packages/airflow/example_dags/example_sensors.py for tasks to queue
[2026-02-26T05:26:24.219+0000] {logging_mixin.py:190} INFO - [2026-02-26T05:26:24.218+0000] {dagbag.py:588} INFO - Filling up the DagBag from /home/ubuntu/airflow-venv/lib/python3.12/site-packages/airflow/example_dags/example_sensors.py
[2026-02-26T05:26:24.225+0000] {processor.py:925} INFO - DAG(s) 'example_sensors' retrieved from /home/ubuntu/airflow-venv/lib/python3.12/site-packages/airflow/example_dags/example_sensors.py
[2026-02-26T05:26:24.237+0000] {logging_mixin.py:190} INFO - [2026-02-26T05:26:24.237+0000] {dag.py:3239} INFO - Sync 1 DAGs
[2026-02-26T05:26:24.244+0000] {logging_mixin.py:190} INFO - [2026-02-26T05:26:24.244+0000] {dag.py:4180} INFO - Setting next_dagrun for example_sensors to None, run_after=None
[2026-02-26T05:26:24.259+0000] {processor.py:208} INFO - Processing /home/ubuntu/airflow-venv/lib/python3.12/site-packages/airflow/example_dags/example_sensors.py took 0.046 seconds
[2026-02-26T05:27:12.565+0000] {processor.py:186} INFO - Started process (PID=2796) to work on /home/ubuntu/airflow-venv/lib/python3.12/site-packages/airflow/example_dags/example_sensors.py
[2026-02-26T05:27:12.566+0000] {processor.py:914} INFO - Processing file /home/ubuntu/airflow-venv/lib/python3.12/site-packages/airflow/example_dags/example_sensors.py for tasks to queue
[2026-02-26T05:27:12.567+0000] {logging_mixin.py:190} INFO - [2026-02-26T05:27:12.567+0000] {dagbag.py:588} INFO - Filling up the DagBag from /home/ubuntu/airflow-venv/lib/python3.12/site-packages/airflow/example_dags/example_sensors.py
[2026-02-26T05:27:12.574+0000] {processor.py:925} INFO - DAG(s) 'example_sensors' retrieved from /home/ubuntu/airflow-venv/lib/python3.12/site-packages/airflow/example_dags/example_sensors.py
[2026-02-26T05:27:12.586+0000] {logging_mixin.py:190} INFO - [2026-02-26T05:27:12.586+0000] {dag.py:3239} INFO - Sync 1 DAGs
[2026-02-26T05:27:12.593+0000] {logging_mixin.py:190} INFO - [2026-02-26T05:27:12.593+0000] {dag.py:4180} INFO - Setting next_dagrun for example_sensors to None, run_after=None
[2026-02-26T05:27:12.609+0000] {processor.py:208} INFO - Processing /home/ubuntu/airflow-venv/lib/python3.12/site-packages/airflow/example_dags/example_sensors.py took 0.047 seconds
[2026-02-26T05:28:01.970+0000] {processor.py:186} INFO - Started process (PID=2848) to work on /home/ubuntu/airflow-venv/lib/python3.12/site-packages/airflow/example_dags/example_sensors.py
[2026-02-26T05:28:01.971+0000] {processor.py:914} INFO - Processing file /home/ubuntu/airflow-venv/lib/python3.12/site-packages/airflow/example_dags/example_sensors.py for tasks to queue
[2026-02-26T05:28:01.972+0000] {logging_mixin.py:190} INFO - [2026-02-26T05:28:01.972+0000] {dagbag.py:588} INFO - Filling up the DagBag from /home/ubuntu/airflow-venv/lib/python3.12/site-packages/airflow/example_dags/example_sensors.py
[2026-02-26T05:28:01.979+0000] {processor.py:925} INFO - DAG(s) 'example_sensors' retrieved from /home/ubuntu/airflow-venv/lib/python3.12/site-packages/airflow/example_dags/example_sensors.py
[2026-02-26T05:28:01.991+0000] {logging_mixin.py:190} INFO - [2026-02-26T05:28:01.991+0000] {dag.py:3239} INFO - Sync 1 DAGs
[2026-02-26T05:28:01.998+0000] {logging_mixin.py:190} INFO - [2026-02-26T05:28:01.998+0000] {dag.py:4180} INFO - Setting next_dagrun for example_sensors to None, run_after=None
[2026-02-26T05:28:02.078+0000] {processor.py:208} INFO - Processing /home/ubuntu/airflow-venv/lib/python3.12/site-packages/airflow/example_dags/example_sensors.py took 0.111 seconds
[2026-02-26T05:28:54.924+0000] {processor.py:186} INFO - Started process (PID=2903) to work on /home/ubuntu/airflow-venv/lib/python3.12/site-packages/airflow/example_dags/example_sensors.py
[2026-02-26T05:28:54.925+0000] {processor.py:914} INFO - Processing file /home/ubuntu/airflow-venv/lib/python3.12/site-packages/airflow/example_dags/example_sensors.py for tasks to queue
[2026-02-26T05:28:54.926+0000] {logging_mixin.py:190} INFO - [2026-02-26T05:28:54.926+0000] {dagbag.py:588} INFO - Filling up the DagBag from /home/ubuntu/airflow-venv/lib/python3.12/site-packages/airflow/example_dags/example_sensors.py
[2026-02-26T05:28:54.933+0000] {processor.py:925} INFO - DAG(s) 'example_sensors' retrieved from /home/ubuntu/airflow-venv/lib/python3.12/site-packages/airflow/example_dags/example_sensors.py
[2026-02-26T05:28:54.946+0000] {logging_mixin.py:190} INFO - [2026-02-26T05:28:54.945+0000] {dag.py:3239} INFO - Sync 1 DAGs
[2026-02-26T05:28:54.953+0000] {logging_mixin.py:190} INFO - [2026-02-26T05:28:54.953+0000] {dag.py:4180} INFO - Setting next_dagrun for example_sensors to None, run_after=None
[2026-02-26T05:28:54.969+0000] {processor.py:208} INFO - Processing /home/ubuntu/airflow-venv/lib/python3.12/site-packages/airflow/example_dags/example_sensors.py took 0.049 seconds
[2026-02-26T05:29:46.222+0000] {processor.py:186} INFO - Started process (PID=2955) to work on /home/ubuntu/airflow-venv/lib/python3.12/site-packages/airflow/example_dags/example_sensors.py
[2026-02-26T05:29:46.223+0000] {processor.py:914} INFO - Processing file /home/ubuntu/airflow-venv/lib/python3.12/site-packages/airflow/example_dags/example_sensors.py for tasks to queue
[2026-02-26T05:29:46.224+0000] {logging_mixin.py:190} INFO - [2026-02-26T05:29:46.224+0000] {dagbag.py:588} INFO - Filling up the DagBag from /home/ubuntu/airflow-venv/lib/python3.12/site-packages/airflow/example_dags/example_sensors.py
[2026-02-26T05:29:46.231+0000] {processor.py:925} INFO - DAG(s) 'example_sensors' retrieved from /home/ubuntu/airflow-venv/lib/python3.12/site-packages/airflow/example_dags/example_sensors.py
[2026-02-26T05:29:46.243+0000] {logging_mixin.py:190} INFO - [2026-02-26T05:29:46.243+0000] {dag.py:3239} INFO - Sync 1 DAGs
[2026-02-26T05:29:46.250+0000] {logging_mixin.py:190} INFO - [2026-02-26T05:29:46.249+0000] {dag.py:4180} INFO - Setting next_dagrun for example_sensors to None, run_after=None
[2026-02-26T05:29:46.266+0000] {processor.py:208} INFO - Processing /home/ubuntu/airflow-venv/lib/python3.12/site-packages/airflow/example_dags/example_sensors.py took 0.047 seconds
[2026-02-26T05:30:38.740+0000] {processor.py:186} INFO - Started process (PID=3014) to work on /home/ubuntu/airflow-venv/lib/python3.12/site-packages/airflow/example_dags/example_sensors.py
[2026-02-26T05:30:38.742+0000] {processor.py:914} INFO - Processing file /home/ubuntu/airflow-venv/lib/python3.12/site-packages/airflow/example_dags/example_sensors.py for tasks to queue
[2026-02-26T05:30:38.743+0000] {logging_mixin.py:190} INFO - [2026-02-26T05:30:38.743+0000] {dagbag.py:588} INFO - Filling up the DagBag from /home/ubuntu/airflow-venv/lib/python3.12/site-packages/airflow/example_dags/example_sensors.py
[2026-02-26T05:30:38.749+0000] {processor.py:925} INFO - DAG(s) 'example_sensors' retrieved from /home/ubuntu/airflow-venv/lib/python3.12/site-packages/airflow/example_dags/example_sensors.py
[2026-02-26T05:30:38.762+0000] {logging_mixin.py:190} INFO - [2026-02-26T05:30:38.761+0000] {dag.py:3239} INFO - Sync 1 DAGs
[2026-02-26T05:30:38.769+0000] {logging_mixin.py:190} INFO - [2026-02-26T05:30:38.769+0000] {dag.py:4180} INFO - Setting next_dagrun for example_sensors to None, run_after=None
[2026-02-26T05:30:38.786+0000] {processor.py:208} INFO - Processing /home/ubuntu/airflow-venv/lib/python3.12/site-packages/airflow/example_dags/example_sensors.py took 0.049 seconds
[2026-02-26T05:31:30.396+0000] {processor.py:186} INFO - Started process (PID=3067) to work on /home/ubuntu/airflow-venv/lib/python3.12/site-packages/airflow/example_dags/example_sensors.py
[2026-02-26T05:31:30.397+0000] {processor.py:914} INFO - Processing file /home/ubuntu/airflow-venv/lib/python3.12/site-packages/airflow/example_dags/example_sensors.py for tasks to queue
[2026-02-26T05:31:30.398+0000] {logging_mixin.py:190} INFO - [2026-02-26T05:31:30.398+0000] {dagbag.py:588} INFO - Filling up the DagBag from /home/ubuntu/airflow-venv/lib/python3.12/site-packages/airflow/example_dags/example_sensors.py
[2026-02-26T05:31:30.405+0000] {processor.py:925} INFO - DAG(s) 'example_sensors' retrieved from /home/ubuntu/airflow-venv/lib/python3.12/site-packages/airflow/example_dags/example_sensors.py
[2026-02-26T05:31:30.417+0000] {logging_mixin.py:190} INFO - [2026-02-26T05:31:30.417+0000] {dag.py:3239} INFO - Sync 1 DAGs
[2026-02-26T05:31:30.424+0000] {logging_mixin.py:190} INFO - [2026-02-26T05:31:30.424+0000] {dag.py:4180} INFO - Setting next_dagrun for example_sensors to None, run_after=None
[2026-02-26T05:31:30.440+0000] {processor.py:208} INFO - Processing /home/ubuntu/airflow-venv/lib/python3.12/site-packages/airflow/example_dags/example_sensors.py took 0.048 seconds
[2026-02-26T05:32:22.496+0000] {processor.py:186} INFO - Started process (PID=3120) to work on /home/ubuntu/airflow-venv/lib/python3.12/site-packages/airflow/example_dags/example_sensors.py
[2026-02-26T05:32:22.497+0000] {processor.py:914} INFO - Processing file /home/ubuntu/airflow-venv/lib/python3.12/site-packages/airflow/example_dags/example_sensors.py for tasks to queue
[2026-02-26T05:32:22.499+0000] {logging_mixin.py:190} INFO - [2026-02-26T05:32:22.498+0000] {dagbag.py:588} INFO - Filling up the DagBag from /home/ubuntu/airflow-venv/lib/python3.12/site-packages/airflow/example_dags/example_sensors.py
[2026-02-26T05:32:22.505+0000] {processor.py:925} INFO - DAG(s) 'example_sensors' retrieved from /home/ubuntu/airflow-venv/lib/python3.12/site-packages/airflow/example_dags/example_sensors.py
[2026-02-26T05:32:22.518+0000] {logging_mixin.py:190} INFO - [2026-02-26T05:32:22.517+0000] {dag.py:3239} INFO - Sync 1 DAGs
[2026-02-26T05:32:22.525+0000] {logging_mixin.py:190} INFO - [2026-02-26T05:32:22.525+0000] {dag.py:4180} INFO - Setting next_dagrun for example_sensors to None, run_after=None
[2026-02-26T05:32:22.541+0000] {processor.py:208} INFO - Processing /home/ubuntu/airflow-venv/lib/python3.12/site-packages/airflow/example_dags/example_sensors.py took 0.048 seconds
[2026-02-26T05:33:10.706+0000] {processor.py:186} INFO - Started process (PID=3171) to work on /home/ubuntu/airflow-venv/lib/python3.12/site-packages/airflow/example_dags/example_sensors.py
[2026-02-26T05:33:10.707+0000] {processor.py:914} INFO - Processing file /home/ubuntu/airflow-venv/lib/python3.12/site-packages/airflow/example_dags/example_sensors.py for tasks to queue
[2026-02-26T05:33:10.709+0000] {logging_mixin.py:190} INFO - [2026-02-26T05:33:10.708+0000] {dagbag.py:588} INFO - Filling up the DagBag from /home/ubuntu/airflow-venv/lib/python3.12/site-packages/airflow/example_dags/example_sensors.py
[2026-02-26T05:33:10.715+0000] {processor.py:925} INFO - DAG(s) 'example_sensors' retrieved from /home/ubuntu/airflow-venv/lib/python3.12/site-packages/airflow/example_dags/example_sensors.py
[2026-02-26T05:33:10.727+0000] {logging_mixin.py:190} INFO - [2026-02-26T05:33:10.727+0000] {dag.py:3239} INFO - Sync 1 DAGs
[2026-02-26T05:33:10.734+0000] {logging_mixin.py:190} INFO - [2026-02-26T05:33:10.734+0000] {dag.py:4180} INFO - Setting next_dagrun for example_sensors to None, run_after=None
[2026-02-26T05:33:10.749+0000] {processor.py:208} INFO - Processing /home/ubuntu/airflow-venv/lib/python3.12/site-packages/airflow/example_dags/example_sensors.py took 0.047 seconds
[2026-02-26T05:34:01.355+0000] {processor.py:186} INFO - Started process (PID=3227) to work on /home/ubuntu/airflow-venv/lib/python3.12/site-packages/airflow/example_dags/example_sensors.py
[2026-02-26T05:34:01.356+0000] {processor.py:914} INFO - Processing file /home/ubuntu/airflow-venv/lib/python3.12/site-packages/airflow/example_dags/example_sensors.py for tasks to queue
[2026-02-26T05:34:01.358+0000] {logging_mixin.py:190} INFO - [2026-02-26T05:34:01.357+0000] {dagbag.py:588} INFO - Filling up the DagBag from /home/ubuntu/airflow-venv/lib/python3.12/site-packages/airflow/example_dags/example_sensors.py
[2026-02-26T05:34:01.364+0000] {processor.py:925} INFO - DAG(s) 'example_sensors' retrieved from /home/ubuntu/airflow-venv/lib/python3.12/site-packages/airflow/example_dags/example_sensors.py
[2026-02-26T05:34:01.377+0000] {logging_mixin.py:190} INFO - [2026-02-26T05:34:01.377+0000] {dag.py:3239} INFO - Sync 1 DAGs
[2026-02-26T05:34:01.384+0000] {logging_mixin.py:190} INFO - [2026-02-26T05:34:01.384+0000] {dag.py:4180} INFO - Setting next_dagrun for example_sensors to None, run_after=None
[2026-02-26T05:34:01.400+0000] {processor.py:208} INFO - Processing /home/ubuntu/airflow-venv/lib/python3.12/site-packages/airflow/example_dags/example_sensors.py took 0.049 seconds
[2026-02-26T05:34:49.173+0000] {processor.py:186} INFO - Started process (PID=3280) to work on /home/ubuntu/airflow-venv/lib/python3.12/site-packages/airflow/example_dags/example_sensors.py
[2026-02-26T05:34:49.174+0000] {processor.py:914} INFO - Processing file /home/ubuntu/airflow-venv/lib/python3.12/site-packages/airflow/example_dags/example_sensors.py for tasks to queue
[2026-02-26T05:34:49.175+0000] {logging_mixin.py:190} INFO - [2026-02-26T05:34:49.175+0000] {dagbag.py:588} INFO - Filling up the DagBag from /home/ubuntu/airflow-venv/lib/python3.12/site-packages/airflow/example_dags/example_sensors.py
[2026-02-26T05:34:49.182+0000] {processor.py:925} INFO - DAG(s) 'example_sensors' retrieved from /home/ubuntu/airflow-venv/lib/python3.12/site-packages/airflow/example_dags/example_sensors.py
[2026-02-26T05:34:49.194+0000] {logging_mixin.py:190} INFO - [2026-02-26T05:34:49.194+0000] {dag.py:3239} INFO - Sync 1 DAGs
[2026-02-26T05:34:49.202+0000] {logging_mixin.py:190} INFO - [2026-02-26T05:34:49.202+0000] {dag.py:4180} INFO - Setting next_dagrun for example_sensors to None, run_after=None
[2026-02-26T05:34:49.218+0000] {processor.py:208} INFO - Processing /home/ubuntu/airflow-venv/lib/python3.12/site-packages/airflow/example_dags/example_sensors.py took 0.049 seconds
[2026-02-26T05:35:41.626+0000] {processor.py:186} INFO - Started process (PID=3340) to work on /home/ubuntu/airflow-venv/lib/python3.12/site-packages/airflow/example_dags/example_sensors.py
[2026-02-26T05:35:41.627+0000] {processor.py:914} INFO - Processing file /home/ubuntu/airflow-venv/lib/python3.12/site-packages/airflow/example_dags/example_sensors.py for tasks to queue
[2026-02-26T05:35:41.629+0000] {logging_mixin.py:190} INFO - [2026-02-26T05:35:41.628+0000] {dagbag.py:588} INFO - Filling up the DagBag from /home/ubuntu/airflow-venv/lib/python3.12/site-packages/airflow/example_dags/example_sensors.py
[2026-02-26T05:35:41.635+0000] {processor.py:925} INFO - DAG(s) 'example_sensors' retrieved from /home/ubuntu/airflow-venv/lib/python3.12/site-packages/airflow/example_dags/example_sensors.py
[2026-02-26T05:35:41.647+0000] {logging_mixin.py:190} INFO - [2026-02-26T05:35:41.647+0000] {dag.py:3239} INFO - Sync 1 DAGs
[2026-02-26T05:35:41.654+0000] {logging_mixin.py:190} INFO - [2026-02-26T05:35:41.654+0000] {dag.py:4180} INFO - Setting next_dagrun for example_sensors to None, run_after=None
[2026-02-26T05:35:41.670+0000] {processor.py:208} INFO - Processing /home/ubuntu/airflow-venv/lib/python3.12/site-packages/airflow/example_dags/example_sensors.py took 0.047 seconds
[2026-02-26T05:36:34.126+0000] {processor.py:186} INFO - Started process (PID=3398) to work on /home/ubuntu/airflow-venv/lib/python3.12/site-packages/airflow/example_dags/example_sensors.py
[2026-02-26T05:36:34.127+0000] {processor.py:914} INFO - Processing file /home/ubuntu/airflow-venv/lib/python3.12/site-packages/airflow/example_dags/example_sensors.py for tasks to queue
[2026-02-26T05:36:34.128+0000] {logging_mixin.py:190} INFO - [2026-02-26T05:36:34.128+0000] {dagbag.py:588} INFO - Filling up the DagBag from /home/ubuntu/airflow-venv/lib/python3.12/site-packages/airflow/example_dags/example_sensors.py
[2026-02-26T05:36:34.135+0000] {processor.py:925} INFO - DAG(s) 'example_sensors' retrieved from /home/ubuntu/airflow-venv/lib/python3.12/site-packages/airflow/example_dags/example_sensors.py
[2026-02-26T05:36:34.148+0000] {logging_mixin.py:190} INFO - [2026-02-26T05:36:34.148+0000] {dag.py:3239} INFO - Sync 1 DAGs
[2026-02-26T05:36:34.155+0000] {logging_mixin.py:190} INFO - [2026-02-26T05:36:34.155+0000] {dag.py:4180} INFO - Setting next_dagrun for example_sensors to None, run_after=None
[2026-02-26T05:36:34.171+0000] {processor.py:208} INFO - Processing /home/ubuntu/airflow-venv/lib/python3.12/site-packages/airflow/example_dags/example_sensors.py took 0.049 seconds
[2026-02-26T05:37:23.173+0000] {processor.py:186} INFO - Started process (PID=3450) to work on /home/ubuntu/airflow-venv/lib/python3.12/site-packages/airflow/example_dags/example_sensors.py
[2026-02-26T05:37:23.174+0000] {processor.py:914} INFO - Processing file /home/ubuntu/airflow-venv/lib/python3.12/site-packages/airflow/example_dags/example_sensors.py for tasks to queue
[2026-02-26T05:37:23.176+0000] {logging_mixin.py:190} INFO - [2026-02-26T05:37:23.175+0000] {dagbag.py:588} INFO - Filling up the DagBag from /home/ubuntu/airflow-venv/lib/python3.12/site-packages/airflow/example_dags/example_sensors.py
[2026-02-26T05:37:23.182+0000] {processor.py:925} INFO - DAG(s) 'example_sensors' retrieved from /home/ubuntu/airflow-venv/lib/python3.12/site-packages/airflow/example_dags/example_sensors.py
[2026-02-26T05:37:23.195+0000] {logging_mixin.py:190} INFO - [2026-02-26T05:37:23.195+0000] {dag.py:3239} INFO - Sync 1 DAGs
[2026-02-26T05:37:23.202+0000] {logging_mixin.py:190} INFO - [2026-02-26T05:37:23.202+0000] {dag.py:4180} INFO - Setting next_dagrun for example_sensors to None, run_after=None
[2026-02-26T05:37:23.218+0000] {processor.py:208} INFO - Processing /home/ubuntu/airflow-venv/lib/python3.12/site-packages/airflow/example_dags/example_sensors.py took 0.049 seconds
[2026-02-26T05:38:12.082+0000] {processor.py:186} INFO - Started process (PID=3500) to work on /home/ubuntu/airflow-venv/lib/python3.12/site-packages/airflow/example_dags/example_sensors.py
[2026-02-26T05:38:12.083+0000] {processor.py:914} INFO - Processing file /home/ubuntu/airflow-venv/lib/python3.12/site-packages/airflow/example_dags/example_sensors.py for tasks to queue
[2026-02-26T05:38:12.085+0000] {logging_mixin.py:190} INFO - [2026-02-26T05:38:12.084+0000] {dagbag.py:588} INFO - Filling up the DagBag from /home/ubuntu/airflow-venv/lib/python3.12/site-packages/airflow/example_dags/example_sensors.py
[2026-02-26T05:38:12.091+0000] {processor.py:925} INFO - DAG(s) 'example_sensors' retrieved from /home/ubuntu/airflow-venv/lib/python3.12/site-packages/airflow/example_dags/example_sensors.py
[2026-02-26T05:38:12.104+0000] {logging_mixin.py:190} INFO - [2026-02-26T05:38:12.104+0000] {dag.py:3239} INFO - Sync 1 DAGs
[2026-02-26T05:38:12.112+0000] {logging_mixin.py:190} INFO - [2026-02-26T05:38:12.111+0000] {dag.py:4180} INFO - Setting next_dagrun for example_sensors to None, run_after=None
[2026-02-26T05:38:12.128+0000] {processor.py:208} INFO - Processing /home/ubuntu/airflow-venv/lib/python3.12/site-packages/airflow/example_dags/example_sensors.py took 0.049 seconds
[2026-02-26T05:39:03.834+0000] {processor.py:186} INFO - Started process (PID=3553) to work on /home/ubuntu/airflow-venv/lib/python3.12/site-packages/airflow/example_dags/example_sensors.py
[2026-02-26T05:39:03.835+0000] {processor.py:914} INFO - Processing file /home/ubuntu/airflow-venv/lib/python3.12/site-packages/airflow/example_dags/example_sensors.py for tasks to queue
[2026-02-26T05:39:03.836+0000] {logging_mixin.py:190} INFO - [2026-02-26T05:39:03.836+0000] {dagbag.py:588} INFO - Filling up the DagBag from /home/ubuntu/airflow-venv/lib/python3.12/site-packages/airflow/example_dags/example_sensors.py
[2026-02-26T05:39:03.843+0000] {processor.py:925} INFO - DAG(s) 'example_sensors' retrieved from /home/ubuntu/airflow-venv/lib/python3.12/site-packages/airflow/example_dags/example_sensors.py
[2026-02-26T05:39:03.855+0000] {logging_mixin.py:190} INFO - [2026-02-26T05:39:03.855+0000] {dag.py:3239} INFO - Sync 1 DAGs
[2026-02-26T05:39:03.862+0000] {logging_mixin.py:190} INFO - [2026-02-26T05:39:03.862+0000] {dag.py:4180} INFO - Setting next_dagrun for example_sensors to None, run_after=None
[2026-02-26T05:39:03.879+0000] {processor.py:208} INFO - Processing /home/ubuntu/airflow-venv/lib/python3.12/site-packages/airflow/example_dags/example_sensors.py took 0.049 seconds
[2026-02-26T05:39:53.864+0000] {processor.py:186} INFO - Started process (PID=3608) to work on /home/ubuntu/airflow-venv/lib/python3.12/site-packages/airflow/example_dags/example_sensors.py
[2026-02-26T05:39:53.865+0000] {processor.py:914} INFO - Processing file /home/ubuntu/airflow-venv/lib/python3.12/site-packages/airflow/example_dags/example_sensors.py for tasks to queue
[2026-02-26T05:39:53.866+0000] {logging_mixin.py:190} INFO - [2026-02-26T05:39:53.866+0000] {dagbag.py:588} INFO - Filling up the DagBag from /home/ubuntu/airflow-venv/lib/python3.12/site-packages/airflow/example_dags/example_sensors.py
[2026-02-26T05:39:53.872+0000] {processor.py:925} INFO - DAG(s) 'example_sensors' retrieved from /home/ubuntu/airflow-venv/lib/python3.12/site-packages/airflow/example_dags/example_sensors.py
[2026-02-26T05:39:53.885+0000] {logging_mixin.py:190} INFO - [2026-02-26T05:39:53.885+0000] {dag.py:3239} INFO - Sync 1 DAGs
[2026-02-26T05:39:53.892+0000] {logging_mixin.py:190} INFO - [2026-02-26T05:39:53.892+0000] {dag.py:4180} INFO - Setting next_dagrun for example_sensors to None, run_after=None
[2026-02-26T05:39:53.909+0000] {processor.py:208} INFO - Processing /home/ubuntu/airflow-venv/lib/python3.12/site-packages/airflow/example_dags/example_sensors.py took 0.048 seconds
[2026-02-26T05:40:41.728+0000] {processor.py:186} INFO - Started process (PID=3664) to work on /home/ubuntu/airflow-venv/lib/python3.12/site-packages/airflow/example_dags/example_sensors.py
[2026-02-26T05:40:41.729+0000] {processor.py:914} INFO - Processing file /home/ubuntu/airflow-venv/lib/python3.12/site-packages/airflow/example_dags/example_sensors.py for tasks to queue
[2026-02-26T05:40:41.731+0000] {logging_mixin.py:190} INFO - [2026-02-26T05:40:41.730+0000] {dagbag.py:588} INFO - Filling up the DagBag from /home/ubuntu/airflow-venv/lib/python3.12/site-packages/airflow/example_dags/example_sensors.py
[2026-02-26T05:40:41.737+0000] {processor.py:925} INFO - DAG(s) 'example_sensors' retrieved from /home/ubuntu/airflow-venv/lib/python3.12/site-packages/airflow/example_dags/example_sensors.py
[2026-02-26T05:40:41.750+0000] {logging_mixin.py:190} INFO - [2026-02-26T05:40:41.749+0000] {dag.py:3239} INFO - Sync 1 DAGs
[2026-02-26T05:40:41.757+0000] {logging_mixin.py:190} INFO - [2026-02-26T05:40:41.757+0000] {dag.py:4180} INFO - Setting next_dagrun for example_sensors to None, run_after=None
[2026-02-26T05:40:41.773+0000] {processor.py:208} INFO - Processing /home/ubuntu/airflow-venv/lib/python3.12/site-packages/airflow/example_dags/example_sensors.py took 0.049 seconds
[2026-02-26T05:41:31.599+0000] {processor.py:186} INFO - Started process (PID=3715) to work on /home/ubuntu/airflow-venv/lib/python3.12/site-packages/airflow/example_dags/example_sensors.py
[2026-02-26T05:41:31.600+0000] {processor.py:914} INFO - Processing file /home/ubuntu/airflow-venv/lib/python3.12/site-packages/airflow/example_dags/example_sensors.py for tasks to queue
[2026-02-26T05:41:31.602+0000] {logging_mixin.py:190} INFO - [2026-02-26T05:41:31.602+0000] {dagbag.py:588} INFO - Filling up the DagBag from /home/ubuntu/airflow-venv/lib/python3.12/site-packages/airflow/example_dags/example_sensors.py
[2026-02-26T05:41:31.608+0000] {processor.py:925} INFO - DAG(s) 'example_sensors' retrieved from /home/ubuntu/airflow-venv/lib/python3.12/site-packages/airflow/example_dags/example_sensors.py
[2026-02-26T05:41:31.620+0000] {logging_mixin.py:190} INFO - [2026-02-26T05:41:31.620+0000] {dag.py:3239} INFO - Sync 1 DAGs
[2026-02-26T05:41:31.627+0000] {logging_mixin.py:190} INFO - [2026-02-26T05:41:31.627+0000] {dag.py:4180} INFO - Setting next_dagrun for example_sensors to None, run_after=None
[2026-02-26T05:41:31.643+0000] {processor.py:208} INFO - Processing /home/ubuntu/airflow-venv/lib/python3.12/site-packages/airflow/example_dags/example_sensors.py took 0.048 seconds
[2026-02-26T05:42:21.038+0000] {processor.py:186} INFO - Started process (PID=3766) to work on /home/ubuntu/airflow-venv/lib/python3.12/site-packages/airflow/example_dags/example_sensors.py
[2026-02-26T05:42:21.039+0000] {processor.py:914} INFO - Processing file /home/ubuntu/airflow-venv/lib/python3.12/site-packages/airflow/example_dags/example_sensors.py for tasks to queue
[2026-02-26T05:42:21.040+0000] {logging_mixin.py:190} INFO - [2026-02-26T05:42:21.040+0000] {dagbag.py:588} INFO - Filling up the DagBag from /home/ubuntu/airflow-venv/lib/python3.12/site-packages/airflow/example_dags/example_sensors.py
[2026-02-26T05:42:21.047+0000] {processor.py:925} INFO - DAG(s) 'example_sensors' retrieved from /home/ubuntu/airflow-venv/lib/python3.12/site-packages/airflow/example_dags/example_sensors.py
[2026-02-26T05:42:21.060+0000] {logging_mixin.py:190} INFO - [2026-02-26T05:42:21.060+0000] {dag.py:3239} INFO - Sync 1 DAGs
[2026-02-26T05:42:21.068+0000] {logging_mixin.py:190} INFO - [2026-02-26T05:42:21.067+0000] {dag.py:4180} INFO - Setting next_dagrun for example_sensors to None, run_after=None
[2026-02-26T05:42:21.084+0000] {processor.py:208} INFO - Processing /home/ubuntu/airflow-venv/lib/python3.12/site-packages/airflow/example_dags/example_sensors.py took 0.050 seconds
[2026-02-26T05:43:10.347+0000] {processor.py:186} INFO - Started process (PID=3819) to work on /home/ubuntu/airflow-venv/lib/python3.12/site-packages/airflow/example_dags/example_sensors.py
[2026-02-26T05:43:10.348+0000] {processor.py:914} INFO - Processing file /home/ubuntu/airflow-venv/lib/python3.12/site-packages/airflow/example_dags/example_sensors.py for tasks to queue
[2026-02-26T05:43:10.349+0000] {logging_mixin.py:190} INFO - [2026-02-26T05:43:10.349+0000] {dagbag.py:588} INFO - Filling up the DagBag from /home/ubuntu/airflow-venv/lib/python3.12/site-packages/airflow/example_dags/example_sensors.py
[2026-02-26T05:43:10.356+0000] {processor.py:925} INFO - DAG(s) 'example_sensors' retrieved from /home/ubuntu/airflow-venv/lib/python3.12/site-packages/airflow/example_dags/example_sensors.py
[2026-02-26T05:43:10.369+0000] {logging_mixin.py:190} INFO - [2026-02-26T05:43:10.369+0000] {dag.py:3239} INFO - Sync 1 DAGs
[2026-02-26T05:43:10.376+0000] {logging_mixin.py:190} INFO - [2026-02-26T05:43:10.375+0000] {dag.py:4180} INFO - Setting next_dagrun for example_sensors to None, run_after=None
[2026-02-26T05:43:10.393+0000] {processor.py:208} INFO - Processing /home/ubuntu/airflow-venv/lib/python3.12/site-packages/airflow/example_dags/example_sensors.py took 0.049 seconds
[2026-02-26T05:44:00.802+0000] {processor.py:186} INFO - Started process (PID=3871) to work on /home/ubuntu/airflow-venv/lib/python3.12/site-packages/airflow/example_dags/example_sensors.py
[2026-02-26T05:44:00.803+0000] {processor.py:914} INFO - Processing file /home/ubuntu/airflow-venv/lib/python3.12/site-packages/airflow/example_dags/example_sensors.py for tasks to queue
[2026-02-26T05:44:00.805+0000] {logging_mixin.py:190} INFO - [2026-02-26T05:44:00.804+0000] {dagbag.py:588} INFO - Filling up the DagBag from /home/ubuntu/airflow-venv/lib/python3.12/site-packages/airflow/example_dags/example_sensors.py
[2026-02-26T05:44:00.811+0000] {processor.py:925} INFO - DAG(s) 'example_sensors' retrieved from /home/ubuntu/airflow-venv/lib/python3.12/site-packages/airflow/example_dags/example_sensors.py
[2026-02-26T05:44:00.824+0000] {logging_mixin.py:190} INFO - [2026-02-26T05:44:00.824+0000] {dag.py:3239} INFO - Sync 1 DAGs
[2026-02-26T05:44:00.831+0000] {logging_mixin.py:190} INFO - [2026-02-26T05:44:00.831+0000] {dag.py:4180} INFO - Setting next_dagrun for example_sensors to None, run_after=None
[2026-02-26T05:44:00.847+0000] {processor.py:208} INFO - Processing /home/ubuntu/airflow-venv/lib/python3.12/site-packages/airflow/example_dags/example_sensors.py took 0.048 seconds
[2026-02-26T05:44:49.038+0000] {processor.py:186} INFO - Started process (PID=3924) to work on /home/ubuntu/airflow-venv/lib/python3.12/site-packages/airflow/example_dags/example_sensors.py
[2026-02-26T05:44:49.040+0000] {processor.py:914} INFO - Processing file /home/ubuntu/airflow-venv/lib/python3.12/site-packages/airflow/example_dags/example_sensors.py for tasks to queue
[2026-02-26T05:44:49.041+0000] {logging_mixin.py:190} INFO - [2026-02-26T05:44:49.041+0000] {dagbag.py:588} INFO - Filling up the DagBag from /home/ubuntu/airflow-venv/lib/python3.12/site-packages/airflow/example_dags/example_sensors.py
[2026-02-26T05:44:49.047+0000] {processor.py:925} INFO - DAG(s) 'example_sensors' retrieved from /home/ubuntu/airflow-venv/lib/python3.12/site-packages/airflow/example_dags/example_sensors.py
[2026-02-26T05:44:49.060+0000] {logging_mixin.py:190} INFO - [2026-02-26T05:44:49.059+0000] {dag.py:3239} INFO - Sync 1 DAGs
[2026-02-26T05:44:49.067+0000] {logging_mixin.py:190} INFO - [2026-02-26T05:44:49.067+0000] {dag.py:4180} INFO - Setting next_dagrun for example_sensors to None, run_after=None
[2026-02-26T05:44:49.083+0000] {processor.py:208} INFO - Processing /home/ubuntu/airflow-venv/lib/python3.12/site-packages/airflow/example_dags/example_sensors.py took 0.048 seconds
[2026-02-26T06:13:56.272+0000] {processor.py:186} INFO - Started process (PID=2709) to work on /home/ubuntu/airflow-venv/lib/python3.12/site-packages/airflow/example_dags/example_sensors.py
[2026-02-26T06:13:56.274+0000] {processor.py:914} INFO - Processing file /home/ubuntu/airflow-venv/lib/python3.12/site-packages/airflow/example_dags/example_sensors.py for tasks to queue
[2026-02-26T06:13:56.275+0000] {logging_mixin.py:190} INFO - [2026-02-26T06:13:56.275+0000] {dagbag.py:588} INFO - Filling up the DagBag from /home/ubuntu/airflow-venv/lib/python3.12/site-packages/airflow/example_dags/example_sensors.py
[2026-02-26T06:13:56.282+0000] {processor.py:925} INFO - DAG(s) 'example_sensors' retrieved from /home/ubuntu/airflow-venv/lib/python3.12/site-packages/airflow/example_dags/example_sensors.py
[2026-02-26T06:13:56.297+0000] {logging_mixin.py:190} INFO - [2026-02-26T06:13:56.297+0000] {dag.py:3239} INFO - Sync 1 DAGs
[2026-02-26T06:13:56.305+0000] {logging_mixin.py:190} INFO - [2026-02-26T06:13:56.305+0000] {dag.py:4180} INFO - Setting next_dagrun for example_sensors to None, run_after=None
[2026-02-26T06:13:56.322+0000] {processor.py:208} INFO - Processing /home/ubuntu/airflow-venv/lib/python3.12/site-packages/airflow/example_dags/example_sensors.py took 0.054 seconds
[2026-02-26T06:14:57.062+0000] {processor.py:186} INFO - Started process (PID=2773) to work on /home/ubuntu/airflow-venv/lib/python3.12/site-packages/airflow/example_dags/example_sensors.py
[2026-02-26T06:14:57.063+0000] {processor.py:914} INFO - Processing file /home/ubuntu/airflow-venv/lib/python3.12/site-packages/airflow/example_dags/example_sensors.py for tasks to queue
[2026-02-26T06:14:57.064+0000] {logging_mixin.py:190} INFO - [2026-02-26T06:14:57.064+0000] {dagbag.py:588} INFO - Filling up the DagBag from /home/ubuntu/airflow-venv/lib/python3.12/site-packages/airflow/example_dags/example_sensors.py
[2026-02-26T06:14:57.071+0000] {processor.py:925} INFO - DAG(s) 'example_sensors' retrieved from /home/ubuntu/airflow-venv/lib/python3.12/site-packages/airflow/example_dags/example_sensors.py
[2026-02-26T06:14:57.085+0000] {logging_mixin.py:190} INFO - [2026-02-26T06:14:57.085+0000] {dag.py:3239} INFO - Sync 1 DAGs
[2026-02-26T06:14:57.093+0000] {logging_mixin.py:190} INFO - [2026-02-26T06:14:57.093+0000] {dag.py:4180} INFO - Setting next_dagrun for example_sensors to None, run_after=None
[2026-02-26T06:14:57.110+0000] {processor.py:208} INFO - Processing /home/ubuntu/airflow-venv/lib/python3.12/site-packages/airflow/example_dags/example_sensors.py took 0.052 seconds
[2026-02-26T06:15:54.595+0000] {processor.py:186} INFO - Started process (PID=2840) to work on /home/ubuntu/airflow-venv/lib/python3.12/site-packages/airflow/example_dags/example_sensors.py
[2026-02-26T06:15:54.597+0000] {processor.py:914} INFO - Processing file /home/ubuntu/airflow-venv/lib/python3.12/site-packages/airflow/example_dags/example_sensors.py for tasks to queue
[2026-02-26T06:15:54.598+0000] {logging_mixin.py:190} INFO - [2026-02-26T06:15:54.598+0000] {dagbag.py:588} INFO - Filling up the DagBag from /home/ubuntu/airflow-venv/lib/python3.12/site-packages/airflow/example_dags/example_sensors.py
[2026-02-26T06:15:54.605+0000] {processor.py:925} INFO - DAG(s) 'example_sensors' retrieved from /home/ubuntu/airflow-venv/lib/python3.12/site-packages/airflow/example_dags/example_sensors.py
[2026-02-26T06:15:54.617+0000] {logging_mixin.py:190} INFO - [2026-02-26T06:15:54.617+0000] {dag.py:3239} INFO - Sync 1 DAGs
[2026-02-26T06:15:54.625+0000] {logging_mixin.py:190} INFO - [2026-02-26T06:15:54.625+0000] {dag.py:4180} INFO - Setting next_dagrun for example_sensors to None, run_after=None
[2026-02-26T06:15:54.642+0000] {processor.py:208} INFO - Processing /home/ubuntu/airflow-venv/lib/python3.12/site-packages/airflow/example_dags/example_sensors.py took 0.050 seconds
[2026-02-26T06:16:49.946+0000] {processor.py:186} INFO - Started process (PID=2898) to work on /home/ubuntu/airflow-venv/lib/python3.12/site-packages/airflow/example_dags/example_sensors.py
[2026-02-26T06:16:49.947+0000] {processor.py:914} INFO - Processing file /home/ubuntu/airflow-venv/lib/python3.12/site-packages/airflow/example_dags/example_sensors.py for tasks to queue
[2026-02-26T06:16:49.949+0000] {logging_mixin.py:190} INFO - [2026-02-26T06:16:49.948+0000] {dagbag.py:588} INFO - Filling up the DagBag from /home/ubuntu/airflow-venv/lib/python3.12/site-packages/airflow/example_dags/example_sensors.py
[2026-02-26T06:16:49.955+0000] {processor.py:925} INFO - DAG(s) 'example_sensors' retrieved from /home/ubuntu/airflow-venv/lib/python3.12/site-packages/airflow/example_dags/example_sensors.py
[2026-02-26T06:16:49.968+0000] {logging_mixin.py:190} INFO - [2026-02-26T06:16:49.968+0000] {dag.py:3239} INFO - Sync 1 DAGs
[2026-02-26T06:16:49.975+0000] {logging_mixin.py:190} INFO - [2026-02-26T06:16:49.975+0000] {dag.py:4180} INFO - Setting next_dagrun for example_sensors to None, run_after=None
[2026-02-26T06:16:49.992+0000] {processor.py:208} INFO - Processing /home/ubuntu/airflow-venv/lib/python3.12/site-packages/airflow/example_dags/example_sensors.py took 0.050 seconds
[2026-02-26T06:17:42.451+0000] {processor.py:186} INFO - Started process (PID=2957) to work on /home/ubuntu/airflow-venv/lib/python3.12/site-packages/airflow/example_dags/example_sensors.py
[2026-02-26T06:17:42.452+0000] {processor.py:914} INFO - Processing file /home/ubuntu/airflow-venv/lib/python3.12/site-packages/airflow/example_dags/example_sensors.py for tasks to queue
[2026-02-26T06:17:42.453+0000] {logging_mixin.py:190} INFO - [2026-02-26T06:17:42.453+0000] {dagbag.py:588} INFO - Filling up the DagBag from /home/ubuntu/airflow-venv/lib/python3.12/site-packages/airflow/example_dags/example_sensors.py
[2026-02-26T06:17:42.460+0000] {processor.py:925} INFO - DAG(s) 'example_sensors' retrieved from /home/ubuntu/airflow-venv/lib/python3.12/site-packages/airflow/example_dags/example_sensors.py
[2026-02-26T06:17:42.474+0000] {logging_mixin.py:190} INFO - [2026-02-26T06:17:42.474+0000] {dag.py:3239} INFO - Sync 1 DAGs
[2026-02-26T06:17:42.481+0000] {logging_mixin.py:190} INFO - [2026-02-26T06:17:42.481+0000] {dag.py:4180} INFO - Setting next_dagrun for example_sensors to None, run_after=None
[2026-02-26T06:17:42.497+0000] {processor.py:208} INFO - Processing /home/ubuntu/airflow-venv/lib/python3.12/site-packages/airflow/example_dags/example_sensors.py took 0.050 seconds
[2026-02-26T06:18:34.235+0000] {processor.py:186} INFO - Started process (PID=3010) to work on /home/ubuntu/airflow-venv/lib/python3.12/site-packages/airflow/example_dags/example_sensors.py
[2026-02-26T06:18:34.236+0000] {processor.py:914} INFO - Processing file /home/ubuntu/airflow-venv/lib/python3.12/site-packages/airflow/example_dags/example_sensors.py for tasks to queue
[2026-02-26T06:18:34.237+0000] {logging_mixin.py:190} INFO - [2026-02-26T06:18:34.237+0000] {dagbag.py:588} INFO - Filling up the DagBag from /home/ubuntu/airflow-venv/lib/python3.12/site-packages/airflow/example_dags/example_sensors.py
[2026-02-26T06:18:34.244+0000] {processor.py:925} INFO - DAG(s) 'example_sensors' retrieved from /home/ubuntu/airflow-venv/lib/python3.12/site-packages/airflow/example_dags/example_sensors.py
[2026-02-26T06:18:34.258+0000] {logging_mixin.py:190} INFO - [2026-02-26T06:18:34.257+0000] {dag.py:3239} INFO - Sync 1 DAGs
[2026-02-26T06:18:34.265+0000] {logging_mixin.py:190} INFO - [2026-02-26T06:18:34.265+0000] {dag.py:4180} INFO - Setting next_dagrun for example_sensors to None, run_after=None
[2026-02-26T06:18:34.369+0000] {processor.py:208} INFO - Processing /home/ubuntu/airflow-venv/lib/python3.12/site-packages/airflow/example_dags/example_sensors.py took 0.138 seconds
[2026-02-26T06:19:31.674+0000] {processor.py:186} INFO - Started process (PID=3066) to work on /home/ubuntu/airflow-venv/lib/python3.12/site-packages/airflow/example_dags/example_sensors.py
[2026-02-26T06:19:31.676+0000] {processor.py:914} INFO - Processing file /home/ubuntu/airflow-venv/lib/python3.12/site-packages/airflow/example_dags/example_sensors.py for tasks to queue
[2026-02-26T06:19:31.677+0000] {logging_mixin.py:190} INFO - [2026-02-26T06:19:31.677+0000] {dagbag.py:588} INFO - Filling up the DagBag from /home/ubuntu/airflow-venv/lib/python3.12/site-packages/airflow/example_dags/example_sensors.py
[2026-02-26T06:19:31.684+0000] {processor.py:925} INFO - DAG(s) 'example_sensors' retrieved from /home/ubuntu/airflow-venv/lib/python3.12/site-packages/airflow/example_dags/example_sensors.py
[2026-02-26T06:19:31.698+0000] {logging_mixin.py:190} INFO - [2026-02-26T06:19:31.697+0000] {dag.py:3239} INFO - Sync 1 DAGs
[2026-02-26T06:19:31.705+0000] {logging_mixin.py:190} INFO - [2026-02-26T06:19:31.705+0000] {dag.py:4180} INFO - Setting next_dagrun for example_sensors to None, run_after=None
[2026-02-26T06:19:31.723+0000] {processor.py:208} INFO - Processing /home/ubuntu/airflow-venv/lib/python3.12/site-packages/airflow/example_dags/example_sensors.py took 0.052 seconds
[2026-02-26T06:20:25.729+0000] {processor.py:186} INFO - Started process (PID=3121) to work on /home/ubuntu/airflow-venv/lib/python3.12/site-packages/airflow/example_dags/example_sensors.py
[2026-02-26T06:20:25.730+0000] {processor.py:914} INFO - Processing file /home/ubuntu/airflow-venv/lib/python3.12/site-packages/airflow/example_dags/example_sensors.py for tasks to queue
[2026-02-26T06:20:25.732+0000] {logging_mixin.py:190} INFO - [2026-02-26T06:20:25.731+0000] {dagbag.py:588} INFO - Filling up the DagBag from /home/ubuntu/airflow-venv/lib/python3.12/site-packages/airflow/example_dags/example_sensors.py
[2026-02-26T06:20:25.739+0000] {processor.py:925} INFO - DAG(s) 'example_sensors' retrieved from /home/ubuntu/airflow-venv/lib/python3.12/site-packages/airflow/example_dags/example_sensors.py
[2026-02-26T06:20:25.752+0000] {logging_mixin.py:190} INFO - [2026-02-26T06:20:25.752+0000] {dag.py:3239} INFO - Sync 1 DAGs
[2026-02-26T06:20:25.760+0000] {logging_mixin.py:190} INFO - [2026-02-26T06:20:25.760+0000] {dag.py:4180} INFO - Setting next_dagrun for example_sensors to None, run_after=None
[2026-02-26T06:20:25.778+0000] {processor.py:208} INFO - Processing /home/ubuntu/airflow-venv/lib/python3.12/site-packages/airflow/example_dags/example_sensors.py took 0.053 seconds
[2026-02-26T06:21:14.124+0000] {processor.py:186} INFO - Started process (PID=3176) to work on /home/ubuntu/airflow-venv/lib/python3.12/site-packages/airflow/example_dags/example_sensors.py
[2026-02-26T06:21:14.125+0000] {processor.py:914} INFO - Processing file /home/ubuntu/airflow-venv/lib/python3.12/site-packages/airflow/example_dags/example_sensors.py for tasks to queue
[2026-02-26T06:21:14.127+0000] {logging_mixin.py:190} INFO - [2026-02-26T06:21:14.126+0000] {dagbag.py:588} INFO - Filling up the DagBag from /home/ubuntu/airflow-venv/lib/python3.12/site-packages/airflow/example_dags/example_sensors.py
[2026-02-26T06:21:14.134+0000] {processor.py:925} INFO - DAG(s) 'example_sensors' retrieved from /home/ubuntu/airflow-venv/lib/python3.12/site-packages/airflow/example_dags/example_sensors.py
[2026-02-26T06:21:14.147+0000] {logging_mixin.py:190} INFO - [2026-02-26T06:21:14.147+0000] {dag.py:3239} INFO - Sync 1 DAGs
[2026-02-26T06:21:14.155+0000] {logging_mixin.py:190} INFO - [2026-02-26T06:21:14.155+0000] {dag.py:4180} INFO - Setting next_dagrun for example_sensors to None, run_after=None
[2026-02-26T06:21:14.174+0000] {processor.py:208} INFO - Processing /home/ubuntu/airflow-venv/lib/python3.12/site-packages/airflow/example_dags/example_sensors.py took 0.054 seconds
[2026-02-26T06:22:04.050+0000] {processor.py:186} INFO - Started process (PID=3230) to work on /home/ubuntu/airflow-venv/lib/python3.12/site-packages/airflow/example_dags/example_sensors.py
[2026-02-26T06:22:04.051+0000] {processor.py:914} INFO - Processing file /home/ubuntu/airflow-venv/lib/python3.12/site-packages/airflow/example_dags/example_sensors.py for tasks to queue
[2026-02-26T06:22:04.052+0000] {logging_mixin.py:190} INFO - [2026-02-26T06:22:04.052+0000] {dagbag.py:588} INFO - Filling up the DagBag from /home/ubuntu/airflow-venv/lib/python3.12/site-packages/airflow/example_dags/example_sensors.py
[2026-02-26T06:22:04.059+0000] {processor.py:925} INFO - DAG(s) 'example_sensors' retrieved from /home/ubuntu/airflow-venv/lib/python3.12/site-packages/airflow/example_dags/example_sensors.py
[2026-02-26T06:22:04.072+0000] {logging_mixin.py:190} INFO - [2026-02-26T06:22:04.072+0000] {dag.py:3239} INFO - Sync 1 DAGs
[2026-02-26T06:22:04.080+0000] {logging_mixin.py:190} INFO - [2026-02-26T06:22:04.080+0000] {dag.py:4180} INFO - Setting next_dagrun for example_sensors to None, run_after=None
[2026-02-26T06:22:04.097+0000] {processor.py:208} INFO - Processing /home/ubuntu/airflow-venv/lib/python3.12/site-packages/airflow/example_dags/example_sensors.py took 0.051 seconds
[2026-02-26T06:22:54.282+0000] {processor.py:186} INFO - Started process (PID=3284) to work on /home/ubuntu/airflow-venv/lib/python3.12/site-packages/airflow/example_dags/example_sensors.py
[2026-02-26T06:22:54.283+0000] {processor.py:914} INFO - Processing file /home/ubuntu/airflow-venv/lib/python3.12/site-packages/airflow/example_dags/example_sensors.py for tasks to queue
[2026-02-26T06:22:54.285+0000] {logging_mixin.py:190} INFO - [2026-02-26T06:22:54.284+0000] {dagbag.py:588} INFO - Filling up the DagBag from /home/ubuntu/airflow-venv/lib/python3.12/site-packages/airflow/example_dags/example_sensors.py
[2026-02-26T06:22:54.292+0000] {processor.py:925} INFO - DAG(s) 'example_sensors' retrieved from /home/ubuntu/airflow-venv/lib/python3.12/site-packages/airflow/example_dags/example_sensors.py
[2026-02-26T06:22:54.304+0000] {logging_mixin.py:190} INFO - [2026-02-26T06:22:54.304+0000] {dag.py:3239} INFO - Sync 1 DAGs
[2026-02-26T06:22:54.313+0000] {logging_mixin.py:190} INFO - [2026-02-26T06:22:54.313+0000] {dag.py:4180} INFO - Setting next_dagrun for example_sensors to None, run_after=None
[2026-02-26T06:22:54.330+0000] {processor.py:208} INFO - Processing /home/ubuntu/airflow-venv/lib/python3.12/site-packages/airflow/example_dags/example_sensors.py took 0.052 seconds
[2026-02-26T06:23:47.197+0000] {processor.py:186} INFO - Started process (PID=3337) to work on /home/ubuntu/airflow-venv/lib/python3.12/site-packages/airflow/example_dags/example_sensors.py
[2026-02-26T06:23:47.198+0000] {processor.py:914} INFO - Processing file /home/ubuntu/airflow-venv/lib/python3.12/site-packages/airflow/example_dags/example_sensors.py for tasks to queue
[2026-02-26T06:23:47.199+0000] {logging_mixin.py:190} INFO - [2026-02-26T06:23:47.199+0000] {dagbag.py:588} INFO - Filling up the DagBag from /home/ubuntu/airflow-venv/lib/python3.12/site-packages/airflow/example_dags/example_sensors.py
[2026-02-26T06:23:47.206+0000] {processor.py:925} INFO - DAG(s) 'example_sensors' retrieved from /home/ubuntu/airflow-venv/lib/python3.12/site-packages/airflow/example_dags/example_sensors.py
[2026-02-26T06:23:47.219+0000] {logging_mixin.py:190} INFO - [2026-02-26T06:23:47.219+0000] {dag.py:3239} INFO - Sync 1 DAGs
[2026-02-26T06:23:47.227+0000] {logging_mixin.py:190} INFO - [2026-02-26T06:23:47.227+0000] {dag.py:4180} INFO - Setting next_dagrun for example_sensors to None, run_after=None
[2026-02-26T06:23:47.244+0000] {processor.py:208} INFO - Processing /home/ubuntu/airflow-venv/lib/python3.12/site-packages/airflow/example_dags/example_sensors.py took 0.051 seconds
