[2026-02-26T05:23:09.648+0000] {processor.py:186} INFO - Started process (PID=2156) to work on /home/ubuntu/airflow-venv/lib/python3.12/site-packages/airflow/example_dags/example_dynamic_task_mapping.py
[2026-02-26T05:23:09.649+0000] {processor.py:914} INFO - Processing file /home/ubuntu/airflow-venv/lib/python3.12/site-packages/airflow/example_dags/example_dynamic_task_mapping.py for tasks to queue
[2026-02-26T05:23:09.650+0000] {logging_mixin.py:190} INFO - [2026-02-26T05:23:09.650+0000] {dagbag.py:588} INFO - Filling up the DagBag from /home/ubuntu/airflow-venv/lib/python3.12/site-packages/airflow/example_dags/example_dynamic_task_mapping.py
[2026-02-26T05:23:09.655+0000] {processor.py:925} INFO - DAG(s) 'example_dynamic_task_mapping' retrieved from /home/ubuntu/airflow-venv/lib/python3.12/site-packages/airflow/example_dags/example_dynamic_task_mapping.py
[2026-02-26T05:23:09.665+0000] {logging_mixin.py:190} INFO - [2026-02-26T05:23:09.664+0000] {dag.py:3239} INFO - Sync 1 DAGs
[2026-02-26T05:23:09.672+0000] {logging_mixin.py:190} INFO - [2026-02-26T05:23:09.671+0000] {dag.py:4180} INFO - Setting next_dagrun for example_dynamic_task_mapping to None, run_after=None
[2026-02-26T05:23:09.687+0000] {processor.py:208} INFO - Processing /home/ubuntu/airflow-venv/lib/python3.12/site-packages/airflow/example_dags/example_dynamic_task_mapping.py took 0.042 seconds
[2026-02-26T05:24:02.876+0000] {processor.py:186} INFO - Started process (PID=2213) to work on /home/ubuntu/airflow-venv/lib/python3.12/site-packages/airflow/example_dags/example_dynamic_task_mapping.py
[2026-02-26T05:24:02.877+0000] {processor.py:914} INFO - Processing file /home/ubuntu/airflow-venv/lib/python3.12/site-packages/airflow/example_dags/example_dynamic_task_mapping.py for tasks to queue
[2026-02-26T05:24:02.878+0000] {logging_mixin.py:190} INFO - [2026-02-26T05:24:02.878+0000] {dagbag.py:588} INFO - Filling up the DagBag from /home/ubuntu/airflow-venv/lib/python3.12/site-packages/airflow/example_dags/example_dynamic_task_mapping.py
[2026-02-26T05:24:02.883+0000] {processor.py:925} INFO - DAG(s) 'example_dynamic_task_mapping' retrieved from /home/ubuntu/airflow-venv/lib/python3.12/site-packages/airflow/example_dags/example_dynamic_task_mapping.py
[2026-02-26T05:24:02.892+0000] {logging_mixin.py:190} INFO - [2026-02-26T05:24:02.892+0000] {dag.py:3239} INFO - Sync 1 DAGs
[2026-02-26T05:24:02.899+0000] {logging_mixin.py:190} INFO - [2026-02-26T05:24:02.899+0000] {dag.py:4180} INFO - Setting next_dagrun for example_dynamic_task_mapping to None, run_after=None
[2026-02-26T05:24:02.915+0000] {processor.py:208} INFO - Processing /home/ubuntu/airflow-venv/lib/python3.12/site-packages/airflow/example_dags/example_dynamic_task_mapping.py took 0.043 seconds
[2026-02-26T05:24:58.184+0000] {processor.py:186} INFO - Started process (PID=2270) to work on /home/ubuntu/airflow-venv/lib/python3.12/site-packages/airflow/example_dags/example_dynamic_task_mapping.py
[2026-02-26T05:24:58.185+0000] {processor.py:914} INFO - Processing file /home/ubuntu/airflow-venv/lib/python3.12/site-packages/airflow/example_dags/example_dynamic_task_mapping.py for tasks to queue
[2026-02-26T05:24:58.186+0000] {logging_mixin.py:190} INFO - [2026-02-26T05:24:58.186+0000] {dagbag.py:588} INFO - Filling up the DagBag from /home/ubuntu/airflow-venv/lib/python3.12/site-packages/airflow/example_dags/example_dynamic_task_mapping.py
[2026-02-26T05:24:58.191+0000] {processor.py:925} INFO - DAG(s) 'example_dynamic_task_mapping' retrieved from /home/ubuntu/airflow-venv/lib/python3.12/site-packages/airflow/example_dags/example_dynamic_task_mapping.py
[2026-02-26T05:24:58.200+0000] {logging_mixin.py:190} INFO - [2026-02-26T05:24:58.200+0000] {dag.py:3239} INFO - Sync 1 DAGs
[2026-02-26T05:24:58.207+0000] {logging_mixin.py:190} INFO - [2026-02-26T05:24:58.207+0000] {dag.py:4180} INFO - Setting next_dagrun for example_dynamic_task_mapping to None, run_after=None
[2026-02-26T05:24:58.223+0000] {processor.py:208} INFO - Processing /home/ubuntu/airflow-venv/lib/python3.12/site-packages/airflow/example_dags/example_dynamic_task_mapping.py took 0.042 seconds
[2026-02-26T05:25:48.158+0000] {processor.py:186} INFO - Started process (PID=2339) to work on /home/ubuntu/airflow-venv/lib/python3.12/site-packages/airflow/example_dags/example_dynamic_task_mapping.py
[2026-02-26T05:25:48.159+0000] {processor.py:914} INFO - Processing file /home/ubuntu/airflow-venv/lib/python3.12/site-packages/airflow/example_dags/example_dynamic_task_mapping.py for tasks to queue
[2026-02-26T05:25:48.160+0000] {logging_mixin.py:190} INFO - [2026-02-26T05:25:48.160+0000] {dagbag.py:588} INFO - Filling up the DagBag from /home/ubuntu/airflow-venv/lib/python3.12/site-packages/airflow/example_dags/example_dynamic_task_mapping.py
[2026-02-26T05:25:48.165+0000] {processor.py:925} INFO - DAG(s) 'example_dynamic_task_mapping' retrieved from /home/ubuntu/airflow-venv/lib/python3.12/site-packages/airflow/example_dags/example_dynamic_task_mapping.py
[2026-02-26T05:25:48.175+0000] {logging_mixin.py:190} INFO - [2026-02-26T05:25:48.175+0000] {dag.py:3239} INFO - Sync 1 DAGs
[2026-02-26T05:25:48.182+0000] {logging_mixin.py:190} INFO - [2026-02-26T05:25:48.182+0000] {dag.py:4180} INFO - Setting next_dagrun for example_dynamic_task_mapping to None, run_after=None
[2026-02-26T05:25:48.197+0000] {processor.py:208} INFO - Processing /home/ubuntu/airflow-venv/lib/python3.12/site-packages/airflow/example_dags/example_dynamic_task_mapping.py took 0.042 seconds
[2026-02-26T05:26:59.699+0000] {processor.py:186} INFO - Started process (PID=2419) to work on /home/ubuntu/airflow-venv/lib/python3.12/site-packages/airflow/example_dags/example_dynamic_task_mapping.py
[2026-02-26T05:26:59.701+0000] {processor.py:914} INFO - Processing file /home/ubuntu/airflow-venv/lib/python3.12/site-packages/airflow/example_dags/example_dynamic_task_mapping.py for tasks to queue
[2026-02-26T05:26:59.702+0000] {logging_mixin.py:190} INFO - [2026-02-26T05:26:59.702+0000] {dagbag.py:588} INFO - Filling up the DagBag from /home/ubuntu/airflow-venv/lib/python3.12/site-packages/airflow/example_dags/example_dynamic_task_mapping.py
[2026-02-26T05:26:59.707+0000] {processor.py:925} INFO - DAG(s) 'example_dynamic_task_mapping' retrieved from /home/ubuntu/airflow-venv/lib/python3.12/site-packages/airflow/example_dags/example_dynamic_task_mapping.py
[2026-02-26T05:26:59.716+0000] {logging_mixin.py:190} INFO - [2026-02-26T05:26:59.716+0000] {dag.py:3239} INFO - Sync 1 DAGs
[2026-02-26T05:26:59.723+0000] {logging_mixin.py:190} INFO - [2026-02-26T05:26:59.723+0000] {dag.py:4180} INFO - Setting next_dagrun for example_dynamic_task_mapping to None, run_after=None
[2026-02-26T05:26:59.739+0000] {processor.py:208} INFO - Processing /home/ubuntu/airflow-venv/lib/python3.12/site-packages/airflow/example_dags/example_dynamic_task_mapping.py took 0.043 seconds
[2026-02-26T05:27:48.753+0000] {processor.py:186} INFO - Started process (PID=2835) to work on /home/ubuntu/airflow-venv/lib/python3.12/site-packages/airflow/example_dags/example_dynamic_task_mapping.py
[2026-02-26T05:27:48.754+0000] {processor.py:914} INFO - Processing file /home/ubuntu/airflow-venv/lib/python3.12/site-packages/airflow/example_dags/example_dynamic_task_mapping.py for tasks to queue
[2026-02-26T05:27:48.756+0000] {logging_mixin.py:190} INFO - [2026-02-26T05:27:48.755+0000] {dagbag.py:588} INFO - Filling up the DagBag from /home/ubuntu/airflow-venv/lib/python3.12/site-packages/airflow/example_dags/example_dynamic_task_mapping.py
[2026-02-26T05:27:48.761+0000] {processor.py:925} INFO - DAG(s) 'example_dynamic_task_mapping' retrieved from /home/ubuntu/airflow-venv/lib/python3.12/site-packages/airflow/example_dags/example_dynamic_task_mapping.py
[2026-02-26T05:27:48.770+0000] {logging_mixin.py:190} INFO - [2026-02-26T05:27:48.770+0000] {dag.py:3239} INFO - Sync 1 DAGs
[2026-02-26T05:27:48.777+0000] {logging_mixin.py:190} INFO - [2026-02-26T05:27:48.777+0000] {dag.py:4180} INFO - Setting next_dagrun for example_dynamic_task_mapping to None, run_after=None
[2026-02-26T05:27:48.793+0000] {processor.py:208} INFO - Processing /home/ubuntu/airflow-venv/lib/python3.12/site-packages/airflow/example_dags/example_dynamic_task_mapping.py took 0.043 seconds
[2026-02-26T05:28:40.696+0000] {processor.py:186} INFO - Started process (PID=2889) to work on /home/ubuntu/airflow-venv/lib/python3.12/site-packages/airflow/example_dags/example_dynamic_task_mapping.py
[2026-02-26T05:28:40.697+0000] {processor.py:914} INFO - Processing file /home/ubuntu/airflow-venv/lib/python3.12/site-packages/airflow/example_dags/example_dynamic_task_mapping.py for tasks to queue
[2026-02-26T05:28:40.698+0000] {logging_mixin.py:190} INFO - [2026-02-26T05:28:40.698+0000] {dagbag.py:588} INFO - Filling up the DagBag from /home/ubuntu/airflow-venv/lib/python3.12/site-packages/airflow/example_dags/example_dynamic_task_mapping.py
[2026-02-26T05:28:40.772+0000] {processor.py:925} INFO - DAG(s) 'example_dynamic_task_mapping' retrieved from /home/ubuntu/airflow-venv/lib/python3.12/site-packages/airflow/example_dags/example_dynamic_task_mapping.py
[2026-02-26T05:28:40.778+0000] {logging_mixin.py:190} INFO - [2026-02-26T05:28:40.778+0000] {dag.py:3239} INFO - Sync 1 DAGs
[2026-02-26T05:28:40.783+0000] {logging_mixin.py:190} INFO - [2026-02-26T05:28:40.783+0000] {dag.py:4180} INFO - Setting next_dagrun for example_dynamic_task_mapping to None, run_after=None
[2026-02-26T05:28:40.797+0000] {processor.py:208} INFO - Processing /home/ubuntu/airflow-venv/lib/python3.12/site-packages/airflow/example_dags/example_dynamic_task_mapping.py took 0.105 seconds
[2026-02-26T05:29:34.816+0000] {processor.py:186} INFO - Started process (PID=2943) to work on /home/ubuntu/airflow-venv/lib/python3.12/site-packages/airflow/example_dags/example_dynamic_task_mapping.py
[2026-02-26T05:29:34.818+0000] {processor.py:914} INFO - Processing file /home/ubuntu/airflow-venv/lib/python3.12/site-packages/airflow/example_dags/example_dynamic_task_mapping.py for tasks to queue
[2026-02-26T05:29:34.819+0000] {logging_mixin.py:190} INFO - [2026-02-26T05:29:34.819+0000] {dagbag.py:588} INFO - Filling up the DagBag from /home/ubuntu/airflow-venv/lib/python3.12/site-packages/airflow/example_dags/example_dynamic_task_mapping.py
[2026-02-26T05:29:34.824+0000] {processor.py:925} INFO - DAG(s) 'example_dynamic_task_mapping' retrieved from /home/ubuntu/airflow-venv/lib/python3.12/site-packages/airflow/example_dags/example_dynamic_task_mapping.py
[2026-02-26T05:29:34.833+0000] {logging_mixin.py:190} INFO - [2026-02-26T05:29:34.833+0000] {dag.py:3239} INFO - Sync 1 DAGs
[2026-02-26T05:29:34.841+0000] {logging_mixin.py:190} INFO - [2026-02-26T05:29:34.841+0000] {dag.py:4180} INFO - Setting next_dagrun for example_dynamic_task_mapping to None, run_after=None
[2026-02-26T05:29:34.857+0000] {processor.py:208} INFO - Processing /home/ubuntu/airflow-venv/lib/python3.12/site-packages/airflow/example_dags/example_dynamic_task_mapping.py took 0.044 seconds
[2026-02-26T05:30:29.592+0000] {processor.py:186} INFO - Started process (PID=3004) to work on /home/ubuntu/airflow-venv/lib/python3.12/site-packages/airflow/example_dags/example_dynamic_task_mapping.py
[2026-02-26T05:30:29.593+0000] {processor.py:914} INFO - Processing file /home/ubuntu/airflow-venv/lib/python3.12/site-packages/airflow/example_dags/example_dynamic_task_mapping.py for tasks to queue
[2026-02-26T05:30:29.595+0000] {logging_mixin.py:190} INFO - [2026-02-26T05:30:29.595+0000] {dagbag.py:588} INFO - Filling up the DagBag from /home/ubuntu/airflow-venv/lib/python3.12/site-packages/airflow/example_dags/example_dynamic_task_mapping.py
[2026-02-26T05:30:29.600+0000] {processor.py:925} INFO - DAG(s) 'example_dynamic_task_mapping' retrieved from /home/ubuntu/airflow-venv/lib/python3.12/site-packages/airflow/example_dags/example_dynamic_task_mapping.py
[2026-02-26T05:30:29.610+0000] {logging_mixin.py:190} INFO - [2026-02-26T05:30:29.609+0000] {dag.py:3239} INFO - Sync 1 DAGs
[2026-02-26T05:30:29.617+0000] {logging_mixin.py:190} INFO - [2026-02-26T05:30:29.617+0000] {dag.py:4180} INFO - Setting next_dagrun for example_dynamic_task_mapping to None, run_after=None
[2026-02-26T05:30:29.634+0000] {processor.py:208} INFO - Processing /home/ubuntu/airflow-venv/lib/python3.12/site-packages/airflow/example_dags/example_dynamic_task_mapping.py took 0.045 seconds
[2026-02-26T05:31:44.325+0000] {processor.py:186} INFO - Started process (PID=3081) to work on /home/ubuntu/airflow-venv/lib/python3.12/site-packages/airflow/example_dags/example_dynamic_task_mapping.py
[2026-02-26T05:31:44.326+0000] {processor.py:914} INFO - Processing file /home/ubuntu/airflow-venv/lib/python3.12/site-packages/airflow/example_dags/example_dynamic_task_mapping.py for tasks to queue
[2026-02-26T05:31:44.327+0000] {logging_mixin.py:190} INFO - [2026-02-26T05:31:44.327+0000] {dagbag.py:588} INFO - Filling up the DagBag from /home/ubuntu/airflow-venv/lib/python3.12/site-packages/airflow/example_dags/example_dynamic_task_mapping.py
[2026-02-26T05:31:44.333+0000] {processor.py:925} INFO - DAG(s) 'example_dynamic_task_mapping' retrieved from /home/ubuntu/airflow-venv/lib/python3.12/site-packages/airflow/example_dags/example_dynamic_task_mapping.py
[2026-02-26T05:31:44.342+0000] {logging_mixin.py:190} INFO - [2026-02-26T05:31:44.342+0000] {dag.py:3239} INFO - Sync 1 DAGs
[2026-02-26T05:31:44.350+0000] {logging_mixin.py:190} INFO - [2026-02-26T05:31:44.350+0000] {dag.py:4180} INFO - Setting next_dagrun for example_dynamic_task_mapping to None, run_after=None
[2026-02-26T05:31:44.366+0000] {processor.py:208} INFO - Processing /home/ubuntu/airflow-venv/lib/python3.12/site-packages/airflow/example_dags/example_dynamic_task_mapping.py took 0.045 seconds
[2026-02-26T05:32:34.297+0000] {processor.py:186} INFO - Started process (PID=3134) to work on /home/ubuntu/airflow-venv/lib/python3.12/site-packages/airflow/example_dags/example_dynamic_task_mapping.py
[2026-02-26T05:32:34.298+0000] {processor.py:914} INFO - Processing file /home/ubuntu/airflow-venv/lib/python3.12/site-packages/airflow/example_dags/example_dynamic_task_mapping.py for tasks to queue
[2026-02-26T05:32:34.300+0000] {logging_mixin.py:190} INFO - [2026-02-26T05:32:34.300+0000] {dagbag.py:588} INFO - Filling up the DagBag from /home/ubuntu/airflow-venv/lib/python3.12/site-packages/airflow/example_dags/example_dynamic_task_mapping.py
[2026-02-26T05:32:34.305+0000] {processor.py:925} INFO - DAG(s) 'example_dynamic_task_mapping' retrieved from /home/ubuntu/airflow-venv/lib/python3.12/site-packages/airflow/example_dags/example_dynamic_task_mapping.py
[2026-02-26T05:32:34.314+0000] {logging_mixin.py:190} INFO - [2026-02-26T05:32:34.314+0000] {dag.py:3239} INFO - Sync 1 DAGs
[2026-02-26T05:32:34.322+0000] {logging_mixin.py:190} INFO - [2026-02-26T05:32:34.321+0000] {dag.py:4180} INFO - Setting next_dagrun for example_dynamic_task_mapping to None, run_after=None
[2026-02-26T05:32:34.337+0000] {processor.py:208} INFO - Processing /home/ubuntu/airflow-venv/lib/python3.12/site-packages/airflow/example_dags/example_dynamic_task_mapping.py took 0.043 seconds
[2026-02-26T05:33:48.967+0000] {processor.py:186} INFO - Started process (PID=3214) to work on /home/ubuntu/airflow-venv/lib/python3.12/site-packages/airflow/example_dags/example_dynamic_task_mapping.py
[2026-02-26T05:33:48.969+0000] {processor.py:914} INFO - Processing file /home/ubuntu/airflow-venv/lib/python3.12/site-packages/airflow/example_dags/example_dynamic_task_mapping.py for tasks to queue
[2026-02-26T05:33:48.970+0000] {logging_mixin.py:190} INFO - [2026-02-26T05:33:48.970+0000] {dagbag.py:588} INFO - Filling up the DagBag from /home/ubuntu/airflow-venv/lib/python3.12/site-packages/airflow/example_dags/example_dynamic_task_mapping.py
[2026-02-26T05:33:48.975+0000] {processor.py:925} INFO - DAG(s) 'example_dynamic_task_mapping' retrieved from /home/ubuntu/airflow-venv/lib/python3.12/site-packages/airflow/example_dags/example_dynamic_task_mapping.py
[2026-02-26T05:33:48.984+0000] {logging_mixin.py:190} INFO - [2026-02-26T05:33:48.984+0000] {dag.py:3239} INFO - Sync 1 DAGs
[2026-02-26T05:33:48.991+0000] {logging_mixin.py:190} INFO - [2026-02-26T05:33:48.991+0000] {dag.py:4180} INFO - Setting next_dagrun for example_dynamic_task_mapping to None, run_after=None
[2026-02-26T05:33:49.007+0000] {processor.py:208} INFO - Processing /home/ubuntu/airflow-venv/lib/python3.12/site-packages/airflow/example_dags/example_dynamic_task_mapping.py took 0.043 seconds
[2026-02-26T05:35:00.586+0000] {processor.py:186} INFO - Started process (PID=3291) to work on /home/ubuntu/airflow-venv/lib/python3.12/site-packages/airflow/example_dags/example_dynamic_task_mapping.py
[2026-02-26T05:35:00.588+0000] {processor.py:914} INFO - Processing file /home/ubuntu/airflow-venv/lib/python3.12/site-packages/airflow/example_dags/example_dynamic_task_mapping.py for tasks to queue
[2026-02-26T05:35:00.589+0000] {logging_mixin.py:190} INFO - [2026-02-26T05:35:00.589+0000] {dagbag.py:588} INFO - Filling up the DagBag from /home/ubuntu/airflow-venv/lib/python3.12/site-packages/airflow/example_dags/example_dynamic_task_mapping.py
[2026-02-26T05:35:00.594+0000] {processor.py:925} INFO - DAG(s) 'example_dynamic_task_mapping' retrieved from /home/ubuntu/airflow-venv/lib/python3.12/site-packages/airflow/example_dags/example_dynamic_task_mapping.py
[2026-02-26T05:35:00.604+0000] {logging_mixin.py:190} INFO - [2026-02-26T05:35:00.603+0000] {dag.py:3239} INFO - Sync 1 DAGs
[2026-02-26T05:35:00.611+0000] {logging_mixin.py:190} INFO - [2026-02-26T05:35:00.611+0000] {dag.py:4180} INFO - Setting next_dagrun for example_dynamic_task_mapping to None, run_after=None
[2026-02-26T05:35:00.628+0000] {processor.py:208} INFO - Processing /home/ubuntu/airflow-venv/lib/python3.12/site-packages/airflow/example_dags/example_dynamic_task_mapping.py took 0.045 seconds
[2026-02-26T05:35:51.899+0000] {processor.py:186} INFO - Started process (PID=3351) to work on /home/ubuntu/airflow-venv/lib/python3.12/site-packages/airflow/example_dags/example_dynamic_task_mapping.py
[2026-02-26T05:35:51.900+0000] {processor.py:914} INFO - Processing file /home/ubuntu/airflow-venv/lib/python3.12/site-packages/airflow/example_dags/example_dynamic_task_mapping.py for tasks to queue
[2026-02-26T05:35:51.901+0000] {logging_mixin.py:190} INFO - [2026-02-26T05:35:51.901+0000] {dagbag.py:588} INFO - Filling up the DagBag from /home/ubuntu/airflow-venv/lib/python3.12/site-packages/airflow/example_dags/example_dynamic_task_mapping.py
[2026-02-26T05:35:51.907+0000] {processor.py:925} INFO - DAG(s) 'example_dynamic_task_mapping' retrieved from /home/ubuntu/airflow-venv/lib/python3.12/site-packages/airflow/example_dags/example_dynamic_task_mapping.py
[2026-02-26T05:35:51.916+0000] {logging_mixin.py:190} INFO - [2026-02-26T05:35:51.915+0000] {dag.py:3239} INFO - Sync 1 DAGs
[2026-02-26T05:35:51.923+0000] {logging_mixin.py:190} INFO - [2026-02-26T05:35:51.922+0000] {dag.py:4180} INFO - Setting next_dagrun for example_dynamic_task_mapping to None, run_after=None
[2026-02-26T05:35:51.938+0000] {processor.py:208} INFO - Processing /home/ubuntu/airflow-venv/lib/python3.12/site-packages/airflow/example_dags/example_dynamic_task_mapping.py took 0.043 seconds
[2026-02-26T05:36:45.470+0000] {processor.py:186} INFO - Started process (PID=3409) to work on /home/ubuntu/airflow-venv/lib/python3.12/site-packages/airflow/example_dags/example_dynamic_task_mapping.py
[2026-02-26T05:36:45.471+0000] {processor.py:914} INFO - Processing file /home/ubuntu/airflow-venv/lib/python3.12/site-packages/airflow/example_dags/example_dynamic_task_mapping.py for tasks to queue
[2026-02-26T05:36:45.473+0000] {logging_mixin.py:190} INFO - [2026-02-26T05:36:45.473+0000] {dagbag.py:588} INFO - Filling up the DagBag from /home/ubuntu/airflow-venv/lib/python3.12/site-packages/airflow/example_dags/example_dynamic_task_mapping.py
[2026-02-26T05:36:45.478+0000] {processor.py:925} INFO - DAG(s) 'example_dynamic_task_mapping' retrieved from /home/ubuntu/airflow-venv/lib/python3.12/site-packages/airflow/example_dags/example_dynamic_task_mapping.py
[2026-02-26T05:36:45.488+0000] {logging_mixin.py:190} INFO - [2026-02-26T05:36:45.488+0000] {dag.py:3239} INFO - Sync 1 DAGs
[2026-02-26T05:36:45.495+0000] {logging_mixin.py:190} INFO - [2026-02-26T05:36:45.495+0000] {dag.py:4180} INFO - Setting next_dagrun for example_dynamic_task_mapping to None, run_after=None
[2026-02-26T05:36:45.511+0000] {processor.py:208} INFO - Processing /home/ubuntu/airflow-venv/lib/python3.12/site-packages/airflow/example_dags/example_dynamic_task_mapping.py took 0.044 seconds
[2026-02-26T05:37:35.691+0000] {processor.py:186} INFO - Started process (PID=3463) to work on /home/ubuntu/airflow-venv/lib/python3.12/site-packages/airflow/example_dags/example_dynamic_task_mapping.py
[2026-02-26T05:37:35.692+0000] {processor.py:914} INFO - Processing file /home/ubuntu/airflow-venv/lib/python3.12/site-packages/airflow/example_dags/example_dynamic_task_mapping.py for tasks to queue
[2026-02-26T05:37:35.693+0000] {logging_mixin.py:190} INFO - [2026-02-26T05:37:35.693+0000] {dagbag.py:588} INFO - Filling up the DagBag from /home/ubuntu/airflow-venv/lib/python3.12/site-packages/airflow/example_dags/example_dynamic_task_mapping.py
[2026-02-26T05:37:35.699+0000] {processor.py:925} INFO - DAG(s) 'example_dynamic_task_mapping' retrieved from /home/ubuntu/airflow-venv/lib/python3.12/site-packages/airflow/example_dags/example_dynamic_task_mapping.py
[2026-02-26T05:37:35.708+0000] {logging_mixin.py:190} INFO - [2026-02-26T05:37:35.708+0000] {dag.py:3239} INFO - Sync 1 DAGs
[2026-02-26T05:37:35.716+0000] {logging_mixin.py:190} INFO - [2026-02-26T05:37:35.715+0000] {dag.py:4180} INFO - Setting next_dagrun for example_dynamic_task_mapping to None, run_after=None
[2026-02-26T05:37:35.732+0000] {processor.py:208} INFO - Processing /home/ubuntu/airflow-venv/lib/python3.12/site-packages/airflow/example_dags/example_dynamic_task_mapping.py took 0.045 seconds
[2026-02-26T05:38:27.027+0000] {processor.py:186} INFO - Started process (PID=3516) to work on /home/ubuntu/airflow-venv/lib/python3.12/site-packages/airflow/example_dags/example_dynamic_task_mapping.py
[2026-02-26T05:38:27.028+0000] {processor.py:914} INFO - Processing file /home/ubuntu/airflow-venv/lib/python3.12/site-packages/airflow/example_dags/example_dynamic_task_mapping.py for tasks to queue
[2026-02-26T05:38:27.029+0000] {logging_mixin.py:190} INFO - [2026-02-26T05:38:27.029+0000] {dagbag.py:588} INFO - Filling up the DagBag from /home/ubuntu/airflow-venv/lib/python3.12/site-packages/airflow/example_dags/example_dynamic_task_mapping.py
[2026-02-26T05:38:27.035+0000] {processor.py:925} INFO - DAG(s) 'example_dynamic_task_mapping' retrieved from /home/ubuntu/airflow-venv/lib/python3.12/site-packages/airflow/example_dags/example_dynamic_task_mapping.py
[2026-02-26T05:38:27.044+0000] {logging_mixin.py:190} INFO - [2026-02-26T05:38:27.044+0000] {dag.py:3239} INFO - Sync 1 DAGs
[2026-02-26T05:38:27.051+0000] {logging_mixin.py:190} INFO - [2026-02-26T05:38:27.051+0000] {dag.py:4180} INFO - Setting next_dagrun for example_dynamic_task_mapping to None, run_after=None
[2026-02-26T05:38:27.067+0000] {processor.py:208} INFO - Processing /home/ubuntu/airflow-venv/lib/python3.12/site-packages/airflow/example_dags/example_dynamic_task_mapping.py took 0.044 seconds
[2026-02-26T05:39:39.861+0000] {processor.py:186} INFO - Started process (PID=3592) to work on /home/ubuntu/airflow-venv/lib/python3.12/site-packages/airflow/example_dags/example_dynamic_task_mapping.py
[2026-02-26T05:39:39.862+0000] {processor.py:914} INFO - Processing file /home/ubuntu/airflow-venv/lib/python3.12/site-packages/airflow/example_dags/example_dynamic_task_mapping.py for tasks to queue
[2026-02-26T05:39:39.864+0000] {logging_mixin.py:190} INFO - [2026-02-26T05:39:39.864+0000] {dagbag.py:588} INFO - Filling up the DagBag from /home/ubuntu/airflow-venv/lib/python3.12/site-packages/airflow/example_dags/example_dynamic_task_mapping.py
[2026-02-26T05:39:39.869+0000] {processor.py:925} INFO - DAG(s) 'example_dynamic_task_mapping' retrieved from /home/ubuntu/airflow-venv/lib/python3.12/site-packages/airflow/example_dags/example_dynamic_task_mapping.py
[2026-02-26T05:39:39.878+0000] {logging_mixin.py:190} INFO - [2026-02-26T05:39:39.878+0000] {dag.py:3239} INFO - Sync 1 DAGs
[2026-02-26T05:39:39.885+0000] {logging_mixin.py:190} INFO - [2026-02-26T05:39:39.885+0000] {dag.py:4180} INFO - Setting next_dagrun for example_dynamic_task_mapping to None, run_after=None
[2026-02-26T05:39:39.901+0000] {processor.py:208} INFO - Processing /home/ubuntu/airflow-venv/lib/python3.12/site-packages/airflow/example_dags/example_dynamic_task_mapping.py took 0.044 seconds
[2026-02-26T05:40:30.325+0000] {processor.py:186} INFO - Started process (PID=3651) to work on /home/ubuntu/airflow-venv/lib/python3.12/site-packages/airflow/example_dags/example_dynamic_task_mapping.py
[2026-02-26T05:40:30.327+0000] {processor.py:914} INFO - Processing file /home/ubuntu/airflow-venv/lib/python3.12/site-packages/airflow/example_dags/example_dynamic_task_mapping.py for tasks to queue
[2026-02-26T05:40:30.328+0000] {logging_mixin.py:190} INFO - [2026-02-26T05:40:30.328+0000] {dagbag.py:588} INFO - Filling up the DagBag from /home/ubuntu/airflow-venv/lib/python3.12/site-packages/airflow/example_dags/example_dynamic_task_mapping.py
[2026-02-26T05:40:30.333+0000] {processor.py:925} INFO - DAG(s) 'example_dynamic_task_mapping' retrieved from /home/ubuntu/airflow-venv/lib/python3.12/site-packages/airflow/example_dags/example_dynamic_task_mapping.py
[2026-02-26T05:40:30.342+0000] {logging_mixin.py:190} INFO - [2026-02-26T05:40:30.342+0000] {dag.py:3239} INFO - Sync 1 DAGs
[2026-02-26T05:40:30.349+0000] {logging_mixin.py:190} INFO - [2026-02-26T05:40:30.349+0000] {dag.py:4180} INFO - Setting next_dagrun for example_dynamic_task_mapping to None, run_after=None
[2026-02-26T05:40:30.366+0000] {processor.py:208} INFO - Processing /home/ubuntu/airflow-venv/lib/python3.12/site-packages/airflow/example_dags/example_dynamic_task_mapping.py took 0.044 seconds
[2026-02-26T05:41:42.203+0000] {processor.py:186} INFO - Started process (PID=3727) to work on /home/ubuntu/airflow-venv/lib/python3.12/site-packages/airflow/example_dags/example_dynamic_task_mapping.py
[2026-02-26T05:41:42.204+0000] {processor.py:914} INFO - Processing file /home/ubuntu/airflow-venv/lib/python3.12/site-packages/airflow/example_dags/example_dynamic_task_mapping.py for tasks to queue
[2026-02-26T05:41:42.205+0000] {logging_mixin.py:190} INFO - [2026-02-26T05:41:42.205+0000] {dagbag.py:588} INFO - Filling up the DagBag from /home/ubuntu/airflow-venv/lib/python3.12/site-packages/airflow/example_dags/example_dynamic_task_mapping.py
[2026-02-26T05:41:42.210+0000] {processor.py:925} INFO - DAG(s) 'example_dynamic_task_mapping' retrieved from /home/ubuntu/airflow-venv/lib/python3.12/site-packages/airflow/example_dags/example_dynamic_task_mapping.py
[2026-02-26T05:41:42.220+0000] {logging_mixin.py:190} INFO - [2026-02-26T05:41:42.220+0000] {dag.py:3239} INFO - Sync 1 DAGs
[2026-02-26T05:41:42.227+0000] {logging_mixin.py:190} INFO - [2026-02-26T05:41:42.227+0000] {dag.py:4180} INFO - Setting next_dagrun for example_dynamic_task_mapping to None, run_after=None
[2026-02-26T05:41:42.243+0000] {processor.py:208} INFO - Processing /home/ubuntu/airflow-venv/lib/python3.12/site-packages/airflow/example_dags/example_dynamic_task_mapping.py took 0.044 seconds
[2026-02-26T05:42:35.120+0000] {processor.py:186} INFO - Started process (PID=3781) to work on /home/ubuntu/airflow-venv/lib/python3.12/site-packages/airflow/example_dags/example_dynamic_task_mapping.py
[2026-02-26T05:42:35.121+0000] {processor.py:914} INFO - Processing file /home/ubuntu/airflow-venv/lib/python3.12/site-packages/airflow/example_dags/example_dynamic_task_mapping.py for tasks to queue
[2026-02-26T05:42:35.123+0000] {logging_mixin.py:190} INFO - [2026-02-26T05:42:35.123+0000] {dagbag.py:588} INFO - Filling up the DagBag from /home/ubuntu/airflow-venv/lib/python3.12/site-packages/airflow/example_dags/example_dynamic_task_mapping.py
[2026-02-26T05:42:35.129+0000] {processor.py:925} INFO - DAG(s) 'example_dynamic_task_mapping' retrieved from /home/ubuntu/airflow-venv/lib/python3.12/site-packages/airflow/example_dags/example_dynamic_task_mapping.py
[2026-02-26T05:42:35.138+0000] {logging_mixin.py:190} INFO - [2026-02-26T05:42:35.138+0000] {dag.py:3239} INFO - Sync 1 DAGs
[2026-02-26T05:42:35.146+0000] {logging_mixin.py:190} INFO - [2026-02-26T05:42:35.145+0000] {dag.py:4180} INFO - Setting next_dagrun for example_dynamic_task_mapping to None, run_after=None
[2026-02-26T05:42:35.162+0000] {processor.py:208} INFO - Processing /home/ubuntu/airflow-venv/lib/python3.12/site-packages/airflow/example_dags/example_dynamic_task_mapping.py took 0.046 seconds
[2026-02-26T05:43:47.135+0000] {processor.py:186} INFO - Started process (PID=3857) to work on /home/ubuntu/airflow-venv/lib/python3.12/site-packages/airflow/example_dags/example_dynamic_task_mapping.py
[2026-02-26T05:43:47.136+0000] {processor.py:914} INFO - Processing file /home/ubuntu/airflow-venv/lib/python3.12/site-packages/airflow/example_dags/example_dynamic_task_mapping.py for tasks to queue
[2026-02-26T05:43:47.137+0000] {logging_mixin.py:190} INFO - [2026-02-26T05:43:47.137+0000] {dagbag.py:588} INFO - Filling up the DagBag from /home/ubuntu/airflow-venv/lib/python3.12/site-packages/airflow/example_dags/example_dynamic_task_mapping.py
[2026-02-26T05:43:47.142+0000] {processor.py:925} INFO - DAG(s) 'example_dynamic_task_mapping' retrieved from /home/ubuntu/airflow-venv/lib/python3.12/site-packages/airflow/example_dags/example_dynamic_task_mapping.py
[2026-02-26T05:43:47.152+0000] {logging_mixin.py:190} INFO - [2026-02-26T05:43:47.152+0000] {dag.py:3239} INFO - Sync 1 DAGs
[2026-02-26T05:43:47.159+0000] {logging_mixin.py:190} INFO - [2026-02-26T05:43:47.159+0000] {dag.py:4180} INFO - Setting next_dagrun for example_dynamic_task_mapping to None, run_after=None
[2026-02-26T05:43:47.174+0000] {processor.py:208} INFO - Processing /home/ubuntu/airflow-venv/lib/python3.12/site-packages/airflow/example_dags/example_dynamic_task_mapping.py took 0.044 seconds
[2026-02-26T05:44:36.652+0000] {processor.py:186} INFO - Started process (PID=3911) to work on /home/ubuntu/airflow-venv/lib/python3.12/site-packages/airflow/example_dags/example_dynamic_task_mapping.py
[2026-02-26T05:44:36.653+0000] {processor.py:914} INFO - Processing file /home/ubuntu/airflow-venv/lib/python3.12/site-packages/airflow/example_dags/example_dynamic_task_mapping.py for tasks to queue
[2026-02-26T05:44:36.655+0000] {logging_mixin.py:190} INFO - [2026-02-26T05:44:36.654+0000] {dagbag.py:588} INFO - Filling up the DagBag from /home/ubuntu/airflow-venv/lib/python3.12/site-packages/airflow/example_dags/example_dynamic_task_mapping.py
[2026-02-26T05:44:36.660+0000] {processor.py:925} INFO - DAG(s) 'example_dynamic_task_mapping' retrieved from /home/ubuntu/airflow-venv/lib/python3.12/site-packages/airflow/example_dags/example_dynamic_task_mapping.py
[2026-02-26T05:44:36.669+0000] {logging_mixin.py:190} INFO - [2026-02-26T05:44:36.669+0000] {dag.py:3239} INFO - Sync 1 DAGs
[2026-02-26T05:44:36.676+0000] {logging_mixin.py:190} INFO - [2026-02-26T05:44:36.676+0000] {dag.py:4180} INFO - Setting next_dagrun for example_dynamic_task_mapping to None, run_after=None
[2026-02-26T05:44:36.692+0000] {processor.py:208} INFO - Processing /home/ubuntu/airflow-venv/lib/python3.12/site-packages/airflow/example_dags/example_dynamic_task_mapping.py took 0.044 seconds
[2026-02-26T06:14:17.666+0000] {processor.py:186} INFO - Started process (PID=2731) to work on /home/ubuntu/airflow-venv/lib/python3.12/site-packages/airflow/example_dags/example_dynamic_task_mapping.py
[2026-02-26T06:14:17.668+0000] {processor.py:914} INFO - Processing file /home/ubuntu/airflow-venv/lib/python3.12/site-packages/airflow/example_dags/example_dynamic_task_mapping.py for tasks to queue
[2026-02-26T06:14:17.670+0000] {logging_mixin.py:190} INFO - [2026-02-26T06:14:17.670+0000] {dagbag.py:588} INFO - Filling up the DagBag from /home/ubuntu/airflow-venv/lib/python3.12/site-packages/airflow/example_dags/example_dynamic_task_mapping.py
[2026-02-26T06:14:17.675+0000] {processor.py:925} INFO - DAG(s) 'example_dynamic_task_mapping' retrieved from /home/ubuntu/airflow-venv/lib/python3.12/site-packages/airflow/example_dags/example_dynamic_task_mapping.py
[2026-02-26T06:14:17.687+0000] {logging_mixin.py:190} INFO - [2026-02-26T06:14:17.686+0000] {dag.py:3239} INFO - Sync 1 DAGs
[2026-02-26T06:14:17.695+0000] {logging_mixin.py:190} INFO - [2026-02-26T06:14:17.694+0000] {dag.py:4180} INFO - Setting next_dagrun for example_dynamic_task_mapping to None, run_after=None
[2026-02-26T06:14:17.712+0000] {processor.py:208} INFO - Processing /home/ubuntu/airflow-venv/lib/python3.12/site-packages/airflow/example_dags/example_dynamic_task_mapping.py took 0.050 seconds
[2026-02-26T06:15:13.142+0000] {processor.py:186} INFO - Started process (PID=2793) to work on /home/ubuntu/airflow-venv/lib/python3.12/site-packages/airflow/example_dags/example_dynamic_task_mapping.py
[2026-02-26T06:15:13.143+0000] {processor.py:914} INFO - Processing file /home/ubuntu/airflow-venv/lib/python3.12/site-packages/airflow/example_dags/example_dynamic_task_mapping.py for tasks to queue
[2026-02-26T06:15:13.144+0000] {logging_mixin.py:190} INFO - [2026-02-26T06:15:13.144+0000] {dagbag.py:588} INFO - Filling up the DagBag from /home/ubuntu/airflow-venv/lib/python3.12/site-packages/airflow/example_dags/example_dynamic_task_mapping.py
[2026-02-26T06:15:13.150+0000] {processor.py:925} INFO - DAG(s) 'example_dynamic_task_mapping' retrieved from /home/ubuntu/airflow-venv/lib/python3.12/site-packages/airflow/example_dags/example_dynamic_task_mapping.py
[2026-02-26T06:15:13.160+0000] {logging_mixin.py:190} INFO - [2026-02-26T06:15:13.159+0000] {dag.py:3239} INFO - Sync 1 DAGs
[2026-02-26T06:15:13.167+0000] {logging_mixin.py:190} INFO - [2026-02-26T06:15:13.167+0000] {dag.py:4180} INFO - Setting next_dagrun for example_dynamic_task_mapping to None, run_after=None
[2026-02-26T06:15:13.184+0000] {processor.py:208} INFO - Processing /home/ubuntu/airflow-venv/lib/python3.12/site-packages/airflow/example_dags/example_dynamic_task_mapping.py took 0.046 seconds
[2026-02-26T06:16:10.192+0000] {processor.py:186} INFO - Started process (PID=2857) to work on /home/ubuntu/airflow-venv/lib/python3.12/site-packages/airflow/example_dags/example_dynamic_task_mapping.py
[2026-02-26T06:16:10.194+0000] {processor.py:914} INFO - Processing file /home/ubuntu/airflow-venv/lib/python3.12/site-packages/airflow/example_dags/example_dynamic_task_mapping.py for tasks to queue
[2026-02-26T06:16:10.195+0000] {logging_mixin.py:190} INFO - [2026-02-26T06:16:10.195+0000] {dagbag.py:588} INFO - Filling up the DagBag from /home/ubuntu/airflow-venv/lib/python3.12/site-packages/airflow/example_dags/example_dynamic_task_mapping.py
[2026-02-26T06:16:10.201+0000] {processor.py:925} INFO - DAG(s) 'example_dynamic_task_mapping' retrieved from /home/ubuntu/airflow-venv/lib/python3.12/site-packages/airflow/example_dags/example_dynamic_task_mapping.py
[2026-02-26T06:16:10.210+0000] {logging_mixin.py:190} INFO - [2026-02-26T06:16:10.210+0000] {dag.py:3239} INFO - Sync 1 DAGs
[2026-02-26T06:16:10.218+0000] {logging_mixin.py:190} INFO - [2026-02-26T06:16:10.218+0000] {dag.py:4180} INFO - Setting next_dagrun for example_dynamic_task_mapping to None, run_after=None
[2026-02-26T06:16:10.235+0000] {processor.py:208} INFO - Processing /home/ubuntu/airflow-venv/lib/python3.12/site-packages/airflow/example_dags/example_dynamic_task_mapping.py took 0.046 seconds
[2026-02-26T06:17:05.342+0000] {processor.py:186} INFO - Started process (PID=2917) to work on /home/ubuntu/airflow-venv/lib/python3.12/site-packages/airflow/example_dags/example_dynamic_task_mapping.py
[2026-02-26T06:17:05.344+0000] {processor.py:914} INFO - Processing file /home/ubuntu/airflow-venv/lib/python3.12/site-packages/airflow/example_dags/example_dynamic_task_mapping.py for tasks to queue
[2026-02-26T06:17:05.345+0000] {logging_mixin.py:190} INFO - [2026-02-26T06:17:05.345+0000] {dagbag.py:588} INFO - Filling up the DagBag from /home/ubuntu/airflow-venv/lib/python3.12/site-packages/airflow/example_dags/example_dynamic_task_mapping.py
[2026-02-26T06:17:05.350+0000] {processor.py:925} INFO - DAG(s) 'example_dynamic_task_mapping' retrieved from /home/ubuntu/airflow-venv/lib/python3.12/site-packages/airflow/example_dags/example_dynamic_task_mapping.py
[2026-02-26T06:17:05.360+0000] {logging_mixin.py:190} INFO - [2026-02-26T06:17:05.360+0000] {dag.py:3239} INFO - Sync 1 DAGs
[2026-02-26T06:17:05.368+0000] {logging_mixin.py:190} INFO - [2026-02-26T06:17:05.368+0000] {dag.py:4180} INFO - Setting next_dagrun for example_dynamic_task_mapping to None, run_after=None
[2026-02-26T06:17:05.384+0000] {processor.py:208} INFO - Processing /home/ubuntu/airflow-venv/lib/python3.12/site-packages/airflow/example_dags/example_dynamic_task_mapping.py took 0.046 seconds
[2026-02-26T06:17:58.424+0000] {processor.py:186} INFO - Started process (PID=2973) to work on /home/ubuntu/airflow-venv/lib/python3.12/site-packages/airflow/example_dags/example_dynamic_task_mapping.py
[2026-02-26T06:17:58.426+0000] {processor.py:914} INFO - Processing file /home/ubuntu/airflow-venv/lib/python3.12/site-packages/airflow/example_dags/example_dynamic_task_mapping.py for tasks to queue
[2026-02-26T06:17:58.427+0000] {logging_mixin.py:190} INFO - [2026-02-26T06:17:58.427+0000] {dagbag.py:588} INFO - Filling up the DagBag from /home/ubuntu/airflow-venv/lib/python3.12/site-packages/airflow/example_dags/example_dynamic_task_mapping.py
[2026-02-26T06:17:58.432+0000] {processor.py:925} INFO - DAG(s) 'example_dynamic_task_mapping' retrieved from /home/ubuntu/airflow-venv/lib/python3.12/site-packages/airflow/example_dags/example_dynamic_task_mapping.py
[2026-02-26T06:17:58.442+0000] {logging_mixin.py:190} INFO - [2026-02-26T06:17:58.442+0000] {dag.py:3239} INFO - Sync 1 DAGs
[2026-02-26T06:17:58.450+0000] {logging_mixin.py:190} INFO - [2026-02-26T06:17:58.449+0000] {dag.py:4180} INFO - Setting next_dagrun for example_dynamic_task_mapping to None, run_after=None
[2026-02-26T06:17:58.466+0000] {processor.py:208} INFO - Processing /home/ubuntu/airflow-venv/lib/python3.12/site-packages/airflow/example_dags/example_dynamic_task_mapping.py took 0.045 seconds
[2026-02-26T06:18:51.069+0000] {processor.py:186} INFO - Started process (PID=3026) to work on /home/ubuntu/airflow-venv/lib/python3.12/site-packages/airflow/example_dags/example_dynamic_task_mapping.py
[2026-02-26T06:18:51.070+0000] {processor.py:914} INFO - Processing file /home/ubuntu/airflow-venv/lib/python3.12/site-packages/airflow/example_dags/example_dynamic_task_mapping.py for tasks to queue
[2026-02-26T06:18:51.071+0000] {logging_mixin.py:190} INFO - [2026-02-26T06:18:51.071+0000] {dagbag.py:588} INFO - Filling up the DagBag from /home/ubuntu/airflow-venv/lib/python3.12/site-packages/airflow/example_dags/example_dynamic_task_mapping.py
[2026-02-26T06:18:51.077+0000] {processor.py:925} INFO - DAG(s) 'example_dynamic_task_mapping' retrieved from /home/ubuntu/airflow-venv/lib/python3.12/site-packages/airflow/example_dags/example_dynamic_task_mapping.py
[2026-02-26T06:18:51.086+0000] {logging_mixin.py:190} INFO - [2026-02-26T06:18:51.086+0000] {dag.py:3239} INFO - Sync 1 DAGs
[2026-02-26T06:18:51.094+0000] {logging_mixin.py:190} INFO - [2026-02-26T06:18:51.094+0000] {dag.py:4180} INFO - Setting next_dagrun for example_dynamic_task_mapping to None, run_after=None
[2026-02-26T06:18:51.182+0000] {processor.py:208} INFO - Processing /home/ubuntu/airflow-venv/lib/python3.12/site-packages/airflow/example_dags/example_dynamic_task_mapping.py took 0.117 seconds
[2026-02-26T06:19:47.091+0000] {processor.py:186} INFO - Started process (PID=3082) to work on /home/ubuntu/airflow-venv/lib/python3.12/site-packages/airflow/example_dags/example_dynamic_task_mapping.py
[2026-02-26T06:19:47.092+0000] {processor.py:914} INFO - Processing file /home/ubuntu/airflow-venv/lib/python3.12/site-packages/airflow/example_dags/example_dynamic_task_mapping.py for tasks to queue
[2026-02-26T06:19:47.093+0000] {logging_mixin.py:190} INFO - [2026-02-26T06:19:47.093+0000] {dagbag.py:588} INFO - Filling up the DagBag from /home/ubuntu/airflow-venv/lib/python3.12/site-packages/airflow/example_dags/example_dynamic_task_mapping.py
[2026-02-26T06:19:47.099+0000] {processor.py:925} INFO - DAG(s) 'example_dynamic_task_mapping' retrieved from /home/ubuntu/airflow-venv/lib/python3.12/site-packages/airflow/example_dags/example_dynamic_task_mapping.py
[2026-02-26T06:19:47.109+0000] {logging_mixin.py:190} INFO - [2026-02-26T06:19:47.109+0000] {dag.py:3239} INFO - Sync 1 DAGs
[2026-02-26T06:19:47.117+0000] {logging_mixin.py:190} INFO - [2026-02-26T06:19:47.117+0000] {dag.py:4180} INFO - Setting next_dagrun for example_dynamic_task_mapping to None, run_after=None
[2026-02-26T06:19:47.135+0000] {processor.py:208} INFO - Processing /home/ubuntu/airflow-venv/lib/python3.12/site-packages/airflow/example_dags/example_dynamic_task_mapping.py took 0.048 seconds
[2026-02-26T06:20:40.703+0000] {processor.py:186} INFO - Started process (PID=3140) to work on /home/ubuntu/airflow-venv/lib/python3.12/site-packages/airflow/example_dags/example_dynamic_task_mapping.py
[2026-02-26T06:20:40.705+0000] {processor.py:914} INFO - Processing file /home/ubuntu/airflow-venv/lib/python3.12/site-packages/airflow/example_dags/example_dynamic_task_mapping.py for tasks to queue
[2026-02-26T06:20:40.706+0000] {logging_mixin.py:190} INFO - [2026-02-26T06:20:40.706+0000] {dagbag.py:588} INFO - Filling up the DagBag from /home/ubuntu/airflow-venv/lib/python3.12/site-packages/airflow/example_dags/example_dynamic_task_mapping.py
[2026-02-26T06:20:40.712+0000] {processor.py:925} INFO - DAG(s) 'example_dynamic_task_mapping' retrieved from /home/ubuntu/airflow-venv/lib/python3.12/site-packages/airflow/example_dags/example_dynamic_task_mapping.py
[2026-02-26T06:20:40.721+0000] {logging_mixin.py:190} INFO - [2026-02-26T06:20:40.721+0000] {dag.py:3239} INFO - Sync 1 DAGs
[2026-02-26T06:20:40.729+0000] {logging_mixin.py:190} INFO - [2026-02-26T06:20:40.729+0000] {dag.py:4180} INFO - Setting next_dagrun for example_dynamic_task_mapping to None, run_after=None
[2026-02-26T06:20:40.746+0000] {processor.py:208} INFO - Processing /home/ubuntu/airflow-venv/lib/python3.12/site-packages/airflow/example_dags/example_dynamic_task_mapping.py took 0.047 seconds
[2026-02-26T06:21:48.916+0000] {processor.py:186} INFO - Started process (PID=3214) to work on /home/ubuntu/airflow-venv/lib/python3.12/site-packages/airflow/example_dags/example_dynamic_task_mapping.py
[2026-02-26T06:21:48.917+0000] {processor.py:914} INFO - Processing file /home/ubuntu/airflow-venv/lib/python3.12/site-packages/airflow/example_dags/example_dynamic_task_mapping.py for tasks to queue
[2026-02-26T06:21:48.919+0000] {logging_mixin.py:190} INFO - [2026-02-26T06:21:48.919+0000] {dagbag.py:588} INFO - Filling up the DagBag from /home/ubuntu/airflow-venv/lib/python3.12/site-packages/airflow/example_dags/example_dynamic_task_mapping.py
[2026-02-26T06:21:48.924+0000] {processor.py:925} INFO - DAG(s) 'example_dynamic_task_mapping' retrieved from /home/ubuntu/airflow-venv/lib/python3.12/site-packages/airflow/example_dags/example_dynamic_task_mapping.py
[2026-02-26T06:21:48.934+0000] {logging_mixin.py:190} INFO - [2026-02-26T06:21:48.934+0000] {dag.py:3239} INFO - Sync 1 DAGs
[2026-02-26T06:21:48.942+0000] {logging_mixin.py:190} INFO - [2026-02-26T06:21:48.942+0000] {dag.py:4180} INFO - Setting next_dagrun for example_dynamic_task_mapping to None, run_after=None
[2026-02-26T06:21:48.958+0000] {processor.py:208} INFO - Processing /home/ubuntu/airflow-venv/lib/python3.12/site-packages/airflow/example_dags/example_dynamic_task_mapping.py took 0.046 seconds
[2026-02-26T06:22:39.995+0000] {processor.py:186} INFO - Started process (PID=3268) to work on /home/ubuntu/airflow-venv/lib/python3.12/site-packages/airflow/example_dags/example_dynamic_task_mapping.py
[2026-02-26T06:22:39.996+0000] {processor.py:914} INFO - Processing file /home/ubuntu/airflow-venv/lib/python3.12/site-packages/airflow/example_dags/example_dynamic_task_mapping.py for tasks to queue
[2026-02-26T06:22:39.998+0000] {logging_mixin.py:190} INFO - [2026-02-26T06:22:39.997+0000] {dagbag.py:588} INFO - Filling up the DagBag from /home/ubuntu/airflow-venv/lib/python3.12/site-packages/airflow/example_dags/example_dynamic_task_mapping.py
[2026-02-26T06:22:40.003+0000] {processor.py:925} INFO - DAG(s) 'example_dynamic_task_mapping' retrieved from /home/ubuntu/airflow-venv/lib/python3.12/site-packages/airflow/example_dags/example_dynamic_task_mapping.py
[2026-02-26T06:22:40.013+0000] {logging_mixin.py:190} INFO - [2026-02-26T06:22:40.013+0000] {dag.py:3239} INFO - Sync 1 DAGs
[2026-02-26T06:22:40.021+0000] {logging_mixin.py:190} INFO - [2026-02-26T06:22:40.021+0000] {dag.py:4180} INFO - Setting next_dagrun for example_dynamic_task_mapping to None, run_after=None
[2026-02-26T06:22:40.038+0000] {processor.py:208} INFO - Processing /home/ubuntu/airflow-venv/lib/python3.12/site-packages/airflow/example_dags/example_dynamic_task_mapping.py took 0.046 seconds
[2026-02-26T06:23:31.859+0000] {processor.py:186} INFO - Started process (PID=3322) to work on /home/ubuntu/airflow-venv/lib/python3.12/site-packages/airflow/example_dags/example_dynamic_task_mapping.py
[2026-02-26T06:23:31.861+0000] {processor.py:914} INFO - Processing file /home/ubuntu/airflow-venv/lib/python3.12/site-packages/airflow/example_dags/example_dynamic_task_mapping.py for tasks to queue
[2026-02-26T06:23:31.862+0000] {logging_mixin.py:190} INFO - [2026-02-26T06:23:31.862+0000] {dagbag.py:588} INFO - Filling up the DagBag from /home/ubuntu/airflow-venv/lib/python3.12/site-packages/airflow/example_dags/example_dynamic_task_mapping.py
[2026-02-26T06:23:31.868+0000] {processor.py:925} INFO - DAG(s) 'example_dynamic_task_mapping' retrieved from /home/ubuntu/airflow-venv/lib/python3.12/site-packages/airflow/example_dags/example_dynamic_task_mapping.py
[2026-02-26T06:23:31.877+0000] {logging_mixin.py:190} INFO - [2026-02-26T06:23:31.877+0000] {dag.py:3239} INFO - Sync 1 DAGs
[2026-02-26T06:23:31.885+0000] {logging_mixin.py:190} INFO - [2026-02-26T06:23:31.885+0000] {dag.py:4180} INFO - Setting next_dagrun for example_dynamic_task_mapping to None, run_after=None
[2026-02-26T06:23:31.903+0000] {processor.py:208} INFO - Processing /home/ubuntu/airflow-venv/lib/python3.12/site-packages/airflow/example_dags/example_dynamic_task_mapping.py took 0.048 seconds
[2026-02-26T06:24:25.287+0000] {processor.py:186} INFO - Started process (PID=3376) to work on /home/ubuntu/airflow-venv/lib/python3.12/site-packages/airflow/example_dags/example_dynamic_task_mapping.py
[2026-02-26T06:24:25.288+0000] {processor.py:914} INFO - Processing file /home/ubuntu/airflow-venv/lib/python3.12/site-packages/airflow/example_dags/example_dynamic_task_mapping.py for tasks to queue
[2026-02-26T06:24:25.290+0000] {logging_mixin.py:190} INFO - [2026-02-26T06:24:25.289+0000] {dagbag.py:588} INFO - Filling up the DagBag from /home/ubuntu/airflow-venv/lib/python3.12/site-packages/airflow/example_dags/example_dynamic_task_mapping.py
[2026-02-26T06:24:25.295+0000] {processor.py:925} INFO - DAG(s) 'example_dynamic_task_mapping' retrieved from /home/ubuntu/airflow-venv/lib/python3.12/site-packages/airflow/example_dags/example_dynamic_task_mapping.py
[2026-02-26T06:24:25.305+0000] {logging_mixin.py:190} INFO - [2026-02-26T06:24:25.305+0000] {dag.py:3239} INFO - Sync 1 DAGs
[2026-02-26T06:24:25.313+0000] {logging_mixin.py:190} INFO - [2026-02-26T06:24:25.313+0000] {dag.py:4180} INFO - Setting next_dagrun for example_dynamic_task_mapping to None, run_after=None
[2026-02-26T06:24:25.330+0000] {processor.py:208} INFO - Processing /home/ubuntu/airflow-venv/lib/python3.12/site-packages/airflow/example_dags/example_dynamic_task_mapping.py took 0.047 seconds
