[2026-02-26T05:22:39.384+0000] {processor.py:186} INFO - Started process (PID=1755) to work on /home/ubuntu/airflow-venv/lib/python3.12/site-packages/airflow/example_dags/tutorial.py
[2026-02-26T05:22:39.384+0000] {processor.py:914} INFO - Processing file /home/ubuntu/airflow-venv/lib/python3.12/site-packages/airflow/example_dags/tutorial.py for tasks to queue
[2026-02-26T05:22:39.386+0000] {logging_mixin.py:190} INFO - [2026-02-26T05:22:39.385+0000] {dagbag.py:588} INFO - Filling up the DagBag from /home/ubuntu/airflow-venv/lib/python3.12/site-packages/airflow/example_dags/tutorial.py
[2026-02-26T05:22:39.390+0000] {processor.py:925} INFO - DAG(s) 'tutorial' retrieved from /home/ubuntu/airflow-venv/lib/python3.12/site-packages/airflow/example_dags/tutorial.py
[2026-02-26T05:22:39.401+0000] {logging_mixin.py:190} INFO - [2026-02-26T05:22:39.401+0000] {dag.py:3239} INFO - Sync 1 DAGs
[2026-02-26T05:22:39.415+0000] {logging_mixin.py:190} INFO - [2026-02-26T05:22:39.415+0000] {dag.py:4180} INFO - Setting next_dagrun for tutorial to 2026-02-25 00:00:00+00:00, run_after=2026-02-26 00:00:00+00:00
[2026-02-26T05:22:39.430+0000] {processor.py:208} INFO - Processing /home/ubuntu/airflow-venv/lib/python3.12/site-packages/airflow/example_dags/tutorial.py took 0.050 seconds
[2026-02-26T05:23:34.308+0000] {processor.py:186} INFO - Started process (PID=2181) to work on /home/ubuntu/airflow-venv/lib/python3.12/site-packages/airflow/example_dags/tutorial.py
[2026-02-26T05:23:34.309+0000] {processor.py:914} INFO - Processing file /home/ubuntu/airflow-venv/lib/python3.12/site-packages/airflow/example_dags/tutorial.py for tasks to queue
[2026-02-26T05:23:34.310+0000] {logging_mixin.py:190} INFO - [2026-02-26T05:23:34.310+0000] {dagbag.py:588} INFO - Filling up the DagBag from /home/ubuntu/airflow-venv/lib/python3.12/site-packages/airflow/example_dags/tutorial.py
[2026-02-26T05:23:34.315+0000] {processor.py:925} INFO - DAG(s) 'tutorial' retrieved from /home/ubuntu/airflow-venv/lib/python3.12/site-packages/airflow/example_dags/tutorial.py
[2026-02-26T05:23:34.324+0000] {logging_mixin.py:190} INFO - [2026-02-26T05:23:34.324+0000] {dag.py:3239} INFO - Sync 1 DAGs
[2026-02-26T05:23:34.336+0000] {logging_mixin.py:190} INFO - [2026-02-26T05:23:34.336+0000] {dag.py:4180} INFO - Setting next_dagrun for tutorial to 2026-02-25 00:00:00+00:00, run_after=2026-02-26 00:00:00+00:00
[2026-02-26T05:23:34.353+0000] {processor.py:208} INFO - Processing /home/ubuntu/airflow-venv/lib/python3.12/site-packages/airflow/example_dags/tutorial.py took 0.048 seconds
[2026-02-26T05:24:25.684+0000] {processor.py:186} INFO - Started process (PID=2235) to work on /home/ubuntu/airflow-venv/lib/python3.12/site-packages/airflow/example_dags/tutorial.py
[2026-02-26T05:24:25.686+0000] {processor.py:914} INFO - Processing file /home/ubuntu/airflow-venv/lib/python3.12/site-packages/airflow/example_dags/tutorial.py for tasks to queue
[2026-02-26T05:24:25.687+0000] {logging_mixin.py:190} INFO - [2026-02-26T05:24:25.687+0000] {dagbag.py:588} INFO - Filling up the DagBag from /home/ubuntu/airflow-venv/lib/python3.12/site-packages/airflow/example_dags/tutorial.py
[2026-02-26T05:24:25.692+0000] {processor.py:925} INFO - DAG(s) 'tutorial' retrieved from /home/ubuntu/airflow-venv/lib/python3.12/site-packages/airflow/example_dags/tutorial.py
[2026-02-26T05:24:25.701+0000] {logging_mixin.py:190} INFO - [2026-02-26T05:24:25.701+0000] {dag.py:3239} INFO - Sync 1 DAGs
[2026-02-26T05:24:25.712+0000] {logging_mixin.py:190} INFO - [2026-02-26T05:24:25.712+0000] {dag.py:4180} INFO - Setting next_dagrun for tutorial to 2026-02-25 00:00:00+00:00, run_after=2026-02-26 00:00:00+00:00
[2026-02-26T05:24:25.729+0000] {processor.py:208} INFO - Processing /home/ubuntu/airflow-venv/lib/python3.12/site-packages/airflow/example_dags/tutorial.py took 0.048 seconds
[2026-02-26T05:25:13.596+0000] {processor.py:186} INFO - Started process (PID=2292) to work on /home/ubuntu/airflow-venv/lib/python3.12/site-packages/airflow/example_dags/tutorial.py
[2026-02-26T05:25:13.597+0000] {processor.py:914} INFO - Processing file /home/ubuntu/airflow-venv/lib/python3.12/site-packages/airflow/example_dags/tutorial.py for tasks to queue
[2026-02-26T05:25:13.598+0000] {logging_mixin.py:190} INFO - [2026-02-26T05:25:13.598+0000] {dagbag.py:588} INFO - Filling up the DagBag from /home/ubuntu/airflow-venv/lib/python3.12/site-packages/airflow/example_dags/tutorial.py
[2026-02-26T05:25:13.603+0000] {processor.py:925} INFO - DAG(s) 'tutorial' retrieved from /home/ubuntu/airflow-venv/lib/python3.12/site-packages/airflow/example_dags/tutorial.py
[2026-02-26T05:25:13.612+0000] {logging_mixin.py:190} INFO - [2026-02-26T05:25:13.612+0000] {dag.py:3239} INFO - Sync 1 DAGs
[2026-02-26T05:25:13.624+0000] {logging_mixin.py:190} INFO - [2026-02-26T05:25:13.624+0000] {dag.py:4180} INFO - Setting next_dagrun for tutorial to 2026-02-25 00:00:00+00:00, run_after=2026-02-26 00:00:00+00:00
[2026-02-26T05:25:13.640+0000] {processor.py:208} INFO - Processing /home/ubuntu/airflow-venv/lib/python3.12/site-packages/airflow/example_dags/tutorial.py took 0.048 seconds
[2026-02-26T05:26:01.698+0000] {processor.py:186} INFO - Started process (PID=2353) to work on /home/ubuntu/airflow-venv/lib/python3.12/site-packages/airflow/example_dags/tutorial.py
[2026-02-26T05:26:01.699+0000] {processor.py:914} INFO - Processing file /home/ubuntu/airflow-venv/lib/python3.12/site-packages/airflow/example_dags/tutorial.py for tasks to queue
[2026-02-26T05:26:01.701+0000] {logging_mixin.py:190} INFO - [2026-02-26T05:26:01.700+0000] {dagbag.py:588} INFO - Filling up the DagBag from /home/ubuntu/airflow-venv/lib/python3.12/site-packages/airflow/example_dags/tutorial.py
[2026-02-26T05:26:01.706+0000] {processor.py:925} INFO - DAG(s) 'tutorial' retrieved from /home/ubuntu/airflow-venv/lib/python3.12/site-packages/airflow/example_dags/tutorial.py
[2026-02-26T05:26:01.715+0000] {logging_mixin.py:190} INFO - [2026-02-26T05:26:01.715+0000] {dag.py:3239} INFO - Sync 1 DAGs
[2026-02-26T05:26:01.726+0000] {logging_mixin.py:190} INFO - [2026-02-26T05:26:01.726+0000] {dag.py:4180} INFO - Setting next_dagrun for tutorial to 2026-02-25 00:00:00+00:00, run_after=2026-02-26 00:00:00+00:00
[2026-02-26T05:26:01.741+0000] {processor.py:208} INFO - Processing /home/ubuntu/airflow-venv/lib/python3.12/site-packages/airflow/example_dags/tutorial.py took 0.046 seconds
[2026-02-26T05:26:50.873+0000] {processor.py:186} INFO - Started process (PID=2410) to work on /home/ubuntu/airflow-venv/lib/python3.12/site-packages/airflow/example_dags/tutorial.py
[2026-02-26T05:26:50.874+0000] {processor.py:914} INFO - Processing file /home/ubuntu/airflow-venv/lib/python3.12/site-packages/airflow/example_dags/tutorial.py for tasks to queue
[2026-02-26T05:26:50.876+0000] {logging_mixin.py:190} INFO - [2026-02-26T05:26:50.875+0000] {dagbag.py:588} INFO - Filling up the DagBag from /home/ubuntu/airflow-venv/lib/python3.12/site-packages/airflow/example_dags/tutorial.py
[2026-02-26T05:26:50.881+0000] {processor.py:925} INFO - DAG(s) 'tutorial' retrieved from /home/ubuntu/airflow-venv/lib/python3.12/site-packages/airflow/example_dags/tutorial.py
[2026-02-26T05:26:50.890+0000] {logging_mixin.py:190} INFO - [2026-02-26T05:26:50.890+0000] {dag.py:3239} INFO - Sync 1 DAGs
[2026-02-26T05:26:50.901+0000] {logging_mixin.py:190} INFO - [2026-02-26T05:26:50.901+0000] {dag.py:4180} INFO - Setting next_dagrun for tutorial to 2026-02-25 00:00:00+00:00, run_after=2026-02-26 00:00:00+00:00
[2026-02-26T05:26:50.916+0000] {processor.py:208} INFO - Processing /home/ubuntu/airflow-venv/lib/python3.12/site-packages/airflow/example_dags/tutorial.py took 0.046 seconds
[2026-02-26T05:27:39.606+0000] {processor.py:186} INFO - Started process (PID=2825) to work on /home/ubuntu/airflow-venv/lib/python3.12/site-packages/airflow/example_dags/tutorial.py
[2026-02-26T05:27:39.607+0000] {processor.py:914} INFO - Processing file /home/ubuntu/airflow-venv/lib/python3.12/site-packages/airflow/example_dags/tutorial.py for tasks to queue
[2026-02-26T05:27:39.609+0000] {logging_mixin.py:190} INFO - [2026-02-26T05:27:39.608+0000] {dagbag.py:588} INFO - Filling up the DagBag from /home/ubuntu/airflow-venv/lib/python3.12/site-packages/airflow/example_dags/tutorial.py
[2026-02-26T05:27:39.614+0000] {processor.py:925} INFO - DAG(s) 'tutorial' retrieved from /home/ubuntu/airflow-venv/lib/python3.12/site-packages/airflow/example_dags/tutorial.py
[2026-02-26T05:27:39.623+0000] {logging_mixin.py:190} INFO - [2026-02-26T05:27:39.623+0000] {dag.py:3239} INFO - Sync 1 DAGs
[2026-02-26T05:27:39.634+0000] {logging_mixin.py:190} INFO - [2026-02-26T05:27:39.634+0000] {dag.py:4180} INFO - Setting next_dagrun for tutorial to 2026-02-25 00:00:00+00:00, run_after=2026-02-26 00:00:00+00:00
[2026-02-26T05:27:39.721+0000] {processor.py:208} INFO - Processing /home/ubuntu/airflow-venv/lib/python3.12/site-packages/airflow/example_dags/tutorial.py took 0.119 seconds
[2026-02-26T05:28:29.646+0000] {processor.py:186} INFO - Started process (PID=2877) to work on /home/ubuntu/airflow-venv/lib/python3.12/site-packages/airflow/example_dags/tutorial.py
[2026-02-26T05:28:29.647+0000] {processor.py:914} INFO - Processing file /home/ubuntu/airflow-venv/lib/python3.12/site-packages/airflow/example_dags/tutorial.py for tasks to queue
[2026-02-26T05:28:29.648+0000] {logging_mixin.py:190} INFO - [2026-02-26T05:28:29.648+0000] {dagbag.py:588} INFO - Filling up the DagBag from /home/ubuntu/airflow-venv/lib/python3.12/site-packages/airflow/example_dags/tutorial.py
[2026-02-26T05:28:29.653+0000] {processor.py:925} INFO - DAG(s) 'tutorial' retrieved from /home/ubuntu/airflow-venv/lib/python3.12/site-packages/airflow/example_dags/tutorial.py
[2026-02-26T05:28:29.729+0000] {logging_mixin.py:190} INFO - [2026-02-26T05:28:29.729+0000] {dag.py:3239} INFO - Sync 1 DAGs
[2026-02-26T05:28:29.738+0000] {logging_mixin.py:190} INFO - [2026-02-26T05:28:29.738+0000] {dag.py:4180} INFO - Setting next_dagrun for tutorial to 2026-02-25 00:00:00+00:00, run_after=2026-02-26 00:00:00+00:00
[2026-02-26T05:28:29.753+0000] {processor.py:208} INFO - Processing /home/ubuntu/airflow-venv/lib/python3.12/site-packages/airflow/example_dags/tutorial.py took 0.110 seconds
[2026-02-26T05:29:22.884+0000] {processor.py:186} INFO - Started process (PID=2931) to work on /home/ubuntu/airflow-venv/lib/python3.12/site-packages/airflow/example_dags/tutorial.py
[2026-02-26T05:29:22.885+0000] {processor.py:914} INFO - Processing file /home/ubuntu/airflow-venv/lib/python3.12/site-packages/airflow/example_dags/tutorial.py for tasks to queue
[2026-02-26T05:29:22.886+0000] {logging_mixin.py:190} INFO - [2026-02-26T05:29:22.886+0000] {dagbag.py:588} INFO - Filling up the DagBag from /home/ubuntu/airflow-venv/lib/python3.12/site-packages/airflow/example_dags/tutorial.py
[2026-02-26T05:29:22.891+0000] {processor.py:925} INFO - DAG(s) 'tutorial' retrieved from /home/ubuntu/airflow-venv/lib/python3.12/site-packages/airflow/example_dags/tutorial.py
[2026-02-26T05:29:22.900+0000] {logging_mixin.py:190} INFO - [2026-02-26T05:29:22.900+0000] {dag.py:3239} INFO - Sync 1 DAGs
[2026-02-26T05:29:22.912+0000] {logging_mixin.py:190} INFO - [2026-02-26T05:29:22.912+0000] {dag.py:4180} INFO - Setting next_dagrun for tutorial to 2026-02-25 00:00:00+00:00, run_after=2026-02-26 00:00:00+00:00
[2026-02-26T05:29:22.928+0000] {processor.py:208} INFO - Processing /home/ubuntu/airflow-venv/lib/python3.12/site-packages/airflow/example_dags/tutorial.py took 0.048 seconds
[2026-02-26T05:30:17.048+0000] {processor.py:186} INFO - Started process (PID=2992) to work on /home/ubuntu/airflow-venv/lib/python3.12/site-packages/airflow/example_dags/tutorial.py
[2026-02-26T05:30:17.049+0000] {processor.py:914} INFO - Processing file /home/ubuntu/airflow-venv/lib/python3.12/site-packages/airflow/example_dags/tutorial.py for tasks to queue
[2026-02-26T05:30:17.051+0000] {logging_mixin.py:190} INFO - [2026-02-26T05:30:17.050+0000] {dagbag.py:588} INFO - Filling up the DagBag from /home/ubuntu/airflow-venv/lib/python3.12/site-packages/airflow/example_dags/tutorial.py
[2026-02-26T05:30:17.056+0000] {processor.py:925} INFO - DAG(s) 'tutorial' retrieved from /home/ubuntu/airflow-venv/lib/python3.12/site-packages/airflow/example_dags/tutorial.py
[2026-02-26T05:30:17.066+0000] {logging_mixin.py:190} INFO - [2026-02-26T05:30:17.065+0000] {dag.py:3239} INFO - Sync 1 DAGs
[2026-02-26T05:30:17.077+0000] {logging_mixin.py:190} INFO - [2026-02-26T05:30:17.077+0000] {dag.py:4180} INFO - Setting next_dagrun for tutorial to 2026-02-25 00:00:00+00:00, run_after=2026-02-26 00:00:00+00:00
[2026-02-26T05:30:17.095+0000] {processor.py:208} INFO - Processing /home/ubuntu/airflow-venv/lib/python3.12/site-packages/airflow/example_dags/tutorial.py took 0.050 seconds
[2026-02-26T05:31:08.095+0000] {processor.py:186} INFO - Started process (PID=3043) to work on /home/ubuntu/airflow-venv/lib/python3.12/site-packages/airflow/example_dags/tutorial.py
[2026-02-26T05:31:08.096+0000] {processor.py:914} INFO - Processing file /home/ubuntu/airflow-venv/lib/python3.12/site-packages/airflow/example_dags/tutorial.py for tasks to queue
[2026-02-26T05:31:08.098+0000] {logging_mixin.py:190} INFO - [2026-02-26T05:31:08.097+0000] {dagbag.py:588} INFO - Filling up the DagBag from /home/ubuntu/airflow-venv/lib/python3.12/site-packages/airflow/example_dags/tutorial.py
[2026-02-26T05:31:08.103+0000] {processor.py:925} INFO - DAG(s) 'tutorial' retrieved from /home/ubuntu/airflow-venv/lib/python3.12/site-packages/airflow/example_dags/tutorial.py
[2026-02-26T05:31:08.112+0000] {logging_mixin.py:190} INFO - [2026-02-26T05:31:08.112+0000] {dag.py:3239} INFO - Sync 1 DAGs
[2026-02-26T05:31:08.124+0000] {logging_mixin.py:190} INFO - [2026-02-26T05:31:08.124+0000] {dag.py:4180} INFO - Setting next_dagrun for tutorial to 2026-02-25 00:00:00+00:00, run_after=2026-02-26 00:00:00+00:00
[2026-02-26T05:31:08.140+0000] {processor.py:208} INFO - Processing /home/ubuntu/airflow-venv/lib/python3.12/site-packages/airflow/example_dags/tutorial.py took 0.048 seconds
[2026-02-26T05:31:58.691+0000] {processor.py:186} INFO - Started process (PID=3096) to work on /home/ubuntu/airflow-venv/lib/python3.12/site-packages/airflow/example_dags/tutorial.py
[2026-02-26T05:31:58.692+0000] {processor.py:914} INFO - Processing file /home/ubuntu/airflow-venv/lib/python3.12/site-packages/airflow/example_dags/tutorial.py for tasks to queue
[2026-02-26T05:31:58.694+0000] {logging_mixin.py:190} INFO - [2026-02-26T05:31:58.693+0000] {dagbag.py:588} INFO - Filling up the DagBag from /home/ubuntu/airflow-venv/lib/python3.12/site-packages/airflow/example_dags/tutorial.py
[2026-02-26T05:31:58.699+0000] {processor.py:925} INFO - DAG(s) 'tutorial' retrieved from /home/ubuntu/airflow-venv/lib/python3.12/site-packages/airflow/example_dags/tutorial.py
[2026-02-26T05:31:58.708+0000] {logging_mixin.py:190} INFO - [2026-02-26T05:31:58.708+0000] {dag.py:3239} INFO - Sync 1 DAGs
[2026-02-26T05:31:58.720+0000] {logging_mixin.py:190} INFO - [2026-02-26T05:31:58.720+0000] {dag.py:4180} INFO - Setting next_dagrun for tutorial to 2026-02-25 00:00:00+00:00, run_after=2026-02-26 00:00:00+00:00
[2026-02-26T05:31:58.736+0000] {processor.py:208} INFO - Processing /home/ubuntu/airflow-venv/lib/python3.12/site-packages/airflow/example_dags/tutorial.py took 0.048 seconds
[2026-02-26T05:32:49.318+0000] {processor.py:186} INFO - Started process (PID=3150) to work on /home/ubuntu/airflow-venv/lib/python3.12/site-packages/airflow/example_dags/tutorial.py
[2026-02-26T05:32:49.319+0000] {processor.py:914} INFO - Processing file /home/ubuntu/airflow-venv/lib/python3.12/site-packages/airflow/example_dags/tutorial.py for tasks to queue
[2026-02-26T05:32:49.320+0000] {logging_mixin.py:190} INFO - [2026-02-26T05:32:49.320+0000] {dagbag.py:588} INFO - Filling up the DagBag from /home/ubuntu/airflow-venv/lib/python3.12/site-packages/airflow/example_dags/tutorial.py
[2026-02-26T05:32:49.325+0000] {processor.py:925} INFO - DAG(s) 'tutorial' retrieved from /home/ubuntu/airflow-venv/lib/python3.12/site-packages/airflow/example_dags/tutorial.py
[2026-02-26T05:32:49.335+0000] {logging_mixin.py:190} INFO - [2026-02-26T05:32:49.334+0000] {dag.py:3239} INFO - Sync 1 DAGs
[2026-02-26T05:32:49.346+0000] {logging_mixin.py:190} INFO - [2026-02-26T05:32:49.346+0000] {dag.py:4180} INFO - Setting next_dagrun for tutorial to 2026-02-25 00:00:00+00:00, run_after=2026-02-26 00:00:00+00:00
[2026-02-26T05:32:49.362+0000] {processor.py:208} INFO - Processing /home/ubuntu/airflow-venv/lib/python3.12/site-packages/airflow/example_dags/tutorial.py took 0.048 seconds
[2026-02-26T05:33:37.708+0000] {processor.py:186} INFO - Started process (PID=3200) to work on /home/ubuntu/airflow-venv/lib/python3.12/site-packages/airflow/example_dags/tutorial.py
[2026-02-26T05:33:37.709+0000] {processor.py:914} INFO - Processing file /home/ubuntu/airflow-venv/lib/python3.12/site-packages/airflow/example_dags/tutorial.py for tasks to queue
[2026-02-26T05:33:37.711+0000] {logging_mixin.py:190} INFO - [2026-02-26T05:33:37.710+0000] {dagbag.py:588} INFO - Filling up the DagBag from /home/ubuntu/airflow-venv/lib/python3.12/site-packages/airflow/example_dags/tutorial.py
[2026-02-26T05:33:37.716+0000] {processor.py:925} INFO - DAG(s) 'tutorial' retrieved from /home/ubuntu/airflow-venv/lib/python3.12/site-packages/airflow/example_dags/tutorial.py
[2026-02-26T05:33:37.725+0000] {logging_mixin.py:190} INFO - [2026-02-26T05:33:37.724+0000] {dag.py:3239} INFO - Sync 1 DAGs
[2026-02-26T05:33:37.736+0000] {logging_mixin.py:190} INFO - [2026-02-26T05:33:37.736+0000] {dag.py:4180} INFO - Setting next_dagrun for tutorial to 2026-02-25 00:00:00+00:00, run_after=2026-02-26 00:00:00+00:00
[2026-02-26T05:33:37.752+0000] {processor.py:208} INFO - Processing /home/ubuntu/airflow-venv/lib/python3.12/site-packages/airflow/example_dags/tutorial.py took 0.047 seconds
[2026-02-26T05:34:28.011+0000] {processor.py:186} INFO - Started process (PID=3254) to work on /home/ubuntu/airflow-venv/lib/python3.12/site-packages/airflow/example_dags/tutorial.py
[2026-02-26T05:34:28.012+0000] {processor.py:914} INFO - Processing file /home/ubuntu/airflow-venv/lib/python3.12/site-packages/airflow/example_dags/tutorial.py for tasks to queue
[2026-02-26T05:34:28.013+0000] {logging_mixin.py:190} INFO - [2026-02-26T05:34:28.013+0000] {dagbag.py:588} INFO - Filling up the DagBag from /home/ubuntu/airflow-venv/lib/python3.12/site-packages/airflow/example_dags/tutorial.py
[2026-02-26T05:34:28.018+0000] {processor.py:925} INFO - DAG(s) 'tutorial' retrieved from /home/ubuntu/airflow-venv/lib/python3.12/site-packages/airflow/example_dags/tutorial.py
[2026-02-26T05:34:28.028+0000] {logging_mixin.py:190} INFO - [2026-02-26T05:34:28.027+0000] {dag.py:3239} INFO - Sync 1 DAGs
[2026-02-26T05:34:28.039+0000] {logging_mixin.py:190} INFO - [2026-02-26T05:34:28.039+0000] {dag.py:4180} INFO - Setting next_dagrun for tutorial to 2026-02-25 00:00:00+00:00, run_after=2026-02-26 00:00:00+00:00
[2026-02-26T05:34:28.055+0000] {processor.py:208} INFO - Processing /home/ubuntu/airflow-venv/lib/python3.12/site-packages/airflow/example_dags/tutorial.py took 0.048 seconds
[2026-02-26T05:35:17.132+0000] {processor.py:186} INFO - Started process (PID=3315) to work on /home/ubuntu/airflow-venv/lib/python3.12/site-packages/airflow/example_dags/tutorial.py
[2026-02-26T05:35:17.133+0000] {processor.py:914} INFO - Processing file /home/ubuntu/airflow-venv/lib/python3.12/site-packages/airflow/example_dags/tutorial.py for tasks to queue
[2026-02-26T05:35:17.134+0000] {logging_mixin.py:190} INFO - [2026-02-26T05:35:17.134+0000] {dagbag.py:588} INFO - Filling up the DagBag from /home/ubuntu/airflow-venv/lib/python3.12/site-packages/airflow/example_dags/tutorial.py
[2026-02-26T05:35:17.139+0000] {processor.py:925} INFO - DAG(s) 'tutorial' retrieved from /home/ubuntu/airflow-venv/lib/python3.12/site-packages/airflow/example_dags/tutorial.py
[2026-02-26T05:35:17.149+0000] {logging_mixin.py:190} INFO - [2026-02-26T05:35:17.149+0000] {dag.py:3239} INFO - Sync 1 DAGs
[2026-02-26T05:35:17.161+0000] {logging_mixin.py:190} INFO - [2026-02-26T05:35:17.160+0000] {dag.py:4180} INFO - Setting next_dagrun for tutorial to 2026-02-25 00:00:00+00:00, run_after=2026-02-26 00:00:00+00:00
[2026-02-26T05:35:17.176+0000] {processor.py:208} INFO - Processing /home/ubuntu/airflow-venv/lib/python3.12/site-packages/airflow/example_dags/tutorial.py took 0.048 seconds
[2026-02-26T05:36:11.310+0000] {processor.py:186} INFO - Started process (PID=3373) to work on /home/ubuntu/airflow-venv/lib/python3.12/site-packages/airflow/example_dags/tutorial.py
[2026-02-26T05:36:11.311+0000] {processor.py:914} INFO - Processing file /home/ubuntu/airflow-venv/lib/python3.12/site-packages/airflow/example_dags/tutorial.py for tasks to queue
[2026-02-26T05:36:11.313+0000] {logging_mixin.py:190} INFO - [2026-02-26T05:36:11.312+0000] {dagbag.py:588} INFO - Filling up the DagBag from /home/ubuntu/airflow-venv/lib/python3.12/site-packages/airflow/example_dags/tutorial.py
[2026-02-26T05:36:11.318+0000] {processor.py:925} INFO - DAG(s) 'tutorial' retrieved from /home/ubuntu/airflow-venv/lib/python3.12/site-packages/airflow/example_dags/tutorial.py
[2026-02-26T05:36:11.327+0000] {logging_mixin.py:190} INFO - [2026-02-26T05:36:11.327+0000] {dag.py:3239} INFO - Sync 1 DAGs
[2026-02-26T05:36:11.340+0000] {logging_mixin.py:190} INFO - [2026-02-26T05:36:11.340+0000] {dag.py:4180} INFO - Setting next_dagrun for tutorial to 2026-02-25 00:00:00+00:00, run_after=2026-02-26 00:00:00+00:00
[2026-02-26T05:36:11.357+0000] {processor.py:208} INFO - Processing /home/ubuntu/airflow-venv/lib/python3.12/site-packages/airflow/example_dags/tutorial.py took 0.050 seconds
[2026-02-26T05:37:02.330+0000] {processor.py:186} INFO - Started process (PID=3427) to work on /home/ubuntu/airflow-venv/lib/python3.12/site-packages/airflow/example_dags/tutorial.py
[2026-02-26T05:37:02.331+0000] {processor.py:914} INFO - Processing file /home/ubuntu/airflow-venv/lib/python3.12/site-packages/airflow/example_dags/tutorial.py for tasks to queue
[2026-02-26T05:37:02.333+0000] {logging_mixin.py:190} INFO - [2026-02-26T05:37:02.332+0000] {dagbag.py:588} INFO - Filling up the DagBag from /home/ubuntu/airflow-venv/lib/python3.12/site-packages/airflow/example_dags/tutorial.py
[2026-02-26T05:37:02.338+0000] {processor.py:925} INFO - DAG(s) 'tutorial' retrieved from /home/ubuntu/airflow-venv/lib/python3.12/site-packages/airflow/example_dags/tutorial.py
[2026-02-26T05:37:02.348+0000] {logging_mixin.py:190} INFO - [2026-02-26T05:37:02.347+0000] {dag.py:3239} INFO - Sync 1 DAGs
[2026-02-26T05:37:02.360+0000] {logging_mixin.py:190} INFO - [2026-02-26T05:37:02.359+0000] {dag.py:4180} INFO - Setting next_dagrun for tutorial to 2026-02-25 00:00:00+00:00, run_after=2026-02-26 00:00:00+00:00
[2026-02-26T05:37:02.376+0000] {processor.py:208} INFO - Processing /home/ubuntu/airflow-venv/lib/python3.12/site-packages/airflow/example_dags/tutorial.py took 0.049 seconds
[2026-02-26T05:37:49.977+0000] {processor.py:186} INFO - Started process (PID=3477) to work on /home/ubuntu/airflow-venv/lib/python3.12/site-packages/airflow/example_dags/tutorial.py
[2026-02-26T05:37:49.978+0000] {processor.py:914} INFO - Processing file /home/ubuntu/airflow-venv/lib/python3.12/site-packages/airflow/example_dags/tutorial.py for tasks to queue
[2026-02-26T05:37:49.980+0000] {logging_mixin.py:190} INFO - [2026-02-26T05:37:49.979+0000] {dagbag.py:588} INFO - Filling up the DagBag from /home/ubuntu/airflow-venv/lib/python3.12/site-packages/airflow/example_dags/tutorial.py
[2026-02-26T05:37:49.985+0000] {processor.py:925} INFO - DAG(s) 'tutorial' retrieved from /home/ubuntu/airflow-venv/lib/python3.12/site-packages/airflow/example_dags/tutorial.py
[2026-02-26T05:37:49.995+0000] {logging_mixin.py:190} INFO - [2026-02-26T05:37:49.995+0000] {dag.py:3239} INFO - Sync 1 DAGs
[2026-02-26T05:37:50.007+0000] {logging_mixin.py:190} INFO - [2026-02-26T05:37:50.007+0000] {dag.py:4180} INFO - Setting next_dagrun for tutorial to 2026-02-25 00:00:00+00:00, run_after=2026-02-26 00:00:00+00:00
[2026-02-26T05:37:50.023+0000] {processor.py:208} INFO - Processing /home/ubuntu/airflow-venv/lib/python3.12/site-packages/airflow/example_dags/tutorial.py took 0.050 seconds
[2026-02-26T05:38:41.311+0000] {processor.py:186} INFO - Started process (PID=3531) to work on /home/ubuntu/airflow-venv/lib/python3.12/site-packages/airflow/example_dags/tutorial.py
[2026-02-26T05:38:41.312+0000] {processor.py:914} INFO - Processing file /home/ubuntu/airflow-venv/lib/python3.12/site-packages/airflow/example_dags/tutorial.py for tasks to queue
[2026-02-26T05:38:41.314+0000] {logging_mixin.py:190} INFO - [2026-02-26T05:38:41.314+0000] {dagbag.py:588} INFO - Filling up the DagBag from /home/ubuntu/airflow-venv/lib/python3.12/site-packages/airflow/example_dags/tutorial.py
[2026-02-26T05:38:41.319+0000] {processor.py:925} INFO - DAG(s) 'tutorial' retrieved from /home/ubuntu/airflow-venv/lib/python3.12/site-packages/airflow/example_dags/tutorial.py
[2026-02-26T05:38:41.328+0000] {logging_mixin.py:190} INFO - [2026-02-26T05:38:41.328+0000] {dag.py:3239} INFO - Sync 1 DAGs
[2026-02-26T05:38:41.340+0000] {logging_mixin.py:190} INFO - [2026-02-26T05:38:41.340+0000] {dag.py:4180} INFO - Setting next_dagrun for tutorial to 2026-02-25 00:00:00+00:00, run_after=2026-02-26 00:00:00+00:00
[2026-02-26T05:38:41.356+0000] {processor.py:208} INFO - Processing /home/ubuntu/airflow-venv/lib/python3.12/site-packages/airflow/example_dags/tutorial.py took 0.049 seconds
[2026-02-26T05:39:31.547+0000] {processor.py:186} INFO - Started process (PID=3583) to work on /home/ubuntu/airflow-venv/lib/python3.12/site-packages/airflow/example_dags/tutorial.py
[2026-02-26T05:39:31.548+0000] {processor.py:914} INFO - Processing file /home/ubuntu/airflow-venv/lib/python3.12/site-packages/airflow/example_dags/tutorial.py for tasks to queue
[2026-02-26T05:39:31.550+0000] {logging_mixin.py:190} INFO - [2026-02-26T05:39:31.549+0000] {dagbag.py:588} INFO - Filling up the DagBag from /home/ubuntu/airflow-venv/lib/python3.12/site-packages/airflow/example_dags/tutorial.py
[2026-02-26T05:39:31.554+0000] {processor.py:925} INFO - DAG(s) 'tutorial' retrieved from /home/ubuntu/airflow-venv/lib/python3.12/site-packages/airflow/example_dags/tutorial.py
[2026-02-26T05:39:31.563+0000] {logging_mixin.py:190} INFO - [2026-02-26T05:39:31.563+0000] {dag.py:3239} INFO - Sync 1 DAGs
[2026-02-26T05:39:31.574+0000] {logging_mixin.py:190} INFO - [2026-02-26T05:39:31.574+0000] {dag.py:4180} INFO - Setting next_dagrun for tutorial to 2026-02-25 00:00:00+00:00, run_after=2026-02-26 00:00:00+00:00
[2026-02-26T05:39:31.590+0000] {processor.py:208} INFO - Processing /home/ubuntu/airflow-venv/lib/python3.12/site-packages/airflow/example_dags/tutorial.py took 0.046 seconds
[2026-02-26T05:40:20.050+0000] {processor.py:186} INFO - Started process (PID=3639) to work on /home/ubuntu/airflow-venv/lib/python3.12/site-packages/airflow/example_dags/tutorial.py
[2026-02-26T05:40:20.052+0000] {processor.py:914} INFO - Processing file /home/ubuntu/airflow-venv/lib/python3.12/site-packages/airflow/example_dags/tutorial.py for tasks to queue
[2026-02-26T05:40:20.053+0000] {logging_mixin.py:190} INFO - [2026-02-26T05:40:20.053+0000] {dagbag.py:588} INFO - Filling up the DagBag from /home/ubuntu/airflow-venv/lib/python3.12/site-packages/airflow/example_dags/tutorial.py
[2026-02-26T05:40:20.058+0000] {processor.py:925} INFO - DAG(s) 'tutorial' retrieved from /home/ubuntu/airflow-venv/lib/python3.12/site-packages/airflow/example_dags/tutorial.py
[2026-02-26T05:40:20.067+0000] {logging_mixin.py:190} INFO - [2026-02-26T05:40:20.067+0000] {dag.py:3239} INFO - Sync 1 DAGs
[2026-02-26T05:40:20.079+0000] {logging_mixin.py:190} INFO - [2026-02-26T05:40:20.079+0000] {dag.py:4180} INFO - Setting next_dagrun for tutorial to 2026-02-25 00:00:00+00:00, run_after=2026-02-26 00:00:00+00:00
[2026-02-26T05:40:20.095+0000] {processor.py:208} INFO - Processing /home/ubuntu/airflow-venv/lib/python3.12/site-packages/airflow/example_dags/tutorial.py took 0.048 seconds
[2026-02-26T05:41:08.317+0000] {processor.py:186} INFO - Started process (PID=3691) to work on /home/ubuntu/airflow-venv/lib/python3.12/site-packages/airflow/example_dags/tutorial.py
[2026-02-26T05:41:08.318+0000] {processor.py:914} INFO - Processing file /home/ubuntu/airflow-venv/lib/python3.12/site-packages/airflow/example_dags/tutorial.py for tasks to queue
[2026-02-26T05:41:08.319+0000] {logging_mixin.py:190} INFO - [2026-02-26T05:41:08.319+0000] {dagbag.py:588} INFO - Filling up the DagBag from /home/ubuntu/airflow-venv/lib/python3.12/site-packages/airflow/example_dags/tutorial.py
[2026-02-26T05:41:08.324+0000] {processor.py:925} INFO - DAG(s) 'tutorial' retrieved from /home/ubuntu/airflow-venv/lib/python3.12/site-packages/airflow/example_dags/tutorial.py
[2026-02-26T05:41:08.334+0000] {logging_mixin.py:190} INFO - [2026-02-26T05:41:08.333+0000] {dag.py:3239} INFO - Sync 1 DAGs
[2026-02-26T05:41:08.345+0000] {logging_mixin.py:190} INFO - [2026-02-26T05:41:08.345+0000] {dag.py:4180} INFO - Setting next_dagrun for tutorial to 2026-02-25 00:00:00+00:00, run_after=2026-02-26 00:00:00+00:00
[2026-02-26T05:41:08.361+0000] {processor.py:208} INFO - Processing /home/ubuntu/airflow-venv/lib/python3.12/site-packages/airflow/example_dags/tutorial.py took 0.047 seconds
[2026-02-26T05:41:57.612+0000] {processor.py:186} INFO - Started process (PID=3743) to work on /home/ubuntu/airflow-venv/lib/python3.12/site-packages/airflow/example_dags/tutorial.py
[2026-02-26T05:41:57.613+0000] {processor.py:914} INFO - Processing file /home/ubuntu/airflow-venv/lib/python3.12/site-packages/airflow/example_dags/tutorial.py for tasks to queue
[2026-02-26T05:41:57.614+0000] {logging_mixin.py:190} INFO - [2026-02-26T05:41:57.614+0000] {dagbag.py:588} INFO - Filling up the DagBag from /home/ubuntu/airflow-venv/lib/python3.12/site-packages/airflow/example_dags/tutorial.py
[2026-02-26T05:41:57.619+0000] {processor.py:925} INFO - DAG(s) 'tutorial' retrieved from /home/ubuntu/airflow-venv/lib/python3.12/site-packages/airflow/example_dags/tutorial.py
[2026-02-26T05:41:57.628+0000] {logging_mixin.py:190} INFO - [2026-02-26T05:41:57.628+0000] {dag.py:3239} INFO - Sync 1 DAGs
[2026-02-26T05:41:57.639+0000] {logging_mixin.py:190} INFO - [2026-02-26T05:41:57.639+0000] {dag.py:4180} INFO - Setting next_dagrun for tutorial to 2026-02-25 00:00:00+00:00, run_after=2026-02-26 00:00:00+00:00
[2026-02-26T05:41:57.655+0000] {processor.py:208} INFO - Processing /home/ubuntu/airflow-venv/lib/python3.12/site-packages/airflow/example_dags/tutorial.py took 0.047 seconds
[2026-02-26T05:42:46.379+0000] {processor.py:186} INFO - Started process (PID=3794) to work on /home/ubuntu/airflow-venv/lib/python3.12/site-packages/airflow/example_dags/tutorial.py
[2026-02-26T05:42:46.380+0000] {processor.py:914} INFO - Processing file /home/ubuntu/airflow-venv/lib/python3.12/site-packages/airflow/example_dags/tutorial.py for tasks to queue
[2026-02-26T05:42:46.382+0000] {logging_mixin.py:190} INFO - [2026-02-26T05:42:46.381+0000] {dagbag.py:588} INFO - Filling up the DagBag from /home/ubuntu/airflow-venv/lib/python3.12/site-packages/airflow/example_dags/tutorial.py
[2026-02-26T05:42:46.387+0000] {processor.py:925} INFO - DAG(s) 'tutorial' retrieved from /home/ubuntu/airflow-venv/lib/python3.12/site-packages/airflow/example_dags/tutorial.py
[2026-02-26T05:42:46.397+0000] {logging_mixin.py:190} INFO - [2026-02-26T05:42:46.397+0000] {dag.py:3239} INFO - Sync 1 DAGs
[2026-02-26T05:42:46.409+0000] {logging_mixin.py:190} INFO - [2026-02-26T05:42:46.408+0000] {dag.py:4180} INFO - Setting next_dagrun for tutorial to 2026-02-25 00:00:00+00:00, run_after=2026-02-26 00:00:00+00:00
[2026-02-26T05:42:46.425+0000] {processor.py:208} INFO - Processing /home/ubuntu/airflow-venv/lib/python3.12/site-packages/airflow/example_dags/tutorial.py took 0.049 seconds
[2026-02-26T05:43:35.876+0000] {processor.py:186} INFO - Started process (PID=3845) to work on /home/ubuntu/airflow-venv/lib/python3.12/site-packages/airflow/example_dags/tutorial.py
[2026-02-26T05:43:35.877+0000] {processor.py:914} INFO - Processing file /home/ubuntu/airflow-venv/lib/python3.12/site-packages/airflow/example_dags/tutorial.py for tasks to queue
[2026-02-26T05:43:35.879+0000] {logging_mixin.py:190} INFO - [2026-02-26T05:43:35.878+0000] {dagbag.py:588} INFO - Filling up the DagBag from /home/ubuntu/airflow-venv/lib/python3.12/site-packages/airflow/example_dags/tutorial.py
[2026-02-26T05:43:35.884+0000] {processor.py:925} INFO - DAG(s) 'tutorial' retrieved from /home/ubuntu/airflow-venv/lib/python3.12/site-packages/airflow/example_dags/tutorial.py
[2026-02-26T05:43:35.893+0000] {logging_mixin.py:190} INFO - [2026-02-26T05:43:35.893+0000] {dag.py:3239} INFO - Sync 1 DAGs
[2026-02-26T05:43:35.905+0000] {logging_mixin.py:190} INFO - [2026-02-26T05:43:35.905+0000] {dag.py:4180} INFO - Setting next_dagrun for tutorial to 2026-02-25 00:00:00+00:00, run_after=2026-02-26 00:00:00+00:00
[2026-02-26T05:43:35.921+0000] {processor.py:208} INFO - Processing /home/ubuntu/airflow-venv/lib/python3.12/site-packages/airflow/example_dags/tutorial.py took 0.048 seconds
[2026-02-26T05:44:25.392+0000] {processor.py:186} INFO - Started process (PID=3898) to work on /home/ubuntu/airflow-venv/lib/python3.12/site-packages/airflow/example_dags/tutorial.py
[2026-02-26T05:44:25.393+0000] {processor.py:914} INFO - Processing file /home/ubuntu/airflow-venv/lib/python3.12/site-packages/airflow/example_dags/tutorial.py for tasks to queue
[2026-02-26T05:44:25.394+0000] {logging_mixin.py:190} INFO - [2026-02-26T05:44:25.394+0000] {dagbag.py:588} INFO - Filling up the DagBag from /home/ubuntu/airflow-venv/lib/python3.12/site-packages/airflow/example_dags/tutorial.py
[2026-02-26T05:44:25.399+0000] {processor.py:925} INFO - DAG(s) 'tutorial' retrieved from /home/ubuntu/airflow-venv/lib/python3.12/site-packages/airflow/example_dags/tutorial.py
[2026-02-26T05:44:25.408+0000] {logging_mixin.py:190} INFO - [2026-02-26T05:44:25.408+0000] {dag.py:3239} INFO - Sync 1 DAGs
[2026-02-26T05:44:25.419+0000] {logging_mixin.py:190} INFO - [2026-02-26T05:44:25.419+0000] {dag.py:4180} INFO - Setting next_dagrun for tutorial to 2026-02-25 00:00:00+00:00, run_after=2026-02-26 00:00:00+00:00
[2026-02-26T05:44:25.435+0000] {processor.py:208} INFO - Processing /home/ubuntu/airflow-venv/lib/python3.12/site-packages/airflow/example_dags/tutorial.py took 0.047 seconds
[2026-02-26T06:13:41.005+0000] {processor.py:186} INFO - Started process (PID=2693) to work on /home/ubuntu/airflow-venv/lib/python3.12/site-packages/airflow/example_dags/tutorial.py
[2026-02-26T06:13:41.007+0000] {processor.py:914} INFO - Processing file /home/ubuntu/airflow-venv/lib/python3.12/site-packages/airflow/example_dags/tutorial.py for tasks to queue
[2026-02-26T06:13:41.009+0000] {logging_mixin.py:190} INFO - [2026-02-26T06:13:41.008+0000] {dagbag.py:588} INFO - Filling up the DagBag from /home/ubuntu/airflow-venv/lib/python3.12/site-packages/airflow/example_dags/tutorial.py
[2026-02-26T06:13:41.014+0000] {processor.py:925} INFO - DAG(s) 'tutorial' retrieved from /home/ubuntu/airflow-venv/lib/python3.12/site-packages/airflow/example_dags/tutorial.py
[2026-02-26T06:13:41.026+0000] {logging_mixin.py:190} INFO - [2026-02-26T06:13:41.026+0000] {dag.py:3239} INFO - Sync 1 DAGs
[2026-02-26T06:13:41.040+0000] {logging_mixin.py:190} INFO - [2026-02-26T06:13:41.039+0000] {dag.py:4180} INFO - Setting next_dagrun for tutorial to 2026-02-25 00:00:00+00:00, run_after=2026-02-26 00:00:00+00:00
[2026-02-26T06:13:41.056+0000] {processor.py:208} INFO - Processing /home/ubuntu/airflow-venv/lib/python3.12/site-packages/airflow/example_dags/tutorial.py took 0.055 seconds
[2026-02-26T06:14:41.196+0000] {processor.py:186} INFO - Started process (PID=2757) to work on /home/ubuntu/airflow-venv/lib/python3.12/site-packages/airflow/example_dags/tutorial.py
[2026-02-26T06:14:41.197+0000] {processor.py:914} INFO - Processing file /home/ubuntu/airflow-venv/lib/python3.12/site-packages/airflow/example_dags/tutorial.py for tasks to queue
[2026-02-26T06:14:41.199+0000] {logging_mixin.py:190} INFO - [2026-02-26T06:14:41.199+0000] {dagbag.py:588} INFO - Filling up the DagBag from /home/ubuntu/airflow-venv/lib/python3.12/site-packages/airflow/example_dags/tutorial.py
[2026-02-26T06:14:41.204+0000] {processor.py:925} INFO - DAG(s) 'tutorial' retrieved from /home/ubuntu/airflow-venv/lib/python3.12/site-packages/airflow/example_dags/tutorial.py
[2026-02-26T06:14:41.214+0000] {logging_mixin.py:190} INFO - [2026-02-26T06:14:41.214+0000] {dag.py:3239} INFO - Sync 1 DAGs
[2026-02-26T06:14:41.226+0000] {logging_mixin.py:190} INFO - [2026-02-26T06:14:41.226+0000] {dag.py:4180} INFO - Setting next_dagrun for tutorial to 2026-02-25 00:00:00+00:00, run_after=2026-02-26 00:00:00+00:00
[2026-02-26T06:14:41.243+0000] {processor.py:208} INFO - Processing /home/ubuntu/airflow-venv/lib/python3.12/site-packages/airflow/example_dags/tutorial.py took 0.050 seconds
[2026-02-26T06:15:39.239+0000] {processor.py:186} INFO - Started process (PID=2824) to work on /home/ubuntu/airflow-venv/lib/python3.12/site-packages/airflow/example_dags/tutorial.py
[2026-02-26T06:15:39.240+0000] {processor.py:914} INFO - Processing file /home/ubuntu/airflow-venv/lib/python3.12/site-packages/airflow/example_dags/tutorial.py for tasks to queue
[2026-02-26T06:15:39.242+0000] {logging_mixin.py:190} INFO - [2026-02-26T06:15:39.242+0000] {dagbag.py:588} INFO - Filling up the DagBag from /home/ubuntu/airflow-venv/lib/python3.12/site-packages/airflow/example_dags/tutorial.py
[2026-02-26T06:15:39.247+0000] {processor.py:925} INFO - DAG(s) 'tutorial' retrieved from /home/ubuntu/airflow-venv/lib/python3.12/site-packages/airflow/example_dags/tutorial.py
[2026-02-26T06:15:39.257+0000] {logging_mixin.py:190} INFO - [2026-02-26T06:15:39.256+0000] {dag.py:3239} INFO - Sync 1 DAGs
[2026-02-26T06:15:39.269+0000] {logging_mixin.py:190} INFO - [2026-02-26T06:15:39.269+0000] {dag.py:4180} INFO - Setting next_dagrun for tutorial to 2026-02-25 00:00:00+00:00, run_after=2026-02-26 00:00:00+00:00
[2026-02-26T06:15:39.285+0000] {processor.py:208} INFO - Processing /home/ubuntu/airflow-venv/lib/python3.12/site-packages/airflow/example_dags/tutorial.py took 0.049 seconds
[2026-02-26T06:16:31.183+0000] {processor.py:186} INFO - Started process (PID=2880) to work on /home/ubuntu/airflow-venv/lib/python3.12/site-packages/airflow/example_dags/tutorial.py
[2026-02-26T06:16:31.185+0000] {processor.py:914} INFO - Processing file /home/ubuntu/airflow-venv/lib/python3.12/site-packages/airflow/example_dags/tutorial.py for tasks to queue
[2026-02-26T06:16:31.186+0000] {logging_mixin.py:190} INFO - [2026-02-26T06:16:31.186+0000] {dagbag.py:588} INFO - Filling up the DagBag from /home/ubuntu/airflow-venv/lib/python3.12/site-packages/airflow/example_dags/tutorial.py
[2026-02-26T06:16:31.192+0000] {processor.py:925} INFO - DAG(s) 'tutorial' retrieved from /home/ubuntu/airflow-venv/lib/python3.12/site-packages/airflow/example_dags/tutorial.py
[2026-02-26T06:16:31.202+0000] {logging_mixin.py:190} INFO - [2026-02-26T06:16:31.202+0000] {dag.py:3239} INFO - Sync 1 DAGs
[2026-02-26T06:16:31.215+0000] {logging_mixin.py:190} INFO - [2026-02-26T06:16:31.215+0000] {dag.py:4180} INFO - Setting next_dagrun for tutorial to 2026-02-25 00:00:00+00:00, run_after=2026-02-26 00:00:00+00:00
[2026-02-26T06:16:31.232+0000] {processor.py:208} INFO - Processing /home/ubuntu/airflow-venv/lib/python3.12/site-packages/airflow/example_dags/tutorial.py took 0.052 seconds
[2026-02-26T06:17:22.207+0000] {processor.py:186} INFO - Started process (PID=2935) to work on /home/ubuntu/airflow-venv/lib/python3.12/site-packages/airflow/example_dags/tutorial.py
[2026-02-26T06:17:22.209+0000] {processor.py:914} INFO - Processing file /home/ubuntu/airflow-venv/lib/python3.12/site-packages/airflow/example_dags/tutorial.py for tasks to queue
[2026-02-26T06:17:22.210+0000] {logging_mixin.py:190} INFO - [2026-02-26T06:17:22.210+0000] {dagbag.py:588} INFO - Filling up the DagBag from /home/ubuntu/airflow-venv/lib/python3.12/site-packages/airflow/example_dags/tutorial.py
[2026-02-26T06:17:22.215+0000] {processor.py:925} INFO - DAG(s) 'tutorial' retrieved from /home/ubuntu/airflow-venv/lib/python3.12/site-packages/airflow/example_dags/tutorial.py
[2026-02-26T06:17:22.226+0000] {logging_mixin.py:190} INFO - [2026-02-26T06:17:22.226+0000] {dag.py:3239} INFO - Sync 1 DAGs
[2026-02-26T06:17:22.239+0000] {logging_mixin.py:190} INFO - [2026-02-26T06:17:22.238+0000] {dag.py:4180} INFO - Setting next_dagrun for tutorial to 2026-02-25 00:00:00+00:00, run_after=2026-02-26 00:00:00+00:00
[2026-02-26T06:17:22.255+0000] {processor.py:208} INFO - Processing /home/ubuntu/airflow-venv/lib/python3.12/site-packages/airflow/example_dags/tutorial.py took 0.051 seconds
[2026-02-26T06:18:10.968+0000] {processor.py:186} INFO - Started process (PID=2987) to work on /home/ubuntu/airflow-venv/lib/python3.12/site-packages/airflow/example_dags/tutorial.py
[2026-02-26T06:18:10.970+0000] {processor.py:914} INFO - Processing file /home/ubuntu/airflow-venv/lib/python3.12/site-packages/airflow/example_dags/tutorial.py for tasks to queue
[2026-02-26T06:18:10.971+0000] {logging_mixin.py:190} INFO - [2026-02-26T06:18:10.971+0000] {dagbag.py:588} INFO - Filling up the DagBag from /home/ubuntu/airflow-venv/lib/python3.12/site-packages/airflow/example_dags/tutorial.py
[2026-02-26T06:18:10.976+0000] {processor.py:925} INFO - DAG(s) 'tutorial' retrieved from /home/ubuntu/airflow-venv/lib/python3.12/site-packages/airflow/example_dags/tutorial.py
[2026-02-26T06:18:10.987+0000] {logging_mixin.py:190} INFO - [2026-02-26T06:18:10.986+0000] {dag.py:3239} INFO - Sync 1 DAGs
[2026-02-26T06:18:10.999+0000] {logging_mixin.py:190} INFO - [2026-02-26T06:18:10.999+0000] {dag.py:4180} INFO - Setting next_dagrun for tutorial to 2026-02-25 00:00:00+00:00, run_after=2026-02-26 00:00:00+00:00
[2026-02-26T06:18:11.015+0000] {processor.py:208} INFO - Processing /home/ubuntu/airflow-venv/lib/python3.12/site-packages/airflow/example_dags/tutorial.py took 0.050 seconds
[2026-02-26T06:19:06.687+0000] {processor.py:186} INFO - Started process (PID=3041) to work on /home/ubuntu/airflow-venv/lib/python3.12/site-packages/airflow/example_dags/tutorial.py
[2026-02-26T06:19:06.688+0000] {processor.py:914} INFO - Processing file /home/ubuntu/airflow-venv/lib/python3.12/site-packages/airflow/example_dags/tutorial.py for tasks to queue
[2026-02-26T06:19:06.690+0000] {logging_mixin.py:190} INFO - [2026-02-26T06:19:06.689+0000] {dagbag.py:588} INFO - Filling up the DagBag from /home/ubuntu/airflow-venv/lib/python3.12/site-packages/airflow/example_dags/tutorial.py
[2026-02-26T06:19:06.695+0000] {processor.py:925} INFO - DAG(s) 'tutorial' retrieved from /home/ubuntu/airflow-venv/lib/python3.12/site-packages/airflow/example_dags/tutorial.py
[2026-02-26T06:19:06.786+0000] {logging_mixin.py:190} INFO - [2026-02-26T06:19:06.785+0000] {dag.py:3239} INFO - Sync 1 DAGs
[2026-02-26T06:19:06.796+0000] {logging_mixin.py:190} INFO - [2026-02-26T06:19:06.796+0000] {dag.py:4180} INFO - Setting next_dagrun for tutorial to 2026-02-25 00:00:00+00:00, run_after=2026-02-26 00:00:00+00:00
[2026-02-26T06:19:06.812+0000] {processor.py:208} INFO - Processing /home/ubuntu/airflow-venv/lib/python3.12/site-packages/airflow/example_dags/tutorial.py took 0.129 seconds
[2026-02-26T06:20:03.207+0000] {processor.py:186} INFO - Started process (PID=3098) to work on /home/ubuntu/airflow-venv/lib/python3.12/site-packages/airflow/example_dags/tutorial.py
[2026-02-26T06:20:03.208+0000] {processor.py:914} INFO - Processing file /home/ubuntu/airflow-venv/lib/python3.12/site-packages/airflow/example_dags/tutorial.py for tasks to queue
[2026-02-26T06:20:03.210+0000] {logging_mixin.py:190} INFO - [2026-02-26T06:20:03.209+0000] {dagbag.py:588} INFO - Filling up the DagBag from /home/ubuntu/airflow-venv/lib/python3.12/site-packages/airflow/example_dags/tutorial.py
[2026-02-26T06:20:03.215+0000] {processor.py:925} INFO - DAG(s) 'tutorial' retrieved from /home/ubuntu/airflow-venv/lib/python3.12/site-packages/airflow/example_dags/tutorial.py
[2026-02-26T06:20:03.225+0000] {logging_mixin.py:190} INFO - [2026-02-26T06:20:03.225+0000] {dag.py:3239} INFO - Sync 1 DAGs
[2026-02-26T06:20:03.238+0000] {logging_mixin.py:190} INFO - [2026-02-26T06:20:03.238+0000] {dag.py:4180} INFO - Setting next_dagrun for tutorial to 2026-02-25 00:00:00+00:00, run_after=2026-02-26 00:00:00+00:00
[2026-02-26T06:20:03.256+0000] {processor.py:208} INFO - Processing /home/ubuntu/airflow-venv/lib/python3.12/site-packages/airflow/example_dags/tutorial.py took 0.053 seconds
[2026-02-26T06:20:53.853+0000] {processor.py:186} INFO - Started process (PID=3155) to work on /home/ubuntu/airflow-venv/lib/python3.12/site-packages/airflow/example_dags/tutorial.py
[2026-02-26T06:20:53.854+0000] {processor.py:914} INFO - Processing file /home/ubuntu/airflow-venv/lib/python3.12/site-packages/airflow/example_dags/tutorial.py for tasks to queue
[2026-02-26T06:20:53.856+0000] {logging_mixin.py:190} INFO - [2026-02-26T06:20:53.855+0000] {dagbag.py:588} INFO - Filling up the DagBag from /home/ubuntu/airflow-venv/lib/python3.12/site-packages/airflow/example_dags/tutorial.py
[2026-02-26T06:20:53.861+0000] {processor.py:925} INFO - DAG(s) 'tutorial' retrieved from /home/ubuntu/airflow-venv/lib/python3.12/site-packages/airflow/example_dags/tutorial.py
[2026-02-26T06:20:53.872+0000] {logging_mixin.py:190} INFO - [2026-02-26T06:20:53.871+0000] {dag.py:3239} INFO - Sync 1 DAGs
[2026-02-26T06:20:53.884+0000] {logging_mixin.py:190} INFO - [2026-02-26T06:20:53.884+0000] {dag.py:4180} INFO - Setting next_dagrun for tutorial to 2026-02-25 00:00:00+00:00, run_after=2026-02-26 00:00:00+00:00
[2026-02-26T06:20:53.903+0000] {processor.py:208} INFO - Processing /home/ubuntu/airflow-venv/lib/python3.12/site-packages/airflow/example_dags/tutorial.py took 0.053 seconds
[2026-02-26T06:21:40.104+0000] {processor.py:186} INFO - Started process (PID=3205) to work on /home/ubuntu/airflow-venv/lib/python3.12/site-packages/airflow/example_dags/tutorial.py
[2026-02-26T06:21:40.105+0000] {processor.py:914} INFO - Processing file /home/ubuntu/airflow-venv/lib/python3.12/site-packages/airflow/example_dags/tutorial.py for tasks to queue
[2026-02-26T06:21:40.106+0000] {logging_mixin.py:190} INFO - [2026-02-26T06:21:40.106+0000] {dagbag.py:588} INFO - Filling up the DagBag from /home/ubuntu/airflow-venv/lib/python3.12/site-packages/airflow/example_dags/tutorial.py
[2026-02-26T06:21:40.112+0000] {processor.py:925} INFO - DAG(s) 'tutorial' retrieved from /home/ubuntu/airflow-venv/lib/python3.12/site-packages/airflow/example_dags/tutorial.py
[2026-02-26T06:21:40.122+0000] {logging_mixin.py:190} INFO - [2026-02-26T06:21:40.122+0000] {dag.py:3239} INFO - Sync 1 DAGs
[2026-02-26T06:21:40.135+0000] {logging_mixin.py:190} INFO - [2026-02-26T06:21:40.135+0000] {dag.py:4180} INFO - Setting next_dagrun for tutorial to 2026-02-25 00:00:00+00:00, run_after=2026-02-26 00:00:00+00:00
[2026-02-26T06:21:40.152+0000] {processor.py:208} INFO - Processing /home/ubuntu/airflow-venv/lib/python3.12/site-packages/airflow/example_dags/tutorial.py took 0.052 seconds
[2026-02-26T06:22:28.586+0000] {processor.py:186} INFO - Started process (PID=3256) to work on /home/ubuntu/airflow-venv/lib/python3.12/site-packages/airflow/example_dags/tutorial.py
[2026-02-26T06:22:28.588+0000] {processor.py:914} INFO - Processing file /home/ubuntu/airflow-venv/lib/python3.12/site-packages/airflow/example_dags/tutorial.py for tasks to queue
[2026-02-26T06:22:28.589+0000] {logging_mixin.py:190} INFO - [2026-02-26T06:22:28.589+0000] {dagbag.py:588} INFO - Filling up the DagBag from /home/ubuntu/airflow-venv/lib/python3.12/site-packages/airflow/example_dags/tutorial.py
[2026-02-26T06:22:28.594+0000] {processor.py:925} INFO - DAG(s) 'tutorial' retrieved from /home/ubuntu/airflow-venv/lib/python3.12/site-packages/airflow/example_dags/tutorial.py
[2026-02-26T06:22:28.605+0000] {logging_mixin.py:190} INFO - [2026-02-26T06:22:28.605+0000] {dag.py:3239} INFO - Sync 1 DAGs
[2026-02-26T06:22:28.618+0000] {logging_mixin.py:190} INFO - [2026-02-26T06:22:28.618+0000] {dag.py:4180} INFO - Setting next_dagrun for tutorial to 2026-02-25 00:00:00+00:00, run_after=2026-02-26 00:00:00+00:00
[2026-02-26T06:22:28.636+0000] {processor.py:208} INFO - Processing /home/ubuntu/airflow-venv/lib/python3.12/site-packages/airflow/example_dags/tutorial.py took 0.053 seconds
[2026-02-26T06:23:20.822+0000] {processor.py:186} INFO - Started process (PID=3310) to work on /home/ubuntu/airflow-venv/lib/python3.12/site-packages/airflow/example_dags/tutorial.py
[2026-02-26T06:23:20.823+0000] {processor.py:914} INFO - Processing file /home/ubuntu/airflow-venv/lib/python3.12/site-packages/airflow/example_dags/tutorial.py for tasks to queue
[2026-02-26T06:23:20.824+0000] {logging_mixin.py:190} INFO - [2026-02-26T06:23:20.824+0000] {dagbag.py:588} INFO - Filling up the DagBag from /home/ubuntu/airflow-venv/lib/python3.12/site-packages/airflow/example_dags/tutorial.py
[2026-02-26T06:23:20.830+0000] {processor.py:925} INFO - DAG(s) 'tutorial' retrieved from /home/ubuntu/airflow-venv/lib/python3.12/site-packages/airflow/example_dags/tutorial.py
[2026-02-26T06:23:20.840+0000] {logging_mixin.py:190} INFO - [2026-02-26T06:23:20.840+0000] {dag.py:3239} INFO - Sync 1 DAGs
[2026-02-26T06:23:20.852+0000] {logging_mixin.py:190} INFO - [2026-02-26T06:23:20.852+0000] {dag.py:4180} INFO - Setting next_dagrun for tutorial to 2026-02-25 00:00:00+00:00, run_after=2026-02-26 00:00:00+00:00
[2026-02-26T06:23:20.869+0000] {processor.py:208} INFO - Processing /home/ubuntu/airflow-venv/lib/python3.12/site-packages/airflow/example_dags/tutorial.py took 0.051 seconds
[2026-02-26T06:24:13.870+0000] {processor.py:186} INFO - Started process (PID=3364) to work on /home/ubuntu/airflow-venv/lib/python3.12/site-packages/airflow/example_dags/tutorial.py
[2026-02-26T06:24:13.871+0000] {processor.py:914} INFO - Processing file /home/ubuntu/airflow-venv/lib/python3.12/site-packages/airflow/example_dags/tutorial.py for tasks to queue
[2026-02-26T06:24:13.872+0000] {logging_mixin.py:190} INFO - [2026-02-26T06:24:13.872+0000] {dagbag.py:588} INFO - Filling up the DagBag from /home/ubuntu/airflow-venv/lib/python3.12/site-packages/airflow/example_dags/tutorial.py
[2026-02-26T06:24:13.877+0000] {processor.py:925} INFO - DAG(s) 'tutorial' retrieved from /home/ubuntu/airflow-venv/lib/python3.12/site-packages/airflow/example_dags/tutorial.py
[2026-02-26T06:24:13.888+0000] {logging_mixin.py:190} INFO - [2026-02-26T06:24:13.887+0000] {dag.py:3239} INFO - Sync 1 DAGs
[2026-02-26T06:24:13.901+0000] {logging_mixin.py:190} INFO - [2026-02-26T06:24:13.900+0000] {dag.py:4180} INFO - Setting next_dagrun for tutorial to 2026-02-25 00:00:00+00:00, run_after=2026-02-26 00:00:00+00:00
[2026-02-26T06:24:13.918+0000] {processor.py:208} INFO - Processing /home/ubuntu/airflow-venv/lib/python3.12/site-packages/airflow/example_dags/tutorial.py took 0.052 seconds
