[2026-02-26T05:22:37.803+0000] {processor.py:186} INFO - Started process (PID=1751) to work on /home/ubuntu/airflow-venv/lib/python3.12/site-packages/airflow/example_dags/tutorial_objectstorage.py
[2026-02-26T05:22:37.803+0000] {processor.py:914} INFO - Processing file /home/ubuntu/airflow-venv/lib/python3.12/site-packages/airflow/example_dags/tutorial_objectstorage.py for tasks to queue
[2026-02-26T05:22:37.805+0000] {logging_mixin.py:190} INFO - [2026-02-26T05:22:37.805+0000] {dagbag.py:588} INFO - Filling up the DagBag from /home/ubuntu/airflow-venv/lib/python3.12/site-packages/airflow/example_dags/tutorial_objectstorage.py
[2026-02-26T05:22:37.810+0000] {processor.py:925} INFO - DAG(s) 'tutorial_objectstorage' retrieved from /home/ubuntu/airflow-venv/lib/python3.12/site-packages/airflow/example_dags/tutorial_objectstorage.py
[2026-02-26T05:22:37.821+0000] {logging_mixin.py:190} INFO - [2026-02-26T05:22:37.821+0000] {dag.py:3239} INFO - Sync 1 DAGs
[2026-02-26T05:22:37.829+0000] {logging_mixin.py:190} INFO - [2026-02-26T05:22:37.829+0000] {dag.py:4180} INFO - Setting next_dagrun for tutorial_objectstorage to None, run_after=None
[2026-02-26T05:22:37.845+0000] {processor.py:208} INFO - Processing /home/ubuntu/airflow-venv/lib/python3.12/site-packages/airflow/example_dags/tutorial_objectstorage.py took 0.045 seconds
[2026-02-26T05:23:32.050+0000] {processor.py:186} INFO - Started process (PID=2179) to work on /home/ubuntu/airflow-venv/lib/python3.12/site-packages/airflow/example_dags/tutorial_objectstorage.py
[2026-02-26T05:23:32.052+0000] {processor.py:914} INFO - Processing file /home/ubuntu/airflow-venv/lib/python3.12/site-packages/airflow/example_dags/tutorial_objectstorage.py for tasks to queue
[2026-02-26T05:23:32.053+0000] {logging_mixin.py:190} INFO - [2026-02-26T05:23:32.053+0000] {dagbag.py:588} INFO - Filling up the DagBag from /home/ubuntu/airflow-venv/lib/python3.12/site-packages/airflow/example_dags/tutorial_objectstorage.py
[2026-02-26T05:23:32.059+0000] {processor.py:925} INFO - DAG(s) 'tutorial_objectstorage' retrieved from /home/ubuntu/airflow-venv/lib/python3.12/site-packages/airflow/example_dags/tutorial_objectstorage.py
[2026-02-26T05:23:32.068+0000] {logging_mixin.py:190} INFO - [2026-02-26T05:23:32.068+0000] {dag.py:3239} INFO - Sync 1 DAGs
[2026-02-26T05:23:32.075+0000] {logging_mixin.py:190} INFO - [2026-02-26T05:23:32.075+0000] {dag.py:4180} INFO - Setting next_dagrun for tutorial_objectstorage to None, run_after=None
[2026-02-26T05:23:32.091+0000] {processor.py:208} INFO - Processing /home/ubuntu/airflow-venv/lib/python3.12/site-packages/airflow/example_dags/tutorial_objectstorage.py took 0.044 seconds
[2026-02-26T05:24:23.428+0000] {processor.py:186} INFO - Started process (PID=2233) to work on /home/ubuntu/airflow-venv/lib/python3.12/site-packages/airflow/example_dags/tutorial_objectstorage.py
[2026-02-26T05:24:23.429+0000] {processor.py:914} INFO - Processing file /home/ubuntu/airflow-venv/lib/python3.12/site-packages/airflow/example_dags/tutorial_objectstorage.py for tasks to queue
[2026-02-26T05:24:23.430+0000] {logging_mixin.py:190} INFO - [2026-02-26T05:24:23.430+0000] {dagbag.py:588} INFO - Filling up the DagBag from /home/ubuntu/airflow-venv/lib/python3.12/site-packages/airflow/example_dags/tutorial_objectstorage.py
[2026-02-26T05:24:23.436+0000] {processor.py:925} INFO - DAG(s) 'tutorial_objectstorage' retrieved from /home/ubuntu/airflow-venv/lib/python3.12/site-packages/airflow/example_dags/tutorial_objectstorage.py
[2026-02-26T05:24:23.445+0000] {logging_mixin.py:190} INFO - [2026-02-26T05:24:23.445+0000] {dag.py:3239} INFO - Sync 1 DAGs
[2026-02-26T05:24:23.452+0000] {logging_mixin.py:190} INFO - [2026-02-26T05:24:23.452+0000] {dag.py:4180} INFO - Setting next_dagrun for tutorial_objectstorage to None, run_after=None
[2026-02-26T05:24:23.467+0000] {processor.py:208} INFO - Processing /home/ubuntu/airflow-venv/lib/python3.12/site-packages/airflow/example_dags/tutorial_objectstorage.py took 0.043 seconds
[2026-02-26T05:25:12.180+0000] {processor.py:186} INFO - Started process (PID=2290) to work on /home/ubuntu/airflow-venv/lib/python3.12/site-packages/airflow/example_dags/tutorial_objectstorage.py
[2026-02-26T05:25:12.181+0000] {processor.py:914} INFO - Processing file /home/ubuntu/airflow-venv/lib/python3.12/site-packages/airflow/example_dags/tutorial_objectstorage.py for tasks to queue
[2026-02-26T05:25:12.182+0000] {logging_mixin.py:190} INFO - [2026-02-26T05:25:12.182+0000] {dagbag.py:588} INFO - Filling up the DagBag from /home/ubuntu/airflow-venv/lib/python3.12/site-packages/airflow/example_dags/tutorial_objectstorage.py
[2026-02-26T05:25:12.188+0000] {processor.py:925} INFO - DAG(s) 'tutorial_objectstorage' retrieved from /home/ubuntu/airflow-venv/lib/python3.12/site-packages/airflow/example_dags/tutorial_objectstorage.py
[2026-02-26T05:25:12.198+0000] {logging_mixin.py:190} INFO - [2026-02-26T05:25:12.197+0000] {dag.py:3239} INFO - Sync 1 DAGs
[2026-02-26T05:25:12.205+0000] {logging_mixin.py:190} INFO - [2026-02-26T05:25:12.205+0000] {dag.py:4180} INFO - Setting next_dagrun for tutorial_objectstorage to None, run_after=None
[2026-02-26T05:25:12.221+0000] {processor.py:208} INFO - Processing /home/ubuntu/airflow-venv/lib/python3.12/site-packages/airflow/example_dags/tutorial_objectstorage.py took 0.045 seconds
[2026-02-26T05:25:59.835+0000] {processor.py:186} INFO - Started process (PID=2351) to work on /home/ubuntu/airflow-venv/lib/python3.12/site-packages/airflow/example_dags/tutorial_objectstorage.py
[2026-02-26T05:25:59.836+0000] {processor.py:914} INFO - Processing file /home/ubuntu/airflow-venv/lib/python3.12/site-packages/airflow/example_dags/tutorial_objectstorage.py for tasks to queue
[2026-02-26T05:25:59.837+0000] {logging_mixin.py:190} INFO - [2026-02-26T05:25:59.837+0000] {dagbag.py:588} INFO - Filling up the DagBag from /home/ubuntu/airflow-venv/lib/python3.12/site-packages/airflow/example_dags/tutorial_objectstorage.py
[2026-02-26T05:25:59.843+0000] {processor.py:925} INFO - DAG(s) 'tutorial_objectstorage' retrieved from /home/ubuntu/airflow-venv/lib/python3.12/site-packages/airflow/example_dags/tutorial_objectstorage.py
[2026-02-26T05:25:59.852+0000] {logging_mixin.py:190} INFO - [2026-02-26T05:25:59.852+0000] {dag.py:3239} INFO - Sync 1 DAGs
[2026-02-26T05:25:59.859+0000] {logging_mixin.py:190} INFO - [2026-02-26T05:25:59.859+0000] {dag.py:4180} INFO - Setting next_dagrun for tutorial_objectstorage to None, run_after=None
[2026-02-26T05:25:59.875+0000] {processor.py:208} INFO - Processing /home/ubuntu/airflow-venv/lib/python3.12/site-packages/airflow/example_dags/tutorial_objectstorage.py took 0.044 seconds
[2026-02-26T05:26:48.617+0000] {processor.py:186} INFO - Started process (PID=2408) to work on /home/ubuntu/airflow-venv/lib/python3.12/site-packages/airflow/example_dags/tutorial_objectstorage.py
[2026-02-26T05:26:48.618+0000] {processor.py:914} INFO - Processing file /home/ubuntu/airflow-venv/lib/python3.12/site-packages/airflow/example_dags/tutorial_objectstorage.py for tasks to queue
[2026-02-26T05:26:48.619+0000] {logging_mixin.py:190} INFO - [2026-02-26T05:26:48.619+0000] {dagbag.py:588} INFO - Filling up the DagBag from /home/ubuntu/airflow-venv/lib/python3.12/site-packages/airflow/example_dags/tutorial_objectstorage.py
[2026-02-26T05:26:48.625+0000] {processor.py:925} INFO - DAG(s) 'tutorial_objectstorage' retrieved from /home/ubuntu/airflow-venv/lib/python3.12/site-packages/airflow/example_dags/tutorial_objectstorage.py
[2026-02-26T05:26:48.634+0000] {logging_mixin.py:190} INFO - [2026-02-26T05:26:48.634+0000] {dag.py:3239} INFO - Sync 1 DAGs
[2026-02-26T05:26:48.641+0000] {logging_mixin.py:190} INFO - [2026-02-26T05:26:48.641+0000] {dag.py:4180} INFO - Setting next_dagrun for tutorial_objectstorage to None, run_after=None
[2026-02-26T05:26:48.656+0000] {processor.py:208} INFO - Processing /home/ubuntu/airflow-venv/lib/python3.12/site-packages/airflow/example_dags/tutorial_objectstorage.py took 0.043 seconds
[2026-02-26T05:27:37.339+0000] {processor.py:186} INFO - Started process (PID=2823) to work on /home/ubuntu/airflow-venv/lib/python3.12/site-packages/airflow/example_dags/tutorial_objectstorage.py
[2026-02-26T05:27:37.340+0000] {processor.py:914} INFO - Processing file /home/ubuntu/airflow-venv/lib/python3.12/site-packages/airflow/example_dags/tutorial_objectstorage.py for tasks to queue
[2026-02-26T05:27:37.341+0000] {logging_mixin.py:190} INFO - [2026-02-26T05:27:37.341+0000] {dagbag.py:588} INFO - Filling up the DagBag from /home/ubuntu/airflow-venv/lib/python3.12/site-packages/airflow/example_dags/tutorial_objectstorage.py
[2026-02-26T05:27:37.347+0000] {processor.py:925} INFO - DAG(s) 'tutorial_objectstorage' retrieved from /home/ubuntu/airflow-venv/lib/python3.12/site-packages/airflow/example_dags/tutorial_objectstorage.py
[2026-02-26T05:27:37.356+0000] {logging_mixin.py:190} INFO - [2026-02-26T05:27:37.356+0000] {dag.py:3239} INFO - Sync 1 DAGs
[2026-02-26T05:27:37.363+0000] {logging_mixin.py:190} INFO - [2026-02-26T05:27:37.363+0000] {dag.py:4180} INFO - Setting next_dagrun for tutorial_objectstorage to None, run_after=None
[2026-02-26T05:27:37.380+0000] {processor.py:208} INFO - Processing /home/ubuntu/airflow-venv/lib/python3.12/site-packages/airflow/example_dags/tutorial_objectstorage.py took 0.045 seconds
[2026-02-26T05:28:28.567+0000] {processor.py:186} INFO - Started process (PID=2875) to work on /home/ubuntu/airflow-venv/lib/python3.12/site-packages/airflow/example_dags/tutorial_objectstorage.py
[2026-02-26T05:28:28.568+0000] {processor.py:914} INFO - Processing file /home/ubuntu/airflow-venv/lib/python3.12/site-packages/airflow/example_dags/tutorial_objectstorage.py for tasks to queue
[2026-02-26T05:28:28.569+0000] {logging_mixin.py:190} INFO - [2026-02-26T05:28:28.569+0000] {dagbag.py:588} INFO - Filling up the DagBag from /home/ubuntu/airflow-venv/lib/python3.12/site-packages/airflow/example_dags/tutorial_objectstorage.py
[2026-02-26T05:28:28.575+0000] {processor.py:925} INFO - DAG(s) 'tutorial_objectstorage' retrieved from /home/ubuntu/airflow-venv/lib/python3.12/site-packages/airflow/example_dags/tutorial_objectstorage.py
[2026-02-26T05:28:28.654+0000] {logging_mixin.py:190} INFO - [2026-02-26T05:28:28.654+0000] {dag.py:3239} INFO - Sync 1 DAGs
[2026-02-26T05:28:28.659+0000] {logging_mixin.py:190} INFO - [2026-02-26T05:28:28.659+0000] {dag.py:4180} INFO - Setting next_dagrun for tutorial_objectstorage to None, run_after=None
[2026-02-26T05:28:28.674+0000] {processor.py:208} INFO - Processing /home/ubuntu/airflow-venv/lib/python3.12/site-packages/airflow/example_dags/tutorial_objectstorage.py took 0.111 seconds
[2026-02-26T05:29:20.617+0000] {processor.py:186} INFO - Started process (PID=2929) to work on /home/ubuntu/airflow-venv/lib/python3.12/site-packages/airflow/example_dags/tutorial_objectstorage.py
[2026-02-26T05:29:20.618+0000] {processor.py:914} INFO - Processing file /home/ubuntu/airflow-venv/lib/python3.12/site-packages/airflow/example_dags/tutorial_objectstorage.py for tasks to queue
[2026-02-26T05:29:20.619+0000] {logging_mixin.py:190} INFO - [2026-02-26T05:29:20.619+0000] {dagbag.py:588} INFO - Filling up the DagBag from /home/ubuntu/airflow-venv/lib/python3.12/site-packages/airflow/example_dags/tutorial_objectstorage.py
[2026-02-26T05:29:20.626+0000] {processor.py:925} INFO - DAG(s) 'tutorial_objectstorage' retrieved from /home/ubuntu/airflow-venv/lib/python3.12/site-packages/airflow/example_dags/tutorial_objectstorage.py
[2026-02-26T05:29:20.635+0000] {logging_mixin.py:190} INFO - [2026-02-26T05:29:20.634+0000] {dag.py:3239} INFO - Sync 1 DAGs
[2026-02-26T05:29:20.642+0000] {logging_mixin.py:190} INFO - [2026-02-26T05:29:20.642+0000] {dag.py:4180} INFO - Setting next_dagrun for tutorial_objectstorage to None, run_after=None
[2026-02-26T05:29:20.661+0000] {processor.py:208} INFO - Processing /home/ubuntu/airflow-venv/lib/python3.12/site-packages/airflow/example_dags/tutorial_objectstorage.py took 0.047 seconds
[2026-02-26T05:30:15.307+0000] {processor.py:186} INFO - Started process (PID=2986) to work on /home/ubuntu/airflow-venv/lib/python3.12/site-packages/airflow/example_dags/tutorial_objectstorage.py
[2026-02-26T05:30:15.308+0000] {processor.py:914} INFO - Processing file /home/ubuntu/airflow-venv/lib/python3.12/site-packages/airflow/example_dags/tutorial_objectstorage.py for tasks to queue
[2026-02-26T05:30:15.309+0000] {logging_mixin.py:190} INFO - [2026-02-26T05:30:15.309+0000] {dagbag.py:588} INFO - Filling up the DagBag from /home/ubuntu/airflow-venv/lib/python3.12/site-packages/airflow/example_dags/tutorial_objectstorage.py
[2026-02-26T05:30:15.315+0000] {processor.py:925} INFO - DAG(s) 'tutorial_objectstorage' retrieved from /home/ubuntu/airflow-venv/lib/python3.12/site-packages/airflow/example_dags/tutorial_objectstorage.py
[2026-02-26T05:30:15.324+0000] {logging_mixin.py:190} INFO - [2026-02-26T05:30:15.324+0000] {dag.py:3239} INFO - Sync 1 DAGs
[2026-02-26T05:30:15.332+0000] {logging_mixin.py:190} INFO - [2026-02-26T05:30:15.332+0000] {dag.py:4180} INFO - Setting next_dagrun for tutorial_objectstorage to None, run_after=None
[2026-02-26T05:30:15.348+0000] {processor.py:208} INFO - Processing /home/ubuntu/airflow-venv/lib/python3.12/site-packages/airflow/example_dags/tutorial_objectstorage.py took 0.045 seconds
[2026-02-26T05:31:05.837+0000] {processor.py:186} INFO - Started process (PID=3041) to work on /home/ubuntu/airflow-venv/lib/python3.12/site-packages/airflow/example_dags/tutorial_objectstorage.py
[2026-02-26T05:31:05.839+0000] {processor.py:914} INFO - Processing file /home/ubuntu/airflow-venv/lib/python3.12/site-packages/airflow/example_dags/tutorial_objectstorage.py for tasks to queue
[2026-02-26T05:31:05.840+0000] {logging_mixin.py:190} INFO - [2026-02-26T05:31:05.840+0000] {dagbag.py:588} INFO - Filling up the DagBag from /home/ubuntu/airflow-venv/lib/python3.12/site-packages/airflow/example_dags/tutorial_objectstorage.py
[2026-02-26T05:31:05.846+0000] {processor.py:925} INFO - DAG(s) 'tutorial_objectstorage' retrieved from /home/ubuntu/airflow-venv/lib/python3.12/site-packages/airflow/example_dags/tutorial_objectstorage.py
[2026-02-26T05:31:05.855+0000] {logging_mixin.py:190} INFO - [2026-02-26T05:31:05.854+0000] {dag.py:3239} INFO - Sync 1 DAGs
[2026-02-26T05:31:05.862+0000] {logging_mixin.py:190} INFO - [2026-02-26T05:31:05.862+0000] {dag.py:4180} INFO - Setting next_dagrun for tutorial_objectstorage to None, run_after=None
[2026-02-26T05:31:05.878+0000] {processor.py:208} INFO - Processing /home/ubuntu/airflow-venv/lib/python3.12/site-packages/airflow/example_dags/tutorial_objectstorage.py took 0.044 seconds
[2026-02-26T05:31:56.432+0000] {processor.py:186} INFO - Started process (PID=3094) to work on /home/ubuntu/airflow-venv/lib/python3.12/site-packages/airflow/example_dags/tutorial_objectstorage.py
[2026-02-26T05:31:56.433+0000] {processor.py:914} INFO - Processing file /home/ubuntu/airflow-venv/lib/python3.12/site-packages/airflow/example_dags/tutorial_objectstorage.py for tasks to queue
[2026-02-26T05:31:56.434+0000] {logging_mixin.py:190} INFO - [2026-02-26T05:31:56.434+0000] {dagbag.py:588} INFO - Filling up the DagBag from /home/ubuntu/airflow-venv/lib/python3.12/site-packages/airflow/example_dags/tutorial_objectstorage.py
[2026-02-26T05:31:56.440+0000] {processor.py:925} INFO - DAG(s) 'tutorial_objectstorage' retrieved from /home/ubuntu/airflow-venv/lib/python3.12/site-packages/airflow/example_dags/tutorial_objectstorage.py
[2026-02-26T05:31:56.449+0000] {logging_mixin.py:190} INFO - [2026-02-26T05:31:56.449+0000] {dag.py:3239} INFO - Sync 1 DAGs
[2026-02-26T05:31:56.456+0000] {logging_mixin.py:190} INFO - [2026-02-26T05:31:56.456+0000] {dag.py:4180} INFO - Setting next_dagrun for tutorial_objectstorage to None, run_after=None
[2026-02-26T05:31:56.473+0000] {processor.py:208} INFO - Processing /home/ubuntu/airflow-venv/lib/python3.12/site-packages/airflow/example_dags/tutorial_objectstorage.py took 0.044 seconds
[2026-02-26T05:32:47.058+0000] {processor.py:186} INFO - Started process (PID=3148) to work on /home/ubuntu/airflow-venv/lib/python3.12/site-packages/airflow/example_dags/tutorial_objectstorage.py
[2026-02-26T05:32:47.059+0000] {processor.py:914} INFO - Processing file /home/ubuntu/airflow-venv/lib/python3.12/site-packages/airflow/example_dags/tutorial_objectstorage.py for tasks to queue
[2026-02-26T05:32:47.061+0000] {logging_mixin.py:190} INFO - [2026-02-26T05:32:47.061+0000] {dagbag.py:588} INFO - Filling up the DagBag from /home/ubuntu/airflow-venv/lib/python3.12/site-packages/airflow/example_dags/tutorial_objectstorage.py
[2026-02-26T05:32:47.067+0000] {processor.py:925} INFO - DAG(s) 'tutorial_objectstorage' retrieved from /home/ubuntu/airflow-venv/lib/python3.12/site-packages/airflow/example_dags/tutorial_objectstorage.py
[2026-02-26T05:32:47.076+0000] {logging_mixin.py:190} INFO - [2026-02-26T05:32:47.076+0000] {dag.py:3239} INFO - Sync 1 DAGs
[2026-02-26T05:32:47.084+0000] {logging_mixin.py:190} INFO - [2026-02-26T05:32:47.083+0000] {dag.py:4180} INFO - Setting next_dagrun for tutorial_objectstorage to None, run_after=None
[2026-02-26T05:32:47.100+0000] {processor.py:208} INFO - Processing /home/ubuntu/airflow-venv/lib/python3.12/site-packages/airflow/example_dags/tutorial_objectstorage.py took 0.045 seconds
[2026-02-26T05:33:36.966+0000] {processor.py:186} INFO - Started process (PID=3198) to work on /home/ubuntu/airflow-venv/lib/python3.12/site-packages/airflow/example_dags/tutorial_objectstorage.py
[2026-02-26T05:33:36.967+0000] {processor.py:914} INFO - Processing file /home/ubuntu/airflow-venv/lib/python3.12/site-packages/airflow/example_dags/tutorial_objectstorage.py for tasks to queue
[2026-02-26T05:33:36.968+0000] {logging_mixin.py:190} INFO - [2026-02-26T05:33:36.968+0000] {dagbag.py:588} INFO - Filling up the DagBag from /home/ubuntu/airflow-venv/lib/python3.12/site-packages/airflow/example_dags/tutorial_objectstorage.py
[2026-02-26T05:33:36.974+0000] {processor.py:925} INFO - DAG(s) 'tutorial_objectstorage' retrieved from /home/ubuntu/airflow-venv/lib/python3.12/site-packages/airflow/example_dags/tutorial_objectstorage.py
[2026-02-26T05:33:36.983+0000] {logging_mixin.py:190} INFO - [2026-02-26T05:33:36.983+0000] {dag.py:3239} INFO - Sync 1 DAGs
[2026-02-26T05:33:36.990+0000] {logging_mixin.py:190} INFO - [2026-02-26T05:33:36.990+0000] {dag.py:4180} INFO - Setting next_dagrun for tutorial_objectstorage to None, run_after=None
[2026-02-26T05:33:37.007+0000] {processor.py:208} INFO - Processing /home/ubuntu/airflow-venv/lib/python3.12/site-packages/airflow/example_dags/tutorial_objectstorage.py took 0.044 seconds
[2026-02-26T05:34:25.753+0000] {processor.py:186} INFO - Started process (PID=3252) to work on /home/ubuntu/airflow-venv/lib/python3.12/site-packages/airflow/example_dags/tutorial_objectstorage.py
[2026-02-26T05:34:25.754+0000] {processor.py:914} INFO - Processing file /home/ubuntu/airflow-venv/lib/python3.12/site-packages/airflow/example_dags/tutorial_objectstorage.py for tasks to queue
[2026-02-26T05:34:25.755+0000] {logging_mixin.py:190} INFO - [2026-02-26T05:34:25.755+0000] {dagbag.py:588} INFO - Filling up the DagBag from /home/ubuntu/airflow-venv/lib/python3.12/site-packages/airflow/example_dags/tutorial_objectstorage.py
[2026-02-26T05:34:25.761+0000] {processor.py:925} INFO - DAG(s) 'tutorial_objectstorage' retrieved from /home/ubuntu/airflow-venv/lib/python3.12/site-packages/airflow/example_dags/tutorial_objectstorage.py
[2026-02-26T05:34:25.770+0000] {logging_mixin.py:190} INFO - [2026-02-26T05:34:25.770+0000] {dag.py:3239} INFO - Sync 1 DAGs
[2026-02-26T05:34:25.778+0000] {logging_mixin.py:190} INFO - [2026-02-26T05:34:25.778+0000] {dag.py:4180} INFO - Setting next_dagrun for tutorial_objectstorage to None, run_after=None
[2026-02-26T05:34:25.794+0000] {processor.py:208} INFO - Processing /home/ubuntu/airflow-venv/lib/python3.12/site-packages/airflow/example_dags/tutorial_objectstorage.py took 0.045 seconds
[2026-02-26T05:35:14.863+0000] {processor.py:186} INFO - Started process (PID=3312) to work on /home/ubuntu/airflow-venv/lib/python3.12/site-packages/airflow/example_dags/tutorial_objectstorage.py
[2026-02-26T05:35:14.864+0000] {processor.py:914} INFO - Processing file /home/ubuntu/airflow-venv/lib/python3.12/site-packages/airflow/example_dags/tutorial_objectstorage.py for tasks to queue
[2026-02-26T05:35:14.866+0000] {logging_mixin.py:190} INFO - [2026-02-26T05:35:14.866+0000] {dagbag.py:588} INFO - Filling up the DagBag from /home/ubuntu/airflow-venv/lib/python3.12/site-packages/airflow/example_dags/tutorial_objectstorage.py
[2026-02-26T05:35:14.872+0000] {processor.py:925} INFO - DAG(s) 'tutorial_objectstorage' retrieved from /home/ubuntu/airflow-venv/lib/python3.12/site-packages/airflow/example_dags/tutorial_objectstorage.py
[2026-02-26T05:35:14.881+0000] {logging_mixin.py:190} INFO - [2026-02-26T05:35:14.881+0000] {dag.py:3239} INFO - Sync 1 DAGs
[2026-02-26T05:35:14.888+0000] {logging_mixin.py:190} INFO - [2026-02-26T05:35:14.888+0000] {dag.py:4180} INFO - Setting next_dagrun for tutorial_objectstorage to None, run_after=None
[2026-02-26T05:35:14.904+0000] {processor.py:208} INFO - Processing /home/ubuntu/airflow-venv/lib/python3.12/site-packages/airflow/example_dags/tutorial_objectstorage.py took 0.044 seconds
[2026-02-26T05:36:09.425+0000] {processor.py:186} INFO - Started process (PID=3371) to work on /home/ubuntu/airflow-venv/lib/python3.12/site-packages/airflow/example_dags/tutorial_objectstorage.py
[2026-02-26T05:36:09.426+0000] {processor.py:914} INFO - Processing file /home/ubuntu/airflow-venv/lib/python3.12/site-packages/airflow/example_dags/tutorial_objectstorage.py for tasks to queue
[2026-02-26T05:36:09.428+0000] {logging_mixin.py:190} INFO - [2026-02-26T05:36:09.427+0000] {dagbag.py:588} INFO - Filling up the DagBag from /home/ubuntu/airflow-venv/lib/python3.12/site-packages/airflow/example_dags/tutorial_objectstorage.py
[2026-02-26T05:36:09.434+0000] {processor.py:925} INFO - DAG(s) 'tutorial_objectstorage' retrieved from /home/ubuntu/airflow-venv/lib/python3.12/site-packages/airflow/example_dags/tutorial_objectstorage.py
[2026-02-26T05:36:09.443+0000] {logging_mixin.py:190} INFO - [2026-02-26T05:36:09.443+0000] {dag.py:3239} INFO - Sync 1 DAGs
[2026-02-26T05:36:09.450+0000] {logging_mixin.py:190} INFO - [2026-02-26T05:36:09.450+0000] {dag.py:4180} INFO - Setting next_dagrun for tutorial_objectstorage to None, run_after=None
[2026-02-26T05:36:09.466+0000] {processor.py:208} INFO - Processing /home/ubuntu/airflow-venv/lib/python3.12/site-packages/airflow/example_dags/tutorial_objectstorage.py took 0.045 seconds
[2026-02-26T05:37:00.072+0000] {processor.py:186} INFO - Started process (PID=3425) to work on /home/ubuntu/airflow-venv/lib/python3.12/site-packages/airflow/example_dags/tutorial_objectstorage.py
[2026-02-26T05:37:00.073+0000] {processor.py:914} INFO - Processing file /home/ubuntu/airflow-venv/lib/python3.12/site-packages/airflow/example_dags/tutorial_objectstorage.py for tasks to queue
[2026-02-26T05:37:00.074+0000] {logging_mixin.py:190} INFO - [2026-02-26T05:37:00.074+0000] {dagbag.py:588} INFO - Filling up the DagBag from /home/ubuntu/airflow-venv/lib/python3.12/site-packages/airflow/example_dags/tutorial_objectstorage.py
[2026-02-26T05:37:00.080+0000] {processor.py:925} INFO - DAG(s) 'tutorial_objectstorage' retrieved from /home/ubuntu/airflow-venv/lib/python3.12/site-packages/airflow/example_dags/tutorial_objectstorage.py
[2026-02-26T05:37:00.088+0000] {logging_mixin.py:190} INFO - [2026-02-26T05:37:00.088+0000] {dag.py:3239} INFO - Sync 1 DAGs
[2026-02-26T05:37:00.095+0000] {logging_mixin.py:190} INFO - [2026-02-26T05:37:00.095+0000] {dag.py:4180} INFO - Setting next_dagrun for tutorial_objectstorage to None, run_after=None
[2026-02-26T05:37:00.111+0000] {processor.py:208} INFO - Processing /home/ubuntu/airflow-venv/lib/python3.12/site-packages/airflow/example_dags/tutorial_objectstorage.py took 0.042 seconds
[2026-02-26T05:37:48.226+0000] {processor.py:186} INFO - Started process (PID=3475) to work on /home/ubuntu/airflow-venv/lib/python3.12/site-packages/airflow/example_dags/tutorial_objectstorage.py
[2026-02-26T05:37:48.227+0000] {processor.py:914} INFO - Processing file /home/ubuntu/airflow-venv/lib/python3.12/site-packages/airflow/example_dags/tutorial_objectstorage.py for tasks to queue
[2026-02-26T05:37:48.229+0000] {logging_mixin.py:190} INFO - [2026-02-26T05:37:48.228+0000] {dagbag.py:588} INFO - Filling up the DagBag from /home/ubuntu/airflow-venv/lib/python3.12/site-packages/airflow/example_dags/tutorial_objectstorage.py
[2026-02-26T05:37:48.235+0000] {processor.py:925} INFO - DAG(s) 'tutorial_objectstorage' retrieved from /home/ubuntu/airflow-venv/lib/python3.12/site-packages/airflow/example_dags/tutorial_objectstorage.py
[2026-02-26T05:37:48.244+0000] {logging_mixin.py:190} INFO - [2026-02-26T05:37:48.244+0000] {dag.py:3239} INFO - Sync 1 DAGs
[2026-02-26T05:37:48.251+0000] {logging_mixin.py:190} INFO - [2026-02-26T05:37:48.251+0000] {dag.py:4180} INFO - Setting next_dagrun for tutorial_objectstorage to None, run_after=None
[2026-02-26T05:37:48.268+0000] {processor.py:208} INFO - Processing /home/ubuntu/airflow-venv/lib/python3.12/site-packages/airflow/example_dags/tutorial_objectstorage.py took 0.046 seconds
[2026-02-26T05:38:39.343+0000] {processor.py:186} INFO - Started process (PID=3529) to work on /home/ubuntu/airflow-venv/lib/python3.12/site-packages/airflow/example_dags/tutorial_objectstorage.py
[2026-02-26T05:38:39.344+0000] {processor.py:914} INFO - Processing file /home/ubuntu/airflow-venv/lib/python3.12/site-packages/airflow/example_dags/tutorial_objectstorage.py for tasks to queue
[2026-02-26T05:38:39.345+0000] {logging_mixin.py:190} INFO - [2026-02-26T05:38:39.345+0000] {dagbag.py:588} INFO - Filling up the DagBag from /home/ubuntu/airflow-venv/lib/python3.12/site-packages/airflow/example_dags/tutorial_objectstorage.py
[2026-02-26T05:38:39.351+0000] {processor.py:925} INFO - DAG(s) 'tutorial_objectstorage' retrieved from /home/ubuntu/airflow-venv/lib/python3.12/site-packages/airflow/example_dags/tutorial_objectstorage.py
[2026-02-26T05:38:39.360+0000] {logging_mixin.py:190} INFO - [2026-02-26T05:38:39.360+0000] {dag.py:3239} INFO - Sync 1 DAGs
[2026-02-26T05:38:39.367+0000] {logging_mixin.py:190} INFO - [2026-02-26T05:38:39.367+0000] {dag.py:4180} INFO - Setting next_dagrun for tutorial_objectstorage to None, run_after=None
[2026-02-26T05:38:39.384+0000] {processor.py:208} INFO - Processing /home/ubuntu/airflow-venv/lib/python3.12/site-packages/airflow/example_dags/tutorial_objectstorage.py took 0.045 seconds
[2026-02-26T05:39:30.936+0000] {processor.py:186} INFO - Started process (PID=3581) to work on /home/ubuntu/airflow-venv/lib/python3.12/site-packages/airflow/example_dags/tutorial_objectstorage.py
[2026-02-26T05:39:30.937+0000] {processor.py:914} INFO - Processing file /home/ubuntu/airflow-venv/lib/python3.12/site-packages/airflow/example_dags/tutorial_objectstorage.py for tasks to queue
[2026-02-26T05:39:30.938+0000] {logging_mixin.py:190} INFO - [2026-02-26T05:39:30.938+0000] {dagbag.py:588} INFO - Filling up the DagBag from /home/ubuntu/airflow-venv/lib/python3.12/site-packages/airflow/example_dags/tutorial_objectstorage.py
[2026-02-26T05:39:30.944+0000] {processor.py:925} INFO - DAG(s) 'tutorial_objectstorage' retrieved from /home/ubuntu/airflow-venv/lib/python3.12/site-packages/airflow/example_dags/tutorial_objectstorage.py
[2026-02-26T05:39:30.954+0000] {logging_mixin.py:190} INFO - [2026-02-26T05:39:30.954+0000] {dag.py:3239} INFO - Sync 1 DAGs
[2026-02-26T05:39:30.961+0000] {logging_mixin.py:190} INFO - [2026-02-26T05:39:30.961+0000] {dag.py:4180} INFO - Setting next_dagrun for tutorial_objectstorage to None, run_after=None
[2026-02-26T05:39:30.978+0000] {processor.py:208} INFO - Processing /home/ubuntu/airflow-venv/lib/python3.12/site-packages/airflow/example_dags/tutorial_objectstorage.py took 0.046 seconds
[2026-02-26T05:40:17.784+0000] {processor.py:186} INFO - Started process (PID=3637) to work on /home/ubuntu/airflow-venv/lib/python3.12/site-packages/airflow/example_dags/tutorial_objectstorage.py
[2026-02-26T05:40:17.785+0000] {processor.py:914} INFO - Processing file /home/ubuntu/airflow-venv/lib/python3.12/site-packages/airflow/example_dags/tutorial_objectstorage.py for tasks to queue
[2026-02-26T05:40:17.787+0000] {logging_mixin.py:190} INFO - [2026-02-26T05:40:17.786+0000] {dagbag.py:588} INFO - Filling up the DagBag from /home/ubuntu/airflow-venv/lib/python3.12/site-packages/airflow/example_dags/tutorial_objectstorage.py
[2026-02-26T05:40:17.793+0000] {processor.py:925} INFO - DAG(s) 'tutorial_objectstorage' retrieved from /home/ubuntu/airflow-venv/lib/python3.12/site-packages/airflow/example_dags/tutorial_objectstorage.py
[2026-02-26T05:40:17.801+0000] {logging_mixin.py:190} INFO - [2026-02-26T05:40:17.801+0000] {dag.py:3239} INFO - Sync 1 DAGs
[2026-02-26T05:40:17.808+0000] {logging_mixin.py:190} INFO - [2026-02-26T05:40:17.808+0000] {dag.py:4180} INFO - Setting next_dagrun for tutorial_objectstorage to None, run_after=None
[2026-02-26T05:40:17.824+0000] {processor.py:208} INFO - Processing /home/ubuntu/airflow-venv/lib/python3.12/site-packages/airflow/example_dags/tutorial_objectstorage.py took 0.044 seconds
[2026-02-26T05:41:06.287+0000] {processor.py:186} INFO - Started process (PID=3689) to work on /home/ubuntu/airflow-venv/lib/python3.12/site-packages/airflow/example_dags/tutorial_objectstorage.py
[2026-02-26T05:41:06.288+0000] {processor.py:914} INFO - Processing file /home/ubuntu/airflow-venv/lib/python3.12/site-packages/airflow/example_dags/tutorial_objectstorage.py for tasks to queue
[2026-02-26T05:41:06.289+0000] {logging_mixin.py:190} INFO - [2026-02-26T05:41:06.289+0000] {dagbag.py:588} INFO - Filling up the DagBag from /home/ubuntu/airflow-venv/lib/python3.12/site-packages/airflow/example_dags/tutorial_objectstorage.py
[2026-02-26T05:41:06.295+0000] {processor.py:925} INFO - DAG(s) 'tutorial_objectstorage' retrieved from /home/ubuntu/airflow-venv/lib/python3.12/site-packages/airflow/example_dags/tutorial_objectstorage.py
[2026-02-26T05:41:06.305+0000] {logging_mixin.py:190} INFO - [2026-02-26T05:41:06.304+0000] {dag.py:3239} INFO - Sync 1 DAGs
[2026-02-26T05:41:06.312+0000] {logging_mixin.py:190} INFO - [2026-02-26T05:41:06.312+0000] {dag.py:4180} INFO - Setting next_dagrun for tutorial_objectstorage to None, run_after=None
[2026-02-26T05:41:06.328+0000] {processor.py:208} INFO - Processing /home/ubuntu/airflow-venv/lib/python3.12/site-packages/airflow/example_dags/tutorial_objectstorage.py took 0.045 seconds
[2026-02-26T05:41:55.347+0000] {processor.py:186} INFO - Started process (PID=3741) to work on /home/ubuntu/airflow-venv/lib/python3.12/site-packages/airflow/example_dags/tutorial_objectstorage.py
[2026-02-26T05:41:55.348+0000] {processor.py:914} INFO - Processing file /home/ubuntu/airflow-venv/lib/python3.12/site-packages/airflow/example_dags/tutorial_objectstorage.py for tasks to queue
[2026-02-26T05:41:55.350+0000] {logging_mixin.py:190} INFO - [2026-02-26T05:41:55.349+0000] {dagbag.py:588} INFO - Filling up the DagBag from /home/ubuntu/airflow-venv/lib/python3.12/site-packages/airflow/example_dags/tutorial_objectstorage.py
[2026-02-26T05:41:55.356+0000] {processor.py:925} INFO - DAG(s) 'tutorial_objectstorage' retrieved from /home/ubuntu/airflow-venv/lib/python3.12/site-packages/airflow/example_dags/tutorial_objectstorage.py
[2026-02-26T05:41:55.365+0000] {logging_mixin.py:190} INFO - [2026-02-26T05:41:55.365+0000] {dag.py:3239} INFO - Sync 1 DAGs
[2026-02-26T05:41:55.372+0000] {logging_mixin.py:190} INFO - [2026-02-26T05:41:55.372+0000] {dag.py:4180} INFO - Setting next_dagrun for tutorial_objectstorage to None, run_after=None
[2026-02-26T05:41:55.389+0000] {processor.py:208} INFO - Processing /home/ubuntu/airflow-venv/lib/python3.12/site-packages/airflow/example_dags/tutorial_objectstorage.py took 0.045 seconds
[2026-02-26T05:42:44.120+0000] {processor.py:186} INFO - Started process (PID=3792) to work on /home/ubuntu/airflow-venv/lib/python3.12/site-packages/airflow/example_dags/tutorial_objectstorage.py
[2026-02-26T05:42:44.121+0000] {processor.py:914} INFO - Processing file /home/ubuntu/airflow-venv/lib/python3.12/site-packages/airflow/example_dags/tutorial_objectstorage.py for tasks to queue
[2026-02-26T05:42:44.122+0000] {logging_mixin.py:190} INFO - [2026-02-26T05:42:44.122+0000] {dagbag.py:588} INFO - Filling up the DagBag from /home/ubuntu/airflow-venv/lib/python3.12/site-packages/airflow/example_dags/tutorial_objectstorage.py
[2026-02-26T05:42:44.128+0000] {processor.py:925} INFO - DAG(s) 'tutorial_objectstorage' retrieved from /home/ubuntu/airflow-venv/lib/python3.12/site-packages/airflow/example_dags/tutorial_objectstorage.py
[2026-02-26T05:42:44.137+0000] {logging_mixin.py:190} INFO - [2026-02-26T05:42:44.137+0000] {dag.py:3239} INFO - Sync 1 DAGs
[2026-02-26T05:42:44.144+0000] {logging_mixin.py:190} INFO - [2026-02-26T05:42:44.144+0000] {dag.py:4180} INFO - Setting next_dagrun for tutorial_objectstorage to None, run_after=None
[2026-02-26T05:42:44.161+0000] {processor.py:208} INFO - Processing /home/ubuntu/airflow-venv/lib/python3.12/site-packages/airflow/example_dags/tutorial_objectstorage.py took 0.044 seconds
[2026-02-26T05:43:34.058+0000] {processor.py:186} INFO - Started process (PID=3843) to work on /home/ubuntu/airflow-venv/lib/python3.12/site-packages/airflow/example_dags/tutorial_objectstorage.py
[2026-02-26T05:43:34.059+0000] {processor.py:914} INFO - Processing file /home/ubuntu/airflow-venv/lib/python3.12/site-packages/airflow/example_dags/tutorial_objectstorage.py for tasks to queue
[2026-02-26T05:43:34.060+0000] {logging_mixin.py:190} INFO - [2026-02-26T05:43:34.060+0000] {dagbag.py:588} INFO - Filling up the DagBag from /home/ubuntu/airflow-venv/lib/python3.12/site-packages/airflow/example_dags/tutorial_objectstorage.py
[2026-02-26T05:43:34.066+0000] {processor.py:925} INFO - DAG(s) 'tutorial_objectstorage' retrieved from /home/ubuntu/airflow-venv/lib/python3.12/site-packages/airflow/example_dags/tutorial_objectstorage.py
[2026-02-26T05:43:34.075+0000] {logging_mixin.py:190} INFO - [2026-02-26T05:43:34.075+0000] {dag.py:3239} INFO - Sync 1 DAGs
[2026-02-26T05:43:34.082+0000] {logging_mixin.py:190} INFO - [2026-02-26T05:43:34.082+0000] {dag.py:4180} INFO - Setting next_dagrun for tutorial_objectstorage to None, run_after=None
[2026-02-26T05:43:34.098+0000] {processor.py:208} INFO - Processing /home/ubuntu/airflow-venv/lib/python3.12/site-packages/airflow/example_dags/tutorial_objectstorage.py took 0.044 seconds
[2026-02-26T05:44:24.220+0000] {processor.py:186} INFO - Started process (PID=3896) to work on /home/ubuntu/airflow-venv/lib/python3.12/site-packages/airflow/example_dags/tutorial_objectstorage.py
[2026-02-26T05:44:24.221+0000] {processor.py:914} INFO - Processing file /home/ubuntu/airflow-venv/lib/python3.12/site-packages/airflow/example_dags/tutorial_objectstorage.py for tasks to queue
[2026-02-26T05:44:24.222+0000] {logging_mixin.py:190} INFO - [2026-02-26T05:44:24.222+0000] {dagbag.py:588} INFO - Filling up the DagBag from /home/ubuntu/airflow-venv/lib/python3.12/site-packages/airflow/example_dags/tutorial_objectstorage.py
[2026-02-26T05:44:24.228+0000] {processor.py:925} INFO - DAG(s) 'tutorial_objectstorage' retrieved from /home/ubuntu/airflow-venv/lib/python3.12/site-packages/airflow/example_dags/tutorial_objectstorage.py
[2026-02-26T05:44:24.237+0000] {logging_mixin.py:190} INFO - [2026-02-26T05:44:24.237+0000] {dag.py:3239} INFO - Sync 1 DAGs
[2026-02-26T05:44:24.244+0000] {logging_mixin.py:190} INFO - [2026-02-26T05:44:24.244+0000] {dag.py:4180} INFO - Setting next_dagrun for tutorial_objectstorage to None, run_after=None
[2026-02-26T05:44:24.260+0000] {processor.py:208} INFO - Processing /home/ubuntu/airflow-venv/lib/python3.12/site-packages/airflow/example_dags/tutorial_objectstorage.py took 0.043 seconds
[2026-02-26T06:13:39.123+0000] {processor.py:186} INFO - Started process (PID=2691) to work on /home/ubuntu/airflow-venv/lib/python3.12/site-packages/airflow/example_dags/tutorial_objectstorage.py
[2026-02-26T06:13:39.125+0000] {processor.py:914} INFO - Processing file /home/ubuntu/airflow-venv/lib/python3.12/site-packages/airflow/example_dags/tutorial_objectstorage.py for tasks to queue
[2026-02-26T06:13:39.127+0000] {logging_mixin.py:190} INFO - [2026-02-26T06:13:39.127+0000] {dagbag.py:588} INFO - Filling up the DagBag from /home/ubuntu/airflow-venv/lib/python3.12/site-packages/airflow/example_dags/tutorial_objectstorage.py
[2026-02-26T06:13:39.133+0000] {processor.py:925} INFO - DAG(s) 'tutorial_objectstorage' retrieved from /home/ubuntu/airflow-venv/lib/python3.12/site-packages/airflow/example_dags/tutorial_objectstorage.py
[2026-02-26T06:13:39.145+0000] {logging_mixin.py:190} INFO - [2026-02-26T06:13:39.144+0000] {dag.py:3239} INFO - Sync 1 DAGs
[2026-02-26T06:13:39.153+0000] {logging_mixin.py:190} INFO - [2026-02-26T06:13:39.153+0000] {dag.py:4180} INFO - Setting next_dagrun for tutorial_objectstorage to None, run_after=None
[2026-02-26T06:13:39.169+0000] {processor.py:208} INFO - Processing /home/ubuntu/airflow-venv/lib/python3.12/site-packages/airflow/example_dags/tutorial_objectstorage.py took 0.050 seconds
[2026-02-26T06:14:39.059+0000] {processor.py:186} INFO - Started process (PID=2755) to work on /home/ubuntu/airflow-venv/lib/python3.12/site-packages/airflow/example_dags/tutorial_objectstorage.py
[2026-02-26T06:14:39.060+0000] {processor.py:914} INFO - Processing file /home/ubuntu/airflow-venv/lib/python3.12/site-packages/airflow/example_dags/tutorial_objectstorage.py for tasks to queue
[2026-02-26T06:14:39.062+0000] {logging_mixin.py:190} INFO - [2026-02-26T06:14:39.062+0000] {dagbag.py:588} INFO - Filling up the DagBag from /home/ubuntu/airflow-venv/lib/python3.12/site-packages/airflow/example_dags/tutorial_objectstorage.py
[2026-02-26T06:14:39.068+0000] {processor.py:925} INFO - DAG(s) 'tutorial_objectstorage' retrieved from /home/ubuntu/airflow-venv/lib/python3.12/site-packages/airflow/example_dags/tutorial_objectstorage.py
[2026-02-26T06:14:39.078+0000] {logging_mixin.py:190} INFO - [2026-02-26T06:14:39.078+0000] {dag.py:3239} INFO - Sync 1 DAGs
[2026-02-26T06:14:39.086+0000] {logging_mixin.py:190} INFO - [2026-02-26T06:14:39.086+0000] {dag.py:4180} INFO - Setting next_dagrun for tutorial_objectstorage to None, run_after=None
[2026-02-26T06:14:39.103+0000] {processor.py:208} INFO - Processing /home/ubuntu/airflow-venv/lib/python3.12/site-packages/airflow/example_dags/tutorial_objectstorage.py took 0.048 seconds
[2026-02-26T06:15:36.981+0000] {processor.py:186} INFO - Started process (PID=2822) to work on /home/ubuntu/airflow-venv/lib/python3.12/site-packages/airflow/example_dags/tutorial_objectstorage.py
[2026-02-26T06:15:36.982+0000] {processor.py:914} INFO - Processing file /home/ubuntu/airflow-venv/lib/python3.12/site-packages/airflow/example_dags/tutorial_objectstorage.py for tasks to queue
[2026-02-26T06:15:36.983+0000] {logging_mixin.py:190} INFO - [2026-02-26T06:15:36.983+0000] {dagbag.py:588} INFO - Filling up the DagBag from /home/ubuntu/airflow-venv/lib/python3.12/site-packages/airflow/example_dags/tutorial_objectstorage.py
[2026-02-26T06:15:36.990+0000] {processor.py:925} INFO - DAG(s) 'tutorial_objectstorage' retrieved from /home/ubuntu/airflow-venv/lib/python3.12/site-packages/airflow/example_dags/tutorial_objectstorage.py
[2026-02-26T06:15:36.999+0000] {logging_mixin.py:190} INFO - [2026-02-26T06:15:36.999+0000] {dag.py:3239} INFO - Sync 1 DAGs
[2026-02-26T06:15:37.007+0000] {logging_mixin.py:190} INFO - [2026-02-26T06:15:37.007+0000] {dag.py:4180} INFO - Setting next_dagrun for tutorial_objectstorage to None, run_after=None
[2026-02-26T06:15:37.023+0000] {processor.py:208} INFO - Processing /home/ubuntu/airflow-venv/lib/python3.12/site-packages/airflow/example_dags/tutorial_objectstorage.py took 0.046 seconds
[2026-02-26T06:16:30.284+0000] {processor.py:186} INFO - Started process (PID=2878) to work on /home/ubuntu/airflow-venv/lib/python3.12/site-packages/airflow/example_dags/tutorial_objectstorage.py
[2026-02-26T06:16:30.286+0000] {processor.py:914} INFO - Processing file /home/ubuntu/airflow-venv/lib/python3.12/site-packages/airflow/example_dags/tutorial_objectstorage.py for tasks to queue
[2026-02-26T06:16:30.287+0000] {logging_mixin.py:190} INFO - [2026-02-26T06:16:30.287+0000] {dagbag.py:588} INFO - Filling up the DagBag from /home/ubuntu/airflow-venv/lib/python3.12/site-packages/airflow/example_dags/tutorial_objectstorage.py
[2026-02-26T06:16:30.293+0000] {processor.py:925} INFO - DAG(s) 'tutorial_objectstorage' retrieved from /home/ubuntu/airflow-venv/lib/python3.12/site-packages/airflow/example_dags/tutorial_objectstorage.py
[2026-02-26T06:16:30.303+0000] {logging_mixin.py:190} INFO - [2026-02-26T06:16:30.303+0000] {dag.py:3239} INFO - Sync 1 DAGs
[2026-02-26T06:16:30.311+0000] {logging_mixin.py:190} INFO - [2026-02-26T06:16:30.310+0000] {dag.py:4180} INFO - Setting next_dagrun for tutorial_objectstorage to None, run_after=None
[2026-02-26T06:16:30.328+0000] {processor.py:208} INFO - Processing /home/ubuntu/airflow-venv/lib/python3.12/site-packages/airflow/example_dags/tutorial_objectstorage.py took 0.047 seconds
[2026-02-26T06:17:20.762+0000] {processor.py:186} INFO - Started process (PID=2933) to work on /home/ubuntu/airflow-venv/lib/python3.12/site-packages/airflow/example_dags/tutorial_objectstorage.py
[2026-02-26T06:17:20.764+0000] {processor.py:914} INFO - Processing file /home/ubuntu/airflow-venv/lib/python3.12/site-packages/airflow/example_dags/tutorial_objectstorage.py for tasks to queue
[2026-02-26T06:17:20.765+0000] {logging_mixin.py:190} INFO - [2026-02-26T06:17:20.765+0000] {dagbag.py:588} INFO - Filling up the DagBag from /home/ubuntu/airflow-venv/lib/python3.12/site-packages/airflow/example_dags/tutorial_objectstorage.py
[2026-02-26T06:17:20.771+0000] {processor.py:925} INFO - DAG(s) 'tutorial_objectstorage' retrieved from /home/ubuntu/airflow-venv/lib/python3.12/site-packages/airflow/example_dags/tutorial_objectstorage.py
[2026-02-26T06:17:20.781+0000] {logging_mixin.py:190} INFO - [2026-02-26T06:17:20.781+0000] {dag.py:3239} INFO - Sync 1 DAGs
[2026-02-26T06:17:20.788+0000] {logging_mixin.py:190} INFO - [2026-02-26T06:17:20.788+0000] {dag.py:4180} INFO - Setting next_dagrun for tutorial_objectstorage to None, run_after=None
[2026-02-26T06:17:20.806+0000] {processor.py:208} INFO - Processing /home/ubuntu/airflow-venv/lib/python3.12/site-packages/airflow/example_dags/tutorial_objectstorage.py took 0.047 seconds
[2026-02-26T06:18:08.701+0000] {processor.py:186} INFO - Started process (PID=2985) to work on /home/ubuntu/airflow-venv/lib/python3.12/site-packages/airflow/example_dags/tutorial_objectstorage.py
[2026-02-26T06:18:08.702+0000] {processor.py:914} INFO - Processing file /home/ubuntu/airflow-venv/lib/python3.12/site-packages/airflow/example_dags/tutorial_objectstorage.py for tasks to queue
[2026-02-26T06:18:08.704+0000] {logging_mixin.py:190} INFO - [2026-02-26T06:18:08.703+0000] {dagbag.py:588} INFO - Filling up the DagBag from /home/ubuntu/airflow-venv/lib/python3.12/site-packages/airflow/example_dags/tutorial_objectstorage.py
[2026-02-26T06:18:08.710+0000] {processor.py:925} INFO - DAG(s) 'tutorial_objectstorage' retrieved from /home/ubuntu/airflow-venv/lib/python3.12/site-packages/airflow/example_dags/tutorial_objectstorage.py
[2026-02-26T06:18:08.720+0000] {logging_mixin.py:190} INFO - [2026-02-26T06:18:08.720+0000] {dag.py:3239} INFO - Sync 1 DAGs
[2026-02-26T06:18:08.727+0000] {logging_mixin.py:190} INFO - [2026-02-26T06:18:08.727+0000] {dag.py:4180} INFO - Setting next_dagrun for tutorial_objectstorage to None, run_after=None
[2026-02-26T06:18:08.743+0000] {processor.py:208} INFO - Processing /home/ubuntu/airflow-venv/lib/python3.12/site-packages/airflow/example_dags/tutorial_objectstorage.py took 0.046 seconds
[2026-02-26T06:19:04.669+0000] {processor.py:186} INFO - Started process (PID=3039) to work on /home/ubuntu/airflow-venv/lib/python3.12/site-packages/airflow/example_dags/tutorial_objectstorage.py
[2026-02-26T06:19:04.671+0000] {processor.py:914} INFO - Processing file /home/ubuntu/airflow-venv/lib/python3.12/site-packages/airflow/example_dags/tutorial_objectstorage.py for tasks to queue
[2026-02-26T06:19:04.672+0000] {logging_mixin.py:190} INFO - [2026-02-26T06:19:04.672+0000] {dagbag.py:588} INFO - Filling up the DagBag from /home/ubuntu/airflow-venv/lib/python3.12/site-packages/airflow/example_dags/tutorial_objectstorage.py
[2026-02-26T06:19:04.678+0000] {processor.py:925} INFO - DAG(s) 'tutorial_objectstorage' retrieved from /home/ubuntu/airflow-venv/lib/python3.12/site-packages/airflow/example_dags/tutorial_objectstorage.py
[2026-02-26T06:19:04.767+0000] {logging_mixin.py:190} INFO - [2026-02-26T06:19:04.766+0000] {dag.py:3239} INFO - Sync 1 DAGs
[2026-02-26T06:19:04.773+0000] {logging_mixin.py:190} INFO - [2026-02-26T06:19:04.773+0000] {dag.py:4180} INFO - Setting next_dagrun for tutorial_objectstorage to None, run_after=None
[2026-02-26T06:19:04.789+0000] {processor.py:208} INFO - Processing /home/ubuntu/airflow-venv/lib/python3.12/site-packages/airflow/example_dags/tutorial_objectstorage.py took 0.124 seconds
[2026-02-26T06:20:01.899+0000] {processor.py:186} INFO - Started process (PID=3096) to work on /home/ubuntu/airflow-venv/lib/python3.12/site-packages/airflow/example_dags/tutorial_objectstorage.py
[2026-02-26T06:20:01.900+0000] {processor.py:914} INFO - Processing file /home/ubuntu/airflow-venv/lib/python3.12/site-packages/airflow/example_dags/tutorial_objectstorage.py for tasks to queue
[2026-02-26T06:20:01.902+0000] {logging_mixin.py:190} INFO - [2026-02-26T06:20:01.901+0000] {dagbag.py:588} INFO - Filling up the DagBag from /home/ubuntu/airflow-venv/lib/python3.12/site-packages/airflow/example_dags/tutorial_objectstorage.py
[2026-02-26T06:20:01.908+0000] {processor.py:925} INFO - DAG(s) 'tutorial_objectstorage' retrieved from /home/ubuntu/airflow-venv/lib/python3.12/site-packages/airflow/example_dags/tutorial_objectstorage.py
[2026-02-26T06:20:01.918+0000] {logging_mixin.py:190} INFO - [2026-02-26T06:20:01.918+0000] {dag.py:3239} INFO - Sync 1 DAGs
[2026-02-26T06:20:01.927+0000] {logging_mixin.py:190} INFO - [2026-02-26T06:20:01.927+0000] {dag.py:4180} INFO - Setting next_dagrun for tutorial_objectstorage to None, run_after=None
[2026-02-26T06:20:01.945+0000] {processor.py:208} INFO - Processing /home/ubuntu/airflow-venv/lib/python3.12/site-packages/airflow/example_dags/tutorial_objectstorage.py took 0.050 seconds
[2026-02-26T06:20:52.111+0000] {processor.py:186} INFO - Started process (PID=3153) to work on /home/ubuntu/airflow-venv/lib/python3.12/site-packages/airflow/example_dags/tutorial_objectstorage.py
[2026-02-26T06:20:52.112+0000] {processor.py:914} INFO - Processing file /home/ubuntu/airflow-venv/lib/python3.12/site-packages/airflow/example_dags/tutorial_objectstorage.py for tasks to queue
[2026-02-26T06:20:52.113+0000] {logging_mixin.py:190} INFO - [2026-02-26T06:20:52.113+0000] {dagbag.py:588} INFO - Filling up the DagBag from /home/ubuntu/airflow-venv/lib/python3.12/site-packages/airflow/example_dags/tutorial_objectstorage.py
[2026-02-26T06:20:52.119+0000] {processor.py:925} INFO - DAG(s) 'tutorial_objectstorage' retrieved from /home/ubuntu/airflow-venv/lib/python3.12/site-packages/airflow/example_dags/tutorial_objectstorage.py
[2026-02-26T06:20:52.129+0000] {logging_mixin.py:190} INFO - [2026-02-26T06:20:52.129+0000] {dag.py:3239} INFO - Sync 1 DAGs
[2026-02-26T06:20:52.137+0000] {logging_mixin.py:190} INFO - [2026-02-26T06:20:52.137+0000] {dag.py:4180} INFO - Setting next_dagrun for tutorial_objectstorage to None, run_after=None
[2026-02-26T06:20:52.155+0000] {processor.py:208} INFO - Processing /home/ubuntu/airflow-venv/lib/python3.12/site-packages/airflow/example_dags/tutorial_objectstorage.py took 0.048 seconds
[2026-02-26T06:21:38.363+0000] {processor.py:186} INFO - Started process (PID=3203) to work on /home/ubuntu/airflow-venv/lib/python3.12/site-packages/airflow/example_dags/tutorial_objectstorage.py
[2026-02-26T06:21:38.365+0000] {processor.py:914} INFO - Processing file /home/ubuntu/airflow-venv/lib/python3.12/site-packages/airflow/example_dags/tutorial_objectstorage.py for tasks to queue
[2026-02-26T06:21:38.366+0000] {logging_mixin.py:190} INFO - [2026-02-26T06:21:38.366+0000] {dagbag.py:588} INFO - Filling up the DagBag from /home/ubuntu/airflow-venv/lib/python3.12/site-packages/airflow/example_dags/tutorial_objectstorage.py
[2026-02-26T06:21:38.373+0000] {processor.py:925} INFO - DAG(s) 'tutorial_objectstorage' retrieved from /home/ubuntu/airflow-venv/lib/python3.12/site-packages/airflow/example_dags/tutorial_objectstorage.py
[2026-02-26T06:21:38.383+0000] {logging_mixin.py:190} INFO - [2026-02-26T06:21:38.383+0000] {dag.py:3239} INFO - Sync 1 DAGs
[2026-02-26T06:21:38.391+0000] {logging_mixin.py:190} INFO - [2026-02-26T06:21:38.391+0000] {dag.py:4180} INFO - Setting next_dagrun for tutorial_objectstorage to None, run_after=None
[2026-02-26T06:21:38.408+0000] {processor.py:208} INFO - Processing /home/ubuntu/airflow-venv/lib/python3.12/site-packages/airflow/example_dags/tutorial_objectstorage.py took 0.048 seconds
[2026-02-26T06:22:26.317+0000] {processor.py:186} INFO - Started process (PID=3254) to work on /home/ubuntu/airflow-venv/lib/python3.12/site-packages/airflow/example_dags/tutorial_objectstorage.py
[2026-02-26T06:22:26.319+0000] {processor.py:914} INFO - Processing file /home/ubuntu/airflow-venv/lib/python3.12/site-packages/airflow/example_dags/tutorial_objectstorage.py for tasks to queue
[2026-02-26T06:22:26.320+0000] {logging_mixin.py:190} INFO - [2026-02-26T06:22:26.320+0000] {dagbag.py:588} INFO - Filling up the DagBag from /home/ubuntu/airflow-venv/lib/python3.12/site-packages/airflow/example_dags/tutorial_objectstorage.py
[2026-02-26T06:22:26.326+0000] {processor.py:925} INFO - DAG(s) 'tutorial_objectstorage' retrieved from /home/ubuntu/airflow-venv/lib/python3.12/site-packages/airflow/example_dags/tutorial_objectstorage.py
[2026-02-26T06:22:26.336+0000] {logging_mixin.py:190} INFO - [2026-02-26T06:22:26.335+0000] {dag.py:3239} INFO - Sync 1 DAGs
[2026-02-26T06:22:26.344+0000] {logging_mixin.py:190} INFO - [2026-02-26T06:22:26.343+0000] {dag.py:4180} INFO - Setting next_dagrun for tutorial_objectstorage to None, run_after=None
[2026-02-26T06:22:26.360+0000] {processor.py:208} INFO - Processing /home/ubuntu/airflow-venv/lib/python3.12/site-packages/airflow/example_dags/tutorial_objectstorage.py took 0.047 seconds
[2026-02-26T06:23:18.563+0000] {processor.py:186} INFO - Started process (PID=3308) to work on /home/ubuntu/airflow-venv/lib/python3.12/site-packages/airflow/example_dags/tutorial_objectstorage.py
[2026-02-26T06:23:18.564+0000] {processor.py:914} INFO - Processing file /home/ubuntu/airflow-venv/lib/python3.12/site-packages/airflow/example_dags/tutorial_objectstorage.py for tasks to queue
[2026-02-26T06:23:18.566+0000] {logging_mixin.py:190} INFO - [2026-02-26T06:23:18.565+0000] {dagbag.py:588} INFO - Filling up the DagBag from /home/ubuntu/airflow-venv/lib/python3.12/site-packages/airflow/example_dags/tutorial_objectstorage.py
[2026-02-26T06:23:18.572+0000] {processor.py:925} INFO - DAG(s) 'tutorial_objectstorage' retrieved from /home/ubuntu/airflow-venv/lib/python3.12/site-packages/airflow/example_dags/tutorial_objectstorage.py
[2026-02-26T06:23:18.581+0000] {logging_mixin.py:190} INFO - [2026-02-26T06:23:18.581+0000] {dag.py:3239} INFO - Sync 1 DAGs
[2026-02-26T06:23:18.589+0000] {logging_mixin.py:190} INFO - [2026-02-26T06:23:18.589+0000] {dag.py:4180} INFO - Setting next_dagrun for tutorial_objectstorage to None, run_after=None
[2026-02-26T06:23:18.605+0000] {processor.py:208} INFO - Processing /home/ubuntu/airflow-venv/lib/python3.12/site-packages/airflow/example_dags/tutorial_objectstorage.py took 0.046 seconds
[2026-02-26T06:24:12.129+0000] {processor.py:186} INFO - Started process (PID=3362) to work on /home/ubuntu/airflow-venv/lib/python3.12/site-packages/airflow/example_dags/tutorial_objectstorage.py
[2026-02-26T06:24:12.130+0000] {processor.py:914} INFO - Processing file /home/ubuntu/airflow-venv/lib/python3.12/site-packages/airflow/example_dags/tutorial_objectstorage.py for tasks to queue
[2026-02-26T06:24:12.131+0000] {logging_mixin.py:190} INFO - [2026-02-26T06:24:12.131+0000] {dagbag.py:588} INFO - Filling up the DagBag from /home/ubuntu/airflow-venv/lib/python3.12/site-packages/airflow/example_dags/tutorial_objectstorage.py
[2026-02-26T06:24:12.138+0000] {processor.py:925} INFO - DAG(s) 'tutorial_objectstorage' retrieved from /home/ubuntu/airflow-venv/lib/python3.12/site-packages/airflow/example_dags/tutorial_objectstorage.py
[2026-02-26T06:24:12.147+0000] {logging_mixin.py:190} INFO - [2026-02-26T06:24:12.147+0000] {dag.py:3239} INFO - Sync 1 DAGs
[2026-02-26T06:24:12.155+0000] {logging_mixin.py:190} INFO - [2026-02-26T06:24:12.154+0000] {dag.py:4180} INFO - Setting next_dagrun for tutorial_objectstorage to None, run_after=None
[2026-02-26T06:24:12.171+0000] {processor.py:208} INFO - Processing /home/ubuntu/airflow-venv/lib/python3.12/site-packages/airflow/example_dags/tutorial_objectstorage.py took 0.047 seconds
