[2026-02-26T05:22:38.931+0000] {processor.py:186} INFO - Started process (PID=1754) to work on /home/ubuntu/airflow-venv/lib/python3.12/site-packages/airflow/example_dags/tutorial_dag.py
[2026-02-26T05:22:38.931+0000] {processor.py:914} INFO - Processing file /home/ubuntu/airflow-venv/lib/python3.12/site-packages/airflow/example_dags/tutorial_dag.py for tasks to queue
[2026-02-26T05:22:38.933+0000] {logging_mixin.py:190} INFO - [2026-02-26T05:22:38.933+0000] {dagbag.py:588} INFO - Filling up the DagBag from /home/ubuntu/airflow-venv/lib/python3.12/site-packages/airflow/example_dags/tutorial_dag.py
[2026-02-26T05:22:38.937+0000] {processor.py:925} INFO - DAG(s) 'tutorial_dag' retrieved from /home/ubuntu/airflow-venv/lib/python3.12/site-packages/airflow/example_dags/tutorial_dag.py
[2026-02-26T05:22:38.949+0000] {logging_mixin.py:190} INFO - [2026-02-26T05:22:38.948+0000] {dag.py:3239} INFO - Sync 1 DAGs
[2026-02-26T05:22:38.956+0000] {logging_mixin.py:190} INFO - [2026-02-26T05:22:38.955+0000] {dag.py:4180} INFO - Setting next_dagrun for tutorial_dag to None, run_after=None
[2026-02-26T05:22:38.972+0000] {processor.py:208} INFO - Processing /home/ubuntu/airflow-venv/lib/python3.12/site-packages/airflow/example_dags/tutorial_dag.py took 0.044 seconds
[2026-02-26T05:23:33.179+0000] {processor.py:186} INFO - Started process (PID=2180) to work on /home/ubuntu/airflow-venv/lib/python3.12/site-packages/airflow/example_dags/tutorial_dag.py
[2026-02-26T05:23:33.181+0000] {processor.py:914} INFO - Processing file /home/ubuntu/airflow-venv/lib/python3.12/site-packages/airflow/example_dags/tutorial_dag.py for tasks to queue
[2026-02-26T05:23:33.182+0000] {logging_mixin.py:190} INFO - [2026-02-26T05:23:33.182+0000] {dagbag.py:588} INFO - Filling up the DagBag from /home/ubuntu/airflow-venv/lib/python3.12/site-packages/airflow/example_dags/tutorial_dag.py
[2026-02-26T05:23:33.187+0000] {processor.py:925} INFO - DAG(s) 'tutorial_dag' retrieved from /home/ubuntu/airflow-venv/lib/python3.12/site-packages/airflow/example_dags/tutorial_dag.py
[2026-02-26T05:23:33.196+0000] {logging_mixin.py:190} INFO - [2026-02-26T05:23:33.196+0000] {dag.py:3239} INFO - Sync 1 DAGs
[2026-02-26T05:23:33.203+0000] {logging_mixin.py:190} INFO - [2026-02-26T05:23:33.203+0000] {dag.py:4180} INFO - Setting next_dagrun for tutorial_dag to None, run_after=None
[2026-02-26T05:23:33.220+0000] {processor.py:208} INFO - Processing /home/ubuntu/airflow-venv/lib/python3.12/site-packages/airflow/example_dags/tutorial_dag.py took 0.044 seconds
[2026-02-26T05:24:24.556+0000] {processor.py:186} INFO - Started process (PID=2234) to work on /home/ubuntu/airflow-venv/lib/python3.12/site-packages/airflow/example_dags/tutorial_dag.py
[2026-02-26T05:24:24.557+0000] {processor.py:914} INFO - Processing file /home/ubuntu/airflow-venv/lib/python3.12/site-packages/airflow/example_dags/tutorial_dag.py for tasks to queue
[2026-02-26T05:24:24.558+0000] {logging_mixin.py:190} INFO - [2026-02-26T05:24:24.558+0000] {dagbag.py:588} INFO - Filling up the DagBag from /home/ubuntu/airflow-venv/lib/python3.12/site-packages/airflow/example_dags/tutorial_dag.py
[2026-02-26T05:24:24.563+0000] {processor.py:925} INFO - DAG(s) 'tutorial_dag' retrieved from /home/ubuntu/airflow-venv/lib/python3.12/site-packages/airflow/example_dags/tutorial_dag.py
[2026-02-26T05:24:24.572+0000] {logging_mixin.py:190} INFO - [2026-02-26T05:24:24.572+0000] {dag.py:3239} INFO - Sync 1 DAGs
[2026-02-26T05:24:24.579+0000] {logging_mixin.py:190} INFO - [2026-02-26T05:24:24.579+0000] {dag.py:4180} INFO - Setting next_dagrun for tutorial_dag to None, run_after=None
[2026-02-26T05:24:24.595+0000] {processor.py:208} INFO - Processing /home/ubuntu/airflow-venv/lib/python3.12/site-packages/airflow/example_dags/tutorial_dag.py took 0.042 seconds
[2026-02-26T05:25:13.309+0000] {processor.py:186} INFO - Started process (PID=2291) to work on /home/ubuntu/airflow-venv/lib/python3.12/site-packages/airflow/example_dags/tutorial_dag.py
[2026-02-26T05:25:13.310+0000] {processor.py:914} INFO - Processing file /home/ubuntu/airflow-venv/lib/python3.12/site-packages/airflow/example_dags/tutorial_dag.py for tasks to queue
[2026-02-26T05:25:13.311+0000] {logging_mixin.py:190} INFO - [2026-02-26T05:25:13.311+0000] {dagbag.py:588} INFO - Filling up the DagBag from /home/ubuntu/airflow-venv/lib/python3.12/site-packages/airflow/example_dags/tutorial_dag.py
[2026-02-26T05:25:13.316+0000] {processor.py:925} INFO - DAG(s) 'tutorial_dag' retrieved from /home/ubuntu/airflow-venv/lib/python3.12/site-packages/airflow/example_dags/tutorial_dag.py
[2026-02-26T05:25:13.325+0000] {logging_mixin.py:190} INFO - [2026-02-26T05:25:13.325+0000] {dag.py:3239} INFO - Sync 1 DAGs
[2026-02-26T05:25:13.333+0000] {logging_mixin.py:190} INFO - [2026-02-26T05:25:13.333+0000] {dag.py:4180} INFO - Setting next_dagrun for tutorial_dag to None, run_after=None
[2026-02-26T05:25:13.349+0000] {processor.py:208} INFO - Processing /home/ubuntu/airflow-venv/lib/python3.12/site-packages/airflow/example_dags/tutorial_dag.py took 0.043 seconds
[2026-02-26T05:26:00.973+0000] {processor.py:186} INFO - Started process (PID=2352) to work on /home/ubuntu/airflow-venv/lib/python3.12/site-packages/airflow/example_dags/tutorial_dag.py
[2026-02-26T05:26:00.975+0000] {processor.py:914} INFO - Processing file /home/ubuntu/airflow-venv/lib/python3.12/site-packages/airflow/example_dags/tutorial_dag.py for tasks to queue
[2026-02-26T05:26:00.976+0000] {logging_mixin.py:190} INFO - [2026-02-26T05:26:00.976+0000] {dagbag.py:588} INFO - Filling up the DagBag from /home/ubuntu/airflow-venv/lib/python3.12/site-packages/airflow/example_dags/tutorial_dag.py
[2026-02-26T05:26:00.981+0000] {processor.py:925} INFO - DAG(s) 'tutorial_dag' retrieved from /home/ubuntu/airflow-venv/lib/python3.12/site-packages/airflow/example_dags/tutorial_dag.py
[2026-02-26T05:26:00.990+0000] {logging_mixin.py:190} INFO - [2026-02-26T05:26:00.990+0000] {dag.py:3239} INFO - Sync 1 DAGs
[2026-02-26T05:26:00.997+0000] {logging_mixin.py:190} INFO - [2026-02-26T05:26:00.997+0000] {dag.py:4180} INFO - Setting next_dagrun for tutorial_dag to None, run_after=None
[2026-02-26T05:26:01.014+0000] {processor.py:208} INFO - Processing /home/ubuntu/airflow-venv/lib/python3.12/site-packages/airflow/example_dags/tutorial_dag.py took 0.044 seconds
[2026-02-26T05:26:49.745+0000] {processor.py:186} INFO - Started process (PID=2409) to work on /home/ubuntu/airflow-venv/lib/python3.12/site-packages/airflow/example_dags/tutorial_dag.py
[2026-02-26T05:26:49.747+0000] {processor.py:914} INFO - Processing file /home/ubuntu/airflow-venv/lib/python3.12/site-packages/airflow/example_dags/tutorial_dag.py for tasks to queue
[2026-02-26T05:26:49.748+0000] {logging_mixin.py:190} INFO - [2026-02-26T05:26:49.747+0000] {dagbag.py:588} INFO - Filling up the DagBag from /home/ubuntu/airflow-venv/lib/python3.12/site-packages/airflow/example_dags/tutorial_dag.py
[2026-02-26T05:26:49.752+0000] {processor.py:925} INFO - DAG(s) 'tutorial_dag' retrieved from /home/ubuntu/airflow-venv/lib/python3.12/site-packages/airflow/example_dags/tutorial_dag.py
[2026-02-26T05:26:49.762+0000] {logging_mixin.py:190} INFO - [2026-02-26T05:26:49.761+0000] {dag.py:3239} INFO - Sync 1 DAGs
[2026-02-26T05:26:49.769+0000] {logging_mixin.py:190} INFO - [2026-02-26T05:26:49.769+0000] {dag.py:4180} INFO - Setting next_dagrun for tutorial_dag to None, run_after=None
[2026-02-26T05:26:49.784+0000] {processor.py:208} INFO - Processing /home/ubuntu/airflow-venv/lib/python3.12/site-packages/airflow/example_dags/tutorial_dag.py took 0.042 seconds
[2026-02-26T05:27:38.477+0000] {processor.py:186} INFO - Started process (PID=2824) to work on /home/ubuntu/airflow-venv/lib/python3.12/site-packages/airflow/example_dags/tutorial_dag.py
[2026-02-26T05:27:38.479+0000] {processor.py:914} INFO - Processing file /home/ubuntu/airflow-venv/lib/python3.12/site-packages/airflow/example_dags/tutorial_dag.py for tasks to queue
[2026-02-26T05:27:38.480+0000] {logging_mixin.py:190} INFO - [2026-02-26T05:27:38.480+0000] {dagbag.py:588} INFO - Filling up the DagBag from /home/ubuntu/airflow-venv/lib/python3.12/site-packages/airflow/example_dags/tutorial_dag.py
[2026-02-26T05:27:38.485+0000] {processor.py:925} INFO - DAG(s) 'tutorial_dag' retrieved from /home/ubuntu/airflow-venv/lib/python3.12/site-packages/airflow/example_dags/tutorial_dag.py
[2026-02-26T05:27:38.494+0000] {logging_mixin.py:190} INFO - [2026-02-26T05:27:38.494+0000] {dag.py:3239} INFO - Sync 1 DAGs
[2026-02-26T05:27:38.501+0000] {logging_mixin.py:190} INFO - [2026-02-26T05:27:38.501+0000] {dag.py:4180} INFO - Setting next_dagrun for tutorial_dag to None, run_after=None
[2026-02-26T05:27:38.517+0000] {processor.py:208} INFO - Processing /home/ubuntu/airflow-venv/lib/python3.12/site-packages/airflow/example_dags/tutorial_dag.py took 0.043 seconds
[2026-02-26T05:28:29.081+0000] {processor.py:186} INFO - Started process (PID=2876) to work on /home/ubuntu/airflow-venv/lib/python3.12/site-packages/airflow/example_dags/tutorial_dag.py
[2026-02-26T05:28:29.082+0000] {processor.py:914} INFO - Processing file /home/ubuntu/airflow-venv/lib/python3.12/site-packages/airflow/example_dags/tutorial_dag.py for tasks to queue
[2026-02-26T05:28:29.083+0000] {logging_mixin.py:190} INFO - [2026-02-26T05:28:29.083+0000] {dagbag.py:588} INFO - Filling up the DagBag from /home/ubuntu/airflow-venv/lib/python3.12/site-packages/airflow/example_dags/tutorial_dag.py
[2026-02-26T05:28:29.088+0000] {processor.py:925} INFO - DAG(s) 'tutorial_dag' retrieved from /home/ubuntu/airflow-venv/lib/python3.12/site-packages/airflow/example_dags/tutorial_dag.py
[2026-02-26T05:28:29.164+0000] {logging_mixin.py:190} INFO - [2026-02-26T05:28:29.164+0000] {dag.py:3239} INFO - Sync 1 DAGs
[2026-02-26T05:28:29.170+0000] {logging_mixin.py:190} INFO - [2026-02-26T05:28:29.170+0000] {dag.py:4180} INFO - Setting next_dagrun for tutorial_dag to None, run_after=None
[2026-02-26T05:28:29.185+0000] {processor.py:208} INFO - Processing /home/ubuntu/airflow-venv/lib/python3.12/site-packages/airflow/example_dags/tutorial_dag.py took 0.107 seconds
[2026-02-26T05:29:21.755+0000] {processor.py:186} INFO - Started process (PID=2930) to work on /home/ubuntu/airflow-venv/lib/python3.12/site-packages/airflow/example_dags/tutorial_dag.py
[2026-02-26T05:29:21.756+0000] {processor.py:914} INFO - Processing file /home/ubuntu/airflow-venv/lib/python3.12/site-packages/airflow/example_dags/tutorial_dag.py for tasks to queue
[2026-02-26T05:29:21.757+0000] {logging_mixin.py:190} INFO - [2026-02-26T05:29:21.757+0000] {dagbag.py:588} INFO - Filling up the DagBag from /home/ubuntu/airflow-venv/lib/python3.12/site-packages/airflow/example_dags/tutorial_dag.py
[2026-02-26T05:29:21.762+0000] {processor.py:925} INFO - DAG(s) 'tutorial_dag' retrieved from /home/ubuntu/airflow-venv/lib/python3.12/site-packages/airflow/example_dags/tutorial_dag.py
[2026-02-26T05:29:21.771+0000] {logging_mixin.py:190} INFO - [2026-02-26T05:29:21.771+0000] {dag.py:3239} INFO - Sync 1 DAGs
[2026-02-26T05:29:21.779+0000] {logging_mixin.py:190} INFO - [2026-02-26T05:29:21.779+0000] {dag.py:4180} INFO - Setting next_dagrun for tutorial_dag to None, run_after=None
[2026-02-26T05:29:21.795+0000] {processor.py:208} INFO - Processing /home/ubuntu/airflow-venv/lib/python3.12/site-packages/airflow/example_dags/tutorial_dag.py took 0.044 seconds
[2026-02-26T05:30:16.437+0000] {processor.py:186} INFO - Started process (PID=2991) to work on /home/ubuntu/airflow-venv/lib/python3.12/site-packages/airflow/example_dags/tutorial_dag.py
[2026-02-26T05:30:16.438+0000] {processor.py:914} INFO - Processing file /home/ubuntu/airflow-venv/lib/python3.12/site-packages/airflow/example_dags/tutorial_dag.py for tasks to queue
[2026-02-26T05:30:16.440+0000] {logging_mixin.py:190} INFO - [2026-02-26T05:30:16.439+0000] {dagbag.py:588} INFO - Filling up the DagBag from /home/ubuntu/airflow-venv/lib/python3.12/site-packages/airflow/example_dags/tutorial_dag.py
[2026-02-26T05:30:16.445+0000] {processor.py:925} INFO - DAG(s) 'tutorial_dag' retrieved from /home/ubuntu/airflow-venv/lib/python3.12/site-packages/airflow/example_dags/tutorial_dag.py
[2026-02-26T05:30:16.454+0000] {logging_mixin.py:190} INFO - [2026-02-26T05:30:16.454+0000] {dag.py:3239} INFO - Sync 1 DAGs
[2026-02-26T05:30:16.462+0000] {logging_mixin.py:190} INFO - [2026-02-26T05:30:16.461+0000] {dag.py:4180} INFO - Setting next_dagrun for tutorial_dag to None, run_after=None
[2026-02-26T05:30:16.478+0000] {processor.py:208} INFO - Processing /home/ubuntu/airflow-venv/lib/python3.12/site-packages/airflow/example_dags/tutorial_dag.py took 0.044 seconds
[2026-02-26T05:31:06.967+0000] {processor.py:186} INFO - Started process (PID=3042) to work on /home/ubuntu/airflow-venv/lib/python3.12/site-packages/airflow/example_dags/tutorial_dag.py
[2026-02-26T05:31:06.968+0000] {processor.py:914} INFO - Processing file /home/ubuntu/airflow-venv/lib/python3.12/site-packages/airflow/example_dags/tutorial_dag.py for tasks to queue
[2026-02-26T05:31:06.969+0000] {logging_mixin.py:190} INFO - [2026-02-26T05:31:06.969+0000] {dagbag.py:588} INFO - Filling up the DagBag from /home/ubuntu/airflow-venv/lib/python3.12/site-packages/airflow/example_dags/tutorial_dag.py
[2026-02-26T05:31:06.974+0000] {processor.py:925} INFO - DAG(s) 'tutorial_dag' retrieved from /home/ubuntu/airflow-venv/lib/python3.12/site-packages/airflow/example_dags/tutorial_dag.py
[2026-02-26T05:31:06.983+0000] {logging_mixin.py:190} INFO - [2026-02-26T05:31:06.983+0000] {dag.py:3239} INFO - Sync 1 DAGs
[2026-02-26T05:31:06.990+0000] {logging_mixin.py:190} INFO - [2026-02-26T05:31:06.990+0000] {dag.py:4180} INFO - Setting next_dagrun for tutorial_dag to None, run_after=None
[2026-02-26T05:31:07.006+0000] {processor.py:208} INFO - Processing /home/ubuntu/airflow-venv/lib/python3.12/site-packages/airflow/example_dags/tutorial_dag.py took 0.043 seconds
[2026-02-26T05:31:57.563+0000] {processor.py:186} INFO - Started process (PID=3095) to work on /home/ubuntu/airflow-venv/lib/python3.12/site-packages/airflow/example_dags/tutorial_dag.py
[2026-02-26T05:31:57.564+0000] {processor.py:914} INFO - Processing file /home/ubuntu/airflow-venv/lib/python3.12/site-packages/airflow/example_dags/tutorial_dag.py for tasks to queue
[2026-02-26T05:31:57.565+0000] {logging_mixin.py:190} INFO - [2026-02-26T05:31:57.565+0000] {dagbag.py:588} INFO - Filling up the DagBag from /home/ubuntu/airflow-venv/lib/python3.12/site-packages/airflow/example_dags/tutorial_dag.py
[2026-02-26T05:31:57.570+0000] {processor.py:925} INFO - DAG(s) 'tutorial_dag' retrieved from /home/ubuntu/airflow-venv/lib/python3.12/site-packages/airflow/example_dags/tutorial_dag.py
[2026-02-26T05:31:57.579+0000] {logging_mixin.py:190} INFO - [2026-02-26T05:31:57.579+0000] {dag.py:3239} INFO - Sync 1 DAGs
[2026-02-26T05:31:57.586+0000] {logging_mixin.py:190} INFO - [2026-02-26T05:31:57.586+0000] {dag.py:4180} INFO - Setting next_dagrun for tutorial_dag to None, run_after=None
[2026-02-26T05:31:57.603+0000] {processor.py:208} INFO - Processing /home/ubuntu/airflow-venv/lib/python3.12/site-packages/airflow/example_dags/tutorial_dag.py took 0.044 seconds
[2026-02-26T05:32:48.189+0000] {processor.py:186} INFO - Started process (PID=3149) to work on /home/ubuntu/airflow-venv/lib/python3.12/site-packages/airflow/example_dags/tutorial_dag.py
[2026-02-26T05:32:48.190+0000] {processor.py:914} INFO - Processing file /home/ubuntu/airflow-venv/lib/python3.12/site-packages/airflow/example_dags/tutorial_dag.py for tasks to queue
[2026-02-26T05:32:48.191+0000] {logging_mixin.py:190} INFO - [2026-02-26T05:32:48.191+0000] {dagbag.py:588} INFO - Filling up the DagBag from /home/ubuntu/airflow-venv/lib/python3.12/site-packages/airflow/example_dags/tutorial_dag.py
[2026-02-26T05:32:48.197+0000] {processor.py:925} INFO - DAG(s) 'tutorial_dag' retrieved from /home/ubuntu/airflow-venv/lib/python3.12/site-packages/airflow/example_dags/tutorial_dag.py
[2026-02-26T05:32:48.206+0000] {logging_mixin.py:190} INFO - [2026-02-26T05:32:48.206+0000] {dag.py:3239} INFO - Sync 1 DAGs
[2026-02-26T05:32:48.214+0000] {logging_mixin.py:190} INFO - [2026-02-26T05:32:48.213+0000] {dag.py:4180} INFO - Setting next_dagrun for tutorial_dag to None, run_after=None
[2026-02-26T05:32:48.230+0000] {processor.py:208} INFO - Processing /home/ubuntu/airflow-venv/lib/python3.12/site-packages/airflow/example_dags/tutorial_dag.py took 0.045 seconds
[2026-02-26T05:33:37.247+0000] {processor.py:186} INFO - Started process (PID=3199) to work on /home/ubuntu/airflow-venv/lib/python3.12/site-packages/airflow/example_dags/tutorial_dag.py
[2026-02-26T05:33:37.249+0000] {processor.py:914} INFO - Processing file /home/ubuntu/airflow-venv/lib/python3.12/site-packages/airflow/example_dags/tutorial_dag.py for tasks to queue
[2026-02-26T05:33:37.250+0000] {logging_mixin.py:190} INFO - [2026-02-26T05:33:37.250+0000] {dagbag.py:588} INFO - Filling up the DagBag from /home/ubuntu/airflow-venv/lib/python3.12/site-packages/airflow/example_dags/tutorial_dag.py
[2026-02-26T05:33:37.255+0000] {processor.py:925} INFO - DAG(s) 'tutorial_dag' retrieved from /home/ubuntu/airflow-venv/lib/python3.12/site-packages/airflow/example_dags/tutorial_dag.py
[2026-02-26T05:33:37.264+0000] {logging_mixin.py:190} INFO - [2026-02-26T05:33:37.264+0000] {dag.py:3239} INFO - Sync 1 DAGs
[2026-02-26T05:33:37.272+0000] {logging_mixin.py:190} INFO - [2026-02-26T05:33:37.272+0000] {dag.py:4180} INFO - Setting next_dagrun for tutorial_dag to None, run_after=None
[2026-02-26T05:33:37.288+0000] {processor.py:208} INFO - Processing /home/ubuntu/airflow-venv/lib/python3.12/site-packages/airflow/example_dags/tutorial_dag.py took 0.044 seconds
[2026-02-26T05:34:26.882+0000] {processor.py:186} INFO - Started process (PID=3253) to work on /home/ubuntu/airflow-venv/lib/python3.12/site-packages/airflow/example_dags/tutorial_dag.py
[2026-02-26T05:34:26.883+0000] {processor.py:914} INFO - Processing file /home/ubuntu/airflow-venv/lib/python3.12/site-packages/airflow/example_dags/tutorial_dag.py for tasks to queue
[2026-02-26T05:34:26.884+0000] {logging_mixin.py:190} INFO - [2026-02-26T05:34:26.884+0000] {dagbag.py:588} INFO - Filling up the DagBag from /home/ubuntu/airflow-venv/lib/python3.12/site-packages/airflow/example_dags/tutorial_dag.py
[2026-02-26T05:34:26.889+0000] {processor.py:925} INFO - DAG(s) 'tutorial_dag' retrieved from /home/ubuntu/airflow-venv/lib/python3.12/site-packages/airflow/example_dags/tutorial_dag.py
[2026-02-26T05:34:26.898+0000] {logging_mixin.py:190} INFO - [2026-02-26T05:34:26.898+0000] {dag.py:3239} INFO - Sync 1 DAGs
[2026-02-26T05:34:26.906+0000] {logging_mixin.py:190} INFO - [2026-02-26T05:34:26.906+0000] {dag.py:4180} INFO - Setting next_dagrun for tutorial_dag to None, run_after=None
[2026-02-26T05:34:26.922+0000] {processor.py:208} INFO - Processing /home/ubuntu/airflow-venv/lib/python3.12/site-packages/airflow/example_dags/tutorial_dag.py took 0.044 seconds
[2026-02-26T05:35:16.001+0000] {processor.py:186} INFO - Started process (PID=3314) to work on /home/ubuntu/airflow-venv/lib/python3.12/site-packages/airflow/example_dags/tutorial_dag.py
[2026-02-26T05:35:16.002+0000] {processor.py:914} INFO - Processing file /home/ubuntu/airflow-venv/lib/python3.12/site-packages/airflow/example_dags/tutorial_dag.py for tasks to queue
[2026-02-26T05:35:16.003+0000] {logging_mixin.py:190} INFO - [2026-02-26T05:35:16.003+0000] {dagbag.py:588} INFO - Filling up the DagBag from /home/ubuntu/airflow-venv/lib/python3.12/site-packages/airflow/example_dags/tutorial_dag.py
[2026-02-26T05:35:16.008+0000] {processor.py:925} INFO - DAG(s) 'tutorial_dag' retrieved from /home/ubuntu/airflow-venv/lib/python3.12/site-packages/airflow/example_dags/tutorial_dag.py
[2026-02-26T05:35:16.017+0000] {logging_mixin.py:190} INFO - [2026-02-26T05:35:16.017+0000] {dag.py:3239} INFO - Sync 1 DAGs
[2026-02-26T05:35:16.024+0000] {logging_mixin.py:190} INFO - [2026-02-26T05:35:16.024+0000] {dag.py:4180} INFO - Setting next_dagrun for tutorial_dag to None, run_after=None
[2026-02-26T05:35:16.041+0000] {processor.py:208} INFO - Processing /home/ubuntu/airflow-venv/lib/python3.12/site-packages/airflow/example_dags/tutorial_dag.py took 0.043 seconds
[2026-02-26T05:36:10.555+0000] {processor.py:186} INFO - Started process (PID=3372) to work on /home/ubuntu/airflow-venv/lib/python3.12/site-packages/airflow/example_dags/tutorial_dag.py
[2026-02-26T05:36:10.556+0000] {processor.py:914} INFO - Processing file /home/ubuntu/airflow-venv/lib/python3.12/site-packages/airflow/example_dags/tutorial_dag.py for tasks to queue
[2026-02-26T05:36:10.558+0000] {logging_mixin.py:190} INFO - [2026-02-26T05:36:10.557+0000] {dagbag.py:588} INFO - Filling up the DagBag from /home/ubuntu/airflow-venv/lib/python3.12/site-packages/airflow/example_dags/tutorial_dag.py
[2026-02-26T05:36:10.563+0000] {processor.py:925} INFO - DAG(s) 'tutorial_dag' retrieved from /home/ubuntu/airflow-venv/lib/python3.12/site-packages/airflow/example_dags/tutorial_dag.py
[2026-02-26T05:36:10.572+0000] {logging_mixin.py:190} INFO - [2026-02-26T05:36:10.571+0000] {dag.py:3239} INFO - Sync 1 DAGs
[2026-02-26T05:36:10.579+0000] {logging_mixin.py:190} INFO - [2026-02-26T05:36:10.579+0000] {dag.py:4180} INFO - Setting next_dagrun for tutorial_dag to None, run_after=None
[2026-02-26T05:36:10.595+0000] {processor.py:208} INFO - Processing /home/ubuntu/airflow-venv/lib/python3.12/site-packages/airflow/example_dags/tutorial_dag.py took 0.043 seconds
[2026-02-26T05:37:01.202+0000] {processor.py:186} INFO - Started process (PID=3426) to work on /home/ubuntu/airflow-venv/lib/python3.12/site-packages/airflow/example_dags/tutorial_dag.py
[2026-02-26T05:37:01.203+0000] {processor.py:914} INFO - Processing file /home/ubuntu/airflow-venv/lib/python3.12/site-packages/airflow/example_dags/tutorial_dag.py for tasks to queue
[2026-02-26T05:37:01.205+0000] {logging_mixin.py:190} INFO - [2026-02-26T05:37:01.204+0000] {dagbag.py:588} INFO - Filling up the DagBag from /home/ubuntu/airflow-venv/lib/python3.12/site-packages/airflow/example_dags/tutorial_dag.py
[2026-02-26T05:37:01.210+0000] {processor.py:925} INFO - DAG(s) 'tutorial_dag' retrieved from /home/ubuntu/airflow-venv/lib/python3.12/site-packages/airflow/example_dags/tutorial_dag.py
[2026-02-26T05:37:01.219+0000] {logging_mixin.py:190} INFO - [2026-02-26T05:37:01.219+0000] {dag.py:3239} INFO - Sync 1 DAGs
[2026-02-26T05:37:01.226+0000] {logging_mixin.py:190} INFO - [2026-02-26T05:37:01.226+0000] {dag.py:4180} INFO - Setting next_dagrun for tutorial_dag to None, run_after=None
[2026-02-26T05:37:01.242+0000] {processor.py:208} INFO - Processing /home/ubuntu/airflow-venv/lib/python3.12/site-packages/airflow/example_dags/tutorial_dag.py took 0.043 seconds
[2026-02-26T05:37:48.839+0000] {processor.py:186} INFO - Started process (PID=3476) to work on /home/ubuntu/airflow-venv/lib/python3.12/site-packages/airflow/example_dags/tutorial_dag.py
[2026-02-26T05:37:48.840+0000] {processor.py:914} INFO - Processing file /home/ubuntu/airflow-venv/lib/python3.12/site-packages/airflow/example_dags/tutorial_dag.py for tasks to queue
[2026-02-26T05:37:48.842+0000] {logging_mixin.py:190} INFO - [2026-02-26T05:37:48.841+0000] {dagbag.py:588} INFO - Filling up the DagBag from /home/ubuntu/airflow-venv/lib/python3.12/site-packages/airflow/example_dags/tutorial_dag.py
[2026-02-26T05:37:48.847+0000] {processor.py:925} INFO - DAG(s) 'tutorial_dag' retrieved from /home/ubuntu/airflow-venv/lib/python3.12/site-packages/airflow/example_dags/tutorial_dag.py
[2026-02-26T05:37:48.856+0000] {logging_mixin.py:190} INFO - [2026-02-26T05:37:48.856+0000] {dag.py:3239} INFO - Sync 1 DAGs
[2026-02-26T05:37:48.863+0000] {logging_mixin.py:190} INFO - [2026-02-26T05:37:48.863+0000] {dag.py:4180} INFO - Setting next_dagrun for tutorial_dag to None, run_after=None
[2026-02-26T05:37:48.880+0000] {processor.py:208} INFO - Processing /home/ubuntu/airflow-venv/lib/python3.12/site-packages/airflow/example_dags/tutorial_dag.py took 0.044 seconds
[2026-02-26T05:38:40.173+0000] {processor.py:186} INFO - Started process (PID=3530) to work on /home/ubuntu/airflow-venv/lib/python3.12/site-packages/airflow/example_dags/tutorial_dag.py
[2026-02-26T05:38:40.174+0000] {processor.py:914} INFO - Processing file /home/ubuntu/airflow-venv/lib/python3.12/site-packages/airflow/example_dags/tutorial_dag.py for tasks to queue
[2026-02-26T05:38:40.176+0000] {logging_mixin.py:190} INFO - [2026-02-26T05:38:40.175+0000] {dagbag.py:588} INFO - Filling up the DagBag from /home/ubuntu/airflow-venv/lib/python3.12/site-packages/airflow/example_dags/tutorial_dag.py
[2026-02-26T05:38:40.181+0000] {processor.py:925} INFO - DAG(s) 'tutorial_dag' retrieved from /home/ubuntu/airflow-venv/lib/python3.12/site-packages/airflow/example_dags/tutorial_dag.py
[2026-02-26T05:38:40.190+0000] {logging_mixin.py:190} INFO - [2026-02-26T05:38:40.190+0000] {dag.py:3239} INFO - Sync 1 DAGs
[2026-02-26T05:38:40.198+0000] {logging_mixin.py:190} INFO - [2026-02-26T05:38:40.198+0000] {dag.py:4180} INFO - Setting next_dagrun for tutorial_dag to None, run_after=None
[2026-02-26T05:38:40.214+0000] {processor.py:208} INFO - Processing /home/ubuntu/airflow-venv/lib/python3.12/site-packages/airflow/example_dags/tutorial_dag.py took 0.044 seconds
[2026-02-26T05:39:31.339+0000] {processor.py:186} INFO - Started process (PID=3582) to work on /home/ubuntu/airflow-venv/lib/python3.12/site-packages/airflow/example_dags/tutorial_dag.py
[2026-02-26T05:39:31.340+0000] {processor.py:914} INFO - Processing file /home/ubuntu/airflow-venv/lib/python3.12/site-packages/airflow/example_dags/tutorial_dag.py for tasks to queue
[2026-02-26T05:39:31.341+0000] {logging_mixin.py:190} INFO - [2026-02-26T05:39:31.341+0000] {dagbag.py:588} INFO - Filling up the DagBag from /home/ubuntu/airflow-venv/lib/python3.12/site-packages/airflow/example_dags/tutorial_dag.py
[2026-02-26T05:39:31.346+0000] {processor.py:925} INFO - DAG(s) 'tutorial_dag' retrieved from /home/ubuntu/airflow-venv/lib/python3.12/site-packages/airflow/example_dags/tutorial_dag.py
[2026-02-26T05:39:31.355+0000] {logging_mixin.py:190} INFO - [2026-02-26T05:39:31.354+0000] {dag.py:3239} INFO - Sync 1 DAGs
[2026-02-26T05:39:31.362+0000] {logging_mixin.py:190} INFO - [2026-02-26T05:39:31.361+0000] {dag.py:4180} INFO - Setting next_dagrun for tutorial_dag to None, run_after=None
[2026-02-26T05:39:31.378+0000] {processor.py:208} INFO - Processing /home/ubuntu/airflow-venv/lib/python3.12/site-packages/airflow/example_dags/tutorial_dag.py took 0.042 seconds
[2026-02-26T05:40:18.922+0000] {processor.py:186} INFO - Started process (PID=3638) to work on /home/ubuntu/airflow-venv/lib/python3.12/site-packages/airflow/example_dags/tutorial_dag.py
[2026-02-26T05:40:18.923+0000] {processor.py:914} INFO - Processing file /home/ubuntu/airflow-venv/lib/python3.12/site-packages/airflow/example_dags/tutorial_dag.py for tasks to queue
[2026-02-26T05:40:18.924+0000] {logging_mixin.py:190} INFO - [2026-02-26T05:40:18.924+0000] {dagbag.py:588} INFO - Filling up the DagBag from /home/ubuntu/airflow-venv/lib/python3.12/site-packages/airflow/example_dags/tutorial_dag.py
[2026-02-26T05:40:18.929+0000] {processor.py:925} INFO - DAG(s) 'tutorial_dag' retrieved from /home/ubuntu/airflow-venv/lib/python3.12/site-packages/airflow/example_dags/tutorial_dag.py
[2026-02-26T05:40:18.939+0000] {logging_mixin.py:190} INFO - [2026-02-26T05:40:18.939+0000] {dag.py:3239} INFO - Sync 1 DAGs
[2026-02-26T05:40:18.946+0000] {logging_mixin.py:190} INFO - [2026-02-26T05:40:18.946+0000] {dag.py:4180} INFO - Setting next_dagrun for tutorial_dag to None, run_after=None
[2026-02-26T05:40:18.963+0000] {processor.py:208} INFO - Processing /home/ubuntu/airflow-venv/lib/python3.12/site-packages/airflow/example_dags/tutorial_dag.py took 0.044 seconds
[2026-02-26T05:41:07.415+0000] {processor.py:186} INFO - Started process (PID=3690) to work on /home/ubuntu/airflow-venv/lib/python3.12/site-packages/airflow/example_dags/tutorial_dag.py
[2026-02-26T05:41:07.417+0000] {processor.py:914} INFO - Processing file /home/ubuntu/airflow-venv/lib/python3.12/site-packages/airflow/example_dags/tutorial_dag.py for tasks to queue
[2026-02-26T05:41:07.418+0000] {logging_mixin.py:190} INFO - [2026-02-26T05:41:07.418+0000] {dagbag.py:588} INFO - Filling up the DagBag from /home/ubuntu/airflow-venv/lib/python3.12/site-packages/airflow/example_dags/tutorial_dag.py
[2026-02-26T05:41:07.423+0000] {processor.py:925} INFO - DAG(s) 'tutorial_dag' retrieved from /home/ubuntu/airflow-venv/lib/python3.12/site-packages/airflow/example_dags/tutorial_dag.py
[2026-02-26T05:41:07.432+0000] {logging_mixin.py:190} INFO - [2026-02-26T05:41:07.432+0000] {dag.py:3239} INFO - Sync 1 DAGs
[2026-02-26T05:41:07.440+0000] {logging_mixin.py:190} INFO - [2026-02-26T05:41:07.439+0000] {dag.py:4180} INFO - Setting next_dagrun for tutorial_dag to None, run_after=None
[2026-02-26T05:41:07.456+0000] {processor.py:208} INFO - Processing /home/ubuntu/airflow-venv/lib/python3.12/site-packages/airflow/example_dags/tutorial_dag.py took 0.044 seconds
[2026-02-26T05:41:56.485+0000] {processor.py:186} INFO - Started process (PID=3742) to work on /home/ubuntu/airflow-venv/lib/python3.12/site-packages/airflow/example_dags/tutorial_dag.py
[2026-02-26T05:41:56.486+0000] {processor.py:914} INFO - Processing file /home/ubuntu/airflow-venv/lib/python3.12/site-packages/airflow/example_dags/tutorial_dag.py for tasks to queue
[2026-02-26T05:41:56.487+0000] {logging_mixin.py:190} INFO - [2026-02-26T05:41:56.487+0000] {dagbag.py:588} INFO - Filling up the DagBag from /home/ubuntu/airflow-venv/lib/python3.12/site-packages/airflow/example_dags/tutorial_dag.py
[2026-02-26T05:41:56.492+0000] {processor.py:925} INFO - DAG(s) 'tutorial_dag' retrieved from /home/ubuntu/airflow-venv/lib/python3.12/site-packages/airflow/example_dags/tutorial_dag.py
[2026-02-26T05:41:56.501+0000] {logging_mixin.py:190} INFO - [2026-02-26T05:41:56.501+0000] {dag.py:3239} INFO - Sync 1 DAGs
[2026-02-26T05:41:56.508+0000] {logging_mixin.py:190} INFO - [2026-02-26T05:41:56.508+0000] {dag.py:4180} INFO - Setting next_dagrun for tutorial_dag to None, run_after=None
[2026-02-26T05:41:56.525+0000] {processor.py:208} INFO - Processing /home/ubuntu/airflow-venv/lib/python3.12/site-packages/airflow/example_dags/tutorial_dag.py took 0.044 seconds
[2026-02-26T05:42:45.250+0000] {processor.py:186} INFO - Started process (PID=3793) to work on /home/ubuntu/airflow-venv/lib/python3.12/site-packages/airflow/example_dags/tutorial_dag.py
[2026-02-26T05:42:45.251+0000] {processor.py:914} INFO - Processing file /home/ubuntu/airflow-venv/lib/python3.12/site-packages/airflow/example_dags/tutorial_dag.py for tasks to queue
[2026-02-26T05:42:45.253+0000] {logging_mixin.py:190} INFO - [2026-02-26T05:42:45.252+0000] {dagbag.py:588} INFO - Filling up the DagBag from /home/ubuntu/airflow-venv/lib/python3.12/site-packages/airflow/example_dags/tutorial_dag.py
[2026-02-26T05:42:45.258+0000] {processor.py:925} INFO - DAG(s) 'tutorial_dag' retrieved from /home/ubuntu/airflow-venv/lib/python3.12/site-packages/airflow/example_dags/tutorial_dag.py
[2026-02-26T05:42:45.267+0000] {logging_mixin.py:190} INFO - [2026-02-26T05:42:45.267+0000] {dag.py:3239} INFO - Sync 1 DAGs
[2026-02-26T05:42:45.274+0000] {logging_mixin.py:190} INFO - [2026-02-26T05:42:45.274+0000] {dag.py:4180} INFO - Setting next_dagrun for tutorial_dag to None, run_after=None
[2026-02-26T05:42:45.291+0000] {processor.py:208} INFO - Processing /home/ubuntu/airflow-venv/lib/python3.12/site-packages/airflow/example_dags/tutorial_dag.py took 0.044 seconds
[2026-02-26T05:43:34.746+0000] {processor.py:186} INFO - Started process (PID=3844) to work on /home/ubuntu/airflow-venv/lib/python3.12/site-packages/airflow/example_dags/tutorial_dag.py
[2026-02-26T05:43:34.747+0000] {processor.py:914} INFO - Processing file /home/ubuntu/airflow-venv/lib/python3.12/site-packages/airflow/example_dags/tutorial_dag.py for tasks to queue
[2026-02-26T05:43:34.749+0000] {logging_mixin.py:190} INFO - [2026-02-26T05:43:34.748+0000] {dagbag.py:588} INFO - Filling up the DagBag from /home/ubuntu/airflow-venv/lib/python3.12/site-packages/airflow/example_dags/tutorial_dag.py
[2026-02-26T05:43:34.754+0000] {processor.py:925} INFO - DAG(s) 'tutorial_dag' retrieved from /home/ubuntu/airflow-venv/lib/python3.12/site-packages/airflow/example_dags/tutorial_dag.py
[2026-02-26T05:43:34.763+0000] {logging_mixin.py:190} INFO - [2026-02-26T05:43:34.763+0000] {dag.py:3239} INFO - Sync 1 DAGs
[2026-02-26T05:43:34.770+0000] {logging_mixin.py:190} INFO - [2026-02-26T05:43:34.770+0000] {dag.py:4180} INFO - Setting next_dagrun for tutorial_dag to None, run_after=None
[2026-02-26T05:43:34.786+0000] {processor.py:208} INFO - Processing /home/ubuntu/airflow-venv/lib/python3.12/site-packages/airflow/example_dags/tutorial_dag.py took 0.044 seconds
[2026-02-26T05:44:24.798+0000] {processor.py:186} INFO - Started process (PID=3897) to work on /home/ubuntu/airflow-venv/lib/python3.12/site-packages/airflow/example_dags/tutorial_dag.py
[2026-02-26T05:44:24.799+0000] {processor.py:914} INFO - Processing file /home/ubuntu/airflow-venv/lib/python3.12/site-packages/airflow/example_dags/tutorial_dag.py for tasks to queue
[2026-02-26T05:44:24.800+0000] {logging_mixin.py:190} INFO - [2026-02-26T05:44:24.800+0000] {dagbag.py:588} INFO - Filling up the DagBag from /home/ubuntu/airflow-venv/lib/python3.12/site-packages/airflow/example_dags/tutorial_dag.py
[2026-02-26T05:44:24.805+0000] {processor.py:925} INFO - DAG(s) 'tutorial_dag' retrieved from /home/ubuntu/airflow-venv/lib/python3.12/site-packages/airflow/example_dags/tutorial_dag.py
[2026-02-26T05:44:24.814+0000] {logging_mixin.py:190} INFO - [2026-02-26T05:44:24.814+0000] {dag.py:3239} INFO - Sync 1 DAGs
[2026-02-26T05:44:24.822+0000] {logging_mixin.py:190} INFO - [2026-02-26T05:44:24.821+0000] {dag.py:4180} INFO - Setting next_dagrun for tutorial_dag to None, run_after=None
[2026-02-26T05:44:24.837+0000] {processor.py:208} INFO - Processing /home/ubuntu/airflow-venv/lib/python3.12/site-packages/airflow/example_dags/tutorial_dag.py took 0.042 seconds
[2026-02-26T06:13:40.253+0000] {processor.py:186} INFO - Started process (PID=2692) to work on /home/ubuntu/airflow-venv/lib/python3.12/site-packages/airflow/example_dags/tutorial_dag.py
[2026-02-26T06:13:40.255+0000] {processor.py:914} INFO - Processing file /home/ubuntu/airflow-venv/lib/python3.12/site-packages/airflow/example_dags/tutorial_dag.py for tasks to queue
[2026-02-26T06:13:40.257+0000] {logging_mixin.py:190} INFO - [2026-02-26T06:13:40.257+0000] {dagbag.py:588} INFO - Filling up the DagBag from /home/ubuntu/airflow-venv/lib/python3.12/site-packages/airflow/example_dags/tutorial_dag.py
[2026-02-26T06:13:40.262+0000] {processor.py:925} INFO - DAG(s) 'tutorial_dag' retrieved from /home/ubuntu/airflow-venv/lib/python3.12/site-packages/airflow/example_dags/tutorial_dag.py
[2026-02-26T06:13:40.274+0000] {logging_mixin.py:190} INFO - [2026-02-26T06:13:40.274+0000] {dag.py:3239} INFO - Sync 1 DAGs
[2026-02-26T06:13:40.282+0000] {logging_mixin.py:190} INFO - [2026-02-26T06:13:40.281+0000] {dag.py:4180} INFO - Setting next_dagrun for tutorial_dag to None, run_after=None
[2026-02-26T06:13:40.299+0000] {processor.py:208} INFO - Processing /home/ubuntu/airflow-venv/lib/python3.12/site-packages/airflow/example_dags/tutorial_dag.py took 0.050 seconds
[2026-02-26T06:14:40.057+0000] {processor.py:186} INFO - Started process (PID=2756) to work on /home/ubuntu/airflow-venv/lib/python3.12/site-packages/airflow/example_dags/tutorial_dag.py
[2026-02-26T06:14:40.058+0000] {processor.py:914} INFO - Processing file /home/ubuntu/airflow-venv/lib/python3.12/site-packages/airflow/example_dags/tutorial_dag.py for tasks to queue
[2026-02-26T06:14:40.060+0000] {logging_mixin.py:190} INFO - [2026-02-26T06:14:40.059+0000] {dagbag.py:588} INFO - Filling up the DagBag from /home/ubuntu/airflow-venv/lib/python3.12/site-packages/airflow/example_dags/tutorial_dag.py
[2026-02-26T06:14:40.065+0000] {processor.py:925} INFO - DAG(s) 'tutorial_dag' retrieved from /home/ubuntu/airflow-venv/lib/python3.12/site-packages/airflow/example_dags/tutorial_dag.py
[2026-02-26T06:14:40.075+0000] {logging_mixin.py:190} INFO - [2026-02-26T06:14:40.075+0000] {dag.py:3239} INFO - Sync 1 DAGs
[2026-02-26T06:14:40.083+0000] {logging_mixin.py:190} INFO - [2026-02-26T06:14:40.083+0000] {dag.py:4180} INFO - Setting next_dagrun for tutorial_dag to None, run_after=None
[2026-02-26T06:14:40.100+0000] {processor.py:208} INFO - Processing /home/ubuntu/airflow-venv/lib/python3.12/site-packages/airflow/example_dags/tutorial_dag.py took 0.046 seconds
[2026-02-26T06:15:38.110+0000] {processor.py:186} INFO - Started process (PID=2823) to work on /home/ubuntu/airflow-venv/lib/python3.12/site-packages/airflow/example_dags/tutorial_dag.py
[2026-02-26T06:15:38.112+0000] {processor.py:914} INFO - Processing file /home/ubuntu/airflow-venv/lib/python3.12/site-packages/airflow/example_dags/tutorial_dag.py for tasks to queue
[2026-02-26T06:15:38.113+0000] {logging_mixin.py:190} INFO - [2026-02-26T06:15:38.113+0000] {dagbag.py:588} INFO - Filling up the DagBag from /home/ubuntu/airflow-venv/lib/python3.12/site-packages/airflow/example_dags/tutorial_dag.py
[2026-02-26T06:15:38.118+0000] {processor.py:925} INFO - DAG(s) 'tutorial_dag' retrieved from /home/ubuntu/airflow-venv/lib/python3.12/site-packages/airflow/example_dags/tutorial_dag.py
[2026-02-26T06:15:38.128+0000] {logging_mixin.py:190} INFO - [2026-02-26T06:15:38.128+0000] {dag.py:3239} INFO - Sync 1 DAGs
[2026-02-26T06:15:38.136+0000] {logging_mixin.py:190} INFO - [2026-02-26T06:15:38.135+0000] {dag.py:4180} INFO - Setting next_dagrun for tutorial_dag to None, run_after=None
[2026-02-26T06:15:38.153+0000] {processor.py:208} INFO - Processing /home/ubuntu/airflow-venv/lib/python3.12/site-packages/airflow/example_dags/tutorial_dag.py took 0.046 seconds
[2026-02-26T06:16:30.424+0000] {processor.py:186} INFO - Started process (PID=2879) to work on /home/ubuntu/airflow-venv/lib/python3.12/site-packages/airflow/example_dags/tutorial_dag.py
[2026-02-26T06:16:30.425+0000] {processor.py:914} INFO - Processing file /home/ubuntu/airflow-venv/lib/python3.12/site-packages/airflow/example_dags/tutorial_dag.py for tasks to queue
[2026-02-26T06:16:30.426+0000] {logging_mixin.py:190} INFO - [2026-02-26T06:16:30.426+0000] {dagbag.py:588} INFO - Filling up the DagBag from /home/ubuntu/airflow-venv/lib/python3.12/site-packages/airflow/example_dags/tutorial_dag.py
[2026-02-26T06:16:30.431+0000] {processor.py:925} INFO - DAG(s) 'tutorial_dag' retrieved from /home/ubuntu/airflow-venv/lib/python3.12/site-packages/airflow/example_dags/tutorial_dag.py
[2026-02-26T06:16:30.441+0000] {logging_mixin.py:190} INFO - [2026-02-26T06:16:30.441+0000] {dag.py:3239} INFO - Sync 1 DAGs
[2026-02-26T06:16:30.449+0000] {logging_mixin.py:190} INFO - [2026-02-26T06:16:30.449+0000] {dag.py:4180} INFO - Setting next_dagrun for tutorial_dag to None, run_after=None
[2026-02-26T06:16:30.465+0000] {processor.py:208} INFO - Processing /home/ubuntu/airflow-venv/lib/python3.12/site-packages/airflow/example_dags/tutorial_dag.py took 0.045 seconds
[2026-02-26T06:17:21.077+0000] {processor.py:186} INFO - Started process (PID=2934) to work on /home/ubuntu/airflow-venv/lib/python3.12/site-packages/airflow/example_dags/tutorial_dag.py
[2026-02-26T06:17:21.078+0000] {processor.py:914} INFO - Processing file /home/ubuntu/airflow-venv/lib/python3.12/site-packages/airflow/example_dags/tutorial_dag.py for tasks to queue
[2026-02-26T06:17:21.079+0000] {logging_mixin.py:190} INFO - [2026-02-26T06:17:21.079+0000] {dagbag.py:588} INFO - Filling up the DagBag from /home/ubuntu/airflow-venv/lib/python3.12/site-packages/airflow/example_dags/tutorial_dag.py
[2026-02-26T06:17:21.084+0000] {processor.py:925} INFO - DAG(s) 'tutorial_dag' retrieved from /home/ubuntu/airflow-venv/lib/python3.12/site-packages/airflow/example_dags/tutorial_dag.py
[2026-02-26T06:17:21.094+0000] {logging_mixin.py:190} INFO - [2026-02-26T06:17:21.094+0000] {dag.py:3239} INFO - Sync 1 DAGs
[2026-02-26T06:17:21.101+0000] {logging_mixin.py:190} INFO - [2026-02-26T06:17:21.101+0000] {dag.py:4180} INFO - Setting next_dagrun for tutorial_dag to None, run_after=None
[2026-02-26T06:17:21.117+0000] {processor.py:208} INFO - Processing /home/ubuntu/airflow-venv/lib/python3.12/site-packages/airflow/example_dags/tutorial_dag.py took 0.044 seconds
[2026-02-26T06:18:09.839+0000] {processor.py:186} INFO - Started process (PID=2986) to work on /home/ubuntu/airflow-venv/lib/python3.12/site-packages/airflow/example_dags/tutorial_dag.py
[2026-02-26T06:18:09.841+0000] {processor.py:914} INFO - Processing file /home/ubuntu/airflow-venv/lib/python3.12/site-packages/airflow/example_dags/tutorial_dag.py for tasks to queue
[2026-02-26T06:18:09.842+0000] {logging_mixin.py:190} INFO - [2026-02-26T06:18:09.842+0000] {dagbag.py:588} INFO - Filling up the DagBag from /home/ubuntu/airflow-venv/lib/python3.12/site-packages/airflow/example_dags/tutorial_dag.py
[2026-02-26T06:18:09.847+0000] {processor.py:925} INFO - DAG(s) 'tutorial_dag' retrieved from /home/ubuntu/airflow-venv/lib/python3.12/site-packages/airflow/example_dags/tutorial_dag.py
[2026-02-26T06:18:09.857+0000] {logging_mixin.py:190} INFO - [2026-02-26T06:18:09.857+0000] {dag.py:3239} INFO - Sync 1 DAGs
[2026-02-26T06:18:09.865+0000] {logging_mixin.py:190} INFO - [2026-02-26T06:18:09.865+0000] {dag.py:4180} INFO - Setting next_dagrun for tutorial_dag to None, run_after=None
[2026-02-26T06:18:09.882+0000] {processor.py:208} INFO - Processing /home/ubuntu/airflow-venv/lib/python3.12/site-packages/airflow/example_dags/tutorial_dag.py took 0.047 seconds
[2026-02-26T06:19:05.447+0000] {processor.py:186} INFO - Started process (PID=3040) to work on /home/ubuntu/airflow-venv/lib/python3.12/site-packages/airflow/example_dags/tutorial_dag.py
[2026-02-26T06:19:05.448+0000] {processor.py:914} INFO - Processing file /home/ubuntu/airflow-venv/lib/python3.12/site-packages/airflow/example_dags/tutorial_dag.py for tasks to queue
[2026-02-26T06:19:05.450+0000] {logging_mixin.py:190} INFO - [2026-02-26T06:19:05.449+0000] {dagbag.py:588} INFO - Filling up the DagBag from /home/ubuntu/airflow-venv/lib/python3.12/site-packages/airflow/example_dags/tutorial_dag.py
[2026-02-26T06:19:05.455+0000] {processor.py:925} INFO - DAG(s) 'tutorial_dag' retrieved from /home/ubuntu/airflow-venv/lib/python3.12/site-packages/airflow/example_dags/tutorial_dag.py
[2026-02-26T06:19:05.465+0000] {logging_mixin.py:190} INFO - [2026-02-26T06:19:05.465+0000] {dag.py:3239} INFO - Sync 1 DAGs
[2026-02-26T06:19:05.554+0000] {logging_mixin.py:190} INFO - [2026-02-26T06:19:05.554+0000] {dag.py:4180} INFO - Setting next_dagrun for tutorial_dag to None, run_after=None
[2026-02-26T06:19:05.570+0000] {processor.py:208} INFO - Processing /home/ubuntu/airflow-venv/lib/python3.12/site-packages/airflow/example_dags/tutorial_dag.py took 0.127 seconds
[2026-02-26T06:20:02.508+0000] {processor.py:186} INFO - Started process (PID=3097) to work on /home/ubuntu/airflow-venv/lib/python3.12/site-packages/airflow/example_dags/tutorial_dag.py
[2026-02-26T06:20:02.509+0000] {processor.py:914} INFO - Processing file /home/ubuntu/airflow-venv/lib/python3.12/site-packages/airflow/example_dags/tutorial_dag.py for tasks to queue
[2026-02-26T06:20:02.511+0000] {logging_mixin.py:190} INFO - [2026-02-26T06:20:02.511+0000] {dagbag.py:588} INFO - Filling up the DagBag from /home/ubuntu/airflow-venv/lib/python3.12/site-packages/airflow/example_dags/tutorial_dag.py
[2026-02-26T06:20:02.516+0000] {processor.py:925} INFO - DAG(s) 'tutorial_dag' retrieved from /home/ubuntu/airflow-venv/lib/python3.12/site-packages/airflow/example_dags/tutorial_dag.py
[2026-02-26T06:20:02.526+0000] {logging_mixin.py:190} INFO - [2026-02-26T06:20:02.525+0000] {dag.py:3239} INFO - Sync 1 DAGs
[2026-02-26T06:20:02.534+0000] {logging_mixin.py:190} INFO - [2026-02-26T06:20:02.534+0000] {dag.py:4180} INFO - Setting next_dagrun for tutorial_dag to None, run_after=None
[2026-02-26T06:20:02.551+0000] {processor.py:208} INFO - Processing /home/ubuntu/airflow-venv/lib/python3.12/site-packages/airflow/example_dags/tutorial_dag.py took 0.046 seconds
[2026-02-26T06:20:53.239+0000] {processor.py:186} INFO - Started process (PID=3154) to work on /home/ubuntu/airflow-venv/lib/python3.12/site-packages/airflow/example_dags/tutorial_dag.py
[2026-02-26T06:20:53.241+0000] {processor.py:914} INFO - Processing file /home/ubuntu/airflow-venv/lib/python3.12/site-packages/airflow/example_dags/tutorial_dag.py for tasks to queue
[2026-02-26T06:20:53.242+0000] {logging_mixin.py:190} INFO - [2026-02-26T06:20:53.242+0000] {dagbag.py:588} INFO - Filling up the DagBag from /home/ubuntu/airflow-venv/lib/python3.12/site-packages/airflow/example_dags/tutorial_dag.py
[2026-02-26T06:20:53.247+0000] {processor.py:925} INFO - DAG(s) 'tutorial_dag' retrieved from /home/ubuntu/airflow-venv/lib/python3.12/site-packages/airflow/example_dags/tutorial_dag.py
[2026-02-26T06:20:53.257+0000] {logging_mixin.py:190} INFO - [2026-02-26T06:20:53.257+0000] {dag.py:3239} INFO - Sync 1 DAGs
[2026-02-26T06:20:53.265+0000] {logging_mixin.py:190} INFO - [2026-02-26T06:20:53.265+0000] {dag.py:4180} INFO - Setting next_dagrun for tutorial_dag to None, run_after=None
[2026-02-26T06:20:53.283+0000] {processor.py:208} INFO - Processing /home/ubuntu/airflow-venv/lib/python3.12/site-packages/airflow/example_dags/tutorial_dag.py took 0.047 seconds
[2026-02-26T06:21:39.493+0000] {processor.py:186} INFO - Started process (PID=3204) to work on /home/ubuntu/airflow-venv/lib/python3.12/site-packages/airflow/example_dags/tutorial_dag.py
[2026-02-26T06:21:39.494+0000] {processor.py:914} INFO - Processing file /home/ubuntu/airflow-venv/lib/python3.12/site-packages/airflow/example_dags/tutorial_dag.py for tasks to queue
[2026-02-26T06:21:39.496+0000] {logging_mixin.py:190} INFO - [2026-02-26T06:21:39.495+0000] {dagbag.py:588} INFO - Filling up the DagBag from /home/ubuntu/airflow-venv/lib/python3.12/site-packages/airflow/example_dags/tutorial_dag.py
[2026-02-26T06:21:39.501+0000] {processor.py:925} INFO - DAG(s) 'tutorial_dag' retrieved from /home/ubuntu/airflow-venv/lib/python3.12/site-packages/airflow/example_dags/tutorial_dag.py
[2026-02-26T06:21:39.512+0000] {logging_mixin.py:190} INFO - [2026-02-26T06:21:39.511+0000] {dag.py:3239} INFO - Sync 1 DAGs
[2026-02-26T06:21:39.520+0000] {logging_mixin.py:190} INFO - [2026-02-26T06:21:39.520+0000] {dag.py:4180} INFO - Setting next_dagrun for tutorial_dag to None, run_after=None
[2026-02-26T06:21:39.538+0000] {processor.py:208} INFO - Processing /home/ubuntu/airflow-venv/lib/python3.12/site-packages/airflow/example_dags/tutorial_dag.py took 0.048 seconds
[2026-02-26T06:22:27.456+0000] {processor.py:186} INFO - Started process (PID=3255) to work on /home/ubuntu/airflow-venv/lib/python3.12/site-packages/airflow/example_dags/tutorial_dag.py
[2026-02-26T06:22:27.458+0000] {processor.py:914} INFO - Processing file /home/ubuntu/airflow-venv/lib/python3.12/site-packages/airflow/example_dags/tutorial_dag.py for tasks to queue
[2026-02-26T06:22:27.459+0000] {logging_mixin.py:190} INFO - [2026-02-26T06:22:27.459+0000] {dagbag.py:588} INFO - Filling up the DagBag from /home/ubuntu/airflow-venv/lib/python3.12/site-packages/airflow/example_dags/tutorial_dag.py
[2026-02-26T06:22:27.464+0000] {processor.py:925} INFO - DAG(s) 'tutorial_dag' retrieved from /home/ubuntu/airflow-venv/lib/python3.12/site-packages/airflow/example_dags/tutorial_dag.py
[2026-02-26T06:22:27.474+0000] {logging_mixin.py:190} INFO - [2026-02-26T06:22:27.474+0000] {dag.py:3239} INFO - Sync 1 DAGs
[2026-02-26T06:22:27.483+0000] {logging_mixin.py:190} INFO - [2026-02-26T06:22:27.483+0000] {dag.py:4180} INFO - Setting next_dagrun for tutorial_dag to None, run_after=None
[2026-02-26T06:22:27.499+0000] {processor.py:208} INFO - Processing /home/ubuntu/airflow-venv/lib/python3.12/site-packages/airflow/example_dags/tutorial_dag.py took 0.047 seconds
[2026-02-26T06:23:19.693+0000] {processor.py:186} INFO - Started process (PID=3309) to work on /home/ubuntu/airflow-venv/lib/python3.12/site-packages/airflow/example_dags/tutorial_dag.py
[2026-02-26T06:23:19.694+0000] {processor.py:914} INFO - Processing file /home/ubuntu/airflow-venv/lib/python3.12/site-packages/airflow/example_dags/tutorial_dag.py for tasks to queue
[2026-02-26T06:23:19.696+0000] {logging_mixin.py:190} INFO - [2026-02-26T06:23:19.695+0000] {dagbag.py:588} INFO - Filling up the DagBag from /home/ubuntu/airflow-venv/lib/python3.12/site-packages/airflow/example_dags/tutorial_dag.py
[2026-02-26T06:23:19.701+0000] {processor.py:925} INFO - DAG(s) 'tutorial_dag' retrieved from /home/ubuntu/airflow-venv/lib/python3.12/site-packages/airflow/example_dags/tutorial_dag.py
[2026-02-26T06:23:19.711+0000] {logging_mixin.py:190} INFO - [2026-02-26T06:23:19.711+0000] {dag.py:3239} INFO - Sync 1 DAGs
[2026-02-26T06:23:19.719+0000] {logging_mixin.py:190} INFO - [2026-02-26T06:23:19.719+0000] {dag.py:4180} INFO - Setting next_dagrun for tutorial_dag to None, run_after=None
[2026-02-26T06:23:19.737+0000] {processor.py:208} INFO - Processing /home/ubuntu/airflow-venv/lib/python3.12/site-packages/airflow/example_dags/tutorial_dag.py took 0.048 seconds
[2026-02-26T06:24:13.258+0000] {processor.py:186} INFO - Started process (PID=3363) to work on /home/ubuntu/airflow-venv/lib/python3.12/site-packages/airflow/example_dags/tutorial_dag.py
[2026-02-26T06:24:13.259+0000] {processor.py:914} INFO - Processing file /home/ubuntu/airflow-venv/lib/python3.12/site-packages/airflow/example_dags/tutorial_dag.py for tasks to queue
[2026-02-26T06:24:13.261+0000] {logging_mixin.py:190} INFO - [2026-02-26T06:24:13.260+0000] {dagbag.py:588} INFO - Filling up the DagBag from /home/ubuntu/airflow-venv/lib/python3.12/site-packages/airflow/example_dags/tutorial_dag.py
[2026-02-26T06:24:13.266+0000] {processor.py:925} INFO - DAG(s) 'tutorial_dag' retrieved from /home/ubuntu/airflow-venv/lib/python3.12/site-packages/airflow/example_dags/tutorial_dag.py
[2026-02-26T06:24:13.276+0000] {logging_mixin.py:190} INFO - [2026-02-26T06:24:13.276+0000] {dag.py:3239} INFO - Sync 1 DAGs
[2026-02-26T06:24:13.284+0000] {logging_mixin.py:190} INFO - [2026-02-26T06:24:13.284+0000] {dag.py:4180} INFO - Setting next_dagrun for tutorial_dag to None, run_after=None
[2026-02-26T06:24:13.301+0000] {processor.py:208} INFO - Processing /home/ubuntu/airflow-venv/lib/python3.12/site-packages/airflow/example_dags/tutorial_dag.py took 0.047 seconds
